[2021-03-17 04:54:42]log.py(110): SELECT CAST('test plain returns' AS VARCHAR(60)) AS anon_1
[2021-03-17 04:54:42]log.py(110): ()
[2021-03-17 04:54:42]log.py(110): SELECT CAST('test unicode returns' AS VARCHAR(60)) AS anon_1
[2021-03-17 04:54:42]log.py(110): ()
[2021-03-17 04:54:42]log.py(110): BEGIN (implicit)
[2021-03-17 04:54:42]log.py(110): SELECT "stockCode"."codeNum" AS "stockCode_codeNum" 
FROM "stockCode" 
WHERE "stockCode"."tiCode_17" = ?
[2021-03-17 04:54:42]log.py(110): (4,)
[2021-03-17 04:54:42]log.py(110): ROLLBACK
[2021-03-17 04:54:42]main.py(15): start_Process->https://kabuoji3.com/stock/3001/
[2021-03-17 04:54:42]main.py(15): start_Process->https://kabuoji3.com/stock/3002/
[2021-03-17 04:54:51]cl_getDriver.py(64): getURL=https://kabuoji3.com/stock/3002/
[2021-03-17 04:54:52]cl_getDriver.py(64): getURL=https://kabuoji3.com/stock/3001/
[2021-03-17 04:54:52]cl_getDriver.py(72): Open NewTab->https://kabuoji3.com/stock/3002/
[2021-03-17 04:54:52]cl_getDriver.py(72): Open NewTab->https://kabuoji3.com/stock/3001/
[2021-03-17 04:54:53]cl_getDriver.py(130): Not Found->//*[@id="base_box"]/div/div[3]/form/button
[2021-03-17 04:54:53]cl_getDriver.py(130): Not Found->//*[@id="base_box"]/div/div[3]/form/button
[2021-03-17 04:54:55]cl_getDriver.py(130): Not Found->//*[@id="base_box"]/div/div[3]/form/button
[2021-03-17 04:54:55]cl_getDriver.py(72): Open NewTab->https://kabuoji3.com/stock/3002/2021/
[2021-03-17 04:54:55]cl_getDriver.py(130): Not Found->//*[@id="base_box"]/div/div[3]/form/button
[2021-03-17 04:54:56]cl_getDriver.py(72): Open NewTab->https://kabuoji3.com/stock/3001/2021/
[2021-03-17 04:54:56]cl_getDriver.py(127): click_Success->//*[@id="base_box"]/div/div[3]/form/button
[2021-03-17 04:54:57]cl_getDriver.py(127): click_Success->//*[@id="base_box"]/div/div[3]/form/button
[2021-03-17 04:54:59]cl_getDriver.py(127): click_Success->//*[@id="base_box"]/div/div[3]/form/button
[2021-03-17 04:54:59]cl_getDriver.py(72): Open NewTab->https://kabuoji3.com/stock/3002/2020/
[2021-03-17 04:54:59]cl_getDriver.py(127): click_Success->//*[@id="base_box"]/div/div[3]/form/button
[2021-03-17 04:55:00]cl_getDriver.py(72): Open NewTab->https://kabuoji3.com/stock/3001/2020/
[2021-03-17 04:55:01]cl_getDriver.py(127): click_Success->//*[@id="base_box"]/div/div[3]/form/button
[2021-03-17 04:55:02]cl_getDriver.py(127): click_Success->//*[@id="base_box"]/div/div[3]/form/button
[2021-03-17 04:55:03]cl_getDriver.py(127): click_Success->//*[@id="base_box"]/div/div[3]/form/button
[2021-03-17 04:55:04]cl_getDriver.py(72): Open NewTab->https://kabuoji3.com/stock/3002/2019/
[2021-03-17 04:55:04]cl_getDriver.py(127): click_Success->//*[@id="base_box"]/div/div[3]/form/button
[2021-03-17 04:55:04]cl_getDriver.py(72): Open NewTab->https://kabuoji3.com/stock/3001/2019/
[2021-03-17 04:55:05]cl_getDriver.py(127): click_Success->//*[@id="base_box"]/div/div[3]/form/button
[2021-03-17 04:55:06]cl_getDriver.py(127): click_Success->//*[@id="base_box"]/div/div[3]/form/button
[2021-03-17 04:55:07]cl_getDriver.py(127): click_Success->//*[@id="base_box"]/div/div[3]/form/button
[2021-03-17 04:55:08]cl_getDriver.py(72): Open NewTab->https://kabuoji3.com/stock/3002/2018/
[2021-03-17 04:55:08]cl_getDriver.py(127): click_Success->//*[@id="base_box"]/div/div[3]/form/button
[2021-03-17 04:55:08]cl_getDriver.py(72): Open NewTab->https://kabuoji3.com/stock/3001/2018/
[2021-03-17 04:55:09]cl_getDriver.py(127): click_Success->//*[@id="base_box"]/div/div[3]/form/button
[2021-03-17 04:55:09]cl_getDriver.py(127): click_Success->//*[@id="base_box"]/div/div[3]/form/button
[2021-03-17 04:55:12]cl_getDriver.py(127): click_Success->//*[@id="base_box"]/div/div[3]/form/button
[2021-03-17 04:55:12]cl_getDriver.py(127): click_Success->//*[@id="base_box"]/div/div[3]/form/button
[2021-03-17 04:55:12]cl_getDriver.py(72): Open NewTab->https://kabuoji3.com/stock/3002/2017/
[2021-03-17 04:55:12]cl_getDriver.py(72): Open NewTab->https://kabuoji3.com/stock/3001/2017/
[2021-03-17 04:55:13]cl_getDriver.py(127): click_Success->//*[@id="base_box"]/div/div[3]/form/button
[2021-03-17 04:55:13]cl_getDriver.py(127): click_Success->//*[@id="base_box"]/div/div[3]/form/button
[2021-03-17 04:55:16]cl_getDriver.py(127): click_Success->//*[@id="base_box"]/div/div[3]/form/button
[2021-03-17 04:55:16]cl_getDriver.py(127): click_Success->//*[@id="base_box"]/div/div[3]/form/button
[2021-03-17 04:55:16]cl_getDriver.py(72): Open NewTab->https://kabuoji3.com/stock/3002/2016/
[2021-03-17 04:55:16]cl_getDriver.py(72): Open NewTab->https://kabuoji3.com/stock/3001/2016/
[2021-03-17 04:55:18]cl_getDriver.py(127): click_Success->//*[@id="base_box"]/div/div[3]/form/button
[2021-03-17 04:55:18]cl_getDriver.py(127): click_Success->//*[@id="base_box"]/div/div[3]/form/button
[2021-03-17 04:55:20]cl_getDriver.py(127): click_Success->//*[@id="base_box"]/div/div[3]/form/button
[2021-03-17 04:55:20]cl_getDriver.py(127): click_Success->//*[@id="base_box"]/div/div[3]/form/button
[2021-03-17 04:55:21]cl_getDriver.py(72): Open NewTab->https://kabuoji3.com/stock/3002/2015/
[2021-03-17 04:55:21]cl_getDriver.py(72): Open NewTab->https://kabuoji3.com/stock/3001/2015/
[2021-03-17 04:55:22]cl_getDriver.py(127): click_Success->//*[@id="base_box"]/div/div[3]/form/button
[2021-03-17 04:55:22]cl_getDriver.py(127): click_Success->//*[@id="base_box"]/div/div[3]/form/button
[2021-03-17 04:55:24]cl_getDriver.py(127): click_Success->//*[@id="base_box"]/div/div[3]/form/button
[2021-03-17 04:55:24]cl_getDriver.py(127): click_Success->//*[@id="base_box"]/div/div[3]/form/button
[2021-03-17 04:55:25]cl_getDriver.py(72): Open NewTab->https://kabuoji3.com/stock/3002/2014/
[2021-03-17 04:55:25]cl_getDriver.py(72): Open NewTab->https://kabuoji3.com/stock/3001/2014/
[2021-03-17 04:55:27]cl_getDriver.py(127): click_Success->//*[@id="base_box"]/div/div[3]/form/button
[2021-03-17 04:55:27]cl_getDriver.py(127): click_Success->//*[@id="base_box"]/div/div[3]/form/button
[2021-03-17 04:55:29]cl_getDriver.py(127): click_Success->//*[@id="base_box"]/div/div[3]/form/button
[2021-03-17 04:55:29]cl_getDriver.py(127): click_Success->//*[@id="base_box"]/div/div[3]/form/button
[2021-03-17 04:55:30]cl_getDriver.py(72): Open NewTab->https://kabuoji3.com/stock/3002/2013/
[2021-03-17 04:55:30]cl_getDriver.py(72): Open NewTab->https://kabuoji3.com/stock/3001/2013/
[2021-03-17 04:55:32]cl_getDriver.py(127): click_Success->//*[@id="base_box"]/div/div[3]/form/button
[2021-03-17 04:55:33]cl_getDriver.py(127): click_Success->//*[@id="base_box"]/div/div[3]/form/button
[2021-03-17 04:55:35]cl_getDriver.py(127): click_Success->//*[@id="base_box"]/div/div[3]/form/button
[2021-03-17 04:55:35]cl_getDriver.py(127): click_Success->//*[@id="base_box"]/div/div[3]/form/button
[2021-03-17 04:55:35]cl_getDriver.py(72): Open NewTab->https://kabuoji3.com/stock/3001/2012/
[2021-03-17 04:55:35]cl_getDriver.py(72): Open NewTab->https://kabuoji3.com/stock/3002/2012/
[2021-03-17 04:55:37]cl_getDriver.py(127): click_Success->//*[@id="base_box"]/div/div[3]/form/button
[2021-03-17 04:55:37]cl_getDriver.py(127): click_Success->//*[@id="base_box"]/div/div[3]/form/button
[2021-03-17 04:55:39]cl_getDriver.py(127): click_Success->//*[@id="base_box"]/div/div[3]/form/button
[2021-03-17 04:55:40]cl_getDriver.py(72): Open NewTab->https://kabuoji3.com/stock/3002/2011/
[2021-03-17 04:55:40]cl_getDriver.py(127): click_Success->//*[@id="base_box"]/div/div[3]/form/button
[2021-03-17 04:55:40]cl_getDriver.py(72): Open NewTab->https://kabuoji3.com/stock/3001/2011/
[2021-03-17 04:55:41]cl_getDriver.py(127): click_Success->//*[@id="base_box"]/div/div[3]/form/button
[2021-03-17 04:55:41]cl_getDriver.py(127): click_Success->//*[@id="base_box"]/div/div[3]/form/button
[2021-03-17 04:55:43]cl_getDriver.py(127): click_Success->//*[@id="base_box"]/div/div[3]/form/button
[2021-03-17 04:55:44]cl_getDriver.py(127): click_Success->//*[@id="base_box"]/div/div[3]/form/button
[2021-03-17 04:55:44]cl_getDriver.py(72): Open NewTab->https://kabuoji3.com/stock/3002/2010/
[2021-03-17 04:55:44]cl_getDriver.py(72): Open NewTab->https://kabuoji3.com/stock/3001/2010/
[2021-03-17 04:55:45]cl_getDriver.py(127): click_Success->//*[@id="base_box"]/div/div[3]/form/button
[2021-03-17 04:55:46]cl_getDriver.py(127): click_Success->//*[@id="base_box"]/div/div[3]/form/button
[2021-03-17 04:55:48]cl_getDriver.py(127): click_Success->//*[@id="base_box"]/div/div[3]/form/button
[2021-03-17 04:55:48]cl_getDriver.py(72): Open NewTab->https://kabuoji3.com/stock/3002/2009/
[2021-03-17 04:55:48]cl_getDriver.py(127): click_Success->//*[@id="base_box"]/div/div[3]/form/button
[2021-03-17 04:55:49]cl_getDriver.py(72): Open NewTab->https://kabuoji3.com/stock/3001/2009/
[2021-03-17 04:55:49]cl_getDriver.py(127): click_Success->//*[@id="base_box"]/div/div[3]/form/button
[2021-03-17 04:55:50]cl_getDriver.py(127): click_Success->//*[@id="base_box"]/div/div[3]/form/button
[2021-03-17 04:55:52]cl_getDriver.py(127): click_Success->//*[@id="base_box"]/div/div[3]/form/button
[2021-03-17 04:55:52]cl_getDriver.py(127): click_Success->//*[@id="base_box"]/div/div[3]/form/button
[2021-03-17 04:55:52]cl_getDriver.py(72): Open NewTab->https://kabuoji3.com/stock/3002/2008/
[2021-03-17 04:55:53]cl_getDriver.py(72): Open NewTab->https://kabuoji3.com/stock/3001/2008/
[2021-03-17 04:55:54]cl_getDriver.py(127): click_Success->//*[@id="base_box"]/div/div[3]/form/button
[2021-03-17 04:55:54]cl_getDriver.py(127): click_Success->//*[@id="base_box"]/div/div[3]/form/button
[2021-03-17 04:55:56]cl_getDriver.py(127): click_Success->//*[@id="base_box"]/div/div[3]/form/button
[2021-03-17 04:55:56]cl_getDriver.py(127): click_Success->//*[@id="base_box"]/div/div[3]/form/button
[2021-03-17 04:55:56]cl_getDriver.py(72): Open NewTab->https://kabuoji3.com/stock/3002/2007/
[2021-03-17 04:55:57]cl_getDriver.py(72): Open NewTab->https://kabuoji3.com/stock/3001/2007/
[2021-03-17 04:55:58]cl_getDriver.py(127): click_Success->//*[@id="base_box"]/div/div[3]/form/button
[2021-03-17 04:55:58]cl_getDriver.py(127): click_Success->//*[@id="base_box"]/div/div[3]/form/button
[2021-03-17 04:56:00]cl_getDriver.py(127): click_Success->//*[@id="base_box"]/div/div[3]/form/button
[2021-03-17 04:56:00]cl_getDriver.py(127): click_Success->//*[@id="base_box"]/div/div[3]/form/button
[2021-03-17 04:56:01]cl_getDriver.py(72): Open NewTab->https://kabuoji3.com/stock/3002/2006/
[2021-03-17 04:56:01]cl_getDriver.py(72): Open NewTab->https://kabuoji3.com/stock/3001/2006/
[2021-03-17 04:56:02]cl_getDriver.py(127): click_Success->//*[@id="base_box"]/div/div[3]/form/button
[2021-03-17 04:56:02]cl_getDriver.py(127): click_Success->//*[@id="base_box"]/div/div[3]/form/button
[2021-03-17 04:56:05]cl_getDriver.py(127): click_Success->//*[@id="base_box"]/div/div[3]/form/button
[2021-03-17 04:56:05]cl_getDriver.py(127): click_Success->//*[@id="base_box"]/div/div[3]/form/button
[2021-03-17 04:56:05]cl_getDriver.py(72): Open NewTab->https://kabuoji3.com/stock/3002/2005/
[2021-03-17 04:56:05]cl_getDriver.py(72): Open NewTab->https://kabuoji3.com/stock/3001/2005/
[2021-03-17 04:56:07]cl_getDriver.py(127): click_Success->//*[@id="base_box"]/div/div[3]/form/button
[2021-03-17 04:56:07]cl_getDriver.py(127): click_Success->//*[@id="base_box"]/div/div[3]/form/button
[2021-03-17 04:56:09]cl_getDriver.py(127): click_Success->//*[@id="base_box"]/div/div[3]/form/button
[2021-03-17 04:56:09]cl_getDriver.py(127): click_Success->//*[@id="base_box"]/div/div[3]/form/button
[2021-03-17 04:56:10]cl_getDriver.py(72): Open NewTab->https://kabuoji3.com/stock/3002/2004/
[2021-03-17 04:56:10]cl_getDriver.py(72): Open NewTab->https://kabuoji3.com/stock/3001/2004/
[2021-03-17 04:56:11]cl_getDriver.py(127): click_Success->//*[@id="base_box"]/div/div[3]/form/button
[2021-03-17 04:56:11]cl_getDriver.py(127): click_Success->//*[@id="base_box"]/div/div[3]/form/button
[2021-03-17 04:56:13]cl_getDriver.py(127): click_Success->//*[@id="base_box"]/div/div[3]/form/button
[2021-03-17 04:56:14]cl_getDriver.py(127): click_Success->//*[@id="base_box"]/div/div[3]/form/button
[2021-03-17 04:56:14]cl_getDriver.py(72): Open NewTab->https://kabuoji3.com/stock/3002/2003/
[2021-03-17 04:56:14]cl_getDriver.py(72): Open NewTab->https://kabuoji3.com/stock/3001/2003/
[2021-03-17 04:56:15]cl_getDriver.py(127): click_Success->//*[@id="base_box"]/div/div[3]/form/button
[2021-03-17 04:56:15]cl_getDriver.py(127): click_Success->//*[@id="base_box"]/div/div[3]/form/button
[2021-03-17 04:56:18]cl_getDriver.py(127): click_Success->//*[@id="base_box"]/div/div[3]/form/button
[2021-03-17 04:56:18]cl_getDriver.py(127): click_Success->//*[@id="base_box"]/div/div[3]/form/button
[2021-03-17 04:56:18]cl_getDriver.py(72): Open NewTab->https://kabuoji3.com/stock/3002/2002/
[2021-03-17 04:56:18]cl_getDriver.py(72): Open NewTab->https://kabuoji3.com/stock/3001/2002/
[2021-03-17 04:56:20]cl_getDriver.py(127): click_Success->//*[@id="base_box"]/div/div[3]/form/button
[2021-03-17 04:56:20]cl_getDriver.py(127): click_Success->//*[@id="base_box"]/div/div[3]/form/button
[2021-03-17 04:56:22]cl_getDriver.py(127): click_Success->//*[@id="base_box"]/div/div[3]/form/button
[2021-03-17 04:56:22]cl_getDriver.py(127): click_Success->//*[@id="base_box"]/div/div[3]/form/button
[2021-03-17 04:56:22]cl_getDriver.py(72): Open NewTab->https://kabuoji3.com/stock/3002/2001/
[2021-03-17 04:56:23]cl_getDriver.py(72): Open NewTab->https://kabuoji3.com/stock/3001/2001/
[2021-03-17 04:56:23]cl_getDriver.py(127): click_Success->//*[@id="base_box"]/div/div[3]/form/button
[2021-03-17 04:56:25]cl_getDriver.py(127): click_Success->//*[@id="base_box"]/div/div[3]/form/button
[2021-03-17 04:56:26]cl_getDriver.py(127): click_Success->//*[@id="base_box"]/div/div[3]/form/button
[2021-03-17 04:56:26]cl_getDriver.py(72): Open NewTab->https://kabuoji3.com/stock/3002/2000/
[2021-03-17 04:56:27]cl_getDriver.py(127): click_Success->//*[@id="base_box"]/div/div[3]/form/button
[2021-03-17 04:56:27]cl_getDriver.py(72): Open NewTab->https://kabuoji3.com/stock/3001/2000/
[2021-03-17 04:56:27]cl_getDriver.py(127): click_Success->//*[@id="base_box"]/div/div[3]/form/button
[2021-03-17 04:56:29]cl_getDriver.py(127): click_Success->//*[@id="base_box"]/div/div[3]/form/button
[2021-03-17 04:56:30]cl_getDriver.py(127): click_Success->//*[@id="base_box"]/div/div[3]/form/button
[2021-03-17 04:56:30]cl_getDriver.py(72): Open NewTab->https://kabuoji3.com/stock/3002/1999/
[2021-03-17 04:56:31]cl_getDriver.py(127): click_Success->//*[@id="base_box"]/div/div[3]/form/button
[2021-03-17 04:56:31]cl_getDriver.py(72): Open NewTab->https://kabuoji3.com/stock/3001/1999/
[2021-03-17 04:56:31]cl_getDriver.py(127): click_Success->//*[@id="base_box"]/div/div[3]/form/button
[2021-03-17 04:56:32]cl_getDriver.py(127): click_Success->//*[@id="base_box"]/div/div[3]/form/button
[2021-03-17 04:56:34]cl_getDriver.py(127): click_Success->//*[@id="base_box"]/div/div[3]/form/button
[2021-03-17 04:56:34]cl_getDriver.py(72): Open NewTab->https://kabuoji3.com/stock/3002/1998/
[2021-03-17 04:56:35]cl_getDriver.py(127): click_Success->//*[@id="base_box"]/div/div[3]/form/button
[2021-03-17 04:56:35]cl_getDriver.py(72): Open NewTab->https://kabuoji3.com/stock/3001/1998/
[2021-03-17 04:56:35]cl_getDriver.py(127): click_Success->//*[@id="base_box"]/div/div[3]/form/button
[2021-03-17 04:56:36]cl_getDriver.py(127): click_Success->//*[@id="base_box"]/div/div[3]/form/button
[2021-03-17 04:56:38]cl_getDriver.py(127): click_Success->//*[@id="base_box"]/div/div[3]/form/button
[2021-03-17 04:56:38]cl_getDriver.py(72): Open NewTab->https://kabuoji3.com/stock/3002/1997/
[2021-03-17 04:56:38]cl_getDriver.py(127): click_Success->//*[@id="base_box"]/div/div[3]/form/button
[2021-03-17 04:56:39]cl_getDriver.py(72): Open NewTab->https://kabuoji3.com/stock/3001/1997/
[2021-03-17 04:56:39]cl_getDriver.py(127): click_Success->//*[@id="base_box"]/div/div[3]/form/button
[2021-03-17 04:56:40]cl_getDriver.py(127): click_Success->//*[@id="base_box"]/div/div[3]/form/button
[2021-03-17 04:56:42]cl_getDriver.py(127): click_Success->//*[@id="base_box"]/div/div[3]/form/button
[2021-03-17 04:56:42]cl_getDriver.py(72): Open NewTab->https://kabuoji3.com/stock/3002/1996/
[2021-03-17 04:56:42]cl_getDriver.py(127): click_Success->//*[@id="base_box"]/div/div[3]/form/button
[2021-03-17 04:56:43]cl_getDriver.py(72): Open NewTab->https://kabuoji3.com/stock/3001/1996/
[2021-03-17 04:56:43]cl_getDriver.py(127): click_Success->//*[@id="base_box"]/div/div[3]/form/button
[2021-03-17 04:56:44]cl_getDriver.py(127): click_Success->//*[@id="base_box"]/div/div[3]/form/button
[2021-03-17 04:56:46]cl_getDriver.py(127): click_Success->//*[@id="base_box"]/div/div[3]/form/button
[2021-03-17 04:56:46]cl_getDriver.py(127): click_Success->//*[@id="base_box"]/div/div[3]/form/button
[2021-03-17 04:56:46]cl_getDriver.py(72): Open NewTab->https://kabuoji3.com/stock/3002/1995/
[2021-03-17 04:56:47]cl_getDriver.py(72): Open NewTab->https://kabuoji3.com/stock/3001/1995/
[2021-03-17 04:56:48]cl_getDriver.py(127): click_Success->//*[@id="base_box"]/div/div[3]/form/button
[2021-03-17 04:56:48]cl_getDriver.py(127): click_Success->//*[@id="base_box"]/div/div[3]/form/button
[2021-03-17 04:56:50]cl_getDriver.py(127): click_Success->//*[@id="base_box"]/div/div[3]/form/button
[2021-03-17 04:56:50]cl_getDriver.py(127): click_Success->//*[@id="base_box"]/div/div[3]/form/button
[2021-03-17 04:56:51]cl_getDriver.py(72): Open NewTab->https://kabuoji3.com/stock/3002/1994/
[2021-03-17 04:56:51]cl_getDriver.py(72): Open NewTab->https://kabuoji3.com/stock/3001/1994/
[2021-03-17 04:56:52]cl_getDriver.py(127): click_Success->//*[@id="base_box"]/div/div[3]/form/button
[2021-03-17 04:56:52]cl_getDriver.py(127): click_Success->//*[@id="base_box"]/div/div[3]/form/button
[2021-03-17 04:56:55]cl_getDriver.py(127): click_Success->//*[@id="base_box"]/div/div[3]/form/button
[2021-03-17 04:56:55]cl_getDriver.py(127): click_Success->//*[@id="base_box"]/div/div[3]/form/button
[2021-03-17 04:56:55]cl_getDriver.py(72): Open NewTab->https://kabuoji3.com/stock/3002/1993/
[2021-03-17 04:56:55]cl_getDriver.py(72): Open NewTab->https://kabuoji3.com/stock/3001/1993/
[2021-03-17 04:56:57]cl_getDriver.py(127): click_Success->//*[@id="base_box"]/div/div[3]/form/button
[2021-03-17 04:56:57]cl_getDriver.py(127): click_Success->//*[@id="base_box"]/div/div[3]/form/button
[2021-03-17 04:56:59]cl_getDriver.py(127): click_Success->//*[@id="base_box"]/div/div[3]/form/button
[2021-03-17 04:56:59]cl_getDriver.py(127): click_Success->//*[@id="base_box"]/div/div[3]/form/button
[2021-03-17 04:57:00]cl_getDriver.py(72): Open NewTab->https://kabuoji3.com/stock/3001/1992/
[2021-03-17 04:57:00]cl_getDriver.py(72): Open NewTab->https://kabuoji3.com/stock/3002/1992/
[2021-03-17 04:57:01]cl_getDriver.py(127): click_Success->//*[@id="base_box"]/div/div[3]/form/button
[2021-03-17 04:57:01]cl_getDriver.py(127): click_Success->//*[@id="base_box"]/div/div[3]/form/button
[2021-03-17 04:57:03]cl_getDriver.py(127): click_Success->//*[@id="base_box"]/div/div[3]/form/button
[2021-03-17 04:57:03]cl_getDriver.py(127): click_Success->//*[@id="base_box"]/div/div[3]/form/button
[2021-03-17 04:57:04]cl_getDriver.py(72): Open NewTab->https://kabuoji3.com/stock/3002/1991/
[2021-03-17 04:57:04]cl_getDriver.py(72): Open NewTab->https://kabuoji3.com/stock/3001/1991/
[2021-03-17 04:57:05]cl_getDriver.py(127): click_Success->//*[@id="base_box"]/div/div[3]/form/button
[2021-03-17 04:57:05]cl_getDriver.py(127): click_Success->//*[@id="base_box"]/div/div[3]/form/button
[2021-03-17 04:57:08]cl_getDriver.py(127): click_Success->//*[@id="base_box"]/div/div[3]/form/button
[2021-03-17 04:57:08]cl_getDriver.py(127): click_Success->//*[@id="base_box"]/div/div[3]/form/button
[2021-03-17 04:57:08]cl_getDriver.py(72): Open NewTab->https://kabuoji3.com/stock/3001/1990/
[2021-03-17 04:57:08]cl_getDriver.py(72): Open NewTab->https://kabuoji3.com/stock/3002/1990/
[2021-03-17 04:57:10]cl_getDriver.py(127): click_Success->//*[@id="base_box"]/div/div[3]/form/button
[2021-03-17 04:57:10]cl_getDriver.py(127): click_Success->//*[@id="base_box"]/div/div[3]/form/button
[2021-03-17 04:57:12]cl_getDriver.py(127): click_Success->//*[@id="base_box"]/div/div[3]/form/button
[2021-03-17 04:57:12]cl_getDriver.py(127): click_Success->//*[@id="base_box"]/div/div[3]/form/button
[2021-03-17 04:57:13]cl_getDriver.py(72): Open NewTab->https://kabuoji3.com/stock/3002/1989/
[2021-03-17 04:57:13]cl_getDriver.py(72): Open NewTab->https://kabuoji3.com/stock/3001/1989/
[2021-03-17 04:57:14]cl_getDriver.py(127): click_Success->//*[@id="base_box"]/div/div[3]/form/button
[2021-03-17 04:57:14]cl_getDriver.py(127): click_Success->//*[@id="base_box"]/div/div[3]/form/button
[2021-03-17 04:57:16]cl_getDriver.py(127): click_Success->//*[@id="base_box"]/div/div[3]/form/button
[2021-03-17 04:57:16]cl_getDriver.py(127): click_Success->//*[@id="base_box"]/div/div[3]/form/button
[2021-03-17 04:57:17]cl_getDriver.py(72): Open NewTab->https://kabuoji3.com/stock/3002/1988/
[2021-03-17 04:57:17]cl_getDriver.py(72): Open NewTab->https://kabuoji3.com/stock/3001/1988/
[2021-03-17 04:57:18]cl_getDriver.py(127): click_Success->//*[@id="base_box"]/div/div[3]/form/button
[2021-03-17 04:57:18]cl_getDriver.py(127): click_Success->//*[@id="base_box"]/div/div[3]/form/button
[2021-03-17 04:57:21]cl_getDriver.py(127): click_Success->//*[@id="base_box"]/div/div[3]/form/button
[2021-03-17 04:57:21]cl_getDriver.py(127): click_Success->//*[@id="base_box"]/div/div[3]/form/button
[2021-03-17 04:57:21]cl_getDriver.py(72): Open NewTab->https://kabuoji3.com/stock/3002/1987/
[2021-03-17 04:57:22]cl_getDriver.py(72): Open NewTab->https://kabuoji3.com/stock/3001/1987/
[2021-03-17 04:57:23]cl_getDriver.py(127): click_Success->//*[@id="base_box"]/div/div[3]/form/button
[2021-03-17 04:57:23]cl_getDriver.py(127): click_Success->//*[@id="base_box"]/div/div[3]/form/button
[2021-03-17 04:57:25]cl_getDriver.py(127): click_Success->//*[@id="base_box"]/div/div[3]/form/button
[2021-03-17 04:57:25]cl_getDriver.py(127): click_Success->//*[@id="base_box"]/div/div[3]/form/button
[2021-03-17 04:57:26]cl_getDriver.py(72): Open NewTab->https://kabuoji3.com/stock/3002/1986/
[2021-03-17 04:57:26]cl_getDriver.py(72): Open NewTab->https://kabuoji3.com/stock/3001/1986/
[2021-03-17 04:57:27]cl_getDriver.py(127): click_Success->//*[@id="base_box"]/div/div[3]/form/button
[2021-03-17 04:57:27]cl_getDriver.py(127): click_Success->//*[@id="base_box"]/div/div[3]/form/button
[2021-03-17 04:57:30]cl_getDriver.py(127): click_Success->//*[@id="base_box"]/div/div[3]/form/button
[2021-03-17 04:57:30]cl_getDriver.py(127): click_Success->//*[@id="base_box"]/div/div[3]/form/button
[2021-03-17 04:57:30]cl_getDriver.py(72): Open NewTab->https://kabuoji3.com/stock/3001/1985/
[2021-03-17 04:57:30]cl_getDriver.py(72): Open NewTab->https://kabuoji3.com/stock/3002/1985/
[2021-03-17 04:57:31]cl_getDriver.py(127): click_Success->//*[@id="base_box"]/div/div[3]/form/button
[2021-03-17 04:57:32]cl_getDriver.py(127): click_Success->//*[@id="base_box"]/div/div[3]/form/button
[2021-03-17 04:57:34]cl_getDriver.py(127): click_Success->//*[@id="base_box"]/div/div[3]/form/button
[2021-03-17 04:57:34]cl_getDriver.py(127): click_Success->//*[@id="base_box"]/div/div[3]/form/button
[2021-03-17 04:57:34]cl_getDriver.py(72): Open NewTab->https://kabuoji3.com/stock/3001/1984/
[2021-03-17 04:57:34]cl_getDriver.py(72): Open NewTab->https://kabuoji3.com/stock/3002/1984/
[2021-03-17 04:57:35]cl_getDriver.py(127): click_Success->//*[@id="base_box"]/div/div[3]/form/button
[2021-03-17 04:57:36]cl_getDriver.py(127): click_Success->//*[@id="base_box"]/div/div[3]/form/button
[2021-03-17 04:57:38]cl_getDriver.py(127): click_Success->//*[@id="base_box"]/div/div[3]/form/button
[2021-03-17 04:57:38]cl_getDriver.py(127): click_Success->//*[@id="base_box"]/div/div[3]/form/button
[2021-03-17 04:57:38]cl_getDriver.py(72): Open NewTab->https://kabuoji3.com/stock/3001/1983/
[2021-03-17 04:57:39]cl_getDriver.py(72): Open NewTab->https://kabuoji3.com/stock/3002/1983/
[2021-03-17 04:57:39]cl_getDriver.py(127): click_Success->//*[@id="base_box"]/div/div[3]/form/button
[2021-03-17 04:57:40]cl_getDriver.py(127): click_Success->//*[@id="base_box"]/div/div[3]/form/button
[2021-03-17 04:57:42]cl_getDriver.py(127): click_Success->//*[@id="base_box"]/div/div[3]/form/button
[2021-03-17 04:57:42]cl_getDriver.py(127): click_Success->//*[@id="base_box"]/div/div[3]/form/button
[2021-03-17 04:57:46]main.py(42): finished Process->https://kabuoji3.com/stock/3001/
[2021-03-17 04:57:46]main.py(15): start_Process->https://kabuoji3.com/stock/3101/
[2021-03-17 04:57:46]main.py(42): finished Process->https://kabuoji3.com/stock/3002/
[2021-03-17 04:57:46]main.py(15): start_Process->https://kabuoji3.com/stock/3103/
[2021-03-17 04:57:54]cl_getDriver.py(64): getURL=https://kabuoji3.com/stock/3103/
[2021-03-17 04:57:54]cl_getDriver.py(64): getURL=https://kabuoji3.com/stock/3101/
[2021-03-17 04:57:55]cl_getDriver.py(72): Open NewTab->https://kabuoji3.com/stock/3103/
[2021-03-17 04:57:55]cl_getDriver.py(72): Open NewTab->https://kabuoji3.com/stock/3101/
[2021-03-17 04:57:56]cl_getDriver.py(130): Not Found->//*[@id="base_box"]/div/div[3]/form/button
[2021-03-17 04:57:56]cl_getDriver.py(130): Not Found->//*[@id="base_box"]/div/div[3]/form/button
[2021-03-17 04:57:58]cl_getDriver.py(130): Not Found->//*[@id="base_box"]/div/div[3]/form/button
[2021-03-17 04:57:58]cl_getDriver.py(130): Not Found->//*[@id="base_box"]/div/div[3]/form/button
[2021-03-17 04:57:58]cl_getDriver.py(72): Open NewTab->https://kabuoji3.com/stock/3103/2021/
[2021-03-17 04:57:58]cl_getDriver.py(72): Open NewTab->https://kabuoji3.com/stock/3101/2021/
[2021-03-17 04:57:59]cl_getDriver.py(127): click_Success->//*[@id="base_box"]/div/div[3]/form/button
[2021-03-17 04:57:59]cl_getDriver.py(127): click_Success->//*[@id="base_box"]/div/div[3]/form/button
[2021-03-17 04:58:02]cl_getDriver.py(127): click_Success->//*[@id="base_box"]/div/div[3]/form/button
[2021-03-17 04:58:02]cl_getDriver.py(127): click_Success->//*[@id="base_box"]/div/div[3]/form/button
[2021-03-17 04:58:02]cl_getDriver.py(72): Open NewTab->https://kabuoji3.com/stock/3101/2020/
[2021-03-17 04:58:02]cl_getDriver.py(72): Open NewTab->https://kabuoji3.com/stock/3103/2020/
[2021-03-17 04:58:04]cl_getDriver.py(127): click_Success->//*[@id="base_box"]/div/div[3]/form/button
[2021-03-17 04:58:04]cl_getDriver.py(127): click_Success->//*[@id="base_box"]/div/div[3]/form/button
[2021-03-17 04:58:06]cl_getDriver.py(127): click_Success->//*[@id="base_box"]/div/div[3]/form/button
[2021-03-17 04:58:06]cl_getDriver.py(127): click_Success->//*[@id="base_box"]/div/div[3]/form/button
[2021-03-17 04:58:07]cl_getDriver.py(72): Open NewTab->https://kabuoji3.com/stock/3101/2019/
[2021-03-17 04:58:07]cl_getDriver.py(72): Open NewTab->https://kabuoji3.com/stock/3103/2019/
[2021-03-17 04:58:08]cl_getDriver.py(127): click_Success->//*[@id="base_box"]/div/div[3]/form/button
[2021-03-17 04:58:08]cl_getDriver.py(127): click_Success->//*[@id="base_box"]/div/div[3]/form/button
[2021-03-17 04:58:11]cl_getDriver.py(127): click_Success->//*[@id="base_box"]/div/div[3]/form/button
[2021-03-17 04:58:11]cl_getDriver.py(127): click_Success->//*[@id="base_box"]/div/div[3]/form/button
[2021-03-17 04:58:11]cl_getDriver.py(72): Open NewTab->https://kabuoji3.com/stock/3101/2018/
[2021-03-17 04:58:11]cl_getDriver.py(72): Open NewTab->https://kabuoji3.com/stock/3103/2018/
[2021-03-17 04:58:12]cl_getDriver.py(127): click_Success->//*[@id="base_box"]/div/div[3]/form/button
[2021-03-17 04:58:13]cl_getDriver.py(127): click_Success->//*[@id="base_box"]/div/div[3]/form/button
[2021-03-17 04:58:15]cl_getDriver.py(127): click_Success->//*[@id="base_box"]/div/div[3]/form/button
[2021-03-17 04:58:15]cl_getDriver.py(127): click_Success->//*[@id="base_box"]/div/div[3]/form/button
[2021-03-17 04:58:15]cl_getDriver.py(72): Open NewTab->https://kabuoji3.com/stock/3103/2017/
[2021-03-17 04:58:15]cl_getDriver.py(72): Open NewTab->https://kabuoji3.com/stock/3101/2017/
[2021-03-17 04:58:17]cl_getDriver.py(127): click_Success->//*[@id="base_box"]/div/div[3]/form/button
[2021-03-17 04:58:17]cl_getDriver.py(127): click_Success->//*[@id="base_box"]/div/div[3]/form/button
[2021-03-17 04:58:19]cl_getDriver.py(127): click_Success->//*[@id="base_box"]/div/div[3]/form/button
[2021-03-17 04:58:19]cl_getDriver.py(127): click_Success->//*[@id="base_box"]/div/div[3]/form/button
[2021-03-17 04:58:20]cl_getDriver.py(72): Open NewTab->https://kabuoji3.com/stock/3101/2016/
[2021-03-17 04:58:20]cl_getDriver.py(72): Open NewTab->https://kabuoji3.com/stock/3103/2016/
[2021-03-17 04:58:21]cl_getDriver.py(127): click_Success->//*[@id="base_box"]/div/div[3]/form/button
[2021-03-17 04:58:21]cl_getDriver.py(127): click_Success->//*[@id="base_box"]/div/div[3]/form/button
[2021-03-17 04:58:23]cl_getDriver.py(127): click_Success->//*[@id="base_box"]/div/div[3]/form/button
[2021-03-17 04:58:24]cl_getDriver.py(127): click_Success->//*[@id="base_box"]/div/div[3]/form/button
[2021-03-17 04:58:24]cl_getDriver.py(72): Open NewTab->https://kabuoji3.com/stock/3103/2015/
[2021-03-17 04:58:24]cl_getDriver.py(72): Open NewTab->https://kabuoji3.com/stock/3101/2015/
[2021-03-17 04:58:25]cl_getDriver.py(127): click_Success->//*[@id="base_box"]/div/div[3]/form/button
[2021-03-17 04:58:25]cl_getDriver.py(127): click_Success->//*[@id="base_box"]/div/div[3]/form/button
[2021-03-17 04:58:28]cl_getDriver.py(127): click_Success->//*[@id="base_box"]/div/div[3]/form/button
[2021-03-17 04:58:28]cl_getDriver.py(127): click_Success->//*[@id="base_box"]/div/div[3]/form/button
[2021-03-17 04:58:28]cl_getDriver.py(72): Open NewTab->https://kabuoji3.com/stock/3103/2014/
[2021-03-17 04:58:28]cl_getDriver.py(72): Open NewTab->https://kabuoji3.com/stock/3101/2014/
[2021-03-17 04:58:30]cl_getDriver.py(127): click_Success->//*[@id="base_box"]/div/div[3]/form/button
[2021-03-17 04:58:30]cl_getDriver.py(127): click_Success->//*[@id="base_box"]/div/div[3]/form/button
[2021-03-17 04:58:32]cl_getDriver.py(127): click_Success->//*[@id="base_box"]/div/div[3]/form/button
[2021-03-17 04:58:32]cl_getDriver.py(127): click_Success->//*[@id="base_box"]/div/div[3]/form/button
[2021-03-17 04:58:33]cl_getDriver.py(72): Open NewTab->https://kabuoji3.com/stock/3101/2013/
[2021-03-17 04:58:33]cl_getDriver.py(72): Open NewTab->https://kabuoji3.com/stock/3103/2013/
[2021-03-17 04:58:34]cl_getDriver.py(127): click_Success->//*[@id="base_box"]/div/div[3]/form/button
[2021-03-17 04:58:34]cl_getDriver.py(127): click_Success->//*[@id="base_box"]/div/div[3]/form/button
[2021-03-17 04:58:36]cl_getDriver.py(127): click_Success->//*[@id="base_box"]/div/div[3]/form/button
[2021-03-17 04:58:37]cl_getDriver.py(127): click_Success->//*[@id="base_box"]/div/div[3]/form/button
[2021-03-17 04:58:37]cl_getDriver.py(72): Open NewTab->https://kabuoji3.com/stock/3103/2012/
[2021-03-17 04:58:37]cl_getDriver.py(72): Open NewTab->https://kabuoji3.com/stock/3101/2012/
[2021-03-17 04:58:38]cl_getDriver.py(127): click_Success->//*[@id="base_box"]/div/div[3]/form/button
[2021-03-17 04:58:39]cl_getDriver.py(127): click_Success->//*[@id="base_box"]/div/div[3]/form/button
[2021-03-17 04:58:41]cl_getDriver.py(127): click_Success->//*[@id="base_box"]/div/div[3]/form/button
[2021-03-17 04:58:41]cl_getDriver.py(127): click_Success->//*[@id="base_box"]/div/div[3]/form/button
[2021-03-17 04:58:42]cl_getDriver.py(72): Open NewTab->https://kabuoji3.com/stock/3103/2011/
[2021-03-17 04:58:42]cl_getDriver.py(72): Open NewTab->https://kabuoji3.com/stock/3101/2011/
[2021-03-17 04:58:43]cl_getDriver.py(127): click_Success->//*[@id="base_box"]/div/div[3]/form/button
[2021-03-17 04:58:43]cl_getDriver.py(127): click_Success->//*[@id="base_box"]/div/div[3]/form/button
[2021-03-17 04:58:45]cl_getDriver.py(127): click_Success->//*[@id="base_box"]/div/div[3]/form/button
[2021-03-17 04:58:45]cl_getDriver.py(127): click_Success->//*[@id="base_box"]/div/div[3]/form/button
[2021-03-17 04:58:46]cl_getDriver.py(72): Open NewTab->https://kabuoji3.com/stock/3103/2010/
[2021-03-17 04:58:46]cl_getDriver.py(72): Open NewTab->https://kabuoji3.com/stock/3101/2010/
[2021-03-17 04:58:47]cl_getDriver.py(127): click_Success->//*[@id="base_box"]/div/div[3]/form/button
[2021-03-17 04:58:47]cl_getDriver.py(127): click_Success->//*[@id="base_box"]/div/div[3]/form/button
[2021-03-17 04:58:49]cl_getDriver.py(127): click_Success->//*[@id="base_box"]/div/div[3]/form/button
[2021-03-17 04:58:49]cl_getDriver.py(127): click_Success->//*[@id="base_box"]/div/div[3]/form/button
[2021-03-17 04:58:50]cl_getDriver.py(72): Open NewTab->https://kabuoji3.com/stock/3103/2009/
[2021-03-17 04:58:50]cl_getDriver.py(72): Open NewTab->https://kabuoji3.com/stock/3101/2009/
[2021-03-17 04:58:51]cl_getDriver.py(127): click_Success->//*[@id="base_box"]/div/div[3]/form/button
[2021-03-17 04:58:51]cl_getDriver.py(127): click_Success->//*[@id="base_box"]/div/div[3]/form/button
[2021-03-17 04:58:53]cl_getDriver.py(127): click_Success->//*[@id="base_box"]/div/div[3]/form/button
[2021-03-17 04:58:53]cl_getDriver.py(127): click_Success->//*[@id="base_box"]/div/div[3]/form/button
[2021-03-17 04:58:54]cl_getDriver.py(72): Open NewTab->https://kabuoji3.com/stock/3103/2008/
[2021-03-17 04:58:54]cl_getDriver.py(72): Open NewTab->https://kabuoji3.com/stock/3101/2008/
[2021-03-17 04:58:55]cl_getDriver.py(127): click_Success->//*[@id="base_box"]/div/div[3]/form/button
[2021-03-17 04:58:55]cl_getDriver.py(127): click_Success->//*[@id="base_box"]/div/div[3]/form/button
[2021-03-17 04:58:58]cl_getDriver.py(127): click_Success->//*[@id="base_box"]/div/div[3]/form/button
[2021-03-17 04:58:58]cl_getDriver.py(127): click_Success->//*[@id="base_box"]/div/div[3]/form/button
[2021-03-17 04:58:58]cl_getDriver.py(72): Open NewTab->https://kabuoji3.com/stock/3103/2007/
[2021-03-17 04:58:58]cl_getDriver.py(72): Open NewTab->https://kabuoji3.com/stock/3101/2007/
[2021-03-17 04:58:59]cl_getDriver.py(127): click_Success->//*[@id="base_box"]/div/div[3]/form/button
[2021-03-17 04:58:59]cl_getDriver.py(127): click_Success->//*[@id="base_box"]/div/div[3]/form/button
[2021-03-17 04:59:02]cl_getDriver.py(127): click_Success->//*[@id="base_box"]/div/div[3]/form/button
[2021-03-17 04:59:02]cl_getDriver.py(127): click_Success->//*[@id="base_box"]/div/div[3]/form/button
[2021-03-17 04:59:02]cl_getDriver.py(72): Open NewTab->https://kabuoji3.com/stock/3103/2006/
[2021-03-17 04:59:02]cl_getDriver.py(72): Open NewTab->https://kabuoji3.com/stock/3101/2006/
[2021-03-17 04:59:04]cl_getDriver.py(127): click_Success->//*[@id="base_box"]/div/div[3]/form/button
[2021-03-17 04:59:04]cl_getDriver.py(127): click_Success->//*[@id="base_box"]/div/div[3]/form/button
[2021-03-17 04:59:06]cl_getDriver.py(127): click_Success->//*[@id="base_box"]/div/div[3]/form/button
[2021-03-17 04:59:06]cl_getDriver.py(127): click_Success->//*[@id="base_box"]/div/div[3]/form/button
[2021-03-17 04:59:07]cl_getDriver.py(72): Open NewTab->https://kabuoji3.com/stock/3103/2005/
[2021-03-17 04:59:07]cl_getDriver.py(72): Open NewTab->https://kabuoji3.com/stock/3101/2005/
[2021-03-17 04:59:08]cl_getDriver.py(127): click_Success->//*[@id="base_box"]/div/div[3]/form/button
[2021-03-17 04:59:08]cl_getDriver.py(127): click_Success->//*[@id="base_box"]/div/div[3]/form/button
[2021-03-17 04:59:10]cl_getDriver.py(127): click_Success->//*[@id="base_box"]/div/div[3]/form/button
[2021-03-17 04:59:10]cl_getDriver.py(127): click_Success->//*[@id="base_box"]/div/div[3]/form/button
[2021-03-17 04:59:11]cl_getDriver.py(72): Open NewTab->https://kabuoji3.com/stock/3101/2004/
[2021-03-17 04:59:11]cl_getDriver.py(72): Open NewTab->https://kabuoji3.com/stock/3103/2004/
[2021-03-17 04:59:12]cl_getDriver.py(127): click_Success->//*[@id="base_box"]/div/div[3]/form/button
[2021-03-17 04:59:12]cl_getDriver.py(127): click_Success->//*[@id="base_box"]/div/div[3]/form/button
[2021-03-17 04:59:15]cl_getDriver.py(127): click_Success->//*[@id="base_box"]/div/div[3]/form/button
[2021-03-17 04:59:15]cl_getDriver.py(127): click_Success->//*[@id="base_box"]/div/div[3]/form/button
[2021-03-17 04:59:15]cl_getDriver.py(72): Open NewTab->https://kabuoji3.com/stock/3103/2003/
[2021-03-17 04:59:15]cl_getDriver.py(72): Open NewTab->https://kabuoji3.com/stock/3101/2003/
[2021-03-17 04:59:16]cl_getDriver.py(127): click_Success->//*[@id="base_box"]/div/div[3]/form/button
[2021-03-17 04:59:16]cl_getDriver.py(127): click_Success->//*[@id="base_box"]/div/div[3]/form/button
[2021-03-17 04:59:19]cl_getDriver.py(127): click_Success->//*[@id="base_box"]/div/div[3]/form/button
[2021-03-17 04:59:19]cl_getDriver.py(127): click_Success->//*[@id="base_box"]/div/div[3]/form/button
[2021-03-17 04:59:19]cl_getDriver.py(72): Open NewTab->https://kabuoji3.com/stock/3103/2002/
[2021-03-17 04:59:19]cl_getDriver.py(72): Open NewTab->https://kabuoji3.com/stock/3101/2002/
[2021-03-17 04:59:21]cl_getDriver.py(127): click_Success->//*[@id="base_box"]/div/div[3]/form/button
[2021-03-17 04:59:21]cl_getDriver.py(127): click_Success->//*[@id="base_box"]/div/div[3]/form/button
[2021-03-17 04:59:23]cl_getDriver.py(127): click_Success->//*[@id="base_box"]/div/div[3]/form/button
[2021-03-17 04:59:23]cl_getDriver.py(127): click_Success->//*[@id="base_box"]/div/div[3]/form/button
[2021-03-17 04:59:24]cl_getDriver.py(72): Open NewTab->https://kabuoji3.com/stock/3103/2001/
[2021-03-17 04:59:24]cl_getDriver.py(72): Open NewTab->https://kabuoji3.com/stock/3101/2001/
[2021-03-17 04:59:25]cl_getDriver.py(127): click_Success->//*[@id="base_box"]/div/div[3]/form/button
[2021-03-17 04:59:25]cl_getDriver.py(127): click_Success->//*[@id="base_box"]/div/div[3]/form/button
[2021-03-17 04:59:27]cl_getDriver.py(127): click_Success->//*[@id="base_box"]/div/div[3]/form/button
[2021-03-17 04:59:27]cl_getDriver.py(127): click_Success->//*[@id="base_box"]/div/div[3]/form/button
[2021-03-17 04:59:28]cl_getDriver.py(72): Open NewTab->https://kabuoji3.com/stock/3101/2000/
[2021-03-17 04:59:28]cl_getDriver.py(72): Open NewTab->https://kabuoji3.com/stock/3103/2000/
[2021-03-17 04:59:29]cl_getDriver.py(127): click_Success->//*[@id="base_box"]/div/div[3]/form/button
[2021-03-17 04:59:29]cl_getDriver.py(127): click_Success->//*[@id="base_box"]/div/div[3]/form/button
[2021-03-17 04:59:32]cl_getDriver.py(127): click_Success->//*[@id="base_box"]/div/div[3]/form/button
[2021-03-17 04:59:32]cl_getDriver.py(127): click_Success->//*[@id="base_box"]/div/div[3]/form/button
[2021-03-17 04:59:32]cl_getDriver.py(72): Open NewTab->https://kabuoji3.com/stock/3103/1999/
[2021-03-17 04:59:32]cl_getDriver.py(72): Open NewTab->https://kabuoji3.com/stock/3101/1999/
[2021-03-17 04:59:33]cl_getDriver.py(127): click_Success->//*[@id="base_box"]/div/div[3]/form/button
[2021-03-17 04:59:33]cl_getDriver.py(127): click_Success->//*[@id="base_box"]/div/div[3]/form/button
[2021-03-17 04:59:36]cl_getDriver.py(127): click_Success->//*[@id="base_box"]/div/div[3]/form/button
[2021-03-17 04:59:36]cl_getDriver.py(127): click_Success->//*[@id="base_box"]/div/div[3]/form/button
[2021-03-17 04:59:37]cl_getDriver.py(72): Open NewTab->https://kabuoji3.com/stock/3101/1998/
[2021-03-17 04:59:37]cl_getDriver.py(72): Open NewTab->https://kabuoji3.com/stock/3103/1998/
[2021-03-17 04:59:38]cl_getDriver.py(127): click_Success->//*[@id="base_box"]/div/div[3]/form/button
[2021-03-17 04:59:38]cl_getDriver.py(127): click_Success->//*[@id="base_box"]/div/div[3]/form/button
[2021-03-17 04:59:40]cl_getDriver.py(127): click_Success->//*[@id="base_box"]/div/div[3]/form/button
[2021-03-17 04:59:40]cl_getDriver.py(127): click_Success->//*[@id="base_box"]/div/div[3]/form/button
[2021-03-17 04:59:41]cl_getDriver.py(72): Open NewTab->https://kabuoji3.com/stock/3101/1997/
[2021-03-17 04:59:41]cl_getDriver.py(72): Open NewTab->https://kabuoji3.com/stock/3103/1997/
[2021-03-17 04:59:42]cl_getDriver.py(127): click_Success->//*[@id="base_box"]/div/div[3]/form/button
[2021-03-17 04:59:42]cl_getDriver.py(127): click_Success->//*[@id="base_box"]/div/div[3]/form/button
[2021-03-17 04:59:44]cl_getDriver.py(127): click_Success->//*[@id="base_box"]/div/div[3]/form/button
[2021-03-17 04:59:44]cl_getDriver.py(127): click_Success->//*[@id="base_box"]/div/div[3]/form/button
[2021-03-17 04:59:45]cl_getDriver.py(72): Open NewTab->https://kabuoji3.com/stock/3101/1996/
[2021-03-17 04:59:45]cl_getDriver.py(72): Open NewTab->https://kabuoji3.com/stock/3103/1996/
[2021-03-17 04:59:46]cl_getDriver.py(127): click_Success->//*[@id="base_box"]/div/div[3]/form/button
[2021-03-17 04:59:46]cl_getDriver.py(127): click_Success->//*[@id="base_box"]/div/div[3]/form/button
[2021-03-17 04:59:48]cl_getDriver.py(127): click_Success->//*[@id="base_box"]/div/div[3]/form/button
[2021-03-17 04:59:49]cl_getDriver.py(127): click_Success->//*[@id="base_box"]/div/div[3]/form/button
[2021-03-17 04:59:49]cl_getDriver.py(72): Open NewTab->https://kabuoji3.com/stock/3101/1995/
[2021-03-17 04:59:49]cl_getDriver.py(72): Open NewTab->https://kabuoji3.com/stock/3103/1995/
[2021-03-17 04:59:50]cl_getDriver.py(127): click_Success->//*[@id="base_box"]/div/div[3]/form/button
[2021-03-17 04:59:50]cl_getDriver.py(127): click_Success->//*[@id="base_box"]/div/div[3]/form/button
[2021-03-17 04:59:53]cl_getDriver.py(127): click_Success->//*[@id="base_box"]/div/div[3]/form/button
[2021-03-17 04:59:53]cl_getDriver.py(127): click_Success->//*[@id="base_box"]/div/div[3]/form/button
[2021-03-17 04:59:53]cl_getDriver.py(72): Open NewTab->https://kabuoji3.com/stock/3101/1994/
[2021-03-17 04:59:54]cl_getDriver.py(72): Open NewTab->https://kabuoji3.com/stock/3103/1994/
[2021-03-17 04:59:55]cl_getDriver.py(127): click_Success->//*[@id="base_box"]/div/div[3]/form/button
[2021-03-17 04:59:55]cl_getDriver.py(127): click_Success->//*[@id="base_box"]/div/div[3]/form/button
[2021-03-17 04:59:57]cl_getDriver.py(127): click_Success->//*[@id="base_box"]/div/div[3]/form/button
[2021-03-17 04:59:57]cl_getDriver.py(127): click_Success->//*[@id="base_box"]/div/div[3]/form/button
[2021-03-17 04:59:58]cl_getDriver.py(72): Open NewTab->https://kabuoji3.com/stock/3101/1993/
[2021-03-17 04:59:58]cl_getDriver.py(72): Open NewTab->https://kabuoji3.com/stock/3103/1993/
[2021-03-17 04:59:59]cl_getDriver.py(127): click_Success->//*[@id="base_box"]/div/div[3]/form/button
[2021-03-17 04:59:59]cl_getDriver.py(127): click_Success->//*[@id="base_box"]/div/div[3]/form/button
[2021-03-17 05:00:01]cl_getDriver.py(127): click_Success->//*[@id="base_box"]/div/div[3]/form/button
[2021-03-17 05:00:01]cl_getDriver.py(127): click_Success->//*[@id="base_box"]/div/div[3]/form/button
[2021-03-17 05:00:02]cl_getDriver.py(72): Open NewTab->https://kabuoji3.com/stock/3101/1992/
[2021-03-17 05:00:02]cl_getDriver.py(72): Open NewTab->https://kabuoji3.com/stock/3103/1992/
[2021-03-17 05:00:03]cl_getDriver.py(127): click_Success->//*[@id="base_box"]/div/div[3]/form/button
[2021-03-17 05:00:03]cl_getDriver.py(127): click_Success->//*[@id="base_box"]/div/div[3]/form/button
[2021-03-17 05:00:06]cl_getDriver.py(127): click_Success->//*[@id="base_box"]/div/div[3]/form/button
[2021-03-17 05:00:06]cl_getDriver.py(127): click_Success->//*[@id="base_box"]/div/div[3]/form/button
[2021-03-17 05:00:06]cl_getDriver.py(72): Open NewTab->https://kabuoji3.com/stock/3101/1991/
[2021-03-17 05:00:06]cl_getDriver.py(72): Open NewTab->https://kabuoji3.com/stock/3103/1991/
[2021-03-17 05:00:07]cl_getDriver.py(127): click_Success->//*[@id="base_box"]/div/div[3]/form/button
[2021-03-17 05:00:08]cl_getDriver.py(127): click_Success->//*[@id="base_box"]/div/div[3]/form/button
[2021-03-17 05:00:10]cl_getDriver.py(127): click_Success->//*[@id="base_box"]/div/div[3]/form/button
[2021-03-17 05:00:10]cl_getDriver.py(127): click_Success->//*[@id="base_box"]/div/div[3]/form/button
[2021-03-17 05:00:10]cl_getDriver.py(72): Open NewTab->https://kabuoji3.com/stock/3101/1990/
[2021-03-17 05:00:11]cl_getDriver.py(72): Open NewTab->https://kabuoji3.com/stock/3103/1990/
[2021-03-17 05:00:12]cl_getDriver.py(127): click_Success->//*[@id="base_box"]/div/div[3]/form/button
[2021-03-17 05:00:12]cl_getDriver.py(127): click_Success->//*[@id="base_box"]/div/div[3]/form/button
[2021-03-17 05:00:14]cl_getDriver.py(127): click_Success->//*[@id="base_box"]/div/div[3]/form/button
[2021-03-17 05:00:14]cl_getDriver.py(127): click_Success->//*[@id="base_box"]/div/div[3]/form/button
[2021-03-17 05:00:15]cl_getDriver.py(72): Open NewTab->https://kabuoji3.com/stock/3101/1989/
[2021-03-17 05:00:15]cl_getDriver.py(72): Open NewTab->https://kabuoji3.com/stock/3103/1989/
[2021-03-17 05:00:16]cl_getDriver.py(127): click_Success->//*[@id="base_box"]/div/div[3]/form/button
[2021-03-17 05:00:16]cl_getDriver.py(127): click_Success->//*[@id="base_box"]/div/div[3]/form/button
[2021-03-17 05:00:18]cl_getDriver.py(127): click_Success->//*[@id="base_box"]/div/div[3]/form/button
[2021-03-17 05:00:18]cl_getDriver.py(127): click_Success->//*[@id="base_box"]/div/div[3]/form/button
[2021-03-17 05:00:19]cl_getDriver.py(72): Open NewTab->https://kabuoji3.com/stock/3101/1988/
[2021-03-17 05:00:19]cl_getDriver.py(72): Open NewTab->https://kabuoji3.com/stock/3103/1988/
[2021-03-17 05:00:20]cl_getDriver.py(127): click_Success->//*[@id="base_box"]/div/div[3]/form/button
[2021-03-17 05:00:20]cl_getDriver.py(127): click_Success->//*[@id="base_box"]/div/div[3]/form/button
[2021-03-17 05:00:22]cl_getDriver.py(127): click_Success->//*[@id="base_box"]/div/div[3]/form/button
[2021-03-17 05:00:23]cl_getDriver.py(127): click_Success->//*[@id="base_box"]/div/div[3]/form/button
[2021-03-17 05:00:23]cl_getDriver.py(72): Open NewTab->https://kabuoji3.com/stock/3101/1987/
[2021-03-17 05:00:23]cl_getDriver.py(72): Open NewTab->https://kabuoji3.com/stock/3103/1987/
[2021-03-17 05:00:25]cl_getDriver.py(127): click_Success->//*[@id="base_box"]/div/div[3]/form/button
[2021-03-17 05:00:25]cl_getDriver.py(127): click_Success->//*[@id="base_box"]/div/div[3]/form/button
[2021-03-17 05:00:27]cl_getDriver.py(127): click_Success->//*[@id="base_box"]/div/div[3]/form/button
[2021-03-17 05:00:27]cl_getDriver.py(127): click_Success->//*[@id="base_box"]/div/div[3]/form/button
[2021-03-17 05:00:28]cl_getDriver.py(72): Open NewTab->https://kabuoji3.com/stock/3101/1986/
[2021-03-17 05:00:28]cl_getDriver.py(72): Open NewTab->https://kabuoji3.com/stock/3103/1986/
[2021-03-17 05:00:29]cl_getDriver.py(127): click_Success->//*[@id="base_box"]/div/div[3]/form/button
[2021-03-17 05:00:29]cl_getDriver.py(127): click_Success->//*[@id="base_box"]/div/div[3]/form/button
[2021-03-17 05:00:31]cl_getDriver.py(127): click_Success->//*[@id="base_box"]/div/div[3]/form/button
[2021-03-17 05:00:31]cl_getDriver.py(127): click_Success->//*[@id="base_box"]/div/div[3]/form/button
[2021-03-17 05:00:32]cl_getDriver.py(72): Open NewTab->https://kabuoji3.com/stock/3101/1985/
[2021-03-17 05:00:32]cl_getDriver.py(72): Open NewTab->https://kabuoji3.com/stock/3103/1985/
[2021-03-17 05:00:33]cl_getDriver.py(127): click_Success->//*[@id="base_box"]/div/div[3]/form/button
[2021-03-17 05:00:33]cl_getDriver.py(127): click_Success->//*[@id="base_box"]/div/div[3]/form/button
[2021-03-17 05:00:36]cl_getDriver.py(127): click_Success->//*[@id="base_box"]/div/div[3]/form/button
[2021-03-17 05:00:36]cl_getDriver.py(127): click_Success->//*[@id="base_box"]/div/div[3]/form/button
[2021-03-17 05:00:36]cl_getDriver.py(72): Open NewTab->https://kabuoji3.com/stock/3103/1984/
[2021-03-17 05:00:36]cl_getDriver.py(72): Open NewTab->https://kabuoji3.com/stock/3101/1984/
[2021-03-17 05:00:38]cl_getDriver.py(127): click_Success->//*[@id="base_box"]/div/div[3]/form/button
[2021-03-17 05:00:38]cl_getDriver.py(127): click_Success->//*[@id="base_box"]/div/div[3]/form/button
[2021-03-17 05:00:40]cl_getDriver.py(127): click_Success->//*[@id="base_box"]/div/div[3]/form/button
[2021-03-17 05:00:40]cl_getDriver.py(127): click_Success->//*[@id="base_box"]/div/div[3]/form/button
[2021-03-17 05:00:41]cl_getDriver.py(72): Open NewTab->https://kabuoji3.com/stock/3103/1983/
[2021-03-17 05:00:41]cl_getDriver.py(72): Open NewTab->https://kabuoji3.com/stock/3101/1983/
[2021-03-17 05:00:42]cl_getDriver.py(127): click_Success->//*[@id="base_box"]/div/div[3]/form/button
[2021-03-17 05:00:42]cl_getDriver.py(127): click_Success->//*[@id="base_box"]/div/div[3]/form/button
[2021-03-17 05:00:45]cl_getDriver.py(127): click_Success->//*[@id="base_box"]/div/div[3]/form/button
[2021-03-17 05:00:45]cl_getDriver.py(127): click_Success->//*[@id="base_box"]/div/div[3]/form/button
[2021-03-17 05:00:47]main.py(42): finished Process->https://kabuoji3.com/stock/3103/
[2021-03-17 05:00:47]main.py(15): start_Process->https://kabuoji3.com/stock/3104/
[2021-03-17 05:00:49]main.py(42): finished Process->https://kabuoji3.com/stock/3101/
[2021-03-17 05:00:49]main.py(15): start_Process->https://kabuoji3.com/stock/3106/
[2021-03-17 05:00:53]cl_getDriver.py(64): getURL=https://kabuoji3.com/stock/3104/
[2021-03-17 05:00:53]cl_getDriver.py(72): Open NewTab->https://kabuoji3.com/stock/3104/
[2021-03-17 05:00:54]cl_getDriver.py(130): Not Found->//*[@id="base_box"]/div/div[3]/form/button
[2021-03-17 05:00:55]cl_getDriver.py(64): getURL=https://kabuoji3.com/stock/3106/
[2021-03-17 05:00:56]cl_getDriver.py(72): Open NewTab->https://kabuoji3.com/stock/3106/
[2021-03-17 05:00:56]cl_getDriver.py(130): Not Found->//*[@id="base_box"]/div/div[3]/form/button
[2021-03-17 05:00:56]cl_getDriver.py(130): Not Found->//*[@id="base_box"]/div/div[3]/form/button
[2021-03-17 05:00:57]cl_getDriver.py(72): Open NewTab->https://kabuoji3.com/stock/3104/2021/
[2021-03-17 05:00:58]cl_getDriver.py(127): click_Success->//*[@id="base_box"]/div/div[3]/form/button
[2021-03-17 05:00:58]cl_getDriver.py(130): Not Found->//*[@id="base_box"]/div/div[3]/form/button
[2021-03-17 05:00:59]cl_getDriver.py(72): Open NewTab->https://kabuoji3.com/stock/3106/2021/
[2021-03-17 05:00:59]cl_getDriver.py(127): click_Success->//*[@id="base_box"]/div/div[3]/form/button
[2021-03-17 05:01:00]cl_getDriver.py(127): click_Success->//*[@id="base_box"]/div/div[3]/form/button
[2021-03-17 05:01:00]cl_getDriver.py(72): Open NewTab->https://kabuoji3.com/stock/3104/2020/
[2021-03-17 05:01:01]cl_getDriver.py(127): click_Success->//*[@id="base_box"]/div/div[3]/form/button
[2021-03-17 05:01:02]cl_getDriver.py(127): click_Success->//*[@id="base_box"]/div/div[3]/form/button
[2021-03-17 05:01:02]cl_getDriver.py(72): Open NewTab->https://kabuoji3.com/stock/3106/2020/
[2021-03-17 05:01:03]cl_getDriver.py(127): click_Success->//*[@id="base_box"]/div/div[3]/form/button
[2021-03-17 05:01:04]cl_getDriver.py(127): click_Success->//*[@id="base_box"]/div/div[3]/form/button
[2021-03-17 05:01:04]cl_getDriver.py(72): Open NewTab->https://kabuoji3.com/stock/3104/2019/
[2021-03-17 05:01:05]cl_getDriver.py(127): click_Success->//*[@id="base_box"]/div/div[3]/form/button
[2021-03-17 05:01:05]cl_getDriver.py(127): click_Success->//*[@id="base_box"]/div/div[3]/form/button
[2021-03-17 05:01:06]cl_getDriver.py(72): Open NewTab->https://kabuoji3.com/stock/3106/2019/
[2021-03-17 05:01:07]cl_getDriver.py(127): click_Success->//*[@id="base_box"]/div/div[3]/form/button
[2021-03-17 05:01:07]cl_getDriver.py(127): click_Success->//*[@id="base_box"]/div/div[3]/form/button
[2021-03-17 05:01:08]cl_getDriver.py(72): Open NewTab->https://kabuoji3.com/stock/3104/2018/
[2021-03-17 05:01:09]cl_getDriver.py(127): click_Success->//*[@id="base_box"]/div/div[3]/form/button
[2021-03-17 05:01:09]cl_getDriver.py(127): click_Success->//*[@id="base_box"]/div/div[3]/form/button
[2021-03-17 05:01:09]cl_getDriver.py(72): Open NewTab->https://kabuoji3.com/stock/3106/2018/
[2021-03-17 05:01:10]cl_getDriver.py(127): click_Success->//*[@id="base_box"]/div/div[3]/form/button
[2021-03-17 05:01:11]cl_getDriver.py(127): click_Success->//*[@id="base_box"]/div/div[3]/form/button
[2021-03-17 05:01:11]cl_getDriver.py(72): Open NewTab->https://kabuoji3.com/stock/3104/2017/
[2021-03-17 05:01:12]cl_getDriver.py(127): click_Success->//*[@id="base_box"]/div/div[3]/form/button
[2021-03-17 05:01:12]cl_getDriver.py(127): click_Success->//*[@id="base_box"]/div/div[3]/form/button
[2021-03-17 05:01:13]cl_getDriver.py(72): Open NewTab->https://kabuoji3.com/stock/3106/2017/
[2021-03-17 05:01:14]cl_getDriver.py(127): click_Success->//*[@id="base_box"]/div/div[3]/form/button
[2021-03-17 05:01:15]cl_getDriver.py(127): click_Success->//*[@id="base_box"]/div/div[3]/form/button
[2021-03-17 05:01:15]cl_getDriver.py(72): Open NewTab->https://kabuoji3.com/stock/3104/2016/
[2021-03-17 05:01:16]cl_getDriver.py(127): click_Success->//*[@id="base_box"]/div/div[3]/form/button
[2021-03-17 05:01:16]cl_getDriver.py(127): click_Success->//*[@id="base_box"]/div/div[3]/form/button
[2021-03-17 05:01:16]cl_getDriver.py(72): Open NewTab->https://kabuoji3.com/stock/3106/2016/
[2021-03-17 05:01:17]cl_getDriver.py(127): click_Success->//*[@id="base_box"]/div/div[3]/form/button
[2021-03-17 05:01:18]cl_getDriver.py(127): click_Success->//*[@id="base_box"]/div/div[3]/form/button
[2021-03-17 05:01:19]cl_getDriver.py(72): Open NewTab->https://kabuoji3.com/stock/3104/2015/
[2021-03-17 05:01:19]cl_getDriver.py(127): click_Success->//*[@id="base_box"]/div/div[3]/form/button
[2021-03-17 05:01:20]cl_getDriver.py(127): click_Success->//*[@id="base_box"]/div/div[3]/form/button
[2021-03-17 05:01:20]cl_getDriver.py(72): Open NewTab->https://kabuoji3.com/stock/3106/2015/
[2021-03-17 05:01:21]cl_getDriver.py(127): click_Success->//*[@id="base_box"]/div/div[3]/form/button
[2021-03-17 05:01:22]cl_getDriver.py(127): click_Success->//*[@id="base_box"]/div/div[3]/form/button
[2021-03-17 05:01:22]cl_getDriver.py(72): Open NewTab->https://kabuoji3.com/stock/3104/2014/
[2021-03-17 05:01:23]cl_getDriver.py(127): click_Success->//*[@id="base_box"]/div/div[3]/form/button
[2021-03-17 05:01:23]cl_getDriver.py(127): click_Success->//*[@id="base_box"]/div/div[3]/form/button
[2021-03-17 05:01:24]cl_getDriver.py(72): Open NewTab->https://kabuoji3.com/stock/3106/2014/
[2021-03-17 05:01:25]cl_getDriver.py(127): click_Success->//*[@id="base_box"]/div/div[3]/form/button
[2021-03-17 05:01:25]cl_getDriver.py(127): click_Success->//*[@id="base_box"]/div/div[3]/form/button
[2021-03-17 05:01:26]cl_getDriver.py(72): Open NewTab->https://kabuoji3.com/stock/3104/2013/
[2021-03-17 05:01:27]cl_getDriver.py(127): click_Success->//*[@id="base_box"]/div/div[3]/form/button
[2021-03-17 05:01:27]cl_getDriver.py(127): click_Success->//*[@id="base_box"]/div/div[3]/form/button
[2021-03-17 05:01:27]cl_getDriver.py(72): Open NewTab->https://kabuoji3.com/stock/3106/2013/
[2021-03-17 05:01:28]cl_getDriver.py(127): click_Success->//*[@id="base_box"]/div/div[3]/form/button
[2021-03-17 05:01:29]cl_getDriver.py(127): click_Success->//*[@id="base_box"]/div/div[3]/form/button
[2021-03-17 05:01:29]cl_getDriver.py(72): Open NewTab->https://kabuoji3.com/stock/3104/2012/
[2021-03-17 05:01:30]cl_getDriver.py(127): click_Success->//*[@id="base_box"]/div/div[3]/form/button
[2021-03-17 05:01:31]cl_getDriver.py(127): click_Success->//*[@id="base_box"]/div/div[3]/form/button
[2021-03-17 05:01:31]cl_getDriver.py(72): Open NewTab->https://kabuoji3.com/stock/3106/2012/
[2021-03-17 05:01:32]cl_getDriver.py(127): click_Success->//*[@id="base_box"]/div/div[3]/form/button
[2021-03-17 05:01:32]cl_getDriver.py(127): click_Success->//*[@id="base_box"]/div/div[3]/form/button
[2021-03-17 05:01:33]cl_getDriver.py(72): Open NewTab->https://kabuoji3.com/stock/3104/2011/
[2021-03-17 05:01:34]cl_getDriver.py(127): click_Success->//*[@id="base_box"]/div/div[3]/form/button
[2021-03-17 05:01:34]cl_getDriver.py(127): click_Success->//*[@id="base_box"]/div/div[3]/form/button
[2021-03-17 05:01:35]cl_getDriver.py(72): Open NewTab->https://kabuoji3.com/stock/3106/2011/
[2021-03-17 05:01:36]cl_getDriver.py(127): click_Success->//*[@id="base_box"]/div/div[3]/form/button
[2021-03-17 05:01:36]cl_getDriver.py(127): click_Success->//*[@id="base_box"]/div/div[3]/form/button
[2021-03-17 05:01:36]cl_getDriver.py(72): Open NewTab->https://kabuoji3.com/stock/3104/2010/
[2021-03-17 05:01:37]cl_getDriver.py(127): click_Success->//*[@id="base_box"]/div/div[3]/form/button
[2021-03-17 05:01:38]cl_getDriver.py(127): click_Success->//*[@id="base_box"]/div/div[3]/form/button
[2021-03-17 05:01:39]cl_getDriver.py(72): Open NewTab->https://kabuoji3.com/stock/3106/2010/
[2021-03-17 05:01:40]cl_getDriver.py(127): click_Success->//*[@id="base_box"]/div/div[3]/form/button
[2021-03-17 05:01:40]cl_getDriver.py(127): click_Success->//*[@id="base_box"]/div/div[3]/form/button
[2021-03-17 05:01:40]cl_getDriver.py(72): Open NewTab->https://kabuoji3.com/stock/3104/2009/
[2021-03-17 05:01:41]cl_getDriver.py(127): click_Success->//*[@id="base_box"]/div/div[3]/form/button
[2021-03-17 05:01:42]cl_getDriver.py(127): click_Success->//*[@id="base_box"]/div/div[3]/form/button
[2021-03-17 05:01:42]cl_getDriver.py(72): Open NewTab->https://kabuoji3.com/stock/3106/2009/
[2021-03-17 05:01:43]cl_getDriver.py(127): click_Success->//*[@id="base_box"]/div/div[3]/form/button
[2021-03-17 05:01:43]cl_getDriver.py(127): click_Success->//*[@id="base_box"]/div/div[3]/form/button
[2021-03-17 05:01:44]cl_getDriver.py(72): Open NewTab->https://kabuoji3.com/stock/3104/2008/
[2021-03-17 05:01:45]cl_getDriver.py(127): click_Success->//*[@id="base_box"]/div/div[3]/form/button
[2021-03-17 05:01:45]cl_getDriver.py(127): click_Success->//*[@id="base_box"]/div/div[3]/form/button
[2021-03-17 05:01:46]cl_getDriver.py(72): Open NewTab->https://kabuoji3.com/stock/3106/2008/
[2021-03-17 05:01:47]cl_getDriver.py(127): click_Success->//*[@id="base_box"]/div/div[3]/form/button
[2021-03-17 05:01:47]cl_getDriver.py(127): click_Success->//*[@id="base_box"]/div/div[3]/form/button
[2021-03-17 05:01:47]cl_getDriver.py(72): Open NewTab->https://kabuoji3.com/stock/3104/2007/
[2021-03-17 05:01:48]cl_getDriver.py(127): click_Success->//*[@id="base_box"]/div/div[3]/form/button
[2021-03-17 05:01:49]cl_getDriver.py(127): click_Success->//*[@id="base_box"]/div/div[3]/form/button
[2021-03-17 05:01:50]cl_getDriver.py(72): Open NewTab->https://kabuoji3.com/stock/3106/2007/
[2021-03-17 05:01:50]cl_getDriver.py(127): click_Success->//*[@id="base_box"]/div/div[3]/form/button
[2021-03-17 05:01:51]cl_getDriver.py(127): click_Success->//*[@id="base_box"]/div/div[3]/form/button
[2021-03-17 05:01:51]cl_getDriver.py(72): Open NewTab->https://kabuoji3.com/stock/3104/2006/
[2021-03-17 05:01:52]cl_getDriver.py(127): click_Success->//*[@id="base_box"]/div/div[3]/form/button
[2021-03-17 05:01:53]cl_getDriver.py(127): click_Success->//*[@id="base_box"]/div/div[3]/form/button
[2021-03-17 05:01:53]cl_getDriver.py(72): Open NewTab->https://kabuoji3.com/stock/3106/2006/
[2021-03-17 05:01:54]cl_getDriver.py(127): click_Success->//*[@id="base_box"]/div/div[3]/form/button
[2021-03-17 05:01:54]cl_getDriver.py(127): click_Success->//*[@id="base_box"]/div/div[3]/form/button
[2021-03-17 05:01:55]cl_getDriver.py(72): Open NewTab->https://kabuoji3.com/stock/3104/2005/
[2021-03-17 05:01:56]cl_getDriver.py(127): click_Success->//*[@id="base_box"]/div/div[3]/form/button
[2021-03-17 05:01:56]cl_getDriver.py(127): click_Success->//*[@id="base_box"]/div/div[3]/form/button
[2021-03-17 05:01:57]cl_getDriver.py(72): Open NewTab->https://kabuoji3.com/stock/3106/2005/
[2021-03-17 05:01:58]cl_getDriver.py(127): click_Success->//*[@id="base_box"]/div/div[3]/form/button
[2021-03-17 05:01:58]cl_getDriver.py(127): click_Success->//*[@id="base_box"]/div/div[3]/form/button
[2021-03-17 05:01:58]cl_getDriver.py(72): Open NewTab->https://kabuoji3.com/stock/3104/2004/
[2021-03-17 05:01:59]cl_getDriver.py(127): click_Success->//*[@id="base_box"]/div/div[3]/form/button
[2021-03-17 05:02:00]cl_getDriver.py(127): click_Success->//*[@id="base_box"]/div/div[3]/form/button
[2021-03-17 05:02:00]cl_getDriver.py(72): Open NewTab->https://kabuoji3.com/stock/3106/2004/
[2021-03-17 05:02:01]cl_getDriver.py(127): click_Success->//*[@id="base_box"]/div/div[3]/form/button
[2021-03-17 05:02:02]cl_getDriver.py(127): click_Success->//*[@id="base_box"]/div/div[3]/form/button
[2021-03-17 05:02:02]cl_getDriver.py(72): Open NewTab->https://kabuoji3.com/stock/3104/2003/
[2021-03-17 05:02:03]cl_getDriver.py(127): click_Success->//*[@id="base_box"]/div/div[3]/form/button
[2021-03-17 05:02:03]cl_getDriver.py(127): click_Success->//*[@id="base_box"]/div/div[3]/form/button
[2021-03-17 05:02:04]cl_getDriver.py(72): Open NewTab->https://kabuoji3.com/stock/3106/2003/
[2021-03-17 05:02:05]cl_getDriver.py(127): click_Success->//*[@id="base_box"]/div/div[3]/form/button
[2021-03-17 05:02:05]cl_getDriver.py(127): click_Success->//*[@id="base_box"]/div/div[3]/form/button
[2021-03-17 05:02:06]cl_getDriver.py(72): Open NewTab->https://kabuoji3.com/stock/3104/2002/
[2021-03-17 05:02:07]cl_getDriver.py(127): click_Success->//*[@id="base_box"]/div/div[3]/form/button
[2021-03-17 05:02:07]cl_getDriver.py(127): click_Success->//*[@id="base_box"]/div/div[3]/form/button
[2021-03-17 05:02:08]cl_getDriver.py(72): Open NewTab->https://kabuoji3.com/stock/3106/2002/
[2021-03-17 05:02:09]cl_getDriver.py(127): click_Success->//*[@id="base_box"]/div/div[3]/form/button
[2021-03-17 05:02:09]cl_getDriver.py(127): click_Success->//*[@id="base_box"]/div/div[3]/form/button
[2021-03-17 05:02:09]cl_getDriver.py(72): Open NewTab->https://kabuoji3.com/stock/3104/2001/
[2021-03-17 05:02:10]cl_getDriver.py(127): click_Success->//*[@id="base_box"]/div/div[3]/form/button
[2021-03-17 05:02:11]cl_getDriver.py(127): click_Success->//*[@id="base_box"]/div/div[3]/form/button
[2021-03-17 05:02:11]cl_getDriver.py(72): Open NewTab->https://kabuoji3.com/stock/3106/2001/
[2021-03-17 05:02:12]cl_getDriver.py(127): click_Success->//*[@id="base_box"]/div/div[3]/form/button
[2021-03-17 05:02:12]cl_getDriver.py(127): click_Success->//*[@id="base_box"]/div/div[3]/form/button
[2021-03-17 05:02:13]cl_getDriver.py(72): Open NewTab->https://kabuoji3.com/stock/3104/2000/
[2021-03-17 05:02:14]cl_getDriver.py(127): click_Success->//*[@id="base_box"]/div/div[3]/form/button
[2021-03-17 05:02:14]cl_getDriver.py(127): click_Success->//*[@id="base_box"]/div/div[3]/form/button
[2021-03-17 05:02:15]cl_getDriver.py(72): Open NewTab->https://kabuoji3.com/stock/3106/2000/
[2021-03-17 05:02:16]cl_getDriver.py(127): click_Success->//*[@id="base_box"]/div/div[3]/form/button
[2021-03-17 05:02:16]cl_getDriver.py(127): click_Success->//*[@id="base_box"]/div/div[3]/form/button
[2021-03-17 05:02:16]cl_getDriver.py(72): Open NewTab->https://kabuoji3.com/stock/3104/1999/
[2021-03-17 05:02:17]cl_getDriver.py(127): click_Success->//*[@id="base_box"]/div/div[3]/form/button
[2021-03-17 05:02:18]cl_getDriver.py(127): click_Success->//*[@id="base_box"]/div/div[3]/form/button
[2021-03-17 05:02:18]cl_getDriver.py(72): Open NewTab->https://kabuoji3.com/stock/3106/1999/
[2021-03-17 05:02:19]cl_getDriver.py(127): click_Success->//*[@id="base_box"]/div/div[3]/form/button
[2021-03-17 05:02:20]cl_getDriver.py(127): click_Success->//*[@id="base_box"]/div/div[3]/form/button
[2021-03-17 05:02:20]cl_getDriver.py(72): Open NewTab->https://kabuoji3.com/stock/3104/1998/
[2021-03-17 05:02:21]cl_getDriver.py(127): click_Success->//*[@id="base_box"]/div/div[3]/form/button
[2021-03-17 05:02:22]cl_getDriver.py(127): click_Success->//*[@id="base_box"]/div/div[3]/form/button
[2021-03-17 05:02:22]cl_getDriver.py(72): Open NewTab->https://kabuoji3.com/stock/3106/1998/
[2021-03-17 05:02:23]cl_getDriver.py(127): click_Success->//*[@id="base_box"]/div/div[3]/form/button
[2021-03-17 05:02:23]cl_getDriver.py(127): click_Success->//*[@id="base_box"]/div/div[3]/form/button
[2021-03-17 05:02:24]cl_getDriver.py(72): Open NewTab->https://kabuoji3.com/stock/3104/1997/
[2021-03-17 05:02:24]cl_getDriver.py(127): click_Success->//*[@id="base_box"]/div/div[3]/form/button
[2021-03-17 05:02:25]cl_getDriver.py(127): click_Success->//*[@id="base_box"]/div/div[3]/form/button
[2021-03-17 05:02:26]cl_getDriver.py(72): Open NewTab->https://kabuoji3.com/stock/3106/1997/
[2021-03-17 05:02:27]cl_getDriver.py(127): click_Success->//*[@id="base_box"]/div/div[3]/form/button
[2021-03-17 05:02:27]cl_getDriver.py(127): click_Success->//*[@id="base_box"]/div/div[3]/form/button
[2021-03-17 05:02:27]cl_getDriver.py(72): Open NewTab->https://kabuoji3.com/stock/3104/1996/
[2021-03-17 05:02:28]cl_getDriver.py(127): click_Success->//*[@id="base_box"]/div/div[3]/form/button
[2021-03-17 05:02:29]cl_getDriver.py(127): click_Success->//*[@id="base_box"]/div/div[3]/form/button
[2021-03-17 05:02:29]cl_getDriver.py(72): Open NewTab->https://kabuoji3.com/stock/3106/1996/
[2021-03-17 05:02:30]cl_getDriver.py(127): click_Success->//*[@id="base_box"]/div/div[3]/form/button
[2021-03-17 05:02:30]cl_getDriver.py(127): click_Success->//*[@id="base_box"]/div/div[3]/form/button
[2021-03-17 05:02:31]cl_getDriver.py(72): Open NewTab->https://kabuoji3.com/stock/3104/1995/
[2021-03-17 05:02:32]cl_getDriver.py(127): click_Success->//*[@id="base_box"]/div/div[3]/form/button
[2021-03-17 05:02:32]cl_getDriver.py(127): click_Success->//*[@id="base_box"]/div/div[3]/form/button
[2021-03-17 05:02:33]cl_getDriver.py(72): Open NewTab->https://kabuoji3.com/stock/3106/1995/
[2021-03-17 05:02:34]cl_getDriver.py(127): click_Success->//*[@id="base_box"]/div/div[3]/form/button
[2021-03-17 05:02:34]cl_getDriver.py(127): click_Success->//*[@id="base_box"]/div/div[3]/form/button
[2021-03-17 05:02:34]cl_getDriver.py(72): Open NewTab->https://kabuoji3.com/stock/3104/1994/
[2021-03-17 05:02:35]cl_getDriver.py(127): click_Success->//*[@id="base_box"]/div/div[3]/form/button
[2021-03-17 05:02:36]cl_getDriver.py(127): click_Success->//*[@id="base_box"]/div/div[3]/form/button
[2021-03-17 05:02:37]cl_getDriver.py(72): Open NewTab->https://kabuoji3.com/stock/3106/1994/
[2021-03-17 05:02:38]cl_getDriver.py(127): click_Success->//*[@id="base_box"]/div/div[3]/form/button
[2021-03-17 05:02:38]cl_getDriver.py(127): click_Success->//*[@id="base_box"]/div/div[3]/form/button
[2021-03-17 05:02:38]cl_getDriver.py(72): Open NewTab->https://kabuoji3.com/stock/3104/1993/
[2021-03-17 05:02:39]cl_getDriver.py(127): click_Success->//*[@id="base_box"]/div/div[3]/form/button
[2021-03-17 05:02:40]cl_getDriver.py(127): click_Success->//*[@id="base_box"]/div/div[3]/form/button
[2021-03-17 05:02:40]cl_getDriver.py(72): Open NewTab->https://kabuoji3.com/stock/3106/1993/
[2021-03-17 05:02:41]cl_getDriver.py(127): click_Success->//*[@id="base_box"]/div/div[3]/form/button
[2021-03-17 05:02:41]cl_getDriver.py(127): click_Success->//*[@id="base_box"]/div/div[3]/form/button
[2021-03-17 05:02:42]cl_getDriver.py(72): Open NewTab->https://kabuoji3.com/stock/3104/1992/
[2021-03-17 05:02:43]cl_getDriver.py(127): click_Success->//*[@id="base_box"]/div/div[3]/form/button
[2021-03-17 05:02:43]cl_getDriver.py(127): click_Success->//*[@id="base_box"]/div/div[3]/form/button
[2021-03-17 05:02:44]cl_getDriver.py(72): Open NewTab->https://kabuoji3.com/stock/3106/1992/
[2021-03-17 05:02:44]cl_getDriver.py(127): click_Success->//*[@id="base_box"]/div/div[3]/form/button
[2021-03-17 05:02:45]cl_getDriver.py(127): click_Success->//*[@id="base_box"]/div/div[3]/form/button
[2021-03-17 05:02:45]cl_getDriver.py(72): Open NewTab->https://kabuoji3.com/stock/3104/1991/
[2021-03-17 05:02:46]cl_getDriver.py(127): click_Success->//*[@id="base_box"]/div/div[3]/form/button
[2021-03-17 05:02:47]cl_getDriver.py(127): click_Success->//*[@id="base_box"]/div/div[3]/form/button
[2021-03-17 05:02:47]cl_getDriver.py(72): Open NewTab->https://kabuoji3.com/stock/3106/1991/
[2021-03-17 05:02:48]cl_getDriver.py(127): click_Success->//*[@id="base_box"]/div/div[3]/form/button
[2021-03-17 05:02:48]cl_getDriver.py(127): click_Success->//*[@id="base_box"]/div/div[3]/form/button
[2021-03-17 05:02:49]cl_getDriver.py(72): Open NewTab->https://kabuoji3.com/stock/3104/1990/
[2021-03-17 05:02:50]cl_getDriver.py(127): click_Success->//*[@id="base_box"]/div/div[3]/form/button
[2021-03-17 05:02:50]cl_getDriver.py(127): click_Success->//*[@id="base_box"]/div/div[3]/form/button
[2021-03-17 05:02:51]cl_getDriver.py(72): Open NewTab->https://kabuoji3.com/stock/3106/1990/
[2021-03-17 05:02:52]cl_getDriver.py(127): click_Success->//*[@id="base_box"]/div/div[3]/form/button
[2021-03-17 05:02:52]cl_getDriver.py(127): click_Success->//*[@id="base_box"]/div/div[3]/form/button
[2021-03-17 05:02:52]cl_getDriver.py(72): Open NewTab->https://kabuoji3.com/stock/3104/1989/
[2021-03-17 05:02:53]cl_getDriver.py(127): click_Success->//*[@id="base_box"]/div/div[3]/form/button
[2021-03-17 05:02:54]cl_getDriver.py(127): click_Success->//*[@id="base_box"]/div/div[3]/form/button
[2021-03-17 05:02:54]cl_getDriver.py(72): Open NewTab->https://kabuoji3.com/stock/3106/1989/
[2021-03-17 05:02:55]cl_getDriver.py(127): click_Success->//*[@id="base_box"]/div/div[3]/form/button
[2021-03-17 05:02:55]cl_getDriver.py(127): click_Success->//*[@id="base_box"]/div/div[3]/form/button
[2021-03-17 05:02:56]cl_getDriver.py(72): Open NewTab->https://kabuoji3.com/stock/3104/1988/
[2021-03-17 05:02:57]cl_getDriver.py(127): click_Success->//*[@id="base_box"]/div/div[3]/form/button
[2021-03-17 05:02:57]cl_getDriver.py(127): click_Success->//*[@id="base_box"]/div/div[3]/form/button
[2021-03-17 05:02:58]cl_getDriver.py(72): Open NewTab->https://kabuoji3.com/stock/3106/1988/
[2021-03-17 05:02:59]cl_getDriver.py(127): click_Success->//*[@id="base_box"]/div/div[3]/form/button
[2021-03-17 05:02:59]cl_getDriver.py(127): click_Success->//*[@id="base_box"]/div/div[3]/form/button
[2021-03-17 05:02:59]cl_getDriver.py(72): Open NewTab->https://kabuoji3.com/stock/3104/1987/
[2021-03-17 05:03:00]cl_getDriver.py(127): click_Success->//*[@id="base_box"]/div/div[3]/form/button
[2021-03-17 05:03:01]cl_getDriver.py(127): click_Success->//*[@id="base_box"]/div/div[3]/form/button
[2021-03-17 05:03:01]cl_getDriver.py(72): Open NewTab->https://kabuoji3.com/stock/3106/1987/
[2021-03-17 05:03:02]cl_getDriver.py(127): click_Success->//*[@id="base_box"]/div/div[3]/form/button
[2021-03-17 05:03:03]cl_getDriver.py(127): click_Success->//*[@id="base_box"]/div/div[3]/form/button
[2021-03-17 05:03:03]cl_getDriver.py(72): Open NewTab->https://kabuoji3.com/stock/3104/1986/
[2021-03-17 05:03:04]cl_getDriver.py(127): click_Success->//*[@id="base_box"]/div/div[3]/form/button
[2021-03-17 05:03:04]cl_getDriver.py(127): click_Success->//*[@id="base_box"]/div/div[3]/form/button
[2021-03-17 05:03:05]cl_getDriver.py(72): Open NewTab->https://kabuoji3.com/stock/3106/1986/
[2021-03-17 05:03:06]cl_getDriver.py(127): click_Success->//*[@id="base_box"]/div/div[3]/form/button
[2021-03-17 05:03:06]cl_getDriver.py(127): click_Success->//*[@id="base_box"]/div/div[3]/form/button
[2021-03-17 05:03:06]cl_getDriver.py(72): Open NewTab->https://kabuoji3.com/stock/3104/1985/
[2021-03-17 05:03:07]cl_getDriver.py(127): click_Success->//*[@id="base_box"]/div/div[3]/form/button
[2021-03-17 05:03:08]cl_getDriver.py(127): click_Success->//*[@id="base_box"]/div/div[3]/form/button
[2021-03-17 05:03:08]cl_getDriver.py(72): Open NewTab->https://kabuoji3.com/stock/3106/1985/
[2021-03-17 05:03:09]cl_getDriver.py(127): click_Success->//*[@id="base_box"]/div/div[3]/form/button
[2021-03-17 05:03:10]cl_getDriver.py(127): click_Success->//*[@id="base_box"]/div/div[3]/form/button
[2021-03-17 05:03:10]cl_getDriver.py(72): Open NewTab->https://kabuoji3.com/stock/3104/1984/
[2021-03-17 05:03:11]cl_getDriver.py(127): click_Success->//*[@id="base_box"]/div/div[3]/form/button
[2021-03-17 05:03:12]cl_getDriver.py(127): click_Success->//*[@id="base_box"]/div/div[3]/form/button
[2021-03-17 05:03:12]cl_getDriver.py(72): Open NewTab->https://kabuoji3.com/stock/3106/1984/
[2021-03-17 05:03:13]cl_getDriver.py(127): click_Success->//*[@id="base_box"]/div/div[3]/form/button
[2021-03-17 05:03:13]cl_getDriver.py(127): click_Success->//*[@id="base_box"]/div/div[3]/form/button
[2021-03-17 05:03:14]cl_getDriver.py(72): Open NewTab->https://kabuoji3.com/stock/3104/1983/
[2021-03-17 05:03:15]cl_getDriver.py(127): click_Success->//*[@id="base_box"]/div/div[3]/form/button
[2021-03-17 05:03:15]cl_getDriver.py(127): click_Success->//*[@id="base_box"]/div/div[3]/form/button
[2021-03-17 05:03:16]cl_getDriver.py(72): Open NewTab->https://kabuoji3.com/stock/3106/1983/
[2021-03-17 05:03:17]cl_getDriver.py(127): click_Success->//*[@id="base_box"]/div/div[3]/form/button
[2021-03-17 05:03:17]cl_getDriver.py(127): click_Success->//*[@id="base_box"]/div/div[3]/form/button
[2021-03-17 05:03:19]cl_getDriver.py(127): click_Success->//*[@id="base_box"]/div/div[3]/form/button
[2021-03-17 05:03:21]main.py(42): finished Process->https://kabuoji3.com/stock/3104/
[2021-03-17 05:03:21]main.py(15): start_Process->https://kabuoji3.com/stock/3109/
[2021-03-17 05:03:23]main.py(42): finished Process->https://kabuoji3.com/stock/3106/
[2021-03-17 05:03:23]main.py(15): start_Process->https://kabuoji3.com/stock/3111/
[2021-03-17 05:03:27]cl_getDriver.py(64): getURL=https://kabuoji3.com/stock/3109/
[2021-03-17 05:03:27]cl_getDriver.py(72): Open NewTab->https://kabuoji3.com/stock/3109/
[2021-03-17 05:03:28]cl_getDriver.py(130): Not Found->//*[@id="base_box"]/div/div[3]/form/button
[2021-03-17 05:03:29]cl_getDriver.py(64): getURL=https://kabuoji3.com/stock/3111/
[2021-03-17 05:03:29]cl_getDriver.py(72): Open NewTab->https://kabuoji3.com/stock/3111/
[2021-03-17 05:03:30]cl_getDriver.py(130): Not Found->//*[@id="base_box"]/div/div[3]/form/button
[2021-03-17 05:03:30]cl_getDriver.py(130): Not Found->//*[@id="base_box"]/div/div[3]/form/button
[2021-03-17 05:03:30]cl_getDriver.py(72): Open NewTab->https://kabuoji3.com/stock/3109/2021/
[2021-03-17 05:03:31]cl_getDriver.py(127): click_Success->//*[@id="base_box"]/div/div[3]/form/button
[2021-03-17 05:03:32]cl_getDriver.py(130): Not Found->//*[@id="base_box"]/div/div[3]/form/button
[2021-03-17 05:03:32]cl_getDriver.py(72): Open NewTab->https://kabuoji3.com/stock/3111/2021/
[2021-03-17 05:03:33]cl_getDriver.py(127): click_Success->//*[@id="base_box"]/div/div[3]/form/button
[2021-03-17 05:03:33]cl_getDriver.py(127): click_Success->//*[@id="base_box"]/div/div[3]/form/button
[2021-03-17 05:03:34]cl_getDriver.py(72): Open NewTab->https://kabuoji3.com/stock/3109/2020/
[2021-03-17 05:03:35]cl_getDriver.py(127): click_Success->//*[@id="base_box"]/div/div[3]/form/button
[2021-03-17 05:03:35]cl_getDriver.py(127): click_Success->//*[@id="base_box"]/div/div[3]/form/button
[2021-03-17 05:03:35]cl_getDriver.py(72): Open NewTab->https://kabuoji3.com/stock/3111/2020/
[2021-03-17 05:03:36]cl_getDriver.py(127): click_Success->//*[@id="base_box"]/div/div[3]/form/button
[2021-03-17 05:03:37]cl_getDriver.py(127): click_Success->//*[@id="base_box"]/div/div[3]/form/button
[2021-03-17 05:03:37]cl_getDriver.py(72): Open NewTab->https://kabuoji3.com/stock/3109/2019/
[2021-03-17 05:03:38]cl_getDriver.py(127): click_Success->//*[@id="base_box"]/div/div[3]/form/button
[2021-03-17 05:03:39]cl_getDriver.py(127): click_Success->//*[@id="base_box"]/div/div[3]/form/button
[2021-03-17 05:03:39]cl_getDriver.py(72): Open NewTab->https://kabuoji3.com/stock/3111/2019/
[2021-03-17 05:03:40]cl_getDriver.py(127): click_Success->//*[@id="base_box"]/div/div[3]/form/button
[2021-03-17 05:03:41]cl_getDriver.py(127): click_Success->//*[@id="base_box"]/div/div[3]/form/button
[2021-03-17 05:03:41]cl_getDriver.py(72): Open NewTab->https://kabuoji3.com/stock/3109/2018/
[2021-03-17 05:03:42]cl_getDriver.py(127): click_Success->//*[@id="base_box"]/div/div[3]/form/button
[2021-03-17 05:03:42]cl_getDriver.py(127): click_Success->//*[@id="base_box"]/div/div[3]/form/button
[2021-03-17 05:03:43]cl_getDriver.py(72): Open NewTab->https://kabuoji3.com/stock/3111/2018/
[2021-03-17 05:03:43]cl_getDriver.py(127): click_Success->//*[@id="base_box"]/div/div[3]/form/button
[2021-03-17 05:03:44]cl_getDriver.py(127): click_Success->//*[@id="base_box"]/div/div[3]/form/button
[2021-03-17 05:03:44]cl_getDriver.py(72): Open NewTab->https://kabuoji3.com/stock/3109/2017/
[2021-03-17 05:03:45]cl_getDriver.py(127): click_Success->//*[@id="base_box"]/div/div[3]/form/button
[2021-03-17 05:03:46]cl_getDriver.py(127): click_Success->//*[@id="base_box"]/div/div[3]/form/button
[2021-03-17 05:03:46]cl_getDriver.py(72): Open NewTab->https://kabuoji3.com/stock/3111/2017/
[2021-03-17 05:03:47]cl_getDriver.py(127): click_Success->//*[@id="base_box"]/div/div[3]/form/button
[2021-03-17 05:03:48]cl_getDriver.py(127): click_Success->//*[@id="base_box"]/div/div[3]/form/button
[2021-03-17 05:03:48]cl_getDriver.py(72): Open NewTab->https://kabuoji3.com/stock/3109/2016/
[2021-03-17 05:03:49]cl_getDriver.py(127): click_Success->//*[@id="base_box"]/div/div[3]/form/button
[2021-03-17 05:03:49]cl_getDriver.py(127): click_Success->//*[@id="base_box"]/div/div[3]/form/button
[2021-03-17 05:03:50]cl_getDriver.py(72): Open NewTab->https://kabuoji3.com/stock/3111/2016/
[2021-03-17 05:03:50]cl_getDriver.py(127): click_Success->//*[@id="base_box"]/div/div[3]/form/button
[2021-03-17 05:03:51]cl_getDriver.py(127): click_Success->//*[@id="base_box"]/div/div[3]/form/button
[2021-03-17 05:03:51]cl_getDriver.py(72): Open NewTab->https://kabuoji3.com/stock/3109/2015/
[2021-03-17 05:03:52]cl_getDriver.py(127): click_Success->//*[@id="base_box"]/div/div[3]/form/button
[2021-03-17 05:03:53]cl_getDriver.py(127): click_Success->//*[@id="base_box"]/div/div[3]/form/button
[2021-03-17 05:03:53]cl_getDriver.py(72): Open NewTab->https://kabuoji3.com/stock/3111/2015/
[2021-03-17 05:03:54]cl_getDriver.py(127): click_Success->//*[@id="base_box"]/div/div[3]/form/button
[2021-03-17 05:03:55]cl_getDriver.py(127): click_Success->//*[@id="base_box"]/div/div[3]/form/button
[2021-03-17 05:03:55]cl_getDriver.py(72): Open NewTab->https://kabuoji3.com/stock/3109/2014/
[2021-03-17 05:03:56]cl_getDriver.py(127): click_Success->//*[@id="base_box"]/div/div[3]/form/button
[2021-03-17 05:03:56]cl_getDriver.py(127): click_Success->//*[@id="base_box"]/div/div[3]/form/button
[2021-03-17 05:03:56]cl_getDriver.py(72): Open NewTab->https://kabuoji3.com/stock/3111/2014/
[2021-03-17 05:03:57]cl_getDriver.py(127): click_Success->//*[@id="base_box"]/div/div[3]/form/button
[2021-03-17 05:03:58]cl_getDriver.py(127): click_Success->//*[@id="base_box"]/div/div[3]/form/button
[2021-03-17 05:03:58]cl_getDriver.py(72): Open NewTab->https://kabuoji3.com/stock/3109/2013/
[2021-03-17 05:03:59]cl_getDriver.py(127): click_Success->//*[@id="base_box"]/div/div[3]/form/button
[2021-03-17 05:04:00]cl_getDriver.py(127): click_Success->//*[@id="base_box"]/div/div[3]/form/button
[2021-03-17 05:04:00]cl_getDriver.py(72): Open NewTab->https://kabuoji3.com/stock/3111/2013/
[2021-03-17 05:04:01]cl_getDriver.py(127): click_Success->//*[@id="base_box"]/div/div[3]/form/button
[2021-03-17 05:04:02]cl_getDriver.py(127): click_Success->//*[@id="base_box"]/div/div[3]/form/button
[2021-03-17 05:04:02]cl_getDriver.py(72): Open NewTab->https://kabuoji3.com/stock/3109/2012/
[2021-03-17 05:04:03]cl_getDriver.py(127): click_Success->//*[@id="base_box"]/div/div[3]/form/button
[2021-03-17 05:04:03]cl_getDriver.py(127): click_Success->//*[@id="base_box"]/div/div[3]/form/button
[2021-03-17 05:04:03]cl_getDriver.py(72): Open NewTab->https://kabuoji3.com/stock/3111/2012/
[2021-03-17 05:04:04]cl_getDriver.py(127): click_Success->//*[@id="base_box"]/div/div[3]/form/button
[2021-03-17 05:04:05]cl_getDriver.py(127): click_Success->//*[@id="base_box"]/div/div[3]/form/button
[2021-03-17 05:04:06]cl_getDriver.py(72): Open NewTab->https://kabuoji3.com/stock/3109/2011/
[2021-03-17 05:04:06]cl_getDriver.py(127): click_Success->//*[@id="base_box"]/div/div[3]/form/button
[2021-03-17 05:04:07]cl_getDriver.py(127): click_Success->//*[@id="base_box"]/div/div[3]/form/button
[2021-03-17 05:04:07]cl_getDriver.py(72): Open NewTab->https://kabuoji3.com/stock/3111/2011/
[2021-03-17 05:04:08]cl_getDriver.py(127): click_Success->//*[@id="base_box"]/div/div[3]/form/button
[2021-03-17 05:04:09]cl_getDriver.py(127): click_Success->//*[@id="base_box"]/div/div[3]/form/button
[2021-03-17 05:04:09]cl_getDriver.py(72): Open NewTab->https://kabuoji3.com/stock/3109/2010/
[2021-03-17 05:04:10]cl_getDriver.py(127): click_Success->//*[@id="base_box"]/div/div[3]/form/button
[2021-03-17 05:04:10]cl_getDriver.py(127): click_Success->//*[@id="base_box"]/div/div[3]/form/button
[2021-03-17 05:04:11]cl_getDriver.py(72): Open NewTab->https://kabuoji3.com/stock/3111/2010/
[2021-03-17 05:04:12]cl_getDriver.py(127): click_Success->//*[@id="base_box"]/div/div[3]/form/button
[2021-03-17 05:04:13]cl_getDriver.py(127): click_Success->//*[@id="base_box"]/div/div[3]/form/button
[2021-03-17 05:04:13]cl_getDriver.py(72): Open NewTab->https://kabuoji3.com/stock/3109/2009/
[2021-03-17 05:04:14]cl_getDriver.py(127): click_Success->//*[@id="base_box"]/div/div[3]/form/button
[2021-03-17 05:04:14]cl_getDriver.py(127): click_Success->//*[@id="base_box"]/div/div[3]/form/button
[2021-03-17 05:04:14]cl_getDriver.py(72): Open NewTab->https://kabuoji3.com/stock/3111/2009/
[2021-03-17 05:04:15]cl_getDriver.py(127): click_Success->//*[@id="base_box"]/div/div[3]/form/button
[2021-03-17 05:04:16]cl_getDriver.py(127): click_Success->//*[@id="base_box"]/div/div[3]/form/button
[2021-03-17 05:04:16]cl_getDriver.py(72): Open NewTab->https://kabuoji3.com/stock/3109/2008/
[2021-03-17 05:04:17]cl_getDriver.py(127): click_Success->//*[@id="base_box"]/div/div[3]/form/button
[2021-03-17 05:04:18]cl_getDriver.py(127): click_Success->//*[@id="base_box"]/div/div[3]/form/button
[2021-03-17 05:04:18]cl_getDriver.py(72): Open NewTab->https://kabuoji3.com/stock/3111/2008/
[2021-03-17 05:04:19]cl_getDriver.py(127): click_Success->//*[@id="base_box"]/div/div[3]/form/button
[2021-03-17 05:04:20]cl_getDriver.py(127): click_Success->//*[@id="base_box"]/div/div[3]/form/button
[2021-03-17 05:04:20]cl_getDriver.py(72): Open NewTab->https://kabuoji3.com/stock/3109/2007/
[2021-03-17 05:04:21]cl_getDriver.py(127): click_Success->//*[@id="base_box"]/div/div[3]/form/button
[2021-03-17 05:04:21]cl_getDriver.py(127): click_Success->//*[@id="base_box"]/div/div[3]/form/button
[2021-03-17 05:04:21]cl_getDriver.py(72): Open NewTab->https://kabuoji3.com/stock/3111/2007/
[2021-03-17 05:04:22]cl_getDriver.py(127): click_Success->//*[@id="base_box"]/div/div[3]/form/button
[2021-03-17 05:04:23]cl_getDriver.py(127): click_Success->//*[@id="base_box"]/div/div[3]/form/button
[2021-03-17 05:04:23]cl_getDriver.py(72): Open NewTab->https://kabuoji3.com/stock/3109/2006/
[2021-03-17 05:04:24]cl_getDriver.py(127): click_Success->//*[@id="base_box"]/div/div[3]/form/button
[2021-03-17 05:04:25]cl_getDriver.py(127): click_Success->//*[@id="base_box"]/div/div[3]/form/button
[2021-03-17 05:04:25]cl_getDriver.py(72): Open NewTab->https://kabuoji3.com/stock/3111/2006/
[2021-03-17 05:04:26]cl_getDriver.py(127): click_Success->//*[@id="base_box"]/div/div[3]/form/button
[2021-03-17 05:04:27]cl_getDriver.py(127): click_Success->//*[@id="base_box"]/div/div[3]/form/button
[2021-03-17 05:04:27]cl_getDriver.py(72): Open NewTab->https://kabuoji3.com/stock/3109/2005/
[2021-03-17 05:04:28]cl_getDriver.py(127): click_Success->//*[@id="base_box"]/div/div[3]/form/button
[2021-03-17 05:04:28]cl_getDriver.py(127): click_Success->//*[@id="base_box"]/div/div[3]/form/button
[2021-03-17 05:04:28]cl_getDriver.py(72): Open NewTab->https://kabuoji3.com/stock/3111/2005/
[2021-03-17 05:04:29]cl_getDriver.py(127): click_Success->//*[@id="base_box"]/div/div[3]/form/button
[2021-03-17 05:04:30]cl_getDriver.py(127): click_Success->//*[@id="base_box"]/div/div[3]/form/button
[2021-03-17 05:04:30]cl_getDriver.py(72): Open NewTab->https://kabuoji3.com/stock/3109/2004/
[2021-03-17 05:04:31]cl_getDriver.py(127): click_Success->//*[@id="base_box"]/div/div[3]/form/button
[2021-03-17 05:04:32]cl_getDriver.py(127): click_Success->//*[@id="base_box"]/div/div[3]/form/button
[2021-03-17 05:04:32]cl_getDriver.py(72): Open NewTab->https://kabuoji3.com/stock/3111/2004/
[2021-03-17 05:04:33]cl_getDriver.py(127): click_Success->//*[@id="base_box"]/div/div[3]/form/button
[2021-03-17 05:04:34]cl_getDriver.py(127): click_Success->//*[@id="base_box"]/div/div[3]/form/button
[2021-03-17 05:04:34]cl_getDriver.py(72): Open NewTab->https://kabuoji3.com/stock/3109/2003/
[2021-03-17 05:04:35]cl_getDriver.py(127): click_Success->//*[@id="base_box"]/div/div[3]/form/button
[2021-03-17 05:04:35]cl_getDriver.py(127): click_Success->//*[@id="base_box"]/div/div[3]/form/button
[2021-03-17 05:04:36]cl_getDriver.py(72): Open NewTab->https://kabuoji3.com/stock/3111/2003/
[2021-03-17 05:04:37]cl_getDriver.py(127): click_Success->//*[@id="base_box"]/div/div[3]/form/button
[2021-03-17 05:04:37]cl_getDriver.py(127): click_Success->//*[@id="base_box"]/div/div[3]/form/button
[2021-03-17 05:04:38]cl_getDriver.py(72): Open NewTab->https://kabuoji3.com/stock/3109/2002/
[2021-03-17 05:04:39]cl_getDriver.py(127): click_Success->//*[@id="base_box"]/div/div[3]/form/button
[2021-03-17 05:04:39]cl_getDriver.py(127): click_Success->//*[@id="base_box"]/div/div[3]/form/button
[2021-03-17 05:04:39]cl_getDriver.py(72): Open NewTab->https://kabuoji3.com/stock/3111/2002/
[2021-03-17 05:04:40]cl_getDriver.py(127): click_Success->//*[@id="base_box"]/div/div[3]/form/button
[2021-03-17 05:04:41]cl_getDriver.py(127): click_Success->//*[@id="base_box"]/div/div[3]/form/button
[2021-03-17 05:04:41]cl_getDriver.py(72): Open NewTab->https://kabuoji3.com/stock/3109/2001/
[2021-03-17 05:04:42]cl_getDriver.py(127): click_Success->//*[@id="base_box"]/div/div[3]/form/button
[2021-03-17 05:04:43]cl_getDriver.py(127): click_Success->//*[@id="base_box"]/div/div[3]/form/button
[2021-03-17 05:04:43]cl_getDriver.py(72): Open NewTab->https://kabuoji3.com/stock/3111/2001/
[2021-03-17 05:04:44]cl_getDriver.py(127): click_Success->//*[@id="base_box"]/div/div[3]/form/button
[2021-03-17 05:04:45]cl_getDriver.py(127): click_Success->//*[@id="base_box"]/div/div[3]/form/button
[2021-03-17 05:04:45]cl_getDriver.py(72): Open NewTab->https://kabuoji3.com/stock/3109/2000/
[2021-03-17 05:04:46]cl_getDriver.py(127): click_Success->//*[@id="base_box"]/div/div[3]/form/button
[2021-03-17 05:04:46]cl_getDriver.py(127): click_Success->//*[@id="base_box"]/div/div[3]/form/button
[2021-03-17 05:04:46]cl_getDriver.py(72): Open NewTab->https://kabuoji3.com/stock/3111/2000/
[2021-03-17 05:04:47]cl_getDriver.py(127): click_Success->//*[@id="base_box"]/div/div[3]/form/button
[2021-03-17 05:04:48]cl_getDriver.py(127): click_Success->//*[@id="base_box"]/div/div[3]/form/button
[2021-03-17 05:04:49]cl_getDriver.py(72): Open NewTab->https://kabuoji3.com/stock/3109/1999/
[2021-03-17 05:04:50]cl_getDriver.py(127): click_Success->//*[@id="base_box"]/div/div[3]/form/button
[2021-03-17 05:04:50]cl_getDriver.py(127): click_Success->//*[@id="base_box"]/div/div[3]/form/button
[2021-03-17 05:04:50]cl_getDriver.py(72): Open NewTab->https://kabuoji3.com/stock/3111/1999/
[2021-03-17 05:04:51]cl_getDriver.py(127): click_Success->//*[@id="base_box"]/div/div[3]/form/button
[2021-03-17 05:04:52]cl_getDriver.py(127): click_Success->//*[@id="base_box"]/div/div[3]/form/button
[2021-03-17 05:04:52]cl_getDriver.py(72): Open NewTab->https://kabuoji3.com/stock/3109/1998/
[2021-03-17 05:04:53]cl_getDriver.py(127): click_Success->//*[@id="base_box"]/div/div[3]/form/button
[2021-03-17 05:04:53]cl_getDriver.py(127): click_Success->//*[@id="base_box"]/div/div[3]/form/button
[2021-03-17 05:04:54]cl_getDriver.py(72): Open NewTab->https://kabuoji3.com/stock/3111/1998/
[2021-03-17 05:04:54]cl_getDriver.py(127): click_Success->//*[@id="base_box"]/div/div[3]/form/button
[2021-03-17 05:04:55]cl_getDriver.py(127): click_Success->//*[@id="base_box"]/div/div[3]/form/button
[2021-03-17 05:04:56]cl_getDriver.py(72): Open NewTab->https://kabuoji3.com/stock/3109/1997/
[2021-03-17 05:04:56]cl_getDriver.py(127): click_Success->//*[@id="base_box"]/div/div[3]/form/button
[2021-03-17 05:04:57]cl_getDriver.py(127): click_Success->//*[@id="base_box"]/div/div[3]/form/button
[2021-03-17 05:04:57]cl_getDriver.py(72): Open NewTab->https://kabuoji3.com/stock/3111/1997/
[2021-03-17 05:04:58]cl_getDriver.py(127): click_Success->//*[@id="base_box"]/div/div[3]/form/button
[2021-03-17 05:04:59]cl_getDriver.py(127): click_Success->//*[@id="base_box"]/div/div[3]/form/button
[2021-03-17 05:04:59]cl_getDriver.py(72): Open NewTab->https://kabuoji3.com/stock/3109/1996/
[2021-03-17 05:05:00]cl_getDriver.py(127): click_Success->//*[@id="base_box"]/div/div[3]/form/button
[2021-03-17 05:05:00]cl_getDriver.py(127): click_Success->//*[@id="base_box"]/div/div[3]/form/button
[2021-03-17 05:05:01]cl_getDriver.py(72): Open NewTab->https://kabuoji3.com/stock/3111/1996/
[2021-03-17 05:05:01]cl_getDriver.py(127): click_Success->//*[@id="base_box"]/div/div[3]/form/button
[2021-03-17 05:05:03]cl_getDriver.py(127): click_Success->//*[@id="base_box"]/div/div[3]/form/button
[2021-03-17 05:05:03]cl_getDriver.py(72): Open NewTab->https://kabuoji3.com/stock/3109/1995/
[2021-03-17 05:05:04]cl_getDriver.py(127): click_Success->//*[@id="base_box"]/div/div[3]/form/button
[2021-03-17 05:05:04]cl_getDriver.py(127): click_Success->//*[@id="base_box"]/div/div[3]/form/button
[2021-03-17 05:05:04]cl_getDriver.py(72): Open NewTab->https://kabuoji3.com/stock/3111/1995/
[2021-03-17 05:05:05]cl_getDriver.py(127): click_Success->//*[@id="base_box"]/div/div[3]/form/button
[2021-03-17 05:05:06]cl_getDriver.py(127): click_Success->//*[@id="base_box"]/div/div[3]/form/button
[2021-03-17 05:05:07]cl_getDriver.py(72): Open NewTab->https://kabuoji3.com/stock/3109/1994/
[2021-03-17 05:05:07]cl_getDriver.py(127): click_Success->//*[@id="base_box"]/div/div[3]/form/button
[2021-03-17 05:05:07]cl_getDriver.py(127): click_Success->//*[@id="base_box"]/div/div[3]/form/button
[2021-03-17 05:05:08]cl_getDriver.py(72): Open NewTab->https://kabuoji3.com/stock/3111/1994/
[2021-03-17 05:05:09]cl_getDriver.py(127): click_Success->//*[@id="base_box"]/div/div[3]/form/button
[2021-03-17 05:05:10]cl_getDriver.py(127): click_Success->//*[@id="base_box"]/div/div[3]/form/button
[2021-03-17 05:05:10]cl_getDriver.py(72): Open NewTab->https://kabuoji3.com/stock/3109/1993/
[2021-03-17 05:05:11]cl_getDriver.py(127): click_Success->//*[@id="base_box"]/div/div[3]/form/button
[2021-03-17 05:05:11]cl_getDriver.py(127): click_Success->//*[@id="base_box"]/div/div[3]/form/button
[2021-03-17 05:05:11]cl_getDriver.py(72): Open NewTab->https://kabuoji3.com/stock/3111/1993/
[2021-03-17 05:05:12]cl_getDriver.py(127): click_Success->//*[@id="base_box"]/div/div[3]/form/button
[2021-03-17 05:05:14]cl_getDriver.py(127): click_Success->//*[@id="base_box"]/div/div[3]/form/button
[2021-03-17 05:05:14]cl_getDriver.py(72): Open NewTab->https://kabuoji3.com/stock/3109/1992/
[2021-03-17 05:05:15]cl_getDriver.py(127): click_Success->//*[@id="base_box"]/div/div[3]/form/button
[2021-03-17 05:05:15]cl_getDriver.py(72): Open NewTab->https://kabuoji3.com/stock/3111/1992/
[2021-03-17 05:05:15]cl_getDriver.py(127): click_Success->//*[@id="base_box"]/div/div[3]/form/button
[2021-03-17 05:05:16]cl_getDriver.py(127): click_Success->//*[@id="base_box"]/div/div[3]/form/button
[2021-03-17 05:05:18]cl_getDriver.py(127): click_Success->//*[@id="base_box"]/div/div[3]/form/button
[2021-03-17 05:05:18]cl_getDriver.py(72): Open NewTab->https://kabuoji3.com/stock/3109/1991/
[2021-03-17 05:05:18]cl_getDriver.py(127): click_Success->//*[@id="base_box"]/div/div[3]/form/button
[2021-03-17 05:05:19]cl_getDriver.py(72): Open NewTab->https://kabuoji3.com/stock/3111/1991/
[2021-03-17 05:05:19]cl_getDriver.py(127): click_Success->//*[@id="base_box"]/div/div[3]/form/button
[2021-03-17 05:05:20]cl_getDriver.py(127): click_Success->//*[@id="base_box"]/div/div[3]/form/button
[2021-03-17 05:05:22]cl_getDriver.py(127): click_Success->//*[@id="base_box"]/div/div[3]/form/button
[2021-03-17 05:05:22]cl_getDriver.py(72): Open NewTab->https://kabuoji3.com/stock/3109/1990/
[2021-03-17 05:05:22]cl_getDriver.py(127): click_Success->//*[@id="base_box"]/div/div[3]/form/button
[2021-03-17 05:05:23]cl_getDriver.py(72): Open NewTab->https://kabuoji3.com/stock/3111/1990/
[2021-03-17 05:05:23]cl_getDriver.py(127): click_Success->//*[@id="base_box"]/div/div[3]/form/button
[2021-03-17 05:05:23]cl_getDriver.py(127): click_Success->//*[@id="base_box"]/div/div[3]/form/button
[2021-03-17 05:05:26]cl_getDriver.py(127): click_Success->//*[@id="base_box"]/div/div[3]/form/button
[2021-03-17 05:05:26]cl_getDriver.py(127): click_Success->//*[@id="base_box"]/div/div[3]/form/button
[2021-03-17 05:05:26]cl_getDriver.py(72): Open NewTab->https://kabuoji3.com/stock/3109/1989/
[2021-03-17 05:05:26]cl_getDriver.py(72): Open NewTab->https://kabuoji3.com/stock/3111/1989/
[2021-03-17 05:05:28]cl_getDriver.py(127): click_Success->//*[@id="base_box"]/div/div[3]/form/button
[2021-03-17 05:05:28]cl_getDriver.py(127): click_Success->//*[@id="base_box"]/div/div[3]/form/button
[2021-03-17 05:05:30]cl_getDriver.py(127): click_Success->//*[@id="base_box"]/div/div[3]/form/button
[2021-03-17 05:05:30]cl_getDriver.py(127): click_Success->//*[@id="base_box"]/div/div[3]/form/button
[2021-03-17 05:05:31]cl_getDriver.py(72): Open NewTab->https://kabuoji3.com/stock/3111/1988/
[2021-03-17 05:05:31]cl_getDriver.py(72): Open NewTab->https://kabuoji3.com/stock/3109/1988/
[2021-03-17 05:05:32]cl_getDriver.py(127): click_Success->//*[@id="base_box"]/div/div[3]/form/button
[2021-03-17 05:05:32]cl_getDriver.py(127): click_Success->//*[@id="base_box"]/div/div[3]/form/button
[2021-03-17 05:05:34]cl_getDriver.py(127): click_Success->//*[@id="base_box"]/div/div[3]/form/button
[2021-03-17 05:05:34]cl_getDriver.py(127): click_Success->//*[@id="base_box"]/div/div[3]/form/button
[2021-03-17 05:05:35]cl_getDriver.py(72): Open NewTab->https://kabuoji3.com/stock/3111/1987/
[2021-03-17 05:05:35]cl_getDriver.py(72): Open NewTab->https://kabuoji3.com/stock/3109/1987/
[2021-03-17 05:05:36]cl_getDriver.py(127): click_Success->//*[@id="base_box"]/div/div[3]/form/button
[2021-03-17 05:05:36]cl_getDriver.py(127): click_Success->//*[@id="base_box"]/div/div[3]/form/button
[2021-03-17 05:05:38]cl_getDriver.py(127): click_Success->//*[@id="base_box"]/div/div[3]/form/button
[2021-03-17 05:05:38]cl_getDriver.py(127): click_Success->//*[@id="base_box"]/div/div[3]/form/button
[2021-03-17 05:05:39]cl_getDriver.py(72): Open NewTab->https://kabuoji3.com/stock/3111/1986/
[2021-03-17 05:05:39]cl_getDriver.py(72): Open NewTab->https://kabuoji3.com/stock/3109/1986/
[2021-03-17 05:05:40]cl_getDriver.py(127): click_Success->//*[@id="base_box"]/div/div[3]/form/button
[2021-03-17 05:05:40]cl_getDriver.py(127): click_Success->//*[@id="base_box"]/div/div[3]/form/button
[2021-03-17 05:05:42]cl_getDriver.py(127): click_Success->//*[@id="base_box"]/div/div[3]/form/button
[2021-03-17 05:05:42]cl_getDriver.py(127): click_Success->//*[@id="base_box"]/div/div[3]/form/button
[2021-03-17 05:05:43]cl_getDriver.py(72): Open NewTab->https://kabuoji3.com/stock/3109/1985/
[2021-03-17 05:05:43]cl_getDriver.py(72): Open NewTab->https://kabuoji3.com/stock/3111/1985/
[2021-03-17 05:05:44]cl_getDriver.py(127): click_Success->//*[@id="base_box"]/div/div[3]/form/button
[2021-03-17 05:05:44]cl_getDriver.py(127): click_Success->//*[@id="base_box"]/div/div[3]/form/button
[2021-03-17 05:05:47]cl_getDriver.py(127): click_Success->//*[@id="base_box"]/div/div[3]/form/button
[2021-03-17 05:05:47]cl_getDriver.py(127): click_Success->//*[@id="base_box"]/div/div[3]/form/button
[2021-03-17 05:05:47]cl_getDriver.py(72): Open NewTab->https://kabuoji3.com/stock/3109/1984/
[2021-03-17 05:05:47]cl_getDriver.py(72): Open NewTab->https://kabuoji3.com/stock/3111/1984/
[2021-03-17 05:05:48]cl_getDriver.py(127): click_Success->//*[@id="base_box"]/div/div[3]/form/button
[2021-03-17 05:05:48]cl_getDriver.py(127): click_Success->//*[@id="base_box"]/div/div[3]/form/button
[2021-03-17 05:05:51]cl_getDriver.py(127): click_Success->//*[@id="base_box"]/div/div[3]/form/button
[2021-03-17 05:05:51]cl_getDriver.py(127): click_Success->//*[@id="base_box"]/div/div[3]/form/button
[2021-03-17 05:05:51]cl_getDriver.py(72): Open NewTab->https://kabuoji3.com/stock/3111/1983/
[2021-03-17 05:05:52]cl_getDriver.py(72): Open NewTab->https://kabuoji3.com/stock/3109/1983/
[2021-03-17 05:05:53]cl_getDriver.py(127): click_Success->//*[@id="base_box"]/div/div[3]/form/button
[2021-03-17 05:05:53]cl_getDriver.py(127): click_Success->//*[@id="base_box"]/div/div[3]/form/button
[2021-03-17 05:05:55]cl_getDriver.py(127): click_Success->//*[@id="base_box"]/div/div[3]/form/button
[2021-03-17 05:05:55]cl_getDriver.py(127): click_Success->//*[@id="base_box"]/div/div[3]/form/button
[2021-03-17 05:05:59]main.py(42): finished Process->https://kabuoji3.com/stock/3109/
[2021-03-17 05:05:59]main.py(15): start_Process->https://kabuoji3.com/stock/3123/
[2021-03-17 05:06:00]main.py(42): finished Process->https://kabuoji3.com/stock/3111/
[2021-03-17 05:06:00]main.py(15): start_Process->https://kabuoji3.com/stock/3125/
[2021-03-17 05:06:06]cl_getDriver.py(64): getURL=https://kabuoji3.com/stock/3125/
[2021-03-17 05:06:06]cl_getDriver.py(64): getURL=https://kabuoji3.com/stock/3123/
[2021-03-17 05:06:07]cl_getDriver.py(72): Open NewTab->https://kabuoji3.com/stock/3125/
[2021-03-17 05:06:07]cl_getDriver.py(72): Open NewTab->https://kabuoji3.com/stock/3123/
[2021-03-17 05:06:08]cl_getDriver.py(130): Not Found->//*[@id="base_box"]/div/div[3]/form/button
[2021-03-17 05:06:08]cl_getDriver.py(130): Not Found->//*[@id="base_box"]/div/div[3]/form/button
[2021-03-17 05:06:10]cl_getDriver.py(130): Not Found->//*[@id="base_box"]/div/div[3]/form/button
[2021-03-17 05:06:10]cl_getDriver.py(130): Not Found->//*[@id="base_box"]/div/div[3]/form/button
[2021-03-17 05:06:10]cl_getDriver.py(72): Open NewTab->https://kabuoji3.com/stock/3125/2021/
[2021-03-17 05:06:10]cl_getDriver.py(72): Open NewTab->https://kabuoji3.com/stock/3123/2021/
[2021-03-17 05:06:11]cl_getDriver.py(127): click_Success->//*[@id="base_box"]/div/div[3]/form/button
[2021-03-17 05:06:11]cl_getDriver.py(127): click_Success->//*[@id="base_box"]/div/div[3]/form/button
[2021-03-17 05:06:13]cl_getDriver.py(127): click_Success->//*[@id="base_box"]/div/div[3]/form/button
[2021-03-17 05:06:13]cl_getDriver.py(127): click_Success->//*[@id="base_box"]/div/div[3]/form/button
[2021-03-17 05:06:14]cl_getDriver.py(72): Open NewTab->https://kabuoji3.com/stock/3125/2020/
[2021-03-17 05:06:14]cl_getDriver.py(72): Open NewTab->https://kabuoji3.com/stock/3123/2020/
[2021-03-17 05:06:15]cl_getDriver.py(127): click_Success->//*[@id="base_box"]/div/div[3]/form/button
[2021-03-17 05:06:16]cl_getDriver.py(127): click_Success->//*[@id="base_box"]/div/div[3]/form/button
[2021-03-17 05:06:18]cl_getDriver.py(127): click_Success->//*[@id="base_box"]/div/div[3]/form/button
[2021-03-17 05:06:18]cl_getDriver.py(127): click_Success->//*[@id="base_box"]/div/div[3]/form/button
[2021-03-17 05:06:18]cl_getDriver.py(72): Open NewTab->https://kabuoji3.com/stock/3123/2019/
[2021-03-17 05:06:18]cl_getDriver.py(72): Open NewTab->https://kabuoji3.com/stock/3125/2019/
[2021-03-17 05:06:20]cl_getDriver.py(127): click_Success->//*[@id="base_box"]/div/div[3]/form/button
[2021-03-17 05:06:20]cl_getDriver.py(127): click_Success->//*[@id="base_box"]/div/div[3]/form/button
[2021-03-17 05:06:22]cl_getDriver.py(127): click_Success->//*[@id="base_box"]/div/div[3]/form/button
[2021-03-17 05:06:22]cl_getDriver.py(127): click_Success->//*[@id="base_box"]/div/div[3]/form/button
[2021-03-17 05:06:23]cl_getDriver.py(72): Open NewTab->https://kabuoji3.com/stock/3125/2018/
[2021-03-17 05:06:23]cl_getDriver.py(72): Open NewTab->https://kabuoji3.com/stock/3123/2018/
[2021-03-17 05:06:24]cl_getDriver.py(127): click_Success->//*[@id="base_box"]/div/div[3]/form/button
[2021-03-17 05:06:24]cl_getDriver.py(127): click_Success->//*[@id="base_box"]/div/div[3]/form/button
[2021-03-17 05:06:26]cl_getDriver.py(127): click_Success->//*[@id="base_box"]/div/div[3]/form/button
[2021-03-17 05:06:26]cl_getDriver.py(127): click_Success->//*[@id="base_box"]/div/div[3]/form/button
[2021-03-17 05:06:27]cl_getDriver.py(72): Open NewTab->https://kabuoji3.com/stock/3123/2017/
[2021-03-17 05:06:27]cl_getDriver.py(72): Open NewTab->https://kabuoji3.com/stock/3125/2017/
[2021-03-17 05:06:28]cl_getDriver.py(127): click_Success->//*[@id="base_box"]/div/div[3]/form/button
[2021-03-17 05:06:28]cl_getDriver.py(127): click_Success->//*[@id="base_box"]/div/div[3]/form/button
[2021-03-17 05:06:31]cl_getDriver.py(127): click_Success->//*[@id="base_box"]/div/div[3]/form/button
[2021-03-17 05:06:31]cl_getDriver.py(127): click_Success->//*[@id="base_box"]/div/div[3]/form/button
[2021-03-17 05:06:32]cl_getDriver.py(72): Open NewTab->https://kabuoji3.com/stock/3125/2016/
[2021-03-17 05:06:32]cl_getDriver.py(72): Open NewTab->https://kabuoji3.com/stock/3123/2016/
[2021-03-17 05:06:33]cl_getDriver.py(127): click_Success->//*[@id="base_box"]/div/div[3]/form/button
[2021-03-17 05:06:33]cl_getDriver.py(127): click_Success->//*[@id="base_box"]/div/div[3]/form/button
[2021-03-17 05:06:35]cl_getDriver.py(127): click_Success->//*[@id="base_box"]/div/div[3]/form/button
[2021-03-17 05:06:36]cl_getDriver.py(72): Open NewTab->https://kabuoji3.com/stock/3125/2015/
[2021-03-17 05:06:36]cl_getDriver.py(127): click_Success->//*[@id="base_box"]/div/div[3]/form/button
[2021-03-17 05:06:36]cl_getDriver.py(72): Open NewTab->https://kabuoji3.com/stock/3123/2015/
[2021-03-17 05:06:37]cl_getDriver.py(127): click_Success->//*[@id="base_box"]/div/div[3]/form/button
[2021-03-17 05:06:38]cl_getDriver.py(127): click_Success->//*[@id="base_box"]/div/div[3]/form/button
[2021-03-17 05:06:39]cl_getDriver.py(127): click_Success->//*[@id="base_box"]/div/div[3]/form/button
[2021-03-17 05:06:40]cl_getDriver.py(72): Open NewTab->https://kabuoji3.com/stock/3125/2014/
[2021-03-17 05:06:40]cl_getDriver.py(127): click_Success->//*[@id="base_box"]/div/div[3]/form/button
[2021-03-17 05:06:40]cl_getDriver.py(72): Open NewTab->https://kabuoji3.com/stock/3123/2014/
[2021-03-17 05:06:41]cl_getDriver.py(127): click_Success->//*[@id="base_box"]/div/div[3]/form/button
[2021-03-17 05:06:42]cl_getDriver.py(127): click_Success->//*[@id="base_box"]/div/div[3]/form/button
[2021-03-17 05:06:44]cl_getDriver.py(127): click_Success->//*[@id="base_box"]/div/div[3]/form/button
[2021-03-17 05:06:44]cl_getDriver.py(127): click_Success->//*[@id="base_box"]/div/div[3]/form/button
[2021-03-17 05:06:44]cl_getDriver.py(72): Open NewTab->https://kabuoji3.com/stock/3125/2013/
[2021-03-17 05:06:44]cl_getDriver.py(72): Open NewTab->https://kabuoji3.com/stock/3123/2013/
[2021-03-17 05:06:45]cl_getDriver.py(127): click_Success->//*[@id="base_box"]/div/div[3]/form/button
[2021-03-17 05:06:46]cl_getDriver.py(127): click_Success->//*[@id="base_box"]/div/div[3]/form/button
[2021-03-17 05:06:48]cl_getDriver.py(127): click_Success->//*[@id="base_box"]/div/div[3]/form/button
[2021-03-17 05:06:48]cl_getDriver.py(127): click_Success->//*[@id="base_box"]/div/div[3]/form/button
[2021-03-17 05:06:48]cl_getDriver.py(72): Open NewTab->https://kabuoji3.com/stock/3125/2012/
[2021-03-17 05:06:48]cl_getDriver.py(72): Open NewTab->https://kabuoji3.com/stock/3123/2012/
[2021-03-17 05:06:50]cl_getDriver.py(127): click_Success->//*[@id="base_box"]/div/div[3]/form/button
[2021-03-17 05:06:50]cl_getDriver.py(127): click_Success->//*[@id="base_box"]/div/div[3]/form/button
[2021-03-17 05:06:52]cl_getDriver.py(127): click_Success->//*[@id="base_box"]/div/div[3]/form/button
[2021-03-17 05:06:52]cl_getDriver.py(127): click_Success->//*[@id="base_box"]/div/div[3]/form/button
[2021-03-17 05:06:53]cl_getDriver.py(72): Open NewTab->https://kabuoji3.com/stock/3125/2011/
[2021-03-17 05:06:53]cl_getDriver.py(72): Open NewTab->https://kabuoji3.com/stock/3123/2011/
[2021-03-17 05:06:54]cl_getDriver.py(127): click_Success->//*[@id="base_box"]/div/div[3]/form/button
[2021-03-17 05:06:54]cl_getDriver.py(127): click_Success->//*[@id="base_box"]/div/div[3]/form/button
[2021-03-17 05:06:57]cl_getDriver.py(127): click_Success->//*[@id="base_box"]/div/div[3]/form/button
[2021-03-17 05:06:57]cl_getDriver.py(127): click_Success->//*[@id="base_box"]/div/div[3]/form/button
[2021-03-17 05:06:57]cl_getDriver.py(72): Open NewTab->https://kabuoji3.com/stock/3123/2010/
[2021-03-17 05:06:57]cl_getDriver.py(72): Open NewTab->https://kabuoji3.com/stock/3125/2010/
[2021-03-17 05:06:58]cl_getDriver.py(127): click_Success->//*[@id="base_box"]/div/div[3]/form/button
[2021-03-17 05:06:59]cl_getDriver.py(127): click_Success->//*[@id="base_box"]/div/div[3]/form/button
[2021-03-17 05:07:01]cl_getDriver.py(127): click_Success->//*[@id="base_box"]/div/div[3]/form/button
[2021-03-17 05:07:01]cl_getDriver.py(72): Open NewTab->https://kabuoji3.com/stock/3123/2009/
[2021-03-17 05:07:01]cl_getDriver.py(127): click_Success->//*[@id="base_box"]/div/div[3]/form/button
[2021-03-17 05:07:02]cl_getDriver.py(72): Open NewTab->https://kabuoji3.com/stock/3125/2009/
[2021-03-17 05:07:02]cl_getDriver.py(127): click_Success->//*[@id="base_box"]/div/div[3]/form/button
[2021-03-17 05:07:03]cl_getDriver.py(127): click_Success->//*[@id="base_box"]/div/div[3]/form/button
[2021-03-17 05:07:05]cl_getDriver.py(127): click_Success->//*[@id="base_box"]/div/div[3]/form/button
[2021-03-17 05:07:05]cl_getDriver.py(72): Open NewTab->https://kabuoji3.com/stock/3123/2008/
[2021-03-17 05:07:05]cl_getDriver.py(127): click_Success->//*[@id="base_box"]/div/div[3]/form/button
[2021-03-17 05:07:06]cl_getDriver.py(72): Open NewTab->https://kabuoji3.com/stock/3125/2008/
[2021-03-17 05:07:06]cl_getDriver.py(127): click_Success->//*[@id="base_box"]/div/div[3]/form/button
[2021-03-17 05:07:07]cl_getDriver.py(127): click_Success->//*[@id="base_box"]/div/div[3]/form/button
[2021-03-17 05:07:09]cl_getDriver.py(127): click_Success->//*[@id="base_box"]/div/div[3]/form/button
[2021-03-17 05:07:09]cl_getDriver.py(72): Open NewTab->https://kabuoji3.com/stock/3123/2007/
[2021-03-17 05:07:09]cl_getDriver.py(127): click_Success->//*[@id="base_box"]/div/div[3]/form/button
[2021-03-17 05:07:10]cl_getDriver.py(72): Open NewTab->https://kabuoji3.com/stock/3125/2007/
[2021-03-17 05:07:10]cl_getDriver.py(127): click_Success->//*[@id="base_box"]/div/div[3]/form/button
[2021-03-17 05:07:11]cl_getDriver.py(127): click_Success->//*[@id="base_box"]/div/div[3]/form/button
[2021-03-17 05:07:13]cl_getDriver.py(127): click_Success->//*[@id="base_box"]/div/div[3]/form/button
[2021-03-17 05:07:13]cl_getDriver.py(72): Open NewTab->https://kabuoji3.com/stock/3123/2006/
[2021-03-17 05:07:14]cl_getDriver.py(127): click_Success->//*[@id="base_box"]/div/div[3]/form/button
[2021-03-17 05:07:14]cl_getDriver.py(127): click_Success->//*[@id="base_box"]/div/div[3]/form/button
[2021-03-17 05:07:14]cl_getDriver.py(72): Open NewTab->https://kabuoji3.com/stock/3125/2006/
[2021-03-17 05:07:15]cl_getDriver.py(127): click_Success->//*[@id="base_box"]/div/div[3]/form/button
[2021-03-17 05:07:16]cl_getDriver.py(127): click_Success->//*[@id="base_box"]/div/div[3]/form/button
[2021-03-17 05:07:17]cl_getDriver.py(72): Open NewTab->https://kabuoji3.com/stock/3123/2005/
[2021-03-17 05:07:18]cl_getDriver.py(127): click_Success->//*[@id="base_box"]/div/div[3]/form/button
[2021-03-17 05:07:18]cl_getDriver.py(72): Open NewTab->https://kabuoji3.com/stock/3125/2005/
[2021-03-17 05:07:18]cl_getDriver.py(127): click_Success->//*[@id="base_box"]/div/div[3]/form/button
[2021-03-17 05:07:19]cl_getDriver.py(127): click_Success->//*[@id="base_box"]/div/div[3]/form/button
[2021-03-17 05:07:20]cl_getDriver.py(127): click_Success->//*[@id="base_box"]/div/div[3]/form/button
[2021-03-17 05:07:21]cl_getDriver.py(72): Open NewTab->https://kabuoji3.com/stock/3123/2004/
[2021-03-17 05:07:21]cl_getDriver.py(127): click_Success->//*[@id="base_box"]/div/div[3]/form/button
[2021-03-17 05:07:22]cl_getDriver.py(72): Open NewTab->https://kabuoji3.com/stock/3125/2004/
[2021-03-17 05:07:22]cl_getDriver.py(127): click_Success->//*[@id="base_box"]/div/div[3]/form/button
[2021-03-17 05:07:23]cl_getDriver.py(127): click_Success->//*[@id="base_box"]/div/div[3]/form/button
[2021-03-17 05:07:24]cl_getDriver.py(127): click_Success->//*[@id="base_box"]/div/div[3]/form/button
[2021-03-17 05:07:25]cl_getDriver.py(72): Open NewTab->https://kabuoji3.com/stock/3123/2003/
[2021-03-17 05:07:25]cl_getDriver.py(127): click_Success->//*[@id="base_box"]/div/div[3]/form/button
[2021-03-17 05:07:26]cl_getDriver.py(127): click_Success->//*[@id="base_box"]/div/div[3]/form/button
[2021-03-17 05:07:26]cl_getDriver.py(72): Open NewTab->https://kabuoji3.com/stock/3125/2003/
[2021-03-17 05:07:27]cl_getDriver.py(127): click_Success->//*[@id="base_box"]/div/div[3]/form/button
[2021-03-17 05:07:28]cl_getDriver.py(127): click_Success->//*[@id="base_box"]/div/div[3]/form/button
[2021-03-17 05:07:28]cl_getDriver.py(72): Open NewTab->https://kabuoji3.com/stock/3123/2002/
[2021-03-17 05:07:29]cl_getDriver.py(127): click_Success->//*[@id="base_box"]/div/div[3]/form/button
[2021-03-17 05:07:29]cl_getDriver.py(127): click_Success->//*[@id="base_box"]/div/div[3]/form/button
[2021-03-17 05:07:29]cl_getDriver.py(72): Open NewTab->https://kabuoji3.com/stock/3125/2002/
[2021-03-17 05:07:30]cl_getDriver.py(127): click_Success->//*[@id="base_box"]/div/div[3]/form/button
[2021-03-17 05:07:32]cl_getDriver.py(127): click_Success->//*[@id="base_box"]/div/div[3]/form/button
[2021-03-17 05:07:32]cl_getDriver.py(72): Open NewTab->https://kabuoji3.com/stock/3123/2001/
[2021-03-17 05:07:33]cl_getDriver.py(127): click_Success->//*[@id="base_box"]/div/div[3]/form/button
[2021-03-17 05:07:33]cl_getDriver.py(127): click_Success->//*[@id="base_box"]/div/div[3]/form/button
[2021-03-17 05:07:33]cl_getDriver.py(72): Open NewTab->https://kabuoji3.com/stock/3125/2001/
[2021-03-17 05:07:34]cl_getDriver.py(127): click_Success->//*[@id="base_box"]/div/div[3]/form/button
[2021-03-17 05:07:36]cl_getDriver.py(127): click_Success->//*[@id="base_box"]/div/div[3]/form/button
[2021-03-17 05:07:36]cl_getDriver.py(72): Open NewTab->https://kabuoji3.com/stock/3123/2000/
[2021-03-17 05:07:37]cl_getDriver.py(127): click_Success->//*[@id="base_box"]/div/div[3]/form/button
[2021-03-17 05:07:37]cl_getDriver.py(127): click_Success->//*[@id="base_box"]/div/div[3]/form/button
[2021-03-17 05:07:37]cl_getDriver.py(72): Open NewTab->https://kabuoji3.com/stock/3125/2000/
[2021-03-17 05:07:38]cl_getDriver.py(127): click_Success->//*[@id="base_box"]/div/div[3]/form/button
[2021-03-17 05:07:39]cl_getDriver.py(127): click_Success->//*[@id="base_box"]/div/div[3]/form/button
[2021-03-17 05:07:39]cl_getDriver.py(72): Open NewTab->https://kabuoji3.com/stock/3123/1999/
[2021-03-17 05:07:40]cl_getDriver.py(127): click_Success->//*[@id="base_box"]/div/div[3]/form/button
[2021-03-17 05:07:40]cl_getDriver.py(127): click_Success->//*[@id="base_box"]/div/div[3]/form/button
[2021-03-17 05:07:41]cl_getDriver.py(72): Open NewTab->https://kabuoji3.com/stock/3125/1999/
[2021-03-17 05:07:42]cl_getDriver.py(127): click_Success->//*[@id="base_box"]/div/div[3]/form/button
[2021-03-17 05:07:43]cl_getDriver.py(127): click_Success->//*[@id="base_box"]/div/div[3]/form/button
[2021-03-17 05:07:43]cl_getDriver.py(72): Open NewTab->https://kabuoji3.com/stock/3123/1998/
[2021-03-17 05:07:44]cl_getDriver.py(127): click_Success->//*[@id="base_box"]/div/div[3]/form/button
[2021-03-17 05:07:44]cl_getDriver.py(127): click_Success->//*[@id="base_box"]/div/div[3]/form/button
[2021-03-17 05:07:44]cl_getDriver.py(72): Open NewTab->https://kabuoji3.com/stock/3125/1998/
[2021-03-17 05:07:45]cl_getDriver.py(127): click_Success->//*[@id="base_box"]/div/div[3]/form/button
[2021-03-17 05:07:46]cl_getDriver.py(127): click_Success->//*[@id="base_box"]/div/div[3]/form/button
[2021-03-17 05:07:46]cl_getDriver.py(72): Open NewTab->https://kabuoji3.com/stock/3123/1997/
[2021-03-17 05:07:47]cl_getDriver.py(127): click_Success->//*[@id="base_box"]/div/div[3]/form/button
[2021-03-17 05:07:47]cl_getDriver.py(127): click_Success->//*[@id="base_box"]/div/div[3]/form/button
[2021-03-17 05:07:48]cl_getDriver.py(72): Open NewTab->https://kabuoji3.com/stock/3125/1997/
[2021-03-17 05:07:49]cl_getDriver.py(127): click_Success->//*[@id="base_box"]/div/div[3]/form/button
[2021-03-17 05:07:50]cl_getDriver.py(127): click_Success->//*[@id="base_box"]/div/div[3]/form/button
[2021-03-17 05:07:50]cl_getDriver.py(72): Open NewTab->https://kabuoji3.com/stock/3123/1996/
[2021-03-17 05:07:51]cl_getDriver.py(127): click_Success->//*[@id="base_box"]/div/div[3]/form/button
[2021-03-17 05:07:51]cl_getDriver.py(127): click_Success->//*[@id="base_box"]/div/div[3]/form/button
[2021-03-17 05:07:51]cl_getDriver.py(72): Open NewTab->https://kabuoji3.com/stock/3125/1996/
[2021-03-17 05:07:53]cl_getDriver.py(127): click_Success->//*[@id="base_box"]/div/div[3]/form/button
[2021-03-17 05:07:53]cl_getDriver.py(72): Open NewTab->https://kabuoji3.com/stock/3123/1995/
[2021-03-17 05:07:54]cl_getDriver.py(127): click_Success->//*[@id="base_box"]/div/div[3]/form/button
[2021-03-17 05:07:54]cl_getDriver.py(127): click_Success->//*[@id="base_box"]/div/div[3]/form/button
[2021-03-17 05:07:57]cl_getDriver.py(127): click_Success->//*[@id="base_box"]/div/div[3]/form/button
[2021-03-17 05:07:57]cl_getDriver.py(127): click_Success->//*[@id="base_box"]/div/div[3]/form/button
[2021-03-17 05:07:57]cl_getDriver.py(72): Open NewTab->https://kabuoji3.com/stock/3125/1995/
[2021-03-17 05:07:57]cl_getDriver.py(72): Open NewTab->https://kabuoji3.com/stock/3123/1994/
[2021-03-17 05:07:59]cl_getDriver.py(127): click_Success->//*[@id="base_box"]/div/div[3]/form/button
[2021-03-17 05:07:59]cl_getDriver.py(127): click_Success->//*[@id="base_box"]/div/div[3]/form/button
[2021-03-17 05:08:01]cl_getDriver.py(127): click_Success->//*[@id="base_box"]/div/div[3]/form/button
[2021-03-17 05:08:01]cl_getDriver.py(127): click_Success->//*[@id="base_box"]/div/div[3]/form/button
[2021-03-17 05:08:02]cl_getDriver.py(72): Open NewTab->https://kabuoji3.com/stock/3123/1993/
[2021-03-17 05:08:02]cl_getDriver.py(72): Open NewTab->https://kabuoji3.com/stock/3125/1994/
[2021-03-17 05:08:03]cl_getDriver.py(127): click_Success->//*[@id="base_box"]/div/div[3]/form/button
[2021-03-17 05:08:03]cl_getDriver.py(127): click_Success->//*[@id="base_box"]/div/div[3]/form/button
[2021-03-17 05:08:05]cl_getDriver.py(127): click_Success->//*[@id="base_box"]/div/div[3]/form/button
[2021-03-17 05:08:05]cl_getDriver.py(127): click_Success->//*[@id="base_box"]/div/div[3]/form/button
[2021-03-17 05:08:06]cl_getDriver.py(72): Open NewTab->https://kabuoji3.com/stock/3123/1992/
[2021-03-17 05:08:06]cl_getDriver.py(72): Open NewTab->https://kabuoji3.com/stock/3125/1993/
[2021-03-17 05:08:07]cl_getDriver.py(127): click_Success->//*[@id="base_box"]/div/div[3]/form/button
[2021-03-17 05:08:07]cl_getDriver.py(127): click_Success->//*[@id="base_box"]/div/div[3]/form/button
[2021-03-17 05:08:09]cl_getDriver.py(127): click_Success->//*[@id="base_box"]/div/div[3]/form/button
[2021-03-17 05:08:10]cl_getDriver.py(72): Open NewTab->https://kabuoji3.com/stock/3123/1991/
[2021-03-17 05:08:10]cl_getDriver.py(127): click_Success->//*[@id="base_box"]/div/div[3]/form/button
[2021-03-17 05:08:10]cl_getDriver.py(72): Open NewTab->https://kabuoji3.com/stock/3125/1992/
[2021-03-17 05:08:11]cl_getDriver.py(127): click_Success->//*[@id="base_box"]/div/div[3]/form/button
[2021-03-17 05:08:11]cl_getDriver.py(127): click_Success->//*[@id="base_box"]/div/div[3]/form/button
[2021-03-17 05:08:13]cl_getDriver.py(127): click_Success->//*[@id="base_box"]/div/div[3]/form/button
[2021-03-17 05:08:14]cl_getDriver.py(72): Open NewTab->https://kabuoji3.com/stock/3123/1990/
[2021-03-17 05:08:14]cl_getDriver.py(127): click_Success->//*[@id="base_box"]/div/div[3]/form/button
[2021-03-17 05:08:14]cl_getDriver.py(72): Open NewTab->https://kabuoji3.com/stock/3125/1991/
[2021-03-17 05:08:15]cl_getDriver.py(127): click_Success->//*[@id="base_box"]/div/div[3]/form/button
[2021-03-17 05:08:15]cl_getDriver.py(127): click_Success->//*[@id="base_box"]/div/div[3]/form/button
[2021-03-17 05:08:17]cl_getDriver.py(127): click_Success->//*[@id="base_box"]/div/div[3]/form/button
[2021-03-17 05:08:17]cl_getDriver.py(72): Open NewTab->https://kabuoji3.com/stock/3123/1989/
[2021-03-17 05:08:18]cl_getDriver.py(127): click_Success->//*[@id="base_box"]/div/div[3]/form/button
[2021-03-17 05:08:18]cl_getDriver.py(72): Open NewTab->https://kabuoji3.com/stock/3125/1990/
[2021-03-17 05:08:19]cl_getDriver.py(127): click_Success->//*[@id="base_box"]/div/div[3]/form/button
[2021-03-17 05:08:19]cl_getDriver.py(127): click_Success->//*[@id="base_box"]/div/div[3]/form/button
[2021-03-17 05:08:21]cl_getDriver.py(127): click_Success->//*[@id="base_box"]/div/div[3]/form/button
[2021-03-17 05:08:21]cl_getDriver.py(72): Open NewTab->https://kabuoji3.com/stock/3123/1988/
[2021-03-17 05:08:22]cl_getDriver.py(127): click_Success->//*[@id="base_box"]/div/div[3]/form/button
[2021-03-17 05:08:22]cl_getDriver.py(72): Open NewTab->https://kabuoji3.com/stock/3125/1989/
[2021-03-17 05:08:23]cl_getDriver.py(127): click_Success->//*[@id="base_box"]/div/div[3]/form/button
[2021-03-17 05:08:23]cl_getDriver.py(127): click_Success->//*[@id="base_box"]/div/div[3]/form/button
[2021-03-17 05:08:25]cl_getDriver.py(127): click_Success->//*[@id="base_box"]/div/div[3]/form/button
[2021-03-17 05:08:25]cl_getDriver.py(127): click_Success->//*[@id="base_box"]/div/div[3]/form/button
[2021-03-17 05:08:25]cl_getDriver.py(72): Open NewTab->https://kabuoji3.com/stock/3123/1987/
[2021-03-17 05:08:26]cl_getDriver.py(72): Open NewTab->https://kabuoji3.com/stock/3125/1988/
[2021-03-17 05:08:27]cl_getDriver.py(127): click_Success->//*[@id="base_box"]/div/div[3]/form/button
[2021-03-17 05:08:27]cl_getDriver.py(127): click_Success->//*[@id="base_box"]/div/div[3]/form/button
[2021-03-17 05:08:29]cl_getDriver.py(127): click_Success->//*[@id="base_box"]/div/div[3]/form/button
[2021-03-17 05:08:29]cl_getDriver.py(127): click_Success->//*[@id="base_box"]/div/div[3]/form/button
[2021-03-17 05:08:30]cl_getDriver.py(72): Open NewTab->https://kabuoji3.com/stock/3123/1986/
[2021-03-17 05:08:30]cl_getDriver.py(72): Open NewTab->https://kabuoji3.com/stock/3125/1987/
[2021-03-17 05:08:31]cl_getDriver.py(127): click_Success->//*[@id="base_box"]/div/div[3]/form/button
[2021-03-17 05:08:31]cl_getDriver.py(127): click_Success->//*[@id="base_box"]/div/div[3]/form/button
[2021-03-17 05:08:33]cl_getDriver.py(127): click_Success->//*[@id="base_box"]/div/div[3]/form/button
[2021-03-17 05:08:33]cl_getDriver.py(127): click_Success->//*[@id="base_box"]/div/div[3]/form/button
[2021-03-17 05:08:34]cl_getDriver.py(72): Open NewTab->https://kabuoji3.com/stock/3123/1985/
[2021-03-17 05:08:34]cl_getDriver.py(72): Open NewTab->https://kabuoji3.com/stock/3125/1986/
[2021-03-17 05:08:35]cl_getDriver.py(127): click_Success->//*[@id="base_box"]/div/div[3]/form/button
[2021-03-17 05:08:35]cl_getDriver.py(127): click_Success->//*[@id="base_box"]/div/div[3]/form/button
[2021-03-17 05:08:38]cl_getDriver.py(127): click_Success->//*[@id="base_box"]/div/div[3]/form/button
[2021-03-17 05:08:38]cl_getDriver.py(127): click_Success->//*[@id="base_box"]/div/div[3]/form/button
[2021-03-17 05:08:38]cl_getDriver.py(72): Open NewTab->https://kabuoji3.com/stock/3123/1984/
[2021-03-17 05:08:38]cl_getDriver.py(72): Open NewTab->https://kabuoji3.com/stock/3125/1985/
[2021-03-17 05:08:40]cl_getDriver.py(127): click_Success->//*[@id="base_box"]/div/div[3]/form/button
[2021-03-17 05:08:40]cl_getDriver.py(127): click_Success->//*[@id="base_box"]/div/div[3]/form/button
[2021-03-17 05:08:42]cl_getDriver.py(127): click_Success->//*[@id="base_box"]/div/div[3]/form/button
[2021-03-17 05:08:42]cl_getDriver.py(127): click_Success->//*[@id="base_box"]/div/div[3]/form/button
[2021-03-17 05:08:43]cl_getDriver.py(72): Open NewTab->https://kabuoji3.com/stock/3123/1983/
[2021-03-17 05:08:43]cl_getDriver.py(72): Open NewTab->https://kabuoji3.com/stock/3125/1984/
[2021-03-17 05:08:44]cl_getDriver.py(127): click_Success->//*[@id="base_box"]/div/div[3]/form/button
[2021-03-17 05:08:44]cl_getDriver.py(127): click_Success->//*[@id="base_box"]/div/div[3]/form/button
[2021-03-17 05:08:46]cl_getDriver.py(127): click_Success->//*[@id="base_box"]/div/div[3]/form/button
[2021-03-17 05:08:46]cl_getDriver.py(127): click_Success->//*[@id="base_box"]/div/div[3]/form/button
[2021-03-17 05:08:47]cl_getDriver.py(72): Open NewTab->https://kabuoji3.com/stock/3125/1983/
[2021-03-17 05:08:48]cl_getDriver.py(127): click_Success->//*[@id="base_box"]/div/div[3]/form/button
[2021-03-17 05:08:50]cl_getDriver.py(127): click_Success->//*[@id="base_box"]/div/div[3]/form/button
[2021-03-17 05:08:51]main.py(42): finished Process->https://kabuoji3.com/stock/3123/
[2021-03-17 05:08:51]main.py(15): start_Process->https://kabuoji3.com/stock/3201/
[2021-03-17 05:08:55]main.py(42): finished Process->https://kabuoji3.com/stock/3125/
[2021-03-17 05:08:55]main.py(15): start_Process->https://kabuoji3.com/stock/3202/
[2021-03-17 05:08:57]cl_getDriver.py(64): getURL=https://kabuoji3.com/stock/3201/
[2021-03-17 05:08:58]cl_getDriver.py(72): Open NewTab->https://kabuoji3.com/stock/3201/
[2021-03-17 05:08:58]cl_getDriver.py(130): Not Found->//*[@id="base_box"]/div/div[3]/form/button
[2021-03-17 05:09:00]cl_getDriver.py(64): getURL=https://kabuoji3.com/stock/3202/
[2021-03-17 05:09:00]cl_getDriver.py(130): Not Found->//*[@id="base_box"]/div/div[3]/form/button
[2021-03-17 05:09:01]cl_getDriver.py(72): Open NewTab->https://kabuoji3.com/stock/3202/
[2021-03-17 05:09:01]cl_getDriver.py(72): Open NewTab->https://kabuoji3.com/stock/3201/2021/
[2021-03-17 05:09:02]cl_getDriver.py(130): Not Found->//*[@id="base_box"]/div/div[3]/form/button
[2021-03-17 05:09:02]cl_getDriver.py(127): click_Success->//*[@id="base_box"]/div/div[3]/form/button
[2021-03-17 05:09:04]cl_getDriver.py(130): Not Found->//*[@id="base_box"]/div/div[3]/form/button
[2021-03-17 05:09:04]cl_getDriver.py(72): Open NewTab->https://kabuoji3.com/stock/3202/2021/
[2021-03-17 05:09:04]cl_getDriver.py(127): click_Success->//*[@id="base_box"]/div/div[3]/form/button
[2021-03-17 05:09:05]cl_getDriver.py(72): Open NewTab->https://kabuoji3.com/stock/3201/2020/
[2021-03-17 05:09:05]cl_getDriver.py(127): click_Success->//*[@id="base_box"]/div/div[3]/form/button
[2021-03-17 05:09:06]cl_getDriver.py(127): click_Success->//*[@id="base_box"]/div/div[3]/form/button
[2021-03-17 05:09:07]cl_getDriver.py(127): click_Success->//*[@id="base_box"]/div/div[3]/form/button
[2021-03-17 05:09:08]cl_getDriver.py(72): Open NewTab->https://kabuoji3.com/stock/3202/2020/
[2021-03-17 05:09:08]cl_getDriver.py(127): click_Success->//*[@id="base_box"]/div/div[3]/form/button
[2021-03-17 05:09:08]cl_getDriver.py(72): Open NewTab->https://kabuoji3.com/stock/3201/2019/
[2021-03-17 05:09:09]cl_getDriver.py(127): click_Success->//*[@id="base_box"]/div/div[3]/form/button
[2021-03-17 05:09:10]cl_getDriver.py(127): click_Success->//*[@id="base_box"]/div/div[3]/form/button
[2021-03-17 05:09:12]cl_getDriver.py(127): click_Success->//*[@id="base_box"]/div/div[3]/form/button
[2021-03-17 05:09:12]cl_getDriver.py(72): Open NewTab->https://kabuoji3.com/stock/3202/2019/
[2021-03-17 05:09:12]cl_getDriver.py(127): click_Success->//*[@id="base_box"]/div/div[3]/form/button
[2021-03-17 05:09:13]cl_getDriver.py(72): Open NewTab->https://kabuoji3.com/stock/3201/2018/
[2021-03-17 05:09:13]cl_getDriver.py(127): click_Success->//*[@id="base_box"]/div/div[3]/form/button
[2021-03-17 05:09:14]cl_getDriver.py(127): click_Success->//*[@id="base_box"]/div/div[3]/form/button
[2021-03-17 05:09:16]cl_getDriver.py(127): click_Success->//*[@id="base_box"]/div/div[3]/form/button
[2021-03-17 05:09:16]cl_getDriver.py(72): Open NewTab->https://kabuoji3.com/stock/3202/2018/
[2021-03-17 05:09:16]cl_getDriver.py(127): click_Success->//*[@id="base_box"]/div/div[3]/form/button
[2021-03-17 05:09:17]cl_getDriver.py(72): Open NewTab->https://kabuoji3.com/stock/3201/2017/
[2021-03-17 05:09:18]cl_getDriver.py(127): click_Success->//*[@id="base_box"]/div/div[3]/form/button
[2021-03-17 05:09:18]cl_getDriver.py(127): click_Success->//*[@id="base_box"]/div/div[3]/form/button
[2021-03-17 05:09:20]cl_getDriver.py(127): click_Success->//*[@id="base_box"]/div/div[3]/form/button
[2021-03-17 05:09:21]cl_getDriver.py(72): Open NewTab->https://kabuoji3.com/stock/3201/2016/
[2021-03-17 05:09:21]cl_getDriver.py(127): click_Success->//*[@id="base_box"]/div/div[3]/form/button
[2021-03-17 05:09:21]cl_getDriver.py(72): Open NewTab->https://kabuoji3.com/stock/3202/2017/
[2021-03-17 05:09:22]cl_getDriver.py(127): click_Success->//*[@id="base_box"]/div/div[3]/form/button
[2021-03-17 05:09:23]cl_getDriver.py(127): click_Success->//*[@id="base_box"]/div/div[3]/form/button
[2021-03-17 05:09:24]cl_getDriver.py(127): click_Success->//*[@id="base_box"]/div/div[3]/form/button
[2021-03-17 05:09:25]cl_getDriver.py(72): Open NewTab->https://kabuoji3.com/stock/3201/2015/
[2021-03-17 05:09:25]cl_getDriver.py(127): click_Success->//*[@id="base_box"]/div/div[3]/form/button
[2021-03-17 05:09:25]cl_getDriver.py(72): Open NewTab->https://kabuoji3.com/stock/3202/2016/
[2021-03-17 05:09:26]cl_getDriver.py(127): click_Success->//*[@id="base_box"]/div/div[3]/form/button
[2021-03-17 05:09:27]cl_getDriver.py(127): click_Success->//*[@id="base_box"]/div/div[3]/form/button
[2021-03-17 05:09:28]cl_getDriver.py(127): click_Success->//*[@id="base_box"]/div/div[3]/form/button
[2021-03-17 05:09:29]cl_getDriver.py(72): Open NewTab->https://kabuoji3.com/stock/3201/2014/
[2021-03-17 05:09:29]cl_getDriver.py(127): click_Success->//*[@id="base_box"]/div/div[3]/form/button
[2021-03-17 05:09:29]cl_getDriver.py(72): Open NewTab->https://kabuoji3.com/stock/3202/2015/
[2021-03-17 05:09:30]cl_getDriver.py(127): click_Success->//*[@id="base_box"]/div/div[3]/form/button
[2021-03-17 05:09:30]cl_getDriver.py(127): click_Success->//*[@id="base_box"]/div/div[3]/form/button
[2021-03-17 05:09:32]cl_getDriver.py(127): click_Success->//*[@id="base_box"]/div/div[3]/form/button
[2021-03-17 05:09:33]cl_getDriver.py(72): Open NewTab->https://kabuoji3.com/stock/3201/2013/
[2021-03-17 05:09:33]cl_getDriver.py(127): click_Success->//*[@id="base_box"]/div/div[3]/form/button
[2021-03-17 05:09:33]cl_getDriver.py(72): Open NewTab->https://kabuoji3.com/stock/3202/2014/
[2021-03-17 05:09:34]cl_getDriver.py(127): click_Success->//*[@id="base_box"]/div/div[3]/form/button
[2021-03-17 05:09:35]cl_getDriver.py(127): click_Success->//*[@id="base_box"]/div/div[3]/form/button
[2021-03-17 05:09:37]cl_getDriver.py(127): click_Success->//*[@id="base_box"]/div/div[3]/form/button
[2021-03-17 05:09:37]cl_getDriver.py(72): Open NewTab->https://kabuoji3.com/stock/3201/2012/
[2021-03-17 05:09:37]cl_getDriver.py(127): click_Success->//*[@id="base_box"]/div/div[3]/form/button
[2021-03-17 05:09:37]cl_getDriver.py(72): Open NewTab->https://kabuoji3.com/stock/3202/2013/
[2021-03-17 05:09:38]cl_getDriver.py(127): click_Success->//*[@id="base_box"]/div/div[3]/form/button
[2021-03-17 05:09:39]cl_getDriver.py(127): click_Success->//*[@id="base_box"]/div/div[3]/form/button
[2021-03-17 05:09:41]cl_getDriver.py(127): click_Success->//*[@id="base_box"]/div/div[3]/form/button
[2021-03-17 05:09:41]cl_getDriver.py(127): click_Success->//*[@id="base_box"]/div/div[3]/form/button
[2021-03-17 05:09:41]cl_getDriver.py(72): Open NewTab->https://kabuoji3.com/stock/3201/2011/
[2021-03-17 05:09:42]cl_getDriver.py(72): Open NewTab->https://kabuoji3.com/stock/3202/2012/
[2021-03-17 05:09:43]cl_getDriver.py(127): click_Success->//*[@id="base_box"]/div/div[3]/form/button
[2021-03-17 05:09:43]cl_getDriver.py(127): click_Success->//*[@id="base_box"]/div/div[3]/form/button
[2021-03-17 05:09:45]cl_getDriver.py(127): click_Success->//*[@id="base_box"]/div/div[3]/form/button
[2021-03-17 05:09:45]cl_getDriver.py(127): click_Success->//*[@id="base_box"]/div/div[3]/form/button
[2021-03-17 05:09:46]cl_getDriver.py(72): Open NewTab->https://kabuoji3.com/stock/3201/2010/
[2021-03-17 05:09:46]cl_getDriver.py(72): Open NewTab->https://kabuoji3.com/stock/3202/2011/
[2021-03-17 05:09:47]cl_getDriver.py(127): click_Success->//*[@id="base_box"]/div/div[3]/form/button
[2021-03-17 05:09:47]cl_getDriver.py(127): click_Success->//*[@id="base_box"]/div/div[3]/form/button
[2021-03-17 05:09:49]cl_getDriver.py(127): click_Success->//*[@id="base_box"]/div/div[3]/form/button
[2021-03-17 05:09:50]cl_getDriver.py(127): click_Success->//*[@id="base_box"]/div/div[3]/form/button
[2021-03-17 05:09:50]cl_getDriver.py(72): Open NewTab->https://kabuoji3.com/stock/3202/2010/
[2021-03-17 05:09:50]cl_getDriver.py(72): Open NewTab->https://kabuoji3.com/stock/3201/2009/
[2021-03-17 05:09:51]cl_getDriver.py(127): click_Success->//*[@id="base_box"]/div/div[3]/form/button
[2021-03-17 05:09:51]cl_getDriver.py(127): click_Success->//*[@id="base_box"]/div/div[3]/form/button
[2021-03-17 05:09:54]cl_getDriver.py(127): click_Success->//*[@id="base_box"]/div/div[3]/form/button
[2021-03-17 05:09:54]cl_getDriver.py(127): click_Success->//*[@id="base_box"]/div/div[3]/form/button
[2021-03-17 05:09:54]cl_getDriver.py(72): Open NewTab->https://kabuoji3.com/stock/3202/2009/
[2021-03-17 05:09:54]cl_getDriver.py(72): Open NewTab->https://kabuoji3.com/stock/3201/2008/
[2021-03-17 05:09:56]cl_getDriver.py(127): click_Success->//*[@id="base_box"]/div/div[3]/form/button
[2021-03-17 05:09:56]cl_getDriver.py(127): click_Success->//*[@id="base_box"]/div/div[3]/form/button
[2021-03-17 05:09:58]cl_getDriver.py(127): click_Success->//*[@id="base_box"]/div/div[3]/form/button
[2021-03-17 05:09:58]cl_getDriver.py(127): click_Success->//*[@id="base_box"]/div/div[3]/form/button
[2021-03-17 05:09:59]cl_getDriver.py(72): Open NewTab->https://kabuoji3.com/stock/3202/2008/
[2021-03-17 05:09:59]cl_getDriver.py(72): Open NewTab->https://kabuoji3.com/stock/3201/2007/
[2021-03-17 05:10:00]cl_getDriver.py(127): click_Success->//*[@id="base_box"]/div/div[3]/form/button
[2021-03-17 05:10:01]cl_getDriver.py(127): click_Success->//*[@id="base_box"]/div/div[3]/form/button
[2021-03-17 05:10:02]cl_getDriver.py(127): click_Success->//*[@id="base_box"]/div/div[3]/form/button
[2021-03-17 05:10:03]cl_getDriver.py(72): Open NewTab->https://kabuoji3.com/stock/3202/2007/
[2021-03-17 05:10:03]cl_getDriver.py(127): click_Success->//*[@id="base_box"]/div/div[3]/form/button
[2021-03-17 05:10:04]cl_getDriver.py(72): Open NewTab->https://kabuoji3.com/stock/3201/2006/
[2021-03-17 05:10:04]cl_getDriver.py(127): click_Success->//*[@id="base_box"]/div/div[3]/form/button
[2021-03-17 05:10:05]cl_getDriver.py(127): click_Success->//*[@id="base_box"]/div/div[3]/form/button
[2021-03-17 05:10:06]cl_getDriver.py(127): click_Success->//*[@id="base_box"]/div/div[3]/form/button
[2021-03-17 05:10:07]cl_getDriver.py(72): Open NewTab->https://kabuoji3.com/stock/3202/2006/
[2021-03-17 05:10:07]cl_getDriver.py(127): click_Success->//*[@id="base_box"]/div/div[3]/form/button
[2021-03-17 05:10:08]cl_getDriver.py(72): Open NewTab->https://kabuoji3.com/stock/3201/2005/
[2021-03-17 05:10:08]cl_getDriver.py(127): click_Success->//*[@id="base_box"]/div/div[3]/form/button
[2021-03-17 05:10:09]cl_getDriver.py(127): click_Success->//*[@id="base_box"]/div/div[3]/form/button
[2021-03-17 05:10:11]cl_getDriver.py(127): click_Success->//*[@id="base_box"]/div/div[3]/form/button
[2021-03-17 05:10:11]cl_getDriver.py(72): Open NewTab->https://kabuoji3.com/stock/3202/2005/
[2021-03-17 05:10:11]cl_getDriver.py(127): click_Success->//*[@id="base_box"]/div/div[3]/form/button
[2021-03-17 05:10:12]cl_getDriver.py(72): Open NewTab->https://kabuoji3.com/stock/3201/2004/
[2021-03-17 05:10:12]cl_getDriver.py(127): click_Success->//*[@id="base_box"]/div/div[3]/form/button
[2021-03-17 05:10:13]cl_getDriver.py(127): click_Success->//*[@id="base_box"]/div/div[3]/form/button
[2021-03-17 05:10:15]cl_getDriver.py(127): click_Success->//*[@id="base_box"]/div/div[3]/form/button
[2021-03-17 05:10:15]cl_getDriver.py(72): Open NewTab->https://kabuoji3.com/stock/3202/2004/
[2021-03-17 05:10:15]cl_getDriver.py(127): click_Success->//*[@id="base_box"]/div/div[3]/form/button
[2021-03-17 05:10:16]cl_getDriver.py(72): Open NewTab->https://kabuoji3.com/stock/3201/2003/
[2021-03-17 05:10:16]cl_getDriver.py(127): click_Success->//*[@id="base_box"]/div/div[3]/form/button
[2021-03-17 05:10:17]cl_getDriver.py(127): click_Success->//*[@id="base_box"]/div/div[3]/form/button
[2021-03-17 05:10:19]cl_getDriver.py(127): click_Success->//*[@id="base_box"]/div/div[3]/form/button
[2021-03-17 05:10:19]cl_getDriver.py(72): Open NewTab->https://kabuoji3.com/stock/3202/2003/
[2021-03-17 05:10:19]cl_getDriver.py(127): click_Success->//*[@id="base_box"]/div/div[3]/form/button
[2021-03-17 05:10:20]cl_getDriver.py(72): Open NewTab->https://kabuoji3.com/stock/3201/2002/
[2021-03-17 05:10:20]cl_getDriver.py(127): click_Success->//*[@id="base_box"]/div/div[3]/form/button
[2021-03-17 05:10:21]cl_getDriver.py(127): click_Success->//*[@id="base_box"]/div/div[3]/form/button
[2021-03-17 05:10:23]cl_getDriver.py(127): click_Success->//*[@id="base_box"]/div/div[3]/form/button
[2021-03-17 05:10:23]cl_getDriver.py(72): Open NewTab->https://kabuoji3.com/stock/3202/2002/
[2021-03-17 05:10:23]cl_getDriver.py(127): click_Success->//*[@id="base_box"]/div/div[3]/form/button
[2021-03-17 05:10:24]cl_getDriver.py(72): Open NewTab->https://kabuoji3.com/stock/3201/2001/
[2021-03-17 05:10:25]cl_getDriver.py(127): click_Success->//*[@id="base_box"]/div/div[3]/form/button
[2021-03-17 05:10:25]cl_getDriver.py(127): click_Success->//*[@id="base_box"]/div/div[3]/form/button
[2021-03-17 05:10:27]cl_getDriver.py(127): click_Success->//*[@id="base_box"]/div/div[3]/form/button
[2021-03-17 05:10:27]cl_getDriver.py(72): Open NewTab->https://kabuoji3.com/stock/3202/2001/
[2021-03-17 05:10:28]cl_getDriver.py(127): click_Success->//*[@id="base_box"]/div/div[3]/form/button
[2021-03-17 05:10:28]cl_getDriver.py(72): Open NewTab->https://kabuoji3.com/stock/3201/2000/
[2021-03-17 05:10:29]cl_getDriver.py(127): click_Success->//*[@id="base_box"]/div/div[3]/form/button
[2021-03-17 05:10:29]cl_getDriver.py(127): click_Success->//*[@id="base_box"]/div/div[3]/form/button
[2021-03-17 05:10:31]cl_getDriver.py(127): click_Success->//*[@id="base_box"]/div/div[3]/form/button
[2021-03-17 05:10:31]cl_getDriver.py(72): Open NewTab->https://kabuoji3.com/stock/3202/2000/
[2021-03-17 05:10:32]cl_getDriver.py(127): click_Success->//*[@id="base_box"]/div/div[3]/form/button
[2021-03-17 05:10:32]cl_getDriver.py(72): Open NewTab->https://kabuoji3.com/stock/3201/1999/
[2021-03-17 05:10:33]cl_getDriver.py(127): click_Success->//*[@id="base_box"]/div/div[3]/form/button
[2021-03-17 05:10:34]cl_getDriver.py(127): click_Success->//*[@id="base_box"]/div/div[3]/form/button
[2021-03-17 05:10:35]cl_getDriver.py(127): click_Success->//*[@id="base_box"]/div/div[3]/form/button
[2021-03-17 05:10:36]cl_getDriver.py(72): Open NewTab->https://kabuoji3.com/stock/3202/1999/
[2021-03-17 05:10:36]cl_getDriver.py(127): click_Success->//*[@id="base_box"]/div/div[3]/form/button
[2021-03-17 05:10:36]cl_getDriver.py(72): Open NewTab->https://kabuoji3.com/stock/3201/1998/
[2021-03-17 05:10:37]cl_getDriver.py(127): click_Success->//*[@id="base_box"]/div/div[3]/form/button
[2021-03-17 05:10:38]cl_getDriver.py(127): click_Success->//*[@id="base_box"]/div/div[3]/form/button
[2021-03-17 05:10:40]cl_getDriver.py(127): click_Success->//*[@id="base_box"]/div/div[3]/form/button
[2021-03-17 05:10:40]cl_getDriver.py(72): Open NewTab->https://kabuoji3.com/stock/3202/1998/
[2021-03-17 05:10:40]cl_getDriver.py(127): click_Success->//*[@id="base_box"]/div/div[3]/form/button
[2021-03-17 05:10:40]cl_getDriver.py(72): Open NewTab->https://kabuoji3.com/stock/3201/1997/
[2021-03-17 05:10:41]cl_getDriver.py(127): click_Success->//*[@id="base_box"]/div/div[3]/form/button
[2021-03-17 05:10:42]cl_getDriver.py(127): click_Success->//*[@id="base_box"]/div/div[3]/form/button
[2021-03-17 05:10:44]cl_getDriver.py(127): click_Success->//*[@id="base_box"]/div/div[3]/form/button
[2021-03-17 05:10:44]cl_getDriver.py(72): Open NewTab->https://kabuoji3.com/stock/3202/1997/
[2021-03-17 05:10:44]cl_getDriver.py(127): click_Success->//*[@id="base_box"]/div/div[3]/form/button
[2021-03-17 05:10:45]cl_getDriver.py(72): Open NewTab->https://kabuoji3.com/stock/3201/1996/
[2021-03-17 05:10:45]cl_getDriver.py(127): click_Success->//*[@id="base_box"]/div/div[3]/form/button
[2021-03-17 05:10:46]cl_getDriver.py(127): click_Success->//*[@id="base_box"]/div/div[3]/form/button
[2021-03-17 05:10:48]cl_getDriver.py(127): click_Success->//*[@id="base_box"]/div/div[3]/form/button
[2021-03-17 05:10:48]cl_getDriver.py(72): Open NewTab->https://kabuoji3.com/stock/3202/1996/
[2021-03-17 05:10:48]cl_getDriver.py(127): click_Success->//*[@id="base_box"]/div/div[3]/form/button
[2021-03-17 05:10:49]cl_getDriver.py(72): Open NewTab->https://kabuoji3.com/stock/3201/1995/
[2021-03-17 05:10:49]cl_getDriver.py(127): click_Success->//*[@id="base_box"]/div/div[3]/form/button
[2021-03-17 05:10:50]cl_getDriver.py(127): click_Success->//*[@id="base_box"]/div/div[3]/form/button
[2021-03-17 05:10:52]cl_getDriver.py(127): click_Success->//*[@id="base_box"]/div/div[3]/form/button
[2021-03-17 05:10:52]cl_getDriver.py(72): Open NewTab->https://kabuoji3.com/stock/3202/1995/
[2021-03-17 05:10:52]cl_getDriver.py(127): click_Success->//*[@id="base_box"]/div/div[3]/form/button
[2021-03-17 05:10:53]cl_getDriver.py(72): Open NewTab->https://kabuoji3.com/stock/3201/1994/
[2021-03-17 05:10:54]cl_getDriver.py(127): click_Success->//*[@id="base_box"]/div/div[3]/form/button
[2021-03-17 05:10:54]cl_getDriver.py(127): click_Success->//*[@id="base_box"]/div/div[3]/form/button
[2021-03-17 05:10:56]cl_getDriver.py(127): click_Success->//*[@id="base_box"]/div/div[3]/form/button
[2021-03-17 05:10:56]cl_getDriver.py(72): Open NewTab->https://kabuoji3.com/stock/3202/1994/
[2021-03-17 05:10:57]cl_getDriver.py(127): click_Success->//*[@id="base_box"]/div/div[3]/form/button
[2021-03-17 05:10:57]cl_getDriver.py(72): Open NewTab->https://kabuoji3.com/stock/3201/1993/
[2021-03-17 05:10:58]cl_getDriver.py(127): click_Success->//*[@id="base_box"]/div/div[3]/form/button
[2021-03-17 05:10:58]cl_getDriver.py(127): click_Success->//*[@id="base_box"]/div/div[3]/form/button
[2021-03-17 05:11:00]cl_getDriver.py(127): click_Success->//*[@id="base_box"]/div/div[3]/form/button
[2021-03-17 05:11:00]cl_getDriver.py(127): click_Success->//*[@id="base_box"]/div/div[3]/form/button
[2021-03-17 05:11:01]cl_getDriver.py(72): Open NewTab->https://kabuoji3.com/stock/3202/1993/
[2021-03-17 05:11:01]cl_getDriver.py(72): Open NewTab->https://kabuoji3.com/stock/3201/1992/
[2021-03-17 05:11:02]cl_getDriver.py(127): click_Success->//*[@id="base_box"]/div/div[3]/form/button
[2021-03-17 05:11:02]cl_getDriver.py(127): click_Success->//*[@id="base_box"]/div/div[3]/form/button
[2021-03-17 05:11:04]cl_getDriver.py(127): click_Success->//*[@id="base_box"]/div/div[3]/form/button
[2021-03-17 05:11:05]cl_getDriver.py(127): click_Success->//*[@id="base_box"]/div/div[3]/form/button
[2021-03-17 05:11:05]cl_getDriver.py(72): Open NewTab->https://kabuoji3.com/stock/3202/1992/
[2021-03-17 05:11:05]cl_getDriver.py(72): Open NewTab->https://kabuoji3.com/stock/3201/1991/
[2021-03-17 05:11:06]cl_getDriver.py(127): click_Success->//*[@id="base_box"]/div/div[3]/form/button
[2021-03-17 05:11:07]cl_getDriver.py(127): click_Success->//*[@id="base_box"]/div/div[3]/form/button
[2021-03-17 05:11:09]cl_getDriver.py(127): click_Success->//*[@id="base_box"]/div/div[3]/form/button
[2021-03-17 05:11:09]cl_getDriver.py(127): click_Success->//*[@id="base_box"]/div/div[3]/form/button
[2021-03-17 05:11:10]cl_getDriver.py(72): Open NewTab->https://kabuoji3.com/stock/3202/1991/
[2021-03-17 05:11:10]cl_getDriver.py(72): Open NewTab->https://kabuoji3.com/stock/3201/1990/
[2021-03-17 05:11:11]cl_getDriver.py(127): click_Success->//*[@id="base_box"]/div/div[3]/form/button
[2021-03-17 05:11:11]cl_getDriver.py(127): click_Success->//*[@id="base_box"]/div/div[3]/form/button
[2021-03-17 05:11:13]cl_getDriver.py(127): click_Success->//*[@id="base_box"]/div/div[3]/form/button
[2021-03-17 05:11:13]cl_getDriver.py(127): click_Success->//*[@id="base_box"]/div/div[3]/form/button
[2021-03-17 05:11:14]cl_getDriver.py(72): Open NewTab->https://kabuoji3.com/stock/3202/1990/
[2021-03-17 05:11:14]cl_getDriver.py(72): Open NewTab->https://kabuoji3.com/stock/3201/1989/
[2021-03-17 05:11:15]cl_getDriver.py(127): click_Success->//*[@id="base_box"]/div/div[3]/form/button
[2021-03-17 05:11:15]cl_getDriver.py(127): click_Success->//*[@id="base_box"]/div/div[3]/form/button
[2021-03-17 05:11:17]cl_getDriver.py(127): click_Success->//*[@id="base_box"]/div/div[3]/form/button
[2021-03-17 05:11:17]cl_getDriver.py(127): click_Success->//*[@id="base_box"]/div/div[3]/form/button
[2021-03-17 05:11:18]cl_getDriver.py(72): Open NewTab->https://kabuoji3.com/stock/3202/1989/
[2021-03-17 05:11:18]cl_getDriver.py(72): Open NewTab->https://kabuoji3.com/stock/3201/1988/
[2021-03-17 05:11:19]cl_getDriver.py(127): click_Success->//*[@id="base_box"]/div/div[3]/form/button
[2021-03-17 05:11:19]cl_getDriver.py(127): click_Success->//*[@id="base_box"]/div/div[3]/form/button
[2021-03-17 05:11:22]cl_getDriver.py(127): click_Success->//*[@id="base_box"]/div/div[3]/form/button
[2021-03-17 05:11:22]cl_getDriver.py(127): click_Success->//*[@id="base_box"]/div/div[3]/form/button
[2021-03-17 05:11:22]cl_getDriver.py(72): Open NewTab->https://kabuoji3.com/stock/3202/1988/
[2021-03-17 05:11:22]cl_getDriver.py(72): Open NewTab->https://kabuoji3.com/stock/3201/1987/
[2021-03-17 05:11:24]cl_getDriver.py(127): click_Success->//*[@id="base_box"]/div/div[3]/form/button
[2021-03-17 05:11:24]cl_getDriver.py(127): click_Success->//*[@id="base_box"]/div/div[3]/form/button
[2021-03-17 05:11:26]cl_getDriver.py(127): click_Success->//*[@id="base_box"]/div/div[3]/form/button
[2021-03-17 05:11:26]cl_getDriver.py(127): click_Success->//*[@id="base_box"]/div/div[3]/form/button
[2021-03-17 05:11:27]cl_getDriver.py(72): Open NewTab->https://kabuoji3.com/stock/3202/1987/
[2021-03-17 05:11:27]cl_getDriver.py(72): Open NewTab->https://kabuoji3.com/stock/3201/1986/
[2021-03-17 05:11:28]cl_getDriver.py(127): click_Success->//*[@id="base_box"]/div/div[3]/form/button
[2021-03-17 05:11:28]cl_getDriver.py(127): click_Success->//*[@id="base_box"]/div/div[3]/form/button
[2021-03-17 05:11:30]cl_getDriver.py(127): click_Success->//*[@id="base_box"]/div/div[3]/form/button
[2021-03-17 05:11:31]cl_getDriver.py(127): click_Success->//*[@id="base_box"]/div/div[3]/form/button
[2021-03-17 05:11:31]cl_getDriver.py(72): Open NewTab->https://kabuoji3.com/stock/3202/1986/
[2021-03-17 05:11:31]cl_getDriver.py(72): Open NewTab->https://kabuoji3.com/stock/3201/1985/
[2021-03-17 05:11:32]cl_getDriver.py(127): click_Success->//*[@id="base_box"]/div/div[3]/form/button
[2021-03-17 05:11:33]cl_getDriver.py(127): click_Success->//*[@id="base_box"]/div/div[3]/form/button
[2021-03-17 05:11:35]cl_getDriver.py(127): click_Success->//*[@id="base_box"]/div/div[3]/form/button
[2021-03-17 05:11:35]cl_getDriver.py(127): click_Success->//*[@id="base_box"]/div/div[3]/form/button
[2021-03-17 05:11:36]cl_getDriver.py(72): Open NewTab->https://kabuoji3.com/stock/3202/1985/
[2021-03-17 05:11:36]cl_getDriver.py(72): Open NewTab->https://kabuoji3.com/stock/3201/1984/
[2021-03-17 05:11:37]cl_getDriver.py(127): click_Success->//*[@id="base_box"]/div/div[3]/form/button
[2021-03-17 05:11:37]cl_getDriver.py(127): click_Success->//*[@id="base_box"]/div/div[3]/form/button
[2021-03-17 05:11:39]cl_getDriver.py(127): click_Success->//*[@id="base_box"]/div/div[3]/form/button
[2021-03-17 05:11:40]cl_getDriver.py(127): click_Success->//*[@id="base_box"]/div/div[3]/form/button
[2021-03-17 05:11:40]cl_getDriver.py(72): Open NewTab->https://kabuoji3.com/stock/3202/1984/
[2021-03-17 05:11:40]cl_getDriver.py(72): Open NewTab->https://kabuoji3.com/stock/3201/1983/
[2021-03-17 05:11:41]cl_getDriver.py(127): click_Success->//*[@id="base_box"]/div/div[3]/form/button
[2021-03-17 05:11:41]cl_getDriver.py(127): click_Success->//*[@id="base_box"]/div/div[3]/form/button
[2021-03-17 05:11:43]cl_getDriver.py(127): click_Success->//*[@id="base_box"]/div/div[3]/form/button
[2021-03-17 05:11:44]cl_getDriver.py(127): click_Success->//*[@id="base_box"]/div/div[3]/form/button
[2021-03-17 05:11:44]cl_getDriver.py(72): Open NewTab->https://kabuoji3.com/stock/3202/1983/
[2021-03-17 05:11:45]cl_getDriver.py(127): click_Success->//*[@id="base_box"]/div/div[3]/form/button
[2021-03-17 05:11:46]main.py(42): finished Process->https://kabuoji3.com/stock/3201/
[2021-03-17 05:11:46]main.py(15): start_Process->https://kabuoji3.com/stock/3204/
[2021-03-17 05:11:47]cl_getDriver.py(127): click_Success->//*[@id="base_box"]/div/div[3]/form/button
[2021-03-17 05:11:53]main.py(42): finished Process->https://kabuoji3.com/stock/3202/
[2021-03-17 05:11:53]main.py(15): start_Process->https://kabuoji3.com/stock/3205/
[2021-03-17 05:11:54]cl_getDriver.py(64): getURL=https://kabuoji3.com/stock/3204/
[2021-03-17 05:11:54]cl_getDriver.py(72): Open NewTab->https://kabuoji3.com/stock/3204/
[2021-03-17 05:11:55]cl_getDriver.py(130): Not Found->//*[@id="base_box"]/div/div[3]/form/button
[2021-03-17 05:11:57]cl_getDriver.py(130): Not Found->//*[@id="base_box"]/div/div[3]/form/button
[2021-03-17 05:11:58]cl_getDriver.py(72): Open NewTab->https://kabuoji3.com/stock/3204/2021/
[2021-03-17 05:11:59]cl_getDriver.py(127): click_Success->//*[@id="base_box"]/div/div[3]/form/button
[2021-03-17 05:11:59]cl_getDriver.py(64): getURL=https://kabuoji3.com/stock/3205/
[2021-03-17 05:11:59]cl_getDriver.py(72): Open NewTab->https://kabuoji3.com/stock/3205/
[2021-03-17 05:12:00]cl_getDriver.py(130): Not Found->//*[@id="base_box"]/div/div[3]/form/button
[2021-03-17 05:12:01]cl_getDriver.py(127): click_Success->//*[@id="base_box"]/div/div[3]/form/button
[2021-03-17 05:12:01]cl_getDriver.py(72): Open NewTab->https://kabuoji3.com/stock/3204/2020/
[2021-03-17 05:12:02]cl_getDriver.py(130): Not Found->//*[@id="base_box"]/div/div[3]/form/button
[2021-03-17 05:12:02]cl_getDriver.py(72): Open NewTab->https://kabuoji3.com/stock/3205/2021/
[2021-03-17 05:12:03]cl_getDriver.py(127): click_Success->//*[@id="base_box"]/div/div[3]/form/button
[2021-03-17 05:12:03]cl_getDriver.py(127): click_Success->//*[@id="base_box"]/div/div[3]/form/button
[2021-03-17 05:12:05]cl_getDriver.py(127): click_Success->//*[@id="base_box"]/div/div[3]/form/button
[2021-03-17 05:12:06]cl_getDriver.py(72): Open NewTab->https://kabuoji3.com/stock/3204/2019/
[2021-03-17 05:12:06]cl_getDriver.py(127): click_Success->//*[@id="base_box"]/div/div[3]/form/button
[2021-03-17 05:12:06]cl_getDriver.py(72): Open NewTab->https://kabuoji3.com/stock/3205/2020/
[2021-03-17 05:12:07]cl_getDriver.py(127): click_Success->//*[@id="base_box"]/div/div[3]/form/button
[2021-03-17 05:12:08]cl_getDriver.py(127): click_Success->//*[@id="base_box"]/div/div[3]/form/button
[2021-03-17 05:12:10]cl_getDriver.py(127): click_Success->//*[@id="base_box"]/div/div[3]/form/button
[2021-03-17 05:12:10]cl_getDriver.py(72): Open NewTab->https://kabuoji3.com/stock/3204/2018/
[2021-03-17 05:12:10]cl_getDriver.py(127): click_Success->//*[@id="base_box"]/div/div[3]/form/button
[2021-03-17 05:12:10]cl_getDriver.py(72): Open NewTab->https://kabuoji3.com/stock/3205/2019/
[2021-03-17 05:12:11]cl_getDriver.py(127): click_Success->//*[@id="base_box"]/div/div[3]/form/button
[2021-03-17 05:12:12]cl_getDriver.py(127): click_Success->//*[@id="base_box"]/div/div[3]/form/button
[2021-03-17 05:12:14]cl_getDriver.py(127): click_Success->//*[@id="base_box"]/div/div[3]/form/button
[2021-03-17 05:12:14]cl_getDriver.py(72): Open NewTab->https://kabuoji3.com/stock/3204/2017/
[2021-03-17 05:12:14]cl_getDriver.py(127): click_Success->//*[@id="base_box"]/div/div[3]/form/button
[2021-03-17 05:12:15]cl_getDriver.py(72): Open NewTab->https://kabuoji3.com/stock/3205/2018/
[2021-03-17 05:12:16]cl_getDriver.py(127): click_Success->//*[@id="base_box"]/div/div[3]/form/button
[2021-03-17 05:12:16]cl_getDriver.py(127): click_Success->//*[@id="base_box"]/div/div[3]/form/button
[2021-03-17 05:12:18]cl_getDriver.py(127): click_Success->//*[@id="base_box"]/div/div[3]/form/button
[2021-03-17 05:12:18]cl_getDriver.py(72): Open NewTab->https://kabuoji3.com/stock/3205/2017/
[2021-03-17 05:12:19]cl_getDriver.py(127): click_Success->//*[@id="base_box"]/div/div[3]/form/button
[2021-03-17 05:12:19]cl_getDriver.py(72): Open NewTab->https://kabuoji3.com/stock/3204/2016/
[2021-03-17 05:12:20]cl_getDriver.py(127): click_Success->//*[@id="base_box"]/div/div[3]/form/button
[2021-03-17 05:12:20]cl_getDriver.py(127): click_Success->//*[@id="base_box"]/div/div[3]/form/button
[2021-03-17 05:12:22]cl_getDriver.py(127): click_Success->//*[@id="base_box"]/div/div[3]/form/button
[2021-03-17 05:12:22]cl_getDriver.py(72): Open NewTab->https://kabuoji3.com/stock/3205/2016/
[2021-03-17 05:12:22]cl_getDriver.py(127): click_Success->//*[@id="base_box"]/div/div[3]/form/button
[2021-03-17 05:12:23]cl_getDriver.py(72): Open NewTab->https://kabuoji3.com/stock/3204/2015/
[2021-03-17 05:12:24]cl_getDriver.py(127): click_Success->//*[@id="base_box"]/div/div[3]/form/button
[2021-03-17 05:12:24]cl_getDriver.py(127): click_Success->//*[@id="base_box"]/div/div[3]/form/button
[2021-03-17 05:12:26]cl_getDriver.py(127): click_Success->//*[@id="base_box"]/div/div[3]/form/button
[2021-03-17 05:12:26]cl_getDriver.py(72): Open NewTab->https://kabuoji3.com/stock/3205/2015/
[2021-03-17 05:12:27]cl_getDriver.py(127): click_Success->//*[@id="base_box"]/div/div[3]/form/button
[2021-03-17 05:12:27]cl_getDriver.py(72): Open NewTab->https://kabuoji3.com/stock/3204/2014/
[2021-03-17 05:12:28]cl_getDriver.py(127): click_Success->//*[@id="base_box"]/div/div[3]/form/button
[2021-03-17 05:12:28]cl_getDriver.py(127): click_Success->//*[@id="base_box"]/div/div[3]/form/button
[2021-03-17 05:12:30]cl_getDriver.py(127): click_Success->//*[@id="base_box"]/div/div[3]/form/button
[2021-03-17 05:12:30]cl_getDriver.py(72): Open NewTab->https://kabuoji3.com/stock/3205/2014/
[2021-03-17 05:12:31]cl_getDriver.py(127): click_Success->//*[@id="base_box"]/div/div[3]/form/button
[2021-03-17 05:12:31]cl_getDriver.py(72): Open NewTab->https://kabuoji3.com/stock/3204/2013/
[2021-03-17 05:12:32]cl_getDriver.py(127): click_Success->//*[@id="base_box"]/div/div[3]/form/button
[2021-03-17 05:12:32]cl_getDriver.py(127): click_Success->//*[@id="base_box"]/div/div[3]/form/button
[2021-03-17 05:12:34]cl_getDriver.py(127): click_Success->//*[@id="base_box"]/div/div[3]/form/button
[2021-03-17 05:12:35]cl_getDriver.py(72): Open NewTab->https://kabuoji3.com/stock/3205/2013/
[2021-03-17 05:12:35]cl_getDriver.py(127): click_Success->//*[@id="base_box"]/div/div[3]/form/button
[2021-03-17 05:12:35]cl_getDriver.py(72): Open NewTab->https://kabuoji3.com/stock/3204/2012/
[2021-03-17 05:12:37]cl_getDriver.py(127): click_Success->//*[@id="base_box"]/div/div[3]/form/button
[2021-03-17 05:12:37]cl_getDriver.py(127): click_Success->//*[@id="base_box"]/div/div[3]/form/button
[2021-03-17 05:12:39]cl_getDriver.py(127): click_Success->//*[@id="base_box"]/div/div[3]/form/button
[2021-03-17 05:12:39]cl_getDriver.py(72): Open NewTab->https://kabuoji3.com/stock/3205/2012/
[2021-03-17 05:12:39]cl_getDriver.py(127): click_Success->//*[@id="base_box"]/div/div[3]/form/button
[2021-03-17 05:12:40]cl_getDriver.py(72): Open NewTab->https://kabuoji3.com/stock/3204/2011/
[2021-03-17 05:12:41]cl_getDriver.py(127): click_Success->//*[@id="base_box"]/div/div[3]/form/button
[2021-03-17 05:12:41]cl_getDriver.py(127): click_Success->//*[@id="base_box"]/div/div[3]/form/button
[2021-03-17 05:12:43]cl_getDriver.py(127): click_Success->//*[@id="base_box"]/div/div[3]/form/button
[2021-03-17 05:12:44]cl_getDriver.py(127): click_Success->//*[@id="base_box"]/div/div[3]/form/button
[2021-03-17 05:12:44]cl_getDriver.py(72): Open NewTab->https://kabuoji3.com/stock/3205/2011/
[2021-03-17 05:12:44]cl_getDriver.py(72): Open NewTab->https://kabuoji3.com/stock/3204/2010/
[2021-03-17 05:12:45]cl_getDriver.py(127): click_Success->//*[@id="base_box"]/div/div[3]/form/button
[2021-03-17 05:12:45]cl_getDriver.py(127): click_Success->//*[@id="base_box"]/div/div[3]/form/button
[2021-03-17 05:12:48]cl_getDriver.py(127): click_Success->//*[@id="base_box"]/div/div[3]/form/button
[2021-03-17 05:12:48]cl_getDriver.py(127): click_Success->//*[@id="base_box"]/div/div[3]/form/button
[2021-03-17 05:12:48]cl_getDriver.py(72): Open NewTab->https://kabuoji3.com/stock/3205/2010/
[2021-03-17 05:12:48]cl_getDriver.py(72): Open NewTab->https://kabuoji3.com/stock/3204/2009/
[2021-03-17 05:12:49]cl_getDriver.py(127): click_Success->//*[@id="base_box"]/div/div[3]/form/button
[2021-03-17 05:12:50]cl_getDriver.py(127): click_Success->//*[@id="base_box"]/div/div[3]/form/button
[2021-03-17 05:12:52]cl_getDriver.py(127): click_Success->//*[@id="base_box"]/div/div[3]/form/button
[2021-03-17 05:12:52]cl_getDriver.py(127): click_Success->//*[@id="base_box"]/div/div[3]/form/button
[2021-03-17 05:12:52]cl_getDriver.py(72): Open NewTab->https://kabuoji3.com/stock/3204/2008/
[2021-03-17 05:12:53]cl_getDriver.py(72): Open NewTab->https://kabuoji3.com/stock/3205/2009/
[2021-03-17 05:12:54]cl_getDriver.py(127): click_Success->//*[@id="base_box"]/div/div[3]/form/button
[2021-03-17 05:12:54]cl_getDriver.py(127): click_Success->//*[@id="base_box"]/div/div[3]/form/button
[2021-03-17 05:12:56]cl_getDriver.py(127): click_Success->//*[@id="base_box"]/div/div[3]/form/button
[2021-03-17 05:12:56]cl_getDriver.py(127): click_Success->//*[@id="base_box"]/div/div[3]/form/button
[2021-03-17 05:12:57]cl_getDriver.py(72): Open NewTab->https://kabuoji3.com/stock/3204/2007/
[2021-03-17 05:12:57]cl_getDriver.py(72): Open NewTab->https://kabuoji3.com/stock/3205/2008/
[2021-03-17 05:12:58]cl_getDriver.py(127): click_Success->//*[@id="base_box"]/div/div[3]/form/button
[2021-03-17 05:12:58]cl_getDriver.py(127): click_Success->//*[@id="base_box"]/div/div[3]/form/button
[2021-03-17 05:13:01]cl_getDriver.py(127): click_Success->//*[@id="base_box"]/div/div[3]/form/button
[2021-03-17 05:13:01]cl_getDriver.py(127): click_Success->//*[@id="base_box"]/div/div[3]/form/button
[2021-03-17 05:13:01]cl_getDriver.py(72): Open NewTab->https://kabuoji3.com/stock/3204/2006/
[2021-03-17 05:13:01]cl_getDriver.py(72): Open NewTab->https://kabuoji3.com/stock/3205/2007/
[2021-03-17 05:13:03]cl_getDriver.py(127): click_Success->//*[@id="base_box"]/div/div[3]/form/button
[2021-03-17 05:13:03]cl_getDriver.py(127): click_Success->//*[@id="base_box"]/div/div[3]/form/button
[2021-03-17 05:13:05]cl_getDriver.py(127): click_Success->//*[@id="base_box"]/div/div[3]/form/button
[2021-03-17 05:13:05]cl_getDriver.py(127): click_Success->//*[@id="base_box"]/div/div[3]/form/button
[2021-03-17 05:13:06]cl_getDriver.py(72): Open NewTab->https://kabuoji3.com/stock/3204/2005/
[2021-03-17 05:13:06]cl_getDriver.py(72): Open NewTab->https://kabuoji3.com/stock/3205/2006/
[2021-03-17 05:13:07]cl_getDriver.py(127): click_Success->//*[@id="base_box"]/div/div[3]/form/button
[2021-03-17 05:13:07]cl_getDriver.py(127): click_Success->//*[@id="base_box"]/div/div[3]/form/button
[2021-03-17 05:13:09]cl_getDriver.py(127): click_Success->//*[@id="base_box"]/div/div[3]/form/button
[2021-03-17 05:13:09]cl_getDriver.py(127): click_Success->//*[@id="base_box"]/div/div[3]/form/button
[2021-03-17 05:13:10]cl_getDriver.py(72): Open NewTab->https://kabuoji3.com/stock/3205/2005/
[2021-03-17 05:13:10]cl_getDriver.py(72): Open NewTab->https://kabuoji3.com/stock/3204/2004/
[2021-03-17 05:13:12]cl_getDriver.py(127): click_Success->//*[@id="base_box"]/div/div[3]/form/button
[2021-03-17 05:13:12]cl_getDriver.py(127): click_Success->//*[@id="base_box"]/div/div[3]/form/button
[2021-03-17 05:13:14]cl_getDriver.py(127): click_Success->//*[@id="base_box"]/div/div[3]/form/button
[2021-03-17 05:13:14]cl_getDriver.py(127): click_Success->//*[@id="base_box"]/div/div[3]/form/button
[2021-03-17 05:13:15]cl_getDriver.py(72): Open NewTab->https://kabuoji3.com/stock/3205/2004/
[2021-03-17 05:13:15]cl_getDriver.py(72): Open NewTab->https://kabuoji3.com/stock/3204/2003/
[2021-03-17 05:13:16]cl_getDriver.py(127): click_Success->//*[@id="base_box"]/div/div[3]/form/button
[2021-03-17 05:13:16]cl_getDriver.py(127): click_Success->//*[@id="base_box"]/div/div[3]/form/button
[2021-03-17 05:13:18]cl_getDriver.py(127): click_Success->//*[@id="base_box"]/div/div[3]/form/button
[2021-03-17 05:13:19]cl_getDriver.py(127): click_Success->//*[@id="base_box"]/div/div[3]/form/button
[2021-03-17 05:13:19]cl_getDriver.py(72): Open NewTab->https://kabuoji3.com/stock/3205/2003/
[2021-03-17 05:13:20]cl_getDriver.py(127): click_Success->//*[@id="base_box"]/div/div[3]/form/button
[2021-03-17 05:13:22]cl_getDriver.py(127): click_Success->//*[@id="base_box"]/div/div[3]/form/button
[2021-03-17 05:13:22]cl_getDriver.py(72): Open NewTab->https://kabuoji3.com/stock/3205/2002/
[2021-03-17 05:13:23]main.py(42): finished Process->https://kabuoji3.com/stock/3204/
[2021-03-17 05:13:23]main.py(15): start_Process->https://kabuoji3.com/stock/3302/
[2021-03-17 05:13:23]cl_getDriver.py(127): click_Success->//*[@id="base_box"]/div/div[3]/form/button
[2021-03-17 05:13:26]cl_getDriver.py(127): click_Success->//*[@id="base_box"]/div/div[3]/form/button
[2021-03-17 05:13:26]cl_getDriver.py(72): Open NewTab->https://kabuoji3.com/stock/3205/2001/
[2021-03-17 05:13:27]cl_getDriver.py(127): click_Success->//*[@id="base_box"]/div/div[3]/form/button
[2021-03-17 05:13:29]cl_getDriver.py(64): getURL=https://kabuoji3.com/stock/3302/
[2021-03-17 05:13:29]cl_getDriver.py(72): Open NewTab->https://kabuoji3.com/stock/3302/
[2021-03-17 05:13:30]cl_getDriver.py(127): click_Success->//*[@id="base_box"]/div/div[3]/form/button
[2021-03-17 05:13:30]cl_getDriver.py(130): Not Found->//*[@id="base_box"]/div/div[3]/form/button
[2021-03-17 05:13:30]cl_getDriver.py(72): Open NewTab->https://kabuoji3.com/stock/3205/2000/
[2021-03-17 05:13:31]cl_getDriver.py(127): click_Success->//*[@id="base_box"]/div/div[3]/form/button
[2021-03-17 05:13:32]cl_getDriver.py(130): Not Found->//*[@id="base_box"]/div/div[3]/form/button
[2021-03-17 05:13:32]cl_getDriver.py(72): Open NewTab->https://kabuoji3.com/stock/3302/2021/
[2021-03-17 05:13:33]cl_getDriver.py(127): click_Success->//*[@id="base_box"]/div/div[3]/form/button
[2021-03-17 05:13:33]cl_getDriver.py(127): click_Success->//*[@id="base_box"]/div/div[3]/form/button
[2021-03-17 05:13:34]cl_getDriver.py(72): Open NewTab->https://kabuoji3.com/stock/3205/1999/
[2021-03-17 05:13:35]cl_getDriver.py(127): click_Success->//*[@id="base_box"]/div/div[3]/form/button
[2021-03-17 05:13:35]cl_getDriver.py(127): click_Success->//*[@id="base_box"]/div/div[3]/form/button
[2021-03-17 05:13:36]cl_getDriver.py(72): Open NewTab->https://kabuoji3.com/stock/3302/2020/
[2021-03-17 05:13:37]cl_getDriver.py(127): click_Success->//*[@id="base_box"]/div/div[3]/form/button
[2021-03-17 05:13:37]cl_getDriver.py(127): click_Success->//*[@id="base_box"]/div/div[3]/form/button
[2021-03-17 05:13:37]cl_getDriver.py(72): Open NewTab->https://kabuoji3.com/stock/3205/1998/
[2021-03-17 05:13:38]cl_getDriver.py(127): click_Success->//*[@id="base_box"]/div/div[3]/form/button
[2021-03-17 05:13:39]cl_getDriver.py(127): click_Success->//*[@id="base_box"]/div/div[3]/form/button
[2021-03-17 05:13:40]cl_getDriver.py(72): Open NewTab->https://kabuoji3.com/stock/3302/2019/
[2021-03-17 05:13:40]cl_getDriver.py(127): click_Success->//*[@id="base_box"]/div/div[3]/form/button
[2021-03-17 05:13:40]cl_getDriver.py(127): click_Success->//*[@id="base_box"]/div/div[3]/form/button
[2021-03-17 05:13:41]cl_getDriver.py(72): Open NewTab->https://kabuoji3.com/stock/3205/1997/
[2021-03-17 05:13:42]cl_getDriver.py(127): click_Success->//*[@id="base_box"]/div/div[3]/form/button
[2021-03-17 05:13:43]cl_getDriver.py(127): click_Success->//*[@id="base_box"]/div/div[3]/form/button
[2021-03-17 05:13:43]cl_getDriver.py(72): Open NewTab->https://kabuoji3.com/stock/3302/2018/
[2021-03-17 05:13:44]cl_getDriver.py(127): click_Success->//*[@id="base_box"]/div/div[3]/form/button
[2021-03-17 05:13:44]cl_getDriver.py(127): click_Success->//*[@id="base_box"]/div/div[3]/form/button
[2021-03-17 05:13:44]cl_getDriver.py(72): Open NewTab->https://kabuoji3.com/stock/3205/1996/
[2021-03-17 05:13:45]cl_getDriver.py(127): click_Success->//*[@id="base_box"]/div/div[3]/form/button
[2021-03-17 05:13:46]cl_getDriver.py(127): click_Success->//*[@id="base_box"]/div/div[3]/form/button
[2021-03-17 05:13:47]cl_getDriver.py(72): Open NewTab->https://kabuoji3.com/stock/3302/2017/
[2021-03-17 05:13:48]cl_getDriver.py(127): click_Success->//*[@id="base_box"]/div/div[3]/form/button
[2021-03-17 05:13:48]cl_getDriver.py(127): click_Success->//*[@id="base_box"]/div/div[3]/form/button
[2021-03-17 05:13:48]cl_getDriver.py(72): Open NewTab->https://kabuoji3.com/stock/3205/1995/
[2021-03-17 05:13:49]cl_getDriver.py(127): click_Success->//*[@id="base_box"]/div/div[3]/form/button
[2021-03-17 05:13:50]cl_getDriver.py(127): click_Success->//*[@id="base_box"]/div/div[3]/form/button
[2021-03-17 05:13:50]cl_getDriver.py(72): Open NewTab->https://kabuoji3.com/stock/3302/2016/
[2021-03-17 05:13:51]cl_getDriver.py(127): click_Success->//*[@id="base_box"]/div/div[3]/form/button
[2021-03-17 05:13:52]cl_getDriver.py(127): click_Success->//*[@id="base_box"]/div/div[3]/form/button
[2021-03-17 05:13:52]cl_getDriver.py(72): Open NewTab->https://kabuoji3.com/stock/3205/1994/
[2021-03-17 05:13:53]cl_getDriver.py(127): click_Success->//*[@id="base_box"]/div/div[3]/form/button
[2021-03-17 05:13:54]cl_getDriver.py(127): click_Success->//*[@id="base_box"]/div/div[3]/form/button
[2021-03-17 05:13:54]cl_getDriver.py(72): Open NewTab->https://kabuoji3.com/stock/3302/2015/
[2021-03-17 05:13:55]cl_getDriver.py(127): click_Success->//*[@id="base_box"]/div/div[3]/form/button
[2021-03-17 05:13:56]cl_getDriver.py(72): Open NewTab->https://kabuoji3.com/stock/3205/1993/
[2021-03-17 05:13:56]cl_getDriver.py(127): click_Success->//*[@id="base_box"]/div/div[3]/form/button
[2021-03-17 05:13:56]cl_getDriver.py(127): click_Success->//*[@id="base_box"]/div/div[3]/form/button
[2021-03-17 05:13:58]cl_getDriver.py(127): click_Success->//*[@id="base_box"]/div/div[3]/form/button
[2021-03-17 05:13:58]cl_getDriver.py(72): Open NewTab->https://kabuoji3.com/stock/3302/2014/
[2021-03-17 05:13:59]cl_getDriver.py(127): click_Success->//*[@id="base_box"]/div/div[3]/form/button
[2021-03-17 05:13:59]cl_getDriver.py(72): Open NewTab->https://kabuoji3.com/stock/3205/1992/
[2021-03-17 05:14:00]cl_getDriver.py(127): click_Success->//*[@id="base_box"]/div/div[3]/form/button
[2021-03-17 05:14:00]cl_getDriver.py(127): click_Success->//*[@id="base_box"]/div/div[3]/form/button
[2021-03-17 05:14:02]cl_getDriver.py(127): click_Success->//*[@id="base_box"]/div/div[3]/form/button
[2021-03-17 05:14:02]cl_getDriver.py(72): Open NewTab->https://kabuoji3.com/stock/3302/2013/
[2021-03-17 05:14:03]cl_getDriver.py(127): click_Success->//*[@id="base_box"]/div/div[3]/form/button
[2021-03-17 05:14:03]cl_getDriver.py(72): Open NewTab->https://kabuoji3.com/stock/3205/1991/
[2021-03-17 05:14:04]cl_getDriver.py(127): click_Success->//*[@id="base_box"]/div/div[3]/form/button
[2021-03-17 05:14:04]cl_getDriver.py(127): click_Success->//*[@id="base_box"]/div/div[3]/form/button
[2021-03-17 05:14:06]cl_getDriver.py(127): click_Success->//*[@id="base_box"]/div/div[3]/form/button
[2021-03-17 05:14:06]cl_getDriver.py(72): Open NewTab->https://kabuoji3.com/stock/3302/2012/
[2021-03-17 05:14:07]cl_getDriver.py(127): click_Success->//*[@id="base_box"]/div/div[3]/form/button
[2021-03-17 05:14:07]cl_getDriver.py(72): Open NewTab->https://kabuoji3.com/stock/3205/1990/
[2021-03-17 05:14:08]cl_getDriver.py(127): click_Success->//*[@id="base_box"]/div/div[3]/form/button
[2021-03-17 05:14:08]cl_getDriver.py(127): click_Success->//*[@id="base_box"]/div/div[3]/form/button
[2021-03-17 05:14:10]cl_getDriver.py(127): click_Success->//*[@id="base_box"]/div/div[3]/form/button
[2021-03-17 05:14:11]cl_getDriver.py(72): Open NewTab->https://kabuoji3.com/stock/3302/2011/
[2021-03-17 05:14:11]cl_getDriver.py(127): click_Success->//*[@id="base_box"]/div/div[3]/form/button
[2021-03-17 05:14:11]cl_getDriver.py(72): Open NewTab->https://kabuoji3.com/stock/3205/1989/
[2021-03-17 05:14:12]cl_getDriver.py(127): click_Success->//*[@id="base_box"]/div/div[3]/form/button
[2021-03-17 05:14:12]cl_getDriver.py(127): click_Success->//*[@id="base_box"]/div/div[3]/form/button
[2021-03-17 05:14:15]cl_getDriver.py(127): click_Success->//*[@id="base_box"]/div/div[3]/form/button
[2021-03-17 05:14:15]cl_getDriver.py(127): click_Success->//*[@id="base_box"]/div/div[3]/form/button
[2021-03-17 05:14:15]cl_getDriver.py(72): Open NewTab->https://kabuoji3.com/stock/3302/2010/
[2021-03-17 05:14:15]cl_getDriver.py(72): Open NewTab->https://kabuoji3.com/stock/3205/1988/
[2021-03-17 05:14:17]cl_getDriver.py(127): click_Success->//*[@id="base_box"]/div/div[3]/form/button
[2021-03-17 05:14:17]cl_getDriver.py(127): click_Success->//*[@id="base_box"]/div/div[3]/form/button
[2021-03-17 05:14:19]cl_getDriver.py(127): click_Success->//*[@id="base_box"]/div/div[3]/form/button
[2021-03-17 05:14:19]cl_getDriver.py(127): click_Success->//*[@id="base_box"]/div/div[3]/form/button
[2021-03-17 05:14:20]cl_getDriver.py(72): Open NewTab->https://kabuoji3.com/stock/3302/2009/
[2021-03-17 05:14:20]cl_getDriver.py(72): Open NewTab->https://kabuoji3.com/stock/3205/1987/
[2021-03-17 05:14:21]cl_getDriver.py(127): click_Success->//*[@id="base_box"]/div/div[3]/form/button
[2021-03-17 05:14:21]cl_getDriver.py(127): click_Success->//*[@id="base_box"]/div/div[3]/form/button
[2021-03-17 05:14:23]cl_getDriver.py(127): click_Success->//*[@id="base_box"]/div/div[3]/form/button
[2021-03-17 05:14:23]cl_getDriver.py(127): click_Success->//*[@id="base_box"]/div/div[3]/form/button
[2021-03-17 05:14:24]cl_getDriver.py(72): Open NewTab->https://kabuoji3.com/stock/3205/1986/
[2021-03-17 05:14:24]cl_getDriver.py(72): Open NewTab->https://kabuoji3.com/stock/3302/2008/
[2021-03-17 05:14:25]cl_getDriver.py(127): click_Success->//*[@id="base_box"]/div/div[3]/form/button
[2021-03-17 05:14:25]cl_getDriver.py(127): click_Success->//*[@id="base_box"]/div/div[3]/form/button
[2021-03-17 05:14:28]cl_getDriver.py(127): click_Success->//*[@id="base_box"]/div/div[3]/form/button
[2021-03-17 05:14:28]cl_getDriver.py(127): click_Success->//*[@id="base_box"]/div/div[3]/form/button
[2021-03-17 05:14:28]cl_getDriver.py(72): Open NewTab->https://kabuoji3.com/stock/3205/1985/
[2021-03-17 05:14:28]cl_getDriver.py(72): Open NewTab->https://kabuoji3.com/stock/3302/2007/
[2021-03-17 05:14:29]cl_getDriver.py(127): click_Success->//*[@id="base_box"]/div/div[3]/form/button
[2021-03-17 05:14:30]cl_getDriver.py(127): click_Success->//*[@id="base_box"]/div/div[3]/form/button
[2021-03-17 05:14:32]cl_getDriver.py(127): click_Success->//*[@id="base_box"]/div/div[3]/form/button
[2021-03-17 05:14:32]cl_getDriver.py(127): click_Success->//*[@id="base_box"]/div/div[3]/form/button
[2021-03-17 05:14:32]cl_getDriver.py(72): Open NewTab->https://kabuoji3.com/stock/3205/1984/
[2021-03-17 05:14:32]cl_getDriver.py(72): Open NewTab->https://kabuoji3.com/stock/3302/2006/
[2021-03-17 05:14:34]cl_getDriver.py(127): click_Success->//*[@id="base_box"]/div/div[3]/form/button
[2021-03-17 05:14:34]cl_getDriver.py(127): click_Success->//*[@id="base_box"]/div/div[3]/form/button
[2021-03-17 05:14:36]cl_getDriver.py(127): click_Success->//*[@id="base_box"]/div/div[3]/form/button
[2021-03-17 05:14:36]cl_getDriver.py(127): click_Success->//*[@id="base_box"]/div/div[3]/form/button
[2021-03-17 05:14:37]cl_getDriver.py(72): Open NewTab->https://kabuoji3.com/stock/3205/1983/
[2021-03-17 05:14:37]cl_getDriver.py(72): Open NewTab->https://kabuoji3.com/stock/3302/2005/
[2021-03-17 05:14:38]cl_getDriver.py(127): click_Success->//*[@id="base_box"]/div/div[3]/form/button
[2021-03-17 05:14:38]cl_getDriver.py(127): click_Success->//*[@id="base_box"]/div/div[3]/form/button
[2021-03-17 05:14:40]cl_getDriver.py(127): click_Success->//*[@id="base_box"]/div/div[3]/form/button
[2021-03-17 05:14:41]cl_getDriver.py(127): click_Success->//*[@id="base_box"]/div/div[3]/form/button
[2021-03-17 05:14:41]cl_getDriver.py(72): Open NewTab->https://kabuoji3.com/stock/3302/2004/
[2021-03-17 05:14:42]cl_getDriver.py(127): click_Success->//*[@id="base_box"]/div/div[3]/form/button
[2021-03-17 05:14:44]cl_getDriver.py(127): click_Success->//*[@id="base_box"]/div/div[3]/form/button
[2021-03-17 05:14:45]cl_getDriver.py(72): Open NewTab->https://kabuoji3.com/stock/3302/2003/
[2021-03-17 05:14:45]main.py(42): finished Process->https://kabuoji3.com/stock/3205/
[2021-03-17 05:14:45]main.py(15): start_Process->https://kabuoji3.com/stock/3401/
[2021-03-17 05:14:46]cl_getDriver.py(127): click_Success->//*[@id="base_box"]/div/div[3]/form/button
[2021-03-17 05:14:48]cl_getDriver.py(127): click_Success->//*[@id="base_box"]/div/div[3]/form/button
[2021-03-17 05:14:48]cl_getDriver.py(72): Open NewTab->https://kabuoji3.com/stock/3302/2002/
[2021-03-17 05:14:49]cl_getDriver.py(127): click_Success->//*[@id="base_box"]/div/div[3]/form/button
[2021-03-17 05:14:51]cl_getDriver.py(64): getURL=https://kabuoji3.com/stock/3401/
[2021-03-17 05:14:51]cl_getDriver.py(72): Open NewTab->https://kabuoji3.com/stock/3401/
[2021-03-17 05:14:52]cl_getDriver.py(127): click_Success->//*[@id="base_box"]/div/div[3]/form/button
[2021-03-17 05:14:52]cl_getDriver.py(72): Open NewTab->https://kabuoji3.com/stock/3302/2001/
[2021-03-17 05:14:52]cl_getDriver.py(130): Not Found->//*[@id="base_box"]/div/div[3]/form/button
[2021-03-17 05:14:53]cl_getDriver.py(127): click_Success->//*[@id="base_box"]/div/div[3]/form/button
[2021-03-17 05:14:54]cl_getDriver.py(130): Not Found->//*[@id="base_box"]/div/div[3]/form/button
[2021-03-17 05:14:55]cl_getDriver.py(72): Open NewTab->https://kabuoji3.com/stock/3401/2021/
[2021-03-17 05:14:55]cl_getDriver.py(127): click_Success->//*[@id="base_box"]/div/div[3]/form/button
[2021-03-17 05:14:55]cl_getDriver.py(127): click_Success->//*[@id="base_box"]/div/div[3]/form/button
[2021-03-17 05:14:56]cl_getDriver.py(72): Open NewTab->https://kabuoji3.com/stock/3302/2000/
[2021-03-17 05:14:57]cl_getDriver.py(127): click_Success->//*[@id="base_box"]/div/div[3]/form/button
[2021-03-17 05:14:58]cl_getDriver.py(127): click_Success->//*[@id="base_box"]/div/div[3]/form/button
[2021-03-17 05:14:58]cl_getDriver.py(72): Open NewTab->https://kabuoji3.com/stock/3401/2020/
[2021-03-17 05:14:59]cl_getDriver.py(127): click_Success->//*[@id="base_box"]/div/div[3]/form/button
[2021-03-17 05:14:59]cl_getDriver.py(72): Open NewTab->https://kabuoji3.com/stock/3302/1999/
[2021-03-17 05:15:00]cl_getDriver.py(127): click_Success->//*[@id="base_box"]/div/div[3]/form/button
[2021-03-17 05:15:00]cl_getDriver.py(127): click_Success->//*[@id="base_box"]/div/div[3]/form/button
[2021-03-17 05:15:02]cl_getDriver.py(127): click_Success->//*[@id="base_box"]/div/div[3]/form/button
[2021-03-17 05:15:02]cl_getDriver.py(72): Open NewTab->https://kabuoji3.com/stock/3401/2019/
[2021-03-17 05:15:03]cl_getDriver.py(127): click_Success->//*[@id="base_box"]/div/div[3]/form/button
[2021-03-17 05:15:03]cl_getDriver.py(72): Open NewTab->https://kabuoji3.com/stock/3302/1998/
[2021-03-17 05:15:03]cl_getDriver.py(127): click_Success->//*[@id="base_box"]/div/div[3]/form/button
[2021-03-17 05:15:04]cl_getDriver.py(127): click_Success->//*[@id="base_box"]/div/div[3]/form/button
[2021-03-17 05:15:06]cl_getDriver.py(127): click_Success->//*[@id="base_box"]/div/div[3]/form/button
[2021-03-17 05:15:06]cl_getDriver.py(72): Open NewTab->https://kabuoji3.com/stock/3401/2018/
[2021-03-17 05:15:07]cl_getDriver.py(127): click_Success->//*[@id="base_box"]/div/div[3]/form/button
[2021-03-17 05:15:07]cl_getDriver.py(72): Open NewTab->https://kabuoji3.com/stock/3302/1997/
[2021-03-17 05:15:08]cl_getDriver.py(127): click_Success->//*[@id="base_box"]/div/div[3]/form/button
[2021-03-17 05:15:08]cl_getDriver.py(127): click_Success->//*[@id="base_box"]/div/div[3]/form/button
[2021-03-17 05:15:10]cl_getDriver.py(127): click_Success->//*[@id="base_box"]/div/div[3]/form/button
[2021-03-17 05:15:10]cl_getDriver.py(72): Open NewTab->https://kabuoji3.com/stock/3401/2017/
[2021-03-17 05:15:11]cl_getDriver.py(127): click_Success->//*[@id="base_box"]/div/div[3]/form/button
[2021-03-17 05:15:11]cl_getDriver.py(72): Open NewTab->https://kabuoji3.com/stock/3302/1996/
[2021-03-17 05:15:12]cl_getDriver.py(127): click_Success->//*[@id="base_box"]/div/div[3]/form/button
[2021-03-17 05:15:12]cl_getDriver.py(127): click_Success->//*[@id="base_box"]/div/div[3]/form/button
[2021-03-17 05:15:14]cl_getDriver.py(127): click_Success->//*[@id="base_box"]/div/div[3]/form/button
[2021-03-17 05:15:14]cl_getDriver.py(72): Open NewTab->https://kabuoji3.com/stock/3401/2016/
[2021-03-17 05:15:15]cl_getDriver.py(127): click_Success->//*[@id="base_box"]/div/div[3]/form/button
[2021-03-17 05:15:15]cl_getDriver.py(72): Open NewTab->https://kabuoji3.com/stock/3302/1995/
[2021-03-17 05:15:16]cl_getDriver.py(127): click_Success->//*[@id="base_box"]/div/div[3]/form/button
[2021-03-17 05:15:16]cl_getDriver.py(127): click_Success->//*[@id="base_box"]/div/div[3]/form/button
[2021-03-17 05:15:18]cl_getDriver.py(127): click_Success->//*[@id="base_box"]/div/div[3]/form/button
[2021-03-17 05:15:18]cl_getDriver.py(72): Open NewTab->https://kabuoji3.com/stock/3401/2015/
[2021-03-17 05:15:19]cl_getDriver.py(127): click_Success->//*[@id="base_box"]/div/div[3]/form/button
[2021-03-17 05:15:19]cl_getDriver.py(72): Open NewTab->https://kabuoji3.com/stock/3302/1994/
[2021-03-17 05:15:20]cl_getDriver.py(127): click_Success->//*[@id="base_box"]/div/div[3]/form/button
[2021-03-17 05:15:20]cl_getDriver.py(127): click_Success->//*[@id="base_box"]/div/div[3]/form/button
[2021-03-17 05:15:22]cl_getDriver.py(127): click_Success->//*[@id="base_box"]/div/div[3]/form/button
[2021-03-17 05:15:23]cl_getDriver.py(127): click_Success->//*[@id="base_box"]/div/div[3]/form/button
[2021-03-17 05:15:23]cl_getDriver.py(72): Open NewTab->https://kabuoji3.com/stock/3401/2014/
[2021-03-17 05:15:23]cl_getDriver.py(72): Open NewTab->https://kabuoji3.com/stock/3302/1993/
[2021-03-17 05:15:24]cl_getDriver.py(127): click_Success->//*[@id="base_box"]/div/div[3]/form/button
[2021-03-17 05:15:24]cl_getDriver.py(127): click_Success->//*[@id="base_box"]/div/div[3]/form/button
[2021-03-17 05:15:26]cl_getDriver.py(127): click_Success->//*[@id="base_box"]/div/div[3]/form/button
[2021-03-17 05:15:27]cl_getDriver.py(72): Open NewTab->https://kabuoji3.com/stock/3401/2013/
[2021-03-17 05:15:27]cl_getDriver.py(127): click_Success->//*[@id="base_box"]/div/div[3]/form/button
[2021-03-17 05:15:27]cl_getDriver.py(72): Open NewTab->https://kabuoji3.com/stock/3302/1992/
[2021-03-17 05:15:28]cl_getDriver.py(127): click_Success->//*[@id="base_box"]/div/div[3]/form/button
[2021-03-17 05:15:28]cl_getDriver.py(127): click_Success->//*[@id="base_box"]/div/div[3]/form/button
[2021-03-17 05:15:30]cl_getDriver.py(127): click_Success->//*[@id="base_box"]/div/div[3]/form/button
[2021-03-17 05:15:31]cl_getDriver.py(72): Open NewTab->https://kabuoji3.com/stock/3401/2012/
[2021-03-17 05:15:31]cl_getDriver.py(127): click_Success->//*[@id="base_box"]/div/div[3]/form/button
[2021-03-17 05:15:31]cl_getDriver.py(72): Open NewTab->https://kabuoji3.com/stock/3302/1991/
[2021-03-17 05:15:32]cl_getDriver.py(127): click_Success->//*[@id="base_box"]/div/div[3]/form/button
[2021-03-17 05:15:33]cl_getDriver.py(127): click_Success->//*[@id="base_box"]/div/div[3]/form/button
[2021-03-17 05:15:35]cl_getDriver.py(127): click_Success->//*[@id="base_box"]/div/div[3]/form/button
[2021-03-17 05:15:35]cl_getDriver.py(72): Open NewTab->https://kabuoji3.com/stock/3401/2011/
[2021-03-17 05:15:35]cl_getDriver.py(127): click_Success->//*[@id="base_box"]/div/div[3]/form/button
[2021-03-17 05:15:36]cl_getDriver.py(72): Open NewTab->https://kabuoji3.com/stock/3302/1990/
[2021-03-17 05:15:37]cl_getDriver.py(127): click_Success->//*[@id="base_box"]/div/div[3]/form/button
[2021-03-17 05:15:37]cl_getDriver.py(127): click_Success->//*[@id="base_box"]/div/div[3]/form/button
[2021-03-17 05:15:39]cl_getDriver.py(127): click_Success->//*[@id="base_box"]/div/div[3]/form/button
[2021-03-17 05:15:40]cl_getDriver.py(72): Open NewTab->https://kabuoji3.com/stock/3401/2010/
[2021-03-17 05:15:40]cl_getDriver.py(127): click_Success->//*[@id="base_box"]/div/div[3]/form/button
[2021-03-17 05:15:40]cl_getDriver.py(72): Open NewTab->https://kabuoji3.com/stock/3302/1989/
[2021-03-17 05:15:41]cl_getDriver.py(127): click_Success->//*[@id="base_box"]/div/div[3]/form/button
[2021-03-17 05:15:41]cl_getDriver.py(127): click_Success->//*[@id="base_box"]/div/div[3]/form/button
[2021-03-17 05:15:43]cl_getDriver.py(127): click_Success->//*[@id="base_box"]/div/div[3]/form/button
[2021-03-17 05:15:44]cl_getDriver.py(127): click_Success->//*[@id="base_box"]/div/div[3]/form/button
[2021-03-17 05:15:44]cl_getDriver.py(72): Open NewTab->https://kabuoji3.com/stock/3302/1988/
[2021-03-17 05:15:44]cl_getDriver.py(72): Open NewTab->https://kabuoji3.com/stock/3401/2009/
[2021-03-17 05:15:45]cl_getDriver.py(127): click_Success->//*[@id="base_box"]/div/div[3]/form/button
[2021-03-17 05:15:45]cl_getDriver.py(127): click_Success->//*[@id="base_box"]/div/div[3]/form/button
[2021-03-17 05:15:48]cl_getDriver.py(127): click_Success->//*[@id="base_box"]/div/div[3]/form/button
[2021-03-17 05:15:48]cl_getDriver.py(127): click_Success->//*[@id="base_box"]/div/div[3]/form/button
[2021-03-17 05:15:48]cl_getDriver.py(72): Open NewTab->https://kabuoji3.com/stock/3302/1987/
[2021-03-17 05:15:48]cl_getDriver.py(72): Open NewTab->https://kabuoji3.com/stock/3401/2008/
[2021-03-17 05:15:50]cl_getDriver.py(127): click_Success->//*[@id="base_box"]/div/div[3]/form/button
[2021-03-17 05:15:50]cl_getDriver.py(127): click_Success->//*[@id="base_box"]/div/div[3]/form/button
[2021-03-17 05:15:52]cl_getDriver.py(127): click_Success->//*[@id="base_box"]/div/div[3]/form/button
[2021-03-17 05:15:52]cl_getDriver.py(127): click_Success->//*[@id="base_box"]/div/div[3]/form/button
[2021-03-17 05:15:53]cl_getDriver.py(72): Open NewTab->https://kabuoji3.com/stock/3302/1986/
[2021-03-17 05:15:53]cl_getDriver.py(72): Open NewTab->https://kabuoji3.com/stock/3401/2007/
[2021-03-17 05:15:54]cl_getDriver.py(127): click_Success->//*[@id="base_box"]/div/div[3]/form/button
[2021-03-17 05:15:54]cl_getDriver.py(127): click_Success->//*[@id="base_box"]/div/div[3]/form/button
[2021-03-17 05:15:56]cl_getDriver.py(127): click_Success->//*[@id="base_box"]/div/div[3]/form/button
[2021-03-17 05:15:56]cl_getDriver.py(127): click_Success->//*[@id="base_box"]/div/div[3]/form/button
[2021-03-17 05:15:57]cl_getDriver.py(72): Open NewTab->https://kabuoji3.com/stock/3401/2006/
[2021-03-17 05:15:57]cl_getDriver.py(72): Open NewTab->https://kabuoji3.com/stock/3302/1985/
[2021-03-17 05:15:58]cl_getDriver.py(127): click_Success->//*[@id="base_box"]/div/div[3]/form/button
[2021-03-17 05:15:58]cl_getDriver.py(127): click_Success->//*[@id="base_box"]/div/div[3]/form/button
[2021-03-17 05:16:00]cl_getDriver.py(127): click_Success->//*[@id="base_box"]/div/div[3]/form/button
[2021-03-17 05:16:01]cl_getDriver.py(72): Open NewTab->https://kabuoji3.com/stock/3401/2005/
[2021-03-17 05:16:01]cl_getDriver.py(127): click_Success->//*[@id="base_box"]/div/div[3]/form/button
[2021-03-17 05:16:01]cl_getDriver.py(72): Open NewTab->https://kabuoji3.com/stock/3302/1984/
[2021-03-17 05:16:02]cl_getDriver.py(127): click_Success->//*[@id="base_box"]/div/div[3]/form/button
[2021-03-17 05:16:03]cl_getDriver.py(127): click_Success->//*[@id="base_box"]/div/div[3]/form/button
[2021-03-17 05:16:05]cl_getDriver.py(127): click_Success->//*[@id="base_box"]/div/div[3]/form/button
[2021-03-17 05:16:05]cl_getDriver.py(72): Open NewTab->https://kabuoji3.com/stock/3401/2004/
[2021-03-17 05:16:05]cl_getDriver.py(127): click_Success->//*[@id="base_box"]/div/div[3]/form/button
[2021-03-17 05:16:05]cl_getDriver.py(72): Open NewTab->https://kabuoji3.com/stock/3302/1983/
[2021-03-17 05:16:06]cl_getDriver.py(127): click_Success->//*[@id="base_box"]/div/div[3]/form/button
[2021-03-17 05:16:07]cl_getDriver.py(127): click_Success->//*[@id="base_box"]/div/div[3]/form/button
[2021-03-17 05:16:09]cl_getDriver.py(127): click_Success->//*[@id="base_box"]/div/div[3]/form/button
[2021-03-17 05:16:09]cl_getDriver.py(72): Open NewTab->https://kabuoji3.com/stock/3401/2003/
[2021-03-17 05:16:09]cl_getDriver.py(127): click_Success->//*[@id="base_box"]/div/div[3]/form/button
[2021-03-17 05:16:10]cl_getDriver.py(127): click_Success->//*[@id="base_box"]/div/div[3]/form/button
[2021-03-17 05:16:12]main.py(42): finished Process->https://kabuoji3.com/stock/3302/
[2021-03-17 05:16:12]main.py(15): start_Process->https://kabuoji3.com/stock/3402/
[2021-03-17 05:16:13]cl_getDriver.py(127): click_Success->//*[@id="base_box"]/div/div[3]/form/button
[2021-03-17 05:16:13]cl_getDriver.py(72): Open NewTab->https://kabuoji3.com/stock/3401/2002/
[2021-03-17 05:16:14]cl_getDriver.py(127): click_Success->//*[@id="base_box"]/div/div[3]/form/button
[2021-03-17 05:16:16]cl_getDriver.py(127): click_Success->//*[@id="base_box"]/div/div[3]/form/button
[2021-03-17 05:16:17]cl_getDriver.py(72): Open NewTab->https://kabuoji3.com/stock/3401/2001/
[2021-03-17 05:16:18]cl_getDriver.py(127): click_Success->//*[@id="base_box"]/div/div[3]/form/button
[2021-03-17 05:16:18]cl_getDriver.py(64): getURL=https://kabuoji3.com/stock/3402/
[2021-03-17 05:16:19]cl_getDriver.py(72): Open NewTab->https://kabuoji3.com/stock/3402/
[2021-03-17 05:16:19]cl_getDriver.py(130): Not Found->//*[@id="base_box"]/div/div[3]/form/button
[2021-03-17 05:16:20]cl_getDriver.py(127): click_Success->//*[@id="base_box"]/div/div[3]/form/button
[2021-03-17 05:16:21]cl_getDriver.py(72): Open NewTab->https://kabuoji3.com/stock/3401/2000/
[2021-03-17 05:16:21]cl_getDriver.py(130): Not Found->//*[@id="base_box"]/div/div[3]/form/button
[2021-03-17 05:16:22]cl_getDriver.py(72): Open NewTab->https://kabuoji3.com/stock/3402/2021/
[2021-03-17 05:16:22]cl_getDriver.py(127): click_Success->//*[@id="base_box"]/div/div[3]/form/button
[2021-03-17 05:16:22]cl_getDriver.py(127): click_Success->//*[@id="base_box"]/div/div[3]/form/button
[2021-03-17 05:16:24]cl_getDriver.py(127): click_Success->//*[@id="base_box"]/div/div[3]/form/button
[2021-03-17 05:16:24]cl_getDriver.py(72): Open NewTab->https://kabuoji3.com/stock/3401/1999/
[2021-03-17 05:16:25]cl_getDriver.py(127): click_Success->//*[@id="base_box"]/div/div[3]/form/button
[2021-03-17 05:16:25]cl_getDriver.py(72): Open NewTab->https://kabuoji3.com/stock/3402/2020/
[2021-03-17 05:16:26]cl_getDriver.py(127): click_Success->//*[@id="base_box"]/div/div[3]/form/button
[2021-03-17 05:16:26]cl_getDriver.py(127): click_Success->//*[@id="base_box"]/div/div[3]/form/button
[2021-03-17 05:16:28]cl_getDriver.py(127): click_Success->//*[@id="base_box"]/div/div[3]/form/button
[2021-03-17 05:16:28]cl_getDriver.py(72): Open NewTab->https://kabuoji3.com/stock/3401/1998/
[2021-03-17 05:16:29]cl_getDriver.py(127): click_Success->//*[@id="base_box"]/div/div[3]/form/button
[2021-03-17 05:16:29]cl_getDriver.py(72): Open NewTab->https://kabuoji3.com/stock/3402/2019/
[2021-03-17 05:16:30]cl_getDriver.py(127): click_Success->//*[@id="base_box"]/div/div[3]/form/button
[2021-03-17 05:16:30]cl_getDriver.py(127): click_Success->//*[@id="base_box"]/div/div[3]/form/button
[2021-03-17 05:16:32]cl_getDriver.py(127): click_Success->//*[@id="base_box"]/div/div[3]/form/button
[2021-03-17 05:16:32]cl_getDriver.py(72): Open NewTab->https://kabuoji3.com/stock/3401/1997/
[2021-03-17 05:16:33]cl_getDriver.py(127): click_Success->//*[@id="base_box"]/div/div[3]/form/button
[2021-03-17 05:16:33]cl_getDriver.py(72): Open NewTab->https://kabuoji3.com/stock/3402/2018/
[2021-03-17 05:16:34]cl_getDriver.py(127): click_Success->//*[@id="base_box"]/div/div[3]/form/button
[2021-03-17 05:16:34]cl_getDriver.py(127): click_Success->//*[@id="base_box"]/div/div[3]/form/button
[2021-03-17 05:16:36]cl_getDriver.py(127): click_Success->//*[@id="base_box"]/div/div[3]/form/button
[2021-03-17 05:16:36]cl_getDriver.py(72): Open NewTab->https://kabuoji3.com/stock/3401/1996/
[2021-03-17 05:16:37]cl_getDriver.py(127): click_Success->//*[@id="base_box"]/div/div[3]/form/button
[2021-03-17 05:16:37]cl_getDriver.py(72): Open NewTab->https://kabuoji3.com/stock/3402/2017/
[2021-03-17 05:16:38]cl_getDriver.py(127): click_Success->//*[@id="base_box"]/div/div[3]/form/button
[2021-03-17 05:16:38]cl_getDriver.py(127): click_Success->//*[@id="base_box"]/div/div[3]/form/button
[2021-03-17 05:16:40]cl_getDriver.py(127): click_Success->//*[@id="base_box"]/div/div[3]/form/button
[2021-03-17 05:16:41]cl_getDriver.py(127): click_Success->//*[@id="base_box"]/div/div[3]/form/button
[2021-03-17 05:16:41]cl_getDriver.py(72): Open NewTab->https://kabuoji3.com/stock/3401/1995/
[2021-03-17 05:16:41]cl_getDriver.py(72): Open NewTab->https://kabuoji3.com/stock/3402/2016/
[2021-03-17 05:16:42]cl_getDriver.py(127): click_Success->//*[@id="base_box"]/div/div[3]/form/button
[2021-03-17 05:16:42]cl_getDriver.py(127): click_Success->//*[@id="base_box"]/div/div[3]/form/button
[2021-03-17 05:16:44]cl_getDriver.py(127): click_Success->//*[@id="base_box"]/div/div[3]/form/button
[2021-03-17 05:16:45]cl_getDriver.py(127): click_Success->//*[@id="base_box"]/div/div[3]/form/button
[2021-03-17 05:16:45]cl_getDriver.py(72): Open NewTab->https://kabuoji3.com/stock/3401/1994/
[2021-03-17 05:16:45]cl_getDriver.py(72): Open NewTab->https://kabuoji3.com/stock/3402/2015/
[2021-03-17 05:16:47]cl_getDriver.py(127): click_Success->//*[@id="base_box"]/div/div[3]/form/button
[2021-03-17 05:16:47]cl_getDriver.py(127): click_Success->//*[@id="base_box"]/div/div[3]/form/button
[2021-03-17 05:16:49]cl_getDriver.py(127): click_Success->//*[@id="base_box"]/div/div[3]/form/button
[2021-03-17 05:16:49]cl_getDriver.py(127): click_Success->//*[@id="base_box"]/div/div[3]/form/button
[2021-03-17 05:16:50]cl_getDriver.py(72): Open NewTab->https://kabuoji3.com/stock/3401/1993/
[2021-03-17 05:16:50]cl_getDriver.py(72): Open NewTab->https://kabuoji3.com/stock/3402/2014/
[2021-03-17 05:16:51]cl_getDriver.py(127): click_Success->//*[@id="base_box"]/div/div[3]/form/button
[2021-03-17 05:16:51]cl_getDriver.py(127): click_Success->//*[@id="base_box"]/div/div[3]/form/button
[2021-03-17 05:16:53]cl_getDriver.py(127): click_Success->//*[@id="base_box"]/div/div[3]/form/button
[2021-03-17 05:16:53]cl_getDriver.py(127): click_Success->//*[@id="base_box"]/div/div[3]/form/button
[2021-03-17 05:16:54]cl_getDriver.py(72): Open NewTab->https://kabuoji3.com/stock/3401/1992/
[2021-03-17 05:16:54]cl_getDriver.py(72): Open NewTab->https://kabuoji3.com/stock/3402/2013/
[2021-03-17 05:16:55]cl_getDriver.py(127): click_Success->//*[@id="base_box"]/div/div[3]/form/button
[2021-03-17 05:16:55]cl_getDriver.py(127): click_Success->//*[@id="base_box"]/div/div[3]/form/button
[2021-03-17 05:16:58]cl_getDriver.py(127): click_Success->//*[@id="base_box"]/div/div[3]/form/button
[2021-03-17 05:16:58]cl_getDriver.py(127): click_Success->//*[@id="base_box"]/div/div[3]/form/button
[2021-03-17 05:16:58]cl_getDriver.py(72): Open NewTab->https://kabuoji3.com/stock/3401/1991/
[2021-03-17 05:16:58]cl_getDriver.py(72): Open NewTab->https://kabuoji3.com/stock/3402/2012/
[2021-03-17 05:17:00]cl_getDriver.py(127): click_Success->//*[@id="base_box"]/div/div[3]/form/button
[2021-03-17 05:17:00]cl_getDriver.py(127): click_Success->//*[@id="base_box"]/div/div[3]/form/button
[2021-03-17 05:17:02]cl_getDriver.py(127): click_Success->//*[@id="base_box"]/div/div[3]/form/button
[2021-03-17 05:17:02]cl_getDriver.py(127): click_Success->//*[@id="base_box"]/div/div[3]/form/button
[2021-03-17 05:17:03]cl_getDriver.py(72): Open NewTab->https://kabuoji3.com/stock/3402/2011/
[2021-03-17 05:17:03]cl_getDriver.py(72): Open NewTab->https://kabuoji3.com/stock/3401/1990/
[2021-03-17 05:17:04]cl_getDriver.py(127): click_Success->//*[@id="base_box"]/div/div[3]/form/button
[2021-03-17 05:17:04]cl_getDriver.py(127): click_Success->//*[@id="base_box"]/div/div[3]/form/button
[2021-03-17 05:17:06]cl_getDriver.py(127): click_Success->//*[@id="base_box"]/div/div[3]/form/button
[2021-03-17 05:17:06]cl_getDriver.py(127): click_Success->//*[@id="base_box"]/div/div[3]/form/button
[2021-03-17 05:17:07]cl_getDriver.py(72): Open NewTab->https://kabuoji3.com/stock/3402/2010/
[2021-03-17 05:17:07]cl_getDriver.py(72): Open NewTab->https://kabuoji3.com/stock/3401/1989/
[2021-03-17 05:17:08]cl_getDriver.py(127): click_Success->//*[@id="base_box"]/div/div[3]/form/button
[2021-03-17 05:17:08]cl_getDriver.py(127): click_Success->//*[@id="base_box"]/div/div[3]/form/button
[2021-03-17 05:17:11]cl_getDriver.py(127): click_Success->//*[@id="base_box"]/div/div[3]/form/button
[2021-03-17 05:17:11]cl_getDriver.py(127): click_Success->//*[@id="base_box"]/div/div[3]/form/button
[2021-03-17 05:17:11]cl_getDriver.py(72): Open NewTab->https://kabuoji3.com/stock/3401/1988/
[2021-03-17 05:17:11]cl_getDriver.py(72): Open NewTab->https://kabuoji3.com/stock/3402/2009/
[2021-03-17 05:17:13]cl_getDriver.py(127): click_Success->//*[@id="base_box"]/div/div[3]/form/button
[2021-03-17 05:17:13]cl_getDriver.py(127): click_Success->//*[@id="base_box"]/div/div[3]/form/button
[2021-03-17 05:17:15]cl_getDriver.py(127): click_Success->//*[@id="base_box"]/div/div[3]/form/button
[2021-03-17 05:17:15]cl_getDriver.py(127): click_Success->//*[@id="base_box"]/div/div[3]/form/button
[2021-03-17 05:17:16]cl_getDriver.py(72): Open NewTab->https://kabuoji3.com/stock/3402/2008/
[2021-03-17 05:17:16]cl_getDriver.py(72): Open NewTab->https://kabuoji3.com/stock/3401/1987/
[2021-03-17 05:17:17]cl_getDriver.py(127): click_Success->//*[@id="base_box"]/div/div[3]/form/button
[2021-03-17 05:17:17]cl_getDriver.py(127): click_Success->//*[@id="base_box"]/div/div[3]/form/button
[2021-03-17 05:17:19]cl_getDriver.py(127): click_Success->//*[@id="base_box"]/div/div[3]/form/button
[2021-03-17 05:17:20]cl_getDriver.py(127): click_Success->//*[@id="base_box"]/div/div[3]/form/button
[2021-03-17 05:17:20]cl_getDriver.py(72): Open NewTab->https://kabuoji3.com/stock/3401/1986/
[2021-03-17 05:17:20]cl_getDriver.py(72): Open NewTab->https://kabuoji3.com/stock/3402/2007/
[2021-03-17 05:17:21]cl_getDriver.py(127): click_Success->//*[@id="base_box"]/div/div[3]/form/button
[2021-03-17 05:17:22]cl_getDriver.py(127): click_Success->//*[@id="base_box"]/div/div[3]/form/button
[2021-03-17 05:17:24]cl_getDriver.py(127): click_Success->//*[@id="base_box"]/div/div[3]/form/button
[2021-03-17 05:17:24]cl_getDriver.py(127): click_Success->//*[@id="base_box"]/div/div[3]/form/button
[2021-03-17 05:17:24]cl_getDriver.py(72): Open NewTab->https://kabuoji3.com/stock/3401/1985/
[2021-03-17 05:17:25]cl_getDriver.py(72): Open NewTab->https://kabuoji3.com/stock/3402/2006/
[2021-03-17 05:17:26]cl_getDriver.py(127): click_Success->//*[@id="base_box"]/div/div[3]/form/button
[2021-03-17 05:17:26]cl_getDriver.py(127): click_Success->//*[@id="base_box"]/div/div[3]/form/button
[2021-03-17 05:17:28]cl_getDriver.py(127): click_Success->//*[@id="base_box"]/div/div[3]/form/button
[2021-03-17 05:17:28]cl_getDriver.py(127): click_Success->//*[@id="base_box"]/div/div[3]/form/button
[2021-03-17 05:17:29]cl_getDriver.py(72): Open NewTab->https://kabuoji3.com/stock/3401/1984/
[2021-03-17 05:17:29]cl_getDriver.py(72): Open NewTab->https://kabuoji3.com/stock/3402/2005/
[2021-03-17 05:17:30]cl_getDriver.py(127): click_Success->//*[@id="base_box"]/div/div[3]/form/button
[2021-03-17 05:17:30]cl_getDriver.py(127): click_Success->//*[@id="base_box"]/div/div[3]/form/button
[2021-03-17 05:17:33]cl_getDriver.py(127): click_Success->//*[@id="base_box"]/div/div[3]/form/button
[2021-03-17 05:17:33]cl_getDriver.py(127): click_Success->//*[@id="base_box"]/div/div[3]/form/button
[2021-03-17 05:17:33]cl_getDriver.py(72): Open NewTab->https://kabuoji3.com/stock/3401/1983/
[2021-03-17 05:17:33]cl_getDriver.py(72): Open NewTab->https://kabuoji3.com/stock/3402/2004/
[2021-03-17 05:17:35]cl_getDriver.py(127): click_Success->//*[@id="base_box"]/div/div[3]/form/button
[2021-03-17 05:17:35]cl_getDriver.py(127): click_Success->//*[@id="base_box"]/div/div[3]/form/button
[2021-03-17 05:17:37]cl_getDriver.py(127): click_Success->//*[@id="base_box"]/div/div[3]/form/button
[2021-03-17 05:17:37]cl_getDriver.py(127): click_Success->//*[@id="base_box"]/div/div[3]/form/button
[2021-03-17 05:17:37]cl_getDriver.py(72): Open NewTab->https://kabuoji3.com/stock/3402/2003/
[2021-03-17 05:17:38]cl_getDriver.py(127): click_Success->//*[@id="base_box"]/div/div[3]/form/button
[2021-03-17 05:17:41]cl_getDriver.py(127): click_Success->//*[@id="base_box"]/div/div[3]/form/button
[2021-03-17 05:17:41]cl_getDriver.py(72): Open NewTab->https://kabuoji3.com/stock/3402/2002/
[2021-03-17 05:17:41]main.py(42): finished Process->https://kabuoji3.com/stock/3401/
[2021-03-17 05:17:41]main.py(15): start_Process->https://kabuoji3.com/stock/3405/
[2021-03-17 05:17:42]cl_getDriver.py(127): click_Success->//*[@id="base_box"]/div/div[3]/form/button
[2021-03-17 05:17:44]cl_getDriver.py(127): click_Success->//*[@id="base_box"]/div/div[3]/form/button
[2021-03-17 05:17:44]cl_getDriver.py(72): Open NewTab->https://kabuoji3.com/stock/3402/2001/
[2021-03-17 05:17:45]cl_getDriver.py(127): click_Success->//*[@id="base_box"]/div/div[3]/form/button
[2021-03-17 05:17:46]cl_getDriver.py(64): getURL=https://kabuoji3.com/stock/3405/
[2021-03-17 05:17:47]cl_getDriver.py(72): Open NewTab->https://kabuoji3.com/stock/3405/
[2021-03-17 05:17:47]cl_getDriver.py(130): Not Found->//*[@id="base_box"]/div/div[3]/form/button
[2021-03-17 05:17:48]cl_getDriver.py(127): click_Success->//*[@id="base_box"]/div/div[3]/form/button
[2021-03-17 05:17:48]cl_getDriver.py(72): Open NewTab->https://kabuoji3.com/stock/3402/2000/
[2021-03-17 05:17:49]cl_getDriver.py(127): click_Success->//*[@id="base_box"]/div/div[3]/form/button
[2021-03-17 05:17:49]cl_getDriver.py(130): Not Found->//*[@id="base_box"]/div/div[3]/form/button
[2021-03-17 05:17:50]cl_getDriver.py(72): Open NewTab->https://kabuoji3.com/stock/3405/2021/
[2021-03-17 05:17:50]cl_getDriver.py(127): click_Success->//*[@id="base_box"]/div/div[3]/form/button
[2021-03-17 05:17:51]cl_getDriver.py(127): click_Success->//*[@id="base_box"]/div/div[3]/form/button
[2021-03-17 05:17:51]cl_getDriver.py(72): Open NewTab->https://kabuoji3.com/stock/3402/1999/
[2021-03-17 05:17:52]cl_getDriver.py(127): click_Success->//*[@id="base_box"]/div/div[3]/form/button
[2021-03-17 05:17:53]cl_getDriver.py(127): click_Success->//*[@id="base_box"]/div/div[3]/form/button
[2021-03-17 05:17:53]cl_getDriver.py(72): Open NewTab->https://kabuoji3.com/stock/3405/2020/
[2021-03-17 05:17:54]cl_getDriver.py(127): click_Success->//*[@id="base_box"]/div/div[3]/form/button
[2021-03-17 05:17:55]cl_getDriver.py(127): click_Success->//*[@id="base_box"]/div/div[3]/form/button
[2021-03-17 05:17:55]cl_getDriver.py(72): Open NewTab->https://kabuoji3.com/stock/3402/1998/
[2021-03-17 05:17:56]cl_getDriver.py(127): click_Success->//*[@id="base_box"]/div/div[3]/form/button
[2021-03-17 05:17:56]cl_getDriver.py(127): click_Success->//*[@id="base_box"]/div/div[3]/form/button
[2021-03-17 05:17:57]cl_getDriver.py(72): Open NewTab->https://kabuoji3.com/stock/3405/2019/
[2021-03-17 05:17:58]cl_getDriver.py(127): click_Success->//*[@id="base_box"]/div/div[3]/form/button
[2021-03-17 05:17:58]cl_getDriver.py(127): click_Success->//*[@id="base_box"]/div/div[3]/form/button
[2021-03-17 05:17:59]cl_getDriver.py(72): Open NewTab->https://kabuoji3.com/stock/3402/1997/
[2021-03-17 05:18:00]cl_getDriver.py(127): click_Success->//*[@id="base_box"]/div/div[3]/form/button
[2021-03-17 05:18:00]cl_getDriver.py(127): click_Success->//*[@id="base_box"]/div/div[3]/form/button
[2021-03-17 05:18:00]cl_getDriver.py(72): Open NewTab->https://kabuoji3.com/stock/3405/2018/
[2021-03-17 05:18:01]cl_getDriver.py(127): click_Success->//*[@id="base_box"]/div/div[3]/form/button
[2021-03-17 05:18:02]cl_getDriver.py(127): click_Success->//*[@id="base_box"]/div/div[3]/form/button
[2021-03-17 05:18:02]cl_getDriver.py(72): Open NewTab->https://kabuoji3.com/stock/3402/1996/
[2021-03-17 05:18:03]cl_getDriver.py(127): click_Success->//*[@id="base_box"]/div/div[3]/form/button
[2021-03-17 05:18:04]cl_getDriver.py(127): click_Success->//*[@id="base_box"]/div/div[3]/form/button
[2021-03-17 05:18:04]cl_getDriver.py(72): Open NewTab->https://kabuoji3.com/stock/3405/2017/
[2021-03-17 05:18:05]cl_getDriver.py(127): click_Success->//*[@id="base_box"]/div/div[3]/form/button
[2021-03-17 05:18:05]cl_getDriver.py(127): click_Success->//*[@id="base_box"]/div/div[3]/form/button
[2021-03-17 05:18:06]cl_getDriver.py(72): Open NewTab->https://kabuoji3.com/stock/3402/1995/
[2021-03-17 05:18:07]cl_getDriver.py(127): click_Success->//*[@id="base_box"]/div/div[3]/form/button
[2021-03-17 05:18:07]cl_getDriver.py(127): click_Success->//*[@id="base_box"]/div/div[3]/form/button
[2021-03-17 05:18:08]cl_getDriver.py(72): Open NewTab->https://kabuoji3.com/stock/3405/2016/
[2021-03-17 05:18:09]cl_getDriver.py(127): click_Success->//*[@id="base_box"]/div/div[3]/form/button
[2021-03-17 05:18:09]cl_getDriver.py(127): click_Success->//*[@id="base_box"]/div/div[3]/form/button
[2021-03-17 05:18:09]cl_getDriver.py(72): Open NewTab->https://kabuoji3.com/stock/3402/1994/
[2021-03-17 05:18:11]cl_getDriver.py(127): click_Success->//*[@id="base_box"]/div/div[3]/form/button
[2021-03-17 05:18:11]cl_getDriver.py(127): click_Success->//*[@id="base_box"]/div/div[3]/form/button
[2021-03-17 05:18:11]cl_getDriver.py(72): Open NewTab->https://kabuoji3.com/stock/3405/2015/
[2021-03-17 05:18:12]cl_getDriver.py(127): click_Success->//*[@id="base_box"]/div/div[3]/form/button
[2021-03-17 05:18:13]cl_getDriver.py(127): click_Success->//*[@id="base_box"]/div/div[3]/form/button
[2021-03-17 05:18:13]cl_getDriver.py(72): Open NewTab->https://kabuoji3.com/stock/3402/1993/
[2021-03-17 05:18:14]cl_getDriver.py(127): click_Success->//*[@id="base_box"]/div/div[3]/form/button
[2021-03-17 05:18:14]cl_getDriver.py(127): click_Success->//*[@id="base_box"]/div/div[3]/form/button
[2021-03-17 05:18:15]cl_getDriver.py(72): Open NewTab->https://kabuoji3.com/stock/3405/2014/
[2021-03-17 05:18:16]cl_getDriver.py(127): click_Success->//*[@id="base_box"]/div/div[3]/form/button
[2021-03-17 05:18:16]cl_getDriver.py(127): click_Success->//*[@id="base_box"]/div/div[3]/form/button
[2021-03-17 05:18:17]cl_getDriver.py(72): Open NewTab->https://kabuoji3.com/stock/3402/1992/
[2021-03-17 05:18:18]cl_getDriver.py(127): click_Success->//*[@id="base_box"]/div/div[3]/form/button
[2021-03-17 05:18:18]cl_getDriver.py(127): click_Success->//*[@id="base_box"]/div/div[3]/form/button
[2021-03-17 05:18:18]cl_getDriver.py(72): Open NewTab->https://kabuoji3.com/stock/3405/2013/
[2021-03-17 05:18:19]cl_getDriver.py(127): click_Success->//*[@id="base_box"]/div/div[3]/form/button
[2021-03-17 05:18:20]cl_getDriver.py(127): click_Success->//*[@id="base_box"]/div/div[3]/form/button
[2021-03-17 05:18:20]cl_getDriver.py(72): Open NewTab->https://kabuoji3.com/stock/3402/1991/
[2021-03-17 05:18:21]cl_getDriver.py(127): click_Success->//*[@id="base_box"]/div/div[3]/form/button
[2021-03-17 05:18:22]cl_getDriver.py(127): click_Success->//*[@id="base_box"]/div/div[3]/form/button
[2021-03-17 05:18:22]cl_getDriver.py(72): Open NewTab->https://kabuoji3.com/stock/3405/2012/
[2021-03-17 05:18:23]cl_getDriver.py(127): click_Success->//*[@id="base_box"]/div/div[3]/form/button
[2021-03-17 05:18:23]cl_getDriver.py(127): click_Success->//*[@id="base_box"]/div/div[3]/form/button
[2021-03-17 05:18:24]cl_getDriver.py(72): Open NewTab->https://kabuoji3.com/stock/3402/1990/
[2021-03-17 05:18:25]cl_getDriver.py(127): click_Success->//*[@id="base_box"]/div/div[3]/form/button
[2021-03-17 05:18:25]cl_getDriver.py(127): click_Success->//*[@id="base_box"]/div/div[3]/form/button
[2021-03-17 05:18:26]cl_getDriver.py(72): Open NewTab->https://kabuoji3.com/stock/3405/2011/
[2021-03-17 05:18:27]cl_getDriver.py(127): click_Success->//*[@id="base_box"]/div/div[3]/form/button
[2021-03-17 05:18:27]cl_getDriver.py(127): click_Success->//*[@id="base_box"]/div/div[3]/form/button
[2021-03-17 05:18:27]cl_getDriver.py(72): Open NewTab->https://kabuoji3.com/stock/3402/1989/
[2021-03-17 05:18:28]cl_getDriver.py(127): click_Success->//*[@id="base_box"]/div/div[3]/form/button
[2021-03-17 05:18:29]cl_getDriver.py(127): click_Success->//*[@id="base_box"]/div/div[3]/form/button
[2021-03-17 05:18:29]cl_getDriver.py(72): Open NewTab->https://kabuoji3.com/stock/3405/2010/
[2021-03-17 05:18:31]cl_getDriver.py(127): click_Success->//*[@id="base_box"]/div/div[3]/form/button
[2021-03-17 05:18:31]cl_getDriver.py(127): click_Success->//*[@id="base_box"]/div/div[3]/form/button
[2021-03-17 05:18:31]cl_getDriver.py(72): Open NewTab->https://kabuoji3.com/stock/3402/1988/
[2021-03-17 05:18:32]cl_getDriver.py(127): click_Success->//*[@id="base_box"]/div/div[3]/form/button
[2021-03-17 05:18:33]cl_getDriver.py(127): click_Success->//*[@id="base_box"]/div/div[3]/form/button
[2021-03-17 05:18:34]cl_getDriver.py(72): Open NewTab->https://kabuoji3.com/stock/3405/2009/
[2021-03-17 05:18:34]cl_getDriver.py(127): click_Success->//*[@id="base_box"]/div/div[3]/form/button
[2021-03-17 05:18:35]cl_getDriver.py(127): click_Success->//*[@id="base_box"]/div/div[3]/form/button
[2021-03-17 05:18:35]cl_getDriver.py(72): Open NewTab->https://kabuoji3.com/stock/3402/1987/
[2021-03-17 05:18:36]cl_getDriver.py(127): click_Success->//*[@id="base_box"]/div/div[3]/form/button
[2021-03-17 05:18:37]cl_getDriver.py(127): click_Success->//*[@id="base_box"]/div/div[3]/form/button
[2021-03-17 05:18:37]cl_getDriver.py(72): Open NewTab->https://kabuoji3.com/stock/3405/2008/
[2021-03-17 05:18:38]cl_getDriver.py(127): click_Success->//*[@id="base_box"]/div/div[3]/form/button
[2021-03-17 05:18:38]cl_getDriver.py(127): click_Success->//*[@id="base_box"]/div/div[3]/form/button
[2021-03-17 05:18:39]cl_getDriver.py(72): Open NewTab->https://kabuoji3.com/stock/3402/1986/
[2021-03-17 05:18:40]cl_getDriver.py(127): click_Success->//*[@id="base_box"]/div/div[3]/form/button
[2021-03-17 05:18:40]cl_getDriver.py(127): click_Success->//*[@id="base_box"]/div/div[3]/form/button
[2021-03-17 05:18:41]cl_getDriver.py(72): Open NewTab->https://kabuoji3.com/stock/3405/2007/
[2021-03-17 05:18:42]cl_getDriver.py(127): click_Success->//*[@id="base_box"]/div/div[3]/form/button
[2021-03-17 05:18:42]cl_getDriver.py(127): click_Success->//*[@id="base_box"]/div/div[3]/form/button
[2021-03-17 05:18:42]cl_getDriver.py(72): Open NewTab->https://kabuoji3.com/stock/3402/1985/
[2021-03-17 05:18:43]cl_getDriver.py(127): click_Success->//*[@id="base_box"]/div/div[3]/form/button
[2021-03-17 05:18:44]cl_getDriver.py(127): click_Success->//*[@id="base_box"]/div/div[3]/form/button
[2021-03-17 05:18:44]cl_getDriver.py(72): Open NewTab->https://kabuoji3.com/stock/3405/2006/
[2021-03-17 05:18:45]cl_getDriver.py(127): click_Success->//*[@id="base_box"]/div/div[3]/form/button
[2021-03-17 05:18:46]cl_getDriver.py(127): click_Success->//*[@id="base_box"]/div/div[3]/form/button
[2021-03-17 05:18:46]cl_getDriver.py(72): Open NewTab->https://kabuoji3.com/stock/3402/1984/
[2021-03-17 05:18:47]cl_getDriver.py(127): click_Success->//*[@id="base_box"]/div/div[3]/form/button
[2021-03-17 05:18:48]cl_getDriver.py(127): click_Success->//*[@id="base_box"]/div/div[3]/form/button
[2021-03-17 05:18:48]cl_getDriver.py(72): Open NewTab->https://kabuoji3.com/stock/3405/2005/
[2021-03-17 05:18:49]cl_getDriver.py(127): click_Success->//*[@id="base_box"]/div/div[3]/form/button
[2021-03-17 05:18:49]cl_getDriver.py(127): click_Success->//*[@id="base_box"]/div/div[3]/form/button
[2021-03-17 05:18:50]cl_getDriver.py(72): Open NewTab->https://kabuoji3.com/stock/3402/1983/
[2021-03-17 05:18:51]cl_getDriver.py(127): click_Success->//*[@id="base_box"]/div/div[3]/form/button
[2021-03-17 05:18:52]cl_getDriver.py(127): click_Success->//*[@id="base_box"]/div/div[3]/form/button
[2021-03-17 05:18:52]cl_getDriver.py(72): Open NewTab->https://kabuoji3.com/stock/3405/2004/
[2021-03-17 05:18:53]cl_getDriver.py(127): click_Success->//*[@id="base_box"]/div/div[3]/form/button
[2021-03-17 05:18:53]cl_getDriver.py(127): click_Success->//*[@id="base_box"]/div/div[3]/form/button
[2021-03-17 05:18:55]cl_getDriver.py(127): click_Success->//*[@id="base_box"]/div/div[3]/form/button
[2021-03-17 05:18:55]cl_getDriver.py(72): Open NewTab->https://kabuoji3.com/stock/3405/2003/
[2021-03-17 05:18:56]cl_getDriver.py(127): click_Success->//*[@id="base_box"]/div/div[3]/form/button
[2021-03-17 05:18:57]main.py(42): finished Process->https://kabuoji3.com/stock/3402/
[2021-03-17 05:18:57]main.py(15): start_Process->https://kabuoji3.com/stock/3407/
[2021-03-17 05:18:58]cl_getDriver.py(127): click_Success->//*[@id="base_box"]/div/div[3]/form/button
[2021-03-17 05:18:59]cl_getDriver.py(72): Open NewTab->https://kabuoji3.com/stock/3405/2002/
[2021-03-17 05:19:00]cl_getDriver.py(127): click_Success->//*[@id="base_box"]/div/div[3]/form/button
[2021-03-17 05:19:03]cl_getDriver.py(127): click_Success->//*[@id="base_box"]/div/div[3]/form/button
[2021-03-17 05:19:03]cl_getDriver.py(72): Open NewTab->https://kabuoji3.com/stock/3405/2001/
[2021-03-17 05:19:04]cl_getDriver.py(127): click_Success->//*[@id="base_box"]/div/div[3]/form/button
[2021-03-17 05:19:04]cl_getDriver.py(64): getURL=https://kabuoji3.com/stock/3407/
[2021-03-17 05:19:05]cl_getDriver.py(72): Open NewTab->https://kabuoji3.com/stock/3407/
[2021-03-17 05:19:05]cl_getDriver.py(130): Not Found->//*[@id="base_box"]/div/div[3]/form/button
[2021-03-17 05:19:06]cl_getDriver.py(127): click_Success->//*[@id="base_box"]/div/div[3]/form/button
[2021-03-17 05:19:07]cl_getDriver.py(72): Open NewTab->https://kabuoji3.com/stock/3405/2000/
[2021-03-17 05:19:07]cl_getDriver.py(130): Not Found->//*[@id="base_box"]/div/div[3]/form/button
[2021-03-17 05:19:08]cl_getDriver.py(72): Open NewTab->https://kabuoji3.com/stock/3407/2021/
[2021-03-17 05:19:08]cl_getDriver.py(127): click_Success->//*[@id="base_box"]/div/div[3]/form/button
[2021-03-17 05:19:08]cl_getDriver.py(127): click_Success->//*[@id="base_box"]/div/div[3]/form/button
[2021-03-17 05:19:10]cl_getDriver.py(127): click_Success->//*[@id="base_box"]/div/div[3]/form/button
[2021-03-17 05:19:10]cl_getDriver.py(72): Open NewTab->https://kabuoji3.com/stock/3405/1999/
[2021-03-17 05:19:11]cl_getDriver.py(127): click_Success->//*[@id="base_box"]/div/div[3]/form/button
[2021-03-17 05:19:11]cl_getDriver.py(72): Open NewTab->https://kabuoji3.com/stock/3407/2020/
[2021-03-17 05:19:12]cl_getDriver.py(127): click_Success->//*[@id="base_box"]/div/div[3]/form/button
[2021-03-17 05:19:13]cl_getDriver.py(127): click_Success->//*[@id="base_box"]/div/div[3]/form/button
[2021-03-17 05:19:14]cl_getDriver.py(127): click_Success->//*[@id="base_box"]/div/div[3]/form/button
[2021-03-17 05:19:14]cl_getDriver.py(72): Open NewTab->https://kabuoji3.com/stock/3405/1998/
[2021-03-17 05:19:15]cl_getDriver.py(127): click_Success->//*[@id="base_box"]/div/div[3]/form/button
[2021-03-17 05:19:15]cl_getDriver.py(72): Open NewTab->https://kabuoji3.com/stock/3407/2019/
[2021-03-17 05:19:16]cl_getDriver.py(127): click_Success->//*[@id="base_box"]/div/div[3]/form/button
[2021-03-17 05:19:16]cl_getDriver.py(127): click_Success->//*[@id="base_box"]/div/div[3]/form/button
[2021-03-17 05:19:18]cl_getDriver.py(127): click_Success->//*[@id="base_box"]/div/div[3]/form/button
[2021-03-17 05:19:19]cl_getDriver.py(72): Open NewTab->https://kabuoji3.com/stock/3405/1997/
[2021-03-17 05:19:19]cl_getDriver.py(127): click_Success->//*[@id="base_box"]/div/div[3]/form/button
[2021-03-17 05:19:19]cl_getDriver.py(72): Open NewTab->https://kabuoji3.com/stock/3407/2018/
[2021-03-17 05:19:20]cl_getDriver.py(127): click_Success->//*[@id="base_box"]/div/div[3]/form/button
[2021-03-17 05:19:20]cl_getDriver.py(127): click_Success->//*[@id="base_box"]/div/div[3]/form/button
[2021-03-17 05:19:23]cl_getDriver.py(127): click_Success->//*[@id="base_box"]/div/div[3]/form/button
[2021-03-17 05:19:23]cl_getDriver.py(127): click_Success->//*[@id="base_box"]/div/div[3]/form/button
[2021-03-17 05:19:23]cl_getDriver.py(72): Open NewTab->https://kabuoji3.com/stock/3405/1996/
[2021-03-17 05:19:23]cl_getDriver.py(72): Open NewTab->https://kabuoji3.com/stock/3407/2017/
[2021-03-17 05:19:25]cl_getDriver.py(127): click_Success->//*[@id="base_box"]/div/div[3]/form/button
[2021-03-17 05:19:25]cl_getDriver.py(127): click_Success->//*[@id="base_box"]/div/div[3]/form/button
[2021-03-17 05:19:27]cl_getDriver.py(127): click_Success->//*[@id="base_box"]/div/div[3]/form/button
[2021-03-17 05:19:27]cl_getDriver.py(127): click_Success->//*[@id="base_box"]/div/div[3]/form/button
[2021-03-17 05:19:28]cl_getDriver.py(72): Open NewTab->https://kabuoji3.com/stock/3405/1995/
[2021-03-17 05:19:28]cl_getDriver.py(72): Open NewTab->https://kabuoji3.com/stock/3407/2016/
[2021-03-17 05:19:29]cl_getDriver.py(127): click_Success->//*[@id="base_box"]/div/div[3]/form/button
[2021-03-17 05:19:29]cl_getDriver.py(127): click_Success->//*[@id="base_box"]/div/div[3]/form/button
[2021-03-17 05:19:32]cl_getDriver.py(127): click_Success->//*[@id="base_box"]/div/div[3]/form/button
[2021-03-17 05:19:32]cl_getDriver.py(127): click_Success->//*[@id="base_box"]/div/div[3]/form/button
[2021-03-17 05:19:32]cl_getDriver.py(72): Open NewTab->https://kabuoji3.com/stock/3407/2015/
[2021-03-17 05:19:32]cl_getDriver.py(72): Open NewTab->https://kabuoji3.com/stock/3405/1994/
[2021-03-17 05:19:34]cl_getDriver.py(127): click_Success->//*[@id="base_box"]/div/div[3]/form/button
[2021-03-17 05:19:34]cl_getDriver.py(127): click_Success->//*[@id="base_box"]/div/div[3]/form/button
[2021-03-17 05:19:36]cl_getDriver.py(127): click_Success->//*[@id="base_box"]/div/div[3]/form/button
[2021-03-17 05:19:36]cl_getDriver.py(127): click_Success->//*[@id="base_box"]/div/div[3]/form/button
[2021-03-17 05:19:37]cl_getDriver.py(72): Open NewTab->https://kabuoji3.com/stock/3405/1993/
[2021-03-17 05:19:37]cl_getDriver.py(72): Open NewTab->https://kabuoji3.com/stock/3407/2014/
[2021-03-17 05:19:38]cl_getDriver.py(127): click_Success->//*[@id="base_box"]/div/div[3]/form/button
[2021-03-17 05:19:38]cl_getDriver.py(127): click_Success->//*[@id="base_box"]/div/div[3]/form/button
[2021-03-17 05:19:40]cl_getDriver.py(127): click_Success->//*[@id="base_box"]/div/div[3]/form/button
[2021-03-17 05:19:40]cl_getDriver.py(127): click_Success->//*[@id="base_box"]/div/div[3]/form/button
[2021-03-17 05:19:41]cl_getDriver.py(72): Open NewTab->https://kabuoji3.com/stock/3405/1992/
[2021-03-17 05:19:41]cl_getDriver.py(72): Open NewTab->https://kabuoji3.com/stock/3407/2013/
[2021-03-17 05:19:42]cl_getDriver.py(127): click_Success->//*[@id="base_box"]/div/div[3]/form/button
[2021-03-17 05:19:42]cl_getDriver.py(127): click_Success->//*[@id="base_box"]/div/div[3]/form/button
[2021-03-17 05:19:45]cl_getDriver.py(127): click_Success->//*[@id="base_box"]/div/div[3]/form/button
[2021-03-17 05:19:45]cl_getDriver.py(127): click_Success->//*[@id="base_box"]/div/div[3]/form/button
[2021-03-17 05:19:45]cl_getDriver.py(72): Open NewTab->https://kabuoji3.com/stock/3405/1991/
[2021-03-17 05:19:45]cl_getDriver.py(72): Open NewTab->https://kabuoji3.com/stock/3407/2012/
[2021-03-17 05:19:46]cl_getDriver.py(127): click_Success->//*[@id="base_box"]/div/div[3]/form/button
[2021-03-17 05:19:47]cl_getDriver.py(127): click_Success->//*[@id="base_box"]/div/div[3]/form/button
[2021-03-17 05:19:49]cl_getDriver.py(127): click_Success->//*[@id="base_box"]/div/div[3]/form/button
[2021-03-17 05:19:49]cl_getDriver.py(127): click_Success->//*[@id="base_box"]/div/div[3]/form/button
[2021-03-17 05:19:49]cl_getDriver.py(72): Open NewTab->https://kabuoji3.com/stock/3405/1990/
[2021-03-17 05:19:49]cl_getDriver.py(72): Open NewTab->https://kabuoji3.com/stock/3407/2011/
[2021-03-17 05:19:51]cl_getDriver.py(127): click_Success->//*[@id="base_box"]/div/div[3]/form/button
[2021-03-17 05:19:51]cl_getDriver.py(127): click_Success->//*[@id="base_box"]/div/div[3]/form/button
[2021-03-17 05:19:53]cl_getDriver.py(127): click_Success->//*[@id="base_box"]/div/div[3]/form/button
[2021-03-17 05:19:53]cl_getDriver.py(127): click_Success->//*[@id="base_box"]/div/div[3]/form/button
[2021-03-17 05:19:54]cl_getDriver.py(72): Open NewTab->https://kabuoji3.com/stock/3407/2010/
[2021-03-17 05:19:54]cl_getDriver.py(72): Open NewTab->https://kabuoji3.com/stock/3405/1989/
[2021-03-17 05:19:55]cl_getDriver.py(127): click_Success->//*[@id="base_box"]/div/div[3]/form/button
[2021-03-17 05:19:55]cl_getDriver.py(127): click_Success->//*[@id="base_box"]/div/div[3]/form/button
[2021-03-17 05:19:57]cl_getDriver.py(127): click_Success->//*[@id="base_box"]/div/div[3]/form/button
[2021-03-17 05:19:57]cl_getDriver.py(127): click_Success->//*[@id="base_box"]/div/div[3]/form/button
[2021-03-17 05:19:58]cl_getDriver.py(72): Open NewTab->https://kabuoji3.com/stock/3405/1988/
[2021-03-17 05:19:58]cl_getDriver.py(72): Open NewTab->https://kabuoji3.com/stock/3407/2009/
[2021-03-17 05:19:59]cl_getDriver.py(127): click_Success->//*[@id="base_box"]/div/div[3]/form/button
[2021-03-17 05:19:59]cl_getDriver.py(127): click_Success->//*[@id="base_box"]/div/div[3]/form/button
[2021-03-17 05:20:01]cl_getDriver.py(127): click_Success->//*[@id="base_box"]/div/div[3]/form/button
[2021-03-17 05:20:02]cl_getDriver.py(72): Open NewTab->https://kabuoji3.com/stock/3405/1987/
[2021-03-17 05:20:02]cl_getDriver.py(127): click_Success->//*[@id="base_box"]/div/div[3]/form/button
[2021-03-17 05:20:02]cl_getDriver.py(72): Open NewTab->https://kabuoji3.com/stock/3407/2008/
[2021-03-17 05:20:03]cl_getDriver.py(127): click_Success->//*[@id="base_box"]/div/div[3]/form/button
[2021-03-17 05:20:03]cl_getDriver.py(127): click_Success->//*[@id="base_box"]/div/div[3]/form/button
[2021-03-17 05:20:05]cl_getDriver.py(127): click_Success->//*[@id="base_box"]/div/div[3]/form/button
[2021-03-17 05:20:06]cl_getDriver.py(127): click_Success->//*[@id="base_box"]/div/div[3]/form/button
[2021-03-17 05:20:06]cl_getDriver.py(72): Open NewTab->https://kabuoji3.com/stock/3405/1986/
[2021-03-17 05:20:06]cl_getDriver.py(72): Open NewTab->https://kabuoji3.com/stock/3407/2007/
[2021-03-17 05:20:07]cl_getDriver.py(127): click_Success->//*[@id="base_box"]/div/div[3]/form/button
[2021-03-17 05:20:08]cl_getDriver.py(127): click_Success->//*[@id="base_box"]/div/div[3]/form/button
[2021-03-17 05:20:10]cl_getDriver.py(127): click_Success->//*[@id="base_box"]/div/div[3]/form/button
[2021-03-17 05:20:10]cl_getDriver.py(127): click_Success->//*[@id="base_box"]/div/div[3]/form/button
[2021-03-17 05:20:10]cl_getDriver.py(72): Open NewTab->https://kabuoji3.com/stock/3407/2006/
[2021-03-17 05:20:10]cl_getDriver.py(72): Open NewTab->https://kabuoji3.com/stock/3405/1985/
[2021-03-17 05:20:11]cl_getDriver.py(127): click_Success->//*[@id="base_box"]/div/div[3]/form/button
[2021-03-17 05:20:12]cl_getDriver.py(127): click_Success->//*[@id="base_box"]/div/div[3]/form/button
[2021-03-17 05:20:14]cl_getDriver.py(127): click_Success->//*[@id="base_box"]/div/div[3]/form/button
[2021-03-17 05:20:14]cl_getDriver.py(72): Open NewTab->https://kabuoji3.com/stock/3407/2005/
[2021-03-17 05:20:14]cl_getDriver.py(127): click_Success->//*[@id="base_box"]/div/div[3]/form/button
[2021-03-17 05:20:15]cl_getDriver.py(72): Open NewTab->https://kabuoji3.com/stock/3405/1984/
[2021-03-17 05:20:16]cl_getDriver.py(127): click_Success->//*[@id="base_box"]/div/div[3]/form/button
[2021-03-17 05:20:16]cl_getDriver.py(127): click_Success->//*[@id="base_box"]/div/div[3]/form/button
[2021-03-17 05:20:18]cl_getDriver.py(127): click_Success->//*[@id="base_box"]/div/div[3]/form/button
[2021-03-17 05:20:18]cl_getDriver.py(127): click_Success->//*[@id="base_box"]/div/div[3]/form/button
[2021-03-17 05:20:19]cl_getDriver.py(72): Open NewTab->https://kabuoji3.com/stock/3407/2004/
[2021-03-17 05:20:19]cl_getDriver.py(72): Open NewTab->https://kabuoji3.com/stock/3405/1983/
[2021-03-17 05:20:20]cl_getDriver.py(127): click_Success->//*[@id="base_box"]/div/div[3]/form/button
[2021-03-17 05:20:20]cl_getDriver.py(127): click_Success->//*[@id="base_box"]/div/div[3]/form/button
[2021-03-17 05:20:22]cl_getDriver.py(127): click_Success->//*[@id="base_box"]/div/div[3]/form/button
[2021-03-17 05:20:22]cl_getDriver.py(72): Open NewTab->https://kabuoji3.com/stock/3407/2003/
[2021-03-17 05:20:23]cl_getDriver.py(127): click_Success->//*[@id="base_box"]/div/div[3]/form/button
[2021-03-17 05:20:24]cl_getDriver.py(127): click_Success->//*[@id="base_box"]/div/div[3]/form/button
[2021-03-17 05:20:26]cl_getDriver.py(127): click_Success->//*[@id="base_box"]/div/div[3]/form/button
[2021-03-17 05:20:26]cl_getDriver.py(72): Open NewTab->https://kabuoji3.com/stock/3407/2002/
[2021-03-17 05:20:27]main.py(42): finished Process->https://kabuoji3.com/stock/3405/
[2021-03-17 05:20:27]main.py(15): start_Process->https://kabuoji3.com/stock/3408/
[2021-03-17 05:20:27]cl_getDriver.py(127): click_Success->//*[@id="base_box"]/div/div[3]/form/button
[2021-03-17 05:20:29]cl_getDriver.py(127): click_Success->//*[@id="base_box"]/div/div[3]/form/button
[2021-03-17 05:20:30]cl_getDriver.py(72): Open NewTab->https://kabuoji3.com/stock/3407/2001/
[2021-03-17 05:20:31]cl_getDriver.py(127): click_Success->//*[@id="base_box"]/div/div[3]/form/button
[2021-03-17 05:20:32]cl_getDriver.py(64): getURL=https://kabuoji3.com/stock/3408/
[2021-03-17 05:20:32]cl_getDriver.py(72): Open NewTab->https://kabuoji3.com/stock/3408/
[2021-03-17 05:20:33]cl_getDriver.py(130): Not Found->//*[@id="base_box"]/div/div[3]/form/button
[2021-03-17 05:20:33]cl_getDriver.py(127): click_Success->//*[@id="base_box"]/div/div[3]/form/button
[2021-03-17 05:20:33]cl_getDriver.py(72): Open NewTab->https://kabuoji3.com/stock/3407/2000/
[2021-03-17 05:20:34]cl_getDriver.py(127): click_Success->//*[@id="base_box"]/div/div[3]/form/button
[2021-03-17 05:20:35]cl_getDriver.py(130): Not Found->//*[@id="base_box"]/div/div[3]/form/button
[2021-03-17 05:20:35]cl_getDriver.py(72): Open NewTab->https://kabuoji3.com/stock/3408/2021/
[2021-03-17 05:20:36]cl_getDriver.py(127): click_Success->//*[@id="base_box"]/div/div[3]/form/button
[2021-03-17 05:20:37]cl_getDriver.py(127): click_Success->//*[@id="base_box"]/div/div[3]/form/button
[2021-03-17 05:20:37]cl_getDriver.py(72): Open NewTab->https://kabuoji3.com/stock/3407/1999/
[2021-03-17 05:20:38]cl_getDriver.py(127): click_Success->//*[@id="base_box"]/div/div[3]/form/button
[2021-03-17 05:20:38]cl_getDriver.py(127): click_Success->//*[@id="base_box"]/div/div[3]/form/button
[2021-03-17 05:20:38]cl_getDriver.py(72): Open NewTab->https://kabuoji3.com/stock/3408/2020/
[2021-03-17 05:20:40]cl_getDriver.py(127): click_Success->//*[@id="base_box"]/div/div[3]/form/button
[2021-03-17 05:20:40]cl_getDriver.py(127): click_Success->//*[@id="base_box"]/div/div[3]/form/button
[2021-03-17 05:20:41]cl_getDriver.py(72): Open NewTab->https://kabuoji3.com/stock/3407/1998/
[2021-03-17 05:20:42]cl_getDriver.py(127): click_Success->//*[@id="base_box"]/div/div[3]/form/button
[2021-03-17 05:20:42]cl_getDriver.py(127): click_Success->//*[@id="base_box"]/div/div[3]/form/button
[2021-03-17 05:20:42]cl_getDriver.py(72): Open NewTab->https://kabuoji3.com/stock/3408/2019/
[2021-03-17 05:20:43]cl_getDriver.py(127): click_Success->//*[@id="base_box"]/div/div[3]/form/button
[2021-03-17 05:20:44]cl_getDriver.py(127): click_Success->//*[@id="base_box"]/div/div[3]/form/button
[2021-03-17 05:20:44]cl_getDriver.py(72): Open NewTab->https://kabuoji3.com/stock/3407/1997/
[2021-03-17 05:20:45]cl_getDriver.py(127): click_Success->//*[@id="base_box"]/div/div[3]/form/button
[2021-03-17 05:20:46]cl_getDriver.py(127): click_Success->//*[@id="base_box"]/div/div[3]/form/button
[2021-03-17 05:20:46]cl_getDriver.py(72): Open NewTab->https://kabuoji3.com/stock/3408/2018/
[2021-03-17 05:20:47]cl_getDriver.py(127): click_Success->//*[@id="base_box"]/div/div[3]/form/button
[2021-03-17 05:20:48]cl_getDriver.py(127): click_Success->//*[@id="base_box"]/div/div[3]/form/button
[2021-03-17 05:20:48]cl_getDriver.py(72): Open NewTab->https://kabuoji3.com/stock/3407/1996/
[2021-03-17 05:20:49]cl_getDriver.py(127): click_Success->//*[@id="base_box"]/div/div[3]/form/button
[2021-03-17 05:20:49]cl_getDriver.py(127): click_Success->//*[@id="base_box"]/div/div[3]/form/button
[2021-03-17 05:20:49]cl_getDriver.py(72): Open NewTab->https://kabuoji3.com/stock/3408/2017/
[2021-03-17 05:20:50]cl_getDriver.py(127): click_Success->//*[@id="base_box"]/div/div[3]/form/button
[2021-03-17 05:20:51]cl_getDriver.py(127): click_Success->//*[@id="base_box"]/div/div[3]/form/button
[2021-03-17 05:20:52]cl_getDriver.py(72): Open NewTab->https://kabuoji3.com/stock/3407/1995/
[2021-03-17 05:20:53]cl_getDriver.py(127): click_Success->//*[@id="base_box"]/div/div[3]/form/button
[2021-03-17 05:20:53]cl_getDriver.py(127): click_Success->//*[@id="base_box"]/div/div[3]/form/button
[2021-03-17 05:20:53]cl_getDriver.py(72): Open NewTab->https://kabuoji3.com/stock/3408/2016/
[2021-03-17 05:20:54]cl_getDriver.py(127): click_Success->//*[@id="base_box"]/div/div[3]/form/button
[2021-03-17 05:20:55]cl_getDriver.py(127): click_Success->//*[@id="base_box"]/div/div[3]/form/button
[2021-03-17 05:20:55]cl_getDriver.py(72): Open NewTab->https://kabuoji3.com/stock/3407/1994/
[2021-03-17 05:20:56]cl_getDriver.py(127): click_Success->//*[@id="base_box"]/div/div[3]/form/button
[2021-03-17 05:20:56]cl_getDriver.py(127): click_Success->//*[@id="base_box"]/div/div[3]/form/button
[2021-03-17 05:20:57]cl_getDriver.py(72): Open NewTab->https://kabuoji3.com/stock/3408/2015/
[2021-03-17 05:20:58]cl_getDriver.py(127): click_Success->//*[@id="base_box"]/div/div[3]/form/button
[2021-03-17 05:20:58]cl_getDriver.py(127): click_Success->//*[@id="base_box"]/div/div[3]/form/button
[2021-03-17 05:20:59]cl_getDriver.py(72): Open NewTab->https://kabuoji3.com/stock/3407/1993/
[2021-03-17 05:21:00]cl_getDriver.py(127): click_Success->//*[@id="base_box"]/div/div[3]/form/button
[2021-03-17 05:21:00]cl_getDriver.py(127): click_Success->//*[@id="base_box"]/div/div[3]/form/button
[2021-03-17 05:21:00]cl_getDriver.py(72): Open NewTab->https://kabuoji3.com/stock/3408/2014/
[2021-03-17 05:21:01]cl_getDriver.py(127): click_Success->//*[@id="base_box"]/div/div[3]/form/button
[2021-03-17 05:21:02]cl_getDriver.py(127): click_Success->//*[@id="base_box"]/div/div[3]/form/button
[2021-03-17 05:21:02]cl_getDriver.py(72): Open NewTab->https://kabuoji3.com/stock/3407/1992/
[2021-03-17 05:21:03]cl_getDriver.py(127): click_Success->//*[@id="base_box"]/div/div[3]/form/button
[2021-03-17 05:21:04]cl_getDriver.py(127): click_Success->//*[@id="base_box"]/div/div[3]/form/button
[2021-03-17 05:21:04]cl_getDriver.py(72): Open NewTab->https://kabuoji3.com/stock/3408/2013/
[2021-03-17 05:21:05]cl_getDriver.py(127): click_Success->//*[@id="base_box"]/div/div[3]/form/button
[2021-03-17 05:21:05]cl_getDriver.py(127): click_Success->//*[@id="base_box"]/div/div[3]/form/button
[2021-03-17 05:21:06]cl_getDriver.py(72): Open NewTab->https://kabuoji3.com/stock/3407/1991/
[2021-03-17 05:21:07]cl_getDriver.py(127): click_Success->//*[@id="base_box"]/div/div[3]/form/button
[2021-03-17 05:21:07]cl_getDriver.py(127): click_Success->//*[@id="base_box"]/div/div[3]/form/button
[2021-03-17 05:21:07]cl_getDriver.py(72): Open NewTab->https://kabuoji3.com/stock/3408/2012/
[2021-03-17 05:21:08]cl_getDriver.py(127): click_Success->//*[@id="base_box"]/div/div[3]/form/button
[2021-03-17 05:21:09]cl_getDriver.py(127): click_Success->//*[@id="base_box"]/div/div[3]/form/button
[2021-03-17 05:21:09]cl_getDriver.py(72): Open NewTab->https://kabuoji3.com/stock/3407/1990/
[2021-03-17 05:21:10]cl_getDriver.py(127): click_Success->//*[@id="base_box"]/div/div[3]/form/button
[2021-03-17 05:21:11]cl_getDriver.py(127): click_Success->//*[@id="base_box"]/div/div[3]/form/button
[2021-03-17 05:21:11]cl_getDriver.py(72): Open NewTab->https://kabuoji3.com/stock/3408/2011/
[2021-03-17 05:21:12]cl_getDriver.py(127): click_Success->//*[@id="base_box"]/div/div[3]/form/button
[2021-03-17 05:21:13]cl_getDriver.py(127): click_Success->//*[@id="base_box"]/div/div[3]/form/button
[2021-03-17 05:21:13]cl_getDriver.py(72): Open NewTab->https://kabuoji3.com/stock/3407/1989/
[2021-03-17 05:21:14]cl_getDriver.py(127): click_Success->//*[@id="base_box"]/div/div[3]/form/button
[2021-03-17 05:21:14]cl_getDriver.py(127): click_Success->//*[@id="base_box"]/div/div[3]/form/button
[2021-03-17 05:21:15]cl_getDriver.py(72): Open NewTab->https://kabuoji3.com/stock/3408/2010/
[2021-03-17 05:21:16]cl_getDriver.py(127): click_Success->//*[@id="base_box"]/div/div[3]/form/button
[2021-03-17 05:21:16]cl_getDriver.py(127): click_Success->//*[@id="base_box"]/div/div[3]/form/button
[2021-03-17 05:21:17]cl_getDriver.py(72): Open NewTab->https://kabuoji3.com/stock/3407/1988/
[2021-03-17 05:21:18]cl_getDriver.py(127): click_Success->//*[@id="base_box"]/div/div[3]/form/button
[2021-03-17 05:21:18]cl_getDriver.py(127): click_Success->//*[@id="base_box"]/div/div[3]/form/button
[2021-03-17 05:21:19]cl_getDriver.py(72): Open NewTab->https://kabuoji3.com/stock/3408/2009/
[2021-03-17 05:21:20]cl_getDriver.py(127): click_Success->//*[@id="base_box"]/div/div[3]/form/button
[2021-03-17 05:21:20]cl_getDriver.py(127): click_Success->//*[@id="base_box"]/div/div[3]/form/button
[2021-03-17 05:21:20]cl_getDriver.py(72): Open NewTab->https://kabuoji3.com/stock/3407/1987/
[2021-03-17 05:21:21]cl_getDriver.py(127): click_Success->//*[@id="base_box"]/div/div[3]/form/button
[2021-03-17 05:21:22]cl_getDriver.py(127): click_Success->//*[@id="base_box"]/div/div[3]/form/button
[2021-03-17 05:21:22]cl_getDriver.py(72): Open NewTab->https://kabuoji3.com/stock/3408/2008/
[2021-03-17 05:21:23]cl_getDriver.py(127): click_Success->//*[@id="base_box"]/div/div[3]/form/button
[2021-03-17 05:21:24]cl_getDriver.py(127): click_Success->//*[@id="base_box"]/div/div[3]/form/button
[2021-03-17 05:21:24]cl_getDriver.py(72): Open NewTab->https://kabuoji3.com/stock/3407/1986/
[2021-03-17 05:21:25]cl_getDriver.py(127): click_Success->//*[@id="base_box"]/div/div[3]/form/button
[2021-03-17 05:21:25]cl_getDriver.py(127): click_Success->//*[@id="base_box"]/div/div[3]/form/button
[2021-03-17 05:21:26]cl_getDriver.py(72): Open NewTab->https://kabuoji3.com/stock/3408/2007/
[2021-03-17 05:21:26]cl_getDriver.py(127): click_Success->//*[@id="base_box"]/div/div[3]/form/button
[2021-03-17 05:21:27]cl_getDriver.py(127): click_Success->//*[@id="base_box"]/div/div[3]/form/button
[2021-03-17 05:21:28]cl_getDriver.py(72): Open NewTab->https://kabuoji3.com/stock/3407/1985/
[2021-03-17 05:21:29]cl_getDriver.py(127): click_Success->//*[@id="base_box"]/div/div[3]/form/button
[2021-03-17 05:21:29]cl_getDriver.py(127): click_Success->//*[@id="base_box"]/div/div[3]/form/button
[2021-03-17 05:21:29]cl_getDriver.py(72): Open NewTab->https://kabuoji3.com/stock/3408/2006/
[2021-03-17 05:21:30]cl_getDriver.py(127): click_Success->//*[@id="base_box"]/div/div[3]/form/button
[2021-03-17 05:21:31]cl_getDriver.py(127): click_Success->//*[@id="base_box"]/div/div[3]/form/button
[2021-03-17 05:21:31]cl_getDriver.py(72): Open NewTab->https://kabuoji3.com/stock/3407/1984/
[2021-03-17 05:21:33]cl_getDriver.py(127): click_Success->//*[@id="base_box"]/div/div[3]/form/button
[2021-03-17 05:21:33]cl_getDriver.py(127): click_Success->//*[@id="base_box"]/div/div[3]/form/button
[2021-03-17 05:21:33]cl_getDriver.py(72): Open NewTab->https://kabuoji3.com/stock/3408/2005/
[2021-03-17 05:21:35]cl_getDriver.py(127): click_Success->//*[@id="base_box"]/div/div[3]/form/button
[2021-03-17 05:21:35]cl_getDriver.py(127): click_Success->//*[@id="base_box"]/div/div[3]/form/button
[2021-03-17 05:21:35]cl_getDriver.py(72): Open NewTab->https://kabuoji3.com/stock/3407/1983/
[2021-03-17 05:21:36]cl_getDriver.py(127): click_Success->//*[@id="base_box"]/div/div[3]/form/button
[2021-03-17 05:21:37]cl_getDriver.py(127): click_Success->//*[@id="base_box"]/div/div[3]/form/button
[2021-03-17 05:21:37]cl_getDriver.py(72): Open NewTab->https://kabuoji3.com/stock/3408/2004/
[2021-03-17 05:21:38]cl_getDriver.py(127): click_Success->//*[@id="base_box"]/div/div[3]/form/button
[2021-03-17 05:21:39]cl_getDriver.py(127): click_Success->//*[@id="base_box"]/div/div[3]/form/button
[2021-03-17 05:21:41]cl_getDriver.py(127): click_Success->//*[@id="base_box"]/div/div[3]/form/button
[2021-03-17 05:21:41]cl_getDriver.py(72): Open NewTab->https://kabuoji3.com/stock/3408/2003/
[2021-03-17 05:21:42]cl_getDriver.py(127): click_Success->//*[@id="base_box"]/div/div[3]/form/button
[2021-03-17 05:21:43]main.py(42): finished Process->https://kabuoji3.com/stock/3407/
[2021-03-17 05:21:43]main.py(15): start_Process->https://kabuoji3.com/stock/3409/
[2021-03-17 05:21:44]cl_getDriver.py(127): click_Success->//*[@id="base_box"]/div/div[3]/form/button
[2021-03-17 05:21:44]cl_getDriver.py(72): Open NewTab->https://kabuoji3.com/stock/3408/2002/
[2021-03-17 05:21:46]cl_getDriver.py(127): click_Success->//*[@id="base_box"]/div/div[3]/form/button
[2021-03-17 05:21:48]cl_getDriver.py(127): click_Success->//*[@id="base_box"]/div/div[3]/form/button
[2021-03-17 05:21:49]cl_getDriver.py(72): Open NewTab->https://kabuoji3.com/stock/3408/2001/
[2021-03-17 05:21:49]cl_getDriver.py(64): getURL=https://kabuoji3.com/stock/3409/
[2021-03-17 05:21:50]cl_getDriver.py(72): Open NewTab->https://kabuoji3.com/stock/3409/
[2021-03-17 05:21:50]cl_getDriver.py(127): click_Success->//*[@id="base_box"]/div/div[3]/form/button
[2021-03-17 05:21:50]cl_getDriver.py(130): Not Found->//*[@id="base_box"]/div/div[3]/form/button
[2021-03-17 05:21:52]cl_getDriver.py(127): click_Success->//*[@id="base_box"]/div/div[3]/form/button
[2021-03-17 05:21:52]cl_getDriver.py(130): Not Found->//*[@id="base_box"]/div/div[3]/form/button
[2021-03-17 05:21:53]cl_getDriver.py(72): Open NewTab->https://kabuoji3.com/stock/3408/2000/
[2021-03-17 05:21:53]cl_getDriver.py(72): Open NewTab->https://kabuoji3.com/stock/3409/2021/
[2021-03-17 05:21:54]cl_getDriver.py(127): click_Success->//*[@id="base_box"]/div/div[3]/form/button
[2021-03-17 05:21:55]cl_getDriver.py(127): click_Success->//*[@id="base_box"]/div/div[3]/form/button
[2021-03-17 05:21:56]cl_getDriver.py(127): click_Success->//*[@id="base_box"]/div/div[3]/form/button
[2021-03-17 05:21:57]cl_getDriver.py(72): Open NewTab->https://kabuoji3.com/stock/3408/1999/
[2021-03-17 05:21:57]cl_getDriver.py(127): click_Success->//*[@id="base_box"]/div/div[3]/form/button
[2021-03-17 05:21:57]cl_getDriver.py(72): Open NewTab->https://kabuoji3.com/stock/3409/2020/
[2021-03-17 05:21:58]cl_getDriver.py(127): click_Success->//*[@id="base_box"]/div/div[3]/form/button
[2021-03-17 05:21:59]cl_getDriver.py(127): click_Success->//*[@id="base_box"]/div/div[3]/form/button
[2021-03-17 05:22:00]cl_getDriver.py(127): click_Success->//*[@id="base_box"]/div/div[3]/form/button
[2021-03-17 05:22:01]cl_getDriver.py(72): Open NewTab->https://kabuoji3.com/stock/3408/1998/
[2021-03-17 05:22:01]cl_getDriver.py(127): click_Success->//*[@id="base_box"]/div/div[3]/form/button
[2021-03-17 05:22:01]cl_getDriver.py(72): Open NewTab->https://kabuoji3.com/stock/3409/2019/
[2021-03-17 05:22:02]cl_getDriver.py(127): click_Success->//*[@id="base_box"]/div/div[3]/form/button
[2021-03-17 05:22:03]cl_getDriver.py(127): click_Success->//*[@id="base_box"]/div/div[3]/form/button
[2021-03-17 05:22:05]cl_getDriver.py(127): click_Success->//*[@id="base_box"]/div/div[3]/form/button
[2021-03-17 05:22:05]cl_getDriver.py(72): Open NewTab->https://kabuoji3.com/stock/3408/1997/
[2021-03-17 05:22:06]cl_getDriver.py(127): click_Success->//*[@id="base_box"]/div/div[3]/form/button
[2021-03-17 05:22:06]cl_getDriver.py(127): click_Success->//*[@id="base_box"]/div/div[3]/form/button
[2021-03-17 05:22:06]cl_getDriver.py(72): Open NewTab->https://kabuoji3.com/stock/3409/2018/
[2021-03-17 05:22:07]cl_getDriver.py(127): click_Success->//*[@id="base_box"]/div/div[3]/form/button
[2021-03-17 05:22:08]cl_getDriver.py(127): click_Success->//*[@id="base_box"]/div/div[3]/form/button
[2021-03-17 05:22:09]cl_getDriver.py(72): Open NewTab->https://kabuoji3.com/stock/3408/1996/
[2021-03-17 05:22:10]cl_getDriver.py(127): click_Success->//*[@id="base_box"]/div/div[3]/form/button
[2021-03-17 05:22:10]cl_getDriver.py(127): click_Success->//*[@id="base_box"]/div/div[3]/form/button
[2021-03-17 05:22:10]cl_getDriver.py(72): Open NewTab->https://kabuoji3.com/stock/3409/2017/
[2021-03-17 05:22:11]cl_getDriver.py(127): click_Success->//*[@id="base_box"]/div/div[3]/form/button
[2021-03-17 05:22:12]cl_getDriver.py(127): click_Success->//*[@id="base_box"]/div/div[3]/form/button
[2021-03-17 05:22:12]cl_getDriver.py(72): Open NewTab->https://kabuoji3.com/stock/3408/1995/
[2021-03-17 05:22:13]cl_getDriver.py(127): click_Success->//*[@id="base_box"]/div/div[3]/form/button
[2021-03-17 05:22:13]cl_getDriver.py(127): click_Success->//*[@id="base_box"]/div/div[3]/form/button
[2021-03-17 05:22:14]cl_getDriver.py(72): Open NewTab->https://kabuoji3.com/stock/3409/2016/
[2021-03-17 05:22:15]cl_getDriver.py(127): click_Success->//*[@id="base_box"]/div/div[3]/form/button
[2021-03-17 05:22:16]cl_getDriver.py(127): click_Success->//*[@id="base_box"]/div/div[3]/form/button
[2021-03-17 05:22:16]cl_getDriver.py(72): Open NewTab->https://kabuoji3.com/stock/3408/1994/
[2021-03-17 05:22:17]cl_getDriver.py(127): click_Success->//*[@id="base_box"]/div/div[3]/form/button
[2021-03-17 05:22:17]cl_getDriver.py(127): click_Success->//*[@id="base_box"]/div/div[3]/form/button
[2021-03-17 05:22:17]cl_getDriver.py(72): Open NewTab->https://kabuoji3.com/stock/3409/2015/
[2021-03-17 05:22:18]cl_getDriver.py(127): click_Success->//*[@id="base_box"]/div/div[3]/form/button
[2021-03-17 05:22:19]cl_getDriver.py(127): click_Success->//*[@id="base_box"]/div/div[3]/form/button
[2021-03-17 05:22:19]cl_getDriver.py(72): Open NewTab->https://kabuoji3.com/stock/3408/1993/
[2021-03-17 05:22:20]cl_getDriver.py(127): click_Success->//*[@id="base_box"]/div/div[3]/form/button
[2021-03-17 05:22:21]cl_getDriver.py(127): click_Success->//*[@id="base_box"]/div/div[3]/form/button
[2021-03-17 05:22:21]cl_getDriver.py(72): Open NewTab->https://kabuoji3.com/stock/3409/2014/
[2021-03-17 05:22:22]cl_getDriver.py(127): click_Success->//*[@id="base_box"]/div/div[3]/form/button
[2021-03-17 05:22:23]cl_getDriver.py(127): click_Success->//*[@id="base_box"]/div/div[3]/form/button
[2021-03-17 05:22:23]cl_getDriver.py(72): Open NewTab->https://kabuoji3.com/stock/3408/1992/
[2021-03-17 05:22:24]cl_getDriver.py(127): click_Success->//*[@id="base_box"]/div/div[3]/form/button
[2021-03-17 05:22:24]cl_getDriver.py(127): click_Success->//*[@id="base_box"]/div/div[3]/form/button
[2021-03-17 05:22:25]cl_getDriver.py(72): Open NewTab->https://kabuoji3.com/stock/3409/2013/
[2021-03-17 05:22:26]cl_getDriver.py(127): click_Success->//*[@id="base_box"]/div/div[3]/form/button
[2021-03-17 05:22:26]cl_getDriver.py(127): click_Success->//*[@id="base_box"]/div/div[3]/form/button
[2021-03-17 05:22:27]cl_getDriver.py(72): Open NewTab->https://kabuoji3.com/stock/3408/1991/
[2021-03-17 05:22:28]cl_getDriver.py(127): click_Success->//*[@id="base_box"]/div/div[3]/form/button
[2021-03-17 05:22:28]cl_getDriver.py(127): click_Success->//*[@id="base_box"]/div/div[3]/form/button
[2021-03-17 05:22:28]cl_getDriver.py(72): Open NewTab->https://kabuoji3.com/stock/3409/2012/
[2021-03-17 05:22:29]cl_getDriver.py(127): click_Success->//*[@id="base_box"]/div/div[3]/form/button
[2021-03-17 05:22:30]cl_getDriver.py(127): click_Success->//*[@id="base_box"]/div/div[3]/form/button
[2021-03-17 05:22:30]cl_getDriver.py(72): Open NewTab->https://kabuoji3.com/stock/3408/1990/
[2021-03-17 05:22:31]cl_getDriver.py(127): click_Success->//*[@id="base_box"]/div/div[3]/form/button
[2021-03-17 05:22:32]cl_getDriver.py(127): click_Success->//*[@id="base_box"]/div/div[3]/form/button
[2021-03-17 05:22:32]cl_getDriver.py(72): Open NewTab->https://kabuoji3.com/stock/3409/2011/
[2021-03-17 05:22:33]cl_getDriver.py(127): click_Success->//*[@id="base_box"]/div/div[3]/form/button
[2021-03-17 05:22:34]cl_getDriver.py(127): click_Success->//*[@id="base_box"]/div/div[3]/form/button
[2021-03-17 05:22:34]cl_getDriver.py(72): Open NewTab->https://kabuoji3.com/stock/3408/1989/
[2021-03-17 05:22:35]cl_getDriver.py(127): click_Success->//*[@id="base_box"]/div/div[3]/form/button
[2021-03-17 05:22:35]cl_getDriver.py(127): click_Success->//*[@id="base_box"]/div/div[3]/form/button
[2021-03-17 05:22:36]cl_getDriver.py(72): Open NewTab->https://kabuoji3.com/stock/3409/2010/
[2021-03-17 05:22:37]cl_getDriver.py(127): click_Success->//*[@id="base_box"]/div/div[3]/form/button
[2021-03-17 05:22:37]cl_getDriver.py(127): click_Success->//*[@id="base_box"]/div/div[3]/form/button
[2021-03-17 05:22:38]cl_getDriver.py(72): Open NewTab->https://kabuoji3.com/stock/3408/1988/
[2021-03-17 05:22:39]cl_getDriver.py(127): click_Success->//*[@id="base_box"]/div/div[3]/form/button
[2021-03-17 05:22:39]cl_getDriver.py(127): click_Success->//*[@id="base_box"]/div/div[3]/form/button
[2021-03-17 05:22:39]cl_getDriver.py(72): Open NewTab->https://kabuoji3.com/stock/3409/2009/
[2021-03-17 05:22:40]cl_getDriver.py(127): click_Success->//*[@id="base_box"]/div/div[3]/form/button
[2021-03-17 05:22:41]cl_getDriver.py(127): click_Success->//*[@id="base_box"]/div/div[3]/form/button
[2021-03-17 05:22:41]cl_getDriver.py(72): Open NewTab->https://kabuoji3.com/stock/3408/1987/
[2021-03-17 05:22:42]cl_getDriver.py(127): click_Success->//*[@id="base_box"]/div/div[3]/form/button
[2021-03-17 05:22:43]cl_getDriver.py(127): click_Success->//*[@id="base_box"]/div/div[3]/form/button
[2021-03-17 05:22:43]cl_getDriver.py(72): Open NewTab->https://kabuoji3.com/stock/3409/2008/
[2021-03-17 05:22:44]cl_getDriver.py(127): click_Success->//*[@id="base_box"]/div/div[3]/form/button
[2021-03-17 05:22:45]cl_getDriver.py(127): click_Success->//*[@id="base_box"]/div/div[3]/form/button
[2021-03-17 05:22:45]cl_getDriver.py(72): Open NewTab->https://kabuoji3.com/stock/3408/1986/
[2021-03-17 05:22:46]cl_getDriver.py(127): click_Success->//*[@id="base_box"]/div/div[3]/form/button
[2021-03-17 05:22:47]cl_getDriver.py(127): click_Success->//*[@id="base_box"]/div/div[3]/form/button
[2021-03-17 05:22:47]cl_getDriver.py(72): Open NewTab->https://kabuoji3.com/stock/3409/2007/
[2021-03-17 05:22:48]cl_getDriver.py(127): click_Success->//*[@id="base_box"]/div/div[3]/form/button
[2021-03-17 05:22:49]cl_getDriver.py(127): click_Success->//*[@id="base_box"]/div/div[3]/form/button
[2021-03-17 05:22:49]cl_getDriver.py(72): Open NewTab->https://kabuoji3.com/stock/3408/1985/
[2021-03-17 05:22:50]cl_getDriver.py(127): click_Success->//*[@id="base_box"]/div/div[3]/form/button
[2021-03-17 05:22:50]cl_getDriver.py(72): Open NewTab->https://kabuoji3.com/stock/3409/2006/
[2021-03-17 05:22:51]cl_getDriver.py(127): click_Success->//*[@id="base_box"]/div/div[3]/form/button
[2021-03-17 05:22:51]cl_getDriver.py(127): click_Success->//*[@id="base_box"]/div/div[3]/form/button
[2021-03-17 05:22:53]cl_getDriver.py(127): click_Success->//*[@id="base_box"]/div/div[3]/form/button
[2021-03-17 05:22:53]cl_getDriver.py(72): Open NewTab->https://kabuoji3.com/stock/3408/1984/
[2021-03-17 05:22:54]cl_getDriver.py(127): click_Success->//*[@id="base_box"]/div/div[3]/form/button
[2021-03-17 05:22:54]cl_getDriver.py(72): Open NewTab->https://kabuoji3.com/stock/3409/2005/
[2021-03-17 05:22:55]cl_getDriver.py(127): click_Success->//*[@id="base_box"]/div/div[3]/form/button
[2021-03-17 05:22:55]cl_getDriver.py(127): click_Success->//*[@id="base_box"]/div/div[3]/form/button
[2021-03-17 05:22:57]cl_getDriver.py(127): click_Success->//*[@id="base_box"]/div/div[3]/form/button
[2021-03-17 05:22:58]cl_getDriver.py(127): click_Success->//*[@id="base_box"]/div/div[3]/form/button
[2021-03-17 05:22:58]cl_getDriver.py(72): Open NewTab->https://kabuoji3.com/stock/3408/1983/
[2021-03-17 05:22:58]cl_getDriver.py(72): Open NewTab->https://kabuoji3.com/stock/3409/2004/
[2021-03-17 05:22:59]cl_getDriver.py(127): click_Success->//*[@id="base_box"]/div/div[3]/form/button
[2021-03-17 05:22:59]cl_getDriver.py(127): click_Success->//*[@id="base_box"]/div/div[3]/form/button
[2021-03-17 05:23:01]cl_getDriver.py(127): click_Success->//*[@id="base_box"]/div/div[3]/form/button
[2021-03-17 05:23:01]cl_getDriver.py(127): click_Success->//*[@id="base_box"]/div/div[3]/form/button
[2021-03-17 05:23:02]cl_getDriver.py(72): Open NewTab->https://kabuoji3.com/stock/3409/2003/
[2021-03-17 05:23:03]cl_getDriver.py(127): click_Success->//*[@id="base_box"]/div/div[3]/form/button
[2021-03-17 05:23:05]cl_getDriver.py(127): click_Success->//*[@id="base_box"]/div/div[3]/form/button
[2021-03-17 05:23:05]cl_getDriver.py(72): Open NewTab->https://kabuoji3.com/stock/3409/2002/
[2021-03-17 05:23:06]main.py(42): finished Process->https://kabuoji3.com/stock/3408/
[2021-03-17 05:23:06]main.py(15): start_Process->https://kabuoji3.com/stock/3501/
[2021-03-17 05:23:06]cl_getDriver.py(127): click_Success->//*[@id="base_box"]/div/div[3]/form/button
[2021-03-17 05:23:08]cl_getDriver.py(127): click_Success->//*[@id="base_box"]/div/div[3]/form/button
[2021-03-17 05:23:09]cl_getDriver.py(72): Open NewTab->https://kabuoji3.com/stock/3409/2001/
[2021-03-17 05:23:10]cl_getDriver.py(127): click_Success->//*[@id="base_box"]/div/div[3]/form/button
[2021-03-17 05:23:11]cl_getDriver.py(64): getURL=https://kabuoji3.com/stock/3501/
[2021-03-17 05:23:11]cl_getDriver.py(72): Open NewTab->https://kabuoji3.com/stock/3501/
[2021-03-17 05:23:12]cl_getDriver.py(130): Not Found->//*[@id="base_box"]/div/div[3]/form/button
[2021-03-17 05:23:12]cl_getDriver.py(127): click_Success->//*[@id="base_box"]/div/div[3]/form/button
[2021-03-17 05:23:12]cl_getDriver.py(72): Open NewTab->https://kabuoji3.com/stock/3409/2000/
[2021-03-17 05:23:13]cl_getDriver.py(127): click_Success->//*[@id="base_box"]/div/div[3]/form/button
[2021-03-17 05:23:14]cl_getDriver.py(130): Not Found->//*[@id="base_box"]/div/div[3]/form/button
[2021-03-17 05:23:14]cl_getDriver.py(72): Open NewTab->https://kabuoji3.com/stock/3501/2021/
[2021-03-17 05:23:15]cl_getDriver.py(127): click_Success->//*[@id="base_box"]/div/div[3]/form/button
[2021-03-17 05:23:16]cl_getDriver.py(127): click_Success->//*[@id="base_box"]/div/div[3]/form/button
[2021-03-17 05:23:16]cl_getDriver.py(72): Open NewTab->https://kabuoji3.com/stock/3409/1998/
[2021-03-17 05:23:17]cl_getDriver.py(127): click_Success->//*[@id="base_box"]/div/div[3]/form/button
[2021-03-17 05:23:17]cl_getDriver.py(127): click_Success->//*[@id="base_box"]/div/div[3]/form/button
[2021-03-17 05:23:18]cl_getDriver.py(72): Open NewTab->https://kabuoji3.com/stock/3501/2020/
[2021-03-17 05:23:19]cl_getDriver.py(127): click_Success->//*[@id="base_box"]/div/div[3]/form/button
[2021-03-17 05:23:19]cl_getDriver.py(127): click_Success->//*[@id="base_box"]/div/div[3]/form/button
[2021-03-17 05:23:19]cl_getDriver.py(72): Open NewTab->https://kabuoji3.com/stock/3409/1997/
[2021-03-17 05:23:20]cl_getDriver.py(127): click_Success->//*[@id="base_box"]/div/div[3]/form/button
[2021-03-17 05:23:21]cl_getDriver.py(127): click_Success->//*[@id="base_box"]/div/div[3]/form/button
[2021-03-17 05:23:21]cl_getDriver.py(72): Open NewTab->https://kabuoji3.com/stock/3501/2019/
[2021-03-17 05:23:22]cl_getDriver.py(127): click_Success->//*[@id="base_box"]/div/div[3]/form/button
[2021-03-17 05:23:23]cl_getDriver.py(127): click_Success->//*[@id="base_box"]/div/div[3]/form/button
[2021-03-17 05:23:23]cl_getDriver.py(72): Open NewTab->https://kabuoji3.com/stock/3409/1996/
[2021-03-17 05:23:24]cl_getDriver.py(127): click_Success->//*[@id="base_box"]/div/div[3]/form/button
[2021-03-17 05:23:25]cl_getDriver.py(127): click_Success->//*[@id="base_box"]/div/div[3]/form/button
[2021-03-17 05:23:25]cl_getDriver.py(72): Open NewTab->https://kabuoji3.com/stock/3501/2018/
[2021-03-17 05:23:26]cl_getDriver.py(127): click_Success->//*[@id="base_box"]/div/div[3]/form/button
[2021-03-17 05:23:26]cl_getDriver.py(127): click_Success->//*[@id="base_box"]/div/div[3]/form/button
[2021-03-17 05:23:26]cl_getDriver.py(72): Open NewTab->https://kabuoji3.com/stock/3409/1994/
[2021-03-17 05:23:27]cl_getDriver.py(127): click_Success->//*[@id="base_box"]/div/div[3]/form/button
[2021-03-17 05:23:29]cl_getDriver.py(127): click_Success->//*[@id="base_box"]/div/div[3]/form/button
[2021-03-17 05:23:29]cl_getDriver.py(72): Open NewTab->https://kabuoji3.com/stock/3501/2017/
[2021-03-17 05:23:30]cl_getDriver.py(127): click_Success->//*[@id="base_box"]/div/div[3]/form/button
[2021-03-17 05:23:30]cl_getDriver.py(72): Open NewTab->https://kabuoji3.com/stock/3409/1993/
[2021-03-17 05:23:30]cl_getDriver.py(127): click_Success->//*[@id="base_box"]/div/div[3]/form/button
[2021-03-17 05:23:31]cl_getDriver.py(127): click_Success->//*[@id="base_box"]/div/div[3]/form/button
[2021-03-17 05:23:33]cl_getDriver.py(127): click_Success->//*[@id="base_box"]/div/div[3]/form/button
[2021-03-17 05:23:33]cl_getDriver.py(72): Open NewTab->https://kabuoji3.com/stock/3501/2016/
[2021-03-17 05:23:33]cl_getDriver.py(127): click_Success->//*[@id="base_box"]/div/div[3]/form/button
[2021-03-17 05:23:34]cl_getDriver.py(72): Open NewTab->https://kabuoji3.com/stock/3409/1991/
[2021-03-17 05:23:34]cl_getDriver.py(127): click_Success->//*[@id="base_box"]/div/div[3]/form/button
[2021-03-17 05:23:35]cl_getDriver.py(127): click_Success->//*[@id="base_box"]/div/div[3]/form/button
[2021-03-17 05:23:37]cl_getDriver.py(127): click_Success->//*[@id="base_box"]/div/div[3]/form/button
[2021-03-17 05:23:37]cl_getDriver.py(127): click_Success->//*[@id="base_box"]/div/div[3]/form/button
[2021-03-17 05:23:38]cl_getDriver.py(72): Open NewTab->https://kabuoji3.com/stock/3501/2015/
[2021-03-17 05:23:38]cl_getDriver.py(72): Open NewTab->https://kabuoji3.com/stock/3409/1989/
[2021-03-17 05:23:39]cl_getDriver.py(127): click_Success->//*[@id="base_box"]/div/div[3]/form/button
[2021-03-17 05:23:39]cl_getDriver.py(127): click_Success->//*[@id="base_box"]/div/div[3]/form/button
[2021-03-17 05:23:41]cl_getDriver.py(127): click_Success->//*[@id="base_box"]/div/div[3]/form/button
[2021-03-17 05:23:41]cl_getDriver.py(127): click_Success->//*[@id="base_box"]/div/div[3]/form/button
[2021-03-17 05:23:41]cl_getDriver.py(72): Open NewTab->https://kabuoji3.com/stock/3409/1988/
[2021-03-17 05:23:42]cl_getDriver.py(72): Open NewTab->https://kabuoji3.com/stock/3501/2014/
[2021-03-17 05:23:42]cl_getDriver.py(127): click_Success->//*[@id="base_box"]/div/div[3]/form/button
[2021-03-17 05:23:43]cl_getDriver.py(127): click_Success->//*[@id="base_box"]/div/div[3]/form/button
[2021-03-17 05:23:45]cl_getDriver.py(127): click_Success->//*[@id="base_box"]/div/div[3]/form/button
[2021-03-17 05:23:45]cl_getDriver.py(72): Open NewTab->https://kabuoji3.com/stock/3409/1987/
[2021-03-17 05:23:45]cl_getDriver.py(127): click_Success->//*[@id="base_box"]/div/div[3]/form/button
[2021-03-17 05:23:46]cl_getDriver.py(72): Open NewTab->https://kabuoji3.com/stock/3501/2013/
[2021-03-17 05:23:46]cl_getDriver.py(127): click_Success->//*[@id="base_box"]/div/div[3]/form/button
[2021-03-17 05:23:47]cl_getDriver.py(127): click_Success->//*[@id="base_box"]/div/div[3]/form/button
[2021-03-17 05:23:49]cl_getDriver.py(127): click_Success->//*[@id="base_box"]/div/div[3]/form/button
[2021-03-17 05:23:49]cl_getDriver.py(72): Open NewTab->https://kabuoji3.com/stock/3409/1986/
[2021-03-17 05:23:49]cl_getDriver.py(127): click_Success->//*[@id="base_box"]/div/div[3]/form/button
[2021-03-17 05:23:50]cl_getDriver.py(72): Open NewTab->https://kabuoji3.com/stock/3501/2012/
[2021-03-17 05:23:50]cl_getDriver.py(127): click_Success->//*[@id="base_box"]/div/div[3]/form/button
[2021-03-17 05:23:51]cl_getDriver.py(127): click_Success->//*[@id="base_box"]/div/div[3]/form/button
[2021-03-17 05:23:53]cl_getDriver.py(127): click_Success->//*[@id="base_box"]/div/div[3]/form/button
[2021-03-17 05:23:53]cl_getDriver.py(72): Open NewTab->https://kabuoji3.com/stock/3409/1985/
[2021-03-17 05:23:53]cl_getDriver.py(127): click_Success->//*[@id="base_box"]/div/div[3]/form/button
[2021-03-17 05:23:54]cl_getDriver.py(72): Open NewTab->https://kabuoji3.com/stock/3501/2011/
[2021-03-17 05:23:54]cl_getDriver.py(127): click_Success->//*[@id="base_box"]/div/div[3]/form/button
[2021-03-17 05:23:56]cl_getDriver.py(127): click_Success->//*[@id="base_box"]/div/div[3]/form/button
[2021-03-17 05:23:56]cl_getDriver.py(127): click_Success->//*[@id="base_box"]/div/div[3]/form/button
[2021-03-17 05:23:57]cl_getDriver.py(72): Open NewTab->https://kabuoji3.com/stock/3409/1984/
[2021-03-17 05:23:57]cl_getDriver.py(127): click_Success->//*[@id="base_box"]/div/div[3]/form/button
[2021-03-17 05:23:58]cl_getDriver.py(127): click_Success->//*[@id="base_box"]/div/div[3]/form/button
[2021-03-17 05:23:58]cl_getDriver.py(72): Open NewTab->https://kabuoji3.com/stock/3501/2010/
[2021-03-17 05:23:59]cl_getDriver.py(127): click_Success->//*[@id="base_box"]/div/div[3]/form/button
[2021-03-17 05:24:00]cl_getDriver.py(127): click_Success->//*[@id="base_box"]/div/div[3]/form/button
[2021-03-17 05:24:00]cl_getDriver.py(72): Open NewTab->https://kabuoji3.com/stock/3409/1983/
[2021-03-17 05:24:01]cl_getDriver.py(127): click_Success->//*[@id="base_box"]/div/div[3]/form/button
[2021-03-17 05:24:02]cl_getDriver.py(127): click_Success->//*[@id="base_box"]/div/div[3]/form/button
[2021-03-17 05:24:02]cl_getDriver.py(72): Open NewTab->https://kabuoji3.com/stock/3501/2009/
[2021-03-17 05:24:03]cl_getDriver.py(127): click_Success->//*[@id="base_box"]/div/div[3]/form/button
[2021-03-17 05:24:03]cl_getDriver.py(127): click_Success->//*[@id="base_box"]/div/div[3]/form/button
[2021-03-17 05:24:05]cl_getDriver.py(127): click_Success->//*[@id="base_box"]/div/div[3]/form/button
[2021-03-17 05:24:05]cl_getDriver.py(72): Open NewTab->https://kabuoji3.com/stock/3501/2008/
[2021-03-17 05:24:06]cl_getDriver.py(127): click_Success->//*[@id="base_box"]/div/div[3]/form/button
[2021-03-17 05:24:07]main.py(42): finished Process->https://kabuoji3.com/stock/3409/
[2021-03-17 05:24:07]main.py(15): start_Process->https://kabuoji3.com/stock/3512/
[2021-03-17 05:24:09]cl_getDriver.py(127): click_Success->//*[@id="base_box"]/div/div[3]/form/button
[2021-03-17 05:24:09]cl_getDriver.py(72): Open NewTab->https://kabuoji3.com/stock/3501/2007/
[2021-03-17 05:24:10]cl_getDriver.py(127): click_Success->//*[@id="base_box"]/div/div[3]/form/button
[2021-03-17 05:24:13]cl_getDriver.py(64): getURL=https://kabuoji3.com/stock/3512/
[2021-03-17 05:24:13]cl_getDriver.py(127): click_Success->//*[@id="base_box"]/div/div[3]/form/button
[2021-03-17 05:24:13]cl_getDriver.py(72): Open NewTab->https://kabuoji3.com/stock/3501/2006/
[2021-03-17 05:24:13]cl_getDriver.py(72): Open NewTab->https://kabuoji3.com/stock/3512/
[2021-03-17 05:24:14]cl_getDriver.py(130): Not Found->//*[@id="base_box"]/div/div[3]/form/button
[2021-03-17 05:24:14]cl_getDriver.py(127): click_Success->//*[@id="base_box"]/div/div[3]/form/button
[2021-03-17 05:24:16]cl_getDriver.py(130): Not Found->//*[@id="base_box"]/div/div[3]/form/button
[2021-03-17 05:24:16]cl_getDriver.py(72): Open NewTab->https://kabuoji3.com/stock/3512/2021/
[2021-03-17 05:24:17]cl_getDriver.py(127): click_Success->//*[@id="base_box"]/div/div[3]/form/button
[2021-03-17 05:24:17]cl_getDriver.py(72): Open NewTab->https://kabuoji3.com/stock/3501/2005/
[2021-03-17 05:24:18]cl_getDriver.py(127): click_Success->//*[@id="base_box"]/div/div[3]/form/button
[2021-03-17 05:24:18]cl_getDriver.py(127): click_Success->//*[@id="base_box"]/div/div[3]/form/button
[2021-03-17 05:24:20]cl_getDriver.py(127): click_Success->//*[@id="base_box"]/div/div[3]/form/button
[2021-03-17 05:24:20]cl_getDriver.py(72): Open NewTab->https://kabuoji3.com/stock/3512/2020/
[2021-03-17 05:24:21]cl_getDriver.py(127): click_Success->//*[@id="base_box"]/div/div[3]/form/button
[2021-03-17 05:24:21]cl_getDriver.py(72): Open NewTab->https://kabuoji3.com/stock/3501/2004/
[2021-03-17 05:24:22]cl_getDriver.py(127): click_Success->//*[@id="base_box"]/div/div[3]/form/button
[2021-03-17 05:24:23]cl_getDriver.py(127): click_Success->//*[@id="base_box"]/div/div[3]/form/button
[2021-03-17 05:24:24]cl_getDriver.py(127): click_Success->//*[@id="base_box"]/div/div[3]/form/button
[2021-03-17 05:24:25]cl_getDriver.py(72): Open NewTab->https://kabuoji3.com/stock/3512/2019/
[2021-03-17 05:24:25]cl_getDriver.py(127): click_Success->//*[@id="base_box"]/div/div[3]/form/button
[2021-03-17 05:24:25]cl_getDriver.py(72): Open NewTab->https://kabuoji3.com/stock/3501/2003/
[2021-03-17 05:24:26]cl_getDriver.py(127): click_Success->//*[@id="base_box"]/div/div[3]/form/button
[2021-03-17 05:24:27]cl_getDriver.py(127): click_Success->//*[@id="base_box"]/div/div[3]/form/button
[2021-03-17 05:24:29]cl_getDriver.py(127): click_Success->//*[@id="base_box"]/div/div[3]/form/button
[2021-03-17 05:24:29]cl_getDriver.py(72): Open NewTab->https://kabuoji3.com/stock/3512/2018/
[2021-03-17 05:24:29]cl_getDriver.py(127): click_Success->//*[@id="base_box"]/div/div[3]/form/button
[2021-03-17 05:24:29]cl_getDriver.py(72): Open NewTab->https://kabuoji3.com/stock/3501/2002/
[2021-03-17 05:24:30]cl_getDriver.py(127): click_Success->//*[@id="base_box"]/div/div[3]/form/button
[2021-03-17 05:24:31]cl_getDriver.py(127): click_Success->//*[@id="base_box"]/div/div[3]/form/button
[2021-03-17 05:24:33]cl_getDriver.py(127): click_Success->//*[@id="base_box"]/div/div[3]/form/button
[2021-03-17 05:24:33]cl_getDriver.py(127): click_Success->//*[@id="base_box"]/div/div[3]/form/button
[2021-03-17 05:24:33]cl_getDriver.py(72): Open NewTab->https://kabuoji3.com/stock/3512/2017/
[2021-03-17 05:24:33]cl_getDriver.py(72): Open NewTab->https://kabuoji3.com/stock/3501/2001/
[2021-03-17 05:24:35]cl_getDriver.py(127): click_Success->//*[@id="base_box"]/div/div[3]/form/button
[2021-03-17 05:24:35]cl_getDriver.py(127): click_Success->//*[@id="base_box"]/div/div[3]/form/button
[2021-03-17 05:24:37]cl_getDriver.py(127): click_Success->//*[@id="base_box"]/div/div[3]/form/button
[2021-03-17 05:24:37]cl_getDriver.py(127): click_Success->//*[@id="base_box"]/div/div[3]/form/button
[2021-03-17 05:24:38]cl_getDriver.py(72): Open NewTab->https://kabuoji3.com/stock/3512/2016/
[2021-03-17 05:24:38]cl_getDriver.py(72): Open NewTab->https://kabuoji3.com/stock/3501/2000/
[2021-03-17 05:24:39]cl_getDriver.py(127): click_Success->//*[@id="base_box"]/div/div[3]/form/button
[2021-03-17 05:24:39]cl_getDriver.py(127): click_Success->//*[@id="base_box"]/div/div[3]/form/button
[2021-03-17 05:24:41]cl_getDriver.py(127): click_Success->//*[@id="base_box"]/div/div[3]/form/button
[2021-03-17 05:24:42]cl_getDriver.py(72): Open NewTab->https://kabuoji3.com/stock/3512/2015/
[2021-03-17 05:24:42]cl_getDriver.py(127): click_Success->//*[@id="base_box"]/div/div[3]/form/button
[2021-03-17 05:24:42]cl_getDriver.py(72): Open NewTab->https://kabuoji3.com/stock/3501/1999/
[2021-03-17 05:24:43]cl_getDriver.py(127): click_Success->//*[@id="base_box"]/div/div[3]/form/button
[2021-03-17 05:24:43]cl_getDriver.py(127): click_Success->//*[@id="base_box"]/div/div[3]/form/button
[2021-03-17 05:24:45]cl_getDriver.py(127): click_Success->//*[@id="base_box"]/div/div[3]/form/button
[2021-03-17 05:24:46]cl_getDriver.py(72): Open NewTab->https://kabuoji3.com/stock/3512/2014/
[2021-03-17 05:24:46]cl_getDriver.py(127): click_Success->//*[@id="base_box"]/div/div[3]/form/button
[2021-03-17 05:24:46]cl_getDriver.py(72): Open NewTab->https://kabuoji3.com/stock/3501/1998/
[2021-03-17 05:24:47]cl_getDriver.py(127): click_Success->//*[@id="base_box"]/div/div[3]/form/button
[2021-03-17 05:24:47]cl_getDriver.py(127): click_Success->//*[@id="base_box"]/div/div[3]/form/button
[2021-03-17 05:24:49]cl_getDriver.py(127): click_Success->//*[@id="base_box"]/div/div[3]/form/button
[2021-03-17 05:24:50]cl_getDriver.py(127): click_Success->//*[@id="base_box"]/div/div[3]/form/button
[2021-03-17 05:24:50]cl_getDriver.py(72): Open NewTab->https://kabuoji3.com/stock/3501/1997/
[2021-03-17 05:24:50]cl_getDriver.py(72): Open NewTab->https://kabuoji3.com/stock/3512/2013/
[2021-03-17 05:24:51]cl_getDriver.py(127): click_Success->//*[@id="base_box"]/div/div[3]/form/button
[2021-03-17 05:24:51]cl_getDriver.py(127): click_Success->//*[@id="base_box"]/div/div[3]/form/button
[2021-03-17 05:24:54]cl_getDriver.py(127): click_Success->//*[@id="base_box"]/div/div[3]/form/button
[2021-03-17 05:24:54]cl_getDriver.py(127): click_Success->//*[@id="base_box"]/div/div[3]/form/button
[2021-03-17 05:24:54]cl_getDriver.py(72): Open NewTab->https://kabuoji3.com/stock/3501/1996/
[2021-03-17 05:24:54]cl_getDriver.py(72): Open NewTab->https://kabuoji3.com/stock/3512/2012/
[2021-03-17 05:24:56]cl_getDriver.py(127): click_Success->//*[@id="base_box"]/div/div[3]/form/button
[2021-03-17 05:24:56]cl_getDriver.py(127): click_Success->//*[@id="base_box"]/div/div[3]/form/button
[2021-03-17 05:24:58]cl_getDriver.py(127): click_Success->//*[@id="base_box"]/div/div[3]/form/button
[2021-03-17 05:24:58]cl_getDriver.py(127): click_Success->//*[@id="base_box"]/div/div[3]/form/button
[2021-03-17 05:24:59]cl_getDriver.py(72): Open NewTab->https://kabuoji3.com/stock/3512/2011/
[2021-03-17 05:24:59]cl_getDriver.py(72): Open NewTab->https://kabuoji3.com/stock/3501/1995/
[2021-03-17 05:25:00]cl_getDriver.py(127): click_Success->//*[@id="base_box"]/div/div[3]/form/button
[2021-03-17 05:25:00]cl_getDriver.py(127): click_Success->//*[@id="base_box"]/div/div[3]/form/button
[2021-03-17 05:25:02]cl_getDriver.py(127): click_Success->//*[@id="base_box"]/div/div[3]/form/button
[2021-03-17 05:25:03]cl_getDriver.py(127): click_Success->//*[@id="base_box"]/div/div[3]/form/button
[2021-03-17 05:25:03]cl_getDriver.py(72): Open NewTab->https://kabuoji3.com/stock/3501/1994/
[2021-03-17 05:25:03]cl_getDriver.py(72): Open NewTab->https://kabuoji3.com/stock/3512/2010/
[2021-03-17 05:25:04]cl_getDriver.py(127): click_Success->//*[@id="base_box"]/div/div[3]/form/button
[2021-03-17 05:25:05]cl_getDriver.py(127): click_Success->//*[@id="base_box"]/div/div[3]/form/button
[2021-03-17 05:25:07]cl_getDriver.py(127): click_Success->//*[@id="base_box"]/div/div[3]/form/button
[2021-03-17 05:25:07]cl_getDriver.py(127): click_Success->//*[@id="base_box"]/div/div[3]/form/button
[2021-03-17 05:25:07]cl_getDriver.py(72): Open NewTab->https://kabuoji3.com/stock/3501/1993/
[2021-03-17 05:25:07]cl_getDriver.py(72): Open NewTab->https://kabuoji3.com/stock/3512/2009/
[2021-03-17 05:25:08]cl_getDriver.py(127): click_Success->//*[@id="base_box"]/div/div[3]/form/button
[2021-03-17 05:25:09]cl_getDriver.py(127): click_Success->//*[@id="base_box"]/div/div[3]/form/button
[2021-03-17 05:25:11]cl_getDriver.py(127): click_Success->//*[@id="base_box"]/div/div[3]/form/button
[2021-03-17 05:25:11]cl_getDriver.py(72): Open NewTab->https://kabuoji3.com/stock/3501/1992/
[2021-03-17 05:25:11]cl_getDriver.py(127): click_Success->//*[@id="base_box"]/div/div[3]/form/button
[2021-03-17 05:25:12]cl_getDriver.py(72): Open NewTab->https://kabuoji3.com/stock/3512/2008/
[2021-03-17 05:25:13]cl_getDriver.py(127): click_Success->//*[@id="base_box"]/div/div[3]/form/button
[2021-03-17 05:25:13]cl_getDriver.py(127): click_Success->//*[@id="base_box"]/div/div[3]/form/button
[2021-03-17 05:25:15]cl_getDriver.py(127): click_Success->//*[@id="base_box"]/div/div[3]/form/button
[2021-03-17 05:25:15]cl_getDriver.py(72): Open NewTab->https://kabuoji3.com/stock/3501/1991/
[2021-03-17 05:25:16]cl_getDriver.py(127): click_Success->//*[@id="base_box"]/div/div[3]/form/button
[2021-03-17 05:25:16]cl_getDriver.py(72): Open NewTab->https://kabuoji3.com/stock/3512/2007/
[2021-03-17 05:25:17]cl_getDriver.py(127): click_Success->//*[@id="base_box"]/div/div[3]/form/button
[2021-03-17 05:25:17]cl_getDriver.py(127): click_Success->//*[@id="base_box"]/div/div[3]/form/button
[2021-03-17 05:25:19]cl_getDriver.py(127): click_Success->//*[@id="base_box"]/div/div[3]/form/button
[2021-03-17 05:25:19]cl_getDriver.py(72): Open NewTab->https://kabuoji3.com/stock/3501/1990/
[2021-03-17 05:25:20]cl_getDriver.py(127): click_Success->//*[@id="base_box"]/div/div[3]/form/button
[2021-03-17 05:25:20]cl_getDriver.py(72): Open NewTab->https://kabuoji3.com/stock/3512/2006/
[2021-03-17 05:25:20]cl_getDriver.py(127): click_Success->//*[@id="base_box"]/div/div[3]/form/button
[2021-03-17 05:25:21]cl_getDriver.py(127): click_Success->//*[@id="base_box"]/div/div[3]/form/button
[2021-03-17 05:25:23]cl_getDriver.py(127): click_Success->//*[@id="base_box"]/div/div[3]/form/button
[2021-03-17 05:25:23]cl_getDriver.py(127): click_Success->//*[@id="base_box"]/div/div[3]/form/button
[2021-03-17 05:25:24]cl_getDriver.py(72): Open NewTab->https://kabuoji3.com/stock/3512/2005/
[2021-03-17 05:25:25]cl_getDriver.py(127): click_Success->//*[@id="base_box"]/div/div[3]/form/button
[2021-03-17 05:25:27]cl_getDriver.py(127): click_Success->//*[@id="base_box"]/div/div[3]/form/button
[2021-03-17 05:25:27]main.py(42): finished Process->https://kabuoji3.com/stock/3501/
[2021-03-17 05:25:27]main.py(15): start_Process->https://kabuoji3.com/stock/3513/
[2021-03-17 05:25:27]cl_getDriver.py(72): Open NewTab->https://kabuoji3.com/stock/3512/2004/
[2021-03-17 05:25:28]cl_getDriver.py(127): click_Success->//*[@id="base_box"]/div/div[3]/form/button
[2021-03-17 05:25:30]cl_getDriver.py(127): click_Success->//*[@id="base_box"]/div/div[3]/form/button
[2021-03-17 05:25:31]cl_getDriver.py(72): Open NewTab->https://kabuoji3.com/stock/3512/2003/
[2021-03-17 05:25:32]cl_getDriver.py(127): click_Success->//*[@id="base_box"]/div/div[3]/form/button
[2021-03-17 05:25:33]cl_getDriver.py(64): getURL=https://kabuoji3.com/stock/3513/
[2021-03-17 05:25:33]cl_getDriver.py(72): Open NewTab->https://kabuoji3.com/stock/3513/
[2021-03-17 05:25:34]cl_getDriver.py(130): Not Found->//*[@id="base_box"]/div/div[3]/form/button
[2021-03-17 05:25:35]cl_getDriver.py(127): click_Success->//*[@id="base_box"]/div/div[3]/form/button
[2021-03-17 05:25:35]cl_getDriver.py(72): Open NewTab->https://kabuoji3.com/stock/3512/2002/
[2021-03-17 05:25:36]cl_getDriver.py(130): Not Found->//*[@id="base_box"]/div/div[3]/form/button
[2021-03-17 05:25:36]cl_getDriver.py(72): Open NewTab->https://kabuoji3.com/stock/3513/2021/
[2021-03-17 05:25:36]cl_getDriver.py(127): click_Success->//*[@id="base_box"]/div/div[3]/form/button
[2021-03-17 05:25:37]cl_getDriver.py(127): click_Success->//*[@id="base_box"]/div/div[3]/form/button
[2021-03-17 05:25:39]cl_getDriver.py(127): click_Success->//*[@id="base_box"]/div/div[3]/form/button
[2021-03-17 05:25:39]cl_getDriver.py(72): Open NewTab->https://kabuoji3.com/stock/3512/2001/
[2021-03-17 05:25:39]cl_getDriver.py(127): click_Success->//*[@id="base_box"]/div/div[3]/form/button
[2021-03-17 05:25:40]cl_getDriver.py(72): Open NewTab->https://kabuoji3.com/stock/3513/2020/
[2021-03-17 05:25:40]cl_getDriver.py(127): click_Success->//*[@id="base_box"]/div/div[3]/form/button
[2021-03-17 05:25:41]cl_getDriver.py(127): click_Success->//*[@id="base_box"]/div/div[3]/form/button
[2021-03-17 05:25:42]cl_getDriver.py(127): click_Success->//*[@id="base_box"]/div/div[3]/form/button
[2021-03-17 05:25:43]cl_getDriver.py(72): Open NewTab->https://kabuoji3.com/stock/3512/2000/
[2021-03-17 05:25:44]cl_getDriver.py(127): click_Success->//*[@id="base_box"]/div/div[3]/form/button
[2021-03-17 05:25:44]cl_getDriver.py(127): click_Success->//*[@id="base_box"]/div/div[3]/form/button
[2021-03-17 05:25:44]cl_getDriver.py(72): Open NewTab->https://kabuoji3.com/stock/3513/2019/
[2021-03-17 05:25:45]cl_getDriver.py(127): click_Success->//*[@id="base_box"]/div/div[3]/form/button
[2021-03-17 05:25:46]cl_getDriver.py(127): click_Success->//*[@id="base_box"]/div/div[3]/form/button
[2021-03-17 05:25:47]cl_getDriver.py(72): Open NewTab->https://kabuoji3.com/stock/3512/1999/
[2021-03-17 05:25:47]cl_getDriver.py(127): click_Success->//*[@id="base_box"]/div/div[3]/form/button
[2021-03-17 05:25:48]cl_getDriver.py(127): click_Success->//*[@id="base_box"]/div/div[3]/form/button
[2021-03-17 05:25:48]cl_getDriver.py(72): Open NewTab->https://kabuoji3.com/stock/3513/2018/
[2021-03-17 05:25:49]cl_getDriver.py(127): click_Success->//*[@id="base_box"]/div/div[3]/form/button
[2021-03-17 05:25:50]cl_getDriver.py(127): click_Success->//*[@id="base_box"]/div/div[3]/form/button
[2021-03-17 05:25:51]cl_getDriver.py(72): Open NewTab->https://kabuoji3.com/stock/3512/1998/
[2021-03-17 05:25:51]cl_getDriver.py(127): click_Success->//*[@id="base_box"]/div/div[3]/form/button
[2021-03-17 05:25:52]cl_getDriver.py(72): Open NewTab->https://kabuoji3.com/stock/3513/2017/
[2021-03-17 05:25:52]cl_getDriver.py(127): click_Success->//*[@id="base_box"]/div/div[3]/form/button
[2021-03-17 05:25:53]cl_getDriver.py(127): click_Success->//*[@id="base_box"]/div/div[3]/form/button
[2021-03-17 05:25:54]cl_getDriver.py(127): click_Success->//*[@id="base_box"]/div/div[3]/form/button
[2021-03-17 05:25:54]cl_getDriver.py(72): Open NewTab->https://kabuoji3.com/stock/3512/1997/
[2021-03-17 05:25:55]cl_getDriver.py(127): click_Success->//*[@id="base_box"]/div/div[3]/form/button
[2021-03-17 05:25:55]cl_getDriver.py(72): Open NewTab->https://kabuoji3.com/stock/3513/2016/
[2021-03-17 05:25:56]cl_getDriver.py(127): click_Success->//*[@id="base_box"]/div/div[3]/form/button
[2021-03-17 05:25:57]cl_getDriver.py(127): click_Success->//*[@id="base_box"]/div/div[3]/form/button
[2021-03-17 05:25:58]cl_getDriver.py(127): click_Success->//*[@id="base_box"]/div/div[3]/form/button
[2021-03-17 05:25:58]cl_getDriver.py(72): Open NewTab->https://kabuoji3.com/stock/3512/1996/
[2021-03-17 05:25:59]cl_getDriver.py(127): click_Success->//*[@id="base_box"]/div/div[3]/form/button
[2021-03-17 05:25:59]cl_getDriver.py(72): Open NewTab->https://kabuoji3.com/stock/3513/2015/
[2021-03-17 05:26:00]cl_getDriver.py(127): click_Success->//*[@id="base_box"]/div/div[3]/form/button
[2021-03-17 05:26:01]cl_getDriver.py(127): click_Success->//*[@id="base_box"]/div/div[3]/form/button
[2021-03-17 05:26:02]cl_getDriver.py(127): click_Success->//*[@id="base_box"]/div/div[3]/form/button
[2021-03-17 05:26:02]cl_getDriver.py(72): Open NewTab->https://kabuoji3.com/stock/3512/1995/
[2021-03-17 05:26:03]cl_getDriver.py(127): click_Success->//*[@id="base_box"]/div/div[3]/form/button
[2021-03-17 05:26:03]cl_getDriver.py(72): Open NewTab->https://kabuoji3.com/stock/3513/2014/
[2021-03-17 05:26:04]cl_getDriver.py(127): click_Success->//*[@id="base_box"]/div/div[3]/form/button
[2021-03-17 05:26:04]cl_getDriver.py(127): click_Success->//*[@id="base_box"]/div/div[3]/form/button
[2021-03-17 05:26:06]cl_getDriver.py(127): click_Success->//*[@id="base_box"]/div/div[3]/form/button
[2021-03-17 05:26:06]cl_getDriver.py(72): Open NewTab->https://kabuoji3.com/stock/3512/1994/
[2021-03-17 05:26:07]cl_getDriver.py(127): click_Success->//*[@id="base_box"]/div/div[3]/form/button
[2021-03-17 05:26:07]cl_getDriver.py(72): Open NewTab->https://kabuoji3.com/stock/3513/2013/
[2021-03-17 05:26:08]cl_getDriver.py(127): click_Success->//*[@id="base_box"]/div/div[3]/form/button
[2021-03-17 05:26:08]cl_getDriver.py(127): click_Success->//*[@id="base_box"]/div/div[3]/form/button
[2021-03-17 05:26:10]cl_getDriver.py(127): click_Success->//*[@id="base_box"]/div/div[3]/form/button
[2021-03-17 05:26:10]cl_getDriver.py(72): Open NewTab->https://kabuoji3.com/stock/3512/1993/
[2021-03-17 05:26:11]cl_getDriver.py(127): click_Success->//*[@id="base_box"]/div/div[3]/form/button
[2021-03-17 05:26:11]cl_getDriver.py(72): Open NewTab->https://kabuoji3.com/stock/3513/2012/
[2021-03-17 05:26:12]cl_getDriver.py(127): click_Success->//*[@id="base_box"]/div/div[3]/form/button
[2021-03-17 05:26:12]cl_getDriver.py(127): click_Success->//*[@id="base_box"]/div/div[3]/form/button
[2021-03-17 05:26:14]cl_getDriver.py(127): click_Success->//*[@id="base_box"]/div/div[3]/form/button
[2021-03-17 05:26:14]cl_getDriver.py(72): Open NewTab->https://kabuoji3.com/stock/3512/1992/
[2021-03-17 05:26:15]cl_getDriver.py(127): click_Success->//*[@id="base_box"]/div/div[3]/form/button
[2021-03-17 05:26:15]cl_getDriver.py(72): Open NewTab->https://kabuoji3.com/stock/3513/2011/
[2021-03-17 05:26:16]cl_getDriver.py(127): click_Success->//*[@id="base_box"]/div/div[3]/form/button
[2021-03-17 05:26:17]cl_getDriver.py(127): click_Success->//*[@id="base_box"]/div/div[3]/form/button
[2021-03-17 05:26:18]cl_getDriver.py(127): click_Success->//*[@id="base_box"]/div/div[3]/form/button
[2021-03-17 05:26:19]cl_getDriver.py(72): Open NewTab->https://kabuoji3.com/stock/3512/1991/
[2021-03-17 05:26:19]cl_getDriver.py(127): click_Success->//*[@id="base_box"]/div/div[3]/form/button
[2021-03-17 05:26:19]cl_getDriver.py(72): Open NewTab->https://kabuoji3.com/stock/3513/2010/
[2021-03-17 05:26:20]cl_getDriver.py(127): click_Success->//*[@id="base_box"]/div/div[3]/form/button
[2021-03-17 05:26:20]cl_getDriver.py(127): click_Success->//*[@id="base_box"]/div/div[3]/form/button
[2021-03-17 05:26:22]cl_getDriver.py(127): click_Success->//*[@id="base_box"]/div/div[3]/form/button
[2021-03-17 05:26:23]cl_getDriver.py(127): click_Success->//*[@id="base_box"]/div/div[3]/form/button
[2021-03-17 05:26:23]cl_getDriver.py(72): Open NewTab->https://kabuoji3.com/stock/3512/1990/
[2021-03-17 05:26:23]cl_getDriver.py(72): Open NewTab->https://kabuoji3.com/stock/3513/2009/
[2021-03-17 05:26:24]cl_getDriver.py(127): click_Success->//*[@id="base_box"]/div/div[3]/form/button
[2021-03-17 05:26:25]cl_getDriver.py(127): click_Success->//*[@id="base_box"]/div/div[3]/form/button
[2021-03-17 05:26:26]cl_getDriver.py(127): click_Success->//*[@id="base_box"]/div/div[3]/form/button
[2021-03-17 05:26:27]cl_getDriver.py(72): Open NewTab->https://kabuoji3.com/stock/3512/1989/
[2021-03-17 05:26:27]cl_getDriver.py(127): click_Success->//*[@id="base_box"]/div/div[3]/form/button
[2021-03-17 05:26:27]cl_getDriver.py(72): Open NewTab->https://kabuoji3.com/stock/3513/2008/
[2021-03-17 05:26:28]cl_getDriver.py(127): click_Success->//*[@id="base_box"]/div/div[3]/form/button
[2021-03-17 05:26:29]cl_getDriver.py(127): click_Success->//*[@id="base_box"]/div/div[3]/form/button
[2021-03-17 05:26:30]cl_getDriver.py(127): click_Success->//*[@id="base_box"]/div/div[3]/form/button
[2021-03-17 05:26:30]cl_getDriver.py(72): Open NewTab->https://kabuoji3.com/stock/3512/1988/
[2021-03-17 05:26:31]cl_getDriver.py(127): click_Success->//*[@id="base_box"]/div/div[3]/form/button
[2021-03-17 05:26:31]cl_getDriver.py(72): Open NewTab->https://kabuoji3.com/stock/3513/2007/
[2021-03-17 05:26:32]cl_getDriver.py(127): click_Success->//*[@id="base_box"]/div/div[3]/form/button
[2021-03-17 05:26:32]cl_getDriver.py(127): click_Success->//*[@id="base_box"]/div/div[3]/form/button
[2021-03-17 05:26:34]cl_getDriver.py(127): click_Success->//*[@id="base_box"]/div/div[3]/form/button
[2021-03-17 05:26:34]cl_getDriver.py(72): Open NewTab->https://kabuoji3.com/stock/3512/1987/
[2021-03-17 05:26:35]cl_getDriver.py(127): click_Success->//*[@id="base_box"]/div/div[3]/form/button
[2021-03-17 05:26:35]cl_getDriver.py(72): Open NewTab->https://kabuoji3.com/stock/3513/2006/
[2021-03-17 05:26:36]cl_getDriver.py(127): click_Success->//*[@id="base_box"]/div/div[3]/form/button
[2021-03-17 05:26:37]cl_getDriver.py(127): click_Success->//*[@id="base_box"]/div/div[3]/form/button
[2021-03-17 05:26:38]cl_getDriver.py(127): click_Success->//*[@id="base_box"]/div/div[3]/form/button
[2021-03-17 05:26:39]cl_getDriver.py(72): Open NewTab->https://kabuoji3.com/stock/3512/1986/
[2021-03-17 05:26:39]cl_getDriver.py(127): click_Success->//*[@id="base_box"]/div/div[3]/form/button
[2021-03-17 05:26:39]cl_getDriver.py(72): Open NewTab->https://kabuoji3.com/stock/3513/2005/
[2021-03-17 05:26:40]cl_getDriver.py(127): click_Success->//*[@id="base_box"]/div/div[3]/form/button
[2021-03-17 05:26:41]cl_getDriver.py(127): click_Success->//*[@id="base_box"]/div/div[3]/form/button
[2021-03-17 05:26:42]cl_getDriver.py(127): click_Success->//*[@id="base_box"]/div/div[3]/form/button
[2021-03-17 05:26:43]cl_getDriver.py(72): Open NewTab->https://kabuoji3.com/stock/3512/1985/
[2021-03-17 05:26:43]cl_getDriver.py(127): click_Success->//*[@id="base_box"]/div/div[3]/form/button
[2021-03-17 05:26:43]cl_getDriver.py(72): Open NewTab->https://kabuoji3.com/stock/3513/2004/
[2021-03-17 05:26:45]cl_getDriver.py(127): click_Success->//*[@id="base_box"]/div/div[3]/form/button
[2021-03-17 05:26:45]cl_getDriver.py(127): click_Success->//*[@id="base_box"]/div/div[3]/form/button
[2021-03-17 05:26:47]cl_getDriver.py(127): click_Success->//*[@id="base_box"]/div/div[3]/form/button
[2021-03-17 05:26:47]cl_getDriver.py(127): click_Success->//*[@id="base_box"]/div/div[3]/form/button
[2021-03-17 05:26:47]cl_getDriver.py(72): Open NewTab->https://kabuoji3.com/stock/3512/1984/
[2021-03-17 05:26:47]cl_getDriver.py(72): Open NewTab->https://kabuoji3.com/stock/3513/2003/
[2021-03-17 05:26:49]cl_getDriver.py(127): click_Success->//*[@id="base_box"]/div/div[3]/form/button
[2021-03-17 05:26:49]cl_getDriver.py(127): click_Success->//*[@id="base_box"]/div/div[3]/form/button
[2021-03-17 05:26:51]cl_getDriver.py(127): click_Success->//*[@id="base_box"]/div/div[3]/form/button
[2021-03-17 05:26:51]cl_getDriver.py(127): click_Success->//*[@id="base_box"]/div/div[3]/form/button
[2021-03-17 05:26:52]cl_getDriver.py(72): Open NewTab->https://kabuoji3.com/stock/3513/2002/
[2021-03-17 05:26:52]cl_getDriver.py(72): Open NewTab->https://kabuoji3.com/stock/3512/1983/
[2021-03-17 05:26:53]cl_getDriver.py(127): click_Success->//*[@id="base_box"]/div/div[3]/form/button
[2021-03-17 05:26:53]cl_getDriver.py(127): click_Success->//*[@id="base_box"]/div/div[3]/form/button
[2021-03-17 05:26:55]cl_getDriver.py(127): click_Success->//*[@id="base_box"]/div/div[3]/form/button
[2021-03-17 05:26:55]cl_getDriver.py(127): click_Success->//*[@id="base_box"]/div/div[3]/form/button
[2021-03-17 05:26:56]cl_getDriver.py(72): Open NewTab->https://kabuoji3.com/stock/3513/2001/
[2021-03-17 05:26:57]cl_getDriver.py(127): click_Success->//*[@id="base_box"]/div/div[3]/form/button
[2021-03-17 05:26:58]main.py(42): finished Process->https://kabuoji3.com/stock/3512/
[2021-03-17 05:26:58]main.py(15): start_Process->https://kabuoji3.com/stock/3515/
[2021-03-17 05:26:59]cl_getDriver.py(127): click_Success->//*[@id="base_box"]/div/div[3]/form/button
[2021-03-17 05:26:59]cl_getDriver.py(72): Open NewTab->https://kabuoji3.com/stock/3513/2000/
[2021-03-17 05:27:01]cl_getDriver.py(127): click_Success->//*[@id="base_box"]/div/div[3]/form/button
[2021-03-17 05:27:03]cl_getDriver.py(127): click_Success->//*[@id="base_box"]/div/div[3]/form/button
[2021-03-17 05:27:04]cl_getDriver.py(72): Open NewTab->https://kabuoji3.com/stock/3513/1999/
[2021-03-17 05:27:04]cl_getDriver.py(64): getURL=https://kabuoji3.com/stock/3515/
[2021-03-17 05:27:05]cl_getDriver.py(127): click_Success->//*[@id="base_box"]/div/div[3]/form/button
[2021-03-17 05:27:05]cl_getDriver.py(72): Open NewTab->https://kabuoji3.com/stock/3515/
[2021-03-17 05:27:06]cl_getDriver.py(130): Not Found->//*[@id="base_box"]/div/div[3]/form/button
[2021-03-17 05:27:07]cl_getDriver.py(127): click_Success->//*[@id="base_box"]/div/div[3]/form/button
[2021-03-17 05:27:07]cl_getDriver.py(72): Open NewTab->https://kabuoji3.com/stock/3513/1998/
[2021-03-17 05:27:08]cl_getDriver.py(130): Not Found->//*[@id="base_box"]/div/div[3]/form/button
[2021-03-17 05:27:08]cl_getDriver.py(72): Open NewTab->https://kabuoji3.com/stock/3515/2021/
[2021-03-17 05:27:09]cl_getDriver.py(127): click_Success->//*[@id="base_box"]/div/div[3]/form/button
[2021-03-17 05:27:09]cl_getDriver.py(127): click_Success->//*[@id="base_box"]/div/div[3]/form/button
[2021-03-17 05:27:11]cl_getDriver.py(127): click_Success->//*[@id="base_box"]/div/div[3]/form/button
[2021-03-17 05:27:11]cl_getDriver.py(72): Open NewTab->https://kabuoji3.com/stock/3513/1997/
[2021-03-17 05:27:11]cl_getDriver.py(127): click_Success->//*[@id="base_box"]/div/div[3]/form/button
[2021-03-17 05:27:12]cl_getDriver.py(72): Open NewTab->https://kabuoji3.com/stock/3515/2020/
[2021-03-17 05:27:13]cl_getDriver.py(127): click_Success->//*[@id="base_box"]/div/div[3]/form/button
[2021-03-17 05:27:13]cl_getDriver.py(127): click_Success->//*[@id="base_box"]/div/div[3]/form/button
[2021-03-17 05:27:15]cl_getDriver.py(127): click_Success->//*[@id="base_box"]/div/div[3]/form/button
[2021-03-17 05:27:15]cl_getDriver.py(127): click_Success->//*[@id="base_box"]/div/div[3]/form/button
[2021-03-17 05:27:16]cl_getDriver.py(72): Open NewTab->https://kabuoji3.com/stock/3513/1996/
[2021-03-17 05:27:16]cl_getDriver.py(72): Open NewTab->https://kabuoji3.com/stock/3515/2019/
[2021-03-17 05:27:17]cl_getDriver.py(127): click_Success->//*[@id="base_box"]/div/div[3]/form/button
[2021-03-17 05:27:17]cl_getDriver.py(127): click_Success->//*[@id="base_box"]/div/div[3]/form/button
[2021-03-17 05:27:19]cl_getDriver.py(127): click_Success->//*[@id="base_box"]/div/div[3]/form/button
[2021-03-17 05:27:19]cl_getDriver.py(127): click_Success->//*[@id="base_box"]/div/div[3]/form/button
[2021-03-17 05:27:20]cl_getDriver.py(72): Open NewTab->https://kabuoji3.com/stock/3515/2018/
[2021-03-17 05:27:20]cl_getDriver.py(72): Open NewTab->https://kabuoji3.com/stock/3513/1995/
[2021-03-17 05:27:21]cl_getDriver.py(127): click_Success->//*[@id="base_box"]/div/div[3]/form/button
[2021-03-17 05:27:21]cl_getDriver.py(127): click_Success->//*[@id="base_box"]/div/div[3]/form/button
[2021-03-17 05:27:24]cl_getDriver.py(127): click_Success->//*[@id="base_box"]/div/div[3]/form/button
[2021-03-17 05:27:24]cl_getDriver.py(127): click_Success->//*[@id="base_box"]/div/div[3]/form/button
[2021-03-17 05:27:24]cl_getDriver.py(72): Open NewTab->https://kabuoji3.com/stock/3515/2017/
[2021-03-17 05:27:24]cl_getDriver.py(72): Open NewTab->https://kabuoji3.com/stock/3513/1994/
[2021-03-17 05:27:25]cl_getDriver.py(127): click_Success->//*[@id="base_box"]/div/div[3]/form/button
[2021-03-17 05:27:26]cl_getDriver.py(127): click_Success->//*[@id="base_box"]/div/div[3]/form/button
[2021-03-17 05:27:28]cl_getDriver.py(127): click_Success->//*[@id="base_box"]/div/div[3]/form/button
[2021-03-17 05:27:28]cl_getDriver.py(127): click_Success->//*[@id="base_box"]/div/div[3]/form/button
[2021-03-17 05:27:28]cl_getDriver.py(72): Open NewTab->https://kabuoji3.com/stock/3515/2016/
[2021-03-17 05:27:29]cl_getDriver.py(72): Open NewTab->https://kabuoji3.com/stock/3513/1993/
[2021-03-17 05:27:29]cl_getDriver.py(127): click_Success->//*[@id="base_box"]/div/div[3]/form/button
[2021-03-17 05:27:30]cl_getDriver.py(127): click_Success->//*[@id="base_box"]/div/div[3]/form/button
[2021-03-17 05:27:32]cl_getDriver.py(127): click_Success->//*[@id="base_box"]/div/div[3]/form/button
[2021-03-17 05:27:32]cl_getDriver.py(127): click_Success->//*[@id="base_box"]/div/div[3]/form/button
[2021-03-17 05:27:32]cl_getDriver.py(72): Open NewTab->https://kabuoji3.com/stock/3515/2015/
[2021-03-17 05:27:33]cl_getDriver.py(72): Open NewTab->https://kabuoji3.com/stock/3513/1992/
[2021-03-17 05:27:34]cl_getDriver.py(127): click_Success->//*[@id="base_box"]/div/div[3]/form/button
[2021-03-17 05:27:34]cl_getDriver.py(127): click_Success->//*[@id="base_box"]/div/div[3]/form/button
[2021-03-17 05:27:36]cl_getDriver.py(127): click_Success->//*[@id="base_box"]/div/div[3]/form/button
[2021-03-17 05:27:36]cl_getDriver.py(72): Open NewTab->https://kabuoji3.com/stock/3515/2014/
[2021-03-17 05:27:37]cl_getDriver.py(127): click_Success->//*[@id="base_box"]/div/div[3]/form/button
[2021-03-17 05:27:37]cl_getDriver.py(72): Open NewTab->https://kabuoji3.com/stock/3513/1991/
[2021-03-17 05:27:38]cl_getDriver.py(127): click_Success->//*[@id="base_box"]/div/div[3]/form/button
[2021-03-17 05:27:38]cl_getDriver.py(127): click_Success->//*[@id="base_box"]/div/div[3]/form/button
[2021-03-17 05:27:40]cl_getDriver.py(127): click_Success->//*[@id="base_box"]/div/div[3]/form/button
[2021-03-17 05:27:40]cl_getDriver.py(72): Open NewTab->https://kabuoji3.com/stock/3515/2013/
[2021-03-17 05:27:41]cl_getDriver.py(127): click_Success->//*[@id="base_box"]/div/div[3]/form/button
[2021-03-17 05:27:41]cl_getDriver.py(72): Open NewTab->https://kabuoji3.com/stock/3513/1990/
[2021-03-17 05:27:42]cl_getDriver.py(127): click_Success->//*[@id="base_box"]/div/div[3]/form/button
[2021-03-17 05:27:42]cl_getDriver.py(127): click_Success->//*[@id="base_box"]/div/div[3]/form/button
[2021-03-17 05:27:44]cl_getDriver.py(127): click_Success->//*[@id="base_box"]/div/div[3]/form/button
[2021-03-17 05:27:44]cl_getDriver.py(72): Open NewTab->https://kabuoji3.com/stock/3515/2012/
[2021-03-17 05:27:45]cl_getDriver.py(127): click_Success->//*[@id="base_box"]/div/div[3]/form/button
[2021-03-17 05:27:45]cl_getDriver.py(72): Open NewTab->https://kabuoji3.com/stock/3513/1989/
[2021-03-17 05:27:46]cl_getDriver.py(127): click_Success->//*[@id="base_box"]/div/div[3]/form/button
[2021-03-17 05:27:47]cl_getDriver.py(127): click_Success->//*[@id="base_box"]/div/div[3]/form/button
[2021-03-17 05:27:48]cl_getDriver.py(127): click_Success->//*[@id="base_box"]/div/div[3]/form/button
[2021-03-17 05:27:48]cl_getDriver.py(72): Open NewTab->https://kabuoji3.com/stock/3515/2011/
[2021-03-17 05:27:49]cl_getDriver.py(127): click_Success->//*[@id="base_box"]/div/div[3]/form/button
[2021-03-17 05:27:49]cl_getDriver.py(72): Open NewTab->https://kabuoji3.com/stock/3513/1988/
[2021-03-17 05:27:50]cl_getDriver.py(127): click_Success->//*[@id="base_box"]/div/div[3]/form/button
[2021-03-17 05:27:51]cl_getDriver.py(127): click_Success->//*[@id="base_box"]/div/div[3]/form/button
[2021-03-17 05:27:52]cl_getDriver.py(127): click_Success->//*[@id="base_box"]/div/div[3]/form/button
[2021-03-17 05:27:52]cl_getDriver.py(72): Open NewTab->https://kabuoji3.com/stock/3515/2010/
[2021-03-17 05:27:53]cl_getDriver.py(127): click_Success->//*[@id="base_box"]/div/div[3]/form/button
[2021-03-17 05:27:53]cl_getDriver.py(72): Open NewTab->https://kabuoji3.com/stock/3513/1987/
[2021-03-17 05:27:53]cl_getDriver.py(127): click_Success->//*[@id="base_box"]/div/div[3]/form/button
[2021-03-17 05:27:54]cl_getDriver.py(127): click_Success->//*[@id="base_box"]/div/div[3]/form/button
[2021-03-17 05:27:56]cl_getDriver.py(127): click_Success->//*[@id="base_box"]/div/div[3]/form/button
[2021-03-17 05:27:56]cl_getDriver.py(72): Open NewTab->https://kabuoji3.com/stock/3515/2009/
[2021-03-17 05:27:57]cl_getDriver.py(127): click_Success->//*[@id="base_box"]/div/div[3]/form/button
[2021-03-17 05:27:57]cl_getDriver.py(72): Open NewTab->https://kabuoji3.com/stock/3513/1986/
[2021-03-17 05:27:57]cl_getDriver.py(127): click_Success->//*[@id="base_box"]/div/div[3]/form/button
[2021-03-17 05:27:58]cl_getDriver.py(127): click_Success->//*[@id="base_box"]/div/div[3]/form/button
[2021-03-17 05:28:00]cl_getDriver.py(127): click_Success->//*[@id="base_box"]/div/div[3]/form/button
[2021-03-17 05:28:00]cl_getDriver.py(72): Open NewTab->https://kabuoji3.com/stock/3515/2008/
[2021-03-17 05:28:01]cl_getDriver.py(127): click_Success->//*[@id="base_box"]/div/div[3]/form/button
[2021-03-17 05:28:01]cl_getDriver.py(127): click_Success->//*[@id="base_box"]/div/div[3]/form/button
[2021-03-17 05:28:01]cl_getDriver.py(72): Open NewTab->https://kabuoji3.com/stock/3513/1985/
[2021-03-17 05:28:02]cl_getDriver.py(127): click_Success->//*[@id="base_box"]/div/div[3]/form/button
[2021-03-17 05:28:03]cl_getDriver.py(127): click_Success->//*[@id="base_box"]/div/div[3]/form/button
[2021-03-17 05:28:04]cl_getDriver.py(72): Open NewTab->https://kabuoji3.com/stock/3515/2007/
[2021-03-17 05:28:05]cl_getDriver.py(127): click_Success->//*[@id="base_box"]/div/div[3]/form/button
[2021-03-17 05:28:05]cl_getDriver.py(127): click_Success->//*[@id="base_box"]/div/div[3]/form/button
[2021-03-17 05:28:05]cl_getDriver.py(72): Open NewTab->https://kabuoji3.com/stock/3513/1984/
[2021-03-17 05:28:06]cl_getDriver.py(127): click_Success->//*[@id="base_box"]/div/div[3]/form/button
[2021-03-17 05:28:07]cl_getDriver.py(127): click_Success->//*[@id="base_box"]/div/div[3]/form/button
[2021-03-17 05:28:07]cl_getDriver.py(72): Open NewTab->https://kabuoji3.com/stock/3515/2006/
[2021-03-17 05:28:08]cl_getDriver.py(127): click_Success->//*[@id="base_box"]/div/div[3]/form/button
[2021-03-17 05:28:09]cl_getDriver.py(127): click_Success->//*[@id="base_box"]/div/div[3]/form/button
[2021-03-17 05:28:09]cl_getDriver.py(72): Open NewTab->https://kabuoji3.com/stock/3513/1983/
[2021-03-17 05:28:10]cl_getDriver.py(127): click_Success->//*[@id="base_box"]/div/div[3]/form/button
[2021-03-17 05:28:10]cl_getDriver.py(127): click_Success->//*[@id="base_box"]/div/div[3]/form/button
[2021-03-17 05:28:11]cl_getDriver.py(72): Open NewTab->https://kabuoji3.com/stock/3515/2005/
[2021-03-17 05:28:12]cl_getDriver.py(127): click_Success->//*[@id="base_box"]/div/div[3]/form/button
[2021-03-17 05:28:12]cl_getDriver.py(127): click_Success->//*[@id="base_box"]/div/div[3]/form/button
[2021-03-17 05:28:14]cl_getDriver.py(127): click_Success->//*[@id="base_box"]/div/div[3]/form/button
[2021-03-17 05:28:14]cl_getDriver.py(72): Open NewTab->https://kabuoji3.com/stock/3515/2004/
[2021-03-17 05:28:15]cl_getDriver.py(127): click_Success->//*[@id="base_box"]/div/div[3]/form/button
[2021-03-17 05:28:16]main.py(42): finished Process->https://kabuoji3.com/stock/3513/
[2021-03-17 05:28:16]main.py(15): start_Process->https://kabuoji3.com/stock/3524/
[2021-03-17 05:28:17]cl_getDriver.py(127): click_Success->//*[@id="base_box"]/div/div[3]/form/button
[2021-03-17 05:28:18]cl_getDriver.py(72): Open NewTab->https://kabuoji3.com/stock/3515/2003/
[2021-03-17 05:28:19]cl_getDriver.py(127): click_Success->//*[@id="base_box"]/div/div[3]/form/button
[2021-03-17 05:28:21]cl_getDriver.py(127): click_Success->//*[@id="base_box"]/div/div[3]/form/button
[2021-03-17 05:28:22]cl_getDriver.py(72): Open NewTab->https://kabuoji3.com/stock/3515/2002/
[2021-03-17 05:28:23]cl_getDriver.py(64): getURL=https://kabuoji3.com/stock/3524/
[2021-03-17 05:28:23]cl_getDriver.py(127): click_Success->//*[@id="base_box"]/div/div[3]/form/button
[2021-03-17 05:28:23]cl_getDriver.py(72): Open NewTab->https://kabuoji3.com/stock/3524/
[2021-03-17 05:28:24]cl_getDriver.py(130): Not Found->//*[@id="base_box"]/div/div[3]/form/button
[2021-03-17 05:28:25]cl_getDriver.py(127): click_Success->//*[@id="base_box"]/div/div[3]/form/button
[2021-03-17 05:28:25]cl_getDriver.py(72): Open NewTab->https://kabuoji3.com/stock/3515/2001/
[2021-03-17 05:28:26]cl_getDriver.py(130): Not Found->//*[@id="base_box"]/div/div[3]/form/button
[2021-03-17 05:28:26]cl_getDriver.py(72): Open NewTab->https://kabuoji3.com/stock/3524/2021/
[2021-03-17 05:28:26]cl_getDriver.py(127): click_Success->//*[@id="base_box"]/div/div[3]/form/button
[2021-03-17 05:28:27]cl_getDriver.py(127): click_Success->//*[@id="base_box"]/div/div[3]/form/button
[2021-03-17 05:28:29]cl_getDriver.py(127): click_Success->//*[@id="base_box"]/div/div[3]/form/button
[2021-03-17 05:28:29]cl_getDriver.py(72): Open NewTab->https://kabuoji3.com/stock/3515/2000/
[2021-03-17 05:28:29]cl_getDriver.py(127): click_Success->//*[@id="base_box"]/div/div[3]/form/button
[2021-03-17 05:28:30]cl_getDriver.py(72): Open NewTab->https://kabuoji3.com/stock/3524/2020/
[2021-03-17 05:28:30]cl_getDriver.py(127): click_Success->//*[@id="base_box"]/div/div[3]/form/button
[2021-03-17 05:28:31]cl_getDriver.py(127): click_Success->//*[@id="base_box"]/div/div[3]/form/button
[2021-03-17 05:28:33]cl_getDriver.py(127): click_Success->//*[@id="base_box"]/div/div[3]/form/button
[2021-03-17 05:28:33]cl_getDriver.py(72): Open NewTab->https://kabuoji3.com/stock/3515/1999/
[2021-03-17 05:28:33]cl_getDriver.py(127): click_Success->//*[@id="base_box"]/div/div[3]/form/button
[2021-03-17 05:28:34]cl_getDriver.py(72): Open NewTab->https://kabuoji3.com/stock/3524/2019/
[2021-03-17 05:28:34]cl_getDriver.py(127): click_Success->//*[@id="base_box"]/div/div[3]/form/button
[2021-03-17 05:28:35]cl_getDriver.py(127): click_Success->//*[@id="base_box"]/div/div[3]/form/button
[2021-03-17 05:28:37]cl_getDriver.py(127): click_Success->//*[@id="base_box"]/div/div[3]/form/button
[2021-03-17 05:28:37]cl_getDriver.py(72): Open NewTab->https://kabuoji3.com/stock/3515/1998/
[2021-03-17 05:28:37]cl_getDriver.py(127): click_Success->//*[@id="base_box"]/div/div[3]/form/button
[2021-03-17 05:28:38]cl_getDriver.py(72): Open NewTab->https://kabuoji3.com/stock/3524/2018/
[2021-03-17 05:28:38]cl_getDriver.py(127): click_Success->//*[@id="base_box"]/div/div[3]/form/button
[2021-03-17 05:28:39]cl_getDriver.py(127): click_Success->//*[@id="base_box"]/div/div[3]/form/button
[2021-03-17 05:28:40]cl_getDriver.py(127): click_Success->//*[@id="base_box"]/div/div[3]/form/button
[2021-03-17 05:28:41]cl_getDriver.py(72): Open NewTab->https://kabuoji3.com/stock/3515/1997/
[2021-03-17 05:28:41]cl_getDriver.py(127): click_Success->//*[@id="base_box"]/div/div[3]/form/button
[2021-03-17 05:28:41]cl_getDriver.py(72): Open NewTab->https://kabuoji3.com/stock/3524/2017/
[2021-03-17 05:28:42]cl_getDriver.py(127): click_Success->//*[@id="base_box"]/div/div[3]/form/button
[2021-03-17 05:28:43]cl_getDriver.py(127): click_Success->//*[@id="base_box"]/div/div[3]/form/button
[2021-03-17 05:28:44]cl_getDriver.py(127): click_Success->//*[@id="base_box"]/div/div[3]/form/button
[2021-03-17 05:28:45]cl_getDriver.py(72): Open NewTab->https://kabuoji3.com/stock/3515/1996/
[2021-03-17 05:28:45]cl_getDriver.py(127): click_Success->//*[@id="base_box"]/div/div[3]/form/button
[2021-03-17 05:28:45]cl_getDriver.py(72): Open NewTab->https://kabuoji3.com/stock/3524/2016/
[2021-03-17 05:28:46]cl_getDriver.py(127): click_Success->//*[@id="base_box"]/div/div[3]/form/button
[2021-03-17 05:28:47]cl_getDriver.py(127): click_Success->//*[@id="base_box"]/div/div[3]/form/button
[2021-03-17 05:28:48]cl_getDriver.py(127): click_Success->//*[@id="base_box"]/div/div[3]/form/button
[2021-03-17 05:28:49]cl_getDriver.py(72): Open NewTab->https://kabuoji3.com/stock/3515/1995/
[2021-03-17 05:28:49]cl_getDriver.py(127): click_Success->//*[@id="base_box"]/div/div[3]/form/button
[2021-03-17 05:28:49]cl_getDriver.py(72): Open NewTab->https://kabuoji3.com/stock/3524/2015/
[2021-03-17 05:28:50]cl_getDriver.py(127): click_Success->//*[@id="base_box"]/div/div[3]/form/button
[2021-03-17 05:28:50]cl_getDriver.py(127): click_Success->//*[@id="base_box"]/div/div[3]/form/button
[2021-03-17 05:28:52]cl_getDriver.py(127): click_Success->//*[@id="base_box"]/div/div[3]/form/button
[2021-03-17 05:28:53]cl_getDriver.py(127): click_Success->//*[@id="base_box"]/div/div[3]/form/button
[2021-03-17 05:28:53]cl_getDriver.py(72): Open NewTab->https://kabuoji3.com/stock/3524/2014/
[2021-03-17 05:28:54]cl_getDriver.py(127): click_Success->//*[@id="base_box"]/div/div[3]/form/button
[2021-03-17 05:28:56]cl_getDriver.py(127): click_Success->//*[@id="base_box"]/div/div[3]/form/button
[2021-03-17 05:28:56]cl_getDriver.py(72): Open NewTab->https://kabuoji3.com/stock/3524/2013/
[2021-03-17 05:28:56]main.py(42): finished Process->https://kabuoji3.com/stock/3515/
[2021-03-17 05:28:56]main.py(15): start_Process->https://kabuoji3.com/stock/3529/
[2021-03-17 05:28:57]cl_getDriver.py(127): click_Success->//*[@id="base_box"]/div/div[3]/form/button
[2021-03-17 05:28:59]cl_getDriver.py(127): click_Success->//*[@id="base_box"]/div/div[3]/form/button
[2021-03-17 05:29:00]cl_getDriver.py(72): Open NewTab->https://kabuoji3.com/stock/3524/2012/
[2021-03-17 05:29:01]cl_getDriver.py(127): click_Success->//*[@id="base_box"]/div/div[3]/form/button
[2021-03-17 05:29:02]cl_getDriver.py(64): getURL=https://kabuoji3.com/stock/3529/
[2021-03-17 05:29:02]cl_getDriver.py(72): Open NewTab->https://kabuoji3.com/stock/3529/
[2021-03-17 05:29:03]cl_getDriver.py(130): Not Found->//*[@id="base_box"]/div/div[3]/form/button
[2021-03-17 05:29:03]cl_getDriver.py(127): click_Success->//*[@id="base_box"]/div/div[3]/form/button
[2021-03-17 05:29:04]cl_getDriver.py(72): Open NewTab->https://kabuoji3.com/stock/3524/2011/
[2021-03-17 05:29:05]cl_getDriver.py(127): click_Success->//*[@id="base_box"]/div/div[3]/form/button
[2021-03-17 05:29:05]cl_getDriver.py(130): Not Found->//*[@id="base_box"]/div/div[3]/form/button
[2021-03-17 05:29:05]cl_getDriver.py(72): Open NewTab->https://kabuoji3.com/stock/3529/2021/
[2021-03-17 05:29:06]cl_getDriver.py(127): click_Success->//*[@id="base_box"]/div/div[3]/form/button
[2021-03-17 05:29:07]cl_getDriver.py(127): click_Success->//*[@id="base_box"]/div/div[3]/form/button
[2021-03-17 05:29:07]cl_getDriver.py(72): Open NewTab->https://kabuoji3.com/stock/3524/2010/
[2021-03-17 05:29:08]cl_getDriver.py(127): click_Success->//*[@id="base_box"]/div/div[3]/form/button
[2021-03-17 05:29:08]cl_getDriver.py(127): click_Success->//*[@id="base_box"]/div/div[3]/form/button
[2021-03-17 05:29:09]cl_getDriver.py(72): Open NewTab->https://kabuoji3.com/stock/3529/2020/
[2021-03-17 05:29:10]cl_getDriver.py(127): click_Success->//*[@id="base_box"]/div/div[3]/form/button
[2021-03-17 05:29:11]cl_getDriver.py(127): click_Success->//*[@id="base_box"]/div/div[3]/form/button
[2021-03-17 05:29:11]cl_getDriver.py(72): Open NewTab->https://kabuoji3.com/stock/3524/2009/
[2021-03-17 05:29:12]cl_getDriver.py(127): click_Success->//*[@id="base_box"]/div/div[3]/form/button
[2021-03-17 05:29:12]cl_getDriver.py(127): click_Success->//*[@id="base_box"]/div/div[3]/form/button
[2021-03-17 05:29:12]cl_getDriver.py(72): Open NewTab->https://kabuoji3.com/stock/3529/2019/
[2021-03-17 05:29:14]cl_getDriver.py(127): click_Success->//*[@id="base_box"]/div/div[3]/form/button
[2021-03-17 05:29:14]cl_getDriver.py(127): click_Success->//*[@id="base_box"]/div/div[3]/form/button
[2021-03-17 05:29:15]cl_getDriver.py(72): Open NewTab->https://kabuoji3.com/stock/3524/2008/
[2021-03-17 05:29:15]cl_getDriver.py(127): click_Success->//*[@id="base_box"]/div/div[3]/form/button
[2021-03-17 05:29:16]cl_getDriver.py(127): click_Success->//*[@id="base_box"]/div/div[3]/form/button
[2021-03-17 05:29:17]cl_getDriver.py(72): Open NewTab->https://kabuoji3.com/stock/3529/2018/
[2021-03-17 05:29:17]cl_getDriver.py(127): click_Success->//*[@id="base_box"]/div/div[3]/form/button
[2021-03-17 05:29:18]cl_getDriver.py(127): click_Success->//*[@id="base_box"]/div/div[3]/form/button
[2021-03-17 05:29:18]cl_getDriver.py(72): Open NewTab->https://kabuoji3.com/stock/3524/2007/
[2021-03-17 05:29:19]cl_getDriver.py(127): click_Success->//*[@id="base_box"]/div/div[3]/form/button
[2021-03-17 05:29:20]cl_getDriver.py(127): click_Success->//*[@id="base_box"]/div/div[3]/form/button
[2021-03-17 05:29:20]cl_getDriver.py(72): Open NewTab->https://kabuoji3.com/stock/3529/2017/
[2021-03-17 05:29:21]cl_getDriver.py(127): click_Success->//*[@id="base_box"]/div/div[3]/form/button
[2021-03-17 05:29:21]cl_getDriver.py(127): click_Success->//*[@id="base_box"]/div/div[3]/form/button
[2021-03-17 05:29:22]cl_getDriver.py(72): Open NewTab->https://kabuoji3.com/stock/3524/2006/
[2021-03-17 05:29:23]cl_getDriver.py(127): click_Success->//*[@id="base_box"]/div/div[3]/form/button
[2021-03-17 05:29:23]cl_getDriver.py(127): click_Success->//*[@id="base_box"]/div/div[3]/form/button
[2021-03-17 05:29:24]cl_getDriver.py(72): Open NewTab->https://kabuoji3.com/stock/3529/2016/
[2021-03-17 05:29:25]cl_getDriver.py(127): click_Success->//*[@id="base_box"]/div/div[3]/form/button
[2021-03-17 05:29:25]cl_getDriver.py(127): click_Success->//*[@id="base_box"]/div/div[3]/form/button
[2021-03-17 05:29:25]cl_getDriver.py(72): Open NewTab->https://kabuoji3.com/stock/3524/2005/
[2021-03-17 05:29:27]cl_getDriver.py(127): click_Success->//*[@id="base_box"]/div/div[3]/form/button
[2021-03-17 05:29:27]cl_getDriver.py(127): click_Success->//*[@id="base_box"]/div/div[3]/form/button
[2021-03-17 05:29:27]cl_getDriver.py(72): Open NewTab->https://kabuoji3.com/stock/3529/2015/
[2021-03-17 05:29:28]cl_getDriver.py(127): click_Success->//*[@id="base_box"]/div/div[3]/form/button
[2021-03-17 05:29:29]cl_getDriver.py(127): click_Success->//*[@id="base_box"]/div/div[3]/form/button
[2021-03-17 05:29:29]cl_getDriver.py(72): Open NewTab->https://kabuoji3.com/stock/3524/2004/
[2021-03-17 05:29:30]cl_getDriver.py(127): click_Success->//*[@id="base_box"]/div/div[3]/form/button
[2021-03-17 05:29:31]cl_getDriver.py(127): click_Success->//*[@id="base_box"]/div/div[3]/form/button
[2021-03-17 05:29:31]cl_getDriver.py(72): Open NewTab->https://kabuoji3.com/stock/3529/2014/
[2021-03-17 05:29:32]cl_getDriver.py(127): click_Success->//*[@id="base_box"]/div/div[3]/form/button
[2021-03-17 05:29:32]cl_getDriver.py(127): click_Success->//*[@id="base_box"]/div/div[3]/form/button
[2021-03-17 05:29:33]cl_getDriver.py(72): Open NewTab->https://kabuoji3.com/stock/3524/2003/
[2021-03-17 05:29:34]cl_getDriver.py(127): click_Success->//*[@id="base_box"]/div/div[3]/form/button
[2021-03-17 05:29:34]cl_getDriver.py(127): click_Success->//*[@id="base_box"]/div/div[3]/form/button
[2021-03-17 05:29:35]cl_getDriver.py(72): Open NewTab->https://kabuoji3.com/stock/3529/2013/
[2021-03-17 05:29:36]cl_getDriver.py(127): click_Success->//*[@id="base_box"]/div/div[3]/form/button
[2021-03-17 05:29:36]cl_getDriver.py(127): click_Success->//*[@id="base_box"]/div/div[3]/form/button
[2021-03-17 05:29:36]cl_getDriver.py(72): Open NewTab->https://kabuoji3.com/stock/3524/2002/
[2021-03-17 05:29:37]cl_getDriver.py(127): click_Success->//*[@id="base_box"]/div/div[3]/form/button
[2021-03-17 05:29:38]cl_getDriver.py(127): click_Success->//*[@id="base_box"]/div/div[3]/form/button
[2021-03-17 05:29:38]cl_getDriver.py(72): Open NewTab->https://kabuoji3.com/stock/3529/2012/
[2021-03-17 05:29:39]cl_getDriver.py(127): click_Success->//*[@id="base_box"]/div/div[3]/form/button
[2021-03-17 05:29:40]cl_getDriver.py(127): click_Success->//*[@id="base_box"]/div/div[3]/form/button
[2021-03-17 05:29:40]cl_getDriver.py(72): Open NewTab->https://kabuoji3.com/stock/3524/2001/
[2021-03-17 05:29:41]cl_getDriver.py(127): click_Success->//*[@id="base_box"]/div/div[3]/form/button
[2021-03-17 05:29:42]cl_getDriver.py(127): click_Success->//*[@id="base_box"]/div/div[3]/form/button
[2021-03-17 05:29:42]cl_getDriver.py(72): Open NewTab->https://kabuoji3.com/stock/3529/2011/
[2021-03-17 05:29:43]cl_getDriver.py(127): click_Success->//*[@id="base_box"]/div/div[3]/form/button
[2021-03-17 05:29:43]cl_getDriver.py(127): click_Success->//*[@id="base_box"]/div/div[3]/form/button
[2021-03-17 05:29:44]cl_getDriver.py(72): Open NewTab->https://kabuoji3.com/stock/3524/2000/
[2021-03-17 05:29:45]cl_getDriver.py(127): click_Success->//*[@id="base_box"]/div/div[3]/form/button
[2021-03-17 05:29:45]cl_getDriver.py(127): click_Success->//*[@id="base_box"]/div/div[3]/form/button
[2021-03-17 05:29:46]cl_getDriver.py(72): Open NewTab->https://kabuoji3.com/stock/3529/2010/
[2021-03-17 05:29:47]cl_getDriver.py(127): click_Success->//*[@id="base_box"]/div/div[3]/form/button
[2021-03-17 05:29:47]cl_getDriver.py(127): click_Success->//*[@id="base_box"]/div/div[3]/form/button
[2021-03-17 05:29:48]cl_getDriver.py(72): Open NewTab->https://kabuoji3.com/stock/3524/1999/
[2021-03-17 05:29:49]cl_getDriver.py(127): click_Success->//*[@id="base_box"]/div/div[3]/form/button
[2021-03-17 05:29:49]cl_getDriver.py(127): click_Success->//*[@id="base_box"]/div/div[3]/form/button
[2021-03-17 05:29:49]cl_getDriver.py(72): Open NewTab->https://kabuoji3.com/stock/3529/2009/
[2021-03-17 05:29:50]cl_getDriver.py(127): click_Success->//*[@id="base_box"]/div/div[3]/form/button
[2021-03-17 05:29:51]cl_getDriver.py(127): click_Success->//*[@id="base_box"]/div/div[3]/form/button
[2021-03-17 05:29:51]cl_getDriver.py(72): Open NewTab->https://kabuoji3.com/stock/3524/1998/
[2021-03-17 05:29:52]cl_getDriver.py(127): click_Success->//*[@id="base_box"]/div/div[3]/form/button
[2021-03-17 05:29:52]cl_getDriver.py(127): click_Success->//*[@id="base_box"]/div/div[3]/form/button
[2021-03-17 05:29:53]cl_getDriver.py(72): Open NewTab->https://kabuoji3.com/stock/3529/2008/
[2021-03-17 05:29:54]cl_getDriver.py(127): click_Success->//*[@id="base_box"]/div/div[3]/form/button
[2021-03-17 05:29:55]cl_getDriver.py(127): click_Success->//*[@id="base_box"]/div/div[3]/form/button
[2021-03-17 05:29:55]cl_getDriver.py(72): Open NewTab->https://kabuoji3.com/stock/3524/1997/
[2021-03-17 05:29:56]cl_getDriver.py(127): click_Success->//*[@id="base_box"]/div/div[3]/form/button
[2021-03-17 05:29:56]cl_getDriver.py(127): click_Success->//*[@id="base_box"]/div/div[3]/form/button
[2021-03-17 05:29:57]cl_getDriver.py(72): Open NewTab->https://kabuoji3.com/stock/3529/2007/
[2021-03-17 05:29:57]cl_getDriver.py(127): click_Success->//*[@id="base_box"]/div/div[3]/form/button
[2021-03-17 05:29:58]cl_getDriver.py(127): click_Success->//*[@id="base_box"]/div/div[3]/form/button
[2021-03-17 05:29:59]cl_getDriver.py(72): Open NewTab->https://kabuoji3.com/stock/3524/1996/
[2021-03-17 05:29:59]cl_getDriver.py(127): click_Success->//*[@id="base_box"]/div/div[3]/form/button
[2021-03-17 05:30:00]cl_getDriver.py(127): click_Success->//*[@id="base_box"]/div/div[3]/form/button
[2021-03-17 05:30:00]cl_getDriver.py(72): Open NewTab->https://kabuoji3.com/stock/3529/2006/
[2021-03-17 05:30:01]cl_getDriver.py(127): click_Success->//*[@id="base_box"]/div/div[3]/form/button
[2021-03-17 05:30:02]cl_getDriver.py(127): click_Success->//*[@id="base_box"]/div/div[3]/form/button
[2021-03-17 05:30:02]cl_getDriver.py(72): Open NewTab->https://kabuoji3.com/stock/3524/1995/
[2021-03-17 05:30:03]cl_getDriver.py(127): click_Success->//*[@id="base_box"]/div/div[3]/form/button
[2021-03-17 05:30:04]cl_getDriver.py(127): click_Success->//*[@id="base_box"]/div/div[3]/form/button
[2021-03-17 05:30:04]cl_getDriver.py(72): Open NewTab->https://kabuoji3.com/stock/3529/2005/
[2021-03-17 05:30:05]cl_getDriver.py(127): click_Success->//*[@id="base_box"]/div/div[3]/form/button
[2021-03-17 05:30:06]cl_getDriver.py(127): click_Success->//*[@id="base_box"]/div/div[3]/form/button
[2021-03-17 05:30:06]cl_getDriver.py(72): Open NewTab->https://kabuoji3.com/stock/3524/1994/
[2021-03-17 05:30:07]cl_getDriver.py(127): click_Success->//*[@id="base_box"]/div/div[3]/form/button
[2021-03-17 05:30:07]cl_getDriver.py(127): click_Success->//*[@id="base_box"]/div/div[3]/form/button
[2021-03-17 05:30:08]cl_getDriver.py(72): Open NewTab->https://kabuoji3.com/stock/3529/2004/
[2021-03-17 05:30:09]cl_getDriver.py(127): click_Success->//*[@id="base_box"]/div/div[3]/form/button
[2021-03-17 05:30:10]cl_getDriver.py(127): click_Success->//*[@id="base_box"]/div/div[3]/form/button
[2021-03-17 05:30:10]cl_getDriver.py(72): Open NewTab->https://kabuoji3.com/stock/3524/1993/
[2021-03-17 05:30:11]cl_getDriver.py(127): click_Success->//*[@id="base_box"]/div/div[3]/form/button
[2021-03-17 05:30:11]cl_getDriver.py(72): Open NewTab->https://kabuoji3.com/stock/3529/2003/
[2021-03-17 05:30:12]cl_getDriver.py(127): click_Success->//*[@id="base_box"]/div/div[3]/form/button
[2021-03-17 05:30:13]cl_getDriver.py(127): click_Success->//*[@id="base_box"]/div/div[3]/form/button
[2021-03-17 05:30:14]cl_getDriver.py(127): click_Success->//*[@id="base_box"]/div/div[3]/form/button
[2021-03-17 05:30:15]cl_getDriver.py(72): Open NewTab->https://kabuoji3.com/stock/3524/1992/
[2021-03-17 05:30:15]cl_getDriver.py(127): click_Success->//*[@id="base_box"]/div/div[3]/form/button
[2021-03-17 05:30:15]cl_getDriver.py(72): Open NewTab->https://kabuoji3.com/stock/3529/2002/
[2021-03-17 05:30:16]cl_getDriver.py(127): click_Success->//*[@id="base_box"]/div/div[3]/form/button
[2021-03-17 05:30:17]cl_getDriver.py(127): click_Success->//*[@id="base_box"]/div/div[3]/form/button
[2021-03-17 05:30:18]cl_getDriver.py(127): click_Success->//*[@id="base_box"]/div/div[3]/form/button
[2021-03-17 05:30:19]cl_getDriver.py(72): Open NewTab->https://kabuoji3.com/stock/3524/1991/
[2021-03-17 05:30:19]cl_getDriver.py(127): click_Success->//*[@id="base_box"]/div/div[3]/form/button
[2021-03-17 05:30:19]cl_getDriver.py(72): Open NewTab->https://kabuoji3.com/stock/3529/2001/
[2021-03-17 05:30:20]cl_getDriver.py(127): click_Success->//*[@id="base_box"]/div/div[3]/form/button
[2021-03-17 05:30:21]cl_getDriver.py(127): click_Success->//*[@id="base_box"]/div/div[3]/form/button
[2021-03-17 05:30:23]cl_getDriver.py(127): click_Success->//*[@id="base_box"]/div/div[3]/form/button
[2021-03-17 05:30:23]cl_getDriver.py(72): Open NewTab->https://kabuoji3.com/stock/3524/1990/
[2021-03-17 05:30:23]cl_getDriver.py(127): click_Success->//*[@id="base_box"]/div/div[3]/form/button
[2021-03-17 05:30:24]cl_getDriver.py(72): Open NewTab->https://kabuoji3.com/stock/3529/2000/
[2021-03-17 05:30:24]cl_getDriver.py(127): click_Success->//*[@id="base_box"]/div/div[3]/form/button
[2021-03-17 05:30:25]cl_getDriver.py(127): click_Success->//*[@id="base_box"]/div/div[3]/form/button
[2021-03-17 05:30:27]cl_getDriver.py(127): click_Success->//*[@id="base_box"]/div/div[3]/form/button
[2021-03-17 05:30:27]cl_getDriver.py(127): click_Success->//*[@id="base_box"]/div/div[3]/form/button
[2021-03-17 05:30:27]cl_getDriver.py(72): Open NewTab->https://kabuoji3.com/stock/3524/1989/
[2021-03-17 05:30:28]cl_getDriver.py(72): Open NewTab->https://kabuoji3.com/stock/3529/1999/
[2021-03-17 05:30:29]cl_getDriver.py(127): click_Success->//*[@id="base_box"]/div/div[3]/form/button
[2021-03-17 05:30:29]cl_getDriver.py(127): click_Success->//*[@id="base_box"]/div/div[3]/form/button
[2021-03-17 05:30:31]cl_getDriver.py(127): click_Success->//*[@id="base_box"]/div/div[3]/form/button
[2021-03-17 05:30:31]cl_getDriver.py(127): click_Success->//*[@id="base_box"]/div/div[3]/form/button
[2021-03-17 05:30:32]cl_getDriver.py(72): Open NewTab->https://kabuoji3.com/stock/3524/1988/
[2021-03-17 05:30:32]cl_getDriver.py(72): Open NewTab->https://kabuoji3.com/stock/3529/1998/
[2021-03-17 05:30:33]cl_getDriver.py(127): click_Success->//*[@id="base_box"]/div/div[3]/form/button
[2021-03-17 05:30:33]cl_getDriver.py(127): click_Success->//*[@id="base_box"]/div/div[3]/form/button
[2021-03-17 05:30:35]cl_getDriver.py(127): click_Success->//*[@id="base_box"]/div/div[3]/form/button
[2021-03-17 05:30:35]cl_getDriver.py(127): click_Success->//*[@id="base_box"]/div/div[3]/form/button
[2021-03-17 05:30:36]cl_getDriver.py(72): Open NewTab->https://kabuoji3.com/stock/3524/1987/
[2021-03-17 05:30:36]cl_getDriver.py(72): Open NewTab->https://kabuoji3.com/stock/3529/1997/
[2021-03-17 05:30:37]cl_getDriver.py(127): click_Success->//*[@id="base_box"]/div/div[3]/form/button
[2021-03-17 05:30:37]cl_getDriver.py(127): click_Success->//*[@id="base_box"]/div/div[3]/form/button
[2021-03-17 05:30:40]cl_getDriver.py(127): click_Success->//*[@id="base_box"]/div/div[3]/form/button
[2021-03-17 05:30:40]cl_getDriver.py(127): click_Success->//*[@id="base_box"]/div/div[3]/form/button
[2021-03-17 05:30:40]cl_getDriver.py(72): Open NewTab->https://kabuoji3.com/stock/3529/1996/
[2021-03-17 05:30:40]cl_getDriver.py(72): Open NewTab->https://kabuoji3.com/stock/3524/1986/
[2021-03-17 05:30:42]cl_getDriver.py(127): click_Success->//*[@id="base_box"]/div/div[3]/form/button
[2021-03-17 05:30:42]cl_getDriver.py(127): click_Success->//*[@id="base_box"]/div/div[3]/form/button
[2021-03-17 05:30:44]cl_getDriver.py(127): click_Success->//*[@id="base_box"]/div/div[3]/form/button
[2021-03-17 05:30:44]cl_getDriver.py(127): click_Success->//*[@id="base_box"]/div/div[3]/form/button
[2021-03-17 05:30:45]cl_getDriver.py(72): Open NewTab->https://kabuoji3.com/stock/3524/1985/
[2021-03-17 05:30:45]cl_getDriver.py(72): Open NewTab->https://kabuoji3.com/stock/3529/1995/
[2021-03-17 05:30:46]cl_getDriver.py(127): click_Success->//*[@id="base_box"]/div/div[3]/form/button
[2021-03-17 05:30:46]cl_getDriver.py(127): click_Success->//*[@id="base_box"]/div/div[3]/form/button
[2021-03-17 05:30:49]cl_getDriver.py(127): click_Success->//*[@id="base_box"]/div/div[3]/form/button
[2021-03-17 05:30:49]cl_getDriver.py(127): click_Success->//*[@id="base_box"]/div/div[3]/form/button
[2021-03-17 05:30:49]cl_getDriver.py(72): Open NewTab->https://kabuoji3.com/stock/3529/1994/
[2021-03-17 05:30:49]cl_getDriver.py(72): Open NewTab->https://kabuoji3.com/stock/3524/1984/
[2021-03-17 05:30:51]cl_getDriver.py(127): click_Success->//*[@id="base_box"]/div/div[3]/form/button
[2021-03-17 05:30:51]cl_getDriver.py(127): click_Success->//*[@id="base_box"]/div/div[3]/form/button
[2021-03-17 05:30:53]cl_getDriver.py(127): click_Success->//*[@id="base_box"]/div/div[3]/form/button
[2021-03-17 05:30:53]cl_getDriver.py(127): click_Success->//*[@id="base_box"]/div/div[3]/form/button
[2021-03-17 05:30:54]cl_getDriver.py(72): Open NewTab->https://kabuoji3.com/stock/3524/1983/
[2021-03-17 05:30:54]cl_getDriver.py(72): Open NewTab->https://kabuoji3.com/stock/3529/1993/
[2021-03-17 05:30:55]cl_getDriver.py(127): click_Success->//*[@id="base_box"]/div/div[3]/form/button
[2021-03-17 05:30:55]cl_getDriver.py(127): click_Success->//*[@id="base_box"]/div/div[3]/form/button
[2021-03-17 05:30:57]cl_getDriver.py(127): click_Success->//*[@id="base_box"]/div/div[3]/form/button
[2021-03-17 05:30:57]cl_getDriver.py(72): Open NewTab->https://kabuoji3.com/stock/3529/1992/
[2021-03-17 05:30:58]cl_getDriver.py(127): click_Success->//*[@id="base_box"]/div/div[3]/form/button
[2021-03-17 05:30:59]cl_getDriver.py(127): click_Success->//*[@id="base_box"]/div/div[3]/form/button
[2021-03-17 05:31:01]cl_getDriver.py(127): click_Success->//*[@id="base_box"]/div/div[3]/form/button
[2021-03-17 05:31:01]cl_getDriver.py(72): Open NewTab->https://kabuoji3.com/stock/3529/1991/
[2021-03-17 05:31:02]main.py(42): finished Process->https://kabuoji3.com/stock/3524/
[2021-03-17 05:31:02]main.py(15): start_Process->https://kabuoji3.com/stock/3551/
[2021-03-17 05:31:02]cl_getDriver.py(127): click_Success->//*[@id="base_box"]/div/div[3]/form/button
[2021-03-17 05:31:04]cl_getDriver.py(127): click_Success->//*[@id="base_box"]/div/div[3]/form/button
[2021-03-17 05:31:05]cl_getDriver.py(72): Open NewTab->https://kabuoji3.com/stock/3529/1990/
[2021-03-17 05:31:06]cl_getDriver.py(127): click_Success->//*[@id="base_box"]/div/div[3]/form/button
[2021-03-17 05:31:07]cl_getDriver.py(64): getURL=https://kabuoji3.com/stock/3551/
[2021-03-17 05:31:07]cl_getDriver.py(72): Open NewTab->https://kabuoji3.com/stock/3551/
[2021-03-17 05:31:08]cl_getDriver.py(130): Not Found->//*[@id="base_box"]/div/div[3]/form/button
[2021-03-17 05:31:08]cl_getDriver.py(127): click_Success->//*[@id="base_box"]/div/div[3]/form/button
[2021-03-17 05:31:09]cl_getDriver.py(72): Open NewTab->https://kabuoji3.com/stock/3529/1989/
[2021-03-17 05:31:09]cl_getDriver.py(127): click_Success->//*[@id="base_box"]/div/div[3]/form/button
[2021-03-17 05:31:10]cl_getDriver.py(130): Not Found->//*[@id="base_box"]/div/div[3]/form/button
[2021-03-17 05:31:10]cl_getDriver.py(72): Open NewTab->https://kabuoji3.com/stock/3551/2021/
[2021-03-17 05:31:11]cl_getDriver.py(127): click_Success->//*[@id="base_box"]/div/div[3]/form/button
[2021-03-17 05:31:12]cl_getDriver.py(127): click_Success->//*[@id="base_box"]/div/div[3]/form/button
[2021-03-17 05:31:12]cl_getDriver.py(72): Open NewTab->https://kabuoji3.com/stock/3529/1988/
[2021-03-17 05:31:13]cl_getDriver.py(127): click_Success->//*[@id="base_box"]/div/div[3]/form/button
[2021-03-17 05:31:14]cl_getDriver.py(127): click_Success->//*[@id="base_box"]/div/div[3]/form/button
[2021-03-17 05:31:14]cl_getDriver.py(72): Open NewTab->https://kabuoji3.com/stock/3551/2020/
[2021-03-17 05:31:15]cl_getDriver.py(127): click_Success->//*[@id="base_box"]/div/div[3]/form/button
[2021-03-17 05:31:15]cl_getDriver.py(127): click_Success->//*[@id="base_box"]/div/div[3]/form/button
[2021-03-17 05:31:16]cl_getDriver.py(72): Open NewTab->https://kabuoji3.com/stock/3529/1987/
[2021-03-17 05:31:17]cl_getDriver.py(127): click_Success->//*[@id="base_box"]/div/div[3]/form/button
[2021-03-17 05:31:17]cl_getDriver.py(127): click_Success->//*[@id="base_box"]/div/div[3]/form/button
[2021-03-17 05:31:18]cl_getDriver.py(72): Open NewTab->https://kabuoji3.com/stock/3551/2019/
[2021-03-17 05:31:19]cl_getDriver.py(127): click_Success->//*[@id="base_box"]/div/div[3]/form/button
[2021-03-17 05:31:19]cl_getDriver.py(127): click_Success->//*[@id="base_box"]/div/div[3]/form/button
[2021-03-17 05:31:19]cl_getDriver.py(72): Open NewTab->https://kabuoji3.com/stock/3529/1986/
[2021-03-17 05:31:21]cl_getDriver.py(127): click_Success->//*[@id="base_box"]/div/div[3]/form/button
[2021-03-17 05:31:21]cl_getDriver.py(127): click_Success->//*[@id="base_box"]/div/div[3]/form/button
[2021-03-17 05:31:21]cl_getDriver.py(72): Open NewTab->https://kabuoji3.com/stock/3551/2018/
[2021-03-17 05:31:23]cl_getDriver.py(127): click_Success->//*[@id="base_box"]/div/div[3]/form/button
[2021-03-17 05:31:23]cl_getDriver.py(127): click_Success->//*[@id="base_box"]/div/div[3]/form/button
[2021-03-17 05:31:23]cl_getDriver.py(72): Open NewTab->https://kabuoji3.com/stock/3529/1985/
[2021-03-17 05:31:24]cl_getDriver.py(127): click_Success->//*[@id="base_box"]/div/div[3]/form/button
[2021-03-17 05:31:25]cl_getDriver.py(127): click_Success->//*[@id="base_box"]/div/div[3]/form/button
[2021-03-17 05:31:25]cl_getDriver.py(72): Open NewTab->https://kabuoji3.com/stock/3551/2017/
[2021-03-17 05:31:26]cl_getDriver.py(127): click_Success->//*[@id="base_box"]/div/div[3]/form/button
[2021-03-17 05:31:26]cl_getDriver.py(127): click_Success->//*[@id="base_box"]/div/div[3]/form/button
[2021-03-17 05:31:27]cl_getDriver.py(72): Open NewTab->https://kabuoji3.com/stock/3529/1984/
[2021-03-17 05:31:28]cl_getDriver.py(127): click_Success->//*[@id="base_box"]/div/div[3]/form/button
[2021-03-17 05:31:29]cl_getDriver.py(127): click_Success->//*[@id="base_box"]/div/div[3]/form/button
[2021-03-17 05:31:29]cl_getDriver.py(72): Open NewTab->https://kabuoji3.com/stock/3551/2016/
[2021-03-17 05:31:30]cl_getDriver.py(127): click_Success->//*[@id="base_box"]/div/div[3]/form/button
[2021-03-17 05:31:30]cl_getDriver.py(127): click_Success->//*[@id="base_box"]/div/div[3]/form/button
[2021-03-17 05:31:31]cl_getDriver.py(72): Open NewTab->https://kabuoji3.com/stock/3529/1983/
[2021-03-17 05:31:32]cl_getDriver.py(127): click_Success->//*[@id="base_box"]/div/div[3]/form/button
[2021-03-17 05:31:32]cl_getDriver.py(127): click_Success->//*[@id="base_box"]/div/div[3]/form/button
[2021-03-17 05:31:33]cl_getDriver.py(72): Open NewTab->https://kabuoji3.com/stock/3551/2015/
[2021-03-17 05:31:33]cl_getDriver.py(127): click_Success->//*[@id="base_box"]/div/div[3]/form/button
[2021-03-17 05:31:34]cl_getDriver.py(127): click_Success->//*[@id="base_box"]/div/div[3]/form/button
[2021-03-17 05:31:36]cl_getDriver.py(127): click_Success->//*[@id="base_box"]/div/div[3]/form/button
[2021-03-17 05:31:36]cl_getDriver.py(72): Open NewTab->https://kabuoji3.com/stock/3551/2014/
[2021-03-17 05:31:37]cl_getDriver.py(127): click_Success->//*[@id="base_box"]/div/div[3]/form/button
[2021-03-17 05:31:38]main.py(42): finished Process->https://kabuoji3.com/stock/3529/
[2021-03-17 05:31:38]main.py(15): start_Process->https://kabuoji3.com/stock/3553/
[2021-03-17 05:31:39]cl_getDriver.py(127): click_Success->//*[@id="base_box"]/div/div[3]/form/button
[2021-03-17 05:31:39]cl_getDriver.py(72): Open NewTab->https://kabuoji3.com/stock/3551/2013/
[2021-03-17 05:31:41]cl_getDriver.py(127): click_Success->//*[@id="base_box"]/div/div[3]/form/button
[2021-03-17 05:31:43]cl_getDriver.py(127): click_Success->//*[@id="base_box"]/div/div[3]/form/button
[2021-03-17 05:31:44]cl_getDriver.py(72): Open NewTab->https://kabuoji3.com/stock/3551/2012/
[2021-03-17 05:31:44]cl_getDriver.py(64): getURL=https://kabuoji3.com/stock/3553/
[2021-03-17 05:31:45]cl_getDriver.py(72): Open NewTab->https://kabuoji3.com/stock/3553/
[2021-03-17 05:31:45]cl_getDriver.py(127): click_Success->//*[@id="base_box"]/div/div[3]/form/button
[2021-03-17 05:31:45]cl_getDriver.py(130): Not Found->//*[@id="base_box"]/div/div[3]/form/button
[2021-03-17 05:31:47]cl_getDriver.py(127): click_Success->//*[@id="base_box"]/div/div[3]/form/button
[2021-03-17 05:31:47]cl_getDriver.py(72): Open NewTab->https://kabuoji3.com/stock/3551/2011/
[2021-03-17 05:31:47]cl_getDriver.py(130): Not Found->//*[@id="base_box"]/div/div[3]/form/button
[2021-03-17 05:31:48]cl_getDriver.py(72): Open NewTab->https://kabuoji3.com/stock/3553/2021/
[2021-03-17 05:31:49]cl_getDriver.py(127): click_Success->//*[@id="base_box"]/div/div[3]/form/button
[2021-03-17 05:31:49]cl_getDriver.py(127): click_Success->//*[@id="base_box"]/div/div[3]/form/button
[2021-03-17 05:31:51]cl_getDriver.py(127): click_Success->//*[@id="base_box"]/div/div[3]/form/button
[2021-03-17 05:31:51]cl_getDriver.py(127): click_Success->//*[@id="base_box"]/div/div[3]/form/button
[2021-03-17 05:31:52]cl_getDriver.py(72): Open NewTab->https://kabuoji3.com/stock/3553/2020/
[2021-03-17 05:31:52]cl_getDriver.py(72): Open NewTab->https://kabuoji3.com/stock/3551/2010/
[2021-03-17 05:31:53]cl_getDriver.py(127): click_Success->//*[@id="base_box"]/div/div[3]/form/button
[2021-03-17 05:31:53]cl_getDriver.py(127): click_Success->//*[@id="base_box"]/div/div[3]/form/button
[2021-03-17 05:31:56]cl_getDriver.py(127): click_Success->//*[@id="base_box"]/div/div[3]/form/button
[2021-03-17 05:31:56]cl_getDriver.py(127): click_Success->//*[@id="base_box"]/div/div[3]/form/button
[2021-03-17 05:31:56]cl_getDriver.py(72): Open NewTab->https://kabuoji3.com/stock/3553/2019/
[2021-03-17 05:31:56]cl_getDriver.py(72): Open NewTab->https://kabuoji3.com/stock/3551/2009/
[2021-03-17 05:31:57]cl_getDriver.py(127): click_Success->//*[@id="base_box"]/div/div[3]/form/button
[2021-03-17 05:31:58]cl_getDriver.py(127): click_Success->//*[@id="base_box"]/div/div[3]/form/button
[2021-03-17 05:32:00]cl_getDriver.py(127): click_Success->//*[@id="base_box"]/div/div[3]/form/button
[2021-03-17 05:32:00]cl_getDriver.py(127): click_Success->//*[@id="base_box"]/div/div[3]/form/button
[2021-03-17 05:32:00]cl_getDriver.py(72): Open NewTab->https://kabuoji3.com/stock/3553/2018/
[2021-03-17 05:32:01]cl_getDriver.py(72): Open NewTab->https://kabuoji3.com/stock/3551/2008/
[2021-03-17 05:32:02]cl_getDriver.py(127): click_Success->//*[@id="base_box"]/div/div[3]/form/button
[2021-03-17 05:32:02]cl_getDriver.py(127): click_Success->//*[@id="base_box"]/div/div[3]/form/button
[2021-03-17 05:32:04]cl_getDriver.py(127): click_Success->//*[@id="base_box"]/div/div[3]/form/button
[2021-03-17 05:32:04]cl_getDriver.py(127): click_Success->//*[@id="base_box"]/div/div[3]/form/button
[2021-03-17 05:32:04]cl_getDriver.py(72): Open NewTab->https://kabuoji3.com/stock/3553/2017/
[2021-03-17 05:32:05]cl_getDriver.py(72): Open NewTab->https://kabuoji3.com/stock/3551/2007/
[2021-03-17 05:32:06]cl_getDriver.py(127): click_Success->//*[@id="base_box"]/div/div[3]/form/button
[2021-03-17 05:32:06]cl_getDriver.py(127): click_Success->//*[@id="base_box"]/div/div[3]/form/button
[2021-03-17 05:32:09]cl_getDriver.py(127): click_Success->//*[@id="base_box"]/div/div[3]/form/button
[2021-03-17 05:32:09]cl_getDriver.py(127): click_Success->//*[@id="base_box"]/div/div[3]/form/button
[2021-03-17 05:32:09]cl_getDriver.py(72): Open NewTab->https://kabuoji3.com/stock/3553/2016/
[2021-03-17 05:32:09]cl_getDriver.py(72): Open NewTab->https://kabuoji3.com/stock/3551/2006/
[2021-03-17 05:32:11]cl_getDriver.py(127): click_Success->//*[@id="base_box"]/div/div[3]/form/button
[2021-03-17 05:32:11]cl_getDriver.py(127): click_Success->//*[@id="base_box"]/div/div[3]/form/button
[2021-03-17 05:32:13]cl_getDriver.py(127): click_Success->//*[@id="base_box"]/div/div[3]/form/button
[2021-03-17 05:32:13]cl_getDriver.py(127): click_Success->//*[@id="base_box"]/div/div[3]/form/button
[2021-03-17 05:32:14]cl_getDriver.py(72): Open NewTab->https://kabuoji3.com/stock/3553/2015/
[2021-03-17 05:32:14]cl_getDriver.py(72): Open NewTab->https://kabuoji3.com/stock/3551/2005/
[2021-03-17 05:32:15]cl_getDriver.py(127): click_Success->//*[@id="base_box"]/div/div[3]/form/button
[2021-03-17 05:32:15]cl_getDriver.py(127): click_Success->//*[@id="base_box"]/div/div[3]/form/button
[2021-03-17 05:32:17]cl_getDriver.py(127): click_Success->//*[@id="base_box"]/div/div[3]/form/button
[2021-03-17 05:32:17]cl_getDriver.py(127): click_Success->//*[@id="base_box"]/div/div[3]/form/button
[2021-03-17 05:32:18]cl_getDriver.py(72): Open NewTab->https://kabuoji3.com/stock/3553/2014/
[2021-03-17 05:32:18]cl_getDriver.py(72): Open NewTab->https://kabuoji3.com/stock/3551/2004/
[2021-03-17 05:32:19]cl_getDriver.py(127): click_Success->//*[@id="base_box"]/div/div[3]/form/button
[2021-03-17 05:32:19]cl_getDriver.py(127): click_Success->//*[@id="base_box"]/div/div[3]/form/button
[2021-03-17 05:32:21]cl_getDriver.py(127): click_Success->//*[@id="base_box"]/div/div[3]/form/button
[2021-03-17 05:32:22]cl_getDriver.py(127): click_Success->//*[@id="base_box"]/div/div[3]/form/button
[2021-03-17 05:32:22]cl_getDriver.py(72): Open NewTab->https://kabuoji3.com/stock/3553/2013/
[2021-03-17 05:32:22]cl_getDriver.py(72): Open NewTab->https://kabuoji3.com/stock/3551/2003/
[2021-03-17 05:32:23]cl_getDriver.py(127): click_Success->//*[@id="base_box"]/div/div[3]/form/button
[2021-03-17 05:32:24]cl_getDriver.py(127): click_Success->//*[@id="base_box"]/div/div[3]/form/button
[2021-03-17 05:32:26]cl_getDriver.py(127): click_Success->//*[@id="base_box"]/div/div[3]/form/button
[2021-03-17 05:32:26]cl_getDriver.py(72): Open NewTab->https://kabuoji3.com/stock/3551/2002/
[2021-03-17 05:32:26]cl_getDriver.py(127): click_Success->//*[@id="base_box"]/div/div[3]/form/button
[2021-03-17 05:32:27]cl_getDriver.py(72): Open NewTab->https://kabuoji3.com/stock/3553/2012/
[2021-03-17 05:32:28]cl_getDriver.py(127): click_Success->//*[@id="base_box"]/div/div[3]/form/button
[2021-03-17 05:32:28]cl_getDriver.py(127): click_Success->//*[@id="base_box"]/div/div[3]/form/button
[2021-03-17 05:32:30]cl_getDriver.py(127): click_Success->//*[@id="base_box"]/div/div[3]/form/button
[2021-03-17 05:32:31]cl_getDriver.py(72): Open NewTab->https://kabuoji3.com/stock/3551/2001/
[2021-03-17 05:32:31]cl_getDriver.py(127): click_Success->//*[@id="base_box"]/div/div[3]/form/button
[2021-03-17 05:32:31]cl_getDriver.py(72): Open NewTab->https://kabuoji3.com/stock/3553/2011/
[2021-03-17 05:32:32]cl_getDriver.py(127): click_Success->//*[@id="base_box"]/div/div[3]/form/button
[2021-03-17 05:32:32]cl_getDriver.py(127): click_Success->//*[@id="base_box"]/div/div[3]/form/button
[2021-03-17 05:32:34]cl_getDriver.py(127): click_Success->//*[@id="base_box"]/div/div[3]/form/button
[2021-03-17 05:32:35]cl_getDriver.py(127): click_Success->//*[@id="base_box"]/div/div[3]/form/button
[2021-03-17 05:32:35]cl_getDriver.py(72): Open NewTab->https://kabuoji3.com/stock/3551/2000/
[2021-03-17 05:32:35]cl_getDriver.py(72): Open NewTab->https://kabuoji3.com/stock/3553/2010/
[2021-03-17 05:32:36]cl_getDriver.py(127): click_Success->//*[@id="base_box"]/div/div[3]/form/button
[2021-03-17 05:32:37]cl_getDriver.py(127): click_Success->//*[@id="base_box"]/div/div[3]/form/button
[2021-03-17 05:32:39]cl_getDriver.py(127): click_Success->//*[@id="base_box"]/div/div[3]/form/button
[2021-03-17 05:32:39]cl_getDriver.py(127): click_Success->//*[@id="base_box"]/div/div[3]/form/button
[2021-03-17 05:32:39]cl_getDriver.py(72): Open NewTab->https://kabuoji3.com/stock/3553/2009/
[2021-03-17 05:32:39]cl_getDriver.py(72): Open NewTab->https://kabuoji3.com/stock/3551/1999/
[2021-03-17 05:32:41]cl_getDriver.py(127): click_Success->//*[@id="base_box"]/div/div[3]/form/button
[2021-03-17 05:32:41]cl_getDriver.py(127): click_Success->//*[@id="base_box"]/div/div[3]/form/button
[2021-03-17 05:32:43]cl_getDriver.py(127): click_Success->//*[@id="base_box"]/div/div[3]/form/button
[2021-03-17 05:32:43]cl_getDriver.py(127): click_Success->//*[@id="base_box"]/div/div[3]/form/button
[2021-03-17 05:32:44]cl_getDriver.py(72): Open NewTab->https://kabuoji3.com/stock/3553/2008/
[2021-03-17 05:32:44]cl_getDriver.py(72): Open NewTab->https://kabuoji3.com/stock/3551/1998/
[2021-03-17 05:32:45]cl_getDriver.py(127): click_Success->//*[@id="base_box"]/div/div[3]/form/button
[2021-03-17 05:32:45]cl_getDriver.py(127): click_Success->//*[@id="base_box"]/div/div[3]/form/button
[2021-03-17 05:32:47]cl_getDriver.py(127): click_Success->//*[@id="base_box"]/div/div[3]/form/button
[2021-03-17 05:32:48]cl_getDriver.py(127): click_Success->//*[@id="base_box"]/div/div[3]/form/button
[2021-03-17 05:32:48]cl_getDriver.py(72): Open NewTab->https://kabuoji3.com/stock/3551/1997/
[2021-03-17 05:32:48]cl_getDriver.py(72): Open NewTab->https://kabuoji3.com/stock/3553/2007/
[2021-03-17 05:32:50]cl_getDriver.py(127): click_Success->//*[@id="base_box"]/div/div[3]/form/button
[2021-03-17 05:32:50]cl_getDriver.py(127): click_Success->//*[@id="base_box"]/div/div[3]/form/button
[2021-03-17 05:32:52]cl_getDriver.py(127): click_Success->//*[@id="base_box"]/div/div[3]/form/button
[2021-03-17 05:32:52]cl_getDriver.py(127): click_Success->//*[@id="base_box"]/div/div[3]/form/button
[2021-03-17 05:32:53]cl_getDriver.py(72): Open NewTab->https://kabuoji3.com/stock/3551/1996/
[2021-03-17 05:32:53]cl_getDriver.py(72): Open NewTab->https://kabuoji3.com/stock/3553/2006/
[2021-03-17 05:32:54]cl_getDriver.py(127): click_Success->//*[@id="base_box"]/div/div[3]/form/button
[2021-03-17 05:32:54]cl_getDriver.py(127): click_Success->//*[@id="base_box"]/div/div[3]/form/button
[2021-03-17 05:32:56]cl_getDriver.py(127): click_Success->//*[@id="base_box"]/div/div[3]/form/button
[2021-03-17 05:32:56]cl_getDriver.py(127): click_Success->//*[@id="base_box"]/div/div[3]/form/button
[2021-03-17 05:32:57]cl_getDriver.py(72): Open NewTab->https://kabuoji3.com/stock/3553/2005/
[2021-03-17 05:32:57]cl_getDriver.py(72): Open NewTab->https://kabuoji3.com/stock/3551/1995/
[2021-03-17 05:32:58]cl_getDriver.py(127): click_Success->//*[@id="base_box"]/div/div[3]/form/button
[2021-03-17 05:32:58]cl_getDriver.py(127): click_Success->//*[@id="base_box"]/div/div[3]/form/button
[2021-03-17 05:33:01]cl_getDriver.py(127): click_Success->//*[@id="base_box"]/div/div[3]/form/button
[2021-03-17 05:33:01]cl_getDriver.py(127): click_Success->//*[@id="base_box"]/div/div[3]/form/button
[2021-03-17 05:33:01]cl_getDriver.py(72): Open NewTab->https://kabuoji3.com/stock/3553/2004/
[2021-03-17 05:33:01]cl_getDriver.py(72): Open NewTab->https://kabuoji3.com/stock/3551/1994/
[2021-03-17 05:33:03]cl_getDriver.py(127): click_Success->//*[@id="base_box"]/div/div[3]/form/button
[2021-03-17 05:33:03]cl_getDriver.py(127): click_Success->//*[@id="base_box"]/div/div[3]/form/button
[2021-03-17 05:33:05]cl_getDriver.py(127): click_Success->//*[@id="base_box"]/div/div[3]/form/button
[2021-03-17 05:33:05]cl_getDriver.py(72): Open NewTab->https://kabuoji3.com/stock/3551/1993/
[2021-03-17 05:33:06]cl_getDriver.py(127): click_Success->//*[@id="base_box"]/div/div[3]/form/button
[2021-03-17 05:33:08]cl_getDriver.py(127): click_Success->//*[@id="base_box"]/div/div[3]/form/button
[2021-03-17 05:33:08]cl_getDriver.py(72): Open NewTab->https://kabuoji3.com/stock/3553/2003/
[2021-03-17 05:33:09]cl_getDriver.py(127): click_Success->//*[@id="base_box"]/div/div[3]/form/button
[2021-03-17 05:33:09]cl_getDriver.py(72): Open NewTab->https://kabuoji3.com/stock/3551/1992/
[2021-03-17 05:33:10]cl_getDriver.py(127): click_Success->//*[@id="base_box"]/div/div[3]/form/button
[2021-03-17 05:33:10]cl_getDriver.py(127): click_Success->//*[@id="base_box"]/div/div[3]/form/button
[2021-03-17 05:33:12]cl_getDriver.py(127): click_Success->//*[@id="base_box"]/div/div[3]/form/button
[2021-03-17 05:33:13]cl_getDriver.py(72): Open NewTab->https://kabuoji3.com/stock/3553/2002/
[2021-03-17 05:33:13]cl_getDriver.py(127): click_Success->//*[@id="base_box"]/div/div[3]/form/button
[2021-03-17 05:33:13]cl_getDriver.py(72): Open NewTab->https://kabuoji3.com/stock/3551/1991/
[2021-03-17 05:33:14]cl_getDriver.py(127): click_Success->//*[@id="base_box"]/div/div[3]/form/button
[2021-03-17 05:33:14]cl_getDriver.py(127): click_Success->//*[@id="base_box"]/div/div[3]/form/button
[2021-03-17 05:33:16]cl_getDriver.py(127): click_Success->//*[@id="base_box"]/div/div[3]/form/button
[2021-03-17 05:33:17]cl_getDriver.py(72): Open NewTab->https://kabuoji3.com/stock/3553/2001/
[2021-03-17 05:33:17]cl_getDriver.py(127): click_Success->//*[@id="base_box"]/div/div[3]/form/button
[2021-03-17 05:33:17]cl_getDriver.py(72): Open NewTab->https://kabuoji3.com/stock/3551/1990/
[2021-03-17 05:33:18]cl_getDriver.py(127): click_Success->//*[@id="base_box"]/div/div[3]/form/button
[2021-03-17 05:33:18]cl_getDriver.py(127): click_Success->//*[@id="base_box"]/div/div[3]/form/button
[2021-03-17 05:33:20]cl_getDriver.py(127): click_Success->//*[@id="base_box"]/div/div[3]/form/button
[2021-03-17 05:33:21]cl_getDriver.py(127): click_Success->//*[@id="base_box"]/div/div[3]/form/button
[2021-03-17 05:33:21]cl_getDriver.py(72): Open NewTab->https://kabuoji3.com/stock/3553/2000/
[2021-03-17 05:33:21]cl_getDriver.py(72): Open NewTab->https://kabuoji3.com/stock/3551/1989/
[2021-03-17 05:33:22]cl_getDriver.py(127): click_Success->//*[@id="base_box"]/div/div[3]/form/button
[2021-03-17 05:33:22]cl_getDriver.py(127): click_Success->//*[@id="base_box"]/div/div[3]/form/button
[2021-03-17 05:33:24]cl_getDriver.py(127): click_Success->//*[@id="base_box"]/div/div[3]/form/button
[2021-03-17 05:33:25]cl_getDriver.py(72): Open NewTab->https://kabuoji3.com/stock/3553/1999/
[2021-03-17 05:33:25]cl_getDriver.py(127): click_Success->//*[@id="base_box"]/div/div[3]/form/button
[2021-03-17 05:33:25]cl_getDriver.py(72): Open NewTab->https://kabuoji3.com/stock/3551/1988/
[2021-03-17 05:33:26]cl_getDriver.py(127): click_Success->//*[@id="base_box"]/div/div[3]/form/button
[2021-03-17 05:33:27]cl_getDriver.py(127): click_Success->//*[@id="base_box"]/div/div[3]/form/button
[2021-03-17 05:33:28]cl_getDriver.py(127): click_Success->//*[@id="base_box"]/div/div[3]/form/button
[2021-03-17 05:33:29]cl_getDriver.py(72): Open NewTab->https://kabuoji3.com/stock/3553/1998/
[2021-03-17 05:33:29]cl_getDriver.py(127): click_Success->//*[@id="base_box"]/div/div[3]/form/button
[2021-03-17 05:33:29]cl_getDriver.py(72): Open NewTab->https://kabuoji3.com/stock/3551/1987/
[2021-03-17 05:33:30]cl_getDriver.py(127): click_Success->//*[@id="base_box"]/div/div[3]/form/button
[2021-03-17 05:33:31]cl_getDriver.py(127): click_Success->//*[@id="base_box"]/div/div[3]/form/button
[2021-03-17 05:33:32]cl_getDriver.py(127): click_Success->//*[@id="base_box"]/div/div[3]/form/button
[2021-03-17 05:33:33]cl_getDriver.py(72): Open NewTab->https://kabuoji3.com/stock/3553/1997/
[2021-03-17 05:33:33]cl_getDriver.py(127): click_Success->//*[@id="base_box"]/div/div[3]/form/button
[2021-03-17 05:33:33]cl_getDriver.py(72): Open NewTab->https://kabuoji3.com/stock/3551/1986/
[2021-03-17 05:33:34]cl_getDriver.py(127): click_Success->//*[@id="base_box"]/div/div[3]/form/button
[2021-03-17 05:33:35]cl_getDriver.py(127): click_Success->//*[@id="base_box"]/div/div[3]/form/button
[2021-03-17 05:33:36]cl_getDriver.py(127): click_Success->//*[@id="base_box"]/div/div[3]/form/button
[2021-03-17 05:33:37]cl_getDriver.py(72): Open NewTab->https://kabuoji3.com/stock/3553/1996/
[2021-03-17 05:33:37]cl_getDriver.py(127): click_Success->//*[@id="base_box"]/div/div[3]/form/button
[2021-03-17 05:33:37]cl_getDriver.py(72): Open NewTab->https://kabuoji3.com/stock/3551/1985/
[2021-03-17 05:33:38]cl_getDriver.py(127): click_Success->//*[@id="base_box"]/div/div[3]/form/button
[2021-03-17 05:33:39]cl_getDriver.py(127): click_Success->//*[@id="base_box"]/div/div[3]/form/button
[2021-03-17 05:33:40]cl_getDriver.py(127): click_Success->//*[@id="base_box"]/div/div[3]/form/button
[2021-03-17 05:33:41]cl_getDriver.py(72): Open NewTab->https://kabuoji3.com/stock/3553/1995/
[2021-03-17 05:33:41]cl_getDriver.py(127): click_Success->//*[@id="base_box"]/div/div[3]/form/button
[2021-03-17 05:33:41]cl_getDriver.py(72): Open NewTab->https://kabuoji3.com/stock/3551/1984/
[2021-03-17 05:33:42]cl_getDriver.py(127): click_Success->//*[@id="base_box"]/div/div[3]/form/button
[2021-03-17 05:33:43]cl_getDriver.py(127): click_Success->//*[@id="base_box"]/div/div[3]/form/button
[2021-03-17 05:33:44]cl_getDriver.py(127): click_Success->//*[@id="base_box"]/div/div[3]/form/button
[2021-03-17 05:33:45]cl_getDriver.py(72): Open NewTab->https://kabuoji3.com/stock/3553/1994/
[2021-03-17 05:33:45]cl_getDriver.py(127): click_Success->//*[@id="base_box"]/div/div[3]/form/button
[2021-03-17 05:33:45]cl_getDriver.py(72): Open NewTab->https://kabuoji3.com/stock/3551/1983/
[2021-03-17 05:33:46]cl_getDriver.py(127): click_Success->//*[@id="base_box"]/div/div[3]/form/button
[2021-03-17 05:33:47]cl_getDriver.py(127): click_Success->//*[@id="base_box"]/div/div[3]/form/button
[2021-03-17 05:33:49]cl_getDriver.py(127): click_Success->//*[@id="base_box"]/div/div[3]/form/button
[2021-03-17 05:33:49]cl_getDriver.py(72): Open NewTab->https://kabuoji3.com/stock/3553/1993/
[2021-03-17 05:33:49]cl_getDriver.py(127): click_Success->//*[@id="base_box"]/div/div[3]/form/button
[2021-03-17 05:33:50]cl_getDriver.py(127): click_Success->//*[@id="base_box"]/div/div[3]/form/button
[2021-03-17 05:33:52]cl_getDriver.py(127): click_Success->//*[@id="base_box"]/div/div[3]/form/button
[2021-03-17 05:33:53]cl_getDriver.py(72): Open NewTab->https://kabuoji3.com/stock/3553/1992/
[2021-03-17 05:33:53]main.py(42): finished Process->https://kabuoji3.com/stock/3551/
[2021-03-17 05:33:53]main.py(15): start_Process->https://kabuoji3.com/stock/3569/
[2021-03-17 05:33:54]cl_getDriver.py(127): click_Success->//*[@id="base_box"]/div/div[3]/form/button
[2021-03-17 05:33:56]cl_getDriver.py(127): click_Success->//*[@id="base_box"]/div/div[3]/form/button
[2021-03-17 05:33:56]cl_getDriver.py(72): Open NewTab->https://kabuoji3.com/stock/3553/1991/
[2021-03-17 05:33:57]cl_getDriver.py(127): click_Success->//*[@id="base_box"]/div/div[3]/form/button
[2021-03-17 05:33:58]cl_getDriver.py(64): getURL=https://kabuoji3.com/stock/3569/
[2021-03-17 05:33:59]cl_getDriver.py(72): Open NewTab->https://kabuoji3.com/stock/3569/
[2021-03-17 05:33:59]cl_getDriver.py(130): Not Found->//*[@id="base_box"]/div/div[3]/form/button
[2021-03-17 05:33:59]cl_getDriver.py(127): click_Success->//*[@id="base_box"]/div/div[3]/form/button
[2021-03-17 05:34:00]cl_getDriver.py(72): Open NewTab->https://kabuoji3.com/stock/3553/1990/
[2021-03-17 05:34:01]cl_getDriver.py(127): click_Success->//*[@id="base_box"]/div/div[3]/form/button
[2021-03-17 05:34:01]cl_getDriver.py(130): Not Found->//*[@id="base_box"]/div/div[3]/form/button
[2021-03-17 05:34:02]cl_getDriver.py(72): Open NewTab->https://kabuoji3.com/stock/3569/2021/
[2021-03-17 05:34:03]cl_getDriver.py(127): click_Success->//*[@id="base_box"]/div/div[3]/form/button
[2021-03-17 05:34:03]cl_getDriver.py(127): click_Success->//*[@id="base_box"]/div/div[3]/form/button
[2021-03-17 05:34:03]cl_getDriver.py(72): Open NewTab->https://kabuoji3.com/stock/3553/1989/
[2021-03-17 05:34:04]cl_getDriver.py(127): click_Success->//*[@id="base_box"]/div/div[3]/form/button
[2021-03-17 05:34:05]cl_getDriver.py(127): click_Success->//*[@id="base_box"]/div/div[3]/form/button
[2021-03-17 05:34:05]cl_getDriver.py(72): Open NewTab->https://kabuoji3.com/stock/3569/2020/
[2021-03-17 05:34:06]cl_getDriver.py(127): click_Success->//*[@id="base_box"]/div/div[3]/form/button
[2021-03-17 05:34:07]cl_getDriver.py(127): click_Success->//*[@id="base_box"]/div/div[3]/form/button
[2021-03-17 05:34:07]cl_getDriver.py(72): Open NewTab->https://kabuoji3.com/stock/3553/1988/
[2021-03-17 05:34:08]cl_getDriver.py(127): click_Success->//*[@id="base_box"]/div/div[3]/form/button
[2021-03-17 05:34:08]cl_getDriver.py(127): click_Success->//*[@id="base_box"]/div/div[3]/form/button
[2021-03-17 05:34:09]cl_getDriver.py(72): Open NewTab->https://kabuoji3.com/stock/3569/2019/
[2021-03-17 05:34:10]cl_getDriver.py(127): click_Success->//*[@id="base_box"]/div/div[3]/form/button
[2021-03-17 05:34:10]cl_getDriver.py(127): click_Success->//*[@id="base_box"]/div/div[3]/form/button
[2021-03-17 05:34:10]cl_getDriver.py(72): Open NewTab->https://kabuoji3.com/stock/3553/1987/
[2021-03-17 05:34:11]cl_getDriver.py(127): click_Success->//*[@id="base_box"]/div/div[3]/form/button
[2021-03-17 05:34:12]cl_getDriver.py(127): click_Success->//*[@id="base_box"]/div/div[3]/form/button
[2021-03-17 05:34:12]cl_getDriver.py(72): Open NewTab->https://kabuoji3.com/stock/3569/2018/
[2021-03-17 05:34:13]cl_getDriver.py(127): click_Success->//*[@id="base_box"]/div/div[3]/form/button
[2021-03-17 05:34:14]cl_getDriver.py(127): click_Success->//*[@id="base_box"]/div/div[3]/form/button
[2021-03-17 05:34:14]cl_getDriver.py(72): Open NewTab->https://kabuoji3.com/stock/3553/1986/
[2021-03-17 05:34:15]cl_getDriver.py(127): click_Success->//*[@id="base_box"]/div/div[3]/form/button
[2021-03-17 05:34:16]cl_getDriver.py(127): click_Success->//*[@id="base_box"]/div/div[3]/form/button
[2021-03-17 05:34:16]cl_getDriver.py(72): Open NewTab->https://kabuoji3.com/stock/3569/2017/
[2021-03-17 05:34:17]cl_getDriver.py(127): click_Success->//*[@id="base_box"]/div/div[3]/form/button
[2021-03-17 05:34:17]cl_getDriver.py(127): click_Success->//*[@id="base_box"]/div/div[3]/form/button
[2021-03-17 05:34:18]cl_getDriver.py(72): Open NewTab->https://kabuoji3.com/stock/3553/1985/
[2021-03-17 05:34:18]cl_getDriver.py(127): click_Success->//*[@id="base_box"]/div/div[3]/form/button
[2021-03-17 05:34:19]cl_getDriver.py(127): click_Success->//*[@id="base_box"]/div/div[3]/form/button
[2021-03-17 05:34:20]cl_getDriver.py(72): Open NewTab->https://kabuoji3.com/stock/3569/2016/
[2021-03-17 05:34:21]cl_getDriver.py(127): click_Success->//*[@id="base_box"]/div/div[3]/form/button
[2021-03-17 05:34:21]cl_getDriver.py(127): click_Success->//*[@id="base_box"]/div/div[3]/form/button
[2021-03-17 05:34:21]cl_getDriver.py(72): Open NewTab->https://kabuoji3.com/stock/3553/1984/
[2021-03-17 05:34:22]cl_getDriver.py(127): click_Success->//*[@id="base_box"]/div/div[3]/form/button
[2021-03-17 05:34:23]cl_getDriver.py(127): click_Success->//*[@id="base_box"]/div/div[3]/form/button
[2021-03-17 05:34:23]cl_getDriver.py(72): Open NewTab->https://kabuoji3.com/stock/3569/2015/
[2021-03-17 05:34:24]cl_getDriver.py(127): click_Success->//*[@id="base_box"]/div/div[3]/form/button
[2021-03-17 05:34:24]cl_getDriver.py(127): click_Success->//*[@id="base_box"]/div/div[3]/form/button
[2021-03-17 05:34:25]cl_getDriver.py(72): Open NewTab->https://kabuoji3.com/stock/3553/1983/
[2021-03-17 05:34:26]cl_getDriver.py(127): click_Success->//*[@id="base_box"]/div/div[3]/form/button
[2021-03-17 05:34:26]cl_getDriver.py(127): click_Success->//*[@id="base_box"]/div/div[3]/form/button
[2021-03-17 05:34:27]cl_getDriver.py(72): Open NewTab->https://kabuoji3.com/stock/3569/2014/
[2021-03-17 05:34:28]cl_getDriver.py(127): click_Success->//*[@id="base_box"]/div/div[3]/form/button
[2021-03-17 05:34:28]cl_getDriver.py(127): click_Success->//*[@id="base_box"]/div/div[3]/form/button
[2021-03-17 05:34:30]cl_getDriver.py(127): click_Success->//*[@id="base_box"]/div/div[3]/form/button
[2021-03-17 05:34:30]cl_getDriver.py(72): Open NewTab->https://kabuoji3.com/stock/3569/2013/
[2021-03-17 05:34:31]cl_getDriver.py(127): click_Success->//*[@id="base_box"]/div/div[3]/form/button
[2021-03-17 05:34:32]main.py(42): finished Process->https://kabuoji3.com/stock/3553/
[2021-03-17 05:34:32]main.py(15): start_Process->https://kabuoji3.com/stock/3571/
[2021-03-17 05:34:33]cl_getDriver.py(127): click_Success->//*[@id="base_box"]/div/div[3]/form/button
[2021-03-17 05:34:34]cl_getDriver.py(72): Open NewTab->https://kabuoji3.com/stock/3569/2012/
[2021-03-17 05:34:35]cl_getDriver.py(127): click_Success->//*[@id="base_box"]/div/div[3]/form/button
[2021-03-17 05:34:37]cl_getDriver.py(127): click_Success->//*[@id="base_box"]/div/div[3]/form/button
[2021-03-17 05:34:38]cl_getDriver.py(72): Open NewTab->https://kabuoji3.com/stock/3569/2011/
[2021-03-17 05:34:39]cl_getDriver.py(127): click_Success->//*[@id="base_box"]/div/div[3]/form/button
[2021-03-17 05:34:39]cl_getDriver.py(64): getURL=https://kabuoji3.com/stock/3571/
[2021-03-17 05:34:40]cl_getDriver.py(72): Open NewTab->https://kabuoji3.com/stock/3571/
[2021-03-17 05:34:40]cl_getDriver.py(130): Not Found->//*[@id="base_box"]/div/div[3]/form/button
[2021-03-17 05:34:41]cl_getDriver.py(127): click_Success->//*[@id="base_box"]/div/div[3]/form/button
[2021-03-17 05:34:42]cl_getDriver.py(72): Open NewTab->https://kabuoji3.com/stock/3569/2010/
[2021-03-17 05:34:42]cl_getDriver.py(130): Not Found->//*[@id="base_box"]/div/div[3]/form/button
[2021-03-17 05:34:43]cl_getDriver.py(72): Open NewTab->https://kabuoji3.com/stock/3571/2021/
[2021-03-17 05:34:43]cl_getDriver.py(127): click_Success->//*[@id="base_box"]/div/div[3]/form/button
[2021-03-17 05:34:44]cl_getDriver.py(127): click_Success->//*[@id="base_box"]/div/div[3]/form/button
[2021-03-17 05:34:45]cl_getDriver.py(127): click_Success->//*[@id="base_box"]/div/div[3]/form/button
[2021-03-17 05:34:46]cl_getDriver.py(72): Open NewTab->https://kabuoji3.com/stock/3569/2009/
[2021-03-17 05:34:46]cl_getDriver.py(127): click_Success->//*[@id="base_box"]/div/div[3]/form/button
[2021-03-17 05:34:46]cl_getDriver.py(72): Open NewTab->https://kabuoji3.com/stock/3571/2020/
[2021-03-17 05:34:47]cl_getDriver.py(127): click_Success->//*[@id="base_box"]/div/div[3]/form/button
[2021-03-17 05:34:48]cl_getDriver.py(127): click_Success->//*[@id="base_box"]/div/div[3]/form/button
[2021-03-17 05:34:50]cl_getDriver.py(127): click_Success->//*[@id="base_box"]/div/div[3]/form/button
[2021-03-17 05:34:50]cl_getDriver.py(72): Open NewTab->https://kabuoji3.com/stock/3569/2008/
[2021-03-17 05:34:50]cl_getDriver.py(127): click_Success->//*[@id="base_box"]/div/div[3]/form/button
[2021-03-17 05:34:51]cl_getDriver.py(72): Open NewTab->https://kabuoji3.com/stock/3571/2019/
[2021-03-17 05:34:51]cl_getDriver.py(127): click_Success->//*[@id="base_box"]/div/div[3]/form/button
[2021-03-17 05:34:52]cl_getDriver.py(127): click_Success->//*[@id="base_box"]/div/div[3]/form/button
[2021-03-17 05:34:54]cl_getDriver.py(127): click_Success->//*[@id="base_box"]/div/div[3]/form/button
[2021-03-17 05:34:54]cl_getDriver.py(72): Open NewTab->https://kabuoji3.com/stock/3569/2007/
[2021-03-17 05:34:54]cl_getDriver.py(127): click_Success->//*[@id="base_box"]/div/div[3]/form/button
[2021-03-17 05:34:55]cl_getDriver.py(72): Open NewTab->https://kabuoji3.com/stock/3571/2018/
[2021-03-17 05:34:55]cl_getDriver.py(127): click_Success->//*[@id="base_box"]/div/div[3]/form/button
[2021-03-17 05:34:56]cl_getDriver.py(127): click_Success->//*[@id="base_box"]/div/div[3]/form/button
[2021-03-17 05:34:58]cl_getDriver.py(127): click_Success->//*[@id="base_box"]/div/div[3]/form/button
[2021-03-17 05:34:58]cl_getDriver.py(72): Open NewTab->https://kabuoji3.com/stock/3569/2006/
[2021-03-17 05:34:58]cl_getDriver.py(127): click_Success->//*[@id="base_box"]/div/div[3]/form/button
[2021-03-17 05:34:59]cl_getDriver.py(72): Open NewTab->https://kabuoji3.com/stock/3571/2017/
[2021-03-17 05:34:59]cl_getDriver.py(127): click_Success->//*[@id="base_box"]/div/div[3]/form/button
[2021-03-17 05:35:00]cl_getDriver.py(127): click_Success->//*[@id="base_box"]/div/div[3]/form/button
[2021-03-17 05:35:02]cl_getDriver.py(127): click_Success->//*[@id="base_box"]/div/div[3]/form/button
[2021-03-17 05:35:02]cl_getDriver.py(72): Open NewTab->https://kabuoji3.com/stock/3569/2005/
[2021-03-17 05:35:02]cl_getDriver.py(127): click_Success->//*[@id="base_box"]/div/div[3]/form/button
[2021-03-17 05:35:03]cl_getDriver.py(72): Open NewTab->https://kabuoji3.com/stock/3571/2016/
[2021-03-17 05:35:03]cl_getDriver.py(127): click_Success->//*[@id="base_box"]/div/div[3]/form/button
[2021-03-17 05:35:05]cl_getDriver.py(127): click_Success->//*[@id="base_box"]/div/div[3]/form/button
[2021-03-17 05:35:06]cl_getDriver.py(127): click_Success->//*[@id="base_box"]/div/div[3]/form/button
[2021-03-17 05:35:06]cl_getDriver.py(72): Open NewTab->https://kabuoji3.com/stock/3569/2004/
[2021-03-17 05:35:07]cl_getDriver.py(127): click_Success->//*[@id="base_box"]/div/div[3]/form/button
[2021-03-17 05:35:07]cl_getDriver.py(127): click_Success->//*[@id="base_box"]/div/div[3]/form/button
[2021-03-17 05:35:08]cl_getDriver.py(72): Open NewTab->https://kabuoji3.com/stock/3571/2015/
[2021-03-17 05:35:09]cl_getDriver.py(127): click_Success->//*[@id="base_box"]/div/div[3]/form/button
[2021-03-17 05:35:09]cl_getDriver.py(127): click_Success->//*[@id="base_box"]/div/div[3]/form/button
[2021-03-17 05:35:10]cl_getDriver.py(72): Open NewTab->https://kabuoji3.com/stock/3569/2003/
[2021-03-17 05:35:11]cl_getDriver.py(127): click_Success->//*[@id="base_box"]/div/div[3]/form/button
[2021-03-17 05:35:11]cl_getDriver.py(127): click_Success->//*[@id="base_box"]/div/div[3]/form/button
[2021-03-17 05:35:11]cl_getDriver.py(72): Open NewTab->https://kabuoji3.com/stock/3571/2014/
[2021-03-17 05:35:12]cl_getDriver.py(127): click_Success->//*[@id="base_box"]/div/div[3]/form/button
[2021-03-17 05:35:13]cl_getDriver.py(127): click_Success->//*[@id="base_box"]/div/div[3]/form/button
[2021-03-17 05:35:13]cl_getDriver.py(72): Open NewTab->https://kabuoji3.com/stock/3569/2002/
[2021-03-17 05:35:14]cl_getDriver.py(127): click_Success->//*[@id="base_box"]/div/div[3]/form/button
[2021-03-17 05:35:14]cl_getDriver.py(127): click_Success->//*[@id="base_box"]/div/div[3]/form/button
[2021-03-17 05:35:15]cl_getDriver.py(72): Open NewTab->https://kabuoji3.com/stock/3571/2013/
[2021-03-17 05:35:16]cl_getDriver.py(127): click_Success->//*[@id="base_box"]/div/div[3]/form/button
[2021-03-17 05:35:16]cl_getDriver.py(127): click_Success->//*[@id="base_box"]/div/div[3]/form/button
[2021-03-17 05:35:17]cl_getDriver.py(72): Open NewTab->https://kabuoji3.com/stock/3569/2001/
[2021-03-17 05:35:18]cl_getDriver.py(127): click_Success->//*[@id="base_box"]/div/div[3]/form/button
[2021-03-17 05:35:18]cl_getDriver.py(127): click_Success->//*[@id="base_box"]/div/div[3]/form/button
[2021-03-17 05:35:18]cl_getDriver.py(72): Open NewTab->https://kabuoji3.com/stock/3571/2012/
[2021-03-17 05:35:19]cl_getDriver.py(127): click_Success->//*[@id="base_box"]/div/div[3]/form/button
[2021-03-17 05:35:20]cl_getDriver.py(127): click_Success->//*[@id="base_box"]/div/div[3]/form/button
[2021-03-17 05:35:21]cl_getDriver.py(72): Open NewTab->https://kabuoji3.com/stock/3569/2000/
[2021-03-17 05:35:22]cl_getDriver.py(127): click_Success->//*[@id="base_box"]/div/div[3]/form/button
[2021-03-17 05:35:22]cl_getDriver.py(127): click_Success->//*[@id="base_box"]/div/div[3]/form/button
[2021-03-17 05:35:22]cl_getDriver.py(72): Open NewTab->https://kabuoji3.com/stock/3571/2011/
[2021-03-17 05:35:23]cl_getDriver.py(127): click_Success->//*[@id="base_box"]/div/div[3]/form/button
[2021-03-17 05:35:24]cl_getDriver.py(127): click_Success->//*[@id="base_box"]/div/div[3]/form/button
[2021-03-17 05:35:24]cl_getDriver.py(72): Open NewTab->https://kabuoji3.com/stock/3569/1999/
[2021-03-17 05:35:25]cl_getDriver.py(127): click_Success->//*[@id="base_box"]/div/div[3]/form/button
[2021-03-17 05:35:26]cl_getDriver.py(127): click_Success->//*[@id="base_box"]/div/div[3]/form/button
[2021-03-17 05:35:26]cl_getDriver.py(72): Open NewTab->https://kabuoji3.com/stock/3571/2010/
[2021-03-17 05:35:27]cl_getDriver.py(127): click_Success->//*[@id="base_box"]/div/div[3]/form/button
[2021-03-17 05:35:28]cl_getDriver.py(127): click_Success->//*[@id="base_box"]/div/div[3]/form/button
[2021-03-17 05:35:28]cl_getDriver.py(72): Open NewTab->https://kabuoji3.com/stock/3569/1998/
[2021-03-17 05:35:29]cl_getDriver.py(127): click_Success->//*[@id="base_box"]/div/div[3]/form/button
[2021-03-17 05:35:29]cl_getDriver.py(127): click_Success->//*[@id="base_box"]/div/div[3]/form/button
[2021-03-17 05:35:30]cl_getDriver.py(72): Open NewTab->https://kabuoji3.com/stock/3571/2009/
[2021-03-17 05:35:31]cl_getDriver.py(127): click_Success->//*[@id="base_box"]/div/div[3]/form/button
[2021-03-17 05:35:32]cl_getDriver.py(127): click_Success->//*[@id="base_box"]/div/div[3]/form/button
[2021-03-17 05:35:32]cl_getDriver.py(72): Open NewTab->https://kabuoji3.com/stock/3569/1997/
[2021-03-17 05:35:33]cl_getDriver.py(127): click_Success->//*[@id="base_box"]/div/div[3]/form/button
[2021-03-17 05:35:33]cl_getDriver.py(127): click_Success->//*[@id="base_box"]/div/div[3]/form/button
[2021-03-17 05:35:33]cl_getDriver.py(72): Open NewTab->https://kabuoji3.com/stock/3571/2008/
[2021-03-17 05:35:34]cl_getDriver.py(127): click_Success->//*[@id="base_box"]/div/div[3]/form/button
[2021-03-17 05:35:36]cl_getDriver.py(127): click_Success->//*[@id="base_box"]/div/div[3]/form/button
[2021-03-17 05:35:36]cl_getDriver.py(72): Open NewTab->https://kabuoji3.com/stock/3569/1996/
[2021-03-17 05:35:37]cl_getDriver.py(127): click_Success->//*[@id="base_box"]/div/div[3]/form/button
[2021-03-17 05:35:37]cl_getDriver.py(127): click_Success->//*[@id="base_box"]/div/div[3]/form/button
[2021-03-17 05:35:37]cl_getDriver.py(72): Open NewTab->https://kabuoji3.com/stock/3571/2007/
[2021-03-17 05:35:38]cl_getDriver.py(127): click_Success->//*[@id="base_box"]/div/div[3]/form/button
[2021-03-17 05:35:40]cl_getDriver.py(127): click_Success->//*[@id="base_box"]/div/div[3]/form/button
[2021-03-17 05:35:40]cl_getDriver.py(72): Open NewTab->https://kabuoji3.com/stock/3569/1995/
[2021-03-17 05:35:41]cl_getDriver.py(127): click_Success->//*[@id="base_box"]/div/div[3]/form/button
[2021-03-17 05:35:41]cl_getDriver.py(72): Open NewTab->https://kabuoji3.com/stock/3571/2006/
[2021-03-17 05:35:42]cl_getDriver.py(127): click_Success->//*[@id="base_box"]/div/div[3]/form/button
[2021-03-17 05:35:42]cl_getDriver.py(127): click_Success->//*[@id="base_box"]/div/div[3]/form/button
[2021-03-17 05:35:44]cl_getDriver.py(127): click_Success->//*[@id="base_box"]/div/div[3]/form/button
[2021-03-17 05:35:44]cl_getDriver.py(72): Open NewTab->https://kabuoji3.com/stock/3569/1994/
[2021-03-17 05:35:45]cl_getDriver.py(127): click_Success->//*[@id="base_box"]/div/div[3]/form/button
[2021-03-17 05:35:45]cl_getDriver.py(72): Open NewTab->https://kabuoji3.com/stock/3571/2005/
[2021-03-17 05:35:46]cl_getDriver.py(127): click_Success->//*[@id="base_box"]/div/div[3]/form/button
[2021-03-17 05:35:46]cl_getDriver.py(127): click_Success->//*[@id="base_box"]/div/div[3]/form/button
[2021-03-17 05:35:48]cl_getDriver.py(127): click_Success->//*[@id="base_box"]/div/div[3]/form/button
[2021-03-17 05:35:49]cl_getDriver.py(72): Open NewTab->https://kabuoji3.com/stock/3569/1993/
[2021-03-17 05:35:49]cl_getDriver.py(127): click_Success->//*[@id="base_box"]/div/div[3]/form/button
[2021-03-17 05:35:49]cl_getDriver.py(72): Open NewTab->https://kabuoji3.com/stock/3571/2004/
[2021-03-17 05:35:50]cl_getDriver.py(127): click_Success->//*[@id="base_box"]/div/div[3]/form/button
[2021-03-17 05:35:50]cl_getDriver.py(127): click_Success->//*[@id="base_box"]/div/div[3]/form/button
[2021-03-17 05:35:52]cl_getDriver.py(127): click_Success->//*[@id="base_box"]/div/div[3]/form/button
[2021-03-17 05:35:53]cl_getDriver.py(72): Open NewTab->https://kabuoji3.com/stock/3569/1992/
[2021-03-17 05:35:53]cl_getDriver.py(127): click_Success->//*[@id="base_box"]/div/div[3]/form/button
[2021-03-17 05:35:53]cl_getDriver.py(72): Open NewTab->https://kabuoji3.com/stock/3571/2003/
[2021-03-17 05:35:54]cl_getDriver.py(127): click_Success->//*[@id="base_box"]/div/div[3]/form/button
[2021-03-17 05:35:55]cl_getDriver.py(127): click_Success->//*[@id="base_box"]/div/div[3]/form/button
[2021-03-17 05:35:56]cl_getDriver.py(127): click_Success->//*[@id="base_box"]/div/div[3]/form/button
[2021-03-17 05:35:57]cl_getDriver.py(72): Open NewTab->https://kabuoji3.com/stock/3569/1991/
[2021-03-17 05:35:57]cl_getDriver.py(127): click_Success->//*[@id="base_box"]/div/div[3]/form/button
[2021-03-17 05:35:57]cl_getDriver.py(72): Open NewTab->https://kabuoji3.com/stock/3571/2002/
[2021-03-17 05:35:58]cl_getDriver.py(127): click_Success->//*[@id="base_box"]/div/div[3]/form/button
[2021-03-17 05:35:58]cl_getDriver.py(127): click_Success->//*[@id="base_box"]/div/div[3]/form/button
[2021-03-17 05:36:00]cl_getDriver.py(127): click_Success->//*[@id="base_box"]/div/div[3]/form/button
[2021-03-17 05:36:01]cl_getDriver.py(72): Open NewTab->https://kabuoji3.com/stock/3569/1990/
[2021-03-17 05:36:01]cl_getDriver.py(127): click_Success->//*[@id="base_box"]/div/div[3]/form/button
[2021-03-17 05:36:01]cl_getDriver.py(72): Open NewTab->https://kabuoji3.com/stock/3571/2001/
[2021-03-17 05:36:02]cl_getDriver.py(127): click_Success->//*[@id="base_box"]/div/div[3]/form/button
[2021-03-17 05:36:03]cl_getDriver.py(127): click_Success->//*[@id="base_box"]/div/div[3]/form/button
[2021-03-17 05:36:05]cl_getDriver.py(127): click_Success->//*[@id="base_box"]/div/div[3]/form/button
[2021-03-17 05:36:05]cl_getDriver.py(72): Open NewTab->https://kabuoji3.com/stock/3569/1989/
[2021-03-17 05:36:05]cl_getDriver.py(127): click_Success->//*[@id="base_box"]/div/div[3]/form/button
[2021-03-17 05:36:05]cl_getDriver.py(72): Open NewTab->https://kabuoji3.com/stock/3571/2000/
[2021-03-17 05:36:06]cl_getDriver.py(127): click_Success->//*[@id="base_box"]/div/div[3]/form/button
[2021-03-17 05:36:07]cl_getDriver.py(127): click_Success->//*[@id="base_box"]/div/div[3]/form/button
[2021-03-17 05:36:09]cl_getDriver.py(127): click_Success->//*[@id="base_box"]/div/div[3]/form/button
[2021-03-17 05:36:09]cl_getDriver.py(127): click_Success->//*[@id="base_box"]/div/div[3]/form/button
[2021-03-17 05:36:09]cl_getDriver.py(72): Open NewTab->https://kabuoji3.com/stock/3569/1988/
[2021-03-17 05:36:09]cl_getDriver.py(72): Open NewTab->https://kabuoji3.com/stock/3571/1999/
[2021-03-17 05:36:11]cl_getDriver.py(127): click_Success->//*[@id="base_box"]/div/div[3]/form/button
[2021-03-17 05:36:11]cl_getDriver.py(127): click_Success->//*[@id="base_box"]/div/div[3]/form/button
[2021-03-17 05:36:13]cl_getDriver.py(127): click_Success->//*[@id="base_box"]/div/div[3]/form/button
[2021-03-17 05:36:13]cl_getDriver.py(127): click_Success->//*[@id="base_box"]/div/div[3]/form/button
[2021-03-17 05:36:14]cl_getDriver.py(72): Open NewTab->https://kabuoji3.com/stock/3571/1998/
[2021-03-17 05:36:14]cl_getDriver.py(72): Open NewTab->https://kabuoji3.com/stock/3569/1987/
[2021-03-17 05:36:15]cl_getDriver.py(127): click_Success->//*[@id="base_box"]/div/div[3]/form/button
[2021-03-17 05:36:15]cl_getDriver.py(127): click_Success->//*[@id="base_box"]/div/div[3]/form/button
[2021-03-17 05:36:17]cl_getDriver.py(127): click_Success->//*[@id="base_box"]/div/div[3]/form/button
[2021-03-17 05:36:17]cl_getDriver.py(127): click_Success->//*[@id="base_box"]/div/div[3]/form/button
[2021-03-17 05:36:18]cl_getDriver.py(72): Open NewTab->https://kabuoji3.com/stock/3571/1997/
[2021-03-17 05:36:18]cl_getDriver.py(72): Open NewTab->https://kabuoji3.com/stock/3569/1986/
[2021-03-17 05:36:19]cl_getDriver.py(127): click_Success->//*[@id="base_box"]/div/div[3]/form/button
[2021-03-17 05:36:19]cl_getDriver.py(127): click_Success->//*[@id="base_box"]/div/div[3]/form/button
[2021-03-17 05:36:21]cl_getDriver.py(127): click_Success->//*[@id="base_box"]/div/div[3]/form/button
[2021-03-17 05:36:21]cl_getDriver.py(127): click_Success->//*[@id="base_box"]/div/div[3]/form/button
[2021-03-17 05:36:22]cl_getDriver.py(72): Open NewTab->https://kabuoji3.com/stock/3569/1985/
[2021-03-17 05:36:22]cl_getDriver.py(72): Open NewTab->https://kabuoji3.com/stock/3571/1996/
[2021-03-17 05:36:23]cl_getDriver.py(127): click_Success->//*[@id="base_box"]/div/div[3]/form/button
[2021-03-17 05:36:24]cl_getDriver.py(127): click_Success->//*[@id="base_box"]/div/div[3]/form/button
[2021-03-17 05:36:25]cl_getDriver.py(127): click_Success->//*[@id="base_box"]/div/div[3]/form/button
[2021-03-17 05:36:25]cl_getDriver.py(72): Open NewTab->https://kabuoji3.com/stock/3569/1984/
[2021-03-17 05:36:26]cl_getDriver.py(127): click_Success->//*[@id="base_box"]/div/div[3]/form/button
[2021-03-17 05:36:27]cl_getDriver.py(72): Open NewTab->https://kabuoji3.com/stock/3571/1995/
[2021-03-17 05:36:27]cl_getDriver.py(127): click_Success->//*[@id="base_box"]/div/div[3]/form/button
[2021-03-17 05:36:28]cl_getDriver.py(127): click_Success->//*[@id="base_box"]/div/div[3]/form/button
[2021-03-17 05:36:29]cl_getDriver.py(127): click_Success->//*[@id="base_box"]/div/div[3]/form/button
[2021-03-17 05:36:29]cl_getDriver.py(72): Open NewTab->https://kabuoji3.com/stock/3569/1983/
[2021-03-17 05:36:30]cl_getDriver.py(127): click_Success->//*[@id="base_box"]/div/div[3]/form/button
[2021-03-17 05:36:30]cl_getDriver.py(72): Open NewTab->https://kabuoji3.com/stock/3571/1994/
[2021-03-17 05:36:30]cl_getDriver.py(127): click_Success->//*[@id="base_box"]/div/div[3]/form/button
[2021-03-17 05:36:31]cl_getDriver.py(127): click_Success->//*[@id="base_box"]/div/div[3]/form/button
[2021-03-17 05:36:33]cl_getDriver.py(127): click_Success->//*[@id="base_box"]/div/div[3]/form/button
[2021-03-17 05:36:34]cl_getDriver.py(127): click_Success->//*[@id="base_box"]/div/div[3]/form/button
[2021-03-17 05:36:34]cl_getDriver.py(72): Open NewTab->https://kabuoji3.com/stock/3571/1993/
[2021-03-17 05:36:35]cl_getDriver.py(127): click_Success->//*[@id="base_box"]/div/div[3]/form/button
[2021-03-17 05:36:37]main.py(42): finished Process->https://kabuoji3.com/stock/3569/
[2021-03-17 05:36:37]main.py(15): start_Process->https://kabuoji3.com/stock/3577/
[2021-03-17 05:36:37]cl_getDriver.py(127): click_Success->//*[@id="base_box"]/div/div[3]/form/button
[2021-03-17 05:36:37]cl_getDriver.py(72): Open NewTab->https://kabuoji3.com/stock/3571/1992/
[2021-03-17 05:36:38]cl_getDriver.py(127): click_Success->//*[@id="base_box"]/div/div[3]/form/button
[2021-03-17 05:36:41]cl_getDriver.py(127): click_Success->//*[@id="base_box"]/div/div[3]/form/button
[2021-03-17 05:36:41]cl_getDriver.py(72): Open NewTab->https://kabuoji3.com/stock/3571/1991/
[2021-03-17 05:36:42]cl_getDriver.py(127): click_Success->//*[@id="base_box"]/div/div[3]/form/button
[2021-03-17 05:36:42]cl_getDriver.py(64): getURL=https://kabuoji3.com/stock/3577/
[2021-03-17 05:36:43]cl_getDriver.py(72): Open NewTab->https://kabuoji3.com/stock/3577/
[2021-03-17 05:36:43]cl_getDriver.py(130): Not Found->//*[@id="base_box"]/div/div[3]/form/button
[2021-03-17 05:36:44]cl_getDriver.py(127): click_Success->//*[@id="base_box"]/div/div[3]/form/button
[2021-03-17 05:36:45]cl_getDriver.py(72): Open NewTab->https://kabuoji3.com/stock/3571/1990/
[2021-03-17 05:36:45]cl_getDriver.py(130): Not Found->//*[@id="base_box"]/div/div[3]/form/button
[2021-03-17 05:36:46]cl_getDriver.py(72): Open NewTab->https://kabuoji3.com/stock/3577/2021/
[2021-03-17 05:36:46]cl_getDriver.py(127): click_Success->//*[@id="base_box"]/div/div[3]/form/button
[2021-03-17 05:36:47]cl_getDriver.py(127): click_Success->//*[@id="base_box"]/div/div[3]/form/button
[2021-03-17 05:36:48]cl_getDriver.py(127): click_Success->//*[@id="base_box"]/div/div[3]/form/button
[2021-03-17 05:36:48]cl_getDriver.py(72): Open NewTab->https://kabuoji3.com/stock/3571/1989/
[2021-03-17 05:36:49]cl_getDriver.py(127): click_Success->//*[@id="base_box"]/div/div[3]/form/button
[2021-03-17 05:36:50]cl_getDriver.py(72): Open NewTab->https://kabuoji3.com/stock/3577/2020/
[2021-03-17 05:36:50]cl_getDriver.py(127): click_Success->//*[@id="base_box"]/div/div[3]/form/button
[2021-03-17 05:36:51]cl_getDriver.py(127): click_Success->//*[@id="base_box"]/div/div[3]/form/button
[2021-03-17 05:36:52]cl_getDriver.py(127): click_Success->//*[@id="base_box"]/div/div[3]/form/button
[2021-03-17 05:36:52]cl_getDriver.py(72): Open NewTab->https://kabuoji3.com/stock/3571/1988/
[2021-03-17 05:36:53]cl_getDriver.py(127): click_Success->//*[@id="base_box"]/div/div[3]/form/button
[2021-03-17 05:36:53]cl_getDriver.py(72): Open NewTab->https://kabuoji3.com/stock/3577/2019/
[2021-03-17 05:36:54]cl_getDriver.py(127): click_Success->//*[@id="base_box"]/div/div[3]/form/button
[2021-03-17 05:36:55]cl_getDriver.py(127): click_Success->//*[@id="base_box"]/div/div[3]/form/button
[2021-03-17 05:36:56]cl_getDriver.py(127): click_Success->//*[@id="base_box"]/div/div[3]/form/button
[2021-03-17 05:36:56]cl_getDriver.py(72): Open NewTab->https://kabuoji3.com/stock/3571/1987/
[2021-03-17 05:36:57]cl_getDriver.py(127): click_Success->//*[@id="base_box"]/div/div[3]/form/button
[2021-03-17 05:36:57]cl_getDriver.py(72): Open NewTab->https://kabuoji3.com/stock/3577/2018/
[2021-03-17 05:36:58]cl_getDriver.py(127): click_Success->//*[@id="base_box"]/div/div[3]/form/button
[2021-03-17 05:36:58]cl_getDriver.py(127): click_Success->//*[@id="base_box"]/div/div[3]/form/button
[2021-03-17 05:37:00]cl_getDriver.py(127): click_Success->//*[@id="base_box"]/div/div[3]/form/button
[2021-03-17 05:37:00]cl_getDriver.py(72): Open NewTab->https://kabuoji3.com/stock/3571/1986/
[2021-03-17 05:37:01]cl_getDriver.py(127): click_Success->//*[@id="base_box"]/div/div[3]/form/button
[2021-03-17 05:37:01]cl_getDriver.py(72): Open NewTab->https://kabuoji3.com/stock/3577/2017/
[2021-03-17 05:37:02]cl_getDriver.py(127): click_Success->//*[@id="base_box"]/div/div[3]/form/button
[2021-03-17 05:37:02]cl_getDriver.py(127): click_Success->//*[@id="base_box"]/div/div[3]/form/button
[2021-03-17 05:37:04]cl_getDriver.py(127): click_Success->//*[@id="base_box"]/div/div[3]/form/button
[2021-03-17 05:37:05]cl_getDriver.py(127): click_Success->//*[@id="base_box"]/div/div[3]/form/button
[2021-03-17 05:37:05]cl_getDriver.py(72): Open NewTab->https://kabuoji3.com/stock/3571/1985/
[2021-03-17 05:37:05]cl_getDriver.py(72): Open NewTab->https://kabuoji3.com/stock/3577/2016/
[2021-03-17 05:37:06]cl_getDriver.py(127): click_Success->//*[@id="base_box"]/div/div[3]/form/button
[2021-03-17 05:37:06]cl_getDriver.py(127): click_Success->//*[@id="base_box"]/div/div[3]/form/button
[2021-03-17 05:37:08]cl_getDriver.py(127): click_Success->//*[@id="base_box"]/div/div[3]/form/button
[2021-03-17 05:37:09]cl_getDriver.py(72): Open NewTab->https://kabuoji3.com/stock/3571/1984/
[2021-03-17 05:37:09]cl_getDriver.py(127): click_Success->//*[@id="base_box"]/div/div[3]/form/button
[2021-03-17 05:37:09]cl_getDriver.py(72): Open NewTab->https://kabuoji3.com/stock/3577/2015/
[2021-03-17 05:37:10]cl_getDriver.py(127): click_Success->//*[@id="base_box"]/div/div[3]/form/button
[2021-03-17 05:37:10]cl_getDriver.py(127): click_Success->//*[@id="base_box"]/div/div[3]/form/button
[2021-03-17 05:37:12]cl_getDriver.py(127): click_Success->//*[@id="base_box"]/div/div[3]/form/button
[2021-03-17 05:37:13]cl_getDriver.py(72): Open NewTab->https://kabuoji3.com/stock/3571/1983/
[2021-03-17 05:37:13]cl_getDriver.py(127): click_Success->//*[@id="base_box"]/div/div[3]/form/button
[2021-03-17 05:37:13]cl_getDriver.py(72): Open NewTab->https://kabuoji3.com/stock/3577/2014/
[2021-03-17 05:37:14]cl_getDriver.py(127): click_Success->//*[@id="base_box"]/div/div[3]/form/button
[2021-03-17 05:37:14]cl_getDriver.py(127): click_Success->//*[@id="base_box"]/div/div[3]/form/button
[2021-03-17 05:37:16]cl_getDriver.py(127): click_Success->//*[@id="base_box"]/div/div[3]/form/button
[2021-03-17 05:37:17]cl_getDriver.py(127): click_Success->//*[@id="base_box"]/div/div[3]/form/button
[2021-03-17 05:37:17]cl_getDriver.py(72): Open NewTab->https://kabuoji3.com/stock/3577/2013/
[2021-03-17 05:37:18]cl_getDriver.py(127): click_Success->//*[@id="base_box"]/div/div[3]/form/button
[2021-03-17 05:37:20]cl_getDriver.py(127): click_Success->//*[@id="base_box"]/div/div[3]/form/button
[2021-03-17 05:37:20]cl_getDriver.py(72): Open NewTab->https://kabuoji3.com/stock/3577/2012/
[2021-03-17 05:37:21]main.py(42): finished Process->https://kabuoji3.com/stock/3571/
[2021-03-17 05:37:21]main.py(15): start_Process->https://kabuoji3.com/stock/3578/
[2021-03-17 05:37:21]cl_getDriver.py(127): click_Success->//*[@id="base_box"]/div/div[3]/form/button
[2021-03-17 05:37:24]cl_getDriver.py(127): click_Success->//*[@id="base_box"]/div/div[3]/form/button
[2021-03-17 05:37:24]cl_getDriver.py(72): Open NewTab->https://kabuoji3.com/stock/3577/2011/
[2021-03-17 05:37:25]cl_getDriver.py(127): click_Success->//*[@id="base_box"]/div/div[3]/form/button
[2021-03-17 05:37:26]cl_getDriver.py(64): getURL=https://kabuoji3.com/stock/3578/
[2021-03-17 05:37:26]cl_getDriver.py(72): Open NewTab->https://kabuoji3.com/stock/3578/
[2021-03-17 05:37:27]cl_getDriver.py(130): Not Found->//*[@id="base_box"]/div/div[3]/form/button
[2021-03-17 05:37:27]cl_getDriver.py(127): click_Success->//*[@id="base_box"]/div/div[3]/form/button
[2021-03-17 05:37:28]cl_getDriver.py(72): Open NewTab->https://kabuoji3.com/stock/3577/2010/
[2021-03-17 05:37:29]cl_getDriver.py(127): click_Success->//*[@id="base_box"]/div/div[3]/form/button
[2021-03-17 05:37:29]cl_getDriver.py(130): Not Found->//*[@id="base_box"]/div/div[3]/form/button
[2021-03-17 05:37:29]cl_getDriver.py(72): Open NewTab->https://kabuoji3.com/stock/3578/2021/
[2021-03-17 05:37:30]cl_getDriver.py(127): click_Success->//*[@id="base_box"]/div/div[3]/form/button
[2021-03-17 05:37:31]cl_getDriver.py(127): click_Success->//*[@id="base_box"]/div/div[3]/form/button
[2021-03-17 05:37:31]cl_getDriver.py(72): Open NewTab->https://kabuoji3.com/stock/3577/2009/
[2021-03-17 05:37:32]cl_getDriver.py(127): click_Success->//*[@id="base_box"]/div/div[3]/form/button
[2021-03-17 05:37:32]cl_getDriver.py(127): click_Success->//*[@id="base_box"]/div/div[3]/form/button
[2021-03-17 05:37:33]cl_getDriver.py(72): Open NewTab->https://kabuoji3.com/stock/3578/2020/
[2021-03-17 05:37:34]cl_getDriver.py(127): click_Success->//*[@id="base_box"]/div/div[3]/form/button
[2021-03-17 05:37:34]cl_getDriver.py(127): click_Success->//*[@id="base_box"]/div/div[3]/form/button
[2021-03-17 05:37:35]cl_getDriver.py(72): Open NewTab->https://kabuoji3.com/stock/3577/2008/
[2021-03-17 05:37:36]cl_getDriver.py(127): click_Success->//*[@id="base_box"]/div/div[3]/form/button
[2021-03-17 05:37:36]cl_getDriver.py(127): click_Success->//*[@id="base_box"]/div/div[3]/form/button
[2021-03-17 05:37:36]cl_getDriver.py(72): Open NewTab->https://kabuoji3.com/stock/3578/2019/
[2021-03-17 05:37:37]cl_getDriver.py(127): click_Success->//*[@id="base_box"]/div/div[3]/form/button
[2021-03-17 05:37:38]cl_getDriver.py(127): click_Success->//*[@id="base_box"]/div/div[3]/form/button
[2021-03-17 05:37:38]cl_getDriver.py(72): Open NewTab->https://kabuoji3.com/stock/3577/2007/
[2021-03-17 05:37:39]cl_getDriver.py(127): click_Success->//*[@id="base_box"]/div/div[3]/form/button
[2021-03-17 05:37:40]cl_getDriver.py(127): click_Success->//*[@id="base_box"]/div/div[3]/form/button
[2021-03-17 05:37:40]cl_getDriver.py(72): Open NewTab->https://kabuoji3.com/stock/3578/2018/
[2021-03-17 05:37:41]cl_getDriver.py(127): click_Success->//*[@id="base_box"]/div/div[3]/form/button
[2021-03-17 05:37:42]cl_getDriver.py(127): click_Success->//*[@id="base_box"]/div/div[3]/form/button
[2021-03-17 05:37:42]cl_getDriver.py(72): Open NewTab->https://kabuoji3.com/stock/3577/2006/
[2021-03-17 05:37:43]cl_getDriver.py(127): click_Success->//*[@id="base_box"]/div/div[3]/form/button
[2021-03-17 05:37:43]cl_getDriver.py(127): click_Success->//*[@id="base_box"]/div/div[3]/form/button
[2021-03-17 05:37:44]cl_getDriver.py(72): Open NewTab->https://kabuoji3.com/stock/3578/2017/
[2021-03-17 05:37:45]cl_getDriver.py(127): click_Success->//*[@id="base_box"]/div/div[3]/form/button
[2021-03-17 05:37:45]cl_getDriver.py(127): click_Success->//*[@id="base_box"]/div/div[3]/form/button
[2021-03-17 05:37:46]cl_getDriver.py(72): Open NewTab->https://kabuoji3.com/stock/3577/2005/
[2021-03-17 05:37:47]cl_getDriver.py(127): click_Success->//*[@id="base_box"]/div/div[3]/form/button
[2021-03-17 05:37:47]cl_getDriver.py(127): click_Success->//*[@id="base_box"]/div/div[3]/form/button
[2021-03-17 05:37:47]cl_getDriver.py(72): Open NewTab->https://kabuoji3.com/stock/3578/2016/
[2021-03-17 05:37:48]cl_getDriver.py(127): click_Success->//*[@id="base_box"]/div/div[3]/form/button
[2021-03-17 05:37:49]cl_getDriver.py(127): click_Success->//*[@id="base_box"]/div/div[3]/form/button
[2021-03-17 05:37:49]cl_getDriver.py(72): Open NewTab->https://kabuoji3.com/stock/3577/2004/
[2021-03-17 05:37:50]cl_getDriver.py(127): click_Success->//*[@id="base_box"]/div/div[3]/form/button
[2021-03-17 05:37:51]cl_getDriver.py(127): click_Success->//*[@id="base_box"]/div/div[3]/form/button
[2021-03-17 05:37:51]cl_getDriver.py(72): Open NewTab->https://kabuoji3.com/stock/3578/2015/
[2021-03-17 05:37:52]cl_getDriver.py(127): click_Success->//*[@id="base_box"]/div/div[3]/form/button
[2021-03-17 05:37:53]cl_getDriver.py(127): click_Success->//*[@id="base_box"]/div/div[3]/form/button
[2021-03-17 05:37:53]cl_getDriver.py(72): Open NewTab->https://kabuoji3.com/stock/3577/2003/
[2021-03-17 05:37:54]cl_getDriver.py(127): click_Success->//*[@id="base_box"]/div/div[3]/form/button
[2021-03-17 05:37:54]cl_getDriver.py(127): click_Success->//*[@id="base_box"]/div/div[3]/form/button
[2021-03-17 05:37:54]cl_getDriver.py(72): Open NewTab->https://kabuoji3.com/stock/3578/2014/
[2021-03-17 05:37:55]cl_getDriver.py(127): click_Success->//*[@id="base_box"]/div/div[3]/form/button
[2021-03-17 05:37:56]cl_getDriver.py(127): click_Success->//*[@id="base_box"]/div/div[3]/form/button
[2021-03-17 05:37:56]cl_getDriver.py(72): Open NewTab->https://kabuoji3.com/stock/3577/2002/
[2021-03-17 05:37:58]cl_getDriver.py(127): click_Success->//*[@id="base_box"]/div/div[3]/form/button
[2021-03-17 05:37:58]cl_getDriver.py(72): Open NewTab->https://kabuoji3.com/stock/3578/2013/
[2021-03-17 05:37:59]cl_getDriver.py(127): click_Success->//*[@id="base_box"]/div/div[3]/form/button
[2021-03-17 05:37:59]cl_getDriver.py(127): click_Success->//*[@id="base_box"]/div/div[3]/form/button
[2021-03-17 05:38:01]cl_getDriver.py(127): click_Success->//*[@id="base_box"]/div/div[3]/form/button
[2021-03-17 05:38:02]cl_getDriver.py(127): click_Success->//*[@id="base_box"]/div/div[3]/form/button
[2021-03-17 05:38:02]cl_getDriver.py(72): Open NewTab->https://kabuoji3.com/stock/3577/2001/
[2021-03-17 05:38:02]cl_getDriver.py(72): Open NewTab->https://kabuoji3.com/stock/3578/2012/
[2021-03-17 05:38:03]cl_getDriver.py(127): click_Success->//*[@id="base_box"]/div/div[3]/form/button
[2021-03-17 05:38:03]cl_getDriver.py(127): click_Success->//*[@id="base_box"]/div/div[3]/form/button
[2021-03-17 05:38:05]cl_getDriver.py(127): click_Success->//*[@id="base_box"]/div/div[3]/form/button
[2021-03-17 05:38:06]cl_getDriver.py(127): click_Success->//*[@id="base_box"]/div/div[3]/form/button
[2021-03-17 05:38:06]cl_getDriver.py(72): Open NewTab->https://kabuoji3.com/stock/3577/2000/
[2021-03-17 05:38:06]cl_getDriver.py(72): Open NewTab->https://kabuoji3.com/stock/3578/2011/
[2021-03-17 05:38:08]cl_getDriver.py(127): click_Success->//*[@id="base_box"]/div/div[3]/form/button
[2021-03-17 05:38:08]cl_getDriver.py(127): click_Success->//*[@id="base_box"]/div/div[3]/form/button
[2021-03-17 05:38:10]cl_getDriver.py(127): click_Success->//*[@id="base_box"]/div/div[3]/form/button
[2021-03-17 05:38:10]cl_getDriver.py(127): click_Success->//*[@id="base_box"]/div/div[3]/form/button
[2021-03-17 05:38:11]cl_getDriver.py(72): Open NewTab->https://kabuoji3.com/stock/3577/1999/
[2021-03-17 05:38:11]cl_getDriver.py(72): Open NewTab->https://kabuoji3.com/stock/3578/2010/
[2021-03-17 05:38:12]cl_getDriver.py(127): click_Success->//*[@id="base_box"]/div/div[3]/form/button
[2021-03-17 05:38:12]cl_getDriver.py(127): click_Success->//*[@id="base_box"]/div/div[3]/form/button
[2021-03-17 05:38:14]cl_getDriver.py(127): click_Success->//*[@id="base_box"]/div/div[3]/form/button
[2021-03-17 05:38:14]cl_getDriver.py(127): click_Success->//*[@id="base_box"]/div/div[3]/form/button
[2021-03-17 05:38:15]cl_getDriver.py(72): Open NewTab->https://kabuoji3.com/stock/3578/2009/
[2021-03-17 05:38:15]cl_getDriver.py(72): Open NewTab->https://kabuoji3.com/stock/3577/1998/
[2021-03-17 05:38:16]cl_getDriver.py(127): click_Success->//*[@id="base_box"]/div/div[3]/form/button
[2021-03-17 05:38:16]cl_getDriver.py(127): click_Success->//*[@id="base_box"]/div/div[3]/form/button
[2021-03-17 05:38:19]cl_getDriver.py(127): click_Success->//*[@id="base_box"]/div/div[3]/form/button
[2021-03-17 05:38:19]cl_getDriver.py(127): click_Success->//*[@id="base_box"]/div/div[3]/form/button
[2021-03-17 05:38:19]cl_getDriver.py(72): Open NewTab->https://kabuoji3.com/stock/3578/2008/
[2021-03-17 05:38:19]cl_getDriver.py(72): Open NewTab->https://kabuoji3.com/stock/3577/1997/
[2021-03-17 05:38:20]cl_getDriver.py(127): click_Success->//*[@id="base_box"]/div/div[3]/form/button
[2021-03-17 05:38:21]cl_getDriver.py(127): click_Success->//*[@id="base_box"]/div/div[3]/form/button
[2021-03-17 05:38:23]cl_getDriver.py(127): click_Success->//*[@id="base_box"]/div/div[3]/form/button
[2021-03-17 05:38:23]cl_getDriver.py(127): click_Success->//*[@id="base_box"]/div/div[3]/form/button
[2021-03-17 05:38:23]cl_getDriver.py(72): Open NewTab->https://kabuoji3.com/stock/3578/2007/
[2021-03-17 05:38:24]cl_getDriver.py(72): Open NewTab->https://kabuoji3.com/stock/3577/1996/
[2021-03-17 05:38:25]cl_getDriver.py(127): click_Success->//*[@id="base_box"]/div/div[3]/form/button
[2021-03-17 05:38:25]cl_getDriver.py(127): click_Success->//*[@id="base_box"]/div/div[3]/form/button
[2021-03-17 05:38:27]cl_getDriver.py(127): click_Success->//*[@id="base_box"]/div/div[3]/form/button
[2021-03-17 05:38:27]cl_getDriver.py(72): Open NewTab->https://kabuoji3.com/stock/3578/2006/
[2021-03-17 05:38:27]cl_getDriver.py(127): click_Success->//*[@id="base_box"]/div/div[3]/form/button
[2021-03-17 05:38:28]cl_getDriver.py(72): Open NewTab->https://kabuoji3.com/stock/3577/1995/
[2021-03-17 05:38:29]cl_getDriver.py(127): click_Success->//*[@id="base_box"]/div/div[3]/form/button
[2021-03-17 05:38:29]cl_getDriver.py(127): click_Success->//*[@id="base_box"]/div/div[3]/form/button
[2021-03-17 05:38:31]cl_getDriver.py(127): click_Success->//*[@id="base_box"]/div/div[3]/form/button
[2021-03-17 05:38:31]cl_getDriver.py(72): Open NewTab->https://kabuoji3.com/stock/3578/2005/
[2021-03-17 05:38:32]cl_getDriver.py(127): click_Success->//*[@id="base_box"]/div/div[3]/form/button
[2021-03-17 05:38:32]cl_getDriver.py(72): Open NewTab->https://kabuoji3.com/stock/3577/1994/
[2021-03-17 05:38:33]cl_getDriver.py(127): click_Success->//*[@id="base_box"]/div/div[3]/form/button
[2021-03-17 05:38:33]cl_getDriver.py(127): click_Success->//*[@id="base_box"]/div/div[3]/form/button
[2021-03-17 05:38:35]cl_getDriver.py(127): click_Success->//*[@id="base_box"]/div/div[3]/form/button
[2021-03-17 05:38:36]cl_getDriver.py(72): Open NewTab->https://kabuoji3.com/stock/3578/2004/
[2021-03-17 05:38:36]cl_getDriver.py(127): click_Success->//*[@id="base_box"]/div/div[3]/form/button
[2021-03-17 05:38:36]cl_getDriver.py(72): Open NewTab->https://kabuoji3.com/stock/3577/1993/
[2021-03-17 05:38:37]cl_getDriver.py(127): click_Success->//*[@id="base_box"]/div/div[3]/form/button
[2021-03-17 05:38:38]cl_getDriver.py(127): click_Success->//*[@id="base_box"]/div/div[3]/form/button
[2021-03-17 05:38:40]cl_getDriver.py(127): click_Success->//*[@id="base_box"]/div/div[3]/form/button
[2021-03-17 05:38:40]cl_getDriver.py(72): Open NewTab->https://kabuoji3.com/stock/3578/2003/
[2021-03-17 05:38:40]cl_getDriver.py(127): click_Success->//*[@id="base_box"]/div/div[3]/form/button
[2021-03-17 05:38:41]cl_getDriver.py(72): Open NewTab->https://kabuoji3.com/stock/3577/1992/
[2021-03-17 05:38:41]cl_getDriver.py(127): click_Success->//*[@id="base_box"]/div/div[3]/form/button
[2021-03-17 05:38:42]cl_getDriver.py(127): click_Success->//*[@id="base_box"]/div/div[3]/form/button
[2021-03-17 05:38:44]cl_getDriver.py(127): click_Success->//*[@id="base_box"]/div/div[3]/form/button
[2021-03-17 05:38:44]cl_getDriver.py(127): click_Success->//*[@id="base_box"]/div/div[3]/form/button
[2021-03-17 05:38:44]cl_getDriver.py(72): Open NewTab->https://kabuoji3.com/stock/3578/2002/
[2021-03-17 05:38:45]cl_getDriver.py(72): Open NewTab->https://kabuoji3.com/stock/3577/1991/
[2021-03-17 05:38:45]cl_getDriver.py(127): click_Success->//*[@id="base_box"]/div/div[3]/form/button
[2021-03-17 05:38:46]cl_getDriver.py(127): click_Success->//*[@id="base_box"]/div/div[3]/form/button
[2021-03-17 05:38:48]cl_getDriver.py(127): click_Success->//*[@id="base_box"]/div/div[3]/form/button
[2021-03-17 05:38:48]cl_getDriver.py(72): Open NewTab->https://kabuoji3.com/stock/3578/2001/
[2021-03-17 05:38:48]cl_getDriver.py(127): click_Success->//*[@id="base_box"]/div/div[3]/form/button
[2021-03-17 05:38:49]cl_getDriver.py(72): Open NewTab->https://kabuoji3.com/stock/3577/1990/
[2021-03-17 05:38:49]cl_getDriver.py(127): click_Success->//*[@id="base_box"]/div/div[3]/form/button
[2021-03-17 05:38:50]cl_getDriver.py(127): click_Success->//*[@id="base_box"]/div/div[3]/form/button
[2021-03-17 05:38:52]cl_getDriver.py(127): click_Success->//*[@id="base_box"]/div/div[3]/form/button
[2021-03-17 05:38:52]cl_getDriver.py(72): Open NewTab->https://kabuoji3.com/stock/3578/2000/
[2021-03-17 05:38:52]cl_getDriver.py(127): click_Success->//*[@id="base_box"]/div/div[3]/form/button
[2021-03-17 05:38:53]cl_getDriver.py(72): Open NewTab->https://kabuoji3.com/stock/3577/1989/
[2021-03-17 05:38:53]cl_getDriver.py(127): click_Success->//*[@id="base_box"]/div/div[3]/form/button
[2021-03-17 05:38:54]cl_getDriver.py(127): click_Success->//*[@id="base_box"]/div/div[3]/form/button
[2021-03-17 05:38:55]cl_getDriver.py(127): click_Success->//*[@id="base_box"]/div/div[3]/form/button
[2021-03-17 05:38:56]cl_getDriver.py(72): Open NewTab->https://kabuoji3.com/stock/3578/1999/
[2021-03-17 05:38:56]cl_getDriver.py(127): click_Success->//*[@id="base_box"]/div/div[3]/form/button
[2021-03-17 05:38:57]cl_getDriver.py(72): Open NewTab->https://kabuoji3.com/stock/3577/1988/
[2021-03-17 05:38:57]cl_getDriver.py(127): click_Success->//*[@id="base_box"]/div/div[3]/form/button
[2021-03-17 05:38:58]cl_getDriver.py(127): click_Success->//*[@id="base_box"]/div/div[3]/form/button
[2021-03-17 05:38:59]cl_getDriver.py(127): click_Success->//*[@id="base_box"]/div/div[3]/form/button
[2021-03-17 05:39:00]cl_getDriver.py(72): Open NewTab->https://kabuoji3.com/stock/3578/1998/
[2021-03-17 05:39:00]cl_getDriver.py(127): click_Success->//*[@id="base_box"]/div/div[3]/form/button
[2021-03-17 05:39:01]cl_getDriver.py(72): Open NewTab->https://kabuoji3.com/stock/3577/1987/
[2021-03-17 05:39:01]cl_getDriver.py(127): click_Success->//*[@id="base_box"]/div/div[3]/form/button
[2021-03-17 05:39:02]cl_getDriver.py(127): click_Success->//*[@id="base_box"]/div/div[3]/form/button
[2021-03-17 05:39:03]cl_getDriver.py(127): click_Success->//*[@id="base_box"]/div/div[3]/form/button
[2021-03-17 05:39:04]cl_getDriver.py(72): Open NewTab->https://kabuoji3.com/stock/3578/1997/
[2021-03-17 05:39:04]cl_getDriver.py(127): click_Success->//*[@id="base_box"]/div/div[3]/form/button
[2021-03-17 05:39:04]cl_getDriver.py(72): Open NewTab->https://kabuoji3.com/stock/3577/1986/
[2021-03-17 05:39:05]cl_getDriver.py(127): click_Success->//*[@id="base_box"]/div/div[3]/form/button
[2021-03-17 05:39:05]cl_getDriver.py(127): click_Success->//*[@id="base_box"]/div/div[3]/form/button
[2021-03-17 05:39:07]cl_getDriver.py(127): click_Success->//*[@id="base_box"]/div/div[3]/form/button
[2021-03-17 05:39:07]cl_getDriver.py(72): Open NewTab->https://kabuoji3.com/stock/3578/1996/
[2021-03-17 05:39:08]cl_getDriver.py(127): click_Success->//*[@id="base_box"]/div/div[3]/form/button
[2021-03-17 05:39:08]cl_getDriver.py(72): Open NewTab->https://kabuoji3.com/stock/3577/1985/
[2021-03-17 05:39:09]cl_getDriver.py(127): click_Success->//*[@id="base_box"]/div/div[3]/form/button
[2021-03-17 05:39:11]cl_getDriver.py(127): click_Success->//*[@id="base_box"]/div/div[3]/form/button
[2021-03-17 05:39:11]cl_getDriver.py(127): click_Success->//*[@id="base_box"]/div/div[3]/form/button
[2021-03-17 05:39:11]cl_getDriver.py(72): Open NewTab->https://kabuoji3.com/stock/3578/1995/
[2021-03-17 05:39:12]cl_getDriver.py(127): click_Success->//*[@id="base_box"]/div/div[3]/form/button
[2021-03-17 05:39:13]cl_getDriver.py(127): click_Success->//*[@id="base_box"]/div/div[3]/form/button
[2021-03-17 05:39:13]cl_getDriver.py(72): Open NewTab->https://kabuoji3.com/stock/3577/1984/
[2021-03-17 05:39:14]cl_getDriver.py(127): click_Success->//*[@id="base_box"]/div/div[3]/form/button
[2021-03-17 05:39:14]cl_getDriver.py(127): click_Success->//*[@id="base_box"]/div/div[3]/form/button
[2021-03-17 05:39:15]cl_getDriver.py(72): Open NewTab->https://kabuoji3.com/stock/3578/1994/
[2021-03-17 05:39:16]cl_getDriver.py(127): click_Success->//*[@id="base_box"]/div/div[3]/form/button
[2021-03-17 05:39:17]cl_getDriver.py(127): click_Success->//*[@id="base_box"]/div/div[3]/form/button
[2021-03-17 05:39:17]cl_getDriver.py(72): Open NewTab->https://kabuoji3.com/stock/3577/1983/
[2021-03-17 05:39:18]cl_getDriver.py(127): click_Success->//*[@id="base_box"]/div/div[3]/form/button
[2021-03-17 05:39:18]cl_getDriver.py(127): click_Success->//*[@id="base_box"]/div/div[3]/form/button
[2021-03-17 05:39:19]cl_getDriver.py(72): Open NewTab->https://kabuoji3.com/stock/3578/1993/
[2021-03-17 05:39:20]cl_getDriver.py(127): click_Success->//*[@id="base_box"]/div/div[3]/form/button
[2021-03-17 05:39:21]cl_getDriver.py(127): click_Success->//*[@id="base_box"]/div/div[3]/form/button
[2021-03-17 05:39:22]cl_getDriver.py(127): click_Success->//*[@id="base_box"]/div/div[3]/form/button
[2021-03-17 05:39:22]cl_getDriver.py(72): Open NewTab->https://kabuoji3.com/stock/3578/1992/
[2021-03-17 05:39:23]cl_getDriver.py(127): click_Success->//*[@id="base_box"]/div/div[3]/form/button
[2021-03-17 05:39:25]main.py(42): finished Process->https://kabuoji3.com/stock/3577/
[2021-03-17 05:39:25]main.py(15): start_Process->https://kabuoji3.com/stock/3580/
[2021-03-17 05:39:25]cl_getDriver.py(127): click_Success->//*[@id="base_box"]/div/div[3]/form/button
[2021-03-17 05:39:25]cl_getDriver.py(72): Open NewTab->https://kabuoji3.com/stock/3578/1991/
[2021-03-17 05:39:26]cl_getDriver.py(127): click_Success->//*[@id="base_box"]/div/div[3]/form/button
[2021-03-17 05:39:29]cl_getDriver.py(127): click_Success->//*[@id="base_box"]/div/div[3]/form/button
[2021-03-17 05:39:29]cl_getDriver.py(72): Open NewTab->https://kabuoji3.com/stock/3578/1990/
[2021-03-17 05:39:30]cl_getDriver.py(127): click_Success->//*[@id="base_box"]/div/div[3]/form/button
[2021-03-17 05:39:31]cl_getDriver.py(64): getURL=https://kabuoji3.com/stock/3580/
[2021-03-17 05:39:32]cl_getDriver.py(72): Open NewTab->https://kabuoji3.com/stock/3580/
[2021-03-17 05:39:33]cl_getDriver.py(127): click_Success->//*[@id="base_box"]/div/div[3]/form/button
[2021-03-17 05:39:33]cl_getDriver.py(130): Not Found->//*[@id="base_box"]/div/div[3]/form/button
[2021-03-17 05:39:33]cl_getDriver.py(72): Open NewTab->https://kabuoji3.com/stock/3578/1989/
[2021-03-17 05:39:34]cl_getDriver.py(127): click_Success->//*[@id="base_box"]/div/div[3]/form/button
[2021-03-17 05:39:35]cl_getDriver.py(130): Not Found->//*[@id="base_box"]/div/div[3]/form/button
[2021-03-17 05:39:35]cl_getDriver.py(72): Open NewTab->https://kabuoji3.com/stock/3580/2021/
[2021-03-17 05:39:36]cl_getDriver.py(127): click_Success->//*[@id="base_box"]/div/div[3]/form/button
[2021-03-17 05:39:36]cl_getDriver.py(127): click_Success->//*[@id="base_box"]/div/div[3]/form/button
[2021-03-17 05:39:37]cl_getDriver.py(72): Open NewTab->https://kabuoji3.com/stock/3578/1988/
[2021-03-17 05:39:38]cl_getDriver.py(127): click_Success->//*[@id="base_box"]/div/div[3]/form/button
[2021-03-17 05:39:38]cl_getDriver.py(127): click_Success->//*[@id="base_box"]/div/div[3]/form/button
[2021-03-17 05:39:39]cl_getDriver.py(72): Open NewTab->https://kabuoji3.com/stock/3580/2020/
[2021-03-17 05:39:40]cl_getDriver.py(127): click_Success->//*[@id="base_box"]/div/div[3]/form/button
[2021-03-17 05:39:40]cl_getDriver.py(127): click_Success->//*[@id="base_box"]/div/div[3]/form/button
[2021-03-17 05:39:40]cl_getDriver.py(72): Open NewTab->https://kabuoji3.com/stock/3578/1987/
[2021-03-17 05:39:41]cl_getDriver.py(127): click_Success->//*[@id="base_box"]/div/div[3]/form/button
[2021-03-17 05:39:42]cl_getDriver.py(127): click_Success->//*[@id="base_box"]/div/div[3]/form/button
[2021-03-17 05:39:42]cl_getDriver.py(72): Open NewTab->https://kabuoji3.com/stock/3580/2019/
[2021-03-17 05:39:43]cl_getDriver.py(127): click_Success->//*[@id="base_box"]/div/div[3]/form/button
[2021-03-17 05:39:44]cl_getDriver.py(127): click_Success->//*[@id="base_box"]/div/div[3]/form/button
[2021-03-17 05:39:44]cl_getDriver.py(72): Open NewTab->https://kabuoji3.com/stock/3578/1986/
[2021-03-17 05:39:45]cl_getDriver.py(127): click_Success->//*[@id="base_box"]/div/div[3]/form/button
[2021-03-17 05:39:46]cl_getDriver.py(127): click_Success->//*[@id="base_box"]/div/div[3]/form/button
[2021-03-17 05:39:46]cl_getDriver.py(72): Open NewTab->https://kabuoji3.com/stock/3580/2018/
[2021-03-17 05:39:47]cl_getDriver.py(127): click_Success->//*[@id="base_box"]/div/div[3]/form/button
[2021-03-17 05:39:47]cl_getDriver.py(127): click_Success->//*[@id="base_box"]/div/div[3]/form/button
[2021-03-17 05:39:47]cl_getDriver.py(72): Open NewTab->https://kabuoji3.com/stock/3578/1985/
[2021-03-17 05:39:48]cl_getDriver.py(127): click_Success->//*[@id="base_box"]/div/div[3]/form/button
[2021-03-17 05:39:49]cl_getDriver.py(127): click_Success->//*[@id="base_box"]/div/div[3]/form/button
[2021-03-17 05:39:49]cl_getDriver.py(72): Open NewTab->https://kabuoji3.com/stock/3580/2017/
[2021-03-17 05:39:50]cl_getDriver.py(127): click_Success->//*[@id="base_box"]/div/div[3]/form/button
[2021-03-17 05:39:51]cl_getDriver.py(127): click_Success->//*[@id="base_box"]/div/div[3]/form/button
[2021-03-17 05:39:51]cl_getDriver.py(72): Open NewTab->https://kabuoji3.com/stock/3578/1984/
[2021-03-17 05:39:52]cl_getDriver.py(127): click_Success->//*[@id="base_box"]/div/div[3]/form/button
[2021-03-17 05:39:53]cl_getDriver.py(127): click_Success->//*[@id="base_box"]/div/div[3]/form/button
[2021-03-17 05:39:53]cl_getDriver.py(72): Open NewTab->https://kabuoji3.com/stock/3580/2016/
[2021-03-17 05:39:54]cl_getDriver.py(127): click_Success->//*[@id="base_box"]/div/div[3]/form/button
[2021-03-17 05:39:54]cl_getDriver.py(127): click_Success->//*[@id="base_box"]/div/div[3]/form/button
[2021-03-17 05:39:54]cl_getDriver.py(72): Open NewTab->https://kabuoji3.com/stock/3578/1983/
[2021-03-17 05:39:55]cl_getDriver.py(127): click_Success->//*[@id="base_box"]/div/div[3]/form/button
[2021-03-17 05:39:56]cl_getDriver.py(127): click_Success->//*[@id="base_box"]/div/div[3]/form/button
[2021-03-17 05:39:57]cl_getDriver.py(72): Open NewTab->https://kabuoji3.com/stock/3580/2015/
[2021-03-17 05:39:57]cl_getDriver.py(127): click_Success->//*[@id="base_box"]/div/div[3]/form/button
[2021-03-17 05:39:58]cl_getDriver.py(127): click_Success->//*[@id="base_box"]/div/div[3]/form/button
[2021-03-17 05:40:00]cl_getDriver.py(127): click_Success->//*[@id="base_box"]/div/div[3]/form/button
[2021-03-17 05:40:00]cl_getDriver.py(72): Open NewTab->https://kabuoji3.com/stock/3580/2014/
[2021-03-17 05:40:01]cl_getDriver.py(127): click_Success->//*[@id="base_box"]/div/div[3]/form/button
[2021-03-17 05:40:02]main.py(42): finished Process->https://kabuoji3.com/stock/3578/
[2021-03-17 05:40:02]main.py(15): start_Process->https://kabuoji3.com/stock/3583/
[2021-03-17 05:40:03]cl_getDriver.py(127): click_Success->//*[@id="base_box"]/div/div[3]/form/button
[2021-03-17 05:40:03]cl_getDriver.py(72): Open NewTab->https://kabuoji3.com/stock/3580/2013/
[2021-03-17 05:40:05]cl_getDriver.py(127): click_Success->//*[@id="base_box"]/div/div[3]/form/button
[2021-03-17 05:40:07]cl_getDriver.py(127): click_Success->//*[@id="base_box"]/div/div[3]/form/button
[2021-03-17 05:40:08]cl_getDriver.py(72): Open NewTab->https://kabuoji3.com/stock/3580/2012/
[2021-03-17 05:40:08]cl_getDriver.py(64): getURL=https://kabuoji3.com/stock/3583/
[2021-03-17 05:40:08]cl_getDriver.py(72): Open NewTab->https://kabuoji3.com/stock/3583/
[2021-03-17 05:40:09]cl_getDriver.py(127): click_Success->//*[@id="base_box"]/div/div[3]/form/button
[2021-03-17 05:40:09]cl_getDriver.py(130): Not Found->//*[@id="base_box"]/div/div[3]/form/button
[2021-03-17 05:40:11]cl_getDriver.py(127): click_Success->//*[@id="base_box"]/div/div[3]/form/button
[2021-03-17 05:40:11]cl_getDriver.py(130): Not Found->//*[@id="base_box"]/div/div[3]/form/button
[2021-03-17 05:40:11]cl_getDriver.py(72): Open NewTab->https://kabuoji3.com/stock/3580/2011/
[2021-03-17 05:40:12]cl_getDriver.py(72): Open NewTab->https://kabuoji3.com/stock/3583/2021/
[2021-03-17 05:40:13]cl_getDriver.py(127): click_Success->//*[@id="base_box"]/div/div[3]/form/button
[2021-03-17 05:40:13]cl_getDriver.py(127): click_Success->//*[@id="base_box"]/div/div[3]/form/button
[2021-03-17 05:40:15]cl_getDriver.py(127): click_Success->//*[@id="base_box"]/div/div[3]/form/button
[2021-03-17 05:40:15]cl_getDriver.py(127): click_Success->//*[@id="base_box"]/div/div[3]/form/button
[2021-03-17 05:40:16]cl_getDriver.py(72): Open NewTab->https://kabuoji3.com/stock/3580/2010/
[2021-03-17 05:40:16]cl_getDriver.py(72): Open NewTab->https://kabuoji3.com/stock/3583/2020/
[2021-03-17 05:40:17]cl_getDriver.py(127): click_Success->//*[@id="base_box"]/div/div[3]/form/button
[2021-03-17 05:40:17]cl_getDriver.py(127): click_Success->//*[@id="base_box"]/div/div[3]/form/button
[2021-03-17 05:40:19]cl_getDriver.py(127): click_Success->//*[@id="base_box"]/div/div[3]/form/button
[2021-03-17 05:40:20]cl_getDriver.py(127): click_Success->//*[@id="base_box"]/div/div[3]/form/button
[2021-03-17 05:40:20]cl_getDriver.py(72): Open NewTab->https://kabuoji3.com/stock/3583/2019/
[2021-03-17 05:40:20]cl_getDriver.py(72): Open NewTab->https://kabuoji3.com/stock/3580/2009/
[2021-03-17 05:40:21]cl_getDriver.py(127): click_Success->//*[@id="base_box"]/div/div[3]/form/button
[2021-03-17 05:40:21]cl_getDriver.py(127): click_Success->//*[@id="base_box"]/div/div[3]/form/button
[2021-03-17 05:40:24]cl_getDriver.py(127): click_Success->//*[@id="base_box"]/div/div[3]/form/button
[2021-03-17 05:40:24]cl_getDriver.py(127): click_Success->//*[@id="base_box"]/div/div[3]/form/button
[2021-03-17 05:40:24]cl_getDriver.py(72): Open NewTab->https://kabuoji3.com/stock/3583/2018/
[2021-03-17 05:40:24]cl_getDriver.py(72): Open NewTab->https://kabuoji3.com/stock/3580/2008/
[2021-03-17 05:40:25]cl_getDriver.py(127): click_Success->//*[@id="base_box"]/div/div[3]/form/button
[2021-03-17 05:40:26]cl_getDriver.py(127): click_Success->//*[@id="base_box"]/div/div[3]/form/button
[2021-03-17 05:40:28]cl_getDriver.py(127): click_Success->//*[@id="base_box"]/div/div[3]/form/button
[2021-03-17 05:40:28]cl_getDriver.py(127): click_Success->//*[@id="base_box"]/div/div[3]/form/button
[2021-03-17 05:40:28]cl_getDriver.py(72): Open NewTab->https://kabuoji3.com/stock/3583/2017/
[2021-03-17 05:40:28]cl_getDriver.py(72): Open NewTab->https://kabuoji3.com/stock/3580/2007/
[2021-03-17 05:40:30]cl_getDriver.py(127): click_Success->//*[@id="base_box"]/div/div[3]/form/button
[2021-03-17 05:40:30]cl_getDriver.py(127): click_Success->//*[@id="base_box"]/div/div[3]/form/button
[2021-03-17 05:40:32]cl_getDriver.py(127): click_Success->//*[@id="base_box"]/div/div[3]/form/button
[2021-03-17 05:40:32]cl_getDriver.py(127): click_Success->//*[@id="base_box"]/div/div[3]/form/button
[2021-03-17 05:40:33]cl_getDriver.py(72): Open NewTab->https://kabuoji3.com/stock/3583/2016/
[2021-03-17 05:40:33]cl_getDriver.py(72): Open NewTab->https://kabuoji3.com/stock/3580/2006/
[2021-03-17 05:40:34]cl_getDriver.py(127): click_Success->//*[@id="base_box"]/div/div[3]/form/button
[2021-03-17 05:40:34]cl_getDriver.py(127): click_Success->//*[@id="base_box"]/div/div[3]/form/button
[2021-03-17 05:40:36]cl_getDriver.py(127): click_Success->//*[@id="base_box"]/div/div[3]/form/button
[2021-03-17 05:40:37]cl_getDriver.py(72): Open NewTab->https://kabuoji3.com/stock/3583/2015/
[2021-03-17 05:40:37]cl_getDriver.py(127): click_Success->//*[@id="base_box"]/div/div[3]/form/button
[2021-03-17 05:40:37]cl_getDriver.py(72): Open NewTab->https://kabuoji3.com/stock/3580/2005/
[2021-03-17 05:40:38]cl_getDriver.py(127): click_Success->//*[@id="base_box"]/div/div[3]/form/button
[2021-03-17 05:40:39]cl_getDriver.py(127): click_Success->//*[@id="base_box"]/div/div[3]/form/button
[2021-03-17 05:40:41]cl_getDriver.py(127): click_Success->//*[@id="base_box"]/div/div[3]/form/button
[2021-03-17 05:40:41]cl_getDriver.py(72): Open NewTab->https://kabuoji3.com/stock/3583/2014/
[2021-03-17 05:40:41]cl_getDriver.py(127): click_Success->//*[@id="base_box"]/div/div[3]/form/button
[2021-03-17 05:40:42]cl_getDriver.py(72): Open NewTab->https://kabuoji3.com/stock/3580/2004/
[2021-03-17 05:40:43]cl_getDriver.py(127): click_Success->//*[@id="base_box"]/div/div[3]/form/button
[2021-03-17 05:40:43]cl_getDriver.py(127): click_Success->//*[@id="base_box"]/div/div[3]/form/button
[2021-03-17 05:40:45]cl_getDriver.py(127): click_Success->//*[@id="base_box"]/div/div[3]/form/button
[2021-03-17 05:40:45]cl_getDriver.py(127): click_Success->//*[@id="base_box"]/div/div[3]/form/button
[2021-03-17 05:40:46]cl_getDriver.py(72): Open NewTab->https://kabuoji3.com/stock/3583/2013/
[2021-03-17 05:40:46]cl_getDriver.py(72): Open NewTab->https://kabuoji3.com/stock/3580/2003/
[2021-03-17 05:40:47]cl_getDriver.py(127): click_Success->//*[@id="base_box"]/div/div[3]/form/button
[2021-03-17 05:40:47]cl_getDriver.py(127): click_Success->//*[@id="base_box"]/div/div[3]/form/button
[2021-03-17 05:40:49]cl_getDriver.py(127): click_Success->//*[@id="base_box"]/div/div[3]/form/button
[2021-03-17 05:40:50]cl_getDriver.py(127): click_Success->//*[@id="base_box"]/div/div[3]/form/button
[2021-03-17 05:40:50]cl_getDriver.py(72): Open NewTab->https://kabuoji3.com/stock/3580/2002/
[2021-03-17 05:40:50]cl_getDriver.py(72): Open NewTab->https://kabuoji3.com/stock/3583/2012/
[2021-03-17 05:40:52]cl_getDriver.py(127): click_Success->//*[@id="base_box"]/div/div[3]/form/button
[2021-03-17 05:40:52]cl_getDriver.py(127): click_Success->//*[@id="base_box"]/div/div[3]/form/button
[2021-03-17 05:40:54]cl_getDriver.py(127): click_Success->//*[@id="base_box"]/div/div[3]/form/button
[2021-03-17 05:40:54]cl_getDriver.py(127): click_Success->//*[@id="base_box"]/div/div[3]/form/button
[2021-03-17 05:40:55]cl_getDriver.py(72): Open NewTab->https://kabuoji3.com/stock/3583/2011/
[2021-03-17 05:40:55]cl_getDriver.py(72): Open NewTab->https://kabuoji3.com/stock/3580/2001/
[2021-03-17 05:40:56]cl_getDriver.py(127): click_Success->//*[@id="base_box"]/div/div[3]/form/button
[2021-03-17 05:40:56]cl_getDriver.py(127): click_Success->//*[@id="base_box"]/div/div[3]/form/button
[2021-03-17 05:40:59]cl_getDriver.py(127): click_Success->//*[@id="base_box"]/div/div[3]/form/button
[2021-03-17 05:40:59]cl_getDriver.py(127): click_Success->//*[@id="base_box"]/div/div[3]/form/button
[2021-03-17 05:40:59]cl_getDriver.py(72): Open NewTab->https://kabuoji3.com/stock/3583/2010/
[2021-03-17 05:40:59]cl_getDriver.py(72): Open NewTab->https://kabuoji3.com/stock/3580/2000/
[2021-03-17 05:41:01]cl_getDriver.py(127): click_Success->//*[@id="base_box"]/div/div[3]/form/button
[2021-03-17 05:41:01]cl_getDriver.py(127): click_Success->//*[@id="base_box"]/div/div[3]/form/button
[2021-03-17 05:41:03]cl_getDriver.py(127): click_Success->//*[@id="base_box"]/div/div[3]/form/button
[2021-03-17 05:41:03]cl_getDriver.py(127): click_Success->//*[@id="base_box"]/div/div[3]/form/button
[2021-03-17 05:41:04]cl_getDriver.py(72): Open NewTab->https://kabuoji3.com/stock/3583/2009/
[2021-03-17 05:41:04]cl_getDriver.py(72): Open NewTab->https://kabuoji3.com/stock/3580/1999/
[2021-03-17 05:41:05]cl_getDriver.py(127): click_Success->//*[@id="base_box"]/div/div[3]/form/button
[2021-03-17 05:41:05]cl_getDriver.py(127): click_Success->//*[@id="base_box"]/div/div[3]/form/button
[2021-03-17 05:41:07]cl_getDriver.py(127): click_Success->//*[@id="base_box"]/div/div[3]/form/button
[2021-03-17 05:41:07]cl_getDriver.py(127): click_Success->//*[@id="base_box"]/div/div[3]/form/button
[2021-03-17 05:41:08]cl_getDriver.py(72): Open NewTab->https://kabuoji3.com/stock/3583/2008/
[2021-03-17 05:41:08]cl_getDriver.py(72): Open NewTab->https://kabuoji3.com/stock/3580/1998/
[2021-03-17 05:41:09]cl_getDriver.py(127): click_Success->//*[@id="base_box"]/div/div[3]/form/button
[2021-03-17 05:41:09]cl_getDriver.py(127): click_Success->//*[@id="base_box"]/div/div[3]/form/button
[2021-03-17 05:41:11]cl_getDriver.py(127): click_Success->//*[@id="base_box"]/div/div[3]/form/button
[2021-03-17 05:41:12]cl_getDriver.py(127): click_Success->//*[@id="base_box"]/div/div[3]/form/button
[2021-03-17 05:41:12]cl_getDriver.py(72): Open NewTab->https://kabuoji3.com/stock/3580/1997/
[2021-03-17 05:41:12]cl_getDriver.py(72): Open NewTab->https://kabuoji3.com/stock/3583/2007/
[2021-03-17 05:41:13]cl_getDriver.py(127): click_Success->//*[@id="base_box"]/div/div[3]/form/button
[2021-03-17 05:41:13]cl_getDriver.py(127): click_Success->//*[@id="base_box"]/div/div[3]/form/button
[2021-03-17 05:41:16]cl_getDriver.py(127): click_Success->//*[@id="base_box"]/div/div[3]/form/button
[2021-03-17 05:41:16]cl_getDriver.py(127): click_Success->//*[@id="base_box"]/div/div[3]/form/button
[2021-03-17 05:41:16]cl_getDriver.py(72): Open NewTab->https://kabuoji3.com/stock/3580/1996/
[2021-03-17 05:41:16]cl_getDriver.py(72): Open NewTab->https://kabuoji3.com/stock/3583/2006/
[2021-03-17 05:41:18]cl_getDriver.py(127): click_Success->//*[@id="base_box"]/div/div[3]/form/button
[2021-03-17 05:41:18]cl_getDriver.py(127): click_Success->//*[@id="base_box"]/div/div[3]/form/button
[2021-03-17 05:41:20]cl_getDriver.py(127): click_Success->//*[@id="base_box"]/div/div[3]/form/button
[2021-03-17 05:41:20]cl_getDriver.py(127): click_Success->//*[@id="base_box"]/div/div[3]/form/button
[2021-03-17 05:41:21]cl_getDriver.py(72): Open NewTab->https://kabuoji3.com/stock/3580/1995/
[2021-03-17 05:41:21]cl_getDriver.py(72): Open NewTab->https://kabuoji3.com/stock/3583/2005/
[2021-03-17 05:41:22]cl_getDriver.py(127): click_Success->//*[@id="base_box"]/div/div[3]/form/button
[2021-03-17 05:41:22]cl_getDriver.py(127): click_Success->//*[@id="base_box"]/div/div[3]/form/button
[2021-03-17 05:41:24]cl_getDriver.py(127): click_Success->//*[@id="base_box"]/div/div[3]/form/button
[2021-03-17 05:41:24]cl_getDriver.py(127): click_Success->//*[@id="base_box"]/div/div[3]/form/button
[2021-03-17 05:41:24]cl_getDriver.py(72): Open NewTab->https://kabuoji3.com/stock/3580/1994/
[2021-03-17 05:41:25]cl_getDriver.py(72): Open NewTab->https://kabuoji3.com/stock/3583/2004/
[2021-03-17 05:41:26]cl_getDriver.py(127): click_Success->//*[@id="base_box"]/div/div[3]/form/button
[2021-03-17 05:41:26]cl_getDriver.py(127): click_Success->//*[@id="base_box"]/div/div[3]/form/button
[2021-03-17 05:41:28]cl_getDriver.py(127): click_Success->//*[@id="base_box"]/div/div[3]/form/button
[2021-03-17 05:41:28]cl_getDriver.py(127): click_Success->//*[@id="base_box"]/div/div[3]/form/button
[2021-03-17 05:41:29]cl_getDriver.py(72): Open NewTab->https://kabuoji3.com/stock/3580/1993/
[2021-03-17 05:41:29]cl_getDriver.py(72): Open NewTab->https://kabuoji3.com/stock/3583/2003/
[2021-03-17 05:41:30]cl_getDriver.py(127): click_Success->//*[@id="base_box"]/div/div[3]/form/button
[2021-03-17 05:41:30]cl_getDriver.py(127): click_Success->//*[@id="base_box"]/div/div[3]/form/button
[2021-03-17 05:41:32]cl_getDriver.py(127): click_Success->//*[@id="base_box"]/div/div[3]/form/button
[2021-03-17 05:41:32]cl_getDriver.py(72): Open NewTab->https://kabuoji3.com/stock/3580/1992/
[2021-03-17 05:41:33]cl_getDriver.py(127): click_Success->//*[@id="base_box"]/div/div[3]/form/button
[2021-03-17 05:41:33]cl_getDriver.py(72): Open NewTab->https://kabuoji3.com/stock/3583/2002/
[2021-03-17 05:41:34]cl_getDriver.py(127): click_Success->//*[@id="base_box"]/div/div[3]/form/button
[2021-03-17 05:41:34]cl_getDriver.py(127): click_Success->//*[@id="base_box"]/div/div[3]/form/button
[2021-03-17 05:41:36]cl_getDriver.py(127): click_Success->//*[@id="base_box"]/div/div[3]/form/button
[2021-03-17 05:41:36]cl_getDriver.py(127): click_Success->//*[@id="base_box"]/div/div[3]/form/button
[2021-03-17 05:41:37]cl_getDriver.py(72): Open NewTab->https://kabuoji3.com/stock/3580/1991/
[2021-03-17 05:41:37]cl_getDriver.py(72): Open NewTab->https://kabuoji3.com/stock/3583/2001/
[2021-03-17 05:41:38]cl_getDriver.py(127): click_Success->//*[@id="base_box"]/div/div[3]/form/button
[2021-03-17 05:41:38]cl_getDriver.py(127): click_Success->//*[@id="base_box"]/div/div[3]/form/button
[2021-03-17 05:41:40]cl_getDriver.py(127): click_Success->//*[@id="base_box"]/div/div[3]/form/button
[2021-03-17 05:41:40]cl_getDriver.py(127): click_Success->//*[@id="base_box"]/div/div[3]/form/button
[2021-03-17 05:41:41]cl_getDriver.py(72): Open NewTab->https://kabuoji3.com/stock/3580/1990/
[2021-03-17 05:41:41]cl_getDriver.py(72): Open NewTab->https://kabuoji3.com/stock/3583/2000/
[2021-03-17 05:41:42]cl_getDriver.py(127): click_Success->//*[@id="base_box"]/div/div[3]/form/button
[2021-03-17 05:41:42]cl_getDriver.py(127): click_Success->//*[@id="base_box"]/div/div[3]/form/button
[2021-03-17 05:41:44]cl_getDriver.py(127): click_Success->//*[@id="base_box"]/div/div[3]/form/button
[2021-03-17 05:41:44]cl_getDriver.py(127): click_Success->//*[@id="base_box"]/div/div[3]/form/button
[2021-03-17 05:41:45]cl_getDriver.py(72): Open NewTab->https://kabuoji3.com/stock/3583/1999/
[2021-03-17 05:41:45]cl_getDriver.py(72): Open NewTab->https://kabuoji3.com/stock/3580/1989/
[2021-03-17 05:41:46]cl_getDriver.py(127): click_Success->//*[@id="base_box"]/div/div[3]/form/button
[2021-03-17 05:41:46]cl_getDriver.py(127): click_Success->//*[@id="base_box"]/div/div[3]/form/button
[2021-03-17 05:41:49]cl_getDriver.py(127): click_Success->//*[@id="base_box"]/div/div[3]/form/button
[2021-03-17 05:41:49]cl_getDriver.py(127): click_Success->//*[@id="base_box"]/div/div[3]/form/button
[2021-03-17 05:41:50]cl_getDriver.py(72): Open NewTab->https://kabuoji3.com/stock/3580/1988/
[2021-03-17 05:41:50]cl_getDriver.py(72): Open NewTab->https://kabuoji3.com/stock/3583/1998/
[2021-03-17 05:41:51]cl_getDriver.py(127): click_Success->//*[@id="base_box"]/div/div[3]/form/button
[2021-03-17 05:41:51]cl_getDriver.py(127): click_Success->//*[@id="base_box"]/div/div[3]/form/button
[2021-03-17 05:41:53]cl_getDriver.py(127): click_Success->//*[@id="base_box"]/div/div[3]/form/button
[2021-03-17 05:41:53]cl_getDriver.py(127): click_Success->//*[@id="base_box"]/div/div[3]/form/button
[2021-03-17 05:41:54]cl_getDriver.py(72): Open NewTab->https://kabuoji3.com/stock/3583/1997/
[2021-03-17 05:41:54]cl_getDriver.py(72): Open NewTab->https://kabuoji3.com/stock/3580/1987/
[2021-03-17 05:41:55]cl_getDriver.py(127): click_Success->//*[@id="base_box"]/div/div[3]/form/button
[2021-03-17 05:41:55]cl_getDriver.py(127): click_Success->//*[@id="base_box"]/div/div[3]/form/button
[2021-03-17 05:41:57]cl_getDriver.py(127): click_Success->//*[@id="base_box"]/div/div[3]/form/button
[2021-03-17 05:41:57]cl_getDriver.py(127): click_Success->//*[@id="base_box"]/div/div[3]/form/button
[2021-03-17 05:41:58]cl_getDriver.py(72): Open NewTab->https://kabuoji3.com/stock/3583/1996/
[2021-03-17 05:41:58]cl_getDriver.py(72): Open NewTab->https://kabuoji3.com/stock/3580/1986/
[2021-03-17 05:41:59]cl_getDriver.py(127): click_Success->//*[@id="base_box"]/div/div[3]/form/button
[2021-03-17 05:41:59]cl_getDriver.py(127): click_Success->//*[@id="base_box"]/div/div[3]/form/button
[2021-03-17 05:42:01]cl_getDriver.py(127): click_Success->//*[@id="base_box"]/div/div[3]/form/button
[2021-03-17 05:42:01]cl_getDriver.py(127): click_Success->//*[@id="base_box"]/div/div[3]/form/button
[2021-03-17 05:42:02]cl_getDriver.py(72): Open NewTab->https://kabuoji3.com/stock/3583/1995/
[2021-03-17 05:42:02]cl_getDriver.py(72): Open NewTab->https://kabuoji3.com/stock/3580/1985/
[2021-03-17 05:42:03]cl_getDriver.py(127): click_Success->//*[@id="base_box"]/div/div[3]/form/button
[2021-03-17 05:42:03]cl_getDriver.py(127): click_Success->//*[@id="base_box"]/div/div[3]/form/button
[2021-03-17 05:42:06]cl_getDriver.py(127): click_Success->//*[@id="base_box"]/div/div[3]/form/button
[2021-03-17 05:42:06]cl_getDriver.py(127): click_Success->//*[@id="base_box"]/div/div[3]/form/button
[2021-03-17 05:42:06]cl_getDriver.py(72): Open NewTab->https://kabuoji3.com/stock/3583/1994/
[2021-03-17 05:42:06]cl_getDriver.py(72): Open NewTab->https://kabuoji3.com/stock/3580/1984/
[2021-03-17 05:42:07]cl_getDriver.py(127): click_Success->//*[@id="base_box"]/div/div[3]/form/button
[2021-03-17 05:42:08]cl_getDriver.py(127): click_Success->//*[@id="base_box"]/div/div[3]/form/button
[2021-03-17 05:42:10]cl_getDriver.py(127): click_Success->//*[@id="base_box"]/div/div[3]/form/button
[2021-03-17 05:42:10]cl_getDriver.py(127): click_Success->//*[@id="base_box"]/div/div[3]/form/button
[2021-03-17 05:42:11]cl_getDriver.py(72): Open NewTab->https://kabuoji3.com/stock/3583/1993/
[2021-03-17 05:42:11]cl_getDriver.py(72): Open NewTab->https://kabuoji3.com/stock/3580/1983/
[2021-03-17 05:42:12]cl_getDriver.py(127): click_Success->//*[@id="base_box"]/div/div[3]/form/button
[2021-03-17 05:42:12]cl_getDriver.py(127): click_Success->//*[@id="base_box"]/div/div[3]/form/button
[2021-03-17 05:42:14]cl_getDriver.py(127): click_Success->//*[@id="base_box"]/div/div[3]/form/button
[2021-03-17 05:42:14]cl_getDriver.py(127): click_Success->//*[@id="base_box"]/div/div[3]/form/button
[2021-03-17 05:42:15]cl_getDriver.py(72): Open NewTab->https://kabuoji3.com/stock/3583/1992/
[2021-03-17 05:42:16]cl_getDriver.py(127): click_Success->//*[@id="base_box"]/div/div[3]/form/button
[2021-03-17 05:42:18]cl_getDriver.py(127): click_Success->//*[@id="base_box"]/div/div[3]/form/button
[2021-03-17 05:42:18]cl_getDriver.py(72): Open NewTab->https://kabuoji3.com/stock/3583/1991/
[2021-03-17 05:42:19]main.py(42): finished Process->https://kabuoji3.com/stock/3580/
[2021-03-17 05:42:19]main.py(15): start_Process->https://kabuoji3.com/stock/3591/
[2021-03-17 05:42:19]cl_getDriver.py(127): click_Success->//*[@id="base_box"]/div/div[3]/form/button
[2021-03-17 05:42:21]cl_getDriver.py(127): click_Success->//*[@id="base_box"]/div/div[3]/form/button
[2021-03-17 05:42:22]cl_getDriver.py(72): Open NewTab->https://kabuoji3.com/stock/3583/1990/
[2021-03-17 05:42:22]cl_getDriver.py(127): click_Success->//*[@id="base_box"]/div/div[3]/form/button
[2021-03-17 05:42:24]cl_getDriver.py(64): getURL=https://kabuoji3.com/stock/3591/
[2021-03-17 05:42:24]cl_getDriver.py(72): Open NewTab->https://kabuoji3.com/stock/3591/
[2021-03-17 05:42:25]cl_getDriver.py(130): Not Found->//*[@id="base_box"]/div/div[3]/form/button
[2021-03-17 05:42:25]cl_getDriver.py(127): click_Success->//*[@id="base_box"]/div/div[3]/form/button
[2021-03-17 05:42:25]cl_getDriver.py(72): Open NewTab->https://kabuoji3.com/stock/3583/1989/
[2021-03-17 05:42:26]cl_getDriver.py(127): click_Success->//*[@id="base_box"]/div/div[3]/form/button
[2021-03-17 05:42:27]cl_getDriver.py(130): Not Found->//*[@id="base_box"]/div/div[3]/form/button
[2021-03-17 05:42:27]cl_getDriver.py(72): Open NewTab->https://kabuoji3.com/stock/3591/2021/
[2021-03-17 05:42:28]cl_getDriver.py(127): click_Success->//*[@id="base_box"]/div/div[3]/form/button
[2021-03-17 05:42:28]cl_getDriver.py(127): click_Success->//*[@id="base_box"]/div/div[3]/form/button
[2021-03-17 05:42:29]cl_getDriver.py(72): Open NewTab->https://kabuoji3.com/stock/3583/1988/
[2021-03-17 05:42:30]cl_getDriver.py(127): click_Success->//*[@id="base_box"]/div/div[3]/form/button
[2021-03-17 05:42:30]cl_getDriver.py(127): click_Success->//*[@id="base_box"]/div/div[3]/form/button
[2021-03-17 05:42:30]cl_getDriver.py(72): Open NewTab->https://kabuoji3.com/stock/3591/2020/
[2021-03-17 05:42:31]cl_getDriver.py(127): click_Success->//*[@id="base_box"]/div/div[3]/form/button
[2021-03-17 05:42:32]cl_getDriver.py(127): click_Success->//*[@id="base_box"]/div/div[3]/form/button
[2021-03-17 05:42:32]cl_getDriver.py(72): Open NewTab->https://kabuoji3.com/stock/3583/1987/
[2021-03-17 05:42:33]cl_getDriver.py(127): click_Success->//*[@id="base_box"]/div/div[3]/form/button
[2021-03-17 05:42:34]cl_getDriver.py(127): click_Success->//*[@id="base_box"]/div/div[3]/form/button
[2021-03-17 05:42:34]cl_getDriver.py(72): Open NewTab->https://kabuoji3.com/stock/3591/2019/
[2021-03-17 05:42:35]cl_getDriver.py(127): click_Success->//*[@id="base_box"]/div/div[3]/form/button
[2021-03-17 05:42:36]cl_getDriver.py(127): click_Success->//*[@id="base_box"]/div/div[3]/form/button
[2021-03-17 05:42:36]cl_getDriver.py(72): Open NewTab->https://kabuoji3.com/stock/3583/1986/
[2021-03-17 05:42:37]cl_getDriver.py(127): click_Success->//*[@id="base_box"]/div/div[3]/form/button
[2021-03-17 05:42:37]cl_getDriver.py(127): click_Success->//*[@id="base_box"]/div/div[3]/form/button
[2021-03-17 05:42:38]cl_getDriver.py(72): Open NewTab->https://kabuoji3.com/stock/3591/2018/
[2021-03-17 05:42:39]cl_getDriver.py(127): click_Success->//*[@id="base_box"]/div/div[3]/form/button
[2021-03-17 05:42:39]cl_getDriver.py(127): click_Success->//*[@id="base_box"]/div/div[3]/form/button
[2021-03-17 05:42:40]cl_getDriver.py(72): Open NewTab->https://kabuoji3.com/stock/3583/1985/
[2021-03-17 05:42:41]cl_getDriver.py(127): click_Success->//*[@id="base_box"]/div/div[3]/form/button
[2021-03-17 05:42:41]cl_getDriver.py(127): click_Success->//*[@id="base_box"]/div/div[3]/form/button
[2021-03-17 05:42:41]cl_getDriver.py(72): Open NewTab->https://kabuoji3.com/stock/3591/2017/
[2021-03-17 05:42:42]cl_getDriver.py(127): click_Success->//*[@id="base_box"]/div/div[3]/form/button
[2021-03-17 05:42:43]cl_getDriver.py(127): click_Success->//*[@id="base_box"]/div/div[3]/form/button
[2021-03-17 05:42:43]cl_getDriver.py(72): Open NewTab->https://kabuoji3.com/stock/3583/1984/
[2021-03-17 05:42:44]cl_getDriver.py(127): click_Success->//*[@id="base_box"]/div/div[3]/form/button
[2021-03-17 05:42:44]cl_getDriver.py(127): click_Success->//*[@id="base_box"]/div/div[3]/form/button
[2021-03-17 05:42:45]cl_getDriver.py(72): Open NewTab->https://kabuoji3.com/stock/3591/2016/
[2021-03-17 05:42:46]cl_getDriver.py(127): click_Success->//*[@id="base_box"]/div/div[3]/form/button
[2021-03-17 05:42:46]cl_getDriver.py(127): click_Success->//*[@id="base_box"]/div/div[3]/form/button
[2021-03-17 05:42:47]cl_getDriver.py(72): Open NewTab->https://kabuoji3.com/stock/3583/1983/
[2021-03-17 05:42:48]cl_getDriver.py(127): click_Success->//*[@id="base_box"]/div/div[3]/form/button
[2021-03-17 05:42:49]cl_getDriver.py(127): click_Success->//*[@id="base_box"]/div/div[3]/form/button
[2021-03-17 05:42:49]cl_getDriver.py(72): Open NewTab->https://kabuoji3.com/stock/3591/2015/
[2021-03-17 05:42:50]cl_getDriver.py(127): click_Success->//*[@id="base_box"]/div/div[3]/form/button
[2021-03-17 05:42:50]cl_getDriver.py(127): click_Success->//*[@id="base_box"]/div/div[3]/form/button
[2021-03-17 05:42:52]cl_getDriver.py(127): click_Success->//*[@id="base_box"]/div/div[3]/form/button
[2021-03-17 05:42:52]cl_getDriver.py(72): Open NewTab->https://kabuoji3.com/stock/3591/2014/
[2021-03-17 05:42:53]main.py(42): finished Process->https://kabuoji3.com/stock/3583/
[2021-03-17 05:42:53]main.py(15): start_Process->https://kabuoji3.com/stock/3593/
[2021-03-17 05:42:53]cl_getDriver.py(127): click_Success->//*[@id="base_box"]/div/div[3]/form/button
[2021-03-17 05:42:56]cl_getDriver.py(127): click_Success->//*[@id="base_box"]/div/div[3]/form/button
[2021-03-17 05:42:56]cl_getDriver.py(72): Open NewTab->https://kabuoji3.com/stock/3591/2013/
[2021-03-17 05:42:57]cl_getDriver.py(127): click_Success->//*[@id="base_box"]/div/div[3]/form/button
[2021-03-17 05:42:58]cl_getDriver.py(64): getURL=https://kabuoji3.com/stock/3593/
[2021-03-17 05:42:58]cl_getDriver.py(72): Open NewTab->https://kabuoji3.com/stock/3593/
[2021-03-17 05:42:59]cl_getDriver.py(130): Not Found->//*[@id="base_box"]/div/div[3]/form/button
[2021-03-17 05:43:00]cl_getDriver.py(127): click_Success->//*[@id="base_box"]/div/div[3]/form/button
[2021-03-17 05:43:00]cl_getDriver.py(72): Open NewTab->https://kabuoji3.com/stock/3591/2012/
[2021-03-17 05:43:01]cl_getDriver.py(130): Not Found->//*[@id="base_box"]/div/div[3]/form/button
[2021-03-17 05:43:01]cl_getDriver.py(72): Open NewTab->https://kabuoji3.com/stock/3593/2021/
[2021-03-17 05:43:01]cl_getDriver.py(127): click_Success->//*[@id="base_box"]/div/div[3]/form/button
[2021-03-17 05:43:02]cl_getDriver.py(127): click_Success->//*[@id="base_box"]/div/div[3]/form/button
[2021-03-17 05:43:03]cl_getDriver.py(127): click_Success->//*[@id="base_box"]/div/div[3]/form/button
[2021-03-17 05:43:04]cl_getDriver.py(72): Open NewTab->https://kabuoji3.com/stock/3591/2011/
[2021-03-17 05:43:04]cl_getDriver.py(127): click_Success->//*[@id="base_box"]/div/div[3]/form/button
[2021-03-17 05:43:04]cl_getDriver.py(72): Open NewTab->https://kabuoji3.com/stock/3593/2020/
[2021-03-17 05:43:05]cl_getDriver.py(127): click_Success->//*[@id="base_box"]/div/div[3]/form/button
[2021-03-17 05:43:06]cl_getDriver.py(127): click_Success->//*[@id="base_box"]/div/div[3]/form/button
[2021-03-17 05:43:07]cl_getDriver.py(127): click_Success->//*[@id="base_box"]/div/div[3]/form/button
[2021-03-17 05:43:08]cl_getDriver.py(72): Open NewTab->https://kabuoji3.com/stock/3591/2010/
[2021-03-17 05:43:08]cl_getDriver.py(127): click_Success->//*[@id="base_box"]/div/div[3]/form/button
[2021-03-17 05:43:09]cl_getDriver.py(72): Open NewTab->https://kabuoji3.com/stock/3593/2019/
[2021-03-17 05:43:09]cl_getDriver.py(127): click_Success->//*[@id="base_box"]/div/div[3]/form/button
[2021-03-17 05:43:10]cl_getDriver.py(127): click_Success->//*[@id="base_box"]/div/div[3]/form/button
[2021-03-17 05:43:12]cl_getDriver.py(127): click_Success->//*[@id="base_box"]/div/div[3]/form/button
[2021-03-17 05:43:12]cl_getDriver.py(72): Open NewTab->https://kabuoji3.com/stock/3591/2009/
[2021-03-17 05:43:12]cl_getDriver.py(127): click_Success->//*[@id="base_box"]/div/div[3]/form/button
[2021-03-17 05:43:13]cl_getDriver.py(72): Open NewTab->https://kabuoji3.com/stock/3593/2018/
[2021-03-17 05:43:13]cl_getDriver.py(127): click_Success->//*[@id="base_box"]/div/div[3]/form/button
[2021-03-17 05:43:14]cl_getDriver.py(127): click_Success->//*[@id="base_box"]/div/div[3]/form/button
[2021-03-17 05:43:16]cl_getDriver.py(127): click_Success->//*[@id="base_box"]/div/div[3]/form/button
[2021-03-17 05:43:16]cl_getDriver.py(72): Open NewTab->https://kabuoji3.com/stock/3591/2008/
[2021-03-17 05:43:16]cl_getDriver.py(127): click_Success->//*[@id="base_box"]/div/div[3]/form/button
[2021-03-17 05:43:17]cl_getDriver.py(72): Open NewTab->https://kabuoji3.com/stock/3593/2017/
[2021-03-17 05:43:17]cl_getDriver.py(127): click_Success->//*[@id="base_box"]/div/div[3]/form/button
[2021-03-17 05:43:18]cl_getDriver.py(127): click_Success->//*[@id="base_box"]/div/div[3]/form/button
[2021-03-17 05:43:20]cl_getDriver.py(127): click_Success->//*[@id="base_box"]/div/div[3]/form/button
[2021-03-17 05:43:20]cl_getDriver.py(127): click_Success->//*[@id="base_box"]/div/div[3]/form/button
[2021-03-17 05:43:20]cl_getDriver.py(72): Open NewTab->https://kabuoji3.com/stock/3591/2007/
[2021-03-17 05:43:21]cl_getDriver.py(72): Open NewTab->https://kabuoji3.com/stock/3593/2016/
[2021-03-17 05:43:22]cl_getDriver.py(127): click_Success->//*[@id="base_box"]/div/div[3]/form/button
[2021-03-17 05:43:22]cl_getDriver.py(127): click_Success->//*[@id="base_box"]/div/div[3]/form/button
[2021-03-17 05:43:24]cl_getDriver.py(127): click_Success->//*[@id="base_box"]/div/div[3]/form/button
[2021-03-17 05:43:24]cl_getDriver.py(72): Open NewTab->https://kabuoji3.com/stock/3591/2006/
[2021-03-17 05:43:25]cl_getDriver.py(127): click_Success->//*[@id="base_box"]/div/div[3]/form/button
[2021-03-17 05:43:25]cl_getDriver.py(72): Open NewTab->https://kabuoji3.com/stock/3593/2015/
[2021-03-17 05:43:26]cl_getDriver.py(127): click_Success->//*[@id="base_box"]/div/div[3]/form/button
[2021-03-17 05:43:26]cl_getDriver.py(127): click_Success->//*[@id="base_box"]/div/div[3]/form/button
[2021-03-17 05:43:28]cl_getDriver.py(127): click_Success->//*[@id="base_box"]/div/div[3]/form/button
[2021-03-17 05:43:29]cl_getDriver.py(127): click_Success->//*[@id="base_box"]/div/div[3]/form/button
[2021-03-17 05:43:29]cl_getDriver.py(72): Open NewTab->https://kabuoji3.com/stock/3593/2014/
[2021-03-17 05:43:29]cl_getDriver.py(72): Open NewTab->https://kabuoji3.com/stock/3591/2005/
[2021-03-17 05:43:30]cl_getDriver.py(127): click_Success->//*[@id="base_box"]/div/div[3]/form/button
[2021-03-17 05:43:31]cl_getDriver.py(127): click_Success->//*[@id="base_box"]/div/div[3]/form/button
[2021-03-17 05:43:33]cl_getDriver.py(127): click_Success->//*[@id="base_box"]/div/div[3]/form/button
[2021-03-17 05:43:33]cl_getDriver.py(127): click_Success->//*[@id="base_box"]/div/div[3]/form/button
[2021-03-17 05:43:33]cl_getDriver.py(72): Open NewTab->https://kabuoji3.com/stock/3591/2004/
[2021-03-17 05:43:34]cl_getDriver.py(72): Open NewTab->https://kabuoji3.com/stock/3593/2013/
[2021-03-17 05:43:35]cl_getDriver.py(127): click_Success->//*[@id="base_box"]/div/div[3]/form/button
[2021-03-17 05:43:35]cl_getDriver.py(127): click_Success->//*[@id="base_box"]/div/div[3]/form/button
[2021-03-17 05:43:37]cl_getDriver.py(127): click_Success->//*[@id="base_box"]/div/div[3]/form/button
[2021-03-17 05:43:37]cl_getDriver.py(127): click_Success->//*[@id="base_box"]/div/div[3]/form/button
[2021-03-17 05:43:38]cl_getDriver.py(72): Open NewTab->https://kabuoji3.com/stock/3591/2003/
[2021-03-17 05:43:38]cl_getDriver.py(72): Open NewTab->https://kabuoji3.com/stock/3593/2012/
[2021-03-17 05:43:39]cl_getDriver.py(127): click_Success->//*[@id="base_box"]/div/div[3]/form/button
[2021-03-17 05:43:39]cl_getDriver.py(127): click_Success->//*[@id="base_box"]/div/div[3]/form/button
[2021-03-17 05:43:41]cl_getDriver.py(127): click_Success->//*[@id="base_box"]/div/div[3]/form/button
[2021-03-17 05:43:42]cl_getDriver.py(127): click_Success->//*[@id="base_box"]/div/div[3]/form/button
[2021-03-17 05:43:42]cl_getDriver.py(72): Open NewTab->https://kabuoji3.com/stock/3591/2002/
[2021-03-17 05:43:42]cl_getDriver.py(72): Open NewTab->https://kabuoji3.com/stock/3593/2011/
[2021-03-17 05:43:44]cl_getDriver.py(127): click_Success->//*[@id="base_box"]/div/div[3]/form/button
[2021-03-17 05:43:44]cl_getDriver.py(127): click_Success->//*[@id="base_box"]/div/div[3]/form/button
[2021-03-17 05:43:46]cl_getDriver.py(127): click_Success->//*[@id="base_box"]/div/div[3]/form/button
[2021-03-17 05:43:46]cl_getDriver.py(127): click_Success->//*[@id="base_box"]/div/div[3]/form/button
[2021-03-17 05:43:47]cl_getDriver.py(72): Open NewTab->https://kabuoji3.com/stock/3591/2001/
[2021-03-17 05:43:47]cl_getDriver.py(72): Open NewTab->https://kabuoji3.com/stock/3593/2010/
[2021-03-17 05:43:48]cl_getDriver.py(127): click_Success->//*[@id="base_box"]/div/div[3]/form/button
[2021-03-17 05:43:48]cl_getDriver.py(127): click_Success->//*[@id="base_box"]/div/div[3]/form/button
[2021-03-17 05:43:50]cl_getDriver.py(127): click_Success->//*[@id="base_box"]/div/div[3]/form/button
[2021-03-17 05:43:50]cl_getDriver.py(127): click_Success->//*[@id="base_box"]/div/div[3]/form/button
[2021-03-17 05:43:51]cl_getDriver.py(72): Open NewTab->https://kabuoji3.com/stock/3591/2000/
[2021-03-17 05:43:51]cl_getDriver.py(72): Open NewTab->https://kabuoji3.com/stock/3593/2009/
[2021-03-17 05:43:52]cl_getDriver.py(127): click_Success->//*[@id="base_box"]/div/div[3]/form/button
[2021-03-17 05:43:52]cl_getDriver.py(127): click_Success->//*[@id="base_box"]/div/div[3]/form/button
[2021-03-17 05:43:55]cl_getDriver.py(127): click_Success->//*[@id="base_box"]/div/div[3]/form/button
[2021-03-17 05:43:55]cl_getDriver.py(127): click_Success->//*[@id="base_box"]/div/div[3]/form/button
[2021-03-17 05:43:55]cl_getDriver.py(72): Open NewTab->https://kabuoji3.com/stock/3591/1999/
[2021-03-17 05:43:55]cl_getDriver.py(72): Open NewTab->https://kabuoji3.com/stock/3593/2008/
[2021-03-17 05:43:57]cl_getDriver.py(127): click_Success->//*[@id="base_box"]/div/div[3]/form/button
[2021-03-17 05:43:57]cl_getDriver.py(127): click_Success->//*[@id="base_box"]/div/div[3]/form/button
[2021-03-17 05:43:59]cl_getDriver.py(127): click_Success->//*[@id="base_box"]/div/div[3]/form/button
[2021-03-17 05:43:59]cl_getDriver.py(72): Open NewTab->https://kabuoji3.com/stock/3593/2007/
[2021-03-17 05:43:59]cl_getDriver.py(127): click_Success->//*[@id="base_box"]/div/div[3]/form/button
[2021-03-17 05:44:00]cl_getDriver.py(72): Open NewTab->https://kabuoji3.com/stock/3591/1998/
[2021-03-17 05:44:01]cl_getDriver.py(127): click_Success->//*[@id="base_box"]/div/div[3]/form/button
[2021-03-17 05:44:01]cl_getDriver.py(127): click_Success->//*[@id="base_box"]/div/div[3]/form/button
[2021-03-17 05:44:03]cl_getDriver.py(127): click_Success->//*[@id="base_box"]/div/div[3]/form/button
[2021-03-17 05:44:03]cl_getDriver.py(72): Open NewTab->https://kabuoji3.com/stock/3593/2006/
[2021-03-17 05:44:03]cl_getDriver.py(127): click_Success->//*[@id="base_box"]/div/div[3]/form/button
[2021-03-17 05:44:04]cl_getDriver.py(72): Open NewTab->https://kabuoji3.com/stock/3591/1997/
[2021-03-17 05:44:05]cl_getDriver.py(127): click_Success->//*[@id="base_box"]/div/div[3]/form/button
[2021-03-17 05:44:05]cl_getDriver.py(127): click_Success->//*[@id="base_box"]/div/div[3]/form/button
[2021-03-17 05:44:07]cl_getDriver.py(127): click_Success->//*[@id="base_box"]/div/div[3]/form/button
[2021-03-17 05:44:08]cl_getDriver.py(127): click_Success->//*[@id="base_box"]/div/div[3]/form/button
[2021-03-17 05:44:08]cl_getDriver.py(72): Open NewTab->https://kabuoji3.com/stock/3593/2005/
[2021-03-17 05:44:08]cl_getDriver.py(72): Open NewTab->https://kabuoji3.com/stock/3591/1996/
[2021-03-17 05:44:09]cl_getDriver.py(127): click_Success->//*[@id="base_box"]/div/div[3]/form/button
[2021-03-17 05:44:09]cl_getDriver.py(127): click_Success->//*[@id="base_box"]/div/div[3]/form/button
[2021-03-17 05:44:11]cl_getDriver.py(127): click_Success->//*[@id="base_box"]/div/div[3]/form/button
[2021-03-17 05:44:12]cl_getDriver.py(127): click_Success->//*[@id="base_box"]/div/div[3]/form/button
[2021-03-17 05:44:12]cl_getDriver.py(72): Open NewTab->https://kabuoji3.com/stock/3593/2004/
[2021-03-17 05:44:12]cl_getDriver.py(72): Open NewTab->https://kabuoji3.com/stock/3591/1995/
[2021-03-17 05:44:13]cl_getDriver.py(127): click_Success->//*[@id="base_box"]/div/div[3]/form/button
[2021-03-17 05:44:13]cl_getDriver.py(127): click_Success->//*[@id="base_box"]/div/div[3]/form/button
[2021-03-17 05:44:16]cl_getDriver.py(127): click_Success->//*[@id="base_box"]/div/div[3]/form/button
[2021-03-17 05:44:16]cl_getDriver.py(127): click_Success->//*[@id="base_box"]/div/div[3]/form/button
[2021-03-17 05:44:16]cl_getDriver.py(72): Open NewTab->https://kabuoji3.com/stock/3593/2003/
[2021-03-17 05:44:16]cl_getDriver.py(72): Open NewTab->https://kabuoji3.com/stock/3591/1994/
[2021-03-17 05:44:18]cl_getDriver.py(127): click_Success->//*[@id="base_box"]/div/div[3]/form/button
[2021-03-17 05:44:18]cl_getDriver.py(127): click_Success->//*[@id="base_box"]/div/div[3]/form/button
[2021-03-17 05:44:20]cl_getDriver.py(127): click_Success->//*[@id="base_box"]/div/div[3]/form/button
[2021-03-17 05:44:20]cl_getDriver.py(127): click_Success->//*[@id="base_box"]/div/div[3]/form/button
[2021-03-17 05:44:21]cl_getDriver.py(72): Open NewTab->https://kabuoji3.com/stock/3593/2002/
[2021-03-17 05:44:21]cl_getDriver.py(72): Open NewTab->https://kabuoji3.com/stock/3591/1993/
[2021-03-17 05:44:22]cl_getDriver.py(127): click_Success->//*[@id="base_box"]/div/div[3]/form/button
[2021-03-17 05:44:22]cl_getDriver.py(127): click_Success->//*[@id="base_box"]/div/div[3]/form/button
[2021-03-17 05:44:24]cl_getDriver.py(127): click_Success->//*[@id="base_box"]/div/div[3]/form/button
[2021-03-17 05:44:24]cl_getDriver.py(127): click_Success->//*[@id="base_box"]/div/div[3]/form/button
[2021-03-17 05:44:25]cl_getDriver.py(72): Open NewTab->https://kabuoji3.com/stock/3593/2001/
[2021-03-17 05:44:25]cl_getDriver.py(72): Open NewTab->https://kabuoji3.com/stock/3591/1992/
[2021-03-17 05:44:26]cl_getDriver.py(127): click_Success->//*[@id="base_box"]/div/div[3]/form/button
[2021-03-17 05:44:26]cl_getDriver.py(127): click_Success->//*[@id="base_box"]/div/div[3]/form/button
[2021-03-17 05:44:29]cl_getDriver.py(127): click_Success->//*[@id="base_box"]/div/div[3]/form/button
[2021-03-17 05:44:29]cl_getDriver.py(127): click_Success->//*[@id="base_box"]/div/div[3]/form/button
[2021-03-17 05:44:29]cl_getDriver.py(72): Open NewTab->https://kabuoji3.com/stock/3593/2000/
[2021-03-17 05:44:29]cl_getDriver.py(72): Open NewTab->https://kabuoji3.com/stock/3591/1991/
[2021-03-17 05:44:31]cl_getDriver.py(127): click_Success->//*[@id="base_box"]/div/div[3]/form/button
[2021-03-17 05:44:31]cl_getDriver.py(127): click_Success->//*[@id="base_box"]/div/div[3]/form/button
[2021-03-17 05:44:33]cl_getDriver.py(127): click_Success->//*[@id="base_box"]/div/div[3]/form/button
[2021-03-17 05:44:33]cl_getDriver.py(127): click_Success->//*[@id="base_box"]/div/div[3]/form/button
[2021-03-17 05:44:34]cl_getDriver.py(72): Open NewTab->https://kabuoji3.com/stock/3591/1990/
[2021-03-17 05:44:34]cl_getDriver.py(72): Open NewTab->https://kabuoji3.com/stock/3593/1999/
[2021-03-17 05:44:35]cl_getDriver.py(127): click_Success->//*[@id="base_box"]/div/div[3]/form/button
[2021-03-17 05:44:35]cl_getDriver.py(127): click_Success->//*[@id="base_box"]/div/div[3]/form/button
[2021-03-17 05:44:37]cl_getDriver.py(127): click_Success->//*[@id="base_box"]/div/div[3]/form/button
[2021-03-17 05:44:38]cl_getDriver.py(127): click_Success->//*[@id="base_box"]/div/div[3]/form/button
[2021-03-17 05:44:38]cl_getDriver.py(72): Open NewTab->https://kabuoji3.com/stock/3593/1998/
[2021-03-17 05:44:38]cl_getDriver.py(72): Open NewTab->https://kabuoji3.com/stock/3591/1989/
[2021-03-17 05:44:39]cl_getDriver.py(127): click_Success->//*[@id="base_box"]/div/div[3]/form/button
[2021-03-17 05:44:39]cl_getDriver.py(127): click_Success->//*[@id="base_box"]/div/div[3]/form/button
[2021-03-17 05:44:42]cl_getDriver.py(127): click_Success->//*[@id="base_box"]/div/div[3]/form/button
[2021-03-17 05:44:42]cl_getDriver.py(127): click_Success->//*[@id="base_box"]/div/div[3]/form/button
[2021-03-17 05:44:42]cl_getDriver.py(72): Open NewTab->https://kabuoji3.com/stock/3593/1997/
[2021-03-17 05:44:42]cl_getDriver.py(72): Open NewTab->https://kabuoji3.com/stock/3591/1988/
[2021-03-17 05:44:44]cl_getDriver.py(127): click_Success->//*[@id="base_box"]/div/div[3]/form/button
[2021-03-17 05:44:44]cl_getDriver.py(127): click_Success->//*[@id="base_box"]/div/div[3]/form/button
[2021-03-17 05:44:46]cl_getDriver.py(127): click_Success->//*[@id="base_box"]/div/div[3]/form/button
[2021-03-17 05:44:46]cl_getDriver.py(127): click_Success->//*[@id="base_box"]/div/div[3]/form/button
[2021-03-17 05:44:47]cl_getDriver.py(72): Open NewTab->https://kabuoji3.com/stock/3593/1996/
[2021-03-17 05:44:47]cl_getDriver.py(72): Open NewTab->https://kabuoji3.com/stock/3591/1987/
[2021-03-17 05:44:48]cl_getDriver.py(127): click_Success->//*[@id="base_box"]/div/div[3]/form/button
[2021-03-17 05:44:48]cl_getDriver.py(127): click_Success->//*[@id="base_box"]/div/div[3]/form/button
[2021-03-17 05:44:50]cl_getDriver.py(127): click_Success->//*[@id="base_box"]/div/div[3]/form/button
[2021-03-17 05:44:51]cl_getDriver.py(127): click_Success->//*[@id="base_box"]/div/div[3]/form/button
[2021-03-17 05:44:51]cl_getDriver.py(72): Open NewTab->https://kabuoji3.com/stock/3593/1995/
[2021-03-17 05:44:51]cl_getDriver.py(72): Open NewTab->https://kabuoji3.com/stock/3591/1986/
[2021-03-17 05:44:52]cl_getDriver.py(127): click_Success->//*[@id="base_box"]/div/div[3]/form/button
[2021-03-17 05:44:52]cl_getDriver.py(127): click_Success->//*[@id="base_box"]/div/div[3]/form/button
[2021-03-17 05:44:55]cl_getDriver.py(127): click_Success->//*[@id="base_box"]/div/div[3]/form/button
[2021-03-17 05:44:55]cl_getDriver.py(127): click_Success->//*[@id="base_box"]/div/div[3]/form/button
[2021-03-17 05:44:55]cl_getDriver.py(72): Open NewTab->https://kabuoji3.com/stock/3593/1994/
[2021-03-17 05:44:55]cl_getDriver.py(72): Open NewTab->https://kabuoji3.com/stock/3591/1985/
[2021-03-17 05:44:57]cl_getDriver.py(127): click_Success->//*[@id="base_box"]/div/div[3]/form/button
[2021-03-17 05:44:57]cl_getDriver.py(127): click_Success->//*[@id="base_box"]/div/div[3]/form/button
[2021-03-17 05:44:59]cl_getDriver.py(127): click_Success->//*[@id="base_box"]/div/div[3]/form/button
[2021-03-17 05:44:59]cl_getDriver.py(127): click_Success->//*[@id="base_box"]/div/div[3]/form/button
[2021-03-17 05:45:00]cl_getDriver.py(72): Open NewTab->https://kabuoji3.com/stock/3593/1993/
[2021-03-17 05:45:00]cl_getDriver.py(72): Open NewTab->https://kabuoji3.com/stock/3591/1984/
[2021-03-17 05:45:01]cl_getDriver.py(127): click_Success->//*[@id="base_box"]/div/div[3]/form/button
[2021-03-17 05:45:01]cl_getDriver.py(127): click_Success->//*[@id="base_box"]/div/div[3]/form/button
[2021-03-17 05:45:03]cl_getDriver.py(127): click_Success->//*[@id="base_box"]/div/div[3]/form/button
[2021-03-17 05:45:03]cl_getDriver.py(127): click_Success->//*[@id="base_box"]/div/div[3]/form/button
[2021-03-17 05:45:04]cl_getDriver.py(72): Open NewTab->https://kabuoji3.com/stock/3593/1992/
[2021-03-17 05:45:04]cl_getDriver.py(72): Open NewTab->https://kabuoji3.com/stock/3591/1983/
[2021-03-17 05:45:05]cl_getDriver.py(127): click_Success->//*[@id="base_box"]/div/div[3]/form/button
[2021-03-17 05:45:05]cl_getDriver.py(127): click_Success->//*[@id="base_box"]/div/div[3]/form/button
[2021-03-17 05:45:07]cl_getDriver.py(127): click_Success->//*[@id="base_box"]/div/div[3]/form/button
[2021-03-17 05:45:08]cl_getDriver.py(127): click_Success->//*[@id="base_box"]/div/div[3]/form/button
[2021-03-17 05:45:08]cl_getDriver.py(72): Open NewTab->https://kabuoji3.com/stock/3593/1991/
[2021-03-17 05:45:09]cl_getDriver.py(127): click_Success->//*[@id="base_box"]/div/div[3]/form/button
[2021-03-17 05:45:11]cl_getDriver.py(127): click_Success->//*[@id="base_box"]/div/div[3]/form/button
[2021-03-17 05:45:12]main.py(42): finished Process->https://kabuoji3.com/stock/3591/
[2021-03-17 05:45:12]main.py(15): start_Process->https://kabuoji3.com/stock/3597/
[2021-03-17 05:45:15]main.py(42): finished Process->https://kabuoji3.com/stock/3593/
[2021-03-17 05:45:15]main.py(15): start_Process->https://kabuoji3.com/stock/3598/
[2021-03-17 05:45:17]cl_getDriver.py(64): getURL=https://kabuoji3.com/stock/3597/
[2021-03-17 05:45:18]cl_getDriver.py(72): Open NewTab->https://kabuoji3.com/stock/3597/
[2021-03-17 05:45:19]cl_getDriver.py(130): Not Found->//*[@id="base_box"]/div/div[3]/form/button
[2021-03-17 05:45:21]cl_getDriver.py(130): Not Found->//*[@id="base_box"]/div/div[3]/form/button
[2021-03-17 05:45:21]cl_getDriver.py(64): getURL=https://kabuoji3.com/stock/3598/
[2021-03-17 05:45:21]cl_getDriver.py(72): Open NewTab->https://kabuoji3.com/stock/3597/2021/
[2021-03-17 05:45:22]cl_getDriver.py(72): Open NewTab->https://kabuoji3.com/stock/3598/
[2021-03-17 05:45:22]cl_getDriver.py(127): click_Success->//*[@id="base_box"]/div/div[3]/form/button
[2021-03-17 05:45:23]cl_getDriver.py(130): Not Found->//*[@id="base_box"]/div/div[3]/form/button
[2021-03-17 05:45:25]cl_getDriver.py(130): Not Found->//*[@id="base_box"]/div/div[3]/form/button
[2021-03-17 05:45:25]cl_getDriver.py(127): click_Success->//*[@id="base_box"]/div/div[3]/form/button
[2021-03-17 05:45:25]cl_getDriver.py(72): Open NewTab->https://kabuoji3.com/stock/3598/2021/
[2021-03-17 05:45:25]cl_getDriver.py(72): Open NewTab->https://kabuoji3.com/stock/3597/2020/
[2021-03-17 05:45:26]cl_getDriver.py(127): click_Success->//*[@id="base_box"]/div/div[3]/form/button
[2021-03-17 05:45:26]cl_getDriver.py(127): click_Success->//*[@id="base_box"]/div/div[3]/form/button
[2021-03-17 05:45:28]cl_getDriver.py(127): click_Success->//*[@id="base_box"]/div/div[3]/form/button
[2021-03-17 05:45:29]cl_getDriver.py(127): click_Success->//*[@id="base_box"]/div/div[3]/form/button
[2021-03-17 05:45:29]cl_getDriver.py(72): Open NewTab->https://kabuoji3.com/stock/3598/2020/
[2021-03-17 05:45:29]cl_getDriver.py(72): Open NewTab->https://kabuoji3.com/stock/3597/2019/
[2021-03-17 05:45:30]cl_getDriver.py(127): click_Success->//*[@id="base_box"]/div/div[3]/form/button
[2021-03-17 05:45:31]cl_getDriver.py(127): click_Success->//*[@id="base_box"]/div/div[3]/form/button
[2021-03-17 05:45:33]cl_getDriver.py(127): click_Success->//*[@id="base_box"]/div/div[3]/form/button
[2021-03-17 05:45:33]cl_getDriver.py(72): Open NewTab->https://kabuoji3.com/stock/3598/2019/
[2021-03-17 05:45:33]cl_getDriver.py(127): click_Success->//*[@id="base_box"]/div/div[3]/form/button
[2021-03-17 05:45:34]cl_getDriver.py(72): Open NewTab->https://kabuoji3.com/stock/3597/2018/
[2021-03-17 05:45:35]cl_getDriver.py(127): click_Success->//*[@id="base_box"]/div/div[3]/form/button
[2021-03-17 05:45:35]cl_getDriver.py(127): click_Success->//*[@id="base_box"]/div/div[3]/form/button
[2021-03-17 05:45:37]cl_getDriver.py(127): click_Success->//*[@id="base_box"]/div/div[3]/form/button
[2021-03-17 05:45:37]cl_getDriver.py(127): click_Success->//*[@id="base_box"]/div/div[3]/form/button
[2021-03-17 05:45:38]cl_getDriver.py(72): Open NewTab->https://kabuoji3.com/stock/3598/2018/
[2021-03-17 05:45:38]cl_getDriver.py(72): Open NewTab->https://kabuoji3.com/stock/3597/2017/
[2021-03-17 05:45:39]cl_getDriver.py(127): click_Success->//*[@id="base_box"]/div/div[3]/form/button
[2021-03-17 05:45:39]cl_getDriver.py(127): click_Success->//*[@id="base_box"]/div/div[3]/form/button
[2021-03-17 05:45:41]cl_getDriver.py(127): click_Success->//*[@id="base_box"]/div/div[3]/form/button
[2021-03-17 05:45:41]cl_getDriver.py(127): click_Success->//*[@id="base_box"]/div/div[3]/form/button
[2021-03-17 05:45:42]cl_getDriver.py(72): Open NewTab->https://kabuoji3.com/stock/3597/2016/
[2021-03-17 05:45:42]cl_getDriver.py(72): Open NewTab->https://kabuoji3.com/stock/3598/2017/
[2021-03-17 05:45:43]cl_getDriver.py(127): click_Success->//*[@id="base_box"]/div/div[3]/form/button
[2021-03-17 05:45:43]cl_getDriver.py(127): click_Success->//*[@id="base_box"]/div/div[3]/form/button
[2021-03-17 05:45:46]cl_getDriver.py(127): click_Success->//*[@id="base_box"]/div/div[3]/form/button
[2021-03-17 05:45:46]cl_getDriver.py(127): click_Success->//*[@id="base_box"]/div/div[3]/form/button
[2021-03-17 05:45:46]cl_getDriver.py(72): Open NewTab->https://kabuoji3.com/stock/3597/2015/
[2021-03-17 05:45:46]cl_getDriver.py(72): Open NewTab->https://kabuoji3.com/stock/3598/2016/
[2021-03-17 05:45:48]cl_getDriver.py(127): click_Success->//*[@id="base_box"]/div/div[3]/form/button
[2021-03-17 05:45:48]cl_getDriver.py(127): click_Success->//*[@id="base_box"]/div/div[3]/form/button
[2021-03-17 05:45:50]cl_getDriver.py(127): click_Success->//*[@id="base_box"]/div/div[3]/form/button
[2021-03-17 05:45:50]cl_getDriver.py(127): click_Success->//*[@id="base_box"]/div/div[3]/form/button
[2021-03-17 05:45:50]cl_getDriver.py(72): Open NewTab->https://kabuoji3.com/stock/3597/2014/
[2021-03-17 05:45:50]cl_getDriver.py(72): Open NewTab->https://kabuoji3.com/stock/3598/2015/
[2021-03-17 05:45:52]cl_getDriver.py(127): click_Success->//*[@id="base_box"]/div/div[3]/form/button
[2021-03-17 05:45:52]cl_getDriver.py(127): click_Success->//*[@id="base_box"]/div/div[3]/form/button
[2021-03-17 05:45:54]cl_getDriver.py(127): click_Success->//*[@id="base_box"]/div/div[3]/form/button
[2021-03-17 05:45:54]cl_getDriver.py(127): click_Success->//*[@id="base_box"]/div/div[3]/form/button
[2021-03-17 05:45:55]cl_getDriver.py(72): Open NewTab->https://kabuoji3.com/stock/3597/2013/
[2021-03-17 05:45:55]cl_getDriver.py(72): Open NewTab->https://kabuoji3.com/stock/3598/2014/
[2021-03-17 05:45:56]cl_getDriver.py(127): click_Success->//*[@id="base_box"]/div/div[3]/form/button
[2021-03-17 05:45:56]cl_getDriver.py(127): click_Success->//*[@id="base_box"]/div/div[3]/form/button
[2021-03-17 05:45:58]cl_getDriver.py(127): click_Success->//*[@id="base_box"]/div/div[3]/form/button
[2021-03-17 05:45:59]cl_getDriver.py(127): click_Success->//*[@id="base_box"]/div/div[3]/form/button
[2021-03-17 05:45:59]cl_getDriver.py(72): Open NewTab->https://kabuoji3.com/stock/3597/2012/
[2021-03-17 05:45:59]cl_getDriver.py(72): Open NewTab->https://kabuoji3.com/stock/3598/2013/
[2021-03-17 05:46:00]cl_getDriver.py(127): click_Success->//*[@id="base_box"]/div/div[3]/form/button
[2021-03-17 05:46:00]cl_getDriver.py(127): click_Success->//*[@id="base_box"]/div/div[3]/form/button
[2021-03-17 05:46:03]cl_getDriver.py(127): click_Success->//*[@id="base_box"]/div/div[3]/form/button
[2021-03-17 05:46:03]cl_getDriver.py(127): click_Success->//*[@id="base_box"]/div/div[3]/form/button
[2021-03-17 05:46:03]cl_getDriver.py(72): Open NewTab->https://kabuoji3.com/stock/3597/2011/
[2021-03-17 05:46:04]cl_getDriver.py(72): Open NewTab->https://kabuoji3.com/stock/3598/2012/
[2021-03-17 05:46:05]cl_getDriver.py(127): click_Success->//*[@id="base_box"]/div/div[3]/form/button
[2021-03-17 05:46:05]cl_getDriver.py(127): click_Success->//*[@id="base_box"]/div/div[3]/form/button
[2021-03-17 05:46:07]cl_getDriver.py(127): click_Success->//*[@id="base_box"]/div/div[3]/form/button
[2021-03-17 05:46:07]cl_getDriver.py(72): Open NewTab->https://kabuoji3.com/stock/3597/2010/
[2021-03-17 05:46:08]cl_getDriver.py(127): click_Success->//*[@id="base_box"]/div/div[3]/form/button
[2021-03-17 05:46:08]cl_getDriver.py(72): Open NewTab->https://kabuoji3.com/stock/3598/2011/
[2021-03-17 05:46:09]cl_getDriver.py(127): click_Success->//*[@id="base_box"]/div/div[3]/form/button
[2021-03-17 05:46:09]cl_getDriver.py(127): click_Success->//*[@id="base_box"]/div/div[3]/form/button
[2021-03-17 05:46:11]cl_getDriver.py(127): click_Success->//*[@id="base_box"]/div/div[3]/form/button
[2021-03-17 05:46:12]cl_getDriver.py(72): Open NewTab->https://kabuoji3.com/stock/3597/2009/
[2021-03-17 05:46:12]cl_getDriver.py(127): click_Success->//*[@id="base_box"]/div/div[3]/form/button
[2021-03-17 05:46:12]cl_getDriver.py(72): Open NewTab->https://kabuoji3.com/stock/3598/2010/
[2021-03-17 05:46:13]cl_getDriver.py(127): click_Success->//*[@id="base_box"]/div/div[3]/form/button
[2021-03-17 05:46:13]cl_getDriver.py(127): click_Success->//*[@id="base_box"]/div/div[3]/form/button
[2021-03-17 05:46:15]cl_getDriver.py(127): click_Success->//*[@id="base_box"]/div/div[3]/form/button
[2021-03-17 05:46:15]cl_getDriver.py(72): Open NewTab->https://kabuoji3.com/stock/3597/2008/
[2021-03-17 05:46:16]cl_getDriver.py(127): click_Success->//*[@id="base_box"]/div/div[3]/form/button
[2021-03-17 05:46:16]cl_getDriver.py(72): Open NewTab->https://kabuoji3.com/stock/3598/2009/
[2021-03-17 05:46:17]cl_getDriver.py(127): click_Success->//*[@id="base_box"]/div/div[3]/form/button
[2021-03-17 05:46:17]cl_getDriver.py(127): click_Success->//*[@id="base_box"]/div/div[3]/form/button
[2021-03-17 05:46:19]cl_getDriver.py(127): click_Success->//*[@id="base_box"]/div/div[3]/form/button
[2021-03-17 05:46:19]cl_getDriver.py(72): Open NewTab->https://kabuoji3.com/stock/3597/2007/
[2021-03-17 05:46:20]cl_getDriver.py(127): click_Success->//*[@id="base_box"]/div/div[3]/form/button
[2021-03-17 05:46:20]cl_getDriver.py(72): Open NewTab->https://kabuoji3.com/stock/3598/2008/
[2021-03-17 05:46:21]cl_getDriver.py(127): click_Success->//*[@id="base_box"]/div/div[3]/form/button
[2021-03-17 05:46:22]cl_getDriver.py(127): click_Success->//*[@id="base_box"]/div/div[3]/form/button
[2021-03-17 05:46:24]cl_getDriver.py(127): click_Success->//*[@id="base_box"]/div/div[3]/form/button
[2021-03-17 05:46:24]cl_getDriver.py(72): Open NewTab->https://kabuoji3.com/stock/3597/2006/
[2021-03-17 05:46:24]cl_getDriver.py(127): click_Success->//*[@id="base_box"]/div/div[3]/form/button
[2021-03-17 05:46:25]cl_getDriver.py(72): Open NewTab->https://kabuoji3.com/stock/3598/2007/
[2021-03-17 05:46:26]cl_getDriver.py(127): click_Success->//*[@id="base_box"]/div/div[3]/form/button
[2021-03-17 05:46:26]cl_getDriver.py(127): click_Success->//*[@id="base_box"]/div/div[3]/form/button
[2021-03-17 05:46:28]cl_getDriver.py(127): click_Success->//*[@id="base_box"]/div/div[3]/form/button
[2021-03-17 05:46:28]cl_getDriver.py(72): Open NewTab->https://kabuoji3.com/stock/3597/2005/
[2021-03-17 05:46:28]cl_getDriver.py(127): click_Success->//*[@id="base_box"]/div/div[3]/form/button
[2021-03-17 05:46:29]cl_getDriver.py(72): Open NewTab->https://kabuoji3.com/stock/3598/2006/
[2021-03-17 05:46:30]cl_getDriver.py(127): click_Success->//*[@id="base_box"]/div/div[3]/form/button
[2021-03-17 05:46:30]cl_getDriver.py(127): click_Success->//*[@id="base_box"]/div/div[3]/form/button
[2021-03-17 05:46:32]cl_getDriver.py(127): click_Success->//*[@id="base_box"]/div/div[3]/form/button
[2021-03-17 05:46:33]cl_getDriver.py(127): click_Success->//*[@id="base_box"]/div/div[3]/form/button
[2021-03-17 05:46:33]cl_getDriver.py(72): Open NewTab->https://kabuoji3.com/stock/3597/2004/
[2021-03-17 05:46:33]cl_getDriver.py(72): Open NewTab->https://kabuoji3.com/stock/3598/2005/
[2021-03-17 05:46:34]cl_getDriver.py(127): click_Success->//*[@id="base_box"]/div/div[3]/form/button
[2021-03-17 05:46:34]cl_getDriver.py(127): click_Success->//*[@id="base_box"]/div/div[3]/form/button
[2021-03-17 05:46:36]cl_getDriver.py(127): click_Success->//*[@id="base_box"]/div/div[3]/form/button
[2021-03-17 05:46:37]cl_getDriver.py(127): click_Success->//*[@id="base_box"]/div/div[3]/form/button
[2021-03-17 05:46:37]cl_getDriver.py(72): Open NewTab->https://kabuoji3.com/stock/3597/2003/
[2021-03-17 05:46:37]cl_getDriver.py(72): Open NewTab->https://kabuoji3.com/stock/3598/2004/
[2021-03-17 05:46:38]cl_getDriver.py(127): click_Success->//*[@id="base_box"]/div/div[3]/form/button
[2021-03-17 05:46:38]cl_getDriver.py(127): click_Success->//*[@id="base_box"]/div/div[3]/form/button
[2021-03-17 05:46:40]cl_getDriver.py(127): click_Success->//*[@id="base_box"]/div/div[3]/form/button
[2021-03-17 05:46:41]cl_getDriver.py(127): click_Success->//*[@id="base_box"]/div/div[3]/form/button
[2021-03-17 05:46:41]cl_getDriver.py(72): Open NewTab->https://kabuoji3.com/stock/3597/2002/
[2021-03-17 05:46:41]cl_getDriver.py(72): Open NewTab->https://kabuoji3.com/stock/3598/2003/
[2021-03-17 05:46:42]cl_getDriver.py(127): click_Success->//*[@id="base_box"]/div/div[3]/form/button
[2021-03-17 05:46:43]cl_getDriver.py(127): click_Success->//*[@id="base_box"]/div/div[3]/form/button
[2021-03-17 05:46:45]cl_getDriver.py(127): click_Success->//*[@id="base_box"]/div/div[3]/form/button
[2021-03-17 05:46:45]cl_getDriver.py(127): click_Success->//*[@id="base_box"]/div/div[3]/form/button
[2021-03-17 05:46:46]cl_getDriver.py(72): Open NewTab->https://kabuoji3.com/stock/3598/2002/
[2021-03-17 05:46:46]cl_getDriver.py(72): Open NewTab->https://kabuoji3.com/stock/3597/2001/
[2021-03-17 05:46:47]cl_getDriver.py(127): click_Success->//*[@id="base_box"]/div/div[3]/form/button
[2021-03-17 05:46:47]cl_getDriver.py(127): click_Success->//*[@id="base_box"]/div/div[3]/form/button
[2021-03-17 05:46:49]cl_getDriver.py(127): click_Success->//*[@id="base_box"]/div/div[3]/form/button
[2021-03-17 05:46:49]cl_getDriver.py(127): click_Success->//*[@id="base_box"]/div/div[3]/form/button
[2021-03-17 05:46:49]cl_getDriver.py(72): Open NewTab->https://kabuoji3.com/stock/3597/2000/
[2021-03-17 05:46:50]cl_getDriver.py(72): Open NewTab->https://kabuoji3.com/stock/3598/2001/
[2021-03-17 05:46:51]cl_getDriver.py(127): click_Success->//*[@id="base_box"]/div/div[3]/form/button
[2021-03-17 05:46:51]cl_getDriver.py(127): click_Success->//*[@id="base_box"]/div/div[3]/form/button
[2021-03-17 05:46:53]cl_getDriver.py(127): click_Success->//*[@id="base_box"]/div/div[3]/form/button
[2021-03-17 05:46:53]cl_getDriver.py(127): click_Success->//*[@id="base_box"]/div/div[3]/form/button
[2021-03-17 05:46:54]cl_getDriver.py(72): Open NewTab->https://kabuoji3.com/stock/3598/2000/
[2021-03-17 05:46:54]cl_getDriver.py(127): click_Success->//*[@id="base_box"]/div/div[3]/form/button
[2021-03-17 05:46:57]cl_getDriver.py(127): click_Success->//*[@id="base_box"]/div/div[3]/form/button
[2021-03-17 05:46:57]main.py(42): finished Process->https://kabuoji3.com/stock/3597/
[2021-03-17 05:46:57]main.py(15): start_Process->https://kabuoji3.com/stock/3600/
[2021-03-17 05:46:57]cl_getDriver.py(72): Open NewTab->https://kabuoji3.com/stock/3598/1999/
[2021-03-17 05:46:58]cl_getDriver.py(127): click_Success->//*[@id="base_box"]/div/div[3]/form/button
[2021-03-17 05:47:00]cl_getDriver.py(127): click_Success->//*[@id="base_box"]/div/div[3]/form/button
[2021-03-17 05:47:00]cl_getDriver.py(72): Open NewTab->https://kabuoji3.com/stock/3598/1998/
[2021-03-17 05:47:02]cl_getDriver.py(127): click_Success->//*[@id="base_box"]/div/div[3]/form/button
[2021-03-17 05:47:03]cl_getDriver.py(64): getURL=https://kabuoji3.com/stock/3600/
[2021-03-17 05:47:03]cl_getDriver.py(72): Open NewTab->https://kabuoji3.com/stock/3600/
[2021-03-17 05:47:04]cl_getDriver.py(127): click_Success->//*[@id="base_box"]/div/div[3]/form/button
[2021-03-17 05:47:04]cl_getDriver.py(130): Not Found->//*[@id="base_box"]/div/div[3]/form/button
[2021-03-17 05:47:04]cl_getDriver.py(72): Open NewTab->https://kabuoji3.com/stock/3598/1997/
[2021-03-17 05:47:05]cl_getDriver.py(127): click_Success->//*[@id="base_box"]/div/div[3]/form/button
[2021-03-17 05:47:06]cl_getDriver.py(130): Not Found->//*[@id="base_box"]/div/div[3]/form/button
[2021-03-17 05:47:07]cl_getDriver.py(72): Open NewTab->https://kabuoji3.com/stock/3600/2021/
[2021-03-17 05:47:07]cl_getDriver.py(127): click_Success->//*[@id="base_box"]/div/div[3]/form/button
[2021-03-17 05:47:07]cl_getDriver.py(127): click_Success->//*[@id="base_box"]/div/div[3]/form/button
[2021-03-17 05:47:08]cl_getDriver.py(72): Open NewTab->https://kabuoji3.com/stock/3598/1996/
[2021-03-17 05:47:09]cl_getDriver.py(127): click_Success->//*[@id="base_box"]/div/div[3]/form/button
[2021-03-17 05:47:10]cl_getDriver.py(127): click_Success->//*[@id="base_box"]/div/div[3]/form/button
[2021-03-17 05:47:10]cl_getDriver.py(72): Open NewTab->https://kabuoji3.com/stock/3600/2020/
[2021-03-17 05:47:11]cl_getDriver.py(127): click_Success->//*[@id="base_box"]/div/div[3]/form/button
[2021-03-17 05:47:11]cl_getDriver.py(127): click_Success->//*[@id="base_box"]/div/div[3]/form/button
[2021-03-17 05:47:11]cl_getDriver.py(72): Open NewTab->https://kabuoji3.com/stock/3598/1995/
[2021-03-17 05:47:12]cl_getDriver.py(127): click_Success->//*[@id="base_box"]/div/div[3]/form/button
[2021-03-17 05:47:13]cl_getDriver.py(127): click_Success->//*[@id="base_box"]/div/div[3]/form/button
[2021-03-17 05:47:14]cl_getDriver.py(72): Open NewTab->https://kabuoji3.com/stock/3600/2019/
[2021-03-17 05:47:15]cl_getDriver.py(127): click_Success->//*[@id="base_box"]/div/div[3]/form/button
[2021-03-17 05:47:15]cl_getDriver.py(127): click_Success->//*[@id="base_box"]/div/div[3]/form/button
[2021-03-17 05:47:15]cl_getDriver.py(72): Open NewTab->https://kabuoji3.com/stock/3598/1994/
[2021-03-17 05:47:16]cl_getDriver.py(127): click_Success->//*[@id="base_box"]/div/div[3]/form/button
[2021-03-17 05:47:17]cl_getDriver.py(127): click_Success->//*[@id="base_box"]/div/div[3]/form/button
[2021-03-17 05:47:18]cl_getDriver.py(72): Open NewTab->https://kabuoji3.com/stock/3600/2018/
[2021-03-17 05:47:18]cl_getDriver.py(127): click_Success->//*[@id="base_box"]/div/div[3]/form/button
[2021-03-17 05:47:19]cl_getDriver.py(127): click_Success->//*[@id="base_box"]/div/div[3]/form/button
[2021-03-17 05:47:21]cl_getDriver.py(127): click_Success->//*[@id="base_box"]/div/div[3]/form/button
[2021-03-17 05:47:21]cl_getDriver.py(72): Open NewTab->https://kabuoji3.com/stock/3600/2017/
[2021-03-17 05:47:22]cl_getDriver.py(127): click_Success->//*[@id="base_box"]/div/div[3]/form/button
[2021-03-17 05:47:23]main.py(42): finished Process->https://kabuoji3.com/stock/3598/
[2021-03-17 05:47:23]main.py(15): start_Process->https://kabuoji3.com/stock/3604/
[2021-03-17 05:47:25]cl_getDriver.py(127): click_Success->//*[@id="base_box"]/div/div[3]/form/button
[2021-03-17 05:47:25]cl_getDriver.py(72): Open NewTab->https://kabuoji3.com/stock/3600/2016/
[2021-03-17 05:47:26]cl_getDriver.py(127): click_Success->//*[@id="base_box"]/div/div[3]/form/button
[2021-03-17 05:47:28]cl_getDriver.py(127): click_Success->//*[@id="base_box"]/div/div[3]/form/button
[2021-03-17 05:47:29]cl_getDriver.py(72): Open NewTab->https://kabuoji3.com/stock/3600/2015/
[2021-03-17 05:47:29]cl_getDriver.py(64): getURL=https://kabuoji3.com/stock/3604/
[2021-03-17 05:47:29]cl_getDriver.py(72): Open NewTab->https://kabuoji3.com/stock/3604/
[2021-03-17 05:47:30]cl_getDriver.py(127): click_Success->//*[@id="base_box"]/div/div[3]/form/button
[2021-03-17 05:47:30]cl_getDriver.py(130): Not Found->//*[@id="base_box"]/div/div[3]/form/button
[2021-03-17 05:47:32]cl_getDriver.py(127): click_Success->//*[@id="base_box"]/div/div[3]/form/button
[2021-03-17 05:47:32]cl_getDriver.py(130): Not Found->//*[@id="base_box"]/div/div[3]/form/button
[2021-03-17 05:47:33]cl_getDriver.py(72): Open NewTab->https://kabuoji3.com/stock/3600/2014/
[2021-03-17 05:47:33]cl_getDriver.py(72): Open NewTab->https://kabuoji3.com/stock/3604/2021/
[2021-03-17 05:47:34]cl_getDriver.py(127): click_Success->//*[@id="base_box"]/div/div[3]/form/button
[2021-03-17 05:47:34]cl_getDriver.py(127): click_Success->//*[@id="base_box"]/div/div[3]/form/button
[2021-03-17 05:47:36]cl_getDriver.py(127): click_Success->//*[@id="base_box"]/div/div[3]/form/button
[2021-03-17 05:47:36]cl_getDriver.py(127): click_Success->//*[@id="base_box"]/div/div[3]/form/button
[2021-03-17 05:47:37]cl_getDriver.py(72): Open NewTab->https://kabuoji3.com/stock/3600/2013/
[2021-03-17 05:47:37]cl_getDriver.py(72): Open NewTab->https://kabuoji3.com/stock/3604/2020/
[2021-03-17 05:47:38]cl_getDriver.py(127): click_Success->//*[@id="base_box"]/div/div[3]/form/button
[2021-03-17 05:47:38]cl_getDriver.py(127): click_Success->//*[@id="base_box"]/div/div[3]/form/button
[2021-03-17 05:47:40]cl_getDriver.py(127): click_Success->//*[@id="base_box"]/div/div[3]/form/button
[2021-03-17 05:47:40]cl_getDriver.py(127): click_Success->//*[@id="base_box"]/div/div[3]/form/button
[2021-03-17 05:47:41]cl_getDriver.py(72): Open NewTab->https://kabuoji3.com/stock/3600/2012/
[2021-03-17 05:47:41]cl_getDriver.py(72): Open NewTab->https://kabuoji3.com/stock/3604/2019/
[2021-03-17 05:47:42]cl_getDriver.py(127): click_Success->//*[@id="base_box"]/div/div[3]/form/button
[2021-03-17 05:47:42]cl_getDriver.py(127): click_Success->//*[@id="base_box"]/div/div[3]/form/button
[2021-03-17 05:47:44]cl_getDriver.py(127): click_Success->//*[@id="base_box"]/div/div[3]/form/button
[2021-03-17 05:47:45]cl_getDriver.py(127): click_Success->//*[@id="base_box"]/div/div[3]/form/button
[2021-03-17 05:47:45]cl_getDriver.py(72): Open NewTab->https://kabuoji3.com/stock/3600/2011/
[2021-03-17 05:47:45]cl_getDriver.py(72): Open NewTab->https://kabuoji3.com/stock/3604/2018/
[2021-03-17 05:47:46]cl_getDriver.py(127): click_Success->//*[@id="base_box"]/div/div[3]/form/button
[2021-03-17 05:47:47]cl_getDriver.py(127): click_Success->//*[@id="base_box"]/div/div[3]/form/button
[2021-03-17 05:47:49]cl_getDriver.py(127): click_Success->//*[@id="base_box"]/div/div[3]/form/button
[2021-03-17 05:47:49]cl_getDriver.py(72): Open NewTab->https://kabuoji3.com/stock/3600/2010/
[2021-03-17 05:47:49]cl_getDriver.py(127): click_Success->//*[@id="base_box"]/div/div[3]/form/button
[2021-03-17 05:47:50]cl_getDriver.py(72): Open NewTab->https://kabuoji3.com/stock/3604/2017/
[2021-03-17 05:47:50]cl_getDriver.py(127): click_Success->//*[@id="base_box"]/div/div[3]/form/button
[2021-03-17 05:47:51]cl_getDriver.py(127): click_Success->//*[@id="base_box"]/div/div[3]/form/button
[2021-03-17 05:47:53]cl_getDriver.py(127): click_Success->//*[@id="base_box"]/div/div[3]/form/button
[2021-03-17 05:47:53]cl_getDriver.py(72): Open NewTab->https://kabuoji3.com/stock/3600/2009/
[2021-03-17 05:47:53]cl_getDriver.py(127): click_Success->//*[@id="base_box"]/div/div[3]/form/button
[2021-03-17 05:47:54]cl_getDriver.py(72): Open NewTab->https://kabuoji3.com/stock/3604/2016/
[2021-03-17 05:47:54]cl_getDriver.py(127): click_Success->//*[@id="base_box"]/div/div[3]/form/button
[2021-03-17 05:47:55]cl_getDriver.py(127): click_Success->//*[@id="base_box"]/div/div[3]/form/button
[2021-03-17 05:47:57]cl_getDriver.py(127): click_Success->//*[@id="base_box"]/div/div[3]/form/button
[2021-03-17 05:47:57]cl_getDriver.py(72): Open NewTab->https://kabuoji3.com/stock/3600/2008/
[2021-03-17 05:47:57]cl_getDriver.py(127): click_Success->//*[@id="base_box"]/div/div[3]/form/button
[2021-03-17 05:47:58]cl_getDriver.py(72): Open NewTab->https://kabuoji3.com/stock/3604/2015/
[2021-03-17 05:47:58]cl_getDriver.py(127): click_Success->//*[@id="base_box"]/div/div[3]/form/button
[2021-03-17 05:47:59]cl_getDriver.py(127): click_Success->//*[@id="base_box"]/div/div[3]/form/button
[2021-03-17 05:48:01]cl_getDriver.py(127): click_Success->//*[@id="base_box"]/div/div[3]/form/button
[2021-03-17 05:48:01]cl_getDriver.py(72): Open NewTab->https://kabuoji3.com/stock/3600/2007/
[2021-03-17 05:48:01]cl_getDriver.py(127): click_Success->//*[@id="base_box"]/div/div[3]/form/button
[2021-03-17 05:48:02]cl_getDriver.py(72): Open NewTab->https://kabuoji3.com/stock/3604/2014/
[2021-03-17 05:48:02]cl_getDriver.py(127): click_Success->//*[@id="base_box"]/div/div[3]/form/button
[2021-03-17 05:48:03]cl_getDriver.py(127): click_Success->//*[@id="base_box"]/div/div[3]/form/button
[2021-03-17 05:48:05]cl_getDriver.py(127): click_Success->//*[@id="base_box"]/div/div[3]/form/button
[2021-03-17 05:48:05]cl_getDriver.py(72): Open NewTab->https://kabuoji3.com/stock/3600/2006/
[2021-03-17 05:48:06]cl_getDriver.py(127): click_Success->//*[@id="base_box"]/div/div[3]/form/button
[2021-03-17 05:48:06]cl_getDriver.py(72): Open NewTab->https://kabuoji3.com/stock/3604/2013/
[2021-03-17 05:48:06]cl_getDriver.py(127): click_Success->//*[@id="base_box"]/div/div[3]/form/button
[2021-03-17 05:48:07]cl_getDriver.py(127): click_Success->//*[@id="base_box"]/div/div[3]/form/button
[2021-03-17 05:48:09]cl_getDriver.py(127): click_Success->//*[@id="base_box"]/div/div[3]/form/button
[2021-03-17 05:48:09]cl_getDriver.py(72): Open NewTab->https://kabuoji3.com/stock/3600/2005/
[2021-03-17 05:48:10]cl_getDriver.py(127): click_Success->//*[@id="base_box"]/div/div[3]/form/button
[2021-03-17 05:48:10]cl_getDriver.py(72): Open NewTab->https://kabuoji3.com/stock/3604/2012/
[2021-03-17 05:48:10]cl_getDriver.py(127): click_Success->//*[@id="base_box"]/div/div[3]/form/button
[2021-03-17 05:48:11]cl_getDriver.py(127): click_Success->//*[@id="base_box"]/div/div[3]/form/button
[2021-03-17 05:48:13]cl_getDriver.py(127): click_Success->//*[@id="base_box"]/div/div[3]/form/button
[2021-03-17 05:48:13]cl_getDriver.py(72): Open NewTab->https://kabuoji3.com/stock/3600/2004/
[2021-03-17 05:48:14]cl_getDriver.py(127): click_Success->//*[@id="base_box"]/div/div[3]/form/button
[2021-03-17 05:48:14]cl_getDriver.py(72): Open NewTab->https://kabuoji3.com/stock/3604/2011/
[2021-03-17 05:48:14]cl_getDriver.py(127): click_Success->//*[@id="base_box"]/div/div[3]/form/button
[2021-03-17 05:48:15]cl_getDriver.py(127): click_Success->//*[@id="base_box"]/div/div[3]/form/button
[2021-03-17 05:48:17]cl_getDriver.py(127): click_Success->//*[@id="base_box"]/div/div[3]/form/button
[2021-03-17 05:48:17]cl_getDriver.py(72): Open NewTab->https://kabuoji3.com/stock/3600/2003/
[2021-03-17 05:48:17]cl_getDriver.py(127): click_Success->//*[@id="base_box"]/div/div[3]/form/button
[2021-03-17 05:48:18]cl_getDriver.py(72): Open NewTab->https://kabuoji3.com/stock/3604/2010/
[2021-03-17 05:48:18]cl_getDriver.py(127): click_Success->//*[@id="base_box"]/div/div[3]/form/button
[2021-03-17 05:48:19]cl_getDriver.py(127): click_Success->//*[@id="base_box"]/div/div[3]/form/button
[2021-03-17 05:48:20]cl_getDriver.py(127): click_Success->//*[@id="base_box"]/div/div[3]/form/button
[2021-03-17 05:48:21]cl_getDriver.py(72): Open NewTab->https://kabuoji3.com/stock/3600/2002/
[2021-03-17 05:48:21]cl_getDriver.py(127): click_Success->//*[@id="base_box"]/div/div[3]/form/button
[2021-03-17 05:48:22]cl_getDriver.py(72): Open NewTab->https://kabuoji3.com/stock/3604/2009/
[2021-03-17 05:48:22]cl_getDriver.py(127): click_Success->//*[@id="base_box"]/div/div[3]/form/button
[2021-03-17 05:48:23]cl_getDriver.py(127): click_Success->//*[@id="base_box"]/div/div[3]/form/button
[2021-03-17 05:48:24]cl_getDriver.py(127): click_Success->//*[@id="base_box"]/div/div[3]/form/button
[2021-03-17 05:48:25]cl_getDriver.py(72): Open NewTab->https://kabuoji3.com/stock/3600/2001/
[2021-03-17 05:48:25]cl_getDriver.py(127): click_Success->//*[@id="base_box"]/div/div[3]/form/button
[2021-03-17 05:48:25]cl_getDriver.py(72): Open NewTab->https://kabuoji3.com/stock/3604/2008/
[2021-03-17 05:48:26]cl_getDriver.py(127): click_Success->//*[@id="base_box"]/div/div[3]/form/button
[2021-03-17 05:48:27]cl_getDriver.py(127): click_Success->//*[@id="base_box"]/div/div[3]/form/button
[2021-03-17 05:48:28]cl_getDriver.py(127): click_Success->//*[@id="base_box"]/div/div[3]/form/button
[2021-03-17 05:48:29]cl_getDriver.py(72): Open NewTab->https://kabuoji3.com/stock/3600/2000/
[2021-03-17 05:48:29]cl_getDriver.py(127): click_Success->//*[@id="base_box"]/div/div[3]/form/button
[2021-03-17 05:48:30]cl_getDriver.py(72): Open NewTab->https://kabuoji3.com/stock/3604/2007/
[2021-03-17 05:48:30]cl_getDriver.py(127): click_Success->//*[@id="base_box"]/div/div[3]/form/button
[2021-03-17 05:48:31]cl_getDriver.py(127): click_Success->//*[@id="base_box"]/div/div[3]/form/button
[2021-03-17 05:48:32]cl_getDriver.py(127): click_Success->//*[@id="base_box"]/div/div[3]/form/button
[2021-03-17 05:48:33]cl_getDriver.py(72): Open NewTab->https://kabuoji3.com/stock/3600/1999/
[2021-03-17 05:48:33]cl_getDriver.py(127): click_Success->//*[@id="base_box"]/div/div[3]/form/button
[2021-03-17 05:48:33]cl_getDriver.py(72): Open NewTab->https://kabuoji3.com/stock/3604/2006/
[2021-03-17 05:48:34]cl_getDriver.py(127): click_Success->//*[@id="base_box"]/div/div[3]/form/button
[2021-03-17 05:48:35]cl_getDriver.py(127): click_Success->//*[@id="base_box"]/div/div[3]/form/button
[2021-03-17 05:48:37]cl_getDriver.py(127): click_Success->//*[@id="base_box"]/div/div[3]/form/button
[2021-03-17 05:48:37]cl_getDriver.py(127): click_Success->//*[@id="base_box"]/div/div[3]/form/button
[2021-03-17 05:48:37]cl_getDriver.py(72): Open NewTab->https://kabuoji3.com/stock/3600/1998/
[2021-03-17 05:48:37]cl_getDriver.py(72): Open NewTab->https://kabuoji3.com/stock/3604/2005/
[2021-03-17 05:48:39]cl_getDriver.py(127): click_Success->//*[@id="base_box"]/div/div[3]/form/button
[2021-03-17 05:48:39]cl_getDriver.py(127): click_Success->//*[@id="base_box"]/div/div[3]/form/button
[2021-03-17 05:48:41]cl_getDriver.py(127): click_Success->//*[@id="base_box"]/div/div[3]/form/button
[2021-03-17 05:48:41]cl_getDriver.py(127): click_Success->//*[@id="base_box"]/div/div[3]/form/button
[2021-03-17 05:48:41]cl_getDriver.py(72): Open NewTab->https://kabuoji3.com/stock/3600/1997/
[2021-03-17 05:48:42]cl_getDriver.py(72): Open NewTab->https://kabuoji3.com/stock/3604/2004/
[2021-03-17 05:48:43]cl_getDriver.py(127): click_Success->//*[@id="base_box"]/div/div[3]/form/button
[2021-03-17 05:48:43]cl_getDriver.py(127): click_Success->//*[@id="base_box"]/div/div[3]/form/button
[2021-03-17 05:48:45]cl_getDriver.py(127): click_Success->//*[@id="base_box"]/div/div[3]/form/button
[2021-03-17 05:48:45]cl_getDriver.py(72): Open NewTab->https://kabuoji3.com/stock/3600/1996/
[2021-03-17 05:48:45]cl_getDriver.py(127): click_Success->//*[@id="base_box"]/div/div[3]/form/button
[2021-03-17 05:48:46]cl_getDriver.py(72): Open NewTab->https://kabuoji3.com/stock/3604/2003/
[2021-03-17 05:48:47]cl_getDriver.py(127): click_Success->//*[@id="base_box"]/div/div[3]/form/button
[2021-03-17 05:48:47]cl_getDriver.py(127): click_Success->//*[@id="base_box"]/div/div[3]/form/button
[2021-03-17 05:48:49]cl_getDriver.py(127): click_Success->//*[@id="base_box"]/div/div[3]/form/button
[2021-03-17 05:48:49]cl_getDriver.py(127): click_Success->//*[@id="base_box"]/div/div[3]/form/button
[2021-03-17 05:48:50]cl_getDriver.py(72): Open NewTab->https://kabuoji3.com/stock/3600/1995/
[2021-03-17 05:48:50]cl_getDriver.py(127): click_Success->//*[@id="base_box"]/div/div[3]/form/button
[2021-03-17 05:48:52]main.py(42): finished Process->https://kabuoji3.com/stock/3604/
[2021-03-17 05:48:52]main.py(15): start_Process->https://kabuoji3.com/stock/3607/
[2021-03-17 05:48:53]cl_getDriver.py(127): click_Success->//*[@id="base_box"]/div/div[3]/form/button
[2021-03-17 05:48:53]cl_getDriver.py(72): Open NewTab->https://kabuoji3.com/stock/3600/1994/
[2021-03-17 05:48:54]cl_getDriver.py(127): click_Success->//*[@id="base_box"]/div/div[3]/form/button
[2021-03-17 05:48:57]cl_getDriver.py(127): click_Success->//*[@id="base_box"]/div/div[3]/form/button
[2021-03-17 05:48:58]cl_getDriver.py(64): getURL=https://kabuoji3.com/stock/3607/
[2021-03-17 05:48:58]cl_getDriver.py(72): Open NewTab->https://kabuoji3.com/stock/3607/
[2021-03-17 05:48:59]cl_getDriver.py(130): Not Found->//*[@id="base_box"]/div/div[3]/form/button
[2021-03-17 05:49:01]cl_getDriver.py(130): Not Found->//*[@id="base_box"]/div/div[3]/form/button
[2021-03-17 05:49:01]main.py(42): finished Process->https://kabuoji3.com/stock/3600/
[2021-03-17 05:49:01]main.py(15): start_Process->https://kabuoji3.com/stock/3608/
[2021-03-17 05:49:01]cl_getDriver.py(72): Open NewTab->https://kabuoji3.com/stock/3607/2021/
[2021-03-17 05:49:02]cl_getDriver.py(127): click_Success->//*[@id="base_box"]/div/div[3]/form/button
[2021-03-17 05:49:04]cl_getDriver.py(127): click_Success->//*[@id="base_box"]/div/div[3]/form/button
[2021-03-17 05:49:04]cl_getDriver.py(72): Open NewTab->https://kabuoji3.com/stock/3607/2020/
[2021-03-17 05:49:06]cl_getDriver.py(127): click_Success->//*[@id="base_box"]/div/div[3]/form/button
[2021-03-17 05:49:06]cl_getDriver.py(64): getURL=https://kabuoji3.com/stock/3608/
[2021-03-17 05:49:07]cl_getDriver.py(72): Open NewTab->https://kabuoji3.com/stock/3608/
[2021-03-17 05:49:07]cl_getDriver.py(130): Not Found->//*[@id="base_box"]/div/div[3]/form/button
[2021-03-17 05:49:08]cl_getDriver.py(127): click_Success->//*[@id="base_box"]/div/div[3]/form/button
[2021-03-17 05:49:08]cl_getDriver.py(72): Open NewTab->https://kabuoji3.com/stock/3607/2019/
[2021-03-17 05:49:09]cl_getDriver.py(127): click_Success->//*[@id="base_box"]/div/div[3]/form/button
[2021-03-17 05:49:09]cl_getDriver.py(130): Not Found->//*[@id="base_box"]/div/div[3]/form/button
[2021-03-17 05:49:09]cl_getDriver.py(72): Open NewTab->https://kabuoji3.com/stock/3608/2021/
[2021-03-17 05:49:10]cl_getDriver.py(127): click_Success->//*[@id="base_box"]/div/div[3]/form/button
[2021-03-17 05:49:11]cl_getDriver.py(127): click_Success->//*[@id="base_box"]/div/div[3]/form/button
[2021-03-17 05:49:12]cl_getDriver.py(72): Open NewTab->https://kabuoji3.com/stock/3607/2018/
[2021-03-17 05:49:13]cl_getDriver.py(127): click_Success->//*[@id="base_box"]/div/div[3]/form/button
[2021-03-17 05:49:13]cl_getDriver.py(127): click_Success->//*[@id="base_box"]/div/div[3]/form/button
[2021-03-17 05:49:13]cl_getDriver.py(72): Open NewTab->https://kabuoji3.com/stock/3608/2020/
[2021-03-17 05:49:14]cl_getDriver.py(127): click_Success->//*[@id="base_box"]/div/div[3]/form/button
[2021-03-17 05:49:15]cl_getDriver.py(127): click_Success->//*[@id="base_box"]/div/div[3]/form/button
[2021-03-17 05:49:15]cl_getDriver.py(72): Open NewTab->https://kabuoji3.com/stock/3607/2017/
[2021-03-17 05:49:16]cl_getDriver.py(127): click_Success->//*[@id="base_box"]/div/div[3]/form/button
[2021-03-17 05:49:17]cl_getDriver.py(127): click_Success->//*[@id="base_box"]/div/div[3]/form/button
[2021-03-17 05:49:17]cl_getDriver.py(72): Open NewTab->https://kabuoji3.com/stock/3608/2019/
[2021-03-17 05:49:18]cl_getDriver.py(127): click_Success->//*[@id="base_box"]/div/div[3]/form/button
[2021-03-17 05:49:19]cl_getDriver.py(127): click_Success->//*[@id="base_box"]/div/div[3]/form/button
[2021-03-17 05:49:19]cl_getDriver.py(72): Open NewTab->https://kabuoji3.com/stock/3607/2016/
[2021-03-17 05:49:20]cl_getDriver.py(127): click_Success->//*[@id="base_box"]/div/div[3]/form/button
[2021-03-17 05:49:21]cl_getDriver.py(127): click_Success->//*[@id="base_box"]/div/div[3]/form/button
[2021-03-17 05:49:21]cl_getDriver.py(72): Open NewTab->https://kabuoji3.com/stock/3608/2018/
[2021-03-17 05:49:22]cl_getDriver.py(127): click_Success->//*[@id="base_box"]/div/div[3]/form/button
[2021-03-17 05:49:23]cl_getDriver.py(127): click_Success->//*[@id="base_box"]/div/div[3]/form/button
[2021-03-17 05:49:23]cl_getDriver.py(72): Open NewTab->https://kabuoji3.com/stock/3607/2015/
[2021-03-17 05:49:24]cl_getDriver.py(127): click_Success->//*[@id="base_box"]/div/div[3]/form/button
[2021-03-17 05:49:24]cl_getDriver.py(127): click_Success->//*[@id="base_box"]/div/div[3]/form/button
[2021-03-17 05:49:24]cl_getDriver.py(72): Open NewTab->https://kabuoji3.com/stock/3608/2017/
[2021-03-17 05:49:25]cl_getDriver.py(127): click_Success->//*[@id="base_box"]/div/div[3]/form/button
[2021-03-17 05:49:27]cl_getDriver.py(127): click_Success->//*[@id="base_box"]/div/div[3]/form/button
[2021-03-17 05:49:27]cl_getDriver.py(72): Open NewTab->https://kabuoji3.com/stock/3607/2014/
[2021-03-17 05:49:28]cl_getDriver.py(127): click_Success->//*[@id="base_box"]/div/div[3]/form/button
[2021-03-17 05:49:28]cl_getDriver.py(72): Open NewTab->https://kabuoji3.com/stock/3608/2016/
[2021-03-17 05:49:28]cl_getDriver.py(127): click_Success->//*[@id="base_box"]/div/div[3]/form/button
[2021-03-17 05:49:29]cl_getDriver.py(127): click_Success->//*[@id="base_box"]/div/div[3]/form/button
[2021-03-17 05:49:30]cl_getDriver.py(127): click_Success->//*[@id="base_box"]/div/div[3]/form/button
[2021-03-17 05:49:31]cl_getDriver.py(72): Open NewTab->https://kabuoji3.com/stock/3607/2013/
[2021-03-17 05:49:31]cl_getDriver.py(127): click_Success->//*[@id="base_box"]/div/div[3]/form/button
[2021-03-17 05:49:32]cl_getDriver.py(72): Open NewTab->https://kabuoji3.com/stock/3608/2015/
[2021-03-17 05:49:32]cl_getDriver.py(127): click_Success->//*[@id="base_box"]/div/div[3]/form/button
[2021-03-17 05:49:33]cl_getDriver.py(127): click_Success->//*[@id="base_box"]/div/div[3]/form/button
[2021-03-17 05:49:34]cl_getDriver.py(127): click_Success->//*[@id="base_box"]/div/div[3]/form/button
[2021-03-17 05:49:35]cl_getDriver.py(72): Open NewTab->https://kabuoji3.com/stock/3607/2012/
[2021-03-17 05:49:35]cl_getDriver.py(127): click_Success->//*[@id="base_box"]/div/div[3]/form/button
[2021-03-17 05:49:36]cl_getDriver.py(72): Open NewTab->https://kabuoji3.com/stock/3608/2014/
[2021-03-17 05:49:36]cl_getDriver.py(127): click_Success->//*[@id="base_box"]/div/div[3]/form/button
[2021-03-17 05:49:37]cl_getDriver.py(127): click_Success->//*[@id="base_box"]/div/div[3]/form/button
[2021-03-17 05:49:38]cl_getDriver.py(127): click_Success->//*[@id="base_box"]/div/div[3]/form/button
[2021-03-17 05:49:39]cl_getDriver.py(72): Open NewTab->https://kabuoji3.com/stock/3607/2011/
[2021-03-17 05:49:39]cl_getDriver.py(127): click_Success->//*[@id="base_box"]/div/div[3]/form/button
[2021-03-17 05:49:39]cl_getDriver.py(72): Open NewTab->https://kabuoji3.com/stock/3608/2013/
[2021-03-17 05:49:40]cl_getDriver.py(127): click_Success->//*[@id="base_box"]/div/div[3]/form/button
[2021-03-17 05:49:41]cl_getDriver.py(127): click_Success->//*[@id="base_box"]/div/div[3]/form/button
[2021-03-17 05:49:42]cl_getDriver.py(127): click_Success->//*[@id="base_box"]/div/div[3]/form/button
[2021-03-17 05:49:43]cl_getDriver.py(72): Open NewTab->https://kabuoji3.com/stock/3607/2010/
[2021-03-17 05:49:43]cl_getDriver.py(127): click_Success->//*[@id="base_box"]/div/div[3]/form/button
[2021-03-17 05:49:44]cl_getDriver.py(72): Open NewTab->https://kabuoji3.com/stock/3608/2012/
[2021-03-17 05:49:44]cl_getDriver.py(127): click_Success->//*[@id="base_box"]/div/div[3]/form/button
[2021-03-17 05:49:45]cl_getDriver.py(127): click_Success->//*[@id="base_box"]/div/div[3]/form/button
[2021-03-17 05:49:47]cl_getDriver.py(127): click_Success->//*[@id="base_box"]/div/div[3]/form/button
[2021-03-17 05:49:47]cl_getDriver.py(72): Open NewTab->https://kabuoji3.com/stock/3607/2009/
[2021-03-17 05:49:47]cl_getDriver.py(127): click_Success->//*[@id="base_box"]/div/div[3]/form/button
[2021-03-17 05:49:48]cl_getDriver.py(72): Open NewTab->https://kabuoji3.com/stock/3608/2011/
[2021-03-17 05:49:48]cl_getDriver.py(127): click_Success->//*[@id="base_box"]/div/div[3]/form/button
[2021-03-17 05:49:50]cl_getDriver.py(127): click_Success->//*[@id="base_box"]/div/div[3]/form/button
[2021-03-17 05:49:51]cl_getDriver.py(72): Open NewTab->https://kabuoji3.com/stock/3607/2008/
[2021-03-17 05:49:51]cl_getDriver.py(127): click_Success->//*[@id="base_box"]/div/div[3]/form/button
[2021-03-17 05:49:52]cl_getDriver.py(127): click_Success->//*[@id="base_box"]/div/div[3]/form/button
[2021-03-17 05:49:54]cl_getDriver.py(127): click_Success->//*[@id="base_box"]/div/div[3]/form/button
[2021-03-17 05:49:54]cl_getDriver.py(127): click_Success->//*[@id="base_box"]/div/div[3]/form/button
[2021-03-17 05:49:55]cl_getDriver.py(72): Open NewTab->https://kabuoji3.com/stock/3607/2007/
[2021-03-17 05:49:56]cl_getDriver.py(127): click_Success->//*[@id="base_box"]/div/div[3]/form/button
[2021-03-17 05:49:58]main.py(42): finished Process->https://kabuoji3.com/stock/3608/
[2021-03-17 05:49:58]main.py(15): start_Process->https://kabuoji3.com/stock/3611/
[2021-03-17 05:49:58]cl_getDriver.py(127): click_Success->//*[@id="base_box"]/div/div[3]/form/button
[2021-03-17 05:49:58]cl_getDriver.py(72): Open NewTab->https://kabuoji3.com/stock/3607/2006/
[2021-03-17 05:49:59]cl_getDriver.py(127): click_Success->//*[@id="base_box"]/div/div[3]/form/button
[2021-03-17 05:50:02]cl_getDriver.py(127): click_Success->//*[@id="base_box"]/div/div[3]/form/button
[2021-03-17 05:50:02]cl_getDriver.py(72): Open NewTab->https://kabuoji3.com/stock/3607/2005/
[2021-03-17 05:50:03]cl_getDriver.py(127): click_Success->//*[@id="base_box"]/div/div[3]/form/button
[2021-03-17 05:50:04]cl_getDriver.py(64): getURL=https://kabuoji3.com/stock/3611/
[2021-03-17 05:50:04]cl_getDriver.py(72): Open NewTab->https://kabuoji3.com/stock/3611/
[2021-03-17 05:50:04]cl_getDriver.py(130): Not Found->//*[@id="base_box"]/div/div[3]/form/button
[2021-03-17 05:50:05]cl_getDriver.py(127): click_Success->//*[@id="base_box"]/div/div[3]/form/button
[2021-03-17 05:50:06]cl_getDriver.py(130): Not Found->//*[@id="base_box"]/div/div[3]/form/button
[2021-03-17 05:50:07]cl_getDriver.py(72): Open NewTab->https://kabuoji3.com/stock/3611/2021/
[2021-03-17 05:50:07]cl_getDriver.py(127): click_Success->//*[@id="base_box"]/div/div[3]/form/button
[2021-03-17 05:50:10]main.py(42): finished Process->https://kabuoji3.com/stock/3607/
[2021-03-17 05:50:10]main.py(15): start_Process->https://kabuoji3.com/stock/3612/
[2021-03-17 05:50:10]cl_getDriver.py(127): click_Success->//*[@id="base_box"]/div/div[3]/form/button
[2021-03-17 05:50:10]cl_getDriver.py(72): Open NewTab->https://kabuoji3.com/stock/3611/2020/
[2021-03-17 05:50:11]cl_getDriver.py(127): click_Success->//*[@id="base_box"]/div/div[3]/form/button
[2021-03-17 05:50:13]cl_getDriver.py(127): click_Success->//*[@id="base_box"]/div/div[3]/form/button
[2021-03-17 05:50:14]cl_getDriver.py(72): Open NewTab->https://kabuoji3.com/stock/3611/2019/
[2021-03-17 05:50:15]cl_getDriver.py(127): click_Success->//*[@id="base_box"]/div/div[3]/form/button
[2021-03-17 05:50:15]cl_getDriver.py(64): getURL=https://kabuoji3.com/stock/3612/
[2021-03-17 05:50:15]cl_getDriver.py(72): Open NewTab->https://kabuoji3.com/stock/3612/
[2021-03-17 05:50:16]cl_getDriver.py(130): Not Found->//*[@id="base_box"]/div/div[3]/form/button
[2021-03-17 05:50:17]cl_getDriver.py(127): click_Success->//*[@id="base_box"]/div/div[3]/form/button
[2021-03-17 05:50:18]cl_getDriver.py(72): Open NewTab->https://kabuoji3.com/stock/3611/2018/
[2021-03-17 05:50:18]cl_getDriver.py(130): Not Found->//*[@id="base_box"]/div/div[3]/form/button
[2021-03-17 05:50:18]cl_getDriver.py(72): Open NewTab->https://kabuoji3.com/stock/3612/2021/
[2021-03-17 05:50:19]cl_getDriver.py(127): click_Success->//*[@id="base_box"]/div/div[3]/form/button
[2021-03-17 05:50:19]cl_getDriver.py(127): click_Success->//*[@id="base_box"]/div/div[3]/form/button
[2021-03-17 05:50:21]cl_getDriver.py(127): click_Success->//*[@id="base_box"]/div/div[3]/form/button
[2021-03-17 05:50:22]cl_getDriver.py(72): Open NewTab->https://kabuoji3.com/stock/3611/2017/
[2021-03-17 05:50:22]cl_getDriver.py(127): click_Success->//*[@id="base_box"]/div/div[3]/form/button
[2021-03-17 05:50:22]cl_getDriver.py(72): Open NewTab->https://kabuoji3.com/stock/3612/2020/
[2021-03-17 05:50:23]cl_getDriver.py(127): click_Success->//*[@id="base_box"]/div/div[3]/form/button
[2021-03-17 05:50:23]cl_getDriver.py(127): click_Success->//*[@id="base_box"]/div/div[3]/form/button
[2021-03-17 05:50:25]cl_getDriver.py(127): click_Success->//*[@id="base_box"]/div/div[3]/form/button
[2021-03-17 05:50:26]cl_getDriver.py(127): click_Success->//*[@id="base_box"]/div/div[3]/form/button
[2021-03-17 05:50:26]cl_getDriver.py(72): Open NewTab->https://kabuoji3.com/stock/3612/2019/
[2021-03-17 05:50:27]cl_getDriver.py(127): click_Success->//*[@id="base_box"]/div/div[3]/form/button
[2021-03-17 05:50:29]main.py(42): finished Process->https://kabuoji3.com/stock/3611/
[2021-03-17 05:50:29]main.py(15): start_Process->https://kabuoji3.com/stock/3708/
[2021-03-17 05:50:29]cl_getDriver.py(127): click_Success->//*[@id="base_box"]/div/div[3]/form/button
[2021-03-17 05:50:29]cl_getDriver.py(72): Open NewTab->https://kabuoji3.com/stock/3612/2018/
[2021-03-17 05:50:30]cl_getDriver.py(127): click_Success->//*[@id="base_box"]/div/div[3]/form/button
[2021-03-17 05:50:33]cl_getDriver.py(127): click_Success->//*[@id="base_box"]/div/div[3]/form/button
[2021-03-17 05:50:34]cl_getDriver.py(64): getURL=https://kabuoji3.com/stock/3708/
[2021-03-17 05:50:35]cl_getDriver.py(72): Open NewTab->https://kabuoji3.com/stock/3708/
[2021-03-17 05:50:35]cl_getDriver.py(130): Not Found->//*[@id="base_box"]/div/div[3]/form/button
[2021-03-17 05:50:37]main.py(42): finished Process->https://kabuoji3.com/stock/3612/
[2021-03-17 05:50:37]main.py(15): start_Process->https://kabuoji3.com/stock/3861/
[2021-03-17 05:50:37]cl_getDriver.py(130): Not Found->//*[@id="base_box"]/div/div[3]/form/button
[2021-03-17 05:50:37]cl_getDriver.py(72): Open NewTab->https://kabuoji3.com/stock/3708/2021/
[2021-03-17 05:50:38]cl_getDriver.py(127): click_Success->//*[@id="base_box"]/div/div[3]/form/button
[2021-03-17 05:50:40]cl_getDriver.py(127): click_Success->//*[@id="base_box"]/div/div[3]/form/button
[2021-03-17 05:50:40]cl_getDriver.py(72): Open NewTab->https://kabuoji3.com/stock/3708/2020/
[2021-03-17 05:50:42]cl_getDriver.py(127): click_Success->//*[@id="base_box"]/div/div[3]/form/button
[2021-03-17 05:50:42]cl_getDriver.py(64): getURL=https://kabuoji3.com/stock/3861/
[2021-03-17 05:50:43]cl_getDriver.py(72): Open NewTab->https://kabuoji3.com/stock/3861/
[2021-03-17 05:50:43]cl_getDriver.py(130): Not Found->//*[@id="base_box"]/div/div[3]/form/button
[2021-03-17 05:50:44]cl_getDriver.py(127): click_Success->//*[@id="base_box"]/div/div[3]/form/button
[2021-03-17 05:50:44]cl_getDriver.py(72): Open NewTab->https://kabuoji3.com/stock/3708/2019/
[2021-03-17 05:50:45]cl_getDriver.py(127): click_Success->//*[@id="base_box"]/div/div[3]/form/button
[2021-03-17 05:50:45]cl_getDriver.py(130): Not Found->//*[@id="base_box"]/div/div[3]/form/button
[2021-03-17 05:50:46]cl_getDriver.py(72): Open NewTab->https://kabuoji3.com/stock/3861/2021/
[2021-03-17 05:50:47]cl_getDriver.py(127): click_Success->//*[@id="base_box"]/div/div[3]/form/button
[2021-03-17 05:50:48]cl_getDriver.py(127): click_Success->//*[@id="base_box"]/div/div[3]/form/button
[2021-03-17 05:50:48]cl_getDriver.py(72): Open NewTab->https://kabuoji3.com/stock/3708/2018/
[2021-03-17 05:50:49]cl_getDriver.py(127): click_Success->//*[@id="base_box"]/div/div[3]/form/button
[2021-03-17 05:50:49]cl_getDriver.py(127): click_Success->//*[@id="base_box"]/div/div[3]/form/button
[2021-03-17 05:50:49]cl_getDriver.py(72): Open NewTab->https://kabuoji3.com/stock/3861/2020/
[2021-03-17 05:50:51]cl_getDriver.py(127): click_Success->//*[@id="base_box"]/div/div[3]/form/button
[2021-03-17 05:50:51]cl_getDriver.py(127): click_Success->//*[@id="base_box"]/div/div[3]/form/button
[2021-03-17 05:50:52]cl_getDriver.py(72): Open NewTab->https://kabuoji3.com/stock/3708/2017/
[2021-03-17 05:50:53]cl_getDriver.py(127): click_Success->//*[@id="base_box"]/div/div[3]/form/button
[2021-03-17 05:50:53]cl_getDriver.py(127): click_Success->//*[@id="base_box"]/div/div[3]/form/button
[2021-03-17 05:50:53]cl_getDriver.py(72): Open NewTab->https://kabuoji3.com/stock/3861/2019/
[2021-03-17 05:50:54]cl_getDriver.py(127): click_Success->//*[@id="base_box"]/div/div[3]/form/button
[2021-03-17 05:50:55]cl_getDriver.py(127): click_Success->//*[@id="base_box"]/div/div[3]/form/button
[2021-03-17 05:50:56]cl_getDriver.py(72): Open NewTab->https://kabuoji3.com/stock/3708/2016/
[2021-03-17 05:50:56]cl_getDriver.py(127): click_Success->//*[@id="base_box"]/div/div[3]/form/button
[2021-03-17 05:50:57]cl_getDriver.py(127): click_Success->//*[@id="base_box"]/div/div[3]/form/button
[2021-03-17 05:50:57]cl_getDriver.py(72): Open NewTab->https://kabuoji3.com/stock/3861/2018/
[2021-03-17 05:50:58]cl_getDriver.py(127): click_Success->//*[@id="base_box"]/div/div[3]/form/button
[2021-03-17 05:50:59]cl_getDriver.py(127): click_Success->//*[@id="base_box"]/div/div[3]/form/button
[2021-03-17 05:50:59]cl_getDriver.py(72): Open NewTab->https://kabuoji3.com/stock/3708/2015/
[2021-03-17 05:51:00]cl_getDriver.py(127): click_Success->//*[@id="base_box"]/div/div[3]/form/button
[2021-03-17 05:51:00]cl_getDriver.py(127): click_Success->//*[@id="base_box"]/div/div[3]/form/button
[2021-03-17 05:51:01]cl_getDriver.py(72): Open NewTab->https://kabuoji3.com/stock/3861/2017/
[2021-03-17 05:51:01]cl_getDriver.py(127): click_Success->//*[@id="base_box"]/div/div[3]/form/button
[2021-03-17 05:51:02]cl_getDriver.py(127): click_Success->//*[@id="base_box"]/div/div[3]/form/button
[2021-03-17 05:51:03]cl_getDriver.py(72): Open NewTab->https://kabuoji3.com/stock/3708/2014/
[2021-03-17 05:51:04]cl_getDriver.py(127): click_Success->//*[@id="base_box"]/div/div[3]/form/button
[2021-03-17 05:51:04]cl_getDriver.py(127): click_Success->//*[@id="base_box"]/div/div[3]/form/button
[2021-03-17 05:51:04]cl_getDriver.py(72): Open NewTab->https://kabuoji3.com/stock/3861/2016/
[2021-03-17 05:51:05]cl_getDriver.py(127): click_Success->//*[@id="base_box"]/div/div[3]/form/button
[2021-03-17 05:51:06]cl_getDriver.py(127): click_Success->//*[@id="base_box"]/div/div[3]/form/button
[2021-03-17 05:51:06]cl_getDriver.py(72): Open NewTab->https://kabuoji3.com/stock/3708/2013/
[2021-03-17 05:51:07]cl_getDriver.py(127): click_Success->//*[@id="base_box"]/div/div[3]/form/button
[2021-03-17 05:51:07]cl_getDriver.py(127): click_Success->//*[@id="base_box"]/div/div[3]/form/button
[2021-03-17 05:51:08]cl_getDriver.py(72): Open NewTab->https://kabuoji3.com/stock/3861/2015/
[2021-03-17 05:51:09]cl_getDriver.py(127): click_Success->//*[@id="base_box"]/div/div[3]/form/button
[2021-03-17 05:51:10]cl_getDriver.py(127): click_Success->//*[@id="base_box"]/div/div[3]/form/button
[2021-03-17 05:51:10]cl_getDriver.py(72): Open NewTab->https://kabuoji3.com/stock/3708/2012/
[2021-03-17 05:51:11]cl_getDriver.py(127): click_Success->//*[@id="base_box"]/div/div[3]/form/button
[2021-03-17 05:51:11]cl_getDriver.py(127): click_Success->//*[@id="base_box"]/div/div[3]/form/button
[2021-03-17 05:51:11]cl_getDriver.py(72): Open NewTab->https://kabuoji3.com/stock/3861/2014/
[2021-03-17 05:51:12]cl_getDriver.py(127): click_Success->//*[@id="base_box"]/div/div[3]/form/button
[2021-03-17 05:51:13]cl_getDriver.py(127): click_Success->//*[@id="base_box"]/div/div[3]/form/button
[2021-03-17 05:51:14]cl_getDriver.py(72): Open NewTab->https://kabuoji3.com/stock/3708/2011/
[2021-03-17 05:51:15]cl_getDriver.py(127): click_Success->//*[@id="base_box"]/div/div[3]/form/button
[2021-03-17 05:51:15]cl_getDriver.py(127): click_Success->//*[@id="base_box"]/div/div[3]/form/button
[2021-03-17 05:51:15]cl_getDriver.py(72): Open NewTab->https://kabuoji3.com/stock/3861/2013/
[2021-03-17 05:51:16]cl_getDriver.py(127): click_Success->//*[@id="base_box"]/div/div[3]/form/button
[2021-03-17 05:51:17]cl_getDriver.py(127): click_Success->//*[@id="base_box"]/div/div[3]/form/button
[2021-03-17 05:51:17]cl_getDriver.py(72): Open NewTab->https://kabuoji3.com/stock/3708/2010/
[2021-03-17 05:51:18]cl_getDriver.py(127): click_Success->//*[@id="base_box"]/div/div[3]/form/button
[2021-03-17 05:51:18]cl_getDriver.py(127): click_Success->//*[@id="base_box"]/div/div[3]/form/button
[2021-03-17 05:51:19]cl_getDriver.py(72): Open NewTab->https://kabuoji3.com/stock/3861/2012/
[2021-03-17 05:51:20]cl_getDriver.py(127): click_Success->//*[@id="base_box"]/div/div[3]/form/button
[2021-03-17 05:51:21]cl_getDriver.py(127): click_Success->//*[@id="base_box"]/div/div[3]/form/button
[2021-03-17 05:51:21]cl_getDriver.py(72): Open NewTab->https://kabuoji3.com/stock/3708/2009/
[2021-03-17 05:51:22]cl_getDriver.py(127): click_Success->//*[@id="base_box"]/div/div[3]/form/button
[2021-03-17 05:51:22]cl_getDriver.py(127): click_Success->//*[@id="base_box"]/div/div[3]/form/button
[2021-03-17 05:51:22]cl_getDriver.py(72): Open NewTab->https://kabuoji3.com/stock/3861/2011/
[2021-03-17 05:51:23]cl_getDriver.py(127): click_Success->//*[@id="base_box"]/div/div[3]/form/button
[2021-03-17 05:51:24]cl_getDriver.py(127): click_Success->//*[@id="base_box"]/div/div[3]/form/button
[2021-03-17 05:51:25]cl_getDriver.py(72): Open NewTab->https://kabuoji3.com/stock/3708/2008/
[2021-03-17 05:51:26]cl_getDriver.py(127): click_Success->//*[@id="base_box"]/div/div[3]/form/button
[2021-03-17 05:51:26]cl_getDriver.py(127): click_Success->//*[@id="base_box"]/div/div[3]/form/button
[2021-03-17 05:51:26]cl_getDriver.py(72): Open NewTab->https://kabuoji3.com/stock/3861/2010/
[2021-03-17 05:51:27]cl_getDriver.py(127): click_Success->//*[@id="base_box"]/div/div[3]/form/button
[2021-03-17 05:51:28]cl_getDriver.py(127): click_Success->//*[@id="base_box"]/div/div[3]/form/button
[2021-03-17 05:51:28]cl_getDriver.py(72): Open NewTab->https://kabuoji3.com/stock/3708/2007/
[2021-03-17 05:51:29]cl_getDriver.py(127): click_Success->//*[@id="base_box"]/div/div[3]/form/button
[2021-03-17 05:51:29]cl_getDriver.py(127): click_Success->//*[@id="base_box"]/div/div[3]/form/button
[2021-03-17 05:51:30]cl_getDriver.py(72): Open NewTab->https://kabuoji3.com/stock/3861/2009/
[2021-03-17 05:51:31]cl_getDriver.py(127): click_Success->//*[@id="base_box"]/div/div[3]/form/button
[2021-03-17 05:51:32]cl_getDriver.py(127): click_Success->//*[@id="base_box"]/div/div[3]/form/button
[2021-03-17 05:51:33]cl_getDriver.py(127): click_Success->//*[@id="base_box"]/div/div[3]/form/button
[2021-03-17 05:51:33]cl_getDriver.py(72): Open NewTab->https://kabuoji3.com/stock/3861/2008/
[2021-03-17 05:51:34]cl_getDriver.py(127): click_Success->//*[@id="base_box"]/div/div[3]/form/button
[2021-03-17 05:51:36]main.py(42): finished Process->https://kabuoji3.com/stock/3708/
[2021-03-17 05:51:36]main.py(15): start_Process->https://kabuoji3.com/stock/3863/
[2021-03-17 05:51:36]cl_getDriver.py(127): click_Success->//*[@id="base_box"]/div/div[3]/form/button
[2021-03-17 05:51:37]cl_getDriver.py(72): Open NewTab->https://kabuoji3.com/stock/3861/2007/
[2021-03-17 05:51:38]cl_getDriver.py(127): click_Success->//*[@id="base_box"]/div/div[3]/form/button
[2021-03-17 05:51:40]cl_getDriver.py(127): click_Success->//*[@id="base_box"]/div/div[3]/form/button
[2021-03-17 05:51:41]cl_getDriver.py(72): Open NewTab->https://kabuoji3.com/stock/3861/2006/
[2021-03-17 05:51:42]cl_getDriver.py(64): getURL=https://kabuoji3.com/stock/3863/
[2021-03-17 05:51:42]cl_getDriver.py(127): click_Success->//*[@id="base_box"]/div/div[3]/form/button
[2021-03-17 05:51:42]cl_getDriver.py(72): Open NewTab->https://kabuoji3.com/stock/3863/
[2021-03-17 05:51:43]cl_getDriver.py(130): Not Found->//*[@id="base_box"]/div/div[3]/form/button
[2021-03-17 05:51:44]cl_getDriver.py(127): click_Success->//*[@id="base_box"]/div/div[3]/form/button
[2021-03-17 05:51:45]cl_getDriver.py(72): Open NewTab->https://kabuoji3.com/stock/3861/2005/
[2021-03-17 05:51:45]cl_getDriver.py(130): Not Found->//*[@id="base_box"]/div/div[3]/form/button
[2021-03-17 05:51:45]cl_getDriver.py(72): Open NewTab->https://kabuoji3.com/stock/3863/2021/
[2021-03-17 05:51:46]cl_getDriver.py(127): click_Success->//*[@id="base_box"]/div/div[3]/form/button
[2021-03-17 05:51:46]cl_getDriver.py(127): click_Success->//*[@id="base_box"]/div/div[3]/form/button
[2021-03-17 05:51:48]cl_getDriver.py(127): click_Success->//*[@id="base_box"]/div/div[3]/form/button
[2021-03-17 05:51:49]cl_getDriver.py(72): Open NewTab->https://kabuoji3.com/stock/3861/2004/
[2021-03-17 05:51:49]cl_getDriver.py(127): click_Success->//*[@id="base_box"]/div/div[3]/form/button
[2021-03-17 05:51:49]cl_getDriver.py(72): Open NewTab->https://kabuoji3.com/stock/3863/2020/
[2021-03-17 05:51:50]cl_getDriver.py(127): click_Success->//*[@id="base_box"]/div/div[3]/form/button
[2021-03-17 05:51:51]cl_getDriver.py(127): click_Success->//*[@id="base_box"]/div/div[3]/form/button
[2021-03-17 05:51:53]cl_getDriver.py(127): click_Success->//*[@id="base_box"]/div/div[3]/form/button
[2021-03-17 05:51:53]cl_getDriver.py(72): Open NewTab->https://kabuoji3.com/stock/3861/2003/
[2021-03-17 05:51:53]cl_getDriver.py(127): click_Success->//*[@id="base_box"]/div/div[3]/form/button
[2021-03-17 05:51:54]cl_getDriver.py(72): Open NewTab->https://kabuoji3.com/stock/3863/2019/
[2021-03-17 05:51:54]cl_getDriver.py(127): click_Success->//*[@id="base_box"]/div/div[3]/form/button
[2021-03-17 05:51:55]cl_getDriver.py(127): click_Success->//*[@id="base_box"]/div/div[3]/form/button
[2021-03-17 05:51:57]cl_getDriver.py(127): click_Success->//*[@id="base_box"]/div/div[3]/form/button
[2021-03-17 05:51:57]cl_getDriver.py(72): Open NewTab->https://kabuoji3.com/stock/3861/2002/
[2021-03-17 05:51:57]cl_getDriver.py(127): click_Success->//*[@id="base_box"]/div/div[3]/form/button
[2021-03-17 05:51:58]cl_getDriver.py(72): Open NewTab->https://kabuoji3.com/stock/3863/2018/
[2021-03-17 05:51:59]cl_getDriver.py(127): click_Success->//*[@id="base_box"]/div/div[3]/form/button
[2021-03-17 05:51:59]cl_getDriver.py(127): click_Success->//*[@id="base_box"]/div/div[3]/form/button
[2021-03-17 05:52:01]cl_getDriver.py(127): click_Success->//*[@id="base_box"]/div/div[3]/form/button
[2021-03-17 05:52:01]cl_getDriver.py(127): click_Success->//*[@id="base_box"]/div/div[3]/form/button
[2021-03-17 05:52:02]cl_getDriver.py(72): Open NewTab->https://kabuoji3.com/stock/3861/2001/
[2021-03-17 05:52:02]cl_getDriver.py(72): Open NewTab->https://kabuoji3.com/stock/3863/2017/
[2021-03-17 05:52:03]cl_getDriver.py(127): click_Success->//*[@id="base_box"]/div/div[3]/form/button
[2021-03-17 05:52:03]cl_getDriver.py(127): click_Success->//*[@id="base_box"]/div/div[3]/form/button
[2021-03-17 05:52:05]cl_getDriver.py(127): click_Success->//*[@id="base_box"]/div/div[3]/form/button
[2021-03-17 05:52:06]cl_getDriver.py(72): Open NewTab->https://kabuoji3.com/stock/3861/2000/
[2021-03-17 05:52:06]cl_getDriver.py(127): click_Success->//*[@id="base_box"]/div/div[3]/form/button
[2021-03-17 05:52:06]cl_getDriver.py(72): Open NewTab->https://kabuoji3.com/stock/3863/2016/
[2021-03-17 05:52:07]cl_getDriver.py(127): click_Success->//*[@id="base_box"]/div/div[3]/form/button
[2021-03-17 05:52:07]cl_getDriver.py(127): click_Success->//*[@id="base_box"]/div/div[3]/form/button
[2021-03-17 05:52:09]cl_getDriver.py(127): click_Success->//*[@id="base_box"]/div/div[3]/form/button
[2021-03-17 05:52:10]cl_getDriver.py(72): Open NewTab->https://kabuoji3.com/stock/3861/1999/
[2021-03-17 05:52:10]cl_getDriver.py(127): click_Success->//*[@id="base_box"]/div/div[3]/form/button
[2021-03-17 05:52:10]cl_getDriver.py(72): Open NewTab->https://kabuoji3.com/stock/3863/2015/
[2021-03-17 05:52:11]cl_getDriver.py(127): click_Success->//*[@id="base_box"]/div/div[3]/form/button
[2021-03-17 05:52:11]cl_getDriver.py(127): click_Success->//*[@id="base_box"]/div/div[3]/form/button
[2021-03-17 05:52:13]cl_getDriver.py(127): click_Success->//*[@id="base_box"]/div/div[3]/form/button
[2021-03-17 05:52:14]cl_getDriver.py(127): click_Success->//*[@id="base_box"]/div/div[3]/form/button
[2021-03-17 05:52:14]cl_getDriver.py(72): Open NewTab->https://kabuoji3.com/stock/3861/1998/
[2021-03-17 05:52:14]cl_getDriver.py(72): Open NewTab->https://kabuoji3.com/stock/3863/2014/
[2021-03-17 05:52:15]cl_getDriver.py(127): click_Success->//*[@id="base_box"]/div/div[3]/form/button
[2021-03-17 05:52:16]cl_getDriver.py(127): click_Success->//*[@id="base_box"]/div/div[3]/form/button
[2021-03-17 05:52:18]cl_getDriver.py(127): click_Success->//*[@id="base_box"]/div/div[3]/form/button
[2021-03-17 05:52:18]cl_getDriver.py(127): click_Success->//*[@id="base_box"]/div/div[3]/form/button
[2021-03-17 05:52:18]cl_getDriver.py(72): Open NewTab->https://kabuoji3.com/stock/3861/1997/
[2021-03-17 05:52:18]cl_getDriver.py(72): Open NewTab->https://kabuoji3.com/stock/3863/2013/
[2021-03-17 05:52:20]cl_getDriver.py(127): click_Success->//*[@id="base_box"]/div/div[3]/form/button
[2021-03-17 05:52:20]cl_getDriver.py(127): click_Success->//*[@id="base_box"]/div/div[3]/form/button
[2021-03-17 05:52:22]cl_getDriver.py(127): click_Success->//*[@id="base_box"]/div/div[3]/form/button
[2021-03-17 05:52:22]cl_getDriver.py(127): click_Success->//*[@id="base_box"]/div/div[3]/form/button
[2021-03-17 05:52:22]cl_getDriver.py(72): Open NewTab->https://kabuoji3.com/stock/3861/1996/
[2021-03-17 05:52:23]cl_getDriver.py(127): click_Success->//*[@id="base_box"]/div/div[3]/form/button
[2021-03-17 05:52:26]cl_getDriver.py(127): click_Success->//*[@id="base_box"]/div/div[3]/form/button
[2021-03-17 05:52:26]cl_getDriver.py(72): Open NewTab->https://kabuoji3.com/stock/3861/1995/
[2021-03-17 05:52:26]main.py(42): finished Process->https://kabuoji3.com/stock/3863/
[2021-03-17 05:52:26]main.py(15): start_Process->https://kabuoji3.com/stock/3864/
[2021-03-17 05:52:27]cl_getDriver.py(127): click_Success->//*[@id="base_box"]/div/div[3]/form/button
[2021-03-17 05:52:29]cl_getDriver.py(127): click_Success->//*[@id="base_box"]/div/div[3]/form/button
[2021-03-17 05:52:29]cl_getDriver.py(72): Open NewTab->https://kabuoji3.com/stock/3861/1994/
[2021-03-17 05:52:31]cl_getDriver.py(64): getURL=https://kabuoji3.com/stock/3864/
[2021-03-17 05:52:31]cl_getDriver.py(127): click_Success->//*[@id="base_box"]/div/div[3]/form/button
[2021-03-17 05:52:32]cl_getDriver.py(72): Open NewTab->https://kabuoji3.com/stock/3864/
[2021-03-17 05:52:32]cl_getDriver.py(130): Not Found->//*[@id="base_box"]/div/div[3]/form/button
[2021-03-17 05:52:34]cl_getDriver.py(127): click_Success->//*[@id="base_box"]/div/div[3]/form/button
[2021-03-17 05:52:34]cl_getDriver.py(72): Open NewTab->https://kabuoji3.com/stock/3861/1993/
[2021-03-17 05:52:34]cl_getDriver.py(130): Not Found->//*[@id="base_box"]/div/div[3]/form/button
[2021-03-17 05:52:35]cl_getDriver.py(72): Open NewTab->https://kabuoji3.com/stock/3864/2021/
[2021-03-17 05:52:36]cl_getDriver.py(127): click_Success->//*[@id="base_box"]/div/div[3]/form/button
[2021-03-17 05:52:36]cl_getDriver.py(127): click_Success->//*[@id="base_box"]/div/div[3]/form/button
[2021-03-17 05:52:38]cl_getDriver.py(127): click_Success->//*[@id="base_box"]/div/div[3]/form/button
[2021-03-17 05:52:38]cl_getDriver.py(72): Open NewTab->https://kabuoji3.com/stock/3861/1992/
[2021-03-17 05:52:38]cl_getDriver.py(127): click_Success->//*[@id="base_box"]/div/div[3]/form/button
[2021-03-17 05:52:39]cl_getDriver.py(72): Open NewTab->https://kabuoji3.com/stock/3864/2020/
[2021-03-17 05:52:40]cl_getDriver.py(127): click_Success->//*[@id="base_box"]/div/div[3]/form/button
[2021-03-17 05:52:40]cl_getDriver.py(127): click_Success->//*[@id="base_box"]/div/div[3]/form/button
[2021-03-17 05:52:42]cl_getDriver.py(127): click_Success->//*[@id="base_box"]/div/div[3]/form/button
[2021-03-17 05:52:42]cl_getDriver.py(127): click_Success->//*[@id="base_box"]/div/div[3]/form/button
[2021-03-17 05:52:43]cl_getDriver.py(72): Open NewTab->https://kabuoji3.com/stock/3861/1991/
[2021-03-17 05:52:43]cl_getDriver.py(72): Open NewTab->https://kabuoji3.com/stock/3864/2019/
[2021-03-17 05:52:44]cl_getDriver.py(127): click_Success->//*[@id="base_box"]/div/div[3]/form/button
[2021-03-17 05:52:44]cl_getDriver.py(127): click_Success->//*[@id="base_box"]/div/div[3]/form/button
[2021-03-17 05:52:46]cl_getDriver.py(127): click_Success->//*[@id="base_box"]/div/div[3]/form/button
[2021-03-17 05:52:47]cl_getDriver.py(127): click_Success->//*[@id="base_box"]/div/div[3]/form/button
[2021-03-17 05:52:47]cl_getDriver.py(72): Open NewTab->https://kabuoji3.com/stock/3861/1990/
[2021-03-17 05:52:47]cl_getDriver.py(72): Open NewTab->https://kabuoji3.com/stock/3864/2018/
[2021-03-17 05:52:48]cl_getDriver.py(127): click_Success->//*[@id="base_box"]/div/div[3]/form/button
[2021-03-17 05:52:48]cl_getDriver.py(127): click_Success->//*[@id="base_box"]/div/div[3]/form/button
[2021-03-17 05:52:51]cl_getDriver.py(127): click_Success->//*[@id="base_box"]/div/div[3]/form/button
[2021-03-17 05:52:51]cl_getDriver.py(127): click_Success->//*[@id="base_box"]/div/div[3]/form/button
[2021-03-17 05:52:51]cl_getDriver.py(72): Open NewTab->https://kabuoji3.com/stock/3861/1989/
[2021-03-17 05:52:51]cl_getDriver.py(72): Open NewTab->https://kabuoji3.com/stock/3864/2017/
[2021-03-17 05:52:53]cl_getDriver.py(127): click_Success->//*[@id="base_box"]/div/div[3]/form/button
[2021-03-17 05:52:53]cl_getDriver.py(127): click_Success->//*[@id="base_box"]/div/div[3]/form/button
[2021-03-17 05:52:55]cl_getDriver.py(127): click_Success->//*[@id="base_box"]/div/div[3]/form/button
[2021-03-17 05:52:55]cl_getDriver.py(127): click_Success->//*[@id="base_box"]/div/div[3]/form/button
[2021-03-17 05:52:56]cl_getDriver.py(72): Open NewTab->https://kabuoji3.com/stock/3861/1988/
[2021-03-17 05:52:56]cl_getDriver.py(72): Open NewTab->https://kabuoji3.com/stock/3864/2016/
[2021-03-17 05:52:57]cl_getDriver.py(127): click_Success->//*[@id="base_box"]/div/div[3]/form/button
[2021-03-17 05:52:57]cl_getDriver.py(127): click_Success->//*[@id="base_box"]/div/div[3]/form/button
[2021-03-17 05:52:59]cl_getDriver.py(127): click_Success->//*[@id="base_box"]/div/div[3]/form/button
[2021-03-17 05:52:59]cl_getDriver.py(127): click_Success->//*[@id="base_box"]/div/div[3]/form/button
[2021-03-17 05:53:00]cl_getDriver.py(72): Open NewTab->https://kabuoji3.com/stock/3864/2015/
[2021-03-17 05:53:00]cl_getDriver.py(72): Open NewTab->https://kabuoji3.com/stock/3861/1987/
[2021-03-17 05:53:01]cl_getDriver.py(127): click_Success->//*[@id="base_box"]/div/div[3]/form/button
[2021-03-17 05:53:01]cl_getDriver.py(127): click_Success->//*[@id="base_box"]/div/div[3]/form/button
[2021-03-17 05:53:04]cl_getDriver.py(127): click_Success->//*[@id="base_box"]/div/div[3]/form/button
[2021-03-17 05:53:04]cl_getDriver.py(127): click_Success->//*[@id="base_box"]/div/div[3]/form/button
[2021-03-17 05:53:04]cl_getDriver.py(72): Open NewTab->https://kabuoji3.com/stock/3864/2014/
[2021-03-17 05:53:04]cl_getDriver.py(72): Open NewTab->https://kabuoji3.com/stock/3861/1986/
[2021-03-17 05:53:06]cl_getDriver.py(127): click_Success->//*[@id="base_box"]/div/div[3]/form/button
[2021-03-17 05:53:06]cl_getDriver.py(127): click_Success->//*[@id="base_box"]/div/div[3]/form/button
[2021-03-17 05:53:08]cl_getDriver.py(127): click_Success->//*[@id="base_box"]/div/div[3]/form/button
[2021-03-17 05:53:08]cl_getDriver.py(127): click_Success->//*[@id="base_box"]/div/div[3]/form/button
[2021-03-17 05:53:09]cl_getDriver.py(72): Open NewTab->https://kabuoji3.com/stock/3864/2013/
[2021-03-17 05:53:09]cl_getDriver.py(72): Open NewTab->https://kabuoji3.com/stock/3861/1985/
[2021-03-17 05:53:10]cl_getDriver.py(127): click_Success->//*[@id="base_box"]/div/div[3]/form/button
[2021-03-17 05:53:10]cl_getDriver.py(127): click_Success->//*[@id="base_box"]/div/div[3]/form/button
[2021-03-17 05:53:12]cl_getDriver.py(127): click_Success->//*[@id="base_box"]/div/div[3]/form/button
[2021-03-17 05:53:12]cl_getDriver.py(127): click_Success->//*[@id="base_box"]/div/div[3]/form/button
[2021-03-17 05:53:13]cl_getDriver.py(72): Open NewTab->https://kabuoji3.com/stock/3864/2012/
[2021-03-17 05:53:13]cl_getDriver.py(72): Open NewTab->https://kabuoji3.com/stock/3861/1984/
[2021-03-17 05:53:14]cl_getDriver.py(127): click_Success->//*[@id="base_box"]/div/div[3]/form/button
[2021-03-17 05:53:14]cl_getDriver.py(127): click_Success->//*[@id="base_box"]/div/div[3]/form/button
[2021-03-17 05:53:17]cl_getDriver.py(127): click_Success->//*[@id="base_box"]/div/div[3]/form/button
[2021-03-17 05:53:17]cl_getDriver.py(127): click_Success->//*[@id="base_box"]/div/div[3]/form/button
[2021-03-17 05:53:17]cl_getDriver.py(72): Open NewTab->https://kabuoji3.com/stock/3864/2011/
[2021-03-17 05:53:17]cl_getDriver.py(72): Open NewTab->https://kabuoji3.com/stock/3861/1983/
[2021-03-17 05:53:19]cl_getDriver.py(127): click_Success->//*[@id="base_box"]/div/div[3]/form/button
[2021-03-17 05:53:19]cl_getDriver.py(127): click_Success->//*[@id="base_box"]/div/div[3]/form/button
[2021-03-17 05:53:21]cl_getDriver.py(127): click_Success->//*[@id="base_box"]/div/div[3]/form/button
[2021-03-17 05:53:21]cl_getDriver.py(127): click_Success->//*[@id="base_box"]/div/div[3]/form/button
[2021-03-17 05:53:22]cl_getDriver.py(72): Open NewTab->https://kabuoji3.com/stock/3864/2010/
[2021-03-17 05:53:23]cl_getDriver.py(127): click_Success->//*[@id="base_box"]/div/div[3]/form/button
[2021-03-17 05:53:25]cl_getDriver.py(127): click_Success->//*[@id="base_box"]/div/div[3]/form/button
[2021-03-17 05:53:25]main.py(42): finished Process->https://kabuoji3.com/stock/3861/
[2021-03-17 05:53:25]main.py(15): start_Process->https://kabuoji3.com/stock/3865/
[2021-03-17 05:53:25]cl_getDriver.py(72): Open NewTab->https://kabuoji3.com/stock/3864/2009/
[2021-03-17 05:53:26]cl_getDriver.py(127): click_Success->//*[@id="base_box"]/div/div[3]/form/button
[2021-03-17 05:53:28]cl_getDriver.py(127): click_Success->//*[@id="base_box"]/div/div[3]/form/button
[2021-03-17 05:53:29]cl_getDriver.py(72): Open NewTab->https://kabuoji3.com/stock/3864/2008/
[2021-03-17 05:53:30]cl_getDriver.py(127): click_Success->//*[@id="base_box"]/div/div[3]/form/button
[2021-03-17 05:53:31]cl_getDriver.py(64): getURL=https://kabuoji3.com/stock/3865/
[2021-03-17 05:53:31]cl_getDriver.py(72): Open NewTab->https://kabuoji3.com/stock/3865/
[2021-03-17 05:53:32]cl_getDriver.py(130): Not Found->//*[@id="base_box"]/div/div[3]/form/button
[2021-03-17 05:53:33]cl_getDriver.py(127): click_Success->//*[@id="base_box"]/div/div[3]/form/button
[2021-03-17 05:53:33]cl_getDriver.py(72): Open NewTab->https://kabuoji3.com/stock/3864/2007/
[2021-03-17 05:53:34]cl_getDriver.py(127): click_Success->//*[@id="base_box"]/div/div[3]/form/button
[2021-03-17 05:53:34]cl_getDriver.py(130): Not Found->//*[@id="base_box"]/div/div[3]/form/button
[2021-03-17 05:53:34]cl_getDriver.py(72): Open NewTab->https://kabuoji3.com/stock/3865/2021/
[2021-03-17 05:53:35]cl_getDriver.py(127): click_Success->//*[@id="base_box"]/div/div[3]/form/button
[2021-03-17 05:53:36]cl_getDriver.py(127): click_Success->//*[@id="base_box"]/div/div[3]/form/button
[2021-03-17 05:53:37]cl_getDriver.py(72): Open NewTab->https://kabuoji3.com/stock/3864/2006/
[2021-03-17 05:53:38]cl_getDriver.py(127): click_Success->//*[@id="base_box"]/div/div[3]/form/button
[2021-03-17 05:53:38]cl_getDriver.py(127): click_Success->//*[@id="base_box"]/div/div[3]/form/button
[2021-03-17 05:53:38]cl_getDriver.py(72): Open NewTab->https://kabuoji3.com/stock/3865/2020/
[2021-03-17 05:53:39]cl_getDriver.py(127): click_Success->//*[@id="base_box"]/div/div[3]/form/button
[2021-03-17 05:53:40]cl_getDriver.py(127): click_Success->//*[@id="base_box"]/div/div[3]/form/button
[2021-03-17 05:53:41]cl_getDriver.py(72): Open NewTab->https://kabuoji3.com/stock/3864/2005/
[2021-03-17 05:53:41]cl_getDriver.py(127): click_Success->//*[@id="base_box"]/div/div[3]/form/button
[2021-03-17 05:53:42]cl_getDriver.py(127): click_Success->//*[@id="base_box"]/div/div[3]/form/button
[2021-03-17 05:53:42]cl_getDriver.py(72): Open NewTab->https://kabuoji3.com/stock/3865/2019/
[2021-03-17 05:53:43]cl_getDriver.py(127): click_Success->//*[@id="base_box"]/div/div[3]/form/button
[2021-03-17 05:53:44]cl_getDriver.py(127): click_Success->//*[@id="base_box"]/div/div[3]/form/button
[2021-03-17 05:53:44]cl_getDriver.py(72): Open NewTab->https://kabuoji3.com/stock/3864/2004/
[2021-03-17 05:53:45]cl_getDriver.py(127): click_Success->//*[@id="base_box"]/div/div[3]/form/button
[2021-03-17 05:53:45]cl_getDriver.py(127): click_Success->//*[@id="base_box"]/div/div[3]/form/button
[2021-03-17 05:53:46]cl_getDriver.py(72): Open NewTab->https://kabuoji3.com/stock/3865/2018/
[2021-03-17 05:53:47]cl_getDriver.py(127): click_Success->//*[@id="base_box"]/div/div[3]/form/button
[2021-03-17 05:53:48]cl_getDriver.py(127): click_Success->//*[@id="base_box"]/div/div[3]/form/button
[2021-03-17 05:53:48]cl_getDriver.py(72): Open NewTab->https://kabuoji3.com/stock/3864/2003/
[2021-03-17 05:53:49]cl_getDriver.py(127): click_Success->//*[@id="base_box"]/div/div[3]/form/button
[2021-03-17 05:53:49]cl_getDriver.py(127): click_Success->//*[@id="base_box"]/div/div[3]/form/button
[2021-03-17 05:53:49]cl_getDriver.py(72): Open NewTab->https://kabuoji3.com/stock/3865/2017/
[2021-03-17 05:53:50]cl_getDriver.py(127): click_Success->//*[@id="base_box"]/div/div[3]/form/button
[2021-03-17 05:53:51]cl_getDriver.py(127): click_Success->//*[@id="base_box"]/div/div[3]/form/button
[2021-03-17 05:53:52]cl_getDriver.py(72): Open NewTab->https://kabuoji3.com/stock/3864/2002/
[2021-03-17 05:53:53]cl_getDriver.py(127): click_Success->//*[@id="base_box"]/div/div[3]/form/button
[2021-03-17 05:53:53]cl_getDriver.py(127): click_Success->//*[@id="base_box"]/div/div[3]/form/button
[2021-03-17 05:53:53]cl_getDriver.py(72): Open NewTab->https://kabuoji3.com/stock/3865/2016/
[2021-03-17 05:53:54]cl_getDriver.py(127): click_Success->//*[@id="base_box"]/div/div[3]/form/button
[2021-03-17 05:53:55]cl_getDriver.py(127): click_Success->//*[@id="base_box"]/div/div[3]/form/button
[2021-03-17 05:53:55]cl_getDriver.py(72): Open NewTab->https://kabuoji3.com/stock/3864/2001/
[2021-03-17 05:53:56]cl_getDriver.py(127): click_Success->//*[@id="base_box"]/div/div[3]/form/button
[2021-03-17 05:53:56]cl_getDriver.py(127): click_Success->//*[@id="base_box"]/div/div[3]/form/button
[2021-03-17 05:53:57]cl_getDriver.py(72): Open NewTab->https://kabuoji3.com/stock/3865/2015/
[2021-03-17 05:53:58]cl_getDriver.py(127): click_Success->//*[@id="base_box"]/div/div[3]/form/button
[2021-03-17 05:53:59]cl_getDriver.py(127): click_Success->//*[@id="base_box"]/div/div[3]/form/button
[2021-03-17 05:53:59]cl_getDriver.py(72): Open NewTab->https://kabuoji3.com/stock/3864/2000/
[2021-03-17 05:54:00]cl_getDriver.py(127): click_Success->//*[@id="base_box"]/div/div[3]/form/button
[2021-03-17 05:54:00]cl_getDriver.py(127): click_Success->//*[@id="base_box"]/div/div[3]/form/button
[2021-03-17 05:54:00]cl_getDriver.py(72): Open NewTab->https://kabuoji3.com/stock/3865/2014/
[2021-03-17 05:54:01]cl_getDriver.py(127): click_Success->//*[@id="base_box"]/div/div[3]/form/button
[2021-03-17 05:54:02]cl_getDriver.py(127): click_Success->//*[@id="base_box"]/div/div[3]/form/button
[2021-03-17 05:54:03]cl_getDriver.py(72): Open NewTab->https://kabuoji3.com/stock/3864/1999/
[2021-03-17 05:54:04]cl_getDriver.py(127): click_Success->//*[@id="base_box"]/div/div[3]/form/button
[2021-03-17 05:54:04]cl_getDriver.py(127): click_Success->//*[@id="base_box"]/div/div[3]/form/button
[2021-03-17 05:54:04]cl_getDriver.py(72): Open NewTab->https://kabuoji3.com/stock/3865/2013/
[2021-03-17 05:54:05]cl_getDriver.py(127): click_Success->//*[@id="base_box"]/div/div[3]/form/button
[2021-03-17 05:54:06]cl_getDriver.py(127): click_Success->//*[@id="base_box"]/div/div[3]/form/button
[2021-03-17 05:54:06]cl_getDriver.py(72): Open NewTab->https://kabuoji3.com/stock/3864/1998/
[2021-03-17 05:54:07]cl_getDriver.py(127): click_Success->//*[@id="base_box"]/div/div[3]/form/button
[2021-03-17 05:54:07]cl_getDriver.py(127): click_Success->//*[@id="base_box"]/div/div[3]/form/button
[2021-03-17 05:54:08]cl_getDriver.py(72): Open NewTab->https://kabuoji3.com/stock/3865/2012/
[2021-03-17 05:54:09]cl_getDriver.py(127): click_Success->//*[@id="base_box"]/div/div[3]/form/button
[2021-03-17 05:54:10]cl_getDriver.py(127): click_Success->//*[@id="base_box"]/div/div[3]/form/button
[2021-03-17 05:54:10]cl_getDriver.py(72): Open NewTab->https://kabuoji3.com/stock/3864/1997/
[2021-03-17 05:54:11]cl_getDriver.py(127): click_Success->//*[@id="base_box"]/div/div[3]/form/button
[2021-03-17 05:54:11]cl_getDriver.py(127): click_Success->//*[@id="base_box"]/div/div[3]/form/button
[2021-03-17 05:54:11]cl_getDriver.py(72): Open NewTab->https://kabuoji3.com/stock/3865/2011/
[2021-03-17 05:54:12]cl_getDriver.py(127): click_Success->//*[@id="base_box"]/div/div[3]/form/button
[2021-03-17 05:54:13]cl_getDriver.py(127): click_Success->//*[@id="base_box"]/div/div[3]/form/button
[2021-03-17 05:54:14]cl_getDriver.py(72): Open NewTab->https://kabuoji3.com/stock/3864/1996/
[2021-03-17 05:54:15]cl_getDriver.py(127): click_Success->//*[@id="base_box"]/div/div[3]/form/button
[2021-03-17 05:54:15]cl_getDriver.py(127): click_Success->//*[@id="base_box"]/div/div[3]/form/button
[2021-03-17 05:54:15]cl_getDriver.py(72): Open NewTab->https://kabuoji3.com/stock/3865/2010/
[2021-03-17 05:54:16]cl_getDriver.py(127): click_Success->//*[@id="base_box"]/div/div[3]/form/button
[2021-03-17 05:54:17]cl_getDriver.py(127): click_Success->//*[@id="base_box"]/div/div[3]/form/button
[2021-03-17 05:54:17]cl_getDriver.py(72): Open NewTab->https://kabuoji3.com/stock/3864/1995/
[2021-03-17 05:54:18]cl_getDriver.py(127): click_Success->//*[@id="base_box"]/div/div[3]/form/button
[2021-03-17 05:54:19]cl_getDriver.py(127): click_Success->//*[@id="base_box"]/div/div[3]/form/button
[2021-03-17 05:54:19]cl_getDriver.py(72): Open NewTab->https://kabuoji3.com/stock/3865/2009/
[2021-03-17 05:54:20]cl_getDriver.py(127): click_Success->//*[@id="base_box"]/div/div[3]/form/button
[2021-03-17 05:54:21]cl_getDriver.py(127): click_Success->//*[@id="base_box"]/div/div[3]/form/button
[2021-03-17 05:54:21]cl_getDriver.py(72): Open NewTab->https://kabuoji3.com/stock/3864/1994/
[2021-03-17 05:54:22]cl_getDriver.py(127): click_Success->//*[@id="base_box"]/div/div[3]/form/button
[2021-03-17 05:54:22]cl_getDriver.py(127): click_Success->//*[@id="base_box"]/div/div[3]/form/button
[2021-03-17 05:54:23]cl_getDriver.py(72): Open NewTab->https://kabuoji3.com/stock/3865/2008/
[2021-03-17 05:54:24]cl_getDriver.py(127): click_Success->//*[@id="base_box"]/div/div[3]/form/button
[2021-03-17 05:54:25]cl_getDriver.py(127): click_Success->//*[@id="base_box"]/div/div[3]/form/button
[2021-03-17 05:54:25]cl_getDriver.py(72): Open NewTab->https://kabuoji3.com/stock/3864/1993/
[2021-03-17 05:54:26]cl_getDriver.py(127): click_Success->//*[@id="base_box"]/div/div[3]/form/button
[2021-03-17 05:54:26]cl_getDriver.py(127): click_Success->//*[@id="base_box"]/div/div[3]/form/button
[2021-03-17 05:54:26]cl_getDriver.py(72): Open NewTab->https://kabuoji3.com/stock/3865/2007/
[2021-03-17 05:54:28]cl_getDriver.py(127): click_Success->//*[@id="base_box"]/div/div[3]/form/button
[2021-03-17 05:54:29]cl_getDriver.py(127): click_Success->//*[@id="base_box"]/div/div[3]/form/button
[2021-03-17 05:54:29]cl_getDriver.py(72): Open NewTab->https://kabuoji3.com/stock/3864/1992/
[2021-03-17 05:54:30]cl_getDriver.py(127): click_Success->//*[@id="base_box"]/div/div[3]/form/button
[2021-03-17 05:54:30]cl_getDriver.py(72): Open NewTab->https://kabuoji3.com/stock/3865/2006/
[2021-03-17 05:54:30]cl_getDriver.py(127): click_Success->//*[@id="base_box"]/div/div[3]/form/button
[2021-03-17 05:54:31]cl_getDriver.py(127): click_Success->//*[@id="base_box"]/div/div[3]/form/button
[2021-03-17 05:54:33]cl_getDriver.py(127): click_Success->//*[@id="base_box"]/div/div[3]/form/button
[2021-03-17 05:54:33]cl_getDriver.py(72): Open NewTab->https://kabuoji3.com/stock/3864/1991/
[2021-03-17 05:54:34]cl_getDriver.py(127): click_Success->//*[@id="base_box"]/div/div[3]/form/button
[2021-03-17 05:54:34]cl_getDriver.py(72): Open NewTab->https://kabuoji3.com/stock/3865/2005/
[2021-03-17 05:54:34]cl_getDriver.py(127): click_Success->//*[@id="base_box"]/div/div[3]/form/button
[2021-03-17 05:54:36]cl_getDriver.py(127): click_Success->//*[@id="base_box"]/div/div[3]/form/button
[2021-03-17 05:54:37]cl_getDriver.py(127): click_Success->//*[@id="base_box"]/div/div[3]/form/button
[2021-03-17 05:54:37]cl_getDriver.py(72): Open NewTab->https://kabuoji3.com/stock/3864/1990/
[2021-03-17 05:54:38]cl_getDriver.py(127): click_Success->//*[@id="base_box"]/div/div[3]/form/button
[2021-03-17 05:54:38]cl_getDriver.py(127): click_Success->//*[@id="base_box"]/div/div[3]/form/button
[2021-03-17 05:54:38]cl_getDriver.py(72): Open NewTab->https://kabuoji3.com/stock/3865/2004/
[2021-03-17 05:54:39]cl_getDriver.py(127): click_Success->//*[@id="base_box"]/div/div[3]/form/button
[2021-03-17 05:54:41]cl_getDriver.py(127): click_Success->//*[@id="base_box"]/div/div[3]/form/button
[2021-03-17 05:54:41]cl_getDriver.py(72): Open NewTab->https://kabuoji3.com/stock/3864/1989/
[2021-03-17 05:54:42]cl_getDriver.py(127): click_Success->//*[@id="base_box"]/div/div[3]/form/button
[2021-03-17 05:54:42]cl_getDriver.py(72): Open NewTab->https://kabuoji3.com/stock/3865/2003/
[2021-03-17 05:54:42]cl_getDriver.py(127): click_Success->//*[@id="base_box"]/div/div[3]/form/button
[2021-03-17 05:54:43]cl_getDriver.py(127): click_Success->//*[@id="base_box"]/div/div[3]/form/button
[2021-03-17 05:54:45]cl_getDriver.py(127): click_Success->//*[@id="base_box"]/div/div[3]/form/button
[2021-03-17 05:54:45]cl_getDriver.py(72): Open NewTab->https://kabuoji3.com/stock/3864/1988/
[2021-03-17 05:54:45]cl_getDriver.py(127): click_Success->//*[@id="base_box"]/div/div[3]/form/button
[2021-03-17 05:54:46]cl_getDriver.py(72): Open NewTab->https://kabuoji3.com/stock/3865/2002/
[2021-03-17 05:54:46]cl_getDriver.py(127): click_Success->//*[@id="base_box"]/div/div[3]/form/button
[2021-03-17 05:54:47]cl_getDriver.py(127): click_Success->//*[@id="base_box"]/div/div[3]/form/button
[2021-03-17 05:54:49]cl_getDriver.py(127): click_Success->//*[@id="base_box"]/div/div[3]/form/button
[2021-03-17 05:54:49]cl_getDriver.py(72): Open NewTab->https://kabuoji3.com/stock/3864/1987/
[2021-03-17 05:54:49]cl_getDriver.py(127): click_Success->//*[@id="base_box"]/div/div[3]/form/button
[2021-03-17 05:54:50]cl_getDriver.py(72): Open NewTab->https://kabuoji3.com/stock/3865/2001/
[2021-03-17 05:54:50]cl_getDriver.py(127): click_Success->//*[@id="base_box"]/div/div[3]/form/button
[2021-03-17 05:54:51]cl_getDriver.py(127): click_Success->//*[@id="base_box"]/div/div[3]/form/button
[2021-03-17 05:54:53]cl_getDriver.py(127): click_Success->//*[@id="base_box"]/div/div[3]/form/button
[2021-03-17 05:54:53]cl_getDriver.py(72): Open NewTab->https://kabuoji3.com/stock/3864/1986/
[2021-03-17 05:54:53]cl_getDriver.py(127): click_Success->//*[@id="base_box"]/div/div[3]/form/button
[2021-03-17 05:54:54]cl_getDriver.py(72): Open NewTab->https://kabuoji3.com/stock/3865/2000/
[2021-03-17 05:54:55]cl_getDriver.py(127): click_Success->//*[@id="base_box"]/div/div[3]/form/button
[2021-03-17 05:54:55]cl_getDriver.py(127): click_Success->//*[@id="base_box"]/div/div[3]/form/button
[2021-03-17 05:54:57]cl_getDriver.py(127): click_Success->//*[@id="base_box"]/div/div[3]/form/button
[2021-03-17 05:54:57]cl_getDriver.py(127): click_Success->//*[@id="base_box"]/div/div[3]/form/button
[2021-03-17 05:54:58]cl_getDriver.py(72): Open NewTab->https://kabuoji3.com/stock/3865/1999/
[2021-03-17 05:54:58]cl_getDriver.py(72): Open NewTab->https://kabuoji3.com/stock/3864/1985/
[2021-03-17 05:54:59]cl_getDriver.py(127): click_Success->//*[@id="base_box"]/div/div[3]/form/button
[2021-03-17 05:54:59]cl_getDriver.py(127): click_Success->//*[@id="base_box"]/div/div[3]/form/button
[2021-03-17 05:55:01]cl_getDriver.py(127): click_Success->//*[@id="base_box"]/div/div[3]/form/button
[2021-03-17 05:55:01]cl_getDriver.py(127): click_Success->//*[@id="base_box"]/div/div[3]/form/button
[2021-03-17 05:55:02]cl_getDriver.py(72): Open NewTab->https://kabuoji3.com/stock/3865/1998/
[2021-03-17 05:55:02]cl_getDriver.py(72): Open NewTab->https://kabuoji3.com/stock/3864/1984/
[2021-03-17 05:55:04]cl_getDriver.py(127): click_Success->//*[@id="base_box"]/div/div[3]/form/button
[2021-03-17 05:55:04]cl_getDriver.py(127): click_Success->//*[@id="base_box"]/div/div[3]/form/button
[2021-03-17 05:55:06]cl_getDriver.py(127): click_Success->//*[@id="base_box"]/div/div[3]/form/button
[2021-03-17 05:55:06]cl_getDriver.py(127): click_Success->//*[@id="base_box"]/div/div[3]/form/button
[2021-03-17 05:55:07]cl_getDriver.py(72): Open NewTab->https://kabuoji3.com/stock/3864/1983/
[2021-03-17 05:55:07]cl_getDriver.py(72): Open NewTab->https://kabuoji3.com/stock/3865/1997/
[2021-03-17 05:55:08]cl_getDriver.py(127): click_Success->//*[@id="base_box"]/div/div[3]/form/button
[2021-03-17 05:55:08]cl_getDriver.py(127): click_Success->//*[@id="base_box"]/div/div[3]/form/button
[2021-03-17 05:55:10]cl_getDriver.py(127): click_Success->//*[@id="base_box"]/div/div[3]/form/button
[2021-03-17 05:55:10]cl_getDriver.py(127): click_Success->//*[@id="base_box"]/div/div[3]/form/button
[2021-03-17 05:55:11]cl_getDriver.py(72): Open NewTab->https://kabuoji3.com/stock/3865/1996/
[2021-03-17 05:55:12]cl_getDriver.py(127): click_Success->//*[@id="base_box"]/div/div[3]/form/button
[2021-03-17 05:55:13]main.py(42): finished Process->https://kabuoji3.com/stock/3864/
[2021-03-17 05:55:13]main.py(15): start_Process->https://kabuoji3.com/stock/3877/
[2021-03-17 05:55:14]cl_getDriver.py(127): click_Success->//*[@id="base_box"]/div/div[3]/form/button
[2021-03-17 05:55:14]cl_getDriver.py(72): Open NewTab->https://kabuoji3.com/stock/3865/1995/
[2021-03-17 05:55:16]cl_getDriver.py(127): click_Success->//*[@id="base_box"]/div/div[3]/form/button
[2021-03-17 05:55:18]cl_getDriver.py(127): click_Success->//*[@id="base_box"]/div/div[3]/form/button
[2021-03-17 05:55:18]cl_getDriver.py(72): Open NewTab->https://kabuoji3.com/stock/3865/1994/
[2021-03-17 05:55:19]cl_getDriver.py(127): click_Success->//*[@id="base_box"]/div/div[3]/form/button
[2021-03-17 05:55:21]cl_getDriver.py(64): getURL=https://kabuoji3.com/stock/3877/
[2021-03-17 05:55:22]cl_getDriver.py(127): click_Success->//*[@id="base_box"]/div/div[3]/form/button
[2021-03-17 05:55:22]cl_getDriver.py(72): Open NewTab->https://kabuoji3.com/stock/3877/
[2021-03-17 05:55:22]cl_getDriver.py(72): Open NewTab->https://kabuoji3.com/stock/3865/1993/
[2021-03-17 05:55:23]cl_getDriver.py(130): Not Found->//*[@id="base_box"]/div/div[3]/form/button
[2021-03-17 05:55:23]cl_getDriver.py(127): click_Success->//*[@id="base_box"]/div/div[3]/form/button
[2021-03-17 05:55:25]cl_getDriver.py(130): Not Found->//*[@id="base_box"]/div/div[3]/form/button
[2021-03-17 05:55:25]cl_getDriver.py(72): Open NewTab->https://kabuoji3.com/stock/3877/2021/
[2021-03-17 05:55:26]cl_getDriver.py(127): click_Success->//*[@id="base_box"]/div/div[3]/form/button
[2021-03-17 05:55:26]cl_getDriver.py(72): Open NewTab->https://kabuoji3.com/stock/3865/1992/
[2021-03-17 05:55:26]cl_getDriver.py(127): click_Success->//*[@id="base_box"]/div/div[3]/form/button
[2021-03-17 05:55:27]cl_getDriver.py(127): click_Success->//*[@id="base_box"]/div/div[3]/form/button
[2021-03-17 05:55:29]cl_getDriver.py(127): click_Success->//*[@id="base_box"]/div/div[3]/form/button
[2021-03-17 05:55:29]cl_getDriver.py(72): Open NewTab->https://kabuoji3.com/stock/3877/2020/
[2021-03-17 05:55:29]cl_getDriver.py(127): click_Success->//*[@id="base_box"]/div/div[3]/form/button
[2021-03-17 05:55:30]cl_getDriver.py(72): Open NewTab->https://kabuoji3.com/stock/3865/1991/
[2021-03-17 05:55:31]cl_getDriver.py(127): click_Success->//*[@id="base_box"]/div/div[3]/form/button
[2021-03-17 05:55:31]cl_getDriver.py(127): click_Success->//*[@id="base_box"]/div/div[3]/form/button
[2021-03-17 05:55:33]cl_getDriver.py(127): click_Success->//*[@id="base_box"]/div/div[3]/form/button
[2021-03-17 05:55:33]cl_getDriver.py(127): click_Success->//*[@id="base_box"]/div/div[3]/form/button
[2021-03-17 05:55:34]cl_getDriver.py(72): Open NewTab->https://kabuoji3.com/stock/3877/2019/
[2021-03-17 05:55:34]cl_getDriver.py(72): Open NewTab->https://kabuoji3.com/stock/3865/1990/
[2021-03-17 05:55:35]cl_getDriver.py(127): click_Success->//*[@id="base_box"]/div/div[3]/form/button
[2021-03-17 05:55:35]cl_getDriver.py(127): click_Success->//*[@id="base_box"]/div/div[3]/form/button
[2021-03-17 05:55:37]cl_getDriver.py(127): click_Success->//*[@id="base_box"]/div/div[3]/form/button
[2021-03-17 05:55:38]cl_getDriver.py(127): click_Success->//*[@id="base_box"]/div/div[3]/form/button
[2021-03-17 05:55:38]cl_getDriver.py(72): Open NewTab->https://kabuoji3.com/stock/3865/1989/
[2021-03-17 05:55:38]cl_getDriver.py(72): Open NewTab->https://kabuoji3.com/stock/3877/2018/
[2021-03-17 05:55:39]cl_getDriver.py(127): click_Success->//*[@id="base_box"]/div/div[3]/form/button
[2021-03-17 05:55:39]cl_getDriver.py(127): click_Success->//*[@id="base_box"]/div/div[3]/form/button
[2021-03-17 05:55:42]cl_getDriver.py(127): click_Success->//*[@id="base_box"]/div/div[3]/form/button
[2021-03-17 05:55:42]cl_getDriver.py(127): click_Success->//*[@id="base_box"]/div/div[3]/form/button
[2021-03-17 05:55:42]cl_getDriver.py(72): Open NewTab->https://kabuoji3.com/stock/3865/1988/
[2021-03-17 05:55:43]cl_getDriver.py(72): Open NewTab->https://kabuoji3.com/stock/3877/2017/
[2021-03-17 05:55:44]cl_getDriver.py(127): click_Success->//*[@id="base_box"]/div/div[3]/form/button
[2021-03-17 05:55:44]cl_getDriver.py(127): click_Success->//*[@id="base_box"]/div/div[3]/form/button
[2021-03-17 05:55:46]cl_getDriver.py(127): click_Success->//*[@id="base_box"]/div/div[3]/form/button
[2021-03-17 05:55:46]cl_getDriver.py(127): click_Success->//*[@id="base_box"]/div/div[3]/form/button
[2021-03-17 05:55:47]cl_getDriver.py(72): Open NewTab->https://kabuoji3.com/stock/3865/1987/
[2021-03-17 05:55:47]cl_getDriver.py(72): Open NewTab->https://kabuoji3.com/stock/3877/2016/
[2021-03-17 05:55:48]cl_getDriver.py(127): click_Success->//*[@id="base_box"]/div/div[3]/form/button
[2021-03-17 05:55:48]cl_getDriver.py(127): click_Success->//*[@id="base_box"]/div/div[3]/form/button
[2021-03-17 05:55:50]cl_getDriver.py(127): click_Success->//*[@id="base_box"]/div/div[3]/form/button
[2021-03-17 05:55:51]cl_getDriver.py(127): click_Success->//*[@id="base_box"]/div/div[3]/form/button
[2021-03-17 05:55:51]cl_getDriver.py(72): Open NewTab->https://kabuoji3.com/stock/3865/1986/
[2021-03-17 05:55:51]cl_getDriver.py(72): Open NewTab->https://kabuoji3.com/stock/3877/2015/
[2021-03-17 05:55:53]cl_getDriver.py(127): click_Success->//*[@id="base_box"]/div/div[3]/form/button
[2021-03-17 05:55:53]cl_getDriver.py(127): click_Success->//*[@id="base_box"]/div/div[3]/form/button
[2021-03-17 05:55:55]cl_getDriver.py(127): click_Success->//*[@id="base_box"]/div/div[3]/form/button
[2021-03-17 05:55:55]cl_getDriver.py(127): click_Success->//*[@id="base_box"]/div/div[3]/form/button
[2021-03-17 05:55:56]cl_getDriver.py(72): Open NewTab->https://kabuoji3.com/stock/3865/1985/
[2021-03-17 05:55:56]cl_getDriver.py(72): Open NewTab->https://kabuoji3.com/stock/3877/2014/
[2021-03-17 05:55:57]cl_getDriver.py(127): click_Success->//*[@id="base_box"]/div/div[3]/form/button
[2021-03-17 05:55:57]cl_getDriver.py(127): click_Success->//*[@id="base_box"]/div/div[3]/form/button
[2021-03-17 05:55:59]cl_getDriver.py(127): click_Success->//*[@id="base_box"]/div/div[3]/form/button
[2021-03-17 05:55:59]cl_getDriver.py(127): click_Success->//*[@id="base_box"]/div/div[3]/form/button
[2021-03-17 05:56:00]cl_getDriver.py(72): Open NewTab->https://kabuoji3.com/stock/3877/2013/
[2021-03-17 05:56:00]cl_getDriver.py(72): Open NewTab->https://kabuoji3.com/stock/3865/1984/
[2021-03-17 05:56:02]cl_getDriver.py(127): click_Success->//*[@id="base_box"]/div/div[3]/form/button
[2021-03-17 05:56:02]cl_getDriver.py(127): click_Success->//*[@id="base_box"]/div/div[3]/form/button
[2021-03-17 05:56:04]cl_getDriver.py(127): click_Success->//*[@id="base_box"]/div/div[3]/form/button
[2021-03-17 05:56:04]cl_getDriver.py(127): click_Success->//*[@id="base_box"]/div/div[3]/form/button
[2021-03-17 05:56:05]cl_getDriver.py(72): Open NewTab->https://kabuoji3.com/stock/3865/1983/
[2021-03-17 05:56:05]cl_getDriver.py(72): Open NewTab->https://kabuoji3.com/stock/3877/2012/
[2021-03-17 05:56:06]cl_getDriver.py(127): click_Success->//*[@id="base_box"]/div/div[3]/form/button
[2021-03-17 05:56:06]cl_getDriver.py(127): click_Success->//*[@id="base_box"]/div/div[3]/form/button
[2021-03-17 05:56:08]cl_getDriver.py(127): click_Success->//*[@id="base_box"]/div/div[3]/form/button
[2021-03-17 05:56:08]cl_getDriver.py(127): click_Success->//*[@id="base_box"]/div/div[3]/form/button
[2021-03-17 05:56:09]cl_getDriver.py(72): Open NewTab->https://kabuoji3.com/stock/3877/2011/
[2021-03-17 05:56:10]cl_getDriver.py(127): click_Success->//*[@id="base_box"]/div/div[3]/form/button
[2021-03-17 05:56:11]main.py(42): finished Process->https://kabuoji3.com/stock/3865/
[2021-03-17 05:56:11]main.py(15): start_Process->https://kabuoji3.com/stock/3878/
[2021-03-17 05:56:12]cl_getDriver.py(127): click_Success->//*[@id="base_box"]/div/div[3]/form/button
[2021-03-17 05:56:12]cl_getDriver.py(72): Open NewTab->https://kabuoji3.com/stock/3877/2010/
[2021-03-17 05:56:14]cl_getDriver.py(127): click_Success->//*[@id="base_box"]/div/div[3]/form/button
[2021-03-17 05:56:16]cl_getDriver.py(127): click_Success->//*[@id="base_box"]/div/div[3]/form/button
[2021-03-17 05:56:17]cl_getDriver.py(72): Open NewTab->https://kabuoji3.com/stock/3877/2009/
[2021-03-17 05:56:17]cl_getDriver.py(64): getURL=https://kabuoji3.com/stock/3878/
[2021-03-17 05:56:18]cl_getDriver.py(127): click_Success->//*[@id="base_box"]/div/div[3]/form/button
[2021-03-17 05:56:18]cl_getDriver.py(72): Open NewTab->https://kabuoji3.com/stock/3878/
[2021-03-17 05:56:19]cl_getDriver.py(130): Not Found->//*[@id="base_box"]/div/div[3]/form/button
[2021-03-17 05:56:20]cl_getDriver.py(127): click_Success->//*[@id="base_box"]/div/div[3]/form/button
[2021-03-17 05:56:21]cl_getDriver.py(72): Open NewTab->https://kabuoji3.com/stock/3877/2008/
[2021-03-17 05:56:21]cl_getDriver.py(130): Not Found->//*[@id="base_box"]/div/div[3]/form/button
[2021-03-17 05:56:21]cl_getDriver.py(72): Open NewTab->https://kabuoji3.com/stock/3878/2021/
[2021-03-17 05:56:22]cl_getDriver.py(127): click_Success->//*[@id="base_box"]/div/div[3]/form/button
[2021-03-17 05:56:22]cl_getDriver.py(127): click_Success->//*[@id="base_box"]/div/div[3]/form/button
[2021-03-17 05:56:24]cl_getDriver.py(127): click_Success->//*[@id="base_box"]/div/div[3]/form/button
[2021-03-17 05:56:25]cl_getDriver.py(72): Open NewTab->https://kabuoji3.com/stock/3877/2007/
[2021-03-17 05:56:25]cl_getDriver.py(127): click_Success->//*[@id="base_box"]/div/div[3]/form/button
[2021-03-17 05:56:25]cl_getDriver.py(72): Open NewTab->https://kabuoji3.com/stock/3878/2020/
[2021-03-17 05:56:26]cl_getDriver.py(127): click_Success->//*[@id="base_box"]/div/div[3]/form/button
[2021-03-17 05:56:26]cl_getDriver.py(127): click_Success->//*[@id="base_box"]/div/div[3]/form/button
[2021-03-17 05:56:28]cl_getDriver.py(127): click_Success->//*[@id="base_box"]/div/div[3]/form/button
[2021-03-17 05:56:29]cl_getDriver.py(72): Open NewTab->https://kabuoji3.com/stock/3877/2006/
[2021-03-17 05:56:29]cl_getDriver.py(127): click_Success->//*[@id="base_box"]/div/div[3]/form/button
[2021-03-17 05:56:29]cl_getDriver.py(72): Open NewTab->https://kabuoji3.com/stock/3878/2019/
[2021-03-17 05:56:30]cl_getDriver.py(127): click_Success->//*[@id="base_box"]/div/div[3]/form/button
[2021-03-17 05:56:31]cl_getDriver.py(127): click_Success->//*[@id="base_box"]/div/div[3]/form/button
[2021-03-17 05:56:32]cl_getDriver.py(127): click_Success->//*[@id="base_box"]/div/div[3]/form/button
[2021-03-17 05:56:33]cl_getDriver.py(72): Open NewTab->https://kabuoji3.com/stock/3877/2005/
[2021-03-17 05:56:33]cl_getDriver.py(127): click_Success->//*[@id="base_box"]/div/div[3]/form/button
[2021-03-17 05:56:33]cl_getDriver.py(72): Open NewTab->https://kabuoji3.com/stock/3878/2018/
[2021-03-17 05:56:34]cl_getDriver.py(127): click_Success->//*[@id="base_box"]/div/div[3]/form/button
[2021-03-17 05:56:35]cl_getDriver.py(127): click_Success->//*[@id="base_box"]/div/div[3]/form/button
[2021-03-17 05:56:36]cl_getDriver.py(127): click_Success->//*[@id="base_box"]/div/div[3]/form/button
[2021-03-17 05:56:37]cl_getDriver.py(72): Open NewTab->https://kabuoji3.com/stock/3877/2004/
[2021-03-17 05:56:37]cl_getDriver.py(127): click_Success->//*[@id="base_box"]/div/div[3]/form/button
[2021-03-17 05:56:37]cl_getDriver.py(72): Open NewTab->https://kabuoji3.com/stock/3878/2017/
[2021-03-17 05:56:38]cl_getDriver.py(127): click_Success->//*[@id="base_box"]/div/div[3]/form/button
[2021-03-17 05:56:39]cl_getDriver.py(127): click_Success->//*[@id="base_box"]/div/div[3]/form/button
[2021-03-17 05:56:40]cl_getDriver.py(127): click_Success->//*[@id="base_box"]/div/div[3]/form/button
[2021-03-17 05:56:41]cl_getDriver.py(72): Open NewTab->https://kabuoji3.com/stock/3877/2003/
[2021-03-17 05:56:41]cl_getDriver.py(127): click_Success->//*[@id="base_box"]/div/div[3]/form/button
[2021-03-17 05:56:41]cl_getDriver.py(72): Open NewTab->https://kabuoji3.com/stock/3878/2016/
[2021-03-17 05:56:42]cl_getDriver.py(127): click_Success->//*[@id="base_box"]/div/div[3]/form/button
[2021-03-17 05:56:43]cl_getDriver.py(127): click_Success->//*[@id="base_box"]/div/div[3]/form/button
[2021-03-17 05:56:44]cl_getDriver.py(127): click_Success->//*[@id="base_box"]/div/div[3]/form/button
[2021-03-17 05:56:45]cl_getDriver.py(72): Open NewTab->https://kabuoji3.com/stock/3877/2002/
[2021-03-17 05:56:45]cl_getDriver.py(127): click_Success->//*[@id="base_box"]/div/div[3]/form/button
[2021-03-17 05:56:45]cl_getDriver.py(72): Open NewTab->https://kabuoji3.com/stock/3878/2015/
[2021-03-17 05:56:46]cl_getDriver.py(127): click_Success->//*[@id="base_box"]/div/div[3]/form/button
[2021-03-17 05:56:46]cl_getDriver.py(127): click_Success->//*[@id="base_box"]/div/div[3]/form/button
[2021-03-17 05:56:48]cl_getDriver.py(127): click_Success->//*[@id="base_box"]/div/div[3]/form/button
[2021-03-17 05:56:49]cl_getDriver.py(72): Open NewTab->https://kabuoji3.com/stock/3877/2001/
[2021-03-17 05:56:49]cl_getDriver.py(127): click_Success->//*[@id="base_box"]/div/div[3]/form/button
[2021-03-17 05:56:49]cl_getDriver.py(72): Open NewTab->https://kabuoji3.com/stock/3878/2014/
[2021-03-17 05:56:50]cl_getDriver.py(127): click_Success->//*[@id="base_box"]/div/div[3]/form/button
[2021-03-17 05:56:51]cl_getDriver.py(127): click_Success->//*[@id="base_box"]/div/div[3]/form/button
[2021-03-17 05:56:52]cl_getDriver.py(127): click_Success->//*[@id="base_box"]/div/div[3]/form/button
[2021-03-17 05:56:53]cl_getDriver.py(72): Open NewTab->https://kabuoji3.com/stock/3877/2000/
[2021-03-17 05:56:53]cl_getDriver.py(127): click_Success->//*[@id="base_box"]/div/div[3]/form/button
[2021-03-17 05:56:53]cl_getDriver.py(72): Open NewTab->https://kabuoji3.com/stock/3878/2013/
[2021-03-17 05:56:54]cl_getDriver.py(127): click_Success->//*[@id="base_box"]/div/div[3]/form/button
[2021-03-17 05:56:55]cl_getDriver.py(127): click_Success->//*[@id="base_box"]/div/div[3]/form/button
[2021-03-17 05:56:57]cl_getDriver.py(127): click_Success->//*[@id="base_box"]/div/div[3]/form/button
[2021-03-17 05:56:57]cl_getDriver.py(127): click_Success->//*[@id="base_box"]/div/div[3]/form/button
[2021-03-17 05:56:57]cl_getDriver.py(72): Open NewTab->https://kabuoji3.com/stock/3877/1999/
[2021-03-17 05:56:57]cl_getDriver.py(72): Open NewTab->https://kabuoji3.com/stock/3878/2012/
[2021-03-17 05:56:58]cl_getDriver.py(127): click_Success->//*[@id="base_box"]/div/div[3]/form/button
[2021-03-17 05:56:59]cl_getDriver.py(127): click_Success->//*[@id="base_box"]/div/div[3]/form/button
[2021-03-17 05:57:01]cl_getDriver.py(127): click_Success->//*[@id="base_box"]/div/div[3]/form/button
[2021-03-17 05:57:01]cl_getDriver.py(127): click_Success->//*[@id="base_box"]/div/div[3]/form/button
[2021-03-17 05:57:01]cl_getDriver.py(72): Open NewTab->https://kabuoji3.com/stock/3877/1998/
[2021-03-17 05:57:01]cl_getDriver.py(72): Open NewTab->https://kabuoji3.com/stock/3878/2011/
[2021-03-17 05:57:03]cl_getDriver.py(127): click_Success->//*[@id="base_box"]/div/div[3]/form/button
[2021-03-17 05:57:03]cl_getDriver.py(127): click_Success->//*[@id="base_box"]/div/div[3]/form/button
[2021-03-17 05:57:05]cl_getDriver.py(127): click_Success->//*[@id="base_box"]/div/div[3]/form/button
[2021-03-17 05:57:05]cl_getDriver.py(127): click_Success->//*[@id="base_box"]/div/div[3]/form/button
[2021-03-17 05:57:06]cl_getDriver.py(72): Open NewTab->https://kabuoji3.com/stock/3878/2010/
[2021-03-17 05:57:06]cl_getDriver.py(72): Open NewTab->https://kabuoji3.com/stock/3877/1997/
[2021-03-17 05:57:07]cl_getDriver.py(127): click_Success->//*[@id="base_box"]/div/div[3]/form/button
[2021-03-17 05:57:07]cl_getDriver.py(127): click_Success->//*[@id="base_box"]/div/div[3]/form/button
[2021-03-17 05:57:09]cl_getDriver.py(127): click_Success->//*[@id="base_box"]/div/div[3]/form/button
[2021-03-17 05:57:10]cl_getDriver.py(127): click_Success->//*[@id="base_box"]/div/div[3]/form/button
[2021-03-17 05:57:10]cl_getDriver.py(72): Open NewTab->https://kabuoji3.com/stock/3877/1996/
[2021-03-17 05:57:10]cl_getDriver.py(72): Open NewTab->https://kabuoji3.com/stock/3878/2009/
[2021-03-17 05:57:11]cl_getDriver.py(127): click_Success->//*[@id="base_box"]/div/div[3]/form/button
[2021-03-17 05:57:12]cl_getDriver.py(127): click_Success->//*[@id="base_box"]/div/div[3]/form/button
[2021-03-17 05:57:14]cl_getDriver.py(127): click_Success->//*[@id="base_box"]/div/div[3]/form/button
[2021-03-17 05:57:14]cl_getDriver.py(127): click_Success->//*[@id="base_box"]/div/div[3]/form/button
[2021-03-17 05:57:15]cl_getDriver.py(72): Open NewTab->https://kabuoji3.com/stock/3878/2008/
[2021-03-17 05:57:15]cl_getDriver.py(72): Open NewTab->https://kabuoji3.com/stock/3877/1995/
[2021-03-17 05:57:16]cl_getDriver.py(127): click_Success->//*[@id="base_box"]/div/div[3]/form/button
[2021-03-17 05:57:16]cl_getDriver.py(127): click_Success->//*[@id="base_box"]/div/div[3]/form/button
[2021-03-17 05:57:18]cl_getDriver.py(127): click_Success->//*[@id="base_box"]/div/div[3]/form/button
[2021-03-17 05:57:18]cl_getDriver.py(127): click_Success->//*[@id="base_box"]/div/div[3]/form/button
[2021-03-17 05:57:19]cl_getDriver.py(72): Open NewTab->https://kabuoji3.com/stock/3878/2007/
[2021-03-17 05:57:19]cl_getDriver.py(72): Open NewTab->https://kabuoji3.com/stock/3877/1994/
[2021-03-17 05:57:20]cl_getDriver.py(127): click_Success->//*[@id="base_box"]/div/div[3]/form/button
[2021-03-17 05:57:20]cl_getDriver.py(127): click_Success->//*[@id="base_box"]/div/div[3]/form/button
[2021-03-17 05:57:23]cl_getDriver.py(127): click_Success->//*[@id="base_box"]/div/div[3]/form/button
[2021-03-17 05:57:23]cl_getDriver.py(127): click_Success->//*[@id="base_box"]/div/div[3]/form/button
[2021-03-17 05:57:23]cl_getDriver.py(72): Open NewTab->https://kabuoji3.com/stock/3878/2006/
[2021-03-17 05:57:23]cl_getDriver.py(72): Open NewTab->https://kabuoji3.com/stock/3877/1993/
[2021-03-17 05:57:25]cl_getDriver.py(127): click_Success->//*[@id="base_box"]/div/div[3]/form/button
[2021-03-17 05:57:25]cl_getDriver.py(127): click_Success->//*[@id="base_box"]/div/div[3]/form/button
[2021-03-17 05:57:27]cl_getDriver.py(127): click_Success->//*[@id="base_box"]/div/div[3]/form/button
[2021-03-17 05:57:27]cl_getDriver.py(127): click_Success->//*[@id="base_box"]/div/div[3]/form/button
[2021-03-17 05:57:28]cl_getDriver.py(72): Open NewTab->https://kabuoji3.com/stock/3878/2005/
[2021-03-17 05:57:28]cl_getDriver.py(72): Open NewTab->https://kabuoji3.com/stock/3877/1992/
[2021-03-17 05:57:29]cl_getDriver.py(127): click_Success->//*[@id="base_box"]/div/div[3]/form/button
[2021-03-17 05:57:29]cl_getDriver.py(127): click_Success->//*[@id="base_box"]/div/div[3]/form/button
[2021-03-17 05:57:31]cl_getDriver.py(127): click_Success->//*[@id="base_box"]/div/div[3]/form/button
[2021-03-17 05:57:31]cl_getDriver.py(127): click_Success->//*[@id="base_box"]/div/div[3]/form/button
[2021-03-17 05:57:32]cl_getDriver.py(72): Open NewTab->https://kabuoji3.com/stock/3878/2004/
[2021-03-17 05:57:32]cl_getDriver.py(72): Open NewTab->https://kabuoji3.com/stock/3877/1991/
[2021-03-17 05:57:33]cl_getDriver.py(127): click_Success->//*[@id="base_box"]/div/div[3]/form/button
[2021-03-17 05:57:33]cl_getDriver.py(127): click_Success->//*[@id="base_box"]/div/div[3]/form/button
[2021-03-17 05:57:36]cl_getDriver.py(127): click_Success->//*[@id="base_box"]/div/div[3]/form/button
[2021-03-17 05:57:36]cl_getDriver.py(127): click_Success->//*[@id="base_box"]/div/div[3]/form/button
[2021-03-17 05:57:36]cl_getDriver.py(72): Open NewTab->https://kabuoji3.com/stock/3878/2003/
[2021-03-17 05:57:36]cl_getDriver.py(72): Open NewTab->https://kabuoji3.com/stock/3877/1990/
[2021-03-17 05:57:38]cl_getDriver.py(127): click_Success->//*[@id="base_box"]/div/div[3]/form/button
[2021-03-17 05:57:38]cl_getDriver.py(127): click_Success->//*[@id="base_box"]/div/div[3]/form/button
[2021-03-17 05:57:40]cl_getDriver.py(127): click_Success->//*[@id="base_box"]/div/div[3]/form/button
[2021-03-17 05:57:40]cl_getDriver.py(127): click_Success->//*[@id="base_box"]/div/div[3]/form/button
[2021-03-17 05:57:41]cl_getDriver.py(72): Open NewTab->https://kabuoji3.com/stock/3878/2002/
[2021-03-17 05:57:41]cl_getDriver.py(72): Open NewTab->https://kabuoji3.com/stock/3877/1989/
[2021-03-17 05:57:42]cl_getDriver.py(127): click_Success->//*[@id="base_box"]/div/div[3]/form/button
[2021-03-17 05:57:42]cl_getDriver.py(127): click_Success->//*[@id="base_box"]/div/div[3]/form/button
[2021-03-17 05:57:45]cl_getDriver.py(127): click_Success->//*[@id="base_box"]/div/div[3]/form/button
[2021-03-17 05:57:45]cl_getDriver.py(127): click_Success->//*[@id="base_box"]/div/div[3]/form/button
[2021-03-17 05:57:45]cl_getDriver.py(72): Open NewTab->https://kabuoji3.com/stock/3878/2001/
[2021-03-17 05:57:45]cl_getDriver.py(72): Open NewTab->https://kabuoji3.com/stock/3877/1988/
[2021-03-17 05:57:46]cl_getDriver.py(127): click_Success->//*[@id="base_box"]/div/div[3]/form/button
[2021-03-17 05:57:47]cl_getDriver.py(127): click_Success->//*[@id="base_box"]/div/div[3]/form/button
[2021-03-17 05:57:49]cl_getDriver.py(127): click_Success->//*[@id="base_box"]/div/div[3]/form/button
[2021-03-17 05:57:49]cl_getDriver.py(127): click_Success->//*[@id="base_box"]/div/div[3]/form/button
[2021-03-17 05:57:49]cl_getDriver.py(72): Open NewTab->https://kabuoji3.com/stock/3878/2000/
[2021-03-17 05:57:50]cl_getDriver.py(72): Open NewTab->https://kabuoji3.com/stock/3877/1987/
[2021-03-17 05:57:51]cl_getDriver.py(127): click_Success->//*[@id="base_box"]/div/div[3]/form/button
[2021-03-17 05:57:51]cl_getDriver.py(127): click_Success->//*[@id="base_box"]/div/div[3]/form/button
[2021-03-17 05:57:53]cl_getDriver.py(127): click_Success->//*[@id="base_box"]/div/div[3]/form/button
[2021-03-17 05:57:53]cl_getDriver.py(127): click_Success->//*[@id="base_box"]/div/div[3]/form/button
[2021-03-17 05:57:54]cl_getDriver.py(72): Open NewTab->https://kabuoji3.com/stock/3878/1999/
[2021-03-17 05:57:54]cl_getDriver.py(72): Open NewTab->https://kabuoji3.com/stock/3877/1986/
[2021-03-17 05:57:55]cl_getDriver.py(127): click_Success->//*[@id="base_box"]/div/div[3]/form/button
[2021-03-17 05:57:55]cl_getDriver.py(127): click_Success->//*[@id="base_box"]/div/div[3]/form/button
[2021-03-17 05:57:57]cl_getDriver.py(127): click_Success->//*[@id="base_box"]/div/div[3]/form/button
[2021-03-17 05:57:58]cl_getDriver.py(127): click_Success->//*[@id="base_box"]/div/div[3]/form/button
[2021-03-17 05:57:58]cl_getDriver.py(72): Open NewTab->https://kabuoji3.com/stock/3878/1998/
[2021-03-17 05:57:58]cl_getDriver.py(72): Open NewTab->https://kabuoji3.com/stock/3877/1985/
[2021-03-17 05:57:59]cl_getDriver.py(127): click_Success->//*[@id="base_box"]/div/div[3]/form/button
[2021-03-17 05:57:59]cl_getDriver.py(127): click_Success->//*[@id="base_box"]/div/div[3]/form/button
[2021-03-17 05:58:02]cl_getDriver.py(127): click_Success->//*[@id="base_box"]/div/div[3]/form/button
[2021-03-17 05:58:02]cl_getDriver.py(127): click_Success->//*[@id="base_box"]/div/div[3]/form/button
[2021-03-17 05:58:02]cl_getDriver.py(72): Open NewTab->https://kabuoji3.com/stock/3878/1997/
[2021-03-17 05:58:02]cl_getDriver.py(72): Open NewTab->https://kabuoji3.com/stock/3877/1984/
[2021-03-17 05:58:04]cl_getDriver.py(127): click_Success->//*[@id="base_box"]/div/div[3]/form/button
[2021-03-17 05:58:04]cl_getDriver.py(127): click_Success->//*[@id="base_box"]/div/div[3]/form/button
[2021-03-17 05:58:06]cl_getDriver.py(127): click_Success->//*[@id="base_box"]/div/div[3]/form/button
[2021-03-17 05:58:06]cl_getDriver.py(127): click_Success->//*[@id="base_box"]/div/div[3]/form/button
[2021-03-17 05:58:07]cl_getDriver.py(72): Open NewTab->https://kabuoji3.com/stock/3878/1996/
[2021-03-17 05:58:07]cl_getDriver.py(72): Open NewTab->https://kabuoji3.com/stock/3877/1983/
[2021-03-17 05:58:08]cl_getDriver.py(127): click_Success->//*[@id="base_box"]/div/div[3]/form/button
[2021-03-17 05:58:08]cl_getDriver.py(127): click_Success->//*[@id="base_box"]/div/div[3]/form/button
[2021-03-17 05:58:10]cl_getDriver.py(127): click_Success->//*[@id="base_box"]/div/div[3]/form/button
[2021-03-17 05:58:10]cl_getDriver.py(127): click_Success->//*[@id="base_box"]/div/div[3]/form/button
[2021-03-17 05:58:11]cl_getDriver.py(72): Open NewTab->https://kabuoji3.com/stock/3878/1995/
[2021-03-17 05:58:12]cl_getDriver.py(127): click_Success->//*[@id="base_box"]/div/div[3]/form/button
[2021-03-17 05:58:13]main.py(42): finished Process->https://kabuoji3.com/stock/3877/
[2021-03-17 05:58:13]main.py(15): start_Process->https://kabuoji3.com/stock/3880/
[2021-03-17 05:58:14]cl_getDriver.py(127): click_Success->//*[@id="base_box"]/div/div[3]/form/button
[2021-03-17 05:58:14]cl_getDriver.py(72): Open NewTab->https://kabuoji3.com/stock/3878/1994/
[2021-03-17 05:58:15]cl_getDriver.py(127): click_Success->//*[@id="base_box"]/div/div[3]/form/button
[2021-03-17 05:58:18]cl_getDriver.py(127): click_Success->//*[@id="base_box"]/div/div[3]/form/button
[2021-03-17 05:58:18]cl_getDriver.py(72): Open NewTab->https://kabuoji3.com/stock/3878/1993/
[2021-03-17 05:58:19]cl_getDriver.py(64): getURL=https://kabuoji3.com/stock/3880/
[2021-03-17 05:58:19]cl_getDriver.py(127): click_Success->//*[@id="base_box"]/div/div[3]/form/button
[2021-03-17 05:58:20]cl_getDriver.py(72): Open NewTab->https://kabuoji3.com/stock/3880/
[2021-03-17 05:58:20]cl_getDriver.py(130): Not Found->//*[@id="base_box"]/div/div[3]/form/button
[2021-03-17 05:58:22]cl_getDriver.py(127): click_Success->//*[@id="base_box"]/div/div[3]/form/button
[2021-03-17 05:58:22]cl_getDriver.py(72): Open NewTab->https://kabuoji3.com/stock/3878/1992/
[2021-03-17 05:58:22]cl_getDriver.py(130): Not Found->//*[@id="base_box"]/div/div[3]/form/button
[2021-03-17 05:58:22]cl_getDriver.py(72): Open NewTab->https://kabuoji3.com/stock/3880/2021/
[2021-03-17 05:58:23]cl_getDriver.py(127): click_Success->//*[@id="base_box"]/div/div[3]/form/button
[2021-03-17 05:58:23]cl_getDriver.py(127): click_Success->//*[@id="base_box"]/div/div[3]/form/button
[2021-03-17 05:58:25]cl_getDriver.py(127): click_Success->//*[@id="base_box"]/div/div[3]/form/button
[2021-03-17 05:58:26]cl_getDriver.py(72): Open NewTab->https://kabuoji3.com/stock/3878/1991/
[2021-03-17 05:58:26]cl_getDriver.py(127): click_Success->//*[@id="base_box"]/div/div[3]/form/button
[2021-03-17 05:58:26]cl_getDriver.py(72): Open NewTab->https://kabuoji3.com/stock/3880/2020/
[2021-03-17 05:58:27]cl_getDriver.py(127): click_Success->//*[@id="base_box"]/div/div[3]/form/button
[2021-03-17 05:58:28]cl_getDriver.py(127): click_Success->//*[@id="base_box"]/div/div[3]/form/button
[2021-03-17 05:58:30]cl_getDriver.py(127): click_Success->//*[@id="base_box"]/div/div[3]/form/button
[2021-03-17 05:58:30]cl_getDriver.py(72): Open NewTab->https://kabuoji3.com/stock/3878/1990/
[2021-03-17 05:58:30]cl_getDriver.py(127): click_Success->//*[@id="base_box"]/div/div[3]/form/button
[2021-03-17 05:58:31]cl_getDriver.py(72): Open NewTab->https://kabuoji3.com/stock/3880/2019/
[2021-03-17 05:58:31]cl_getDriver.py(127): click_Success->//*[@id="base_box"]/div/div[3]/form/button
[2021-03-17 05:58:32]cl_getDriver.py(127): click_Success->//*[@id="base_box"]/div/div[3]/form/button
[2021-03-17 05:58:34]cl_getDriver.py(127): click_Success->//*[@id="base_box"]/div/div[3]/form/button
[2021-03-17 05:58:34]cl_getDriver.py(72): Open NewTab->https://kabuoji3.com/stock/3878/1989/
[2021-03-17 05:58:34]cl_getDriver.py(127): click_Success->//*[@id="base_box"]/div/div[3]/form/button
[2021-03-17 05:58:35]cl_getDriver.py(72): Open NewTab->https://kabuoji3.com/stock/3880/2018/
[2021-03-17 05:58:35]cl_getDriver.py(127): click_Success->//*[@id="base_box"]/div/div[3]/form/button
[2021-03-17 05:58:36]cl_getDriver.py(127): click_Success->//*[@id="base_box"]/div/div[3]/form/button
[2021-03-17 05:58:38]cl_getDriver.py(127): click_Success->//*[@id="base_box"]/div/div[3]/form/button
[2021-03-17 05:58:38]cl_getDriver.py(72): Open NewTab->https://kabuoji3.com/stock/3878/1988/
[2021-03-17 05:58:38]cl_getDriver.py(127): click_Success->//*[@id="base_box"]/div/div[3]/form/button
[2021-03-17 05:58:39]cl_getDriver.py(72): Open NewTab->https://kabuoji3.com/stock/3880/2017/
[2021-03-17 05:58:40]cl_getDriver.py(127): click_Success->//*[@id="base_box"]/div/div[3]/form/button
[2021-03-17 05:58:40]cl_getDriver.py(127): click_Success->//*[@id="base_box"]/div/div[3]/form/button
[2021-03-17 05:58:42]cl_getDriver.py(127): click_Success->//*[@id="base_box"]/div/div[3]/form/button
[2021-03-17 05:58:42]cl_getDriver.py(127): click_Success->//*[@id="base_box"]/div/div[3]/form/button
[2021-03-17 05:58:43]cl_getDriver.py(72): Open NewTab->https://kabuoji3.com/stock/3878/1987/
[2021-03-17 05:58:43]cl_getDriver.py(72): Open NewTab->https://kabuoji3.com/stock/3880/2016/
[2021-03-17 05:58:44]cl_getDriver.py(127): click_Success->//*[@id="base_box"]/div/div[3]/form/button
[2021-03-17 05:58:44]cl_getDriver.py(127): click_Success->//*[@id="base_box"]/div/div[3]/form/button
[2021-03-17 05:58:46]cl_getDriver.py(127): click_Success->//*[@id="base_box"]/div/div[3]/form/button
[2021-03-17 05:58:47]cl_getDriver.py(127): click_Success->//*[@id="base_box"]/div/div[3]/form/button
[2021-03-17 05:58:47]cl_getDriver.py(72): Open NewTab->https://kabuoji3.com/stock/3878/1986/
[2021-03-17 05:58:47]cl_getDriver.py(72): Open NewTab->https://kabuoji3.com/stock/3880/2015/
[2021-03-17 05:58:48]cl_getDriver.py(127): click_Success->//*[@id="base_box"]/div/div[3]/form/button
[2021-03-17 05:58:48]cl_getDriver.py(127): click_Success->//*[@id="base_box"]/div/div[3]/form/button
[2021-03-17 05:58:50]cl_getDriver.py(127): click_Success->//*[@id="base_box"]/div/div[3]/form/button
[2021-03-17 05:58:51]cl_getDriver.py(127): click_Success->//*[@id="base_box"]/div/div[3]/form/button
[2021-03-17 05:58:51]cl_getDriver.py(72): Open NewTab->https://kabuoji3.com/stock/3878/1985/
[2021-03-17 05:58:51]cl_getDriver.py(72): Open NewTab->https://kabuoji3.com/stock/3880/2014/
[2021-03-17 05:58:52]cl_getDriver.py(127): click_Success->//*[@id="base_box"]/div/div[3]/form/button
[2021-03-17 05:58:52]cl_getDriver.py(127): click_Success->//*[@id="base_box"]/div/div[3]/form/button
[2021-03-17 05:58:54]cl_getDriver.py(127): click_Success->//*[@id="base_box"]/div/div[3]/form/button
[2021-03-17 05:58:55]cl_getDriver.py(127): click_Success->//*[@id="base_box"]/div/div[3]/form/button
[2021-03-17 05:58:55]cl_getDriver.py(72): Open NewTab->https://kabuoji3.com/stock/3878/1984/
[2021-03-17 05:58:55]cl_getDriver.py(72): Open NewTab->https://kabuoji3.com/stock/3880/2013/
[2021-03-17 05:58:57]cl_getDriver.py(127): click_Success->//*[@id="base_box"]/div/div[3]/form/button
[2021-03-17 05:58:57]cl_getDriver.py(127): click_Success->//*[@id="base_box"]/div/div[3]/form/button
[2021-03-17 05:58:59]cl_getDriver.py(127): click_Success->//*[@id="base_box"]/div/div[3]/form/button
[2021-03-17 05:58:59]cl_getDriver.py(127): click_Success->//*[@id="base_box"]/div/div[3]/form/button
[2021-03-17 05:59:00]cl_getDriver.py(72): Open NewTab->https://kabuoji3.com/stock/3880/2012/
[2021-03-17 05:59:00]cl_getDriver.py(72): Open NewTab->https://kabuoji3.com/stock/3878/1983/
[2021-03-17 05:59:01]cl_getDriver.py(127): click_Success->//*[@id="base_box"]/div/div[3]/form/button
[2021-03-17 05:59:01]cl_getDriver.py(127): click_Success->//*[@id="base_box"]/div/div[3]/form/button
[2021-03-17 05:59:03]cl_getDriver.py(127): click_Success->//*[@id="base_box"]/div/div[3]/form/button
[2021-03-17 05:59:04]cl_getDriver.py(127): click_Success->//*[@id="base_box"]/div/div[3]/form/button
[2021-03-17 05:59:04]cl_getDriver.py(72): Open NewTab->https://kabuoji3.com/stock/3880/2011/
[2021-03-17 05:59:05]cl_getDriver.py(127): click_Success->//*[@id="base_box"]/div/div[3]/form/button
[2021-03-17 05:59:07]cl_getDriver.py(127): click_Success->//*[@id="base_box"]/div/div[3]/form/button
[2021-03-17 05:59:07]cl_getDriver.py(72): Open NewTab->https://kabuoji3.com/stock/3880/2010/
[2021-03-17 05:59:08]main.py(42): finished Process->https://kabuoji3.com/stock/3878/
[2021-03-17 05:59:08]main.py(15): start_Process->https://kabuoji3.com/stock/3891/
[2021-03-17 05:59:08]cl_getDriver.py(127): click_Success->//*[@id="base_box"]/div/div[3]/form/button
[2021-03-17 05:59:11]cl_getDriver.py(127): click_Success->//*[@id="base_box"]/div/div[3]/form/button
[2021-03-17 05:59:11]cl_getDriver.py(72): Open NewTab->https://kabuoji3.com/stock/3880/2009/
[2021-03-17 05:59:12]cl_getDriver.py(127): click_Success->//*[@id="base_box"]/div/div[3]/form/button
[2021-03-17 05:59:13]cl_getDriver.py(64): getURL=https://kabuoji3.com/stock/3891/
[2021-03-17 05:59:14]cl_getDriver.py(72): Open NewTab->https://kabuoji3.com/stock/3891/
[2021-03-17 05:59:14]cl_getDriver.py(127): click_Success->//*[@id="base_box"]/div/div[3]/form/button
[2021-03-17 05:59:14]cl_getDriver.py(130): Not Found->//*[@id="base_box"]/div/div[3]/form/button
[2021-03-17 05:59:15]cl_getDriver.py(72): Open NewTab->https://kabuoji3.com/stock/3880/2008/
[2021-03-17 05:59:16]cl_getDriver.py(127): click_Success->//*[@id="base_box"]/div/div[3]/form/button
[2021-03-17 05:59:16]cl_getDriver.py(130): Not Found->//*[@id="base_box"]/div/div[3]/form/button
[2021-03-17 05:59:17]cl_getDriver.py(72): Open NewTab->https://kabuoji3.com/stock/3891/2021/
[2021-03-17 05:59:18]cl_getDriver.py(127): click_Success->//*[@id="base_box"]/div/div[3]/form/button
[2021-03-17 05:59:18]cl_getDriver.py(127): click_Success->//*[@id="base_box"]/div/div[3]/form/button
[2021-03-17 05:59:18]cl_getDriver.py(72): Open NewTab->https://kabuoji3.com/stock/3880/2007/
[2021-03-17 05:59:19]cl_getDriver.py(127): click_Success->//*[@id="base_box"]/div/div[3]/form/button
[2021-03-17 05:59:20]cl_getDriver.py(127): click_Success->//*[@id="base_box"]/div/div[3]/form/button
[2021-03-17 05:59:20]cl_getDriver.py(72): Open NewTab->https://kabuoji3.com/stock/3891/2020/
[2021-03-17 05:59:21]cl_getDriver.py(127): click_Success->//*[@id="base_box"]/div/div[3]/form/button
[2021-03-17 05:59:21]cl_getDriver.py(127): click_Success->//*[@id="base_box"]/div/div[3]/form/button
[2021-03-17 05:59:22]cl_getDriver.py(72): Open NewTab->https://kabuoji3.com/stock/3880/2006/
[2021-03-17 05:59:23]cl_getDriver.py(127): click_Success->//*[@id="base_box"]/div/div[3]/form/button
[2021-03-17 05:59:23]cl_getDriver.py(127): click_Success->//*[@id="base_box"]/div/div[3]/form/button
[2021-03-17 05:59:24]cl_getDriver.py(72): Open NewTab->https://kabuoji3.com/stock/3891/2019/
[2021-03-17 05:59:25]cl_getDriver.py(127): click_Success->//*[@id="base_box"]/div/div[3]/form/button
[2021-03-17 05:59:25]cl_getDriver.py(127): click_Success->//*[@id="base_box"]/div/div[3]/form/button
[2021-03-17 05:59:26]cl_getDriver.py(72): Open NewTab->https://kabuoji3.com/stock/3880/2005/
[2021-03-17 05:59:26]cl_getDriver.py(127): click_Success->//*[@id="base_box"]/div/div[3]/form/button
[2021-03-17 05:59:27]cl_getDriver.py(127): click_Success->//*[@id="base_box"]/div/div[3]/form/button
[2021-03-17 05:59:28]cl_getDriver.py(72): Open NewTab->https://kabuoji3.com/stock/3891/2018/
[2021-03-17 05:59:29]cl_getDriver.py(127): click_Success->//*[@id="base_box"]/div/div[3]/form/button
[2021-03-17 05:59:29]cl_getDriver.py(127): click_Success->//*[@id="base_box"]/div/div[3]/form/button
[2021-03-17 05:59:29]cl_getDriver.py(72): Open NewTab->https://kabuoji3.com/stock/3880/2004/
[2021-03-17 05:59:30]cl_getDriver.py(127): click_Success->//*[@id="base_box"]/div/div[3]/form/button
[2021-03-17 05:59:31]cl_getDriver.py(127): click_Success->//*[@id="base_box"]/div/div[3]/form/button
[2021-03-17 05:59:31]cl_getDriver.py(72): Open NewTab->https://kabuoji3.com/stock/3891/2017/
[2021-03-17 05:59:32]cl_getDriver.py(127): click_Success->//*[@id="base_box"]/div/div[3]/form/button
[2021-03-17 05:59:32]cl_getDriver.py(127): click_Success->//*[@id="base_box"]/div/div[3]/form/button
[2021-03-17 05:59:33]cl_getDriver.py(72): Open NewTab->https://kabuoji3.com/stock/3880/2003/
[2021-03-17 05:59:34]cl_getDriver.py(127): click_Success->//*[@id="base_box"]/div/div[3]/form/button
[2021-03-17 05:59:34]cl_getDriver.py(127): click_Success->//*[@id="base_box"]/div/div[3]/form/button
[2021-03-17 05:59:35]cl_getDriver.py(72): Open NewTab->https://kabuoji3.com/stock/3891/2016/
[2021-03-17 05:59:36]cl_getDriver.py(127): click_Success->//*[@id="base_box"]/div/div[3]/form/button
[2021-03-17 05:59:36]cl_getDriver.py(127): click_Success->//*[@id="base_box"]/div/div[3]/form/button
[2021-03-17 05:59:36]cl_getDriver.py(72): Open NewTab->https://kabuoji3.com/stock/3880/2002/
[2021-03-17 05:59:37]cl_getDriver.py(127): click_Success->//*[@id="base_box"]/div/div[3]/form/button
[2021-03-17 05:59:38]cl_getDriver.py(127): click_Success->//*[@id="base_box"]/div/div[3]/form/button
[2021-03-17 05:59:38]cl_getDriver.py(72): Open NewTab->https://kabuoji3.com/stock/3891/2015/
[2021-03-17 05:59:39]cl_getDriver.py(127): click_Success->//*[@id="base_box"]/div/div[3]/form/button
[2021-03-17 05:59:40]cl_getDriver.py(127): click_Success->//*[@id="base_box"]/div/div[3]/form/button
[2021-03-17 05:59:40]cl_getDriver.py(72): Open NewTab->https://kabuoji3.com/stock/3880/2001/
[2021-03-17 05:59:41]cl_getDriver.py(127): click_Success->//*[@id="base_box"]/div/div[3]/form/button
[2021-03-17 05:59:42]cl_getDriver.py(127): click_Success->//*[@id="base_box"]/div/div[3]/form/button
[2021-03-17 05:59:42]cl_getDriver.py(72): Open NewTab->https://kabuoji3.com/stock/3891/2014/
[2021-03-17 05:59:43]cl_getDriver.py(127): click_Success->//*[@id="base_box"]/div/div[3]/form/button
[2021-03-17 05:59:43]cl_getDriver.py(127): click_Success->//*[@id="base_box"]/div/div[3]/form/button
[2021-03-17 05:59:44]cl_getDriver.py(72): Open NewTab->https://kabuoji3.com/stock/3880/2000/
[2021-03-17 05:59:45]cl_getDriver.py(127): click_Success->//*[@id="base_box"]/div/div[3]/form/button
[2021-03-17 05:59:45]cl_getDriver.py(127): click_Success->//*[@id="base_box"]/div/div[3]/form/button
[2021-03-17 05:59:45]cl_getDriver.py(72): Open NewTab->https://kabuoji3.com/stock/3891/2013/
[2021-03-17 05:59:46]cl_getDriver.py(127): click_Success->//*[@id="base_box"]/div/div[3]/form/button
[2021-03-17 05:59:47]cl_getDriver.py(127): click_Success->//*[@id="base_box"]/div/div[3]/form/button
[2021-03-17 05:59:47]cl_getDriver.py(72): Open NewTab->https://kabuoji3.com/stock/3880/1999/
[2021-03-17 05:59:48]cl_getDriver.py(127): click_Success->//*[@id="base_box"]/div/div[3]/form/button
[2021-03-17 05:59:49]cl_getDriver.py(127): click_Success->//*[@id="base_box"]/div/div[3]/form/button
[2021-03-17 05:59:49]cl_getDriver.py(72): Open NewTab->https://kabuoji3.com/stock/3891/2012/
[2021-03-17 05:59:50]cl_getDriver.py(127): click_Success->//*[@id="base_box"]/div/div[3]/form/button
[2021-03-17 05:59:50]cl_getDriver.py(127): click_Success->//*[@id="base_box"]/div/div[3]/form/button
[2021-03-17 05:59:51]cl_getDriver.py(72): Open NewTab->https://kabuoji3.com/stock/3880/1998/
[2021-03-17 05:59:52]cl_getDriver.py(127): click_Success->//*[@id="base_box"]/div/div[3]/form/button
[2021-03-17 05:59:52]cl_getDriver.py(127): click_Success->//*[@id="base_box"]/div/div[3]/form/button
[2021-03-17 05:59:53]cl_getDriver.py(72): Open NewTab->https://kabuoji3.com/stock/3891/2011/
[2021-03-17 05:59:53]cl_getDriver.py(127): click_Success->//*[@id="base_box"]/div/div[3]/form/button
[2021-03-17 05:59:54]cl_getDriver.py(127): click_Success->//*[@id="base_box"]/div/div[3]/form/button
[2021-03-17 05:59:54]cl_getDriver.py(72): Open NewTab->https://kabuoji3.com/stock/3880/1997/
[2021-03-17 05:59:56]cl_getDriver.py(127): click_Success->//*[@id="base_box"]/div/div[3]/form/button
[2021-03-17 05:59:56]cl_getDriver.py(127): click_Success->//*[@id="base_box"]/div/div[3]/form/button
[2021-03-17 05:59:56]cl_getDriver.py(72): Open NewTab->https://kabuoji3.com/stock/3891/2010/
[2021-03-17 05:59:57]cl_getDriver.py(127): click_Success->//*[@id="base_box"]/div/div[3]/form/button
[2021-03-17 05:59:58]cl_getDriver.py(127): click_Success->//*[@id="base_box"]/div/div[3]/form/button
[2021-03-17 05:59:58]cl_getDriver.py(72): Open NewTab->https://kabuoji3.com/stock/3880/1996/
[2021-03-17 05:59:59]cl_getDriver.py(127): click_Success->//*[@id="base_box"]/div/div[3]/form/button
[2021-03-17 06:00:00]cl_getDriver.py(127): click_Success->//*[@id="base_box"]/div/div[3]/form/button
[2021-03-17 06:00:00]cl_getDriver.py(72): Open NewTab->https://kabuoji3.com/stock/3891/2009/
[2021-03-17 06:00:01]cl_getDriver.py(127): click_Success->//*[@id="base_box"]/div/div[3]/form/button
[2021-03-17 06:00:02]cl_getDriver.py(127): click_Success->//*[@id="base_box"]/div/div[3]/form/button
[2021-03-17 06:00:02]cl_getDriver.py(72): Open NewTab->https://kabuoji3.com/stock/3880/1995/
[2021-03-17 06:00:03]cl_getDriver.py(127): click_Success->//*[@id="base_box"]/div/div[3]/form/button
[2021-03-17 06:00:03]cl_getDriver.py(127): click_Success->//*[@id="base_box"]/div/div[3]/form/button
[2021-03-17 06:00:04]cl_getDriver.py(72): Open NewTab->https://kabuoji3.com/stock/3891/2008/
[2021-03-17 06:00:04]cl_getDriver.py(127): click_Success->//*[@id="base_box"]/div/div[3]/form/button
[2021-03-17 06:00:05]cl_getDriver.py(127): click_Success->//*[@id="base_box"]/div/div[3]/form/button
[2021-03-17 06:00:06]cl_getDriver.py(72): Open NewTab->https://kabuoji3.com/stock/3880/1994/
[2021-03-17 06:00:07]cl_getDriver.py(127): click_Success->//*[@id="base_box"]/div/div[3]/form/button
[2021-03-17 06:00:07]cl_getDriver.py(127): click_Success->//*[@id="base_box"]/div/div[3]/form/button
[2021-03-17 06:00:07]cl_getDriver.py(72): Open NewTab->https://kabuoji3.com/stock/3891/2007/
[2021-03-17 06:00:08]cl_getDriver.py(127): click_Success->//*[@id="base_box"]/div/div[3]/form/button
[2021-03-17 06:00:09]cl_getDriver.py(127): click_Success->//*[@id="base_box"]/div/div[3]/form/button
[2021-03-17 06:00:09]cl_getDriver.py(72): Open NewTab->https://kabuoji3.com/stock/3880/1993/
[2021-03-17 06:00:10]cl_getDriver.py(127): click_Success->//*[@id="base_box"]/div/div[3]/form/button
[2021-03-17 06:00:10]cl_getDriver.py(127): click_Success->//*[@id="base_box"]/div/div[3]/form/button
[2021-03-17 06:00:11]cl_getDriver.py(72): Open NewTab->https://kabuoji3.com/stock/3891/2006/
[2021-03-17 06:00:12]cl_getDriver.py(127): click_Success->//*[@id="base_box"]/div/div[3]/form/button
[2021-03-17 06:00:13]cl_getDriver.py(127): click_Success->//*[@id="base_box"]/div/div[3]/form/button
[2021-03-17 06:00:13]cl_getDriver.py(72): Open NewTab->https://kabuoji3.com/stock/3880/1992/
[2021-03-17 06:00:14]cl_getDriver.py(127): click_Success->//*[@id="base_box"]/div/div[3]/form/button
[2021-03-17 06:00:14]cl_getDriver.py(127): click_Success->//*[@id="base_box"]/div/div[3]/form/button
[2021-03-17 06:00:15]cl_getDriver.py(72): Open NewTab->https://kabuoji3.com/stock/3891/2005/
[2021-03-17 06:00:15]cl_getDriver.py(127): click_Success->//*[@id="base_box"]/div/div[3]/form/button
[2021-03-17 06:00:16]cl_getDriver.py(127): click_Success->//*[@id="base_box"]/div/div[3]/form/button
[2021-03-17 06:00:17]cl_getDriver.py(72): Open NewTab->https://kabuoji3.com/stock/3880/1991/
[2021-03-17 06:00:17]cl_getDriver.py(127): click_Success->//*[@id="base_box"]/div/div[3]/form/button
[2021-03-17 06:00:18]cl_getDriver.py(127): click_Success->//*[@id="base_box"]/div/div[3]/form/button
[2021-03-17 06:00:18]cl_getDriver.py(72): Open NewTab->https://kabuoji3.com/stock/3891/2004/
[2021-03-17 06:00:19]cl_getDriver.py(127): click_Success->//*[@id="base_box"]/div/div[3]/form/button
[2021-03-17 06:00:20]cl_getDriver.py(127): click_Success->//*[@id="base_box"]/div/div[3]/form/button
[2021-03-17 06:00:20]cl_getDriver.py(72): Open NewTab->https://kabuoji3.com/stock/3880/1990/
[2021-03-17 06:00:21]cl_getDriver.py(127): click_Success->//*[@id="base_box"]/div/div[3]/form/button
[2021-03-17 06:00:22]cl_getDriver.py(127): click_Success->//*[@id="base_box"]/div/div[3]/form/button
[2021-03-17 06:00:22]cl_getDriver.py(72): Open NewTab->https://kabuoji3.com/stock/3891/2003/
[2021-03-17 06:00:23]cl_getDriver.py(127): click_Success->//*[@id="base_box"]/div/div[3]/form/button
[2021-03-17 06:00:24]cl_getDriver.py(127): click_Success->//*[@id="base_box"]/div/div[3]/form/button
[2021-03-17 06:00:24]cl_getDriver.py(72): Open NewTab->https://kabuoji3.com/stock/3880/1989/
[2021-03-17 06:00:25]cl_getDriver.py(127): click_Success->//*[@id="base_box"]/div/div[3]/form/button
[2021-03-17 06:00:25]cl_getDriver.py(127): click_Success->//*[@id="base_box"]/div/div[3]/form/button
[2021-03-17 06:00:26]cl_getDriver.py(72): Open NewTab->https://kabuoji3.com/stock/3891/2002/
[2021-03-17 06:00:27]cl_getDriver.py(127): click_Success->//*[@id="base_box"]/div/div[3]/form/button
[2021-03-17 06:00:28]cl_getDriver.py(127): click_Success->//*[@id="base_box"]/div/div[3]/form/button
[2021-03-17 06:00:28]cl_getDriver.py(72): Open NewTab->https://kabuoji3.com/stock/3880/1988/
[2021-03-17 06:00:29]cl_getDriver.py(127): click_Success->//*[@id="base_box"]/div/div[3]/form/button
[2021-03-17 06:00:29]cl_getDriver.py(127): click_Success->//*[@id="base_box"]/div/div[3]/form/button
[2021-03-17 06:00:29]cl_getDriver.py(72): Open NewTab->https://kabuoji3.com/stock/3891/2001/
[2021-03-17 06:00:30]cl_getDriver.py(127): click_Success->//*[@id="base_box"]/div/div[3]/form/button
[2021-03-17 06:00:31]cl_getDriver.py(127): click_Success->//*[@id="base_box"]/div/div[3]/form/button
[2021-03-17 06:00:32]cl_getDriver.py(127): click_Success->//*[@id="base_box"]/div/div[3]/form/button
[2021-03-17 06:00:33]cl_getDriver.py(72): Open NewTab->https://kabuoji3.com/stock/3891/2000/
[2021-03-17 06:00:34]cl_getDriver.py(127): click_Success->//*[@id="base_box"]/div/div[3]/form/button
[2021-03-17 06:00:36]main.py(42): finished Process->https://kabuoji3.com/stock/3880/
[2021-03-17 06:00:36]main.py(15): start_Process->https://kabuoji3.com/stock/3892/
[2021-03-17 06:00:36]cl_getDriver.py(127): click_Success->//*[@id="base_box"]/div/div[3]/form/button
[2021-03-17 06:00:36]cl_getDriver.py(72): Open NewTab->https://kabuoji3.com/stock/3891/1999/
[2021-03-17 06:00:37]cl_getDriver.py(127): click_Success->//*[@id="base_box"]/div/div[3]/form/button
[2021-03-17 06:00:39]cl_getDriver.py(127): click_Success->//*[@id="base_box"]/div/div[3]/form/button
[2021-03-17 06:00:40]cl_getDriver.py(72): Open NewTab->https://kabuoji3.com/stock/3891/1998/
[2021-03-17 06:00:41]cl_getDriver.py(64): getURL=https://kabuoji3.com/stock/3892/
[2021-03-17 06:00:42]cl_getDriver.py(72): Open NewTab->https://kabuoji3.com/stock/3892/
[2021-03-17 06:00:42]cl_getDriver.py(130): Not Found->//*[@id="base_box"]/div/div[3]/form/button
[2021-03-17 06:00:43]cl_getDriver.py(127): click_Success->//*[@id="base_box"]/div/div[3]/form/button
[2021-03-17 06:00:44]cl_getDriver.py(130): Not Found->//*[@id="base_box"]/div/div[3]/form/button
[2021-03-17 06:00:45]cl_getDriver.py(72): Open NewTab->https://kabuoji3.com/stock/3892/2021/
[2021-03-17 06:00:45]cl_getDriver.py(127): click_Success->//*[@id="base_box"]/div/div[3]/form/button
[2021-03-17 06:00:45]cl_getDriver.py(72): Open NewTab->https://kabuoji3.com/stock/3891/1997/
[2021-03-17 06:00:46]cl_getDriver.py(127): click_Success->//*[@id="base_box"]/div/div[3]/form/button
[2021-03-17 06:00:47]cl_getDriver.py(127): click_Success->//*[@id="base_box"]/div/div[3]/form/button
[2021-03-17 06:00:48]cl_getDriver.py(127): click_Success->//*[@id="base_box"]/div/div[3]/form/button
[2021-03-17 06:00:49]cl_getDriver.py(72): Open NewTab->https://kabuoji3.com/stock/3892/2020/
[2021-03-17 06:00:49]cl_getDriver.py(127): click_Success->//*[@id="base_box"]/div/div[3]/form/button
[2021-03-17 06:00:50]cl_getDriver.py(72): Open NewTab->https://kabuoji3.com/stock/3891/1996/
[2021-03-17 06:00:51]cl_getDriver.py(127): click_Success->//*[@id="base_box"]/div/div[3]/form/button
[2021-03-17 06:00:51]cl_getDriver.py(127): click_Success->//*[@id="base_box"]/div/div[3]/form/button
[2021-03-17 06:00:53]cl_getDriver.py(127): click_Success->//*[@id="base_box"]/div/div[3]/form/button
[2021-03-17 06:00:53]cl_getDriver.py(127): click_Success->//*[@id="base_box"]/div/div[3]/form/button
[2021-03-17 06:00:53]cl_getDriver.py(72): Open NewTab->https://kabuoji3.com/stock/3892/2019/
[2021-03-17 06:00:54]cl_getDriver.py(127): click_Success->//*[@id="base_box"]/div/div[3]/form/button
[2021-03-17 06:00:57]cl_getDriver.py(127): click_Success->//*[@id="base_box"]/div/div[3]/form/button
[2021-03-17 06:00:57]cl_getDriver.py(72): Open NewTab->https://kabuoji3.com/stock/3892/2018/
[2021-03-17 06:00:57]main.py(42): finished Process->https://kabuoji3.com/stock/3891/
[2021-03-17 06:00:57]main.py(15): start_Process->https://kabuoji3.com/stock/3895/
[2021-03-17 06:00:58]cl_getDriver.py(127): click_Success->//*[@id="base_box"]/div/div[3]/form/button
[2021-03-17 06:01:00]cl_getDriver.py(127): click_Success->//*[@id="base_box"]/div/div[3]/form/button
[2021-03-17 06:01:00]cl_getDriver.py(72): Open NewTab->https://kabuoji3.com/stock/3892/2017/
[2021-03-17 06:01:01]cl_getDriver.py(127): click_Success->//*[@id="base_box"]/div/div[3]/form/button
[2021-03-17 06:01:03]cl_getDriver.py(64): getURL=https://kabuoji3.com/stock/3895/
[2021-03-17 06:01:03]cl_getDriver.py(72): Open NewTab->https://kabuoji3.com/stock/3895/
[2021-03-17 06:01:04]cl_getDriver.py(127): click_Success->//*[@id="base_box"]/div/div[3]/form/button
[2021-03-17 06:01:04]cl_getDriver.py(130): Not Found->//*[@id="base_box"]/div/div[3]/form/button
[2021-03-17 06:01:04]cl_getDriver.py(72): Open NewTab->https://kabuoji3.com/stock/3892/2016/
[2021-03-17 06:01:05]cl_getDriver.py(127): click_Success->//*[@id="base_box"]/div/div[3]/form/button
[2021-03-17 06:01:06]cl_getDriver.py(130): Not Found->//*[@id="base_box"]/div/div[3]/form/button
[2021-03-17 06:01:06]cl_getDriver.py(72): Open NewTab->https://kabuoji3.com/stock/3895/2021/
[2021-03-17 06:01:07]cl_getDriver.py(127): click_Success->//*[@id="base_box"]/div/div[3]/form/button
[2021-03-17 06:01:07]cl_getDriver.py(127): click_Success->//*[@id="base_box"]/div/div[3]/form/button
[2021-03-17 06:01:08]cl_getDriver.py(72): Open NewTab->https://kabuoji3.com/stock/3892/2015/
[2021-03-17 06:01:09]cl_getDriver.py(127): click_Success->//*[@id="base_box"]/div/div[3]/form/button
[2021-03-17 06:01:09]cl_getDriver.py(127): click_Success->//*[@id="base_box"]/div/div[3]/form/button
[2021-03-17 06:01:10]cl_getDriver.py(72): Open NewTab->https://kabuoji3.com/stock/3895/2020/
[2021-03-17 06:01:11]cl_getDriver.py(127): click_Success->//*[@id="base_box"]/div/div[3]/form/button
[2021-03-17 06:01:11]cl_getDriver.py(127): click_Success->//*[@id="base_box"]/div/div[3]/form/button
[2021-03-17 06:01:11]cl_getDriver.py(72): Open NewTab->https://kabuoji3.com/stock/3892/2014/
[2021-03-17 06:01:12]cl_getDriver.py(127): click_Success->//*[@id="base_box"]/div/div[3]/form/button
[2021-03-17 06:01:13]cl_getDriver.py(127): click_Success->//*[@id="base_box"]/div/div[3]/form/button
[2021-03-17 06:01:13]cl_getDriver.py(72): Open NewTab->https://kabuoji3.com/stock/3895/2019/
[2021-03-17 06:01:14]cl_getDriver.py(127): click_Success->//*[@id="base_box"]/div/div[3]/form/button
[2021-03-17 06:01:14]cl_getDriver.py(127): click_Success->//*[@id="base_box"]/div/div[3]/form/button
[2021-03-17 06:01:15]cl_getDriver.py(72): Open NewTab->https://kabuoji3.com/stock/3892/2013/
[2021-03-17 06:01:16]cl_getDriver.py(127): click_Success->//*[@id="base_box"]/div/div[3]/form/button
[2021-03-17 06:01:17]cl_getDriver.py(127): click_Success->//*[@id="base_box"]/div/div[3]/form/button
[2021-03-17 06:01:17]cl_getDriver.py(72): Open NewTab->https://kabuoji3.com/stock/3895/2018/
[2021-03-17 06:01:18]cl_getDriver.py(127): click_Success->//*[@id="base_box"]/div/div[3]/form/button
[2021-03-17 06:01:18]cl_getDriver.py(127): click_Success->//*[@id="base_box"]/div/div[3]/form/button
[2021-03-17 06:01:18]cl_getDriver.py(72): Open NewTab->https://kabuoji3.com/stock/3892/2012/
[2021-03-17 06:01:19]cl_getDriver.py(127): click_Success->//*[@id="base_box"]/div/div[3]/form/button
[2021-03-17 06:01:20]cl_getDriver.py(127): click_Success->//*[@id="base_box"]/div/div[3]/form/button
[2021-03-17 06:01:21]cl_getDriver.py(72): Open NewTab->https://kabuoji3.com/stock/3895/2017/
[2021-03-17 06:01:21]cl_getDriver.py(127): click_Success->//*[@id="base_box"]/div/div[3]/form/button
[2021-03-17 06:01:22]cl_getDriver.py(127): click_Success->//*[@id="base_box"]/div/div[3]/form/button
[2021-03-17 06:01:22]cl_getDriver.py(72): Open NewTab->https://kabuoji3.com/stock/3892/2011/
[2021-03-17 06:01:23]cl_getDriver.py(127): click_Success->//*[@id="base_box"]/div/div[3]/form/button
[2021-03-17 06:01:24]cl_getDriver.py(127): click_Success->//*[@id="base_box"]/div/div[3]/form/button
[2021-03-17 06:01:24]cl_getDriver.py(72): Open NewTab->https://kabuoji3.com/stock/3895/2016/
[2021-03-17 06:01:25]cl_getDriver.py(127): click_Success->//*[@id="base_box"]/div/div[3]/form/button
[2021-03-17 06:01:26]cl_getDriver.py(72): Open NewTab->https://kabuoji3.com/stock/3892/2010/
[2021-03-17 06:01:26]cl_getDriver.py(127): click_Success->//*[@id="base_box"]/div/div[3]/form/button
[2021-03-17 06:01:27]cl_getDriver.py(127): click_Success->//*[@id="base_box"]/div/div[3]/form/button
[2021-03-17 06:01:28]cl_getDriver.py(127): click_Success->//*[@id="base_box"]/div/div[3]/form/button
[2021-03-17 06:01:28]cl_getDriver.py(72): Open NewTab->https://kabuoji3.com/stock/3895/2015/
[2021-03-17 06:01:29]cl_getDriver.py(127): click_Success->//*[@id="base_box"]/div/div[3]/form/button
[2021-03-17 06:01:29]cl_getDriver.py(72): Open NewTab->https://kabuoji3.com/stock/3892/2009/
[2021-03-17 06:01:30]cl_getDriver.py(127): click_Success->//*[@id="base_box"]/div/div[3]/form/button
[2021-03-17 06:01:30]cl_getDriver.py(127): click_Success->//*[@id="base_box"]/div/div[3]/form/button
[2021-03-17 06:01:32]cl_getDriver.py(127): click_Success->//*[@id="base_box"]/div/div[3]/form/button
[2021-03-17 06:01:32]cl_getDriver.py(72): Open NewTab->https://kabuoji3.com/stock/3895/2014/
[2021-03-17 06:01:33]cl_getDriver.py(127): click_Success->//*[@id="base_box"]/div/div[3]/form/button
[2021-03-17 06:01:33]cl_getDriver.py(72): Open NewTab->https://kabuoji3.com/stock/3892/2008/
[2021-03-17 06:01:34]cl_getDriver.py(127): click_Success->//*[@id="base_box"]/div/div[3]/form/button
[2021-03-17 06:01:34]cl_getDriver.py(127): click_Success->//*[@id="base_box"]/div/div[3]/form/button
[2021-03-17 06:01:36]cl_getDriver.py(127): click_Success->//*[@id="base_box"]/div/div[3]/form/button
[2021-03-17 06:01:36]cl_getDriver.py(72): Open NewTab->https://kabuoji3.com/stock/3895/2013/
[2021-03-17 06:01:36]cl_getDriver.py(127): click_Success->//*[@id="base_box"]/div/div[3]/form/button
[2021-03-17 06:01:37]cl_getDriver.py(72): Open NewTab->https://kabuoji3.com/stock/3892/2007/
[2021-03-17 06:01:38]cl_getDriver.py(127): click_Success->//*[@id="base_box"]/div/div[3]/form/button
[2021-03-17 06:01:38]cl_getDriver.py(127): click_Success->//*[@id="base_box"]/div/div[3]/form/button
[2021-03-17 06:01:40]cl_getDriver.py(127): click_Success->//*[@id="base_box"]/div/div[3]/form/button
[2021-03-17 06:01:40]cl_getDriver.py(72): Open NewTab->https://kabuoji3.com/stock/3895/2012/
[2021-03-17 06:01:41]cl_getDriver.py(127): click_Success->//*[@id="base_box"]/div/div[3]/form/button
[2021-03-17 06:01:41]cl_getDriver.py(72): Open NewTab->https://kabuoji3.com/stock/3892/2006/
[2021-03-17 06:01:42]cl_getDriver.py(127): click_Success->//*[@id="base_box"]/div/div[3]/form/button
[2021-03-17 06:01:42]cl_getDriver.py(127): click_Success->//*[@id="base_box"]/div/div[3]/form/button
[2021-03-17 06:01:44]cl_getDriver.py(127): click_Success->//*[@id="base_box"]/div/div[3]/form/button
[2021-03-17 06:01:45]cl_getDriver.py(72): Open NewTab->https://kabuoji3.com/stock/3895/2011/
[2021-03-17 06:01:45]cl_getDriver.py(127): click_Success->//*[@id="base_box"]/div/div[3]/form/button
[2021-03-17 06:01:46]cl_getDriver.py(72): Open NewTab->https://kabuoji3.com/stock/3892/2005/
[2021-03-17 06:01:47]cl_getDriver.py(127): click_Success->//*[@id="base_box"]/div/div[3]/form/button
[2021-03-17 06:01:47]cl_getDriver.py(127): click_Success->//*[@id="base_box"]/div/div[3]/form/button
[2021-03-17 06:01:49]cl_getDriver.py(127): click_Success->//*[@id="base_box"]/div/div[3]/form/button
[2021-03-17 06:01:49]cl_getDriver.py(72): Open NewTab->https://kabuoji3.com/stock/3895/2010/
[2021-03-17 06:01:49]cl_getDriver.py(127): click_Success->//*[@id="base_box"]/div/div[3]/form/button
[2021-03-17 06:01:50]cl_getDriver.py(72): Open NewTab->https://kabuoji3.com/stock/3892/2004/
[2021-03-17 06:01:51]cl_getDriver.py(127): click_Success->//*[@id="base_box"]/div/div[3]/form/button
[2021-03-17 06:01:51]cl_getDriver.py(127): click_Success->//*[@id="base_box"]/div/div[3]/form/button
[2021-03-17 06:01:53]cl_getDriver.py(127): click_Success->//*[@id="base_box"]/div/div[3]/form/button
[2021-03-17 06:01:53]cl_getDriver.py(127): click_Success->//*[@id="base_box"]/div/div[3]/form/button
[2021-03-17 06:01:53]cl_getDriver.py(72): Open NewTab->https://kabuoji3.com/stock/3895/2009/
[2021-03-17 06:01:54]cl_getDriver.py(72): Open NewTab->https://kabuoji3.com/stock/3892/2003/
[2021-03-17 06:01:55]cl_getDriver.py(127): click_Success->//*[@id="base_box"]/div/div[3]/form/button
[2021-03-17 06:01:55]cl_getDriver.py(127): click_Success->//*[@id="base_box"]/div/div[3]/form/button
[2021-03-17 06:01:57]cl_getDriver.py(127): click_Success->//*[@id="base_box"]/div/div[3]/form/button
[2021-03-17 06:01:57]cl_getDriver.py(72): Open NewTab->https://kabuoji3.com/stock/3895/2008/
[2021-03-17 06:01:58]cl_getDriver.py(127): click_Success->//*[@id="base_box"]/div/div[3]/form/button
[2021-03-17 06:01:58]cl_getDriver.py(72): Open NewTab->https://kabuoji3.com/stock/3892/2002/
[2021-03-17 06:01:59]cl_getDriver.py(127): click_Success->//*[@id="base_box"]/div/div[3]/form/button
[2021-03-17 06:01:59]cl_getDriver.py(127): click_Success->//*[@id="base_box"]/div/div[3]/form/button
[2021-03-17 06:02:01]cl_getDriver.py(127): click_Success->//*[@id="base_box"]/div/div[3]/form/button
[2021-03-17 06:02:01]cl_getDriver.py(72): Open NewTab->https://kabuoji3.com/stock/3895/2007/
[2021-03-17 06:02:01]cl_getDriver.py(127): click_Success->//*[@id="base_box"]/div/div[3]/form/button
[2021-03-17 06:02:02]cl_getDriver.py(72): Open NewTab->https://kabuoji3.com/stock/3892/2001/
[2021-03-17 06:02:03]cl_getDriver.py(127): click_Success->//*[@id="base_box"]/div/div[3]/form/button
[2021-03-17 06:02:03]cl_getDriver.py(127): click_Success->//*[@id="base_box"]/div/div[3]/form/button
[2021-03-17 06:02:05]cl_getDriver.py(127): click_Success->//*[@id="base_box"]/div/div[3]/form/button
[2021-03-17 06:02:05]cl_getDriver.py(72): Open NewTab->https://kabuoji3.com/stock/3895/2006/
[2021-03-17 06:02:06]cl_getDriver.py(127): click_Success->//*[@id="base_box"]/div/div[3]/form/button
[2021-03-17 06:02:06]cl_getDriver.py(72): Open NewTab->https://kabuoji3.com/stock/3892/2000/
[2021-03-17 06:02:07]cl_getDriver.py(127): click_Success->//*[@id="base_box"]/div/div[3]/form/button
[2021-03-17 06:02:07]cl_getDriver.py(127): click_Success->//*[@id="base_box"]/div/div[3]/form/button
[2021-03-17 06:02:09]cl_getDriver.py(127): click_Success->//*[@id="base_box"]/div/div[3]/form/button
[2021-03-17 06:02:10]cl_getDriver.py(127): click_Success->//*[@id="base_box"]/div/div[3]/form/button
[2021-03-17 06:02:10]cl_getDriver.py(72): Open NewTab->https://kabuoji3.com/stock/3895/2005/
[2021-03-17 06:02:11]cl_getDriver.py(127): click_Success->//*[@id="base_box"]/div/div[3]/form/button
[2021-03-17 06:02:13]cl_getDriver.py(127): click_Success->//*[@id="base_box"]/div/div[3]/form/button
[2021-03-17 06:02:14]main.py(42): finished Process->https://kabuoji3.com/stock/3892/
[2021-03-17 06:02:14]main.py(15): start_Process->https://kabuoji3.com/stock/3896/
[2021-03-17 06:02:17]main.py(42): finished Process->https://kabuoji3.com/stock/3895/
[2021-03-17 06:02:17]main.py(15): start_Process->https://kabuoji3.com/stock/3941/
[2021-03-17 06:02:21]cl_getDriver.py(64): getURL=https://kabuoji3.com/stock/3896/
[2021-03-17 06:02:21]cl_getDriver.py(72): Open NewTab->https://kabuoji3.com/stock/3896/
[2021-03-17 06:02:22]cl_getDriver.py(130): Not Found->//*[@id="base_box"]/div/div[3]/form/button
[2021-03-17 06:02:23]cl_getDriver.py(64): getURL=https://kabuoji3.com/stock/3941/
[2021-03-17 06:02:23]cl_getDriver.py(72): Open NewTab->https://kabuoji3.com/stock/3941/
[2021-03-17 06:02:24]cl_getDriver.py(130): Not Found->//*[@id="base_box"]/div/div[3]/form/button
[2021-03-17 06:02:24]cl_getDriver.py(130): Not Found->//*[@id="base_box"]/div/div[3]/form/button
[2021-03-17 06:02:24]cl_getDriver.py(72): Open NewTab->https://kabuoji3.com/stock/3896/2021/
[2021-03-17 06:02:25]cl_getDriver.py(127): click_Success->//*[@id="base_box"]/div/div[3]/form/button
[2021-03-17 06:02:26]cl_getDriver.py(130): Not Found->//*[@id="base_box"]/div/div[3]/form/button
[2021-03-17 06:02:26]cl_getDriver.py(72): Open NewTab->https://kabuoji3.com/stock/3941/2021/
[2021-03-17 06:02:27]cl_getDriver.py(127): click_Success->//*[@id="base_box"]/div/div[3]/form/button
[2021-03-17 06:02:27]cl_getDriver.py(127): click_Success->//*[@id="base_box"]/div/div[3]/form/button
[2021-03-17 06:02:28]cl_getDriver.py(72): Open NewTab->https://kabuoji3.com/stock/3896/2020/
[2021-03-17 06:02:29]cl_getDriver.py(127): click_Success->//*[@id="base_box"]/div/div[3]/form/button
[2021-03-17 06:02:29]cl_getDriver.py(127): click_Success->//*[@id="base_box"]/div/div[3]/form/button
[2021-03-17 06:02:30]cl_getDriver.py(72): Open NewTab->https://kabuoji3.com/stock/3941/2020/
[2021-03-17 06:02:31]cl_getDriver.py(127): click_Success->//*[@id="base_box"]/div/div[3]/form/button
[2021-03-17 06:02:31]cl_getDriver.py(127): click_Success->//*[@id="base_box"]/div/div[3]/form/button
[2021-03-17 06:02:31]cl_getDriver.py(72): Open NewTab->https://kabuoji3.com/stock/3896/2019/
[2021-03-17 06:02:32]cl_getDriver.py(127): click_Success->//*[@id="base_box"]/div/div[3]/form/button
[2021-03-17 06:02:33]cl_getDriver.py(127): click_Success->//*[@id="base_box"]/div/div[3]/form/button
[2021-03-17 06:02:33]cl_getDriver.py(72): Open NewTab->https://kabuoji3.com/stock/3941/2019/
[2021-03-17 06:02:34]cl_getDriver.py(127): click_Success->//*[@id="base_box"]/div/div[3]/form/button
[2021-03-17 06:02:35]cl_getDriver.py(127): click_Success->//*[@id="base_box"]/div/div[3]/form/button
[2021-03-17 06:02:35]cl_getDriver.py(72): Open NewTab->https://kabuoji3.com/stock/3896/2018/
[2021-03-17 06:02:36]cl_getDriver.py(127): click_Success->//*[@id="base_box"]/div/div[3]/form/button
[2021-03-17 06:02:37]cl_getDriver.py(127): click_Success->//*[@id="base_box"]/div/div[3]/form/button
[2021-03-17 06:02:37]cl_getDriver.py(72): Open NewTab->https://kabuoji3.com/stock/3941/2018/
[2021-03-17 06:02:38]cl_getDriver.py(127): click_Success->//*[@id="base_box"]/div/div[3]/form/button
[2021-03-17 06:02:38]cl_getDriver.py(127): click_Success->//*[@id="base_box"]/div/div[3]/form/button
[2021-03-17 06:02:39]cl_getDriver.py(72): Open NewTab->https://kabuoji3.com/stock/3896/2017/
[2021-03-17 06:02:40]cl_getDriver.py(127): click_Success->//*[@id="base_box"]/div/div[3]/form/button
[2021-03-17 06:02:40]cl_getDriver.py(127): click_Success->//*[@id="base_box"]/div/div[3]/form/button
[2021-03-17 06:02:40]cl_getDriver.py(72): Open NewTab->https://kabuoji3.com/stock/3941/2017/
[2021-03-17 06:02:41]cl_getDriver.py(127): click_Success->//*[@id="base_box"]/div/div[3]/form/button
[2021-03-17 06:02:42]cl_getDriver.py(127): click_Success->//*[@id="base_box"]/div/div[3]/form/button
[2021-03-17 06:02:42]cl_getDriver.py(72): Open NewTab->https://kabuoji3.com/stock/3896/2016/
[2021-03-17 06:02:43]cl_getDriver.py(127): click_Success->//*[@id="base_box"]/div/div[3]/form/button
[2021-03-17 06:02:44]cl_getDriver.py(127): click_Success->//*[@id="base_box"]/div/div[3]/form/button
[2021-03-17 06:02:44]cl_getDriver.py(72): Open NewTab->https://kabuoji3.com/stock/3941/2016/
[2021-03-17 06:02:45]cl_getDriver.py(127): click_Success->//*[@id="base_box"]/div/div[3]/form/button
[2021-03-17 06:02:46]cl_getDriver.py(127): click_Success->//*[@id="base_box"]/div/div[3]/form/button
[2021-03-17 06:02:46]cl_getDriver.py(72): Open NewTab->https://kabuoji3.com/stock/3896/2015/
[2021-03-17 06:02:47]cl_getDriver.py(127): click_Success->//*[@id="base_box"]/div/div[3]/form/button
[2021-03-17 06:02:47]cl_getDriver.py(127): click_Success->//*[@id="base_box"]/div/div[3]/form/button
[2021-03-17 06:02:47]cl_getDriver.py(72): Open NewTab->https://kabuoji3.com/stock/3941/2015/
[2021-03-17 06:02:48]cl_getDriver.py(127): click_Success->//*[@id="base_box"]/div/div[3]/form/button
[2021-03-17 06:02:49]cl_getDriver.py(127): click_Success->//*[@id="base_box"]/div/div[3]/form/button
[2021-03-17 06:02:49]cl_getDriver.py(72): Open NewTab->https://kabuoji3.com/stock/3896/2014/
[2021-03-17 06:02:50]cl_getDriver.py(127): click_Success->//*[@id="base_box"]/div/div[3]/form/button
[2021-03-17 06:02:51]cl_getDriver.py(127): click_Success->//*[@id="base_box"]/div/div[3]/form/button
[2021-03-17 06:02:51]cl_getDriver.py(72): Open NewTab->https://kabuoji3.com/stock/3941/2014/
[2021-03-17 06:02:52]cl_getDriver.py(127): click_Success->//*[@id="base_box"]/div/div[3]/form/button
[2021-03-17 06:02:53]cl_getDriver.py(127): click_Success->//*[@id="base_box"]/div/div[3]/form/button
[2021-03-17 06:02:53]cl_getDriver.py(72): Open NewTab->https://kabuoji3.com/stock/3896/2013/
[2021-03-17 06:02:54]cl_getDriver.py(127): click_Success->//*[@id="base_box"]/div/div[3]/form/button
[2021-03-17 06:02:54]cl_getDriver.py(127): click_Success->//*[@id="base_box"]/div/div[3]/form/button
[2021-03-17 06:02:55]cl_getDriver.py(72): Open NewTab->https://kabuoji3.com/stock/3941/2013/
[2021-03-17 06:02:55]cl_getDriver.py(127): click_Success->//*[@id="base_box"]/div/div[3]/form/button
[2021-03-17 06:02:56]cl_getDriver.py(127): click_Success->//*[@id="base_box"]/div/div[3]/form/button
[2021-03-17 06:02:57]cl_getDriver.py(72): Open NewTab->https://kabuoji3.com/stock/3896/2012/
[2021-03-17 06:02:58]cl_getDriver.py(127): click_Success->//*[@id="base_box"]/div/div[3]/form/button
[2021-03-17 06:02:58]cl_getDriver.py(127): click_Success->//*[@id="base_box"]/div/div[3]/form/button
[2021-03-17 06:02:58]cl_getDriver.py(72): Open NewTab->https://kabuoji3.com/stock/3941/2012/
[2021-03-17 06:02:59]cl_getDriver.py(127): click_Success->//*[@id="base_box"]/div/div[3]/form/button
[2021-03-17 06:03:00]cl_getDriver.py(127): click_Success->//*[@id="base_box"]/div/div[3]/form/button
[2021-03-17 06:03:01]cl_getDriver.py(127): click_Success->//*[@id="base_box"]/div/div[3]/form/button
[2021-03-17 06:03:02]cl_getDriver.py(72): Open NewTab->https://kabuoji3.com/stock/3941/2011/
[2021-03-17 06:03:02]cl_getDriver.py(127): click_Success->//*[@id="base_box"]/div/div[3]/form/button
[2021-03-17 06:03:04]main.py(42): finished Process->https://kabuoji3.com/stock/3896/
[2021-03-17 06:03:04]main.py(15): start_Process->https://kabuoji3.com/stock/3944/
[2021-03-17 06:03:05]cl_getDriver.py(127): click_Success->//*[@id="base_box"]/div/div[3]/form/button
[2021-03-17 06:03:05]cl_getDriver.py(72): Open NewTab->https://kabuoji3.com/stock/3941/2010/
[2021-03-17 06:03:07]cl_getDriver.py(127): click_Success->//*[@id="base_box"]/div/div[3]/form/button
[2021-03-17 06:03:09]cl_getDriver.py(127): click_Success->//*[@id="base_box"]/div/div[3]/form/button
[2021-03-17 06:03:10]cl_getDriver.py(72): Open NewTab->https://kabuoji3.com/stock/3941/2009/
[2021-03-17 06:03:11]cl_getDriver.py(127): click_Success->//*[@id="base_box"]/div/div[3]/form/button
[2021-03-17 06:03:11]cl_getDriver.py(64): getURL=https://kabuoji3.com/stock/3944/
[2021-03-17 06:03:12]cl_getDriver.py(72): Open NewTab->https://kabuoji3.com/stock/3944/
[2021-03-17 06:03:12]cl_getDriver.py(130): Not Found->//*[@id="base_box"]/div/div[3]/form/button
[2021-03-17 06:03:13]cl_getDriver.py(127): click_Success->//*[@id="base_box"]/div/div[3]/form/button
[2021-03-17 06:03:14]cl_getDriver.py(72): Open NewTab->https://kabuoji3.com/stock/3941/2008/
[2021-03-17 06:03:14]cl_getDriver.py(130): Not Found->//*[@id="base_box"]/div/div[3]/form/button
[2021-03-17 06:03:15]cl_getDriver.py(72): Open NewTab->https://kabuoji3.com/stock/3944/2021/
[2021-03-17 06:03:15]cl_getDriver.py(127): click_Success->//*[@id="base_box"]/div/div[3]/form/button
[2021-03-17 06:03:16]cl_getDriver.py(127): click_Success->//*[@id="base_box"]/div/div[3]/form/button
[2021-03-17 06:03:17]cl_getDriver.py(127): click_Success->//*[@id="base_box"]/div/div[3]/form/button
[2021-03-17 06:03:17]cl_getDriver.py(72): Open NewTab->https://kabuoji3.com/stock/3941/2007/
[2021-03-17 06:03:18]cl_getDriver.py(127): click_Success->//*[@id="base_box"]/div/div[3]/form/button
[2021-03-17 06:03:18]cl_getDriver.py(72): Open NewTab->https://kabuoji3.com/stock/3944/2020/
[2021-03-17 06:03:19]cl_getDriver.py(127): click_Success->//*[@id="base_box"]/div/div[3]/form/button
[2021-03-17 06:03:20]cl_getDriver.py(127): click_Success->//*[@id="base_box"]/div/div[3]/form/button
[2021-03-17 06:03:21]cl_getDriver.py(127): click_Success->//*[@id="base_box"]/div/div[3]/form/button
[2021-03-17 06:03:21]cl_getDriver.py(72): Open NewTab->https://kabuoji3.com/stock/3941/2006/
[2021-03-17 06:03:22]cl_getDriver.py(127): click_Success->//*[@id="base_box"]/div/div[3]/form/button
[2021-03-17 06:03:22]cl_getDriver.py(72): Open NewTab->https://kabuoji3.com/stock/3944/2019/
[2021-03-17 06:03:23]cl_getDriver.py(127): click_Success->//*[@id="base_box"]/div/div[3]/form/button
[2021-03-17 06:03:23]cl_getDriver.py(127): click_Success->//*[@id="base_box"]/div/div[3]/form/button
[2021-03-17 06:03:25]cl_getDriver.py(127): click_Success->//*[@id="base_box"]/div/div[3]/form/button
[2021-03-17 06:03:25]cl_getDriver.py(72): Open NewTab->https://kabuoji3.com/stock/3941/2005/
[2021-03-17 06:03:26]cl_getDriver.py(127): click_Success->//*[@id="base_box"]/div/div[3]/form/button
[2021-03-17 06:03:26]cl_getDriver.py(72): Open NewTab->https://kabuoji3.com/stock/3944/2018/
[2021-03-17 06:03:27]cl_getDriver.py(127): click_Success->//*[@id="base_box"]/div/div[3]/form/button
[2021-03-17 06:03:27]cl_getDriver.py(127): click_Success->//*[@id="base_box"]/div/div[3]/form/button
[2021-03-17 06:03:29]cl_getDriver.py(127): click_Success->//*[@id="base_box"]/div/div[3]/form/button
[2021-03-17 06:03:29]cl_getDriver.py(72): Open NewTab->https://kabuoji3.com/stock/3941/2004/
[2021-03-17 06:03:30]cl_getDriver.py(127): click_Success->//*[@id="base_box"]/div/div[3]/form/button
[2021-03-17 06:03:30]cl_getDriver.py(72): Open NewTab->https://kabuoji3.com/stock/3944/2017/
[2021-03-17 06:03:31]cl_getDriver.py(127): click_Success->//*[@id="base_box"]/div/div[3]/form/button
[2021-03-17 06:03:31]cl_getDriver.py(127): click_Success->//*[@id="base_box"]/div/div[3]/form/button
[2021-03-17 06:03:33]cl_getDriver.py(127): click_Success->//*[@id="base_box"]/div/div[3]/form/button
[2021-03-17 06:03:34]cl_getDriver.py(127): click_Success->//*[@id="base_box"]/div/div[3]/form/button
[2021-03-17 06:03:34]cl_getDriver.py(72): Open NewTab->https://kabuoji3.com/stock/3941/2003/
[2021-03-17 06:03:34]cl_getDriver.py(72): Open NewTab->https://kabuoji3.com/stock/3944/2016/
[2021-03-17 06:03:35]cl_getDriver.py(127): click_Success->//*[@id="base_box"]/div/div[3]/form/button
[2021-03-17 06:03:35]cl_getDriver.py(127): click_Success->//*[@id="base_box"]/div/div[3]/form/button
[2021-03-17 06:03:38]cl_getDriver.py(127): click_Success->//*[@id="base_box"]/div/div[3]/form/button
[2021-03-17 06:03:38]cl_getDriver.py(127): click_Success->//*[@id="base_box"]/div/div[3]/form/button
[2021-03-17 06:03:38]cl_getDriver.py(72): Open NewTab->https://kabuoji3.com/stock/3941/2002/
[2021-03-17 06:03:38]cl_getDriver.py(72): Open NewTab->https://kabuoji3.com/stock/3944/2015/
[2021-03-17 06:03:39]cl_getDriver.py(127): click_Success->//*[@id="base_box"]/div/div[3]/form/button
[2021-03-17 06:03:39]cl_getDriver.py(127): click_Success->//*[@id="base_box"]/div/div[3]/form/button
[2021-03-17 06:03:42]cl_getDriver.py(127): click_Success->//*[@id="base_box"]/div/div[3]/form/button
[2021-03-17 06:03:42]cl_getDriver.py(127): click_Success->//*[@id="base_box"]/div/div[3]/form/button
[2021-03-17 06:03:42]cl_getDriver.py(72): Open NewTab->https://kabuoji3.com/stock/3941/2001/
[2021-03-17 06:03:42]cl_getDriver.py(72): Open NewTab->https://kabuoji3.com/stock/3944/2014/
[2021-03-17 06:03:44]cl_getDriver.py(127): click_Success->//*[@id="base_box"]/div/div[3]/form/button
[2021-03-17 06:03:44]cl_getDriver.py(127): click_Success->//*[@id="base_box"]/div/div[3]/form/button
[2021-03-17 06:03:46]cl_getDriver.py(127): click_Success->//*[@id="base_box"]/div/div[3]/form/button
[2021-03-17 06:03:46]cl_getDriver.py(127): click_Success->//*[@id="base_box"]/div/div[3]/form/button
[2021-03-17 06:03:47]cl_getDriver.py(72): Open NewTab->https://kabuoji3.com/stock/3941/2000/
[2021-03-17 06:03:47]cl_getDriver.py(72): Open NewTab->https://kabuoji3.com/stock/3944/2013/
[2021-03-17 06:03:48]cl_getDriver.py(127): click_Success->//*[@id="base_box"]/div/div[3]/form/button
[2021-03-17 06:03:48]cl_getDriver.py(127): click_Success->//*[@id="base_box"]/div/div[3]/form/button
[2021-03-17 06:03:50]cl_getDriver.py(127): click_Success->//*[@id="base_box"]/div/div[3]/form/button
[2021-03-17 06:03:50]cl_getDriver.py(72): Open NewTab->https://kabuoji3.com/stock/3944/2012/
[2021-03-17 06:03:50]cl_getDriver.py(127): click_Success->//*[@id="base_box"]/div/div[3]/form/button
[2021-03-17 06:03:51]cl_getDriver.py(72): Open NewTab->https://kabuoji3.com/stock/3941/1999/
[2021-03-17 06:03:52]cl_getDriver.py(127): click_Success->//*[@id="base_box"]/div/div[3]/form/button
[2021-03-17 06:03:52]cl_getDriver.py(127): click_Success->//*[@id="base_box"]/div/div[3]/form/button
[2021-03-17 06:03:54]cl_getDriver.py(127): click_Success->//*[@id="base_box"]/div/div[3]/form/button
[2021-03-17 06:03:55]cl_getDriver.py(72): Open NewTab->https://kabuoji3.com/stock/3944/2011/
[2021-03-17 06:03:55]cl_getDriver.py(127): click_Success->//*[@id="base_box"]/div/div[3]/form/button
[2021-03-17 06:03:55]cl_getDriver.py(72): Open NewTab->https://kabuoji3.com/stock/3941/1998/
[2021-03-17 06:03:56]cl_getDriver.py(127): click_Success->//*[@id="base_box"]/div/div[3]/form/button
[2021-03-17 06:03:56]cl_getDriver.py(127): click_Success->//*[@id="base_box"]/div/div[3]/form/button
[2021-03-17 06:03:58]cl_getDriver.py(127): click_Success->//*[@id="base_box"]/div/div[3]/form/button
[2021-03-17 06:03:59]cl_getDriver.py(72): Open NewTab->https://kabuoji3.com/stock/3944/2010/
[2021-03-17 06:03:59]cl_getDriver.py(127): click_Success->//*[@id="base_box"]/div/div[3]/form/button
[2021-03-17 06:03:59]cl_getDriver.py(72): Open NewTab->https://kabuoji3.com/stock/3941/1997/
[2021-03-17 06:04:00]cl_getDriver.py(127): click_Success->//*[@id="base_box"]/div/div[3]/form/button
[2021-03-17 06:04:00]cl_getDriver.py(127): click_Success->//*[@id="base_box"]/div/div[3]/form/button
[2021-03-17 06:04:02]cl_getDriver.py(127): click_Success->//*[@id="base_box"]/div/div[3]/form/button
[2021-03-17 06:04:03]cl_getDriver.py(72): Open NewTab->https://kabuoji3.com/stock/3944/2009/
[2021-03-17 06:04:03]cl_getDriver.py(127): click_Success->//*[@id="base_box"]/div/div[3]/form/button
[2021-03-17 06:04:03]cl_getDriver.py(72): Open NewTab->https://kabuoji3.com/stock/3941/1996/
[2021-03-17 06:04:04]cl_getDriver.py(127): click_Success->//*[@id="base_box"]/div/div[3]/form/button
[2021-03-17 06:04:05]cl_getDriver.py(127): click_Success->//*[@id="base_box"]/div/div[3]/form/button
[2021-03-17 06:04:06]cl_getDriver.py(127): click_Success->//*[@id="base_box"]/div/div[3]/form/button
[2021-03-17 06:04:07]cl_getDriver.py(72): Open NewTab->https://kabuoji3.com/stock/3944/2008/
[2021-03-17 06:04:07]cl_getDriver.py(127): click_Success->//*[@id="base_box"]/div/div[3]/form/button
[2021-03-17 06:04:08]cl_getDriver.py(72): Open NewTab->https://kabuoji3.com/stock/3941/1995/
[2021-03-17 06:04:09]cl_getDriver.py(127): click_Success->//*[@id="base_box"]/div/div[3]/form/button
[2021-03-17 06:04:09]cl_getDriver.py(127): click_Success->//*[@id="base_box"]/div/div[3]/form/button
[2021-03-17 06:04:11]cl_getDriver.py(127): click_Success->//*[@id="base_box"]/div/div[3]/form/button
[2021-03-17 06:04:11]cl_getDriver.py(72): Open NewTab->https://kabuoji3.com/stock/3944/2007/
[2021-03-17 06:04:11]cl_getDriver.py(127): click_Success->//*[@id="base_box"]/div/div[3]/form/button
[2021-03-17 06:04:12]cl_getDriver.py(72): Open NewTab->https://kabuoji3.com/stock/3941/1994/
[2021-03-17 06:04:13]cl_getDriver.py(127): click_Success->//*[@id="base_box"]/div/div[3]/form/button
[2021-03-17 06:04:13]cl_getDriver.py(127): click_Success->//*[@id="base_box"]/div/div[3]/form/button
[2021-03-17 06:04:15]cl_getDriver.py(127): click_Success->//*[@id="base_box"]/div/div[3]/form/button
[2021-03-17 06:04:15]cl_getDriver.py(72): Open NewTab->https://kabuoji3.com/stock/3944/2006/
[2021-03-17 06:04:15]cl_getDriver.py(127): click_Success->//*[@id="base_box"]/div/div[3]/form/button
[2021-03-17 06:04:16]cl_getDriver.py(72): Open NewTab->https://kabuoji3.com/stock/3941/1993/
[2021-03-17 06:04:17]cl_getDriver.py(127): click_Success->//*[@id="base_box"]/div/div[3]/form/button
[2021-03-17 06:04:17]cl_getDriver.py(127): click_Success->//*[@id="base_box"]/div/div[3]/form/button
[2021-03-17 06:04:19]cl_getDriver.py(127): click_Success->//*[@id="base_box"]/div/div[3]/form/button
[2021-03-17 06:04:20]cl_getDriver.py(127): click_Success->//*[@id="base_box"]/div/div[3]/form/button
[2021-03-17 06:04:20]cl_getDriver.py(72): Open NewTab->https://kabuoji3.com/stock/3944/2005/
[2021-03-17 06:04:20]cl_getDriver.py(72): Open NewTab->https://kabuoji3.com/stock/3941/1992/
[2021-03-17 06:04:21]cl_getDriver.py(127): click_Success->//*[@id="base_box"]/div/div[3]/form/button
[2021-03-17 06:04:21]cl_getDriver.py(127): click_Success->//*[@id="base_box"]/div/div[3]/form/button
[2021-03-17 06:04:23]cl_getDriver.py(127): click_Success->//*[@id="base_box"]/div/div[3]/form/button
[2021-03-17 06:04:23]cl_getDriver.py(127): click_Success->//*[@id="base_box"]/div/div[3]/form/button
[2021-03-17 06:04:24]cl_getDriver.py(72): Open NewTab->https://kabuoji3.com/stock/3944/2004/
[2021-03-17 06:04:24]cl_getDriver.py(72): Open NewTab->https://kabuoji3.com/stock/3941/1991/
[2021-03-17 06:04:25]cl_getDriver.py(127): click_Success->//*[@id="base_box"]/div/div[3]/form/button
[2021-03-17 06:04:25]cl_getDriver.py(127): click_Success->//*[@id="base_box"]/div/div[3]/form/button
[2021-03-17 06:04:28]cl_getDriver.py(127): click_Success->//*[@id="base_box"]/div/div[3]/form/button
[2021-03-17 06:04:28]cl_getDriver.py(127): click_Success->//*[@id="base_box"]/div/div[3]/form/button
[2021-03-17 06:04:28]cl_getDriver.py(72): Open NewTab->https://kabuoji3.com/stock/3941/1990/
[2021-03-17 06:04:28]cl_getDriver.py(72): Open NewTab->https://kabuoji3.com/stock/3944/2003/
[2021-03-17 06:04:30]cl_getDriver.py(127): click_Success->//*[@id="base_box"]/div/div[3]/form/button
[2021-03-17 06:04:30]cl_getDriver.py(127): click_Success->//*[@id="base_box"]/div/div[3]/form/button
[2021-03-17 06:04:32]cl_getDriver.py(127): click_Success->//*[@id="base_box"]/div/div[3]/form/button
[2021-03-17 06:04:32]cl_getDriver.py(127): click_Success->//*[@id="base_box"]/div/div[3]/form/button
[2021-03-17 06:04:33]cl_getDriver.py(72): Open NewTab->https://kabuoji3.com/stock/3944/2002/
[2021-03-17 06:04:33]cl_getDriver.py(72): Open NewTab->https://kabuoji3.com/stock/3941/1989/
[2021-03-17 06:04:34]cl_getDriver.py(127): click_Success->//*[@id="base_box"]/div/div[3]/form/button
[2021-03-17 06:04:34]cl_getDriver.py(127): click_Success->//*[@id="base_box"]/div/div[3]/form/button
[2021-03-17 06:04:36]cl_getDriver.py(127): click_Success->//*[@id="base_box"]/div/div[3]/form/button
[2021-03-17 06:04:36]cl_getDriver.py(72): Open NewTab->https://kabuoji3.com/stock/3944/2001/
[2021-03-17 06:04:37]cl_getDriver.py(127): click_Success->//*[@id="base_box"]/div/div[3]/form/button
[2021-03-17 06:04:37]cl_getDriver.py(72): Open NewTab->https://kabuoji3.com/stock/3941/1988/
[2021-03-17 06:04:38]cl_getDriver.py(127): click_Success->//*[@id="base_box"]/div/div[3]/form/button
[2021-03-17 06:04:38]cl_getDriver.py(127): click_Success->//*[@id="base_box"]/div/div[3]/form/button
[2021-03-17 06:04:40]cl_getDriver.py(127): click_Success->//*[@id="base_box"]/div/div[3]/form/button
[2021-03-17 06:04:40]cl_getDriver.py(72): Open NewTab->https://kabuoji3.com/stock/3944/2000/
[2021-03-17 06:04:41]cl_getDriver.py(127): click_Success->//*[@id="base_box"]/div/div[3]/form/button
[2021-03-17 06:04:41]cl_getDriver.py(72): Open NewTab->https://kabuoji3.com/stock/3941/1987/
[2021-03-17 06:04:42]cl_getDriver.py(127): click_Success->//*[@id="base_box"]/div/div[3]/form/button
[2021-03-17 06:04:42]cl_getDriver.py(127): click_Success->//*[@id="base_box"]/div/div[3]/form/button
[2021-03-17 06:04:44]cl_getDriver.py(127): click_Success->//*[@id="base_box"]/div/div[3]/form/button
[2021-03-17 06:04:44]cl_getDriver.py(72): Open NewTab->https://kabuoji3.com/stock/3944/1999/
[2021-03-17 06:04:45]cl_getDriver.py(127): click_Success->//*[@id="base_box"]/div/div[3]/form/button
[2021-03-17 06:04:45]cl_getDriver.py(72): Open NewTab->https://kabuoji3.com/stock/3941/1986/
[2021-03-17 06:04:46]cl_getDriver.py(127): click_Success->//*[@id="base_box"]/div/div[3]/form/button
[2021-03-17 06:04:46]cl_getDriver.py(127): click_Success->//*[@id="base_box"]/div/div[3]/form/button
[2021-03-17 06:04:48]cl_getDriver.py(127): click_Success->//*[@id="base_box"]/div/div[3]/form/button
[2021-03-17 06:04:48]cl_getDriver.py(72): Open NewTab->https://kabuoji3.com/stock/3944/1998/
[2021-03-17 06:04:49]cl_getDriver.py(127): click_Success->//*[@id="base_box"]/div/div[3]/form/button
[2021-03-17 06:04:49]cl_getDriver.py(72): Open NewTab->https://kabuoji3.com/stock/3941/1985/
[2021-03-17 06:04:50]cl_getDriver.py(127): click_Success->//*[@id="base_box"]/div/div[3]/form/button
[2021-03-17 06:04:50]cl_getDriver.py(127): click_Success->//*[@id="base_box"]/div/div[3]/form/button
[2021-03-17 06:04:52]cl_getDriver.py(127): click_Success->//*[@id="base_box"]/div/div[3]/form/button
[2021-03-17 06:04:52]cl_getDriver.py(72): Open NewTab->https://kabuoji3.com/stock/3944/1997/
[2021-03-17 06:04:53]cl_getDriver.py(127): click_Success->//*[@id="base_box"]/div/div[3]/form/button
[2021-03-17 06:04:53]cl_getDriver.py(72): Open NewTab->https://kabuoji3.com/stock/3941/1984/
[2021-03-17 06:04:54]cl_getDriver.py(127): click_Success->//*[@id="base_box"]/div/div[3]/form/button
[2021-03-17 06:04:54]cl_getDriver.py(127): click_Success->//*[@id="base_box"]/div/div[3]/form/button
[2021-03-17 06:04:56]cl_getDriver.py(127): click_Success->//*[@id="base_box"]/div/div[3]/form/button
[2021-03-17 06:04:56]cl_getDriver.py(127): click_Success->//*[@id="base_box"]/div/div[3]/form/button
[2021-03-17 06:04:56]cl_getDriver.py(72): Open NewTab->https://kabuoji3.com/stock/3944/1996/
[2021-03-17 06:04:57]cl_getDriver.py(72): Open NewTab->https://kabuoji3.com/stock/3941/1983/
[2021-03-17 06:04:58]cl_getDriver.py(127): click_Success->//*[@id="base_box"]/div/div[3]/form/button
[2021-03-17 06:04:58]cl_getDriver.py(127): click_Success->//*[@id="base_box"]/div/div[3]/form/button
[2021-03-17 06:05:00]cl_getDriver.py(127): click_Success->//*[@id="base_box"]/div/div[3]/form/button
[2021-03-17 06:05:00]cl_getDriver.py(127): click_Success->//*[@id="base_box"]/div/div[3]/form/button
[2021-03-17 06:05:01]cl_getDriver.py(72): Open NewTab->https://kabuoji3.com/stock/3944/1995/
[2021-03-17 06:05:02]cl_getDriver.py(127): click_Success->//*[@id="base_box"]/div/div[3]/form/button
[2021-03-17 06:05:03]main.py(42): finished Process->https://kabuoji3.com/stock/3941/
[2021-03-17 06:05:03]main.py(15): start_Process->https://kabuoji3.com/stock/3945/
[2021-03-17 06:05:04]cl_getDriver.py(127): click_Success->//*[@id="base_box"]/div/div[3]/form/button
[2021-03-17 06:05:04]cl_getDriver.py(72): Open NewTab->https://kabuoji3.com/stock/3944/1994/
[2021-03-17 06:05:06]cl_getDriver.py(127): click_Success->//*[@id="base_box"]/div/div[3]/form/button
[2021-03-17 06:05:08]cl_getDriver.py(127): click_Success->//*[@id="base_box"]/div/div[3]/form/button
[2021-03-17 06:05:08]cl_getDriver.py(72): Open NewTab->https://kabuoji3.com/stock/3944/1993/
[2021-03-17 06:05:09]cl_getDriver.py(127): click_Success->//*[@id="base_box"]/div/div[3]/form/button
[2021-03-17 06:05:10]cl_getDriver.py(64): getURL=https://kabuoji3.com/stock/3945/
[2021-03-17 06:05:10]cl_getDriver.py(72): Open NewTab->https://kabuoji3.com/stock/3945/
[2021-03-17 06:05:11]cl_getDriver.py(130): Not Found->//*[@id="base_box"]/div/div[3]/form/button
[2021-03-17 06:05:12]cl_getDriver.py(127): click_Success->//*[@id="base_box"]/div/div[3]/form/button
[2021-03-17 06:05:12]cl_getDriver.py(72): Open NewTab->https://kabuoji3.com/stock/3944/1992/
[2021-03-17 06:05:13]cl_getDriver.py(127): click_Success->//*[@id="base_box"]/div/div[3]/form/button
[2021-03-17 06:05:13]cl_getDriver.py(130): Not Found->//*[@id="base_box"]/div/div[3]/form/button
[2021-03-17 06:05:13]cl_getDriver.py(72): Open NewTab->https://kabuoji3.com/stock/3945/2021/
[2021-03-17 06:05:14]cl_getDriver.py(127): click_Success->//*[@id="base_box"]/div/div[3]/form/button
[2021-03-17 06:05:15]cl_getDriver.py(127): click_Success->//*[@id="base_box"]/div/div[3]/form/button
[2021-03-17 06:05:16]cl_getDriver.py(72): Open NewTab->https://kabuoji3.com/stock/3944/1991/
[2021-03-17 06:05:17]cl_getDriver.py(127): click_Success->//*[@id="base_box"]/div/div[3]/form/button
[2021-03-17 06:05:17]cl_getDriver.py(127): click_Success->//*[@id="base_box"]/div/div[3]/form/button
[2021-03-17 06:05:17]cl_getDriver.py(72): Open NewTab->https://kabuoji3.com/stock/3945/2020/
[2021-03-17 06:05:18]cl_getDriver.py(127): click_Success->//*[@id="base_box"]/div/div[3]/form/button
[2021-03-17 06:05:19]cl_getDriver.py(127): click_Success->//*[@id="base_box"]/div/div[3]/form/button
[2021-03-17 06:05:19]cl_getDriver.py(72): Open NewTab->https://kabuoji3.com/stock/3944/1990/
[2021-03-17 06:05:20]cl_getDriver.py(127): click_Success->//*[@id="base_box"]/div/div[3]/form/button
[2021-03-17 06:05:20]cl_getDriver.py(127): click_Success->//*[@id="base_box"]/div/div[3]/form/button
[2021-03-17 06:05:21]cl_getDriver.py(72): Open NewTab->https://kabuoji3.com/stock/3945/2019/
[2021-03-17 06:05:22]cl_getDriver.py(127): click_Success->//*[@id="base_box"]/div/div[3]/form/button
[2021-03-17 06:05:23]cl_getDriver.py(127): click_Success->//*[@id="base_box"]/div/div[3]/form/button
[2021-03-17 06:05:23]cl_getDriver.py(72): Open NewTab->https://kabuoji3.com/stock/3944/1989/
[2021-03-17 06:05:24]cl_getDriver.py(127): click_Success->//*[@id="base_box"]/div/div[3]/form/button
[2021-03-17 06:05:24]cl_getDriver.py(127): click_Success->//*[@id="base_box"]/div/div[3]/form/button
[2021-03-17 06:05:24]cl_getDriver.py(72): Open NewTab->https://kabuoji3.com/stock/3945/2018/
[2021-03-17 06:05:25]cl_getDriver.py(127): click_Success->//*[@id="base_box"]/div/div[3]/form/button
[2021-03-17 06:05:26]cl_getDriver.py(127): click_Success->//*[@id="base_box"]/div/div[3]/form/button
[2021-03-17 06:05:27]cl_getDriver.py(72): Open NewTab->https://kabuoji3.com/stock/3944/1988/
[2021-03-17 06:05:27]cl_getDriver.py(127): click_Success->//*[@id="base_box"]/div/div[3]/form/button
[2021-03-17 06:05:28]cl_getDriver.py(127): click_Success->//*[@id="base_box"]/div/div[3]/form/button
[2021-03-17 06:05:28]cl_getDriver.py(72): Open NewTab->https://kabuoji3.com/stock/3945/2017/
[2021-03-17 06:05:29]cl_getDriver.py(127): click_Success->//*[@id="base_box"]/div/div[3]/form/button
[2021-03-17 06:05:30]cl_getDriver.py(127): click_Success->//*[@id="base_box"]/div/div[3]/form/button
[2021-03-17 06:05:30]cl_getDriver.py(72): Open NewTab->https://kabuoji3.com/stock/3944/1987/
[2021-03-17 06:05:31]cl_getDriver.py(127): click_Success->//*[@id="base_box"]/div/div[3]/form/button
[2021-03-17 06:05:31]cl_getDriver.py(127): click_Success->//*[@id="base_box"]/div/div[3]/form/button
[2021-03-17 06:05:32]cl_getDriver.py(72): Open NewTab->https://kabuoji3.com/stock/3945/2016/
[2021-03-17 06:05:33]cl_getDriver.py(127): click_Success->//*[@id="base_box"]/div/div[3]/form/button
[2021-03-17 06:05:33]cl_getDriver.py(127): click_Success->//*[@id="base_box"]/div/div[3]/form/button
[2021-03-17 06:05:34]cl_getDriver.py(72): Open NewTab->https://kabuoji3.com/stock/3944/1986/
[2021-03-17 06:05:35]cl_getDriver.py(127): click_Success->//*[@id="base_box"]/div/div[3]/form/button
[2021-03-17 06:05:35]cl_getDriver.py(127): click_Success->//*[@id="base_box"]/div/div[3]/form/button
[2021-03-17 06:05:35]cl_getDriver.py(72): Open NewTab->https://kabuoji3.com/stock/3945/2015/
[2021-03-17 06:05:36]cl_getDriver.py(127): click_Success->//*[@id="base_box"]/div/div[3]/form/button
[2021-03-17 06:05:37]cl_getDriver.py(127): click_Success->//*[@id="base_box"]/div/div[3]/form/button
[2021-03-17 06:05:37]cl_getDriver.py(72): Open NewTab->https://kabuoji3.com/stock/3944/1985/
[2021-03-17 06:05:38]cl_getDriver.py(127): click_Success->//*[@id="base_box"]/div/div[3]/form/button
[2021-03-17 06:05:39]cl_getDriver.py(127): click_Success->//*[@id="base_box"]/div/div[3]/form/button
[2021-03-17 06:05:39]cl_getDriver.py(72): Open NewTab->https://kabuoji3.com/stock/3945/2014/
[2021-03-17 06:05:40]cl_getDriver.py(127): click_Success->//*[@id="base_box"]/div/div[3]/form/button
[2021-03-17 06:05:40]cl_getDriver.py(127): click_Success->//*[@id="base_box"]/div/div[3]/form/button
[2021-03-17 06:05:41]cl_getDriver.py(72): Open NewTab->https://kabuoji3.com/stock/3944/1984/
[2021-03-17 06:05:42]cl_getDriver.py(127): click_Success->//*[@id="base_box"]/div/div[3]/form/button
[2021-03-17 06:05:42]cl_getDriver.py(127): click_Success->//*[@id="base_box"]/div/div[3]/form/button
[2021-03-17 06:05:42]cl_getDriver.py(72): Open NewTab->https://kabuoji3.com/stock/3945/2013/
[2021-03-17 06:05:44]cl_getDriver.py(127): click_Success->//*[@id="base_box"]/div/div[3]/form/button
[2021-03-17 06:05:44]cl_getDriver.py(127): click_Success->//*[@id="base_box"]/div/div[3]/form/button
[2021-03-17 06:05:44]cl_getDriver.py(72): Open NewTab->https://kabuoji3.com/stock/3944/1983/
[2021-03-17 06:05:45]cl_getDriver.py(127): click_Success->//*[@id="base_box"]/div/div[3]/form/button
[2021-03-17 06:05:46]cl_getDriver.py(127): click_Success->//*[@id="base_box"]/div/div[3]/form/button
[2021-03-17 06:05:46]cl_getDriver.py(72): Open NewTab->https://kabuoji3.com/stock/3945/2012/
[2021-03-17 06:05:47]cl_getDriver.py(127): click_Success->//*[@id="base_box"]/div/div[3]/form/button
[2021-03-17 06:05:47]cl_getDriver.py(127): click_Success->//*[@id="base_box"]/div/div[3]/form/button
[2021-03-17 06:05:50]cl_getDriver.py(127): click_Success->//*[@id="base_box"]/div/div[3]/form/button
[2021-03-17 06:05:50]cl_getDriver.py(72): Open NewTab->https://kabuoji3.com/stock/3945/2011/
[2021-03-17 06:05:51]cl_getDriver.py(127): click_Success->//*[@id="base_box"]/div/div[3]/form/button
[2021-03-17 06:05:52]main.py(42): finished Process->https://kabuoji3.com/stock/3944/
[2021-03-17 06:05:52]main.py(15): start_Process->https://kabuoji3.com/stock/3946/
[2021-03-17 06:05:53]cl_getDriver.py(127): click_Success->//*[@id="base_box"]/div/div[3]/form/button
[2021-03-17 06:05:54]cl_getDriver.py(72): Open NewTab->https://kabuoji3.com/stock/3945/2010/
[2021-03-17 06:05:55]cl_getDriver.py(127): click_Success->//*[@id="base_box"]/div/div[3]/form/button
[2021-03-17 06:05:57]cl_getDriver.py(127): click_Success->//*[@id="base_box"]/div/div[3]/form/button
[2021-03-17 06:05:57]cl_getDriver.py(64): getURL=https://kabuoji3.com/stock/3946/
[2021-03-17 06:05:57]cl_getDriver.py(72): Open NewTab->https://kabuoji3.com/stock/3945/2009/
[2021-03-17 06:05:58]cl_getDriver.py(72): Open NewTab->https://kabuoji3.com/stock/3946/
[2021-03-17 06:05:58]cl_getDriver.py(127): click_Success->//*[@id="base_box"]/div/div[3]/form/button
[2021-03-17 06:05:59]cl_getDriver.py(130): Not Found->//*[@id="base_box"]/div/div[3]/form/button
[2021-03-17 06:06:01]cl_getDriver.py(127): click_Success->//*[@id="base_box"]/div/div[3]/form/button
[2021-03-17 06:06:01]cl_getDriver.py(130): Not Found->//*[@id="base_box"]/div/div[3]/form/button
[2021-03-17 06:06:01]cl_getDriver.py(72): Open NewTab->https://kabuoji3.com/stock/3945/2008/
[2021-03-17 06:06:01]cl_getDriver.py(72): Open NewTab->https://kabuoji3.com/stock/3946/2021/
[2021-03-17 06:06:02]cl_getDriver.py(127): click_Success->//*[@id="base_box"]/div/div[3]/form/button
[2021-03-17 06:06:03]cl_getDriver.py(127): click_Success->//*[@id="base_box"]/div/div[3]/form/button
[2021-03-17 06:06:05]cl_getDriver.py(127): click_Success->//*[@id="base_box"]/div/div[3]/form/button
[2021-03-17 06:06:05]cl_getDriver.py(127): click_Success->//*[@id="base_box"]/div/div[3]/form/button
[2021-03-17 06:06:05]cl_getDriver.py(72): Open NewTab->https://kabuoji3.com/stock/3946/2020/
[2021-03-17 06:06:05]cl_getDriver.py(72): Open NewTab->https://kabuoji3.com/stock/3945/2007/
[2021-03-17 06:06:07]cl_getDriver.py(127): click_Success->//*[@id="base_box"]/div/div[3]/form/button
[2021-03-17 06:06:07]cl_getDriver.py(127): click_Success->//*[@id="base_box"]/div/div[3]/form/button
[2021-03-17 06:06:09]cl_getDriver.py(127): click_Success->//*[@id="base_box"]/div/div[3]/form/button
[2021-03-17 06:06:09]cl_getDriver.py(127): click_Success->//*[@id="base_box"]/div/div[3]/form/button
[2021-03-17 06:06:10]cl_getDriver.py(72): Open NewTab->https://kabuoji3.com/stock/3945/2006/
[2021-03-17 06:06:10]cl_getDriver.py(72): Open NewTab->https://kabuoji3.com/stock/3946/2019/
[2021-03-17 06:06:11]cl_getDriver.py(127): click_Success->//*[@id="base_box"]/div/div[3]/form/button
[2021-03-17 06:06:11]cl_getDriver.py(127): click_Success->//*[@id="base_box"]/div/div[3]/form/button
[2021-03-17 06:06:14]cl_getDriver.py(127): click_Success->//*[@id="base_box"]/div/div[3]/form/button
[2021-03-17 06:06:14]cl_getDriver.py(127): click_Success->//*[@id="base_box"]/div/div[3]/form/button
[2021-03-17 06:06:14]cl_getDriver.py(72): Open NewTab->https://kabuoji3.com/stock/3945/2005/
[2021-03-17 06:06:14]cl_getDriver.py(72): Open NewTab->https://kabuoji3.com/stock/3946/2018/
[2021-03-17 06:06:16]cl_getDriver.py(127): click_Success->//*[@id="base_box"]/div/div[3]/form/button
[2021-03-17 06:06:16]cl_getDriver.py(127): click_Success->//*[@id="base_box"]/div/div[3]/form/button
[2021-03-17 06:06:18]cl_getDriver.py(127): click_Success->//*[@id="base_box"]/div/div[3]/form/button
[2021-03-17 06:06:18]cl_getDriver.py(127): click_Success->//*[@id="base_box"]/div/div[3]/form/button
[2021-03-17 06:06:19]cl_getDriver.py(72): Open NewTab->https://kabuoji3.com/stock/3945/2004/
[2021-03-17 06:06:19]cl_getDriver.py(72): Open NewTab->https://kabuoji3.com/stock/3946/2017/
[2021-03-17 06:06:20]cl_getDriver.py(127): click_Success->//*[@id="base_box"]/div/div[3]/form/button
[2021-03-17 06:06:20]cl_getDriver.py(127): click_Success->//*[@id="base_box"]/div/div[3]/form/button
[2021-03-17 06:06:23]cl_getDriver.py(127): click_Success->//*[@id="base_box"]/div/div[3]/form/button
[2021-03-17 06:06:23]cl_getDriver.py(127): click_Success->//*[@id="base_box"]/div/div[3]/form/button
[2021-03-17 06:06:23]cl_getDriver.py(72): Open NewTab->https://kabuoji3.com/stock/3945/2003/
[2021-03-17 06:06:23]cl_getDriver.py(72): Open NewTab->https://kabuoji3.com/stock/3946/2016/
[2021-03-17 06:06:25]cl_getDriver.py(127): click_Success->//*[@id="base_box"]/div/div[3]/form/button
[2021-03-17 06:06:25]cl_getDriver.py(127): click_Success->//*[@id="base_box"]/div/div[3]/form/button
[2021-03-17 06:06:27]cl_getDriver.py(127): click_Success->//*[@id="base_box"]/div/div[3]/form/button
[2021-03-17 06:06:27]cl_getDriver.py(127): click_Success->//*[@id="base_box"]/div/div[3]/form/button
[2021-03-17 06:06:27]cl_getDriver.py(72): Open NewTab->https://kabuoji3.com/stock/3945/2002/
[2021-03-17 06:06:28]cl_getDriver.py(72): Open NewTab->https://kabuoji3.com/stock/3946/2015/
[2021-03-17 06:06:29]cl_getDriver.py(127): click_Success->//*[@id="base_box"]/div/div[3]/form/button
[2021-03-17 06:06:29]cl_getDriver.py(127): click_Success->//*[@id="base_box"]/div/div[3]/form/button
[2021-03-17 06:06:31]cl_getDriver.py(127): click_Success->//*[@id="base_box"]/div/div[3]/form/button
[2021-03-17 06:06:31]cl_getDriver.py(127): click_Success->//*[@id="base_box"]/div/div[3]/form/button
[2021-03-17 06:06:32]cl_getDriver.py(72): Open NewTab->https://kabuoji3.com/stock/3945/2001/
[2021-03-17 06:06:32]cl_getDriver.py(72): Open NewTab->https://kabuoji3.com/stock/3946/2014/
[2021-03-17 06:06:33]cl_getDriver.py(127): click_Success->//*[@id="base_box"]/div/div[3]/form/button
[2021-03-17 06:06:33]cl_getDriver.py(127): click_Success->//*[@id="base_box"]/div/div[3]/form/button
[2021-03-17 06:06:35]cl_getDriver.py(127): click_Success->//*[@id="base_box"]/div/div[3]/form/button
[2021-03-17 06:06:35]cl_getDriver.py(127): click_Success->//*[@id="base_box"]/div/div[3]/form/button
[2021-03-17 06:06:36]cl_getDriver.py(72): Open NewTab->https://kabuoji3.com/stock/3945/2000/
[2021-03-17 06:06:36]cl_getDriver.py(72): Open NewTab->https://kabuoji3.com/stock/3946/2013/
[2021-03-17 06:06:37]cl_getDriver.py(127): click_Success->//*[@id="base_box"]/div/div[3]/form/button
[2021-03-17 06:06:37]cl_getDriver.py(127): click_Success->//*[@id="base_box"]/div/div[3]/form/button
[2021-03-17 06:06:39]cl_getDriver.py(127): click_Success->//*[@id="base_box"]/div/div[3]/form/button
[2021-03-17 06:06:40]cl_getDriver.py(72): Open NewTab->https://kabuoji3.com/stock/3945/1999/
[2021-03-17 06:06:40]cl_getDriver.py(127): click_Success->//*[@id="base_box"]/div/div[3]/form/button
[2021-03-17 06:06:40]cl_getDriver.py(72): Open NewTab->https://kabuoji3.com/stock/3946/2012/
[2021-03-17 06:06:41]cl_getDriver.py(127): click_Success->//*[@id="base_box"]/div/div[3]/form/button
[2021-03-17 06:06:42]cl_getDriver.py(127): click_Success->//*[@id="base_box"]/div/div[3]/form/button
[2021-03-17 06:06:43]cl_getDriver.py(127): click_Success->//*[@id="base_box"]/div/div[3]/form/button
[2021-03-17 06:06:43]cl_getDriver.py(72): Open NewTab->https://kabuoji3.com/stock/3945/1998/
[2021-03-17 06:06:44]cl_getDriver.py(127): click_Success->//*[@id="base_box"]/div/div[3]/form/button
[2021-03-17 06:06:45]cl_getDriver.py(127): click_Success->//*[@id="base_box"]/div/div[3]/form/button
[2021-03-17 06:06:45]cl_getDriver.py(72): Open NewTab->https://kabuoji3.com/stock/3946/2011/
[2021-03-17 06:06:46]cl_getDriver.py(127): click_Success->//*[@id="base_box"]/div/div[3]/form/button
[2021-03-17 06:06:47]cl_getDriver.py(127): click_Success->//*[@id="base_box"]/div/div[3]/form/button
[2021-03-17 06:06:47]cl_getDriver.py(72): Open NewTab->https://kabuoji3.com/stock/3945/1997/
[2021-03-17 06:06:48]cl_getDriver.py(127): click_Success->//*[@id="base_box"]/div/div[3]/form/button
[2021-03-17 06:06:48]cl_getDriver.py(127): click_Success->//*[@id="base_box"]/div/div[3]/form/button
[2021-03-17 06:06:48]cl_getDriver.py(72): Open NewTab->https://kabuoji3.com/stock/3946/2010/
[2021-03-17 06:06:49]cl_getDriver.py(127): click_Success->//*[@id="base_box"]/div/div[3]/form/button
[2021-03-17 06:06:50]cl_getDriver.py(127): click_Success->//*[@id="base_box"]/div/div[3]/form/button
[2021-03-17 06:06:51]cl_getDriver.py(72): Open NewTab->https://kabuoji3.com/stock/3945/1996/
[2021-03-17 06:06:51]cl_getDriver.py(127): click_Success->//*[@id="base_box"]/div/div[3]/form/button
[2021-03-17 06:06:52]cl_getDriver.py(127): click_Success->//*[@id="base_box"]/div/div[3]/form/button
[2021-03-17 06:06:52]cl_getDriver.py(72): Open NewTab->https://kabuoji3.com/stock/3946/2009/
[2021-03-17 06:06:53]cl_getDriver.py(127): click_Success->//*[@id="base_box"]/div/div[3]/form/button
[2021-03-17 06:06:54]cl_getDriver.py(127): click_Success->//*[@id="base_box"]/div/div[3]/form/button
[2021-03-17 06:06:54]cl_getDriver.py(72): Open NewTab->https://kabuoji3.com/stock/3945/1995/
[2021-03-17 06:06:55]cl_getDriver.py(127): click_Success->//*[@id="base_box"]/div/div[3]/form/button
[2021-03-17 06:06:55]cl_getDriver.py(127): click_Success->//*[@id="base_box"]/div/div[3]/form/button
[2021-03-17 06:06:56]cl_getDriver.py(72): Open NewTab->https://kabuoji3.com/stock/3946/2008/
[2021-03-17 06:06:57]cl_getDriver.py(127): click_Success->//*[@id="base_box"]/div/div[3]/form/button
[2021-03-17 06:06:57]cl_getDriver.py(127): click_Success->//*[@id="base_box"]/div/div[3]/form/button
[2021-03-17 06:06:58]cl_getDriver.py(72): Open NewTab->https://kabuoji3.com/stock/3945/1994/
[2021-03-17 06:06:59]cl_getDriver.py(127): click_Success->//*[@id="base_box"]/div/div[3]/form/button
[2021-03-17 06:06:59]cl_getDriver.py(127): click_Success->//*[@id="base_box"]/div/div[3]/form/button
[2021-03-17 06:06:59]cl_getDriver.py(72): Open NewTab->https://kabuoji3.com/stock/3946/2007/
[2021-03-17 06:07:00]cl_getDriver.py(127): click_Success->//*[@id="base_box"]/div/div[3]/form/button
[2021-03-17 06:07:01]cl_getDriver.py(127): click_Success->//*[@id="base_box"]/div/div[3]/form/button
[2021-03-17 06:07:01]cl_getDriver.py(72): Open NewTab->https://kabuoji3.com/stock/3945/1993/
[2021-03-17 06:07:02]cl_getDriver.py(127): click_Success->//*[@id="base_box"]/div/div[3]/form/button
[2021-03-17 06:07:03]cl_getDriver.py(127): click_Success->//*[@id="base_box"]/div/div[3]/form/button
[2021-03-17 06:07:03]cl_getDriver.py(72): Open NewTab->https://kabuoji3.com/stock/3946/2006/
[2021-03-17 06:07:04]cl_getDriver.py(127): click_Success->//*[@id="base_box"]/div/div[3]/form/button
[2021-03-17 06:07:04]cl_getDriver.py(127): click_Success->//*[@id="base_box"]/div/div[3]/form/button
[2021-03-17 06:07:05]cl_getDriver.py(72): Open NewTab->https://kabuoji3.com/stock/3945/1992/
[2021-03-17 06:07:06]cl_getDriver.py(127): click_Success->//*[@id="base_box"]/div/div[3]/form/button
[2021-03-17 06:07:06]cl_getDriver.py(127): click_Success->//*[@id="base_box"]/div/div[3]/form/button
[2021-03-17 06:07:07]cl_getDriver.py(72): Open NewTab->https://kabuoji3.com/stock/3946/2005/
[2021-03-17 06:07:08]cl_getDriver.py(127): click_Success->//*[@id="base_box"]/div/div[3]/form/button
[2021-03-17 06:07:08]cl_getDriver.py(127): click_Success->//*[@id="base_box"]/div/div[3]/form/button
[2021-03-17 06:07:08]cl_getDriver.py(72): Open NewTab->https://kabuoji3.com/stock/3945/1991/
[2021-03-17 06:07:10]cl_getDriver.py(127): click_Success->//*[@id="base_box"]/div/div[3]/form/button
[2021-03-17 06:07:10]cl_getDriver.py(127): click_Success->//*[@id="base_box"]/div/div[3]/form/button
[2021-03-17 06:07:10]cl_getDriver.py(72): Open NewTab->https://kabuoji3.com/stock/3946/2004/
[2021-03-17 06:07:11]cl_getDriver.py(127): click_Success->//*[@id="base_box"]/div/div[3]/form/button
[2021-03-17 06:07:12]cl_getDriver.py(127): click_Success->//*[@id="base_box"]/div/div[3]/form/button
[2021-03-17 06:07:12]cl_getDriver.py(72): Open NewTab->https://kabuoji3.com/stock/3945/1990/
[2021-03-17 06:07:13]cl_getDriver.py(127): click_Success->//*[@id="base_box"]/div/div[3]/form/button
[2021-03-17 06:07:14]cl_getDriver.py(127): click_Success->//*[@id="base_box"]/div/div[3]/form/button
[2021-03-17 06:07:14]cl_getDriver.py(72): Open NewTab->https://kabuoji3.com/stock/3946/2003/
[2021-03-17 06:07:15]cl_getDriver.py(127): click_Success->//*[@id="base_box"]/div/div[3]/form/button
[2021-03-17 06:07:15]cl_getDriver.py(127): click_Success->//*[@id="base_box"]/div/div[3]/form/button
[2021-03-17 06:07:16]cl_getDriver.py(72): Open NewTab->https://kabuoji3.com/stock/3945/1989/
[2021-03-17 06:07:17]cl_getDriver.py(127): click_Success->//*[@id="base_box"]/div/div[3]/form/button
[2021-03-17 06:07:17]cl_getDriver.py(127): click_Success->//*[@id="base_box"]/div/div[3]/form/button
[2021-03-17 06:07:18]cl_getDriver.py(72): Open NewTab->https://kabuoji3.com/stock/3946/2002/
[2021-03-17 06:07:19]cl_getDriver.py(127): click_Success->//*[@id="base_box"]/div/div[3]/form/button
[2021-03-17 06:07:19]cl_getDriver.py(127): click_Success->//*[@id="base_box"]/div/div[3]/form/button
[2021-03-17 06:07:19]cl_getDriver.py(72): Open NewTab->https://kabuoji3.com/stock/3945/1988/
[2021-03-17 06:07:20]cl_getDriver.py(127): click_Success->//*[@id="base_box"]/div/div[3]/form/button
[2021-03-17 06:07:21]cl_getDriver.py(127): click_Success->//*[@id="base_box"]/div/div[3]/form/button
[2021-03-17 06:07:21]cl_getDriver.py(72): Open NewTab->https://kabuoji3.com/stock/3946/2001/
[2021-03-17 06:07:22]cl_getDriver.py(127): click_Success->//*[@id="base_box"]/div/div[3]/form/button
[2021-03-17 06:07:22]cl_getDriver.py(127): click_Success->//*[@id="base_box"]/div/div[3]/form/button
[2021-03-17 06:07:23]cl_getDriver.py(72): Open NewTab->https://kabuoji3.com/stock/3945/1987/
[2021-03-17 06:07:24]cl_getDriver.py(127): click_Success->//*[@id="base_box"]/div/div[3]/form/button
[2021-03-17 06:07:24]cl_getDriver.py(127): click_Success->//*[@id="base_box"]/div/div[3]/form/button
[2021-03-17 06:07:25]cl_getDriver.py(72): Open NewTab->https://kabuoji3.com/stock/3946/2000/
[2021-03-17 06:07:26]cl_getDriver.py(127): click_Success->//*[@id="base_box"]/div/div[3]/form/button
[2021-03-17 06:07:26]cl_getDriver.py(127): click_Success->//*[@id="base_box"]/div/div[3]/form/button
[2021-03-17 06:07:26]cl_getDriver.py(72): Open NewTab->https://kabuoji3.com/stock/3945/1986/
[2021-03-17 06:07:27]cl_getDriver.py(127): click_Success->//*[@id="base_box"]/div/div[3]/form/button
[2021-03-17 06:07:28]cl_getDriver.py(127): click_Success->//*[@id="base_box"]/div/div[3]/form/button
[2021-03-17 06:07:28]cl_getDriver.py(72): Open NewTab->https://kabuoji3.com/stock/3946/1999/
[2021-03-17 06:07:29]cl_getDriver.py(127): click_Success->//*[@id="base_box"]/div/div[3]/form/button
[2021-03-17 06:07:30]cl_getDriver.py(127): click_Success->//*[@id="base_box"]/div/div[3]/form/button
[2021-03-17 06:07:30]cl_getDriver.py(72): Open NewTab->https://kabuoji3.com/stock/3945/1985/
[2021-03-17 06:07:31]cl_getDriver.py(127): click_Success->//*[@id="base_box"]/div/div[3]/form/button
[2021-03-17 06:07:31]cl_getDriver.py(127): click_Success->//*[@id="base_box"]/div/div[3]/form/button
[2021-03-17 06:07:32]cl_getDriver.py(72): Open NewTab->https://kabuoji3.com/stock/3946/1998/
[2021-03-17 06:07:33]cl_getDriver.py(127): click_Success->//*[@id="base_box"]/div/div[3]/form/button
[2021-03-17 06:07:33]cl_getDriver.py(127): click_Success->//*[@id="base_box"]/div/div[3]/form/button
[2021-03-17 06:07:34]cl_getDriver.py(72): Open NewTab->https://kabuoji3.com/stock/3945/1984/
[2021-03-17 06:07:35]cl_getDriver.py(127): click_Success->//*[@id="base_box"]/div/div[3]/form/button
[2021-03-17 06:07:35]cl_getDriver.py(127): click_Success->//*[@id="base_box"]/div/div[3]/form/button
[2021-03-17 06:07:35]cl_getDriver.py(72): Open NewTab->https://kabuoji3.com/stock/3946/1997/
[2021-03-17 06:07:36]cl_getDriver.py(127): click_Success->//*[@id="base_box"]/div/div[3]/form/button
[2021-03-17 06:07:37]cl_getDriver.py(127): click_Success->//*[@id="base_box"]/div/div[3]/form/button
[2021-03-17 06:07:37]cl_getDriver.py(72): Open NewTab->https://kabuoji3.com/stock/3945/1983/
[2021-03-17 06:07:38]cl_getDriver.py(127): click_Success->//*[@id="base_box"]/div/div[3]/form/button
[2021-03-17 06:07:39]cl_getDriver.py(127): click_Success->//*[@id="base_box"]/div/div[3]/form/button
[2021-03-17 06:07:39]cl_getDriver.py(72): Open NewTab->https://kabuoji3.com/stock/3946/1996/
[2021-03-17 06:07:40]cl_getDriver.py(127): click_Success->//*[@id="base_box"]/div/div[3]/form/button
[2021-03-17 06:07:41]cl_getDriver.py(127): click_Success->//*[@id="base_box"]/div/div[3]/form/button
[2021-03-17 06:07:42]cl_getDriver.py(127): click_Success->//*[@id="base_box"]/div/div[3]/form/button
[2021-03-17 06:07:42]cl_getDriver.py(72): Open NewTab->https://kabuoji3.com/stock/3946/1995/
[2021-03-17 06:07:43]cl_getDriver.py(127): click_Success->//*[@id="base_box"]/div/div[3]/form/button
[2021-03-17 06:07:45]main.py(42): finished Process->https://kabuoji3.com/stock/3945/
[2021-03-17 06:07:45]main.py(15): start_Process->https://kabuoji3.com/stock/3947/
[2021-03-17 06:07:46]cl_getDriver.py(127): click_Success->//*[@id="base_box"]/div/div[3]/form/button
[2021-03-17 06:07:46]cl_getDriver.py(72): Open NewTab->https://kabuoji3.com/stock/3946/1994/
[2021-03-17 06:07:47]cl_getDriver.py(127): click_Success->//*[@id="base_box"]/div/div[3]/form/button
[2021-03-17 06:07:49]cl_getDriver.py(127): click_Success->//*[@id="base_box"]/div/div[3]/form/button
[2021-03-17 06:07:50]cl_getDriver.py(72): Open NewTab->https://kabuoji3.com/stock/3946/1993/
[2021-03-17 06:07:51]cl_getDriver.py(64): getURL=https://kabuoji3.com/stock/3947/
[2021-03-17 06:07:51]cl_getDriver.py(127): click_Success->//*[@id="base_box"]/div/div[3]/form/button
[2021-03-17 06:07:52]cl_getDriver.py(72): Open NewTab->https://kabuoji3.com/stock/3947/
[2021-03-17 06:07:52]cl_getDriver.py(130): Not Found->//*[@id="base_box"]/div/div[3]/form/button
[2021-03-17 06:07:53]cl_getDriver.py(127): click_Success->//*[@id="base_box"]/div/div[3]/form/button
[2021-03-17 06:07:54]cl_getDriver.py(72): Open NewTab->https://kabuoji3.com/stock/3946/1992/
[2021-03-17 06:07:54]cl_getDriver.py(130): Not Found->//*[@id="base_box"]/div/div[3]/form/button
[2021-03-17 06:07:55]cl_getDriver.py(72): Open NewTab->https://kabuoji3.com/stock/3947/2021/
[2021-03-17 06:07:55]cl_getDriver.py(127): click_Success->//*[@id="base_box"]/div/div[3]/form/button
[2021-03-17 06:07:56]cl_getDriver.py(127): click_Success->//*[@id="base_box"]/div/div[3]/form/button
[2021-03-17 06:07:57]cl_getDriver.py(127): click_Success->//*[@id="base_box"]/div/div[3]/form/button
[2021-03-17 06:07:58]cl_getDriver.py(72): Open NewTab->https://kabuoji3.com/stock/3946/1991/
[2021-03-17 06:07:58]cl_getDriver.py(127): click_Success->//*[@id="base_box"]/div/div[3]/form/button
[2021-03-17 06:07:58]cl_getDriver.py(72): Open NewTab->https://kabuoji3.com/stock/3947/2020/
[2021-03-17 06:07:59]cl_getDriver.py(127): click_Success->//*[@id="base_box"]/div/div[3]/form/button
[2021-03-17 06:08:00]cl_getDriver.py(127): click_Success->//*[@id="base_box"]/div/div[3]/form/button
[2021-03-17 06:08:02]cl_getDriver.py(127): click_Success->//*[@id="base_box"]/div/div[3]/form/button
[2021-03-17 06:08:02]cl_getDriver.py(72): Open NewTab->https://kabuoji3.com/stock/3946/1990/
[2021-03-17 06:08:02]cl_getDriver.py(127): click_Success->//*[@id="base_box"]/div/div[3]/form/button
[2021-03-17 06:08:03]cl_getDriver.py(72): Open NewTab->https://kabuoji3.com/stock/3947/2019/
[2021-03-17 06:08:03]cl_getDriver.py(127): click_Success->//*[@id="base_box"]/div/div[3]/form/button
[2021-03-17 06:08:04]cl_getDriver.py(127): click_Success->//*[@id="base_box"]/div/div[3]/form/button
[2021-03-17 06:08:06]cl_getDriver.py(127): click_Success->//*[@id="base_box"]/div/div[3]/form/button
[2021-03-17 06:08:06]cl_getDriver.py(72): Open NewTab->https://kabuoji3.com/stock/3946/1989/
[2021-03-17 06:08:06]cl_getDriver.py(127): click_Success->//*[@id="base_box"]/div/div[3]/form/button
[2021-03-17 06:08:07]cl_getDriver.py(72): Open NewTab->https://kabuoji3.com/stock/3947/2018/
[2021-03-17 06:08:07]cl_getDriver.py(127): click_Success->//*[@id="base_box"]/div/div[3]/form/button
[2021-03-17 06:08:08]cl_getDriver.py(127): click_Success->//*[@id="base_box"]/div/div[3]/form/button
[2021-03-17 06:08:10]cl_getDriver.py(127): click_Success->//*[@id="base_box"]/div/div[3]/form/button
[2021-03-17 06:08:10]cl_getDriver.py(72): Open NewTab->https://kabuoji3.com/stock/3946/1988/
[2021-03-17 06:08:10]cl_getDriver.py(127): click_Success->//*[@id="base_box"]/div/div[3]/form/button
[2021-03-17 06:08:11]cl_getDriver.py(72): Open NewTab->https://kabuoji3.com/stock/3947/2017/
[2021-03-17 06:08:12]cl_getDriver.py(127): click_Success->//*[@id="base_box"]/div/div[3]/form/button
[2021-03-17 06:08:12]cl_getDriver.py(127): click_Success->//*[@id="base_box"]/div/div[3]/form/button
[2021-03-17 06:08:14]cl_getDriver.py(127): click_Success->//*[@id="base_box"]/div/div[3]/form/button
[2021-03-17 06:08:14]cl_getDriver.py(127): click_Success->//*[@id="base_box"]/div/div[3]/form/button
[2021-03-17 06:08:14]cl_getDriver.py(72): Open NewTab->https://kabuoji3.com/stock/3946/1987/
[2021-03-17 06:08:15]cl_getDriver.py(72): Open NewTab->https://kabuoji3.com/stock/3947/2016/
[2021-03-17 06:08:16]cl_getDriver.py(127): click_Success->//*[@id="base_box"]/div/div[3]/form/button
[2021-03-17 06:08:16]cl_getDriver.py(127): click_Success->//*[@id="base_box"]/div/div[3]/form/button
[2021-03-17 06:08:18]cl_getDriver.py(127): click_Success->//*[@id="base_box"]/div/div[3]/form/button
[2021-03-17 06:08:18]cl_getDriver.py(127): click_Success->//*[@id="base_box"]/div/div[3]/form/button
[2021-03-17 06:08:18]cl_getDriver.py(72): Open NewTab->https://kabuoji3.com/stock/3946/1986/
[2021-03-17 06:08:19]cl_getDriver.py(72): Open NewTab->https://kabuoji3.com/stock/3947/2015/
[2021-03-17 06:08:20]cl_getDriver.py(127): click_Success->//*[@id="base_box"]/div/div[3]/form/button
[2021-03-17 06:08:20]cl_getDriver.py(127): click_Success->//*[@id="base_box"]/div/div[3]/form/button
[2021-03-17 06:08:22]cl_getDriver.py(127): click_Success->//*[@id="base_box"]/div/div[3]/form/button
[2021-03-17 06:08:22]cl_getDriver.py(127): click_Success->//*[@id="base_box"]/div/div[3]/form/button
[2021-03-17 06:08:23]cl_getDriver.py(72): Open NewTab->https://kabuoji3.com/stock/3947/2014/
[2021-03-17 06:08:23]cl_getDriver.py(72): Open NewTab->https://kabuoji3.com/stock/3946/1985/
[2021-03-17 06:08:24]cl_getDriver.py(127): click_Success->//*[@id="base_box"]/div/div[3]/form/button
[2021-03-17 06:08:24]cl_getDriver.py(127): click_Success->//*[@id="base_box"]/div/div[3]/form/button
[2021-03-17 06:08:27]cl_getDriver.py(127): click_Success->//*[@id="base_box"]/div/div[3]/form/button
[2021-03-17 06:08:27]cl_getDriver.py(127): click_Success->//*[@id="base_box"]/div/div[3]/form/button
[2021-03-17 06:08:27]cl_getDriver.py(72): Open NewTab->https://kabuoji3.com/stock/3947/2013/
[2021-03-17 06:08:27]cl_getDriver.py(72): Open NewTab->https://kabuoji3.com/stock/3946/1984/
[2021-03-17 06:08:28]cl_getDriver.py(127): click_Success->//*[@id="base_box"]/div/div[3]/form/button
[2021-03-17 06:08:29]cl_getDriver.py(127): click_Success->//*[@id="base_box"]/div/div[3]/form/button
[2021-03-17 06:08:31]cl_getDriver.py(127): click_Success->//*[@id="base_box"]/div/div[3]/form/button
[2021-03-17 06:08:31]cl_getDriver.py(72): Open NewTab->https://kabuoji3.com/stock/3947/2012/
[2021-03-17 06:08:31]cl_getDriver.py(127): click_Success->//*[@id="base_box"]/div/div[3]/form/button
[2021-03-17 06:08:32]cl_getDriver.py(72): Open NewTab->https://kabuoji3.com/stock/3946/1983/
[2021-03-17 06:08:33]cl_getDriver.py(127): click_Success->//*[@id="base_box"]/div/div[3]/form/button
[2021-03-17 06:08:33]cl_getDriver.py(127): click_Success->//*[@id="base_box"]/div/div[3]/form/button
[2021-03-17 06:08:35]cl_getDriver.py(127): click_Success->//*[@id="base_box"]/div/div[3]/form/button
[2021-03-17 06:08:35]cl_getDriver.py(72): Open NewTab->https://kabuoji3.com/stock/3947/2011/
[2021-03-17 06:08:35]cl_getDriver.py(127): click_Success->//*[@id="base_box"]/div/div[3]/form/button
[2021-03-17 06:08:36]cl_getDriver.py(127): click_Success->//*[@id="base_box"]/div/div[3]/form/button
[2021-03-17 06:08:39]cl_getDriver.py(127): click_Success->//*[@id="base_box"]/div/div[3]/form/button
[2021-03-17 06:08:39]cl_getDriver.py(72): Open NewTab->https://kabuoji3.com/stock/3947/2010/
[2021-03-17 06:08:40]main.py(42): finished Process->https://kabuoji3.com/stock/3946/
[2021-03-17 06:08:40]main.py(15): start_Process->https://kabuoji3.com/stock/3948/
[2021-03-17 06:08:40]cl_getDriver.py(127): click_Success->//*[@id="base_box"]/div/div[3]/form/button
[2021-03-17 06:08:42]cl_getDriver.py(127): click_Success->//*[@id="base_box"]/div/div[3]/form/button
[2021-03-17 06:08:43]cl_getDriver.py(72): Open NewTab->https://kabuoji3.com/stock/3947/2009/
[2021-03-17 06:08:44]cl_getDriver.py(127): click_Success->//*[@id="base_box"]/div/div[3]/form/button
[2021-03-17 06:08:46]cl_getDriver.py(127): click_Success->//*[@id="base_box"]/div/div[3]/form/button
[2021-03-17 06:08:46]cl_getDriver.py(72): Open NewTab->https://kabuoji3.com/stock/3947/2008/
[2021-03-17 06:08:47]cl_getDriver.py(64): getURL=https://kabuoji3.com/stock/3948/
[2021-03-17 06:08:47]cl_getDriver.py(72): Open NewTab->https://kabuoji3.com/stock/3948/
[2021-03-17 06:08:48]cl_getDriver.py(127): click_Success->//*[@id="base_box"]/div/div[3]/form/button
[2021-03-17 06:08:48]cl_getDriver.py(130): Not Found->//*[@id="base_box"]/div/div[3]/form/button
[2021-03-17 06:08:50]cl_getDriver.py(127): click_Success->//*[@id="base_box"]/div/div[3]/form/button
[2021-03-17 06:08:50]cl_getDriver.py(72): Open NewTab->https://kabuoji3.com/stock/3947/2007/
[2021-03-17 06:08:50]cl_getDriver.py(130): Not Found->//*[@id="base_box"]/div/div[3]/form/button
[2021-03-17 06:08:51]cl_getDriver.py(72): Open NewTab->https://kabuoji3.com/stock/3948/2021/
[2021-03-17 06:08:51]cl_getDriver.py(127): click_Success->//*[@id="base_box"]/div/div[3]/form/button
[2021-03-17 06:08:52]cl_getDriver.py(127): click_Success->//*[@id="base_box"]/div/div[3]/form/button
[2021-03-17 06:08:54]cl_getDriver.py(127): click_Success->//*[@id="base_box"]/div/div[3]/form/button
[2021-03-17 06:08:54]cl_getDriver.py(127): click_Success->//*[@id="base_box"]/div/div[3]/form/button
[2021-03-17 06:08:54]cl_getDriver.py(72): Open NewTab->https://kabuoji3.com/stock/3947/2006/
[2021-03-17 06:08:54]cl_getDriver.py(72): Open NewTab->https://kabuoji3.com/stock/3948/2020/
[2021-03-17 06:08:56]cl_getDriver.py(127): click_Success->//*[@id="base_box"]/div/div[3]/form/button
[2021-03-17 06:08:56]cl_getDriver.py(127): click_Success->//*[@id="base_box"]/div/div[3]/form/button
[2021-03-17 06:08:58]cl_getDriver.py(127): click_Success->//*[@id="base_box"]/div/div[3]/form/button
[2021-03-17 06:08:58]cl_getDriver.py(127): click_Success->//*[@id="base_box"]/div/div[3]/form/button
[2021-03-17 06:08:59]cl_getDriver.py(72): Open NewTab->https://kabuoji3.com/stock/3947/2005/
[2021-03-17 06:08:59]cl_getDriver.py(72): Open NewTab->https://kabuoji3.com/stock/3948/2019/
[2021-03-17 06:09:00]cl_getDriver.py(127): click_Success->//*[@id="base_box"]/div/div[3]/form/button
[2021-03-17 06:09:01]cl_getDriver.py(127): click_Success->//*[@id="base_box"]/div/div[3]/form/button
[2021-03-17 06:09:03]cl_getDriver.py(127): click_Success->//*[@id="base_box"]/div/div[3]/form/button
[2021-03-17 06:09:03]cl_getDriver.py(127): click_Success->//*[@id="base_box"]/div/div[3]/form/button
[2021-03-17 06:09:03]cl_getDriver.py(72): Open NewTab->https://kabuoji3.com/stock/3948/2018/
[2021-03-17 06:09:04]cl_getDriver.py(72): Open NewTab->https://kabuoji3.com/stock/3947/2004/
[2021-03-17 06:09:05]cl_getDriver.py(127): click_Success->//*[@id="base_box"]/div/div[3]/form/button
[2021-03-17 06:09:05]cl_getDriver.py(127): click_Success->//*[@id="base_box"]/div/div[3]/form/button
[2021-03-17 06:09:07]cl_getDriver.py(127): click_Success->//*[@id="base_box"]/div/div[3]/form/button
[2021-03-17 06:09:07]cl_getDriver.py(127): click_Success->//*[@id="base_box"]/div/div[3]/form/button
[2021-03-17 06:09:08]cl_getDriver.py(72): Open NewTab->https://kabuoji3.com/stock/3947/2003/
[2021-03-17 06:09:08]cl_getDriver.py(72): Open NewTab->https://kabuoji3.com/stock/3948/2017/
[2021-03-17 06:09:09]cl_getDriver.py(127): click_Success->//*[@id="base_box"]/div/div[3]/form/button
[2021-03-17 06:09:09]cl_getDriver.py(127): click_Success->//*[@id="base_box"]/div/div[3]/form/button
[2021-03-17 06:09:11]cl_getDriver.py(127): click_Success->//*[@id="base_box"]/div/div[3]/form/button
[2021-03-17 06:09:11]cl_getDriver.py(127): click_Success->//*[@id="base_box"]/div/div[3]/form/button
[2021-03-17 06:09:12]cl_getDriver.py(72): Open NewTab->https://kabuoji3.com/stock/3947/2002/
[2021-03-17 06:09:12]cl_getDriver.py(72): Open NewTab->https://kabuoji3.com/stock/3948/2016/
[2021-03-17 06:09:13]cl_getDriver.py(127): click_Success->//*[@id="base_box"]/div/div[3]/form/button
[2021-03-17 06:09:13]cl_getDriver.py(127): click_Success->//*[@id="base_box"]/div/div[3]/form/button
[2021-03-17 06:09:16]cl_getDriver.py(127): click_Success->//*[@id="base_box"]/div/div[3]/form/button
[2021-03-17 06:09:16]cl_getDriver.py(127): click_Success->//*[@id="base_box"]/div/div[3]/form/button
[2021-03-17 06:09:16]cl_getDriver.py(72): Open NewTab->https://kabuoji3.com/stock/3948/2015/
[2021-03-17 06:09:16]cl_getDriver.py(72): Open NewTab->https://kabuoji3.com/stock/3947/2001/
[2021-03-17 06:09:18]cl_getDriver.py(127): click_Success->//*[@id="base_box"]/div/div[3]/form/button
[2021-03-17 06:09:18]cl_getDriver.py(127): click_Success->//*[@id="base_box"]/div/div[3]/form/button
[2021-03-17 06:09:20]cl_getDriver.py(127): click_Success->//*[@id="base_box"]/div/div[3]/form/button
[2021-03-17 06:09:20]cl_getDriver.py(127): click_Success->//*[@id="base_box"]/div/div[3]/form/button
[2021-03-17 06:09:21]cl_getDriver.py(72): Open NewTab->https://kabuoji3.com/stock/3947/2000/
[2021-03-17 06:09:21]cl_getDriver.py(72): Open NewTab->https://kabuoji3.com/stock/3948/2014/
[2021-03-17 06:09:22]cl_getDriver.py(127): click_Success->//*[@id="base_box"]/div/div[3]/form/button
[2021-03-17 06:09:22]cl_getDriver.py(127): click_Success->//*[@id="base_box"]/div/div[3]/form/button
[2021-03-17 06:09:24]cl_getDriver.py(127): click_Success->//*[@id="base_box"]/div/div[3]/form/button
[2021-03-17 06:09:24]cl_getDriver.py(127): click_Success->//*[@id="base_box"]/div/div[3]/form/button
[2021-03-17 06:09:25]cl_getDriver.py(72): Open NewTab->https://kabuoji3.com/stock/3947/1999/
[2021-03-17 06:09:25]cl_getDriver.py(72): Open NewTab->https://kabuoji3.com/stock/3948/2013/
[2021-03-17 06:09:26]cl_getDriver.py(127): click_Success->//*[@id="base_box"]/div/div[3]/form/button
[2021-03-17 06:09:26]cl_getDriver.py(127): click_Success->//*[@id="base_box"]/div/div[3]/form/button
[2021-03-17 06:09:29]cl_getDriver.py(127): click_Success->//*[@id="base_box"]/div/div[3]/form/button
[2021-03-17 06:09:29]cl_getDriver.py(127): click_Success->//*[@id="base_box"]/div/div[3]/form/button
[2021-03-17 06:09:29]cl_getDriver.py(72): Open NewTab->https://kabuoji3.com/stock/3947/1998/
[2021-03-17 06:09:29]cl_getDriver.py(72): Open NewTab->https://kabuoji3.com/stock/3948/2012/
[2021-03-17 06:09:30]cl_getDriver.py(127): click_Success->//*[@id="base_box"]/div/div[3]/form/button
[2021-03-17 06:09:31]cl_getDriver.py(127): click_Success->//*[@id="base_box"]/div/div[3]/form/button
[2021-03-17 06:09:33]cl_getDriver.py(127): click_Success->//*[@id="base_box"]/div/div[3]/form/button
[2021-03-17 06:09:33]cl_getDriver.py(127): click_Success->//*[@id="base_box"]/div/div[3]/form/button
[2021-03-17 06:09:33]cl_getDriver.py(72): Open NewTab->https://kabuoji3.com/stock/3948/2011/
[2021-03-17 06:09:34]cl_getDriver.py(72): Open NewTab->https://kabuoji3.com/stock/3947/1997/
[2021-03-17 06:09:35]cl_getDriver.py(127): click_Success->//*[@id="base_box"]/div/div[3]/form/button
[2021-03-17 06:09:35]cl_getDriver.py(127): click_Success->//*[@id="base_box"]/div/div[3]/form/button
[2021-03-17 06:09:37]cl_getDriver.py(127): click_Success->//*[@id="base_box"]/div/div[3]/form/button
[2021-03-17 06:09:37]cl_getDriver.py(127): click_Success->//*[@id="base_box"]/div/div[3]/form/button
[2021-03-17 06:09:38]cl_getDriver.py(72): Open NewTab->https://kabuoji3.com/stock/3948/2010/
[2021-03-17 06:09:38]cl_getDriver.py(72): Open NewTab->https://kabuoji3.com/stock/3947/1996/
[2021-03-17 06:09:39]cl_getDriver.py(127): click_Success->//*[@id="base_box"]/div/div[3]/form/button
[2021-03-17 06:09:39]cl_getDriver.py(127): click_Success->//*[@id="base_box"]/div/div[3]/form/button
[2021-03-17 06:09:41]cl_getDriver.py(127): click_Success->//*[@id="base_box"]/div/div[3]/form/button
[2021-03-17 06:09:41]cl_getDriver.py(127): click_Success->//*[@id="base_box"]/div/div[3]/form/button
[2021-03-17 06:09:42]cl_getDriver.py(72): Open NewTab->https://kabuoji3.com/stock/3947/1995/
[2021-03-17 06:09:42]cl_getDriver.py(72): Open NewTab->https://kabuoji3.com/stock/3948/2009/
[2021-03-17 06:09:43]cl_getDriver.py(127): click_Success->//*[@id="base_box"]/div/div[3]/form/button
[2021-03-17 06:09:43]cl_getDriver.py(127): click_Success->//*[@id="base_box"]/div/div[3]/form/button
[2021-03-17 06:09:46]cl_getDriver.py(127): click_Success->//*[@id="base_box"]/div/div[3]/form/button
[2021-03-17 06:09:46]cl_getDriver.py(127): click_Success->//*[@id="base_box"]/div/div[3]/form/button
[2021-03-17 06:09:46]cl_getDriver.py(72): Open NewTab->https://kabuoji3.com/stock/3948/2008/
[2021-03-17 06:09:46]cl_getDriver.py(72): Open NewTab->https://kabuoji3.com/stock/3947/1994/
[2021-03-17 06:09:48]cl_getDriver.py(127): click_Success->//*[@id="base_box"]/div/div[3]/form/button
[2021-03-17 06:09:48]cl_getDriver.py(127): click_Success->//*[@id="base_box"]/div/div[3]/form/button
[2021-03-17 06:09:50]cl_getDriver.py(127): click_Success->//*[@id="base_box"]/div/div[3]/form/button
[2021-03-17 06:09:50]cl_getDriver.py(127): click_Success->//*[@id="base_box"]/div/div[3]/form/button
[2021-03-17 06:09:51]cl_getDriver.py(72): Open NewTab->https://kabuoji3.com/stock/3948/2007/
[2021-03-17 06:09:51]cl_getDriver.py(72): Open NewTab->https://kabuoji3.com/stock/3947/1993/
[2021-03-17 06:09:52]cl_getDriver.py(127): click_Success->//*[@id="base_box"]/div/div[3]/form/button
[2021-03-17 06:09:52]cl_getDriver.py(127): click_Success->//*[@id="base_box"]/div/div[3]/form/button
[2021-03-17 06:09:54]cl_getDriver.py(127): click_Success->//*[@id="base_box"]/div/div[3]/form/button
[2021-03-17 06:09:54]cl_getDriver.py(127): click_Success->//*[@id="base_box"]/div/div[3]/form/button
[2021-03-17 06:09:55]cl_getDriver.py(72): Open NewTab->https://kabuoji3.com/stock/3948/2006/
[2021-03-17 06:09:56]cl_getDriver.py(127): click_Success->//*[@id="base_box"]/div/div[3]/form/button
[2021-03-17 06:09:58]cl_getDriver.py(127): click_Success->//*[@id="base_box"]/div/div[3]/form/button
[2021-03-17 06:09:58]cl_getDriver.py(72): Open NewTab->https://kabuoji3.com/stock/3948/2005/
[2021-03-17 06:09:59]main.py(42): finished Process->https://kabuoji3.com/stock/3947/
[2021-03-17 06:09:59]main.py(15): start_Process->https://kabuoji3.com/stock/3950/
[2021-03-17 06:09:59]cl_getDriver.py(127): click_Success->//*[@id="base_box"]/div/div[3]/form/button
[2021-03-17 06:10:01]cl_getDriver.py(127): click_Success->//*[@id="base_box"]/div/div[3]/form/button
[2021-03-17 06:10:02]cl_getDriver.py(72): Open NewTab->https://kabuoji3.com/stock/3948/2004/
[2021-03-17 06:10:03]cl_getDriver.py(127): click_Success->//*[@id="base_box"]/div/div[3]/form/button
[2021-03-17 06:10:05]cl_getDriver.py(64): getURL=https://kabuoji3.com/stock/3950/
[2021-03-17 06:10:05]cl_getDriver.py(72): Open NewTab->https://kabuoji3.com/stock/3950/
[2021-03-17 06:10:05]cl_getDriver.py(127): click_Success->//*[@id="base_box"]/div/div[3]/form/button
[2021-03-17 06:10:06]cl_getDriver.py(72): Open NewTab->https://kabuoji3.com/stock/3948/2003/
[2021-03-17 06:10:06]cl_getDriver.py(130): Not Found->//*[@id="base_box"]/div/div[3]/form/button
[2021-03-17 06:10:07]cl_getDriver.py(127): click_Success->//*[@id="base_box"]/div/div[3]/form/button
[2021-03-17 06:10:08]cl_getDriver.py(130): Not Found->//*[@id="base_box"]/div/div[3]/form/button
[2021-03-17 06:10:08]cl_getDriver.py(72): Open NewTab->https://kabuoji3.com/stock/3950/2021/
[2021-03-17 06:10:09]cl_getDriver.py(127): click_Success->//*[@id="base_box"]/div/div[3]/form/button
[2021-03-17 06:10:10]cl_getDriver.py(127): click_Success->//*[@id="base_box"]/div/div[3]/form/button
[2021-03-17 06:10:10]cl_getDriver.py(72): Open NewTab->https://kabuoji3.com/stock/3948/2002/
[2021-03-17 06:10:10]cl_getDriver.py(127): click_Success->//*[@id="base_box"]/div/div[3]/form/button
[2021-03-17 06:10:12]cl_getDriver.py(127): click_Success->//*[@id="base_box"]/div/div[3]/form/button
[2021-03-17 06:10:12]cl_getDriver.py(72): Open NewTab->https://kabuoji3.com/stock/3950/2020/
[2021-03-17 06:10:13]cl_getDriver.py(127): click_Success->//*[@id="base_box"]/div/div[3]/form/button
[2021-03-17 06:10:13]cl_getDriver.py(72): Open NewTab->https://kabuoji3.com/stock/3948/2001/
[2021-03-17 06:10:14]cl_getDriver.py(127): click_Success->//*[@id="base_box"]/div/div[3]/form/button
[2021-03-17 06:10:14]cl_getDriver.py(127): click_Success->//*[@id="base_box"]/div/div[3]/form/button
[2021-03-17 06:10:16]cl_getDriver.py(127): click_Success->//*[@id="base_box"]/div/div[3]/form/button
[2021-03-17 06:10:17]cl_getDriver.py(72): Open NewTab->https://kabuoji3.com/stock/3950/2019/
[2021-03-17 06:10:17]cl_getDriver.py(127): click_Success->//*[@id="base_box"]/div/div[3]/form/button
[2021-03-17 06:10:17]cl_getDriver.py(72): Open NewTab->https://kabuoji3.com/stock/3948/2000/
[2021-03-17 06:10:18]cl_getDriver.py(127): click_Success->//*[@id="base_box"]/div/div[3]/form/button
[2021-03-17 06:10:18]cl_getDriver.py(127): click_Success->//*[@id="base_box"]/div/div[3]/form/button
[2021-03-17 06:10:20]cl_getDriver.py(127): click_Success->//*[@id="base_box"]/div/div[3]/form/button
[2021-03-17 06:10:21]cl_getDriver.py(72): Open NewTab->https://kabuoji3.com/stock/3950/2018/
[2021-03-17 06:10:21]cl_getDriver.py(127): click_Success->//*[@id="base_box"]/div/div[3]/form/button
[2021-03-17 06:10:21]cl_getDriver.py(72): Open NewTab->https://kabuoji3.com/stock/3948/1999/
[2021-03-17 06:10:22]cl_getDriver.py(127): click_Success->//*[@id="base_box"]/div/div[3]/form/button
[2021-03-17 06:10:22]cl_getDriver.py(127): click_Success->//*[@id="base_box"]/div/div[3]/form/button
[2021-03-17 06:10:24]cl_getDriver.py(127): click_Success->//*[@id="base_box"]/div/div[3]/form/button
[2021-03-17 06:10:25]cl_getDriver.py(72): Open NewTab->https://kabuoji3.com/stock/3950/2017/
[2021-03-17 06:10:25]cl_getDriver.py(127): click_Success->//*[@id="base_box"]/div/div[3]/form/button
[2021-03-17 06:10:25]cl_getDriver.py(72): Open NewTab->https://kabuoji3.com/stock/3948/1998/
[2021-03-17 06:10:26]cl_getDriver.py(127): click_Success->//*[@id="base_box"]/div/div[3]/form/button
[2021-03-17 06:10:26]cl_getDriver.py(127): click_Success->//*[@id="base_box"]/div/div[3]/form/button
[2021-03-17 06:10:29]cl_getDriver.py(127): click_Success->//*[@id="base_box"]/div/div[3]/form/button
[2021-03-17 06:10:29]cl_getDriver.py(127): click_Success->//*[@id="base_box"]/div/div[3]/form/button
[2021-03-17 06:10:29]cl_getDriver.py(72): Open NewTab->https://kabuoji3.com/stock/3950/2016/
[2021-03-17 06:10:29]cl_getDriver.py(72): Open NewTab->https://kabuoji3.com/stock/3948/1997/
[2021-03-17 06:10:31]cl_getDriver.py(127): click_Success->//*[@id="base_box"]/div/div[3]/form/button
[2021-03-17 06:10:31]cl_getDriver.py(127): click_Success->//*[@id="base_box"]/div/div[3]/form/button
[2021-03-17 06:10:33]cl_getDriver.py(127): click_Success->//*[@id="base_box"]/div/div[3]/form/button
[2021-03-17 06:10:33]cl_getDriver.py(72): Open NewTab->https://kabuoji3.com/stock/3948/1996/
[2021-03-17 06:10:33]cl_getDriver.py(127): click_Success->//*[@id="base_box"]/div/div[3]/form/button
[2021-03-17 06:10:34]cl_getDriver.py(72): Open NewTab->https://kabuoji3.com/stock/3950/2015/
[2021-03-17 06:10:35]cl_getDriver.py(127): click_Success->//*[@id="base_box"]/div/div[3]/form/button
[2021-03-17 06:10:35]cl_getDriver.py(127): click_Success->//*[@id="base_box"]/div/div[3]/form/button
[2021-03-17 06:10:37]cl_getDriver.py(127): click_Success->//*[@id="base_box"]/div/div[3]/form/button
[2021-03-17 06:10:37]cl_getDriver.py(72): Open NewTab->https://kabuoji3.com/stock/3948/1995/
[2021-03-17 06:10:38]cl_getDriver.py(127): click_Success->//*[@id="base_box"]/div/div[3]/form/button
[2021-03-17 06:10:38]cl_getDriver.py(72): Open NewTab->https://kabuoji3.com/stock/3950/2014/
[2021-03-17 06:10:39]cl_getDriver.py(127): click_Success->//*[@id="base_box"]/div/div[3]/form/button
[2021-03-17 06:10:40]cl_getDriver.py(127): click_Success->//*[@id="base_box"]/div/div[3]/form/button
[2021-03-17 06:10:41]cl_getDriver.py(127): click_Success->//*[@id="base_box"]/div/div[3]/form/button
[2021-03-17 06:10:41]cl_getDriver.py(72): Open NewTab->https://kabuoji3.com/stock/3948/1994/
[2021-03-17 06:10:42]cl_getDriver.py(127): click_Success->//*[@id="base_box"]/div/div[3]/form/button
[2021-03-17 06:10:42]cl_getDriver.py(72): Open NewTab->https://kabuoji3.com/stock/3950/2013/
[2021-03-17 06:10:43]cl_getDriver.py(127): click_Success->//*[@id="base_box"]/div/div[3]/form/button
[2021-03-17 06:10:43]cl_getDriver.py(127): click_Success->//*[@id="base_box"]/div/div[3]/form/button
[2021-03-17 06:10:45]cl_getDriver.py(127): click_Success->//*[@id="base_box"]/div/div[3]/form/button
[2021-03-17 06:10:45]cl_getDriver.py(72): Open NewTab->https://kabuoji3.com/stock/3948/1993/
[2021-03-17 06:10:46]cl_getDriver.py(127): click_Success->//*[@id="base_box"]/div/div[3]/form/button
[2021-03-17 06:10:46]cl_getDriver.py(72): Open NewTab->https://kabuoji3.com/stock/3950/2012/
[2021-03-17 06:10:47]cl_getDriver.py(127): click_Success->//*[@id="base_box"]/div/div[3]/form/button
[2021-03-17 06:10:48]cl_getDriver.py(127): click_Success->//*[@id="base_box"]/div/div[3]/form/button
[2021-03-17 06:10:49]cl_getDriver.py(127): click_Success->//*[@id="base_box"]/div/div[3]/form/button
[2021-03-17 06:10:50]cl_getDriver.py(72): Open NewTab->https://kabuoji3.com/stock/3948/1992/
[2021-03-17 06:10:50]cl_getDriver.py(127): click_Success->//*[@id="base_box"]/div/div[3]/form/button
[2021-03-17 06:10:50]cl_getDriver.py(72): Open NewTab->https://kabuoji3.com/stock/3950/2011/
[2021-03-17 06:10:51]cl_getDriver.py(127): click_Success->//*[@id="base_box"]/div/div[3]/form/button
[2021-03-17 06:10:51]cl_getDriver.py(127): click_Success->//*[@id="base_box"]/div/div[3]/form/button
[2021-03-17 06:10:53]cl_getDriver.py(127): click_Success->//*[@id="base_box"]/div/div[3]/form/button
[2021-03-17 06:10:53]cl_getDriver.py(72): Open NewTab->https://kabuoji3.com/stock/3948/1991/
[2021-03-17 06:10:54]cl_getDriver.py(127): click_Success->//*[@id="base_box"]/div/div[3]/form/button
[2021-03-17 06:10:54]cl_getDriver.py(72): Open NewTab->https://kabuoji3.com/stock/3950/2010/
[2021-03-17 06:10:55]cl_getDriver.py(127): click_Success->//*[@id="base_box"]/div/div[3]/form/button
[2021-03-17 06:10:55]cl_getDriver.py(127): click_Success->//*[@id="base_box"]/div/div[3]/form/button
[2021-03-17 06:10:57]cl_getDriver.py(127): click_Success->//*[@id="base_box"]/div/div[3]/form/button
[2021-03-17 06:10:57]cl_getDriver.py(72): Open NewTab->https://kabuoji3.com/stock/3948/1990/
[2021-03-17 06:10:58]cl_getDriver.py(127): click_Success->//*[@id="base_box"]/div/div[3]/form/button
[2021-03-17 06:10:58]cl_getDriver.py(72): Open NewTab->https://kabuoji3.com/stock/3950/2009/
[2021-03-17 06:10:59]cl_getDriver.py(127): click_Success->//*[@id="base_box"]/div/div[3]/form/button
[2021-03-17 06:10:59]cl_getDriver.py(127): click_Success->//*[@id="base_box"]/div/div[3]/form/button
[2021-03-17 06:11:01]cl_getDriver.py(127): click_Success->//*[@id="base_box"]/div/div[3]/form/button
[2021-03-17 06:11:02]cl_getDriver.py(72): Open NewTab->https://kabuoji3.com/stock/3948/1989/
[2021-03-17 06:11:02]cl_getDriver.py(127): click_Success->//*[@id="base_box"]/div/div[3]/form/button
[2021-03-17 06:11:02]cl_getDriver.py(72): Open NewTab->https://kabuoji3.com/stock/3950/2008/
[2021-03-17 06:11:03]cl_getDriver.py(127): click_Success->//*[@id="base_box"]/div/div[3]/form/button
[2021-03-17 06:11:04]cl_getDriver.py(127): click_Success->//*[@id="base_box"]/div/div[3]/form/button
[2021-03-17 06:11:05]cl_getDriver.py(127): click_Success->//*[@id="base_box"]/div/div[3]/form/button
[2021-03-17 06:11:06]cl_getDriver.py(72): Open NewTab->https://kabuoji3.com/stock/3948/1988/
[2021-03-17 06:11:06]cl_getDriver.py(127): click_Success->//*[@id="base_box"]/div/div[3]/form/button
[2021-03-17 06:11:06]cl_getDriver.py(72): Open NewTab->https://kabuoji3.com/stock/3950/2007/
[2021-03-17 06:11:07]cl_getDriver.py(127): click_Success->//*[@id="base_box"]/div/div[3]/form/button
[2021-03-17 06:11:08]cl_getDriver.py(127): click_Success->//*[@id="base_box"]/div/div[3]/form/button
[2021-03-17 06:11:09]cl_getDriver.py(127): click_Success->//*[@id="base_box"]/div/div[3]/form/button
[2021-03-17 06:11:10]cl_getDriver.py(127): click_Success->//*[@id="base_box"]/div/div[3]/form/button
[2021-03-17 06:11:10]cl_getDriver.py(72): Open NewTab->https://kabuoji3.com/stock/3950/2006/
[2021-03-17 06:11:11]cl_getDriver.py(127): click_Success->//*[@id="base_box"]/div/div[3]/form/button
[2021-03-17 06:11:13]cl_getDriver.py(127): click_Success->//*[@id="base_box"]/div/div[3]/form/button
[2021-03-17 06:11:13]main.py(42): finished Process->https://kabuoji3.com/stock/3948/
[2021-03-17 06:11:13]main.py(15): start_Process->https://kabuoji3.com/stock/3951/
[2021-03-17 06:11:14]cl_getDriver.py(72): Open NewTab->https://kabuoji3.com/stock/3950/2005/
[2021-03-17 06:11:15]cl_getDriver.py(127): click_Success->//*[@id="base_box"]/div/div[3]/form/button
[2021-03-17 06:11:17]cl_getDriver.py(127): click_Success->//*[@id="base_box"]/div/div[3]/form/button
[2021-03-17 06:11:17]cl_getDriver.py(72): Open NewTab->https://kabuoji3.com/stock/3950/2004/
[2021-03-17 06:11:19]cl_getDriver.py(127): click_Success->//*[@id="base_box"]/div/div[3]/form/button
[2021-03-17 06:11:19]cl_getDriver.py(64): getURL=https://kabuoji3.com/stock/3951/
[2021-03-17 06:11:19]cl_getDriver.py(72): Open NewTab->https://kabuoji3.com/stock/3951/
[2021-03-17 06:11:20]cl_getDriver.py(130): Not Found->//*[@id="base_box"]/div/div[3]/form/button
[2021-03-17 06:11:21]cl_getDriver.py(127): click_Success->//*[@id="base_box"]/div/div[3]/form/button
[2021-03-17 06:11:21]cl_getDriver.py(72): Open NewTab->https://kabuoji3.com/stock/3950/2003/
[2021-03-17 06:11:22]cl_getDriver.py(130): Not Found->//*[@id="base_box"]/div/div[3]/form/button
[2021-03-17 06:11:22]cl_getDriver.py(72): Open NewTab->https://kabuoji3.com/stock/3951/2021/
[2021-03-17 06:11:23]cl_getDriver.py(127): click_Success->//*[@id="base_box"]/div/div[3]/form/button
[2021-03-17 06:11:23]cl_getDriver.py(127): click_Success->//*[@id="base_box"]/div/div[3]/form/button
[2021-03-17 06:11:25]cl_getDriver.py(127): click_Success->//*[@id="base_box"]/div/div[3]/form/button
[2021-03-17 06:11:25]cl_getDriver.py(72): Open NewTab->https://kabuoji3.com/stock/3950/2002/
[2021-03-17 06:11:26]cl_getDriver.py(127): click_Success->//*[@id="base_box"]/div/div[3]/form/button
[2021-03-17 06:11:26]cl_getDriver.py(72): Open NewTab->https://kabuoji3.com/stock/3951/2020/
[2021-03-17 06:11:27]cl_getDriver.py(127): click_Success->//*[@id="base_box"]/div/div[3]/form/button
[2021-03-17 06:11:27]cl_getDriver.py(127): click_Success->//*[@id="base_box"]/div/div[3]/form/button
[2021-03-17 06:11:29]cl_getDriver.py(127): click_Success->//*[@id="base_box"]/div/div[3]/form/button
[2021-03-17 06:11:29]cl_getDriver.py(72): Open NewTab->https://kabuoji3.com/stock/3950/2001/
[2021-03-17 06:11:30]cl_getDriver.py(127): click_Success->//*[@id="base_box"]/div/div[3]/form/button
[2021-03-17 06:11:30]cl_getDriver.py(72): Open NewTab->https://kabuoji3.com/stock/3951/2019/
[2021-03-17 06:11:30]cl_getDriver.py(127): click_Success->//*[@id="base_box"]/div/div[3]/form/button
[2021-03-17 06:11:31]cl_getDriver.py(127): click_Success->//*[@id="base_box"]/div/div[3]/form/button
[2021-03-17 06:11:33]cl_getDriver.py(127): click_Success->//*[@id="base_box"]/div/div[3]/form/button
[2021-03-17 06:11:34]cl_getDriver.py(127): click_Success->//*[@id="base_box"]/div/div[3]/form/button
[2021-03-17 06:11:34]cl_getDriver.py(72): Open NewTab->https://kabuoji3.com/stock/3951/2018/
[2021-03-17 06:11:35]cl_getDriver.py(127): click_Success->//*[@id="base_box"]/div/div[3]/form/button
[2021-03-17 06:11:37]cl_getDriver.py(127): click_Success->//*[@id="base_box"]/div/div[3]/form/button
[2021-03-17 06:11:37]cl_getDriver.py(72): Open NewTab->https://kabuoji3.com/stock/3951/2017/
[2021-03-17 06:11:38]main.py(42): finished Process->https://kabuoji3.com/stock/3950/
[2021-03-17 06:11:38]main.py(15): start_Process->https://kabuoji3.com/stock/3953/
[2021-03-17 06:11:38]cl_getDriver.py(127): click_Success->//*[@id="base_box"]/div/div[3]/form/button
[2021-03-17 06:11:41]cl_getDriver.py(127): click_Success->//*[@id="base_box"]/div/div[3]/form/button
[2021-03-17 06:11:41]cl_getDriver.py(72): Open NewTab->https://kabuoji3.com/stock/3951/2016/
[2021-03-17 06:11:42]cl_getDriver.py(127): click_Success->//*[@id="base_box"]/div/div[3]/form/button
[2021-03-17 06:11:43]cl_getDriver.py(64): getURL=https://kabuoji3.com/stock/3953/
[2021-03-17 06:11:43]cl_getDriver.py(72): Open NewTab->https://kabuoji3.com/stock/3953/
[2021-03-17 06:11:44]cl_getDriver.py(130): Not Found->//*[@id="base_box"]/div/div[3]/form/button
[2021-03-17 06:11:44]cl_getDriver.py(127): click_Success->//*[@id="base_box"]/div/div[3]/form/button
[2021-03-17 06:11:45]cl_getDriver.py(72): Open NewTab->https://kabuoji3.com/stock/3951/2015/
[2021-03-17 06:11:46]cl_getDriver.py(127): click_Success->//*[@id="base_box"]/div/div[3]/form/button
[2021-03-17 06:11:46]cl_getDriver.py(130): Not Found->//*[@id="base_box"]/div/div[3]/form/button
[2021-03-17 06:11:46]cl_getDriver.py(72): Open NewTab->https://kabuoji3.com/stock/3953/2021/
[2021-03-17 06:11:47]cl_getDriver.py(127): click_Success->//*[@id="base_box"]/div/div[3]/form/button
[2021-03-17 06:11:48]cl_getDriver.py(127): click_Success->//*[@id="base_box"]/div/div[3]/form/button
[2021-03-17 06:11:48]cl_getDriver.py(72): Open NewTab->https://kabuoji3.com/stock/3951/2014/
[2021-03-17 06:11:49]cl_getDriver.py(127): click_Success->//*[@id="base_box"]/div/div[3]/form/button
[2021-03-17 06:11:49]cl_getDriver.py(127): click_Success->//*[@id="base_box"]/div/div[3]/form/button
[2021-03-17 06:11:50]cl_getDriver.py(72): Open NewTab->https://kabuoji3.com/stock/3953/2020/
[2021-03-17 06:11:51]cl_getDriver.py(127): click_Success->//*[@id="base_box"]/div/div[3]/form/button
[2021-03-17 06:11:51]cl_getDriver.py(127): click_Success->//*[@id="base_box"]/div/div[3]/form/button
[2021-03-17 06:11:52]cl_getDriver.py(72): Open NewTab->https://kabuoji3.com/stock/3951/2013/
[2021-03-17 06:11:53]cl_getDriver.py(127): click_Success->//*[@id="base_box"]/div/div[3]/form/button
[2021-03-17 06:11:53]cl_getDriver.py(127): click_Success->//*[@id="base_box"]/div/div[3]/form/button
[2021-03-17 06:11:53]cl_getDriver.py(72): Open NewTab->https://kabuoji3.com/stock/3953/2019/
[2021-03-17 06:11:54]cl_getDriver.py(127): click_Success->//*[@id="base_box"]/div/div[3]/form/button
[2021-03-17 06:11:55]cl_getDriver.py(127): click_Success->//*[@id="base_box"]/div/div[3]/form/button
[2021-03-17 06:11:55]cl_getDriver.py(72): Open NewTab->https://kabuoji3.com/stock/3951/2012/
[2021-03-17 06:11:56]cl_getDriver.py(127): click_Success->//*[@id="base_box"]/div/div[3]/form/button
[2021-03-17 06:11:57]cl_getDriver.py(127): click_Success->//*[@id="base_box"]/div/div[3]/form/button
[2021-03-17 06:11:57]cl_getDriver.py(72): Open NewTab->https://kabuoji3.com/stock/3953/2018/
[2021-03-17 06:11:58]cl_getDriver.py(127): click_Success->//*[@id="base_box"]/div/div[3]/form/button
[2021-03-17 06:11:59]cl_getDriver.py(127): click_Success->//*[@id="base_box"]/div/div[3]/form/button
[2021-03-17 06:11:59]cl_getDriver.py(72): Open NewTab->https://kabuoji3.com/stock/3951/2011/
[2021-03-17 06:12:00]cl_getDriver.py(127): click_Success->//*[@id="base_box"]/div/div[3]/form/button
[2021-03-17 06:12:00]cl_getDriver.py(127): click_Success->//*[@id="base_box"]/div/div[3]/form/button
[2021-03-17 06:12:01]cl_getDriver.py(72): Open NewTab->https://kabuoji3.com/stock/3953/2017/
[2021-03-17 06:12:02]cl_getDriver.py(127): click_Success->//*[@id="base_box"]/div/div[3]/form/button
[2021-03-17 06:12:02]cl_getDriver.py(127): click_Success->//*[@id="base_box"]/div/div[3]/form/button
[2021-03-17 06:12:03]cl_getDriver.py(72): Open NewTab->https://kabuoji3.com/stock/3951/2010/
[2021-03-17 06:12:04]cl_getDriver.py(127): click_Success->//*[@id="base_box"]/div/div[3]/form/button
[2021-03-17 06:12:04]cl_getDriver.py(127): click_Success->//*[@id="base_box"]/div/div[3]/form/button
[2021-03-17 06:12:04]cl_getDriver.py(72): Open NewTab->https://kabuoji3.com/stock/3953/2016/
[2021-03-17 06:12:05]cl_getDriver.py(127): click_Success->//*[@id="base_box"]/div/div[3]/form/button
[2021-03-17 06:12:06]cl_getDriver.py(127): click_Success->//*[@id="base_box"]/div/div[3]/form/button
[2021-03-17 06:12:06]cl_getDriver.py(72): Open NewTab->https://kabuoji3.com/stock/3951/2009/
[2021-03-17 06:12:07]cl_getDriver.py(127): click_Success->//*[@id="base_box"]/div/div[3]/form/button
[2021-03-17 06:12:08]cl_getDriver.py(127): click_Success->//*[@id="base_box"]/div/div[3]/form/button
[2021-03-17 06:12:08]cl_getDriver.py(72): Open NewTab->https://kabuoji3.com/stock/3953/2015/
[2021-03-17 06:12:09]cl_getDriver.py(127): click_Success->//*[@id="base_box"]/div/div[3]/form/button
[2021-03-17 06:12:09]cl_getDriver.py(127): click_Success->//*[@id="base_box"]/div/div[3]/form/button
[2021-03-17 06:12:10]cl_getDriver.py(72): Open NewTab->https://kabuoji3.com/stock/3951/2008/
[2021-03-17 06:12:11]cl_getDriver.py(127): click_Success->//*[@id="base_box"]/div/div[3]/form/button
[2021-03-17 06:12:11]cl_getDriver.py(127): click_Success->//*[@id="base_box"]/div/div[3]/form/button
[2021-03-17 06:12:11]cl_getDriver.py(72): Open NewTab->https://kabuoji3.com/stock/3953/2014/
[2021-03-17 06:12:12]cl_getDriver.py(127): click_Success->//*[@id="base_box"]/div/div[3]/form/button
[2021-03-17 06:12:13]cl_getDriver.py(127): click_Success->//*[@id="base_box"]/div/div[3]/form/button
[2021-03-17 06:12:13]cl_getDriver.py(72): Open NewTab->https://kabuoji3.com/stock/3951/2007/
[2021-03-17 06:12:14]cl_getDriver.py(127): click_Success->//*[@id="base_box"]/div/div[3]/form/button
[2021-03-17 06:12:15]cl_getDriver.py(127): click_Success->//*[@id="base_box"]/div/div[3]/form/button
[2021-03-17 06:12:15]cl_getDriver.py(72): Open NewTab->https://kabuoji3.com/stock/3953/2013/
[2021-03-17 06:12:16]cl_getDriver.py(127): click_Success->//*[@id="base_box"]/div/div[3]/form/button
[2021-03-17 06:12:17]cl_getDriver.py(127): click_Success->//*[@id="base_box"]/div/div[3]/form/button
[2021-03-17 06:12:17]cl_getDriver.py(72): Open NewTab->https://kabuoji3.com/stock/3951/2006/
[2021-03-17 06:12:18]cl_getDriver.py(127): click_Success->//*[@id="base_box"]/div/div[3]/form/button
[2021-03-17 06:12:18]cl_getDriver.py(127): click_Success->//*[@id="base_box"]/div/div[3]/form/button
[2021-03-17 06:12:19]cl_getDriver.py(72): Open NewTab->https://kabuoji3.com/stock/3953/2012/
[2021-03-17 06:12:20]cl_getDriver.py(127): click_Success->//*[@id="base_box"]/div/div[3]/form/button
[2021-03-17 06:12:20]cl_getDriver.py(127): click_Success->//*[@id="base_box"]/div/div[3]/form/button
[2021-03-17 06:12:21]cl_getDriver.py(72): Open NewTab->https://kabuoji3.com/stock/3951/2005/
[2021-03-17 06:12:21]cl_getDriver.py(127): click_Success->//*[@id="base_box"]/div/div[3]/form/button
[2021-03-17 06:12:22]cl_getDriver.py(127): click_Success->//*[@id="base_box"]/div/div[3]/form/button
[2021-03-17 06:12:22]cl_getDriver.py(72): Open NewTab->https://kabuoji3.com/stock/3953/2011/
[2021-03-17 06:12:23]cl_getDriver.py(127): click_Success->//*[@id="base_box"]/div/div[3]/form/button
[2021-03-17 06:12:24]cl_getDriver.py(127): click_Success->//*[@id="base_box"]/div/div[3]/form/button
[2021-03-17 06:12:24]cl_getDriver.py(72): Open NewTab->https://kabuoji3.com/stock/3951/2004/
[2021-03-17 06:12:25]cl_getDriver.py(127): click_Success->//*[@id="base_box"]/div/div[3]/form/button
[2021-03-17 06:12:26]cl_getDriver.py(127): click_Success->//*[@id="base_box"]/div/div[3]/form/button
[2021-03-17 06:12:26]cl_getDriver.py(72): Open NewTab->https://kabuoji3.com/stock/3953/2010/
[2021-03-17 06:12:27]cl_getDriver.py(127): click_Success->//*[@id="base_box"]/div/div[3]/form/button
[2021-03-17 06:12:28]cl_getDriver.py(127): click_Success->//*[@id="base_box"]/div/div[3]/form/button
[2021-03-17 06:12:28]cl_getDriver.py(72): Open NewTab->https://kabuoji3.com/stock/3951/2003/
[2021-03-17 06:12:29]cl_getDriver.py(127): click_Success->//*[@id="base_box"]/div/div[3]/form/button
[2021-03-17 06:12:30]cl_getDriver.py(127): click_Success->//*[@id="base_box"]/div/div[3]/form/button
[2021-03-17 06:12:30]cl_getDriver.py(72): Open NewTab->https://kabuoji3.com/stock/3953/2009/
[2021-03-17 06:12:31]cl_getDriver.py(127): click_Success->//*[@id="base_box"]/div/div[3]/form/button
[2021-03-17 06:12:31]cl_getDriver.py(127): click_Success->//*[@id="base_box"]/div/div[3]/form/button
[2021-03-17 06:12:31]cl_getDriver.py(72): Open NewTab->https://kabuoji3.com/stock/3951/2002/
[2021-03-17 06:12:32]cl_getDriver.py(127): click_Success->//*[@id="base_box"]/div/div[3]/form/button
[2021-03-17 06:12:33]cl_getDriver.py(127): click_Success->//*[@id="base_box"]/div/div[3]/form/button
[2021-03-17 06:12:33]cl_getDriver.py(72): Open NewTab->https://kabuoji3.com/stock/3953/2008/
[2021-03-17 06:12:34]cl_getDriver.py(127): click_Success->//*[@id="base_box"]/div/div[3]/form/button
[2021-03-17 06:12:35]cl_getDriver.py(127): click_Success->//*[@id="base_box"]/div/div[3]/form/button
[2021-03-17 06:12:37]cl_getDriver.py(127): click_Success->//*[@id="base_box"]/div/div[3]/form/button
[2021-03-17 06:12:37]cl_getDriver.py(72): Open NewTab->https://kabuoji3.com/stock/3953/2007/
[2021-03-17 06:12:38]cl_getDriver.py(127): click_Success->//*[@id="base_box"]/div/div[3]/form/button
[2021-03-17 06:12:40]main.py(42): finished Process->https://kabuoji3.com/stock/3951/
[2021-03-17 06:12:40]main.py(15): start_Process->https://kabuoji3.com/stock/3954/
[2021-03-17 06:12:40]cl_getDriver.py(127): click_Success->//*[@id="base_box"]/div/div[3]/form/button
[2021-03-17 06:12:40]cl_getDriver.py(72): Open NewTab->https://kabuoji3.com/stock/3953/2006/
[2021-03-17 06:12:41]cl_getDriver.py(127): click_Success->//*[@id="base_box"]/div/div[3]/form/button
[2021-03-17 06:12:43]cl_getDriver.py(127): click_Success->//*[@id="base_box"]/div/div[3]/form/button
[2021-03-17 06:12:44]cl_getDriver.py(72): Open NewTab->https://kabuoji3.com/stock/3953/2005/
[2021-03-17 06:12:45]cl_getDriver.py(127): click_Success->//*[@id="base_box"]/div/div[3]/form/button
[2021-03-17 06:12:47]cl_getDriver.py(64): getURL=https://kabuoji3.com/stock/3954/
[2021-03-17 06:12:47]cl_getDriver.py(72): Open NewTab->https://kabuoji3.com/stock/3954/
[2021-03-17 06:12:47]cl_getDriver.py(127): click_Success->//*[@id="base_box"]/div/div[3]/form/button
[2021-03-17 06:12:48]cl_getDriver.py(130): Not Found->//*[@id="base_box"]/div/div[3]/form/button
[2021-03-17 06:12:48]cl_getDriver.py(72): Open NewTab->https://kabuoji3.com/stock/3953/2004/
[2021-03-17 06:12:49]cl_getDriver.py(127): click_Success->//*[@id="base_box"]/div/div[3]/form/button
[2021-03-17 06:12:50]cl_getDriver.py(130): Not Found->//*[@id="base_box"]/div/div[3]/form/button
[2021-03-17 06:12:50]cl_getDriver.py(72): Open NewTab->https://kabuoji3.com/stock/3954/2021/
[2021-03-17 06:12:51]cl_getDriver.py(127): click_Success->//*[@id="base_box"]/div/div[3]/form/button
[2021-03-17 06:12:51]cl_getDriver.py(127): click_Success->//*[@id="base_box"]/div/div[3]/form/button
[2021-03-17 06:12:51]cl_getDriver.py(72): Open NewTab->https://kabuoji3.com/stock/3953/2003/
[2021-03-17 06:12:52]cl_getDriver.py(127): click_Success->//*[@id="base_box"]/div/div[3]/form/button
[2021-03-17 06:12:53]cl_getDriver.py(127): click_Success->//*[@id="base_box"]/div/div[3]/form/button
[2021-03-17 06:12:54]cl_getDriver.py(72): Open NewTab->https://kabuoji3.com/stock/3954/2020/
[2021-03-17 06:12:55]cl_getDriver.py(127): click_Success->//*[@id="base_box"]/div/div[3]/form/button
[2021-03-17 06:12:55]cl_getDriver.py(127): click_Success->//*[@id="base_box"]/div/div[3]/form/button
[2021-03-17 06:12:55]cl_getDriver.py(72): Open NewTab->https://kabuoji3.com/stock/3953/2002/
[2021-03-17 06:12:56]cl_getDriver.py(127): click_Success->//*[@id="base_box"]/div/div[3]/form/button
[2021-03-17 06:12:57]cl_getDriver.py(127): click_Success->//*[@id="base_box"]/div/div[3]/form/button
[2021-03-17 06:12:57]cl_getDriver.py(72): Open NewTab->https://kabuoji3.com/stock/3954/2019/
[2021-03-17 06:12:58]cl_getDriver.py(127): click_Success->//*[@id="base_box"]/div/div[3]/form/button
[2021-03-17 06:12:58]cl_getDriver.py(127): click_Success->//*[@id="base_box"]/div/div[3]/form/button
[2021-03-17 06:12:59]cl_getDriver.py(72): Open NewTab->https://kabuoji3.com/stock/3953/2001/
[2021-03-17 06:13:00]cl_getDriver.py(127): click_Success->//*[@id="base_box"]/div/div[3]/form/button
[2021-03-17 06:13:01]cl_getDriver.py(127): click_Success->//*[@id="base_box"]/div/div[3]/form/button
[2021-03-17 06:13:01]cl_getDriver.py(72): Open NewTab->https://kabuoji3.com/stock/3954/2018/
[2021-03-17 06:13:02]cl_getDriver.py(127): click_Success->//*[@id="base_box"]/div/div[3]/form/button
[2021-03-17 06:13:02]cl_getDriver.py(127): click_Success->//*[@id="base_box"]/div/div[3]/form/button
[2021-03-17 06:13:02]cl_getDriver.py(72): Open NewTab->https://kabuoji3.com/stock/3953/2000/
[2021-03-17 06:13:03]cl_getDriver.py(127): click_Success->//*[@id="base_box"]/div/div[3]/form/button
[2021-03-17 06:13:05]cl_getDriver.py(127): click_Success->//*[@id="base_box"]/div/div[3]/form/button
[2021-03-17 06:13:05]cl_getDriver.py(72): Open NewTab->https://kabuoji3.com/stock/3954/2017/
[2021-03-17 06:13:06]cl_getDriver.py(127): click_Success->//*[@id="base_box"]/div/div[3]/form/button
[2021-03-17 06:13:06]cl_getDriver.py(72): Open NewTab->https://kabuoji3.com/stock/3953/1999/
[2021-03-17 06:13:06]cl_getDriver.py(127): click_Success->//*[@id="base_box"]/div/div[3]/form/button
[2021-03-17 06:13:07]cl_getDriver.py(127): click_Success->//*[@id="base_box"]/div/div[3]/form/button
[2021-03-17 06:13:09]cl_getDriver.py(127): click_Success->//*[@id="base_box"]/div/div[3]/form/button
[2021-03-17 06:13:09]cl_getDriver.py(72): Open NewTab->https://kabuoji3.com/stock/3954/2016/
[2021-03-17 06:13:09]cl_getDriver.py(127): click_Success->//*[@id="base_box"]/div/div[3]/form/button
[2021-03-17 06:13:10]cl_getDriver.py(72): Open NewTab->https://kabuoji3.com/stock/3953/1998/
[2021-03-17 06:13:10]cl_getDriver.py(127): click_Success->//*[@id="base_box"]/div/div[3]/form/button
[2021-03-17 06:13:11]cl_getDriver.py(127): click_Success->//*[@id="base_box"]/div/div[3]/form/button
[2021-03-17 06:13:12]cl_getDriver.py(127): click_Success->//*[@id="base_box"]/div/div[3]/form/button
[2021-03-17 06:13:13]cl_getDriver.py(72): Open NewTab->https://kabuoji3.com/stock/3954/2015/
[2021-03-17 06:13:13]cl_getDriver.py(127): click_Success->//*[@id="base_box"]/div/div[3]/form/button
[2021-03-17 06:13:13]cl_getDriver.py(72): Open NewTab->https://kabuoji3.com/stock/3953/1997/
[2021-03-17 06:13:14]cl_getDriver.py(127): click_Success->//*[@id="base_box"]/div/div[3]/form/button
[2021-03-17 06:13:14]cl_getDriver.py(127): click_Success->//*[@id="base_box"]/div/div[3]/form/button
[2021-03-17 06:13:16]cl_getDriver.py(127): click_Success->//*[@id="base_box"]/div/div[3]/form/button
[2021-03-17 06:13:17]cl_getDriver.py(72): Open NewTab->https://kabuoji3.com/stock/3954/2014/
[2021-03-17 06:13:17]cl_getDriver.py(127): click_Success->//*[@id="base_box"]/div/div[3]/form/button
[2021-03-17 06:13:17]cl_getDriver.py(72): Open NewTab->https://kabuoji3.com/stock/3953/1996/
[2021-03-17 06:13:18]cl_getDriver.py(127): click_Success->//*[@id="base_box"]/div/div[3]/form/button
[2021-03-17 06:13:18]cl_getDriver.py(127): click_Success->//*[@id="base_box"]/div/div[3]/form/button
[2021-03-17 06:13:20]cl_getDriver.py(127): click_Success->//*[@id="base_box"]/div/div[3]/form/button
[2021-03-17 06:13:21]cl_getDriver.py(127): click_Success->//*[@id="base_box"]/div/div[3]/form/button
[2021-03-17 06:13:21]cl_getDriver.py(72): Open NewTab->https://kabuoji3.com/stock/3954/2013/
[2021-03-17 06:13:21]cl_getDriver.py(72): Open NewTab->https://kabuoji3.com/stock/3953/1995/
[2021-03-17 06:13:22]cl_getDriver.py(127): click_Success->//*[@id="base_box"]/div/div[3]/form/button
[2021-03-17 06:13:22]cl_getDriver.py(127): click_Success->//*[@id="base_box"]/div/div[3]/form/button
[2021-03-17 06:13:25]cl_getDriver.py(127): click_Success->//*[@id="base_box"]/div/div[3]/form/button
[2021-03-17 06:13:25]cl_getDriver.py(127): click_Success->//*[@id="base_box"]/div/div[3]/form/button
[2021-03-17 06:13:25]cl_getDriver.py(72): Open NewTab->https://kabuoji3.com/stock/3954/2012/
[2021-03-17 06:13:26]cl_getDriver.py(127): click_Success->//*[@id="base_box"]/div/div[3]/form/button
[2021-03-17 06:13:28]main.py(42): finished Process->https://kabuoji3.com/stock/3953/
[2021-03-17 06:13:28]main.py(15): start_Process->https://kabuoji3.com/stock/3955/
[2021-03-17 06:13:29]cl_getDriver.py(127): click_Success->//*[@id="base_box"]/div/div[3]/form/button
[2021-03-17 06:13:29]cl_getDriver.py(72): Open NewTab->https://kabuoji3.com/stock/3954/2011/
[2021-03-17 06:13:30]cl_getDriver.py(127): click_Success->//*[@id="base_box"]/div/div[3]/form/button
[2021-03-17 06:13:32]cl_getDriver.py(127): click_Success->//*[@id="base_box"]/div/div[3]/form/button
[2021-03-17 06:13:33]cl_getDriver.py(72): Open NewTab->https://kabuoji3.com/stock/3954/2010/
[2021-03-17 06:13:34]cl_getDriver.py(127): click_Success->//*[@id="base_box"]/div/div[3]/form/button
[2021-03-17 06:13:34]cl_getDriver.py(64): getURL=https://kabuoji3.com/stock/3955/
[2021-03-17 06:13:34]cl_getDriver.py(72): Open NewTab->https://kabuoji3.com/stock/3955/
[2021-03-17 06:13:35]cl_getDriver.py(130): Not Found->//*[@id="base_box"]/div/div[3]/form/button
[2021-03-17 06:13:36]cl_getDriver.py(127): click_Success->//*[@id="base_box"]/div/div[3]/form/button
[2021-03-17 06:13:37]cl_getDriver.py(72): Open NewTab->https://kabuoji3.com/stock/3954/2009/
[2021-03-17 06:13:37]cl_getDriver.py(130): Not Found->//*[@id="base_box"]/div/div[3]/form/button
[2021-03-17 06:13:38]cl_getDriver.py(72): Open NewTab->https://kabuoji3.com/stock/3955/2021/
[2021-03-17 06:13:38]cl_getDriver.py(127): click_Success->//*[@id="base_box"]/div/div[3]/form/button
[2021-03-17 06:13:38]cl_getDriver.py(127): click_Success->//*[@id="base_box"]/div/div[3]/form/button
[2021-03-17 06:13:40]cl_getDriver.py(127): click_Success->//*[@id="base_box"]/div/div[3]/form/button
[2021-03-17 06:13:40]cl_getDriver.py(72): Open NewTab->https://kabuoji3.com/stock/3954/2008/
[2021-03-17 06:13:41]cl_getDriver.py(127): click_Success->//*[@id="base_box"]/div/div[3]/form/button
[2021-03-17 06:13:41]cl_getDriver.py(72): Open NewTab->https://kabuoji3.com/stock/3955/2020/
[2021-03-17 06:13:41]cl_getDriver.py(127): click_Success->//*[@id="base_box"]/div/div[3]/form/button
[2021-03-17 06:13:42]cl_getDriver.py(127): click_Success->//*[@id="base_box"]/div/div[3]/form/button
[2021-03-17 06:13:44]cl_getDriver.py(127): click_Success->//*[@id="base_box"]/div/div[3]/form/button
[2021-03-17 06:13:44]cl_getDriver.py(72): Open NewTab->https://kabuoji3.com/stock/3954/2007/
[2021-03-17 06:13:44]cl_getDriver.py(127): click_Success->//*[@id="base_box"]/div/div[3]/form/button
[2021-03-17 06:13:45]cl_getDriver.py(72): Open NewTab->https://kabuoji3.com/stock/3955/2019/
[2021-03-17 06:13:45]cl_getDriver.py(127): click_Success->//*[@id="base_box"]/div/div[3]/form/button
[2021-03-17 06:13:46]cl_getDriver.py(127): click_Success->//*[@id="base_box"]/div/div[3]/form/button
[2021-03-17 06:13:47]cl_getDriver.py(127): click_Success->//*[@id="base_box"]/div/div[3]/form/button
[2021-03-17 06:13:48]cl_getDriver.py(72): Open NewTab->https://kabuoji3.com/stock/3954/2006/
[2021-03-17 06:13:48]cl_getDriver.py(127): click_Success->//*[@id="base_box"]/div/div[3]/form/button
[2021-03-17 06:13:49]cl_getDriver.py(72): Open NewTab->https://kabuoji3.com/stock/3955/2018/
[2021-03-17 06:13:49]cl_getDriver.py(127): click_Success->//*[@id="base_box"]/div/div[3]/form/button
[2021-03-17 06:13:50]cl_getDriver.py(127): click_Success->//*[@id="base_box"]/div/div[3]/form/button
[2021-03-17 06:13:52]cl_getDriver.py(127): click_Success->//*[@id="base_box"]/div/div[3]/form/button
[2021-03-17 06:13:52]cl_getDriver.py(72): Open NewTab->https://kabuoji3.com/stock/3954/2005/
[2021-03-17 06:13:52]cl_getDriver.py(127): click_Success->//*[@id="base_box"]/div/div[3]/form/button
[2021-03-17 06:13:53]cl_getDriver.py(72): Open NewTab->https://kabuoji3.com/stock/3955/2017/
[2021-03-17 06:13:53]cl_getDriver.py(127): click_Success->//*[@id="base_box"]/div/div[3]/form/button
[2021-03-17 06:13:54]cl_getDriver.py(127): click_Success->//*[@id="base_box"]/div/div[3]/form/button
[2021-03-17 06:13:55]cl_getDriver.py(127): click_Success->//*[@id="base_box"]/div/div[3]/form/button
[2021-03-17 06:13:56]cl_getDriver.py(72): Open NewTab->https://kabuoji3.com/stock/3954/2004/
[2021-03-17 06:13:56]cl_getDriver.py(127): click_Success->//*[@id="base_box"]/div/div[3]/form/button
[2021-03-17 06:13:57]cl_getDriver.py(72): Open NewTab->https://kabuoji3.com/stock/3955/2016/
[2021-03-17 06:13:57]cl_getDriver.py(127): click_Success->//*[@id="base_box"]/div/div[3]/form/button
[2021-03-17 06:13:58]cl_getDriver.py(127): click_Success->//*[@id="base_box"]/div/div[3]/form/button
[2021-03-17 06:14:00]cl_getDriver.py(127): click_Success->//*[@id="base_box"]/div/div[3]/form/button
[2021-03-17 06:14:00]cl_getDriver.py(72): Open NewTab->https://kabuoji3.com/stock/3954/2003/
[2021-03-17 06:14:00]cl_getDriver.py(127): click_Success->//*[@id="base_box"]/div/div[3]/form/button
[2021-03-17 06:14:01]cl_getDriver.py(72): Open NewTab->https://kabuoji3.com/stock/3955/2015/
[2021-03-17 06:14:01]cl_getDriver.py(127): click_Success->//*[@id="base_box"]/div/div[3]/form/button
[2021-03-17 06:14:02]cl_getDriver.py(127): click_Success->//*[@id="base_box"]/div/div[3]/form/button
[2021-03-17 06:14:03]cl_getDriver.py(127): click_Success->//*[@id="base_box"]/div/div[3]/form/button
[2021-03-17 06:14:04]cl_getDriver.py(72): Open NewTab->https://kabuoji3.com/stock/3954/2002/
[2021-03-17 06:14:04]cl_getDriver.py(127): click_Success->//*[@id="base_box"]/div/div[3]/form/button
[2021-03-17 06:14:04]cl_getDriver.py(72): Open NewTab->https://kabuoji3.com/stock/3955/2014/
[2021-03-17 06:14:05]cl_getDriver.py(127): click_Success->//*[@id="base_box"]/div/div[3]/form/button
[2021-03-17 06:14:06]cl_getDriver.py(127): click_Success->//*[@id="base_box"]/div/div[3]/form/button
[2021-03-17 06:14:07]cl_getDriver.py(127): click_Success->//*[@id="base_box"]/div/div[3]/form/button
[2021-03-17 06:14:08]cl_getDriver.py(72): Open NewTab->https://kabuoji3.com/stock/3954/2001/
[2021-03-17 06:14:08]cl_getDriver.py(127): click_Success->//*[@id="base_box"]/div/div[3]/form/button
[2021-03-17 06:14:08]cl_getDriver.py(72): Open NewTab->https://kabuoji3.com/stock/3955/2013/
[2021-03-17 06:14:09]cl_getDriver.py(127): click_Success->//*[@id="base_box"]/div/div[3]/form/button
[2021-03-17 06:14:10]cl_getDriver.py(127): click_Success->//*[@id="base_box"]/div/div[3]/form/button
[2021-03-17 06:14:11]cl_getDriver.py(127): click_Success->//*[@id="base_box"]/div/div[3]/form/button
[2021-03-17 06:14:12]cl_getDriver.py(72): Open NewTab->https://kabuoji3.com/stock/3954/2000/
[2021-03-17 06:14:12]cl_getDriver.py(127): click_Success->//*[@id="base_box"]/div/div[3]/form/button
[2021-03-17 06:14:12]cl_getDriver.py(72): Open NewTab->https://kabuoji3.com/stock/3955/2012/
[2021-03-17 06:14:13]cl_getDriver.py(127): click_Success->//*[@id="base_box"]/div/div[3]/form/button
[2021-03-17 06:14:14]cl_getDriver.py(127): click_Success->//*[@id="base_box"]/div/div[3]/form/button
[2021-03-17 06:14:15]cl_getDriver.py(127): click_Success->//*[@id="base_box"]/div/div[3]/form/button
[2021-03-17 06:14:16]cl_getDriver.py(72): Open NewTab->https://kabuoji3.com/stock/3954/1999/
[2021-03-17 06:14:16]cl_getDriver.py(127): click_Success->//*[@id="base_box"]/div/div[3]/form/button
[2021-03-17 06:14:17]cl_getDriver.py(72): Open NewTab->https://kabuoji3.com/stock/3955/2011/
[2021-03-17 06:14:17]cl_getDriver.py(127): click_Success->//*[@id="base_box"]/div/div[3]/form/button
[2021-03-17 06:14:18]cl_getDriver.py(127): click_Success->//*[@id="base_box"]/div/div[3]/form/button
[2021-03-17 06:14:20]cl_getDriver.py(127): click_Success->//*[@id="base_box"]/div/div[3]/form/button
[2021-03-17 06:14:20]cl_getDriver.py(127): click_Success->//*[@id="base_box"]/div/div[3]/form/button
[2021-03-17 06:14:21]cl_getDriver.py(72): Open NewTab->https://kabuoji3.com/stock/3955/2010/
[2021-03-17 06:14:21]cl_getDriver.py(127): click_Success->//*[@id="base_box"]/div/div[3]/form/button
[2021-03-17 06:14:24]cl_getDriver.py(127): click_Success->//*[@id="base_box"]/div/div[3]/form/button
[2021-03-17 06:14:24]main.py(42): finished Process->https://kabuoji3.com/stock/3954/
[2021-03-17 06:14:24]main.py(15): start_Process->https://kabuoji3.com/stock/3956/
[2021-03-17 06:14:24]cl_getDriver.py(72): Open NewTab->https://kabuoji3.com/stock/3955/2009/
[2021-03-17 06:14:25]cl_getDriver.py(127): click_Success->//*[@id="base_box"]/div/div[3]/form/button
[2021-03-17 06:14:27]cl_getDriver.py(127): click_Success->//*[@id="base_box"]/div/div[3]/form/button
[2021-03-17 06:14:28]cl_getDriver.py(72): Open NewTab->https://kabuoji3.com/stock/3955/2008/
[2021-03-17 06:14:29]cl_getDriver.py(127): click_Success->//*[@id="base_box"]/div/div[3]/form/button
[2021-03-17 06:14:30]cl_getDriver.py(64): getURL=https://kabuoji3.com/stock/3956/
[2021-03-17 06:14:30]cl_getDriver.py(72): Open NewTab->https://kabuoji3.com/stock/3956/
[2021-03-17 06:14:31]cl_getDriver.py(127): click_Success->//*[@id="base_box"]/div/div[3]/form/button
[2021-03-17 06:14:31]cl_getDriver.py(130): Not Found->//*[@id="base_box"]/div/div[3]/form/button
[2021-03-17 06:14:32]cl_getDriver.py(72): Open NewTab->https://kabuoji3.com/stock/3955/2007/
[2021-03-17 06:14:33]cl_getDriver.py(127): click_Success->//*[@id="base_box"]/div/div[3]/form/button
[2021-03-17 06:14:33]cl_getDriver.py(130): Not Found->//*[@id="base_box"]/div/div[3]/form/button
[2021-03-17 06:14:34]cl_getDriver.py(72): Open NewTab->https://kabuoji3.com/stock/3956/2021/
[2021-03-17 06:14:35]cl_getDriver.py(127): click_Success->//*[@id="base_box"]/div/div[3]/form/button
[2021-03-17 06:14:35]cl_getDriver.py(127): click_Success->//*[@id="base_box"]/div/div[3]/form/button
[2021-03-17 06:14:35]cl_getDriver.py(72): Open NewTab->https://kabuoji3.com/stock/3955/2006/
[2021-03-17 06:14:36]cl_getDriver.py(127): click_Success->//*[@id="base_box"]/div/div[3]/form/button
[2021-03-17 06:14:37]cl_getDriver.py(127): click_Success->//*[@id="base_box"]/div/div[3]/form/button
[2021-03-17 06:14:37]cl_getDriver.py(72): Open NewTab->https://kabuoji3.com/stock/3956/2020/
[2021-03-17 06:14:38]cl_getDriver.py(127): click_Success->//*[@id="base_box"]/div/div[3]/form/button
[2021-03-17 06:14:39]cl_getDriver.py(127): click_Success->//*[@id="base_box"]/div/div[3]/form/button
[2021-03-17 06:14:39]cl_getDriver.py(72): Open NewTab->https://kabuoji3.com/stock/3955/2005/
[2021-03-17 06:14:40]cl_getDriver.py(127): click_Success->//*[@id="base_box"]/div/div[3]/form/button
[2021-03-17 06:14:41]cl_getDriver.py(127): click_Success->//*[@id="base_box"]/div/div[3]/form/button
[2021-03-17 06:14:41]cl_getDriver.py(72): Open NewTab->https://kabuoji3.com/stock/3956/2019/
[2021-03-17 06:14:42]cl_getDriver.py(127): click_Success->//*[@id="base_box"]/div/div[3]/form/button
[2021-03-17 06:14:42]cl_getDriver.py(127): click_Success->//*[@id="base_box"]/div/div[3]/form/button
[2021-03-17 06:14:43]cl_getDriver.py(72): Open NewTab->https://kabuoji3.com/stock/3955/2004/
[2021-03-17 06:14:44]cl_getDriver.py(127): click_Success->//*[@id="base_box"]/div/div[3]/form/button
[2021-03-17 06:14:44]cl_getDriver.py(127): click_Success->//*[@id="base_box"]/div/div[3]/form/button
[2021-03-17 06:14:45]cl_getDriver.py(72): Open NewTab->https://kabuoji3.com/stock/3956/2018/
[2021-03-17 06:14:46]cl_getDriver.py(127): click_Success->//*[@id="base_box"]/div/div[3]/form/button
[2021-03-17 06:14:46]cl_getDriver.py(127): click_Success->//*[@id="base_box"]/div/div[3]/form/button
[2021-03-17 06:14:46]cl_getDriver.py(72): Open NewTab->https://kabuoji3.com/stock/3955/2003/
[2021-03-17 06:14:47]cl_getDriver.py(127): click_Success->//*[@id="base_box"]/div/div[3]/form/button
[2021-03-17 06:14:48]cl_getDriver.py(127): click_Success->//*[@id="base_box"]/div/div[3]/form/button
[2021-03-17 06:14:48]cl_getDriver.py(72): Open NewTab->https://kabuoji3.com/stock/3956/2017/
[2021-03-17 06:14:49]cl_getDriver.py(127): click_Success->//*[@id="base_box"]/div/div[3]/form/button
[2021-03-17 06:14:50]cl_getDriver.py(127): click_Success->//*[@id="base_box"]/div/div[3]/form/button
[2021-03-17 06:14:50]cl_getDriver.py(72): Open NewTab->https://kabuoji3.com/stock/3955/2002/
[2021-03-17 06:14:51]cl_getDriver.py(127): click_Success->//*[@id="base_box"]/div/div[3]/form/button
[2021-03-17 06:14:52]cl_getDriver.py(127): click_Success->//*[@id="base_box"]/div/div[3]/form/button
[2021-03-17 06:14:52]cl_getDriver.py(72): Open NewTab->https://kabuoji3.com/stock/3956/2016/
[2021-03-17 06:14:53]cl_getDriver.py(127): click_Success->//*[@id="base_box"]/div/div[3]/form/button
[2021-03-17 06:14:53]cl_getDriver.py(127): click_Success->//*[@id="base_box"]/div/div[3]/form/button
[2021-03-17 06:14:53]cl_getDriver.py(72): Open NewTab->https://kabuoji3.com/stock/3955/2001/
[2021-03-17 06:14:54]cl_getDriver.py(127): click_Success->//*[@id="base_box"]/div/div[3]/form/button
[2021-03-17 06:14:55]cl_getDriver.py(127): click_Success->//*[@id="base_box"]/div/div[3]/form/button
[2021-03-17 06:14:55]cl_getDriver.py(72): Open NewTab->https://kabuoji3.com/stock/3956/2015/
[2021-03-17 06:14:56]cl_getDriver.py(127): click_Success->//*[@id="base_box"]/div/div[3]/form/button
[2021-03-17 06:14:56]cl_getDriver.py(127): click_Success->//*[@id="base_box"]/div/div[3]/form/button
[2021-03-17 06:14:57]cl_getDriver.py(72): Open NewTab->https://kabuoji3.com/stock/3955/2000/
[2021-03-17 06:14:58]cl_getDriver.py(127): click_Success->//*[@id="base_box"]/div/div[3]/form/button
[2021-03-17 06:14:59]cl_getDriver.py(127): click_Success->//*[@id="base_box"]/div/div[3]/form/button
[2021-03-17 06:14:59]cl_getDriver.py(72): Open NewTab->https://kabuoji3.com/stock/3956/2014/
[2021-03-17 06:15:00]cl_getDriver.py(127): click_Success->//*[@id="base_box"]/div/div[3]/form/button
[2021-03-17 06:15:00]cl_getDriver.py(127): click_Success->//*[@id="base_box"]/div/div[3]/form/button
[2021-03-17 06:15:02]cl_getDriver.py(127): click_Success->//*[@id="base_box"]/div/div[3]/form/button
[2021-03-17 06:15:03]cl_getDriver.py(72): Open NewTab->https://kabuoji3.com/stock/3956/2013/
[2021-03-17 06:15:04]cl_getDriver.py(127): click_Success->//*[@id="base_box"]/div/div[3]/form/button
[2021-03-17 06:15:04]main.py(42): finished Process->https://kabuoji3.com/stock/3955/
[2021-03-17 06:15:04]main.py(15): start_Process->https://kabuoji3.com/stock/4004/
[2021-03-17 06:15:06]cl_getDriver.py(127): click_Success->//*[@id="base_box"]/div/div[3]/form/button
[2021-03-17 06:15:06]cl_getDriver.py(72): Open NewTab->https://kabuoji3.com/stock/3956/2012/
[2021-03-17 06:15:07]cl_getDriver.py(127): click_Success->//*[@id="base_box"]/div/div[3]/form/button
[2021-03-17 06:15:09]cl_getDriver.py(64): getURL=https://kabuoji3.com/stock/4004/
[2021-03-17 06:15:10]cl_getDriver.py(127): click_Success->//*[@id="base_box"]/div/div[3]/form/button
[2021-03-17 06:15:10]cl_getDriver.py(72): Open NewTab->https://kabuoji3.com/stock/3956/2011/
[2021-03-17 06:15:10]cl_getDriver.py(72): Open NewTab->https://kabuoji3.com/stock/4004/
[2021-03-17 06:15:11]cl_getDriver.py(130): Not Found->//*[@id="base_box"]/div/div[3]/form/button
[2021-03-17 06:15:11]cl_getDriver.py(127): click_Success->//*[@id="base_box"]/div/div[3]/form/button
[2021-03-17 06:15:13]cl_getDriver.py(130): Not Found->//*[@id="base_box"]/div/div[3]/form/button
[2021-03-17 06:15:13]cl_getDriver.py(72): Open NewTab->https://kabuoji3.com/stock/4004/2021/
[2021-03-17 06:15:14]cl_getDriver.py(127): click_Success->//*[@id="base_box"]/div/div[3]/form/button
[2021-03-17 06:15:14]cl_getDriver.py(72): Open NewTab->https://kabuoji3.com/stock/3956/2010/
[2021-03-17 06:15:15]cl_getDriver.py(127): click_Success->//*[@id="base_box"]/div/div[3]/form/button
[2021-03-17 06:15:15]cl_getDriver.py(127): click_Success->//*[@id="base_box"]/div/div[3]/form/button
[2021-03-17 06:15:17]cl_getDriver.py(127): click_Success->//*[@id="base_box"]/div/div[3]/form/button
[2021-03-17 06:15:17]cl_getDriver.py(72): Open NewTab->https://kabuoji3.com/stock/4004/2020/
[2021-03-17 06:15:18]cl_getDriver.py(127): click_Success->//*[@id="base_box"]/div/div[3]/form/button
[2021-03-17 06:15:18]cl_getDriver.py(72): Open NewTab->https://kabuoji3.com/stock/3956/2009/
[2021-03-17 06:15:19]cl_getDriver.py(127): click_Success->//*[@id="base_box"]/div/div[3]/form/button
[2021-03-17 06:15:19]cl_getDriver.py(127): click_Success->//*[@id="base_box"]/div/div[3]/form/button
[2021-03-17 06:15:21]cl_getDriver.py(127): click_Success->//*[@id="base_box"]/div/div[3]/form/button
[2021-03-17 06:15:22]cl_getDriver.py(72): Open NewTab->https://kabuoji3.com/stock/4004/2019/
[2021-03-17 06:15:22]cl_getDriver.py(127): click_Success->//*[@id="base_box"]/div/div[3]/form/button
[2021-03-17 06:15:22]cl_getDriver.py(72): Open NewTab->https://kabuoji3.com/stock/3956/2008/
[2021-03-17 06:15:23]cl_getDriver.py(127): click_Success->//*[@id="base_box"]/div/div[3]/form/button
[2021-03-17 06:15:23]cl_getDriver.py(127): click_Success->//*[@id="base_box"]/div/div[3]/form/button
[2021-03-17 06:15:25]cl_getDriver.py(127): click_Success->//*[@id="base_box"]/div/div[3]/form/button
[2021-03-17 06:15:26]cl_getDriver.py(72): Open NewTab->https://kabuoji3.com/stock/4004/2018/
[2021-03-17 06:15:26]cl_getDriver.py(127): click_Success->//*[@id="base_box"]/div/div[3]/form/button
[2021-03-17 06:15:26]cl_getDriver.py(72): Open NewTab->https://kabuoji3.com/stock/3956/2007/
[2021-03-17 06:15:27]cl_getDriver.py(127): click_Success->//*[@id="base_box"]/div/div[3]/form/button
[2021-03-17 06:15:28]cl_getDriver.py(127): click_Success->//*[@id="base_box"]/div/div[3]/form/button
[2021-03-17 06:15:30]cl_getDriver.py(127): click_Success->//*[@id="base_box"]/div/div[3]/form/button
[2021-03-17 06:15:30]cl_getDriver.py(72): Open NewTab->https://kabuoji3.com/stock/4004/2017/
[2021-03-17 06:15:30]cl_getDriver.py(127): click_Success->//*[@id="base_box"]/div/div[3]/form/button
[2021-03-17 06:15:31]cl_getDriver.py(72): Open NewTab->https://kabuoji3.com/stock/3956/2006/
[2021-03-17 06:15:32]cl_getDriver.py(127): click_Success->//*[@id="base_box"]/div/div[3]/form/button
[2021-03-17 06:15:32]cl_getDriver.py(127): click_Success->//*[@id="base_box"]/div/div[3]/form/button
[2021-03-17 06:15:34]cl_getDriver.py(127): click_Success->//*[@id="base_box"]/div/div[3]/form/button
[2021-03-17 06:15:34]cl_getDriver.py(72): Open NewTab->https://kabuoji3.com/stock/4004/2016/
[2021-03-17 06:15:34]cl_getDriver.py(127): click_Success->//*[@id="base_box"]/div/div[3]/form/button
[2021-03-17 06:15:35]cl_getDriver.py(72): Open NewTab->https://kabuoji3.com/stock/3956/2005/
[2021-03-17 06:15:36]cl_getDriver.py(127): click_Success->//*[@id="base_box"]/div/div[3]/form/button
[2021-03-17 06:15:36]cl_getDriver.py(127): click_Success->//*[@id="base_box"]/div/div[3]/form/button
[2021-03-17 06:15:38]cl_getDriver.py(127): click_Success->//*[@id="base_box"]/div/div[3]/form/button
[2021-03-17 06:15:38]cl_getDriver.py(72): Open NewTab->https://kabuoji3.com/stock/4004/2015/
[2021-03-17 06:15:38]cl_getDriver.py(127): click_Success->//*[@id="base_box"]/div/div[3]/form/button
[2021-03-17 06:15:39]cl_getDriver.py(72): Open NewTab->https://kabuoji3.com/stock/3956/2004/
[2021-03-17 06:15:40]cl_getDriver.py(127): click_Success->//*[@id="base_box"]/div/div[3]/form/button
[2021-03-17 06:15:40]cl_getDriver.py(127): click_Success->//*[@id="base_box"]/div/div[3]/form/button
[2021-03-17 06:15:42]cl_getDriver.py(127): click_Success->//*[@id="base_box"]/div/div[3]/form/button
[2021-03-17 06:15:42]cl_getDriver.py(127): click_Success->//*[@id="base_box"]/div/div[3]/form/button
[2021-03-17 06:15:43]cl_getDriver.py(72): Open NewTab->https://kabuoji3.com/stock/4004/2014/
[2021-03-17 06:15:43]cl_getDriver.py(72): Open NewTab->https://kabuoji3.com/stock/3956/2003/
[2021-03-17 06:15:44]cl_getDriver.py(127): click_Success->//*[@id="base_box"]/div/div[3]/form/button
[2021-03-17 06:15:44]cl_getDriver.py(127): click_Success->//*[@id="base_box"]/div/div[3]/form/button
[2021-03-17 06:15:46]cl_getDriver.py(127): click_Success->//*[@id="base_box"]/div/div[3]/form/button
[2021-03-17 06:15:46]cl_getDriver.py(127): click_Success->//*[@id="base_box"]/div/div[3]/form/button
[2021-03-17 06:15:47]cl_getDriver.py(72): Open NewTab->https://kabuoji3.com/stock/3956/2002/
[2021-03-17 06:15:47]cl_getDriver.py(72): Open NewTab->https://kabuoji3.com/stock/4004/2013/
[2021-03-17 06:15:48]cl_getDriver.py(127): click_Success->//*[@id="base_box"]/div/div[3]/form/button
[2021-03-17 06:15:48]cl_getDriver.py(127): click_Success->//*[@id="base_box"]/div/div[3]/form/button
[2021-03-17 06:15:50]cl_getDriver.py(127): click_Success->//*[@id="base_box"]/div/div[3]/form/button
[2021-03-17 06:15:51]cl_getDriver.py(127): click_Success->//*[@id="base_box"]/div/div[3]/form/button
[2021-03-17 06:15:51]cl_getDriver.py(72): Open NewTab->https://kabuoji3.com/stock/3956/2001/
[2021-03-17 06:15:51]cl_getDriver.py(72): Open NewTab->https://kabuoji3.com/stock/4004/2012/
[2021-03-17 06:15:52]cl_getDriver.py(127): click_Success->//*[@id="base_box"]/div/div[3]/form/button
[2021-03-17 06:15:53]cl_getDriver.py(127): click_Success->//*[@id="base_box"]/div/div[3]/form/button
[2021-03-17 06:15:55]cl_getDriver.py(127): click_Success->//*[@id="base_box"]/div/div[3]/form/button
[2021-03-17 06:15:55]cl_getDriver.py(127): click_Success->//*[@id="base_box"]/div/div[3]/form/button
[2021-03-17 06:15:56]cl_getDriver.py(72): Open NewTab->https://kabuoji3.com/stock/4004/2011/
[2021-03-17 06:15:56]cl_getDriver.py(127): click_Success->//*[@id="base_box"]/div/div[3]/form/button
[2021-03-17 06:15:59]cl_getDriver.py(127): click_Success->//*[@id="base_box"]/div/div[3]/form/button
[2021-03-17 06:15:59]cl_getDriver.py(72): Open NewTab->https://kabuoji3.com/stock/4004/2010/
[2021-03-17 06:15:59]main.py(42): finished Process->https://kabuoji3.com/stock/3956/
[2021-03-17 06:15:59]main.py(15): start_Process->https://kabuoji3.com/stock/4005/
[2021-03-17 06:16:00]cl_getDriver.py(127): click_Success->//*[@id="base_box"]/div/div[3]/form/button
[2021-03-17 06:16:02]cl_getDriver.py(127): click_Success->//*[@id="base_box"]/div/div[3]/form/button
[2021-03-17 06:16:03]cl_getDriver.py(72): Open NewTab->https://kabuoji3.com/stock/4004/2009/
[2021-03-17 06:16:04]cl_getDriver.py(127): click_Success->//*[@id="base_box"]/div/div[3]/form/button
[2021-03-17 06:16:05]cl_getDriver.py(64): getURL=https://kabuoji3.com/stock/4005/
[2021-03-17 06:16:06]cl_getDriver.py(72): Open NewTab->https://kabuoji3.com/stock/4005/
[2021-03-17 06:16:06]cl_getDriver.py(127): click_Success->//*[@id="base_box"]/div/div[3]/form/button
[2021-03-17 06:16:07]cl_getDriver.py(72): Open NewTab->https://kabuoji3.com/stock/4004/2008/
[2021-03-17 06:16:07]cl_getDriver.py(130): Not Found->//*[@id="base_box"]/div/div[3]/form/button
[2021-03-17 06:16:08]cl_getDriver.py(127): click_Success->//*[@id="base_box"]/div/div[3]/form/button
[2021-03-17 06:16:09]cl_getDriver.py(130): Not Found->//*[@id="base_box"]/div/div[3]/form/button
[2021-03-17 06:16:09]cl_getDriver.py(72): Open NewTab->https://kabuoji3.com/stock/4005/2021/
[2021-03-17 06:16:10]cl_getDriver.py(127): click_Success->//*[@id="base_box"]/div/div[3]/form/button
[2021-03-17 06:16:11]cl_getDriver.py(127): click_Success->//*[@id="base_box"]/div/div[3]/form/button
[2021-03-17 06:16:11]cl_getDriver.py(72): Open NewTab->https://kabuoji3.com/stock/4004/2007/
[2021-03-17 06:16:12]cl_getDriver.py(127): click_Success->//*[@id="base_box"]/div/div[3]/form/button
[2021-03-17 06:16:13]cl_getDriver.py(127): click_Success->//*[@id="base_box"]/div/div[3]/form/button
[2021-03-17 06:16:13]cl_getDriver.py(72): Open NewTab->https://kabuoji3.com/stock/4005/2020/
[2021-03-17 06:16:14]cl_getDriver.py(127): click_Success->//*[@id="base_box"]/div/div[3]/form/button
[2021-03-17 06:16:15]cl_getDriver.py(72): Open NewTab->https://kabuoji3.com/stock/4004/2006/
[2021-03-17 06:16:15]cl_getDriver.py(127): click_Success->//*[@id="base_box"]/div/div[3]/form/button
[2021-03-17 06:16:16]cl_getDriver.py(127): click_Success->//*[@id="base_box"]/div/div[3]/form/button
[2021-03-17 06:16:17]cl_getDriver.py(127): click_Success->//*[@id="base_box"]/div/div[3]/form/button
[2021-03-17 06:16:17]cl_getDriver.py(72): Open NewTab->https://kabuoji3.com/stock/4005/2019/
[2021-03-17 06:16:18]cl_getDriver.py(127): click_Success->//*[@id="base_box"]/div/div[3]/form/button
[2021-03-17 06:16:18]cl_getDriver.py(72): Open NewTab->https://kabuoji3.com/stock/4004/2005/
[2021-03-17 06:16:19]cl_getDriver.py(127): click_Success->//*[@id="base_box"]/div/div[3]/form/button
[2021-03-17 06:16:20]cl_getDriver.py(127): click_Success->//*[@id="base_box"]/div/div[3]/form/button
[2021-03-17 06:16:21]cl_getDriver.py(127): click_Success->//*[@id="base_box"]/div/div[3]/form/button
[2021-03-17 06:16:21]cl_getDriver.py(72): Open NewTab->https://kabuoji3.com/stock/4005/2018/
[2021-03-17 06:16:22]cl_getDriver.py(127): click_Success->//*[@id="base_box"]/div/div[3]/form/button
[2021-03-17 06:16:22]cl_getDriver.py(72): Open NewTab->https://kabuoji3.com/stock/4004/2004/
[2021-03-17 06:16:23]cl_getDriver.py(127): click_Success->//*[@id="base_box"]/div/div[3]/form/button
[2021-03-17 06:16:24]cl_getDriver.py(127): click_Success->//*[@id="base_box"]/div/div[3]/form/button
[2021-03-17 06:16:25]cl_getDriver.py(127): click_Success->//*[@id="base_box"]/div/div[3]/form/button
[2021-03-17 06:16:26]cl_getDriver.py(72): Open NewTab->https://kabuoji3.com/stock/4005/2017/
[2021-03-17 06:16:26]cl_getDriver.py(127): click_Success->//*[@id="base_box"]/div/div[3]/form/button
[2021-03-17 06:16:26]cl_getDriver.py(72): Open NewTab->https://kabuoji3.com/stock/4004/2003/
[2021-03-17 06:16:27]cl_getDriver.py(127): click_Success->//*[@id="base_box"]/div/div[3]/form/button
[2021-03-17 06:16:28]cl_getDriver.py(127): click_Success->//*[@id="base_box"]/div/div[3]/form/button
[2021-03-17 06:16:29]cl_getDriver.py(127): click_Success->//*[@id="base_box"]/div/div[3]/form/button
[2021-03-17 06:16:30]cl_getDriver.py(72): Open NewTab->https://kabuoji3.com/stock/4005/2016/
[2021-03-17 06:16:30]cl_getDriver.py(127): click_Success->//*[@id="base_box"]/div/div[3]/form/button
[2021-03-17 06:16:30]cl_getDriver.py(72): Open NewTab->https://kabuoji3.com/stock/4004/2002/
[2021-03-17 06:16:31]cl_getDriver.py(127): click_Success->//*[@id="base_box"]/div/div[3]/form/button
[2021-03-17 06:16:32]cl_getDriver.py(127): click_Success->//*[@id="base_box"]/div/div[3]/form/button
[2021-03-17 06:16:34]cl_getDriver.py(127): click_Success->//*[@id="base_box"]/div/div[3]/form/button
[2021-03-17 06:16:34]cl_getDriver.py(72): Open NewTab->https://kabuoji3.com/stock/4005/2015/
[2021-03-17 06:16:34]cl_getDriver.py(127): click_Success->//*[@id="base_box"]/div/div[3]/form/button
[2021-03-17 06:16:35]cl_getDriver.py(72): Open NewTab->https://kabuoji3.com/stock/4004/2001/
[2021-03-17 06:16:35]cl_getDriver.py(127): click_Success->//*[@id="base_box"]/div/div[3]/form/button
[2021-03-17 06:16:36]cl_getDriver.py(127): click_Success->//*[@id="base_box"]/div/div[3]/form/button
[2021-03-17 06:16:38]cl_getDriver.py(127): click_Success->//*[@id="base_box"]/div/div[3]/form/button
[2021-03-17 06:16:38]cl_getDriver.py(127): click_Success->//*[@id="base_box"]/div/div[3]/form/button
[2021-03-17 06:16:39]cl_getDriver.py(72): Open NewTab->https://kabuoji3.com/stock/4005/2014/
[2021-03-17 06:16:39]cl_getDriver.py(72): Open NewTab->https://kabuoji3.com/stock/4004/2000/
[2021-03-17 06:16:40]cl_getDriver.py(127): click_Success->//*[@id="base_box"]/div/div[3]/form/button
[2021-03-17 06:16:40]cl_getDriver.py(127): click_Success->//*[@id="base_box"]/div/div[3]/form/button
[2021-03-17 06:16:42]cl_getDriver.py(127): click_Success->//*[@id="base_box"]/div/div[3]/form/button
[2021-03-17 06:16:42]cl_getDriver.py(127): click_Success->//*[@id="base_box"]/div/div[3]/form/button
[2021-03-17 06:16:43]cl_getDriver.py(72): Open NewTab->https://kabuoji3.com/stock/4005/2013/
[2021-03-17 06:16:43]cl_getDriver.py(72): Open NewTab->https://kabuoji3.com/stock/4004/1999/
[2021-03-17 06:16:44]cl_getDriver.py(127): click_Success->//*[@id="base_box"]/div/div[3]/form/button
[2021-03-17 06:16:44]cl_getDriver.py(127): click_Success->//*[@id="base_box"]/div/div[3]/form/button
[2021-03-17 06:16:47]cl_getDriver.py(127): click_Success->//*[@id="base_box"]/div/div[3]/form/button
[2021-03-17 06:16:47]cl_getDriver.py(127): click_Success->//*[@id="base_box"]/div/div[3]/form/button
[2021-03-17 06:16:47]cl_getDriver.py(72): Open NewTab->https://kabuoji3.com/stock/4004/1998/
[2021-03-17 06:16:47]cl_getDriver.py(72): Open NewTab->https://kabuoji3.com/stock/4005/2012/
[2021-03-17 06:16:49]cl_getDriver.py(127): click_Success->//*[@id="base_box"]/div/div[3]/form/button
[2021-03-17 06:16:49]cl_getDriver.py(127): click_Success->//*[@id="base_box"]/div/div[3]/form/button
[2021-03-17 06:16:51]cl_getDriver.py(127): click_Success->//*[@id="base_box"]/div/div[3]/form/button
[2021-03-17 06:16:52]cl_getDriver.py(127): click_Success->//*[@id="base_box"]/div/div[3]/form/button
[2021-03-17 06:16:52]cl_getDriver.py(72): Open NewTab->https://kabuoji3.com/stock/4005/2011/
[2021-03-17 06:16:52]cl_getDriver.py(72): Open NewTab->https://kabuoji3.com/stock/4004/1997/
[2021-03-17 06:16:53]cl_getDriver.py(127): click_Success->//*[@id="base_box"]/div/div[3]/form/button
[2021-03-17 06:16:53]cl_getDriver.py(127): click_Success->//*[@id="base_box"]/div/div[3]/form/button
[2021-03-17 06:16:56]cl_getDriver.py(127): click_Success->//*[@id="base_box"]/div/div[3]/form/button
[2021-03-17 06:16:56]cl_getDriver.py(127): click_Success->//*[@id="base_box"]/div/div[3]/form/button
[2021-03-17 06:16:56]cl_getDriver.py(72): Open NewTab->https://kabuoji3.com/stock/4005/2010/
[2021-03-17 06:16:56]cl_getDriver.py(72): Open NewTab->https://kabuoji3.com/stock/4004/1996/
[2021-03-17 06:16:58]cl_getDriver.py(127): click_Success->//*[@id="base_box"]/div/div[3]/form/button
[2021-03-17 06:16:58]cl_getDriver.py(127): click_Success->//*[@id="base_box"]/div/div[3]/form/button
[2021-03-17 06:17:00]cl_getDriver.py(127): click_Success->//*[@id="base_box"]/div/div[3]/form/button
[2021-03-17 06:17:00]cl_getDriver.py(127): click_Success->//*[@id="base_box"]/div/div[3]/form/button
[2021-03-17 06:17:01]cl_getDriver.py(72): Open NewTab->https://kabuoji3.com/stock/4005/2009/
[2021-03-17 06:17:01]cl_getDriver.py(72): Open NewTab->https://kabuoji3.com/stock/4004/1995/
[2021-03-17 06:17:02]cl_getDriver.py(127): click_Success->//*[@id="base_box"]/div/div[3]/form/button
[2021-03-17 06:17:02]cl_getDriver.py(127): click_Success->//*[@id="base_box"]/div/div[3]/form/button
[2021-03-17 06:17:05]cl_getDriver.py(127): click_Success->//*[@id="base_box"]/div/div[3]/form/button
[2021-03-17 06:17:05]cl_getDriver.py(127): click_Success->//*[@id="base_box"]/div/div[3]/form/button
[2021-03-17 06:17:05]cl_getDriver.py(72): Open NewTab->https://kabuoji3.com/stock/4005/2008/
[2021-03-17 06:17:05]cl_getDriver.py(72): Open NewTab->https://kabuoji3.com/stock/4004/1994/
[2021-03-17 06:17:07]cl_getDriver.py(127): click_Success->//*[@id="base_box"]/div/div[3]/form/button
[2021-03-17 06:17:07]cl_getDriver.py(127): click_Success->//*[@id="base_box"]/div/div[3]/form/button
[2021-03-17 06:17:09]cl_getDriver.py(127): click_Success->//*[@id="base_box"]/div/div[3]/form/button
[2021-03-17 06:17:09]cl_getDriver.py(127): click_Success->//*[@id="base_box"]/div/div[3]/form/button
[2021-03-17 06:17:10]cl_getDriver.py(72): Open NewTab->https://kabuoji3.com/stock/4005/2007/
[2021-03-17 06:17:10]cl_getDriver.py(72): Open NewTab->https://kabuoji3.com/stock/4004/1993/
[2021-03-17 06:17:11]cl_getDriver.py(127): click_Success->//*[@id="base_box"]/div/div[3]/form/button
[2021-03-17 06:17:11]cl_getDriver.py(127): click_Success->//*[@id="base_box"]/div/div[3]/form/button
[2021-03-17 06:17:14]cl_getDriver.py(127): click_Success->//*[@id="base_box"]/div/div[3]/form/button
[2021-03-17 06:17:14]cl_getDriver.py(127): click_Success->//*[@id="base_box"]/div/div[3]/form/button
[2021-03-17 06:17:14]cl_getDriver.py(72): Open NewTab->https://kabuoji3.com/stock/4004/1992/
[2021-03-17 06:17:14]cl_getDriver.py(72): Open NewTab->https://kabuoji3.com/stock/4005/2006/
[2021-03-17 06:17:16]cl_getDriver.py(127): click_Success->//*[@id="base_box"]/div/div[3]/form/button
[2021-03-17 06:17:16]cl_getDriver.py(127): click_Success->//*[@id="base_box"]/div/div[3]/form/button
[2021-03-17 06:17:18]cl_getDriver.py(127): click_Success->//*[@id="base_box"]/div/div[3]/form/button
[2021-03-17 06:17:18]cl_getDriver.py(127): click_Success->//*[@id="base_box"]/div/div[3]/form/button
[2021-03-17 06:17:19]cl_getDriver.py(72): Open NewTab->https://kabuoji3.com/stock/4004/1991/
[2021-03-17 06:17:19]cl_getDriver.py(72): Open NewTab->https://kabuoji3.com/stock/4005/2005/
[2021-03-17 06:17:20]cl_getDriver.py(127): click_Success->//*[@id="base_box"]/div/div[3]/form/button
[2021-03-17 06:17:20]cl_getDriver.py(127): click_Success->//*[@id="base_box"]/div/div[3]/form/button
[2021-03-17 06:17:22]cl_getDriver.py(127): click_Success->//*[@id="base_box"]/div/div[3]/form/button
[2021-03-17 06:17:22]cl_getDriver.py(127): click_Success->//*[@id="base_box"]/div/div[3]/form/button
[2021-03-17 06:17:23]cl_getDriver.py(72): Open NewTab->https://kabuoji3.com/stock/4005/2004/
[2021-03-17 06:17:23]cl_getDriver.py(72): Open NewTab->https://kabuoji3.com/stock/4004/1990/
[2021-03-17 06:17:24]cl_getDriver.py(127): click_Success->//*[@id="base_box"]/div/div[3]/form/button
[2021-03-17 06:17:24]cl_getDriver.py(127): click_Success->//*[@id="base_box"]/div/div[3]/form/button
[2021-03-17 06:17:27]cl_getDriver.py(127): click_Success->//*[@id="base_box"]/div/div[3]/form/button
[2021-03-17 06:17:27]cl_getDriver.py(127): click_Success->//*[@id="base_box"]/div/div[3]/form/button
[2021-03-17 06:17:27]cl_getDriver.py(72): Open NewTab->https://kabuoji3.com/stock/4005/2003/
[2021-03-17 06:17:27]cl_getDriver.py(72): Open NewTab->https://kabuoji3.com/stock/4004/1989/
[2021-03-17 06:17:29]cl_getDriver.py(127): click_Success->//*[@id="base_box"]/div/div[3]/form/button
[2021-03-17 06:17:29]cl_getDriver.py(127): click_Success->//*[@id="base_box"]/div/div[3]/form/button
[2021-03-17 06:17:31]cl_getDriver.py(127): click_Success->//*[@id="base_box"]/div/div[3]/form/button
[2021-03-17 06:17:31]cl_getDriver.py(127): click_Success->//*[@id="base_box"]/div/div[3]/form/button
[2021-03-17 06:17:32]cl_getDriver.py(72): Open NewTab->https://kabuoji3.com/stock/4005/2002/
[2021-03-17 06:17:32]cl_getDriver.py(72): Open NewTab->https://kabuoji3.com/stock/4004/1988/
[2021-03-17 06:17:33]cl_getDriver.py(127): click_Success->//*[@id="base_box"]/div/div[3]/form/button
[2021-03-17 06:17:33]cl_getDriver.py(127): click_Success->//*[@id="base_box"]/div/div[3]/form/button
[2021-03-17 06:17:35]cl_getDriver.py(127): click_Success->//*[@id="base_box"]/div/div[3]/form/button
[2021-03-17 06:17:35]cl_getDriver.py(127): click_Success->//*[@id="base_box"]/div/div[3]/form/button
[2021-03-17 06:17:36]cl_getDriver.py(72): Open NewTab->https://kabuoji3.com/stock/4005/2001/
[2021-03-17 06:17:36]cl_getDriver.py(72): Open NewTab->https://kabuoji3.com/stock/4004/1987/
[2021-03-17 06:17:37]cl_getDriver.py(127): click_Success->//*[@id="base_box"]/div/div[3]/form/button
[2021-03-17 06:17:37]cl_getDriver.py(127): click_Success->//*[@id="base_box"]/div/div[3]/form/button
[2021-03-17 06:17:40]cl_getDriver.py(127): click_Success->//*[@id="base_box"]/div/div[3]/form/button
[2021-03-17 06:17:40]cl_getDriver.py(127): click_Success->//*[@id="base_box"]/div/div[3]/form/button
[2021-03-17 06:17:40]cl_getDriver.py(72): Open NewTab->https://kabuoji3.com/stock/4004/1986/
[2021-03-17 06:17:40]cl_getDriver.py(72): Open NewTab->https://kabuoji3.com/stock/4005/2000/
[2021-03-17 06:17:42]cl_getDriver.py(127): click_Success->//*[@id="base_box"]/div/div[3]/form/button
[2021-03-17 06:17:42]cl_getDriver.py(127): click_Success->//*[@id="base_box"]/div/div[3]/form/button
[2021-03-17 06:17:44]cl_getDriver.py(127): click_Success->//*[@id="base_box"]/div/div[3]/form/button
[2021-03-17 06:17:44]cl_getDriver.py(127): click_Success->//*[@id="base_box"]/div/div[3]/form/button
[2021-03-17 06:17:44]cl_getDriver.py(72): Open NewTab->https://kabuoji3.com/stock/4005/1999/
[2021-03-17 06:17:45]cl_getDriver.py(72): Open NewTab->https://kabuoji3.com/stock/4004/1985/
[2021-03-17 06:17:46]cl_getDriver.py(127): click_Success->//*[@id="base_box"]/div/div[3]/form/button
[2021-03-17 06:17:46]cl_getDriver.py(127): click_Success->//*[@id="base_box"]/div/div[3]/form/button
[2021-03-17 06:17:48]cl_getDriver.py(127): click_Success->//*[@id="base_box"]/div/div[3]/form/button
[2021-03-17 06:17:48]cl_getDriver.py(127): click_Success->//*[@id="base_box"]/div/div[3]/form/button
[2021-03-17 06:17:49]cl_getDriver.py(72): Open NewTab->https://kabuoji3.com/stock/4005/1998/
[2021-03-17 06:17:49]cl_getDriver.py(72): Open NewTab->https://kabuoji3.com/stock/4004/1984/
[2021-03-17 06:17:50]cl_getDriver.py(127): click_Success->//*[@id="base_box"]/div/div[3]/form/button
[2021-03-17 06:17:50]cl_getDriver.py(127): click_Success->//*[@id="base_box"]/div/div[3]/form/button
[2021-03-17 06:17:52]cl_getDriver.py(127): click_Success->//*[@id="base_box"]/div/div[3]/form/button
[2021-03-17 06:17:53]cl_getDriver.py(127): click_Success->//*[@id="base_box"]/div/div[3]/form/button
[2021-03-17 06:17:53]cl_getDriver.py(72): Open NewTab->https://kabuoji3.com/stock/4005/1997/
[2021-03-17 06:17:53]cl_getDriver.py(72): Open NewTab->https://kabuoji3.com/stock/4004/1983/
[2021-03-17 06:17:54]cl_getDriver.py(127): click_Success->//*[@id="base_box"]/div/div[3]/form/button
[2021-03-17 06:17:55]cl_getDriver.py(127): click_Success->//*[@id="base_box"]/div/div[3]/form/button
[2021-03-17 06:17:56]cl_getDriver.py(127): click_Success->//*[@id="base_box"]/div/div[3]/form/button
[2021-03-17 06:17:57]cl_getDriver.py(72): Open NewTab->https://kabuoji3.com/stock/4005/1996/
[2021-03-17 06:17:57]cl_getDriver.py(127): click_Success->//*[@id="base_box"]/div/div[3]/form/button
[2021-03-17 06:17:58]cl_getDriver.py(127): click_Success->//*[@id="base_box"]/div/div[3]/form/button
[2021-03-17 06:18:00]cl_getDriver.py(127): click_Success->//*[@id="base_box"]/div/div[3]/form/button
[2021-03-17 06:18:01]cl_getDriver.py(72): Open NewTab->https://kabuoji3.com/stock/4005/1995/
[2021-03-17 06:18:01]main.py(42): finished Process->https://kabuoji3.com/stock/4004/
[2021-03-17 06:18:01]main.py(15): start_Process->https://kabuoji3.com/stock/4008/
[2021-03-17 06:18:01]cl_getDriver.py(127): click_Success->//*[@id="base_box"]/div/div[3]/form/button
[2021-03-17 06:18:04]cl_getDriver.py(127): click_Success->//*[@id="base_box"]/div/div[3]/form/button
[2021-03-17 06:18:04]cl_getDriver.py(72): Open NewTab->https://kabuoji3.com/stock/4005/1994/
[2021-03-17 06:18:05]cl_getDriver.py(127): click_Success->//*[@id="base_box"]/div/div[3]/form/button
[2021-03-17 06:18:06]cl_getDriver.py(64): getURL=https://kabuoji3.com/stock/4008/
[2021-03-17 06:18:07]cl_getDriver.py(72): Open NewTab->https://kabuoji3.com/stock/4008/
[2021-03-17 06:18:07]cl_getDriver.py(130): Not Found->//*[@id="base_box"]/div/div[3]/form/button
[2021-03-17 06:18:07]cl_getDriver.py(127): click_Success->//*[@id="base_box"]/div/div[3]/form/button
[2021-03-17 06:18:08]cl_getDriver.py(72): Open NewTab->https://kabuoji3.com/stock/4005/1993/
[2021-03-17 06:18:09]cl_getDriver.py(127): click_Success->//*[@id="base_box"]/div/div[3]/form/button
[2021-03-17 06:18:09]cl_getDriver.py(130): Not Found->//*[@id="base_box"]/div/div[3]/form/button
[2021-03-17 06:18:09]cl_getDriver.py(72): Open NewTab->https://kabuoji3.com/stock/4008/2021/
[2021-03-17 06:18:10]cl_getDriver.py(127): click_Success->//*[@id="base_box"]/div/div[3]/form/button
[2021-03-17 06:18:11]cl_getDriver.py(127): click_Success->//*[@id="base_box"]/div/div[3]/form/button
[2021-03-17 06:18:11]cl_getDriver.py(72): Open NewTab->https://kabuoji3.com/stock/4005/1992/
[2021-03-17 06:18:12]cl_getDriver.py(127): click_Success->//*[@id="base_box"]/div/div[3]/form/button
[2021-03-17 06:18:13]cl_getDriver.py(127): click_Success->//*[@id="base_box"]/div/div[3]/form/button
[2021-03-17 06:18:13]cl_getDriver.py(72): Open NewTab->https://kabuoji3.com/stock/4008/2020/
[2021-03-17 06:18:14]cl_getDriver.py(127): click_Success->//*[@id="base_box"]/div/div[3]/form/button
[2021-03-17 06:18:15]cl_getDriver.py(127): click_Success->//*[@id="base_box"]/div/div[3]/form/button
[2021-03-17 06:18:15]cl_getDriver.py(72): Open NewTab->https://kabuoji3.com/stock/4005/1991/
[2021-03-17 06:18:16]cl_getDriver.py(127): click_Success->//*[@id="base_box"]/div/div[3]/form/button
[2021-03-17 06:18:16]cl_getDriver.py(127): click_Success->//*[@id="base_box"]/div/div[3]/form/button
[2021-03-17 06:18:17]cl_getDriver.py(72): Open NewTab->https://kabuoji3.com/stock/4008/2019/
[2021-03-17 06:18:18]cl_getDriver.py(127): click_Success->//*[@id="base_box"]/div/div[3]/form/button
[2021-03-17 06:18:18]cl_getDriver.py(127): click_Success->//*[@id="base_box"]/div/div[3]/form/button
[2021-03-17 06:18:19]cl_getDriver.py(72): Open NewTab->https://kabuoji3.com/stock/4005/1990/
[2021-03-17 06:18:20]cl_getDriver.py(127): click_Success->//*[@id="base_box"]/div/div[3]/form/button
[2021-03-17 06:18:20]cl_getDriver.py(127): click_Success->//*[@id="base_box"]/div/div[3]/form/button
[2021-03-17 06:18:20]cl_getDriver.py(72): Open NewTab->https://kabuoji3.com/stock/4008/2018/
[2021-03-17 06:18:21]cl_getDriver.py(127): click_Success->//*[@id="base_box"]/div/div[3]/form/button
[2021-03-17 06:18:22]cl_getDriver.py(127): click_Success->//*[@id="base_box"]/div/div[3]/form/button
[2021-03-17 06:18:22]cl_getDriver.py(72): Open NewTab->https://kabuoji3.com/stock/4005/1989/
[2021-03-17 06:18:23]cl_getDriver.py(127): click_Success->//*[@id="base_box"]/div/div[3]/form/button
[2021-03-17 06:18:23]cl_getDriver.py(127): click_Success->//*[@id="base_box"]/div/div[3]/form/button
[2021-03-17 06:18:24]cl_getDriver.py(72): Open NewTab->https://kabuoji3.com/stock/4008/2017/
[2021-03-17 06:18:25]cl_getDriver.py(127): click_Success->//*[@id="base_box"]/div/div[3]/form/button
[2021-03-17 06:18:25]cl_getDriver.py(127): click_Success->//*[@id="base_box"]/div/div[3]/form/button
[2021-03-17 06:18:26]cl_getDriver.py(72): Open NewTab->https://kabuoji3.com/stock/4005/1988/
[2021-03-17 06:18:27]cl_getDriver.py(127): click_Success->//*[@id="base_box"]/div/div[3]/form/button
[2021-03-17 06:18:27]cl_getDriver.py(127): click_Success->//*[@id="base_box"]/div/div[3]/form/button
[2021-03-17 06:18:27]cl_getDriver.py(72): Open NewTab->https://kabuoji3.com/stock/4008/2016/
[2021-03-17 06:18:28]cl_getDriver.py(127): click_Success->//*[@id="base_box"]/div/div[3]/form/button
[2021-03-17 06:18:29]cl_getDriver.py(127): click_Success->//*[@id="base_box"]/div/div[3]/form/button
[2021-03-17 06:18:30]cl_getDriver.py(72): Open NewTab->https://kabuoji3.com/stock/4005/1987/
[2021-03-17 06:18:30]cl_getDriver.py(127): click_Success->//*[@id="base_box"]/div/div[3]/form/button
[2021-03-17 06:18:31]cl_getDriver.py(127): click_Success->//*[@id="base_box"]/div/div[3]/form/button
[2021-03-17 06:18:31]cl_getDriver.py(72): Open NewTab->https://kabuoji3.com/stock/4008/2015/
[2021-03-17 06:18:32]cl_getDriver.py(127): click_Success->//*[@id="base_box"]/div/div[3]/form/button
[2021-03-17 06:18:33]cl_getDriver.py(127): click_Success->//*[@id="base_box"]/div/div[3]/form/button
[2021-03-17 06:18:33]cl_getDriver.py(72): Open NewTab->https://kabuoji3.com/stock/4005/1986/
[2021-03-17 06:18:34]cl_getDriver.py(127): click_Success->//*[@id="base_box"]/div/div[3]/form/button
[2021-03-17 06:18:34]cl_getDriver.py(127): click_Success->//*[@id="base_box"]/div/div[3]/form/button
[2021-03-17 06:18:35]cl_getDriver.py(72): Open NewTab->https://kabuoji3.com/stock/4008/2014/
[2021-03-17 06:18:36]cl_getDriver.py(127): click_Success->//*[@id="base_box"]/div/div[3]/form/button
[2021-03-17 06:18:36]cl_getDriver.py(127): click_Success->//*[@id="base_box"]/div/div[3]/form/button
[2021-03-17 06:18:37]cl_getDriver.py(72): Open NewTab->https://kabuoji3.com/stock/4005/1985/
[2021-03-17 06:18:38]cl_getDriver.py(127): click_Success->//*[@id="base_box"]/div/div[3]/form/button
[2021-03-17 06:18:38]cl_getDriver.py(127): click_Success->//*[@id="base_box"]/div/div[3]/form/button
[2021-03-17 06:18:38]cl_getDriver.py(72): Open NewTab->https://kabuoji3.com/stock/4008/2013/
[2021-03-17 06:18:39]cl_getDriver.py(127): click_Success->//*[@id="base_box"]/div/div[3]/form/button
[2021-03-17 06:18:40]cl_getDriver.py(127): click_Success->//*[@id="base_box"]/div/div[3]/form/button
[2021-03-17 06:18:41]cl_getDriver.py(72): Open NewTab->https://kabuoji3.com/stock/4005/1984/
[2021-03-17 06:18:41]cl_getDriver.py(127): click_Success->//*[@id="base_box"]/div/div[3]/form/button
[2021-03-17 06:18:42]cl_getDriver.py(127): click_Success->//*[@id="base_box"]/div/div[3]/form/button
[2021-03-17 06:18:42]cl_getDriver.py(72): Open NewTab->https://kabuoji3.com/stock/4008/2012/
[2021-03-17 06:18:43]cl_getDriver.py(127): click_Success->//*[@id="base_box"]/div/div[3]/form/button
[2021-03-17 06:18:44]cl_getDriver.py(127): click_Success->//*[@id="base_box"]/div/div[3]/form/button
[2021-03-17 06:18:44]cl_getDriver.py(72): Open NewTab->https://kabuoji3.com/stock/4005/1983/
[2021-03-17 06:18:45]cl_getDriver.py(127): click_Success->//*[@id="base_box"]/div/div[3]/form/button
[2021-03-17 06:18:45]cl_getDriver.py(127): click_Success->//*[@id="base_box"]/div/div[3]/form/button
[2021-03-17 06:18:46]cl_getDriver.py(72): Open NewTab->https://kabuoji3.com/stock/4008/2011/
[2021-03-17 06:18:47]cl_getDriver.py(127): click_Success->//*[@id="base_box"]/div/div[3]/form/button
[2021-03-17 06:18:47]cl_getDriver.py(127): click_Success->//*[@id="base_box"]/div/div[3]/form/button
[2021-03-17 06:18:49]cl_getDriver.py(127): click_Success->//*[@id="base_box"]/div/div[3]/form/button
[2021-03-17 06:18:49]cl_getDriver.py(72): Open NewTab->https://kabuoji3.com/stock/4008/2010/
[2021-03-17 06:18:50]cl_getDriver.py(127): click_Success->//*[@id="base_box"]/div/div[3]/form/button
[2021-03-17 06:18:52]main.py(42): finished Process->https://kabuoji3.com/stock/4005/
[2021-03-17 06:18:52]main.py(15): start_Process->https://kabuoji3.com/stock/4021/
[2021-03-17 06:18:53]cl_getDriver.py(127): click_Success->//*[@id="base_box"]/div/div[3]/form/button
[2021-03-17 06:18:53]cl_getDriver.py(72): Open NewTab->https://kabuoji3.com/stock/4008/2009/
[2021-03-17 06:18:54]cl_getDriver.py(127): click_Success->//*[@id="base_box"]/div/div[3]/form/button
[2021-03-17 06:18:56]cl_getDriver.py(127): click_Success->//*[@id="base_box"]/div/div[3]/form/button
[2021-03-17 06:18:57]cl_getDriver.py(72): Open NewTab->https://kabuoji3.com/stock/4008/2008/
[2021-03-17 06:18:58]cl_getDriver.py(64): getURL=https://kabuoji3.com/stock/4021/
[2021-03-17 06:18:58]cl_getDriver.py(127): click_Success->//*[@id="base_box"]/div/div[3]/form/button
[2021-03-17 06:18:58]cl_getDriver.py(72): Open NewTab->https://kabuoji3.com/stock/4021/
[2021-03-17 06:18:59]cl_getDriver.py(130): Not Found->//*[@id="base_box"]/div/div[3]/form/button
[2021-03-17 06:19:00]cl_getDriver.py(127): click_Success->//*[@id="base_box"]/div/div[3]/form/button
[2021-03-17 06:19:01]cl_getDriver.py(72): Open NewTab->https://kabuoji3.com/stock/4008/2007/
[2021-03-17 06:19:01]cl_getDriver.py(130): Not Found->//*[@id="base_box"]/div/div[3]/form/button
[2021-03-17 06:19:01]cl_getDriver.py(72): Open NewTab->https://kabuoji3.com/stock/4021/2021/
[2021-03-17 06:19:02]cl_getDriver.py(127): click_Success->//*[@id="base_box"]/div/div[3]/form/button
[2021-03-17 06:19:02]cl_getDriver.py(127): click_Success->//*[@id="base_box"]/div/div[3]/form/button
[2021-03-17 06:19:04]cl_getDriver.py(127): click_Success->//*[@id="base_box"]/div/div[3]/form/button
[2021-03-17 06:19:04]cl_getDriver.py(72): Open NewTab->https://kabuoji3.com/stock/4008/2006/
[2021-03-17 06:19:05]cl_getDriver.py(127): click_Success->//*[@id="base_box"]/div/div[3]/form/button
[2021-03-17 06:19:05]cl_getDriver.py(72): Open NewTab->https://kabuoji3.com/stock/4021/2020/
[2021-03-17 06:19:06]cl_getDriver.py(127): click_Success->//*[@id="base_box"]/div/div[3]/form/button
[2021-03-17 06:19:06]cl_getDriver.py(127): click_Success->//*[@id="base_box"]/div/div[3]/form/button
[2021-03-17 06:19:08]cl_getDriver.py(127): click_Success->//*[@id="base_box"]/div/div[3]/form/button
[2021-03-17 06:19:09]cl_getDriver.py(72): Open NewTab->https://kabuoji3.com/stock/4008/2005/
[2021-03-17 06:19:09]cl_getDriver.py(127): click_Success->//*[@id="base_box"]/div/div[3]/form/button
[2021-03-17 06:19:09]cl_getDriver.py(72): Open NewTab->https://kabuoji3.com/stock/4021/2019/
[2021-03-17 06:19:10]cl_getDriver.py(127): click_Success->//*[@id="base_box"]/div/div[3]/form/button
[2021-03-17 06:19:11]cl_getDriver.py(127): click_Success->//*[@id="base_box"]/div/div[3]/form/button
[2021-03-17 06:19:12]cl_getDriver.py(127): click_Success->//*[@id="base_box"]/div/div[3]/form/button
[2021-03-17 06:19:13]cl_getDriver.py(72): Open NewTab->https://kabuoji3.com/stock/4008/2004/
[2021-03-17 06:19:13]cl_getDriver.py(127): click_Success->//*[@id="base_box"]/div/div[3]/form/button
[2021-03-17 06:19:13]cl_getDriver.py(72): Open NewTab->https://kabuoji3.com/stock/4021/2018/
[2021-03-17 06:19:14]cl_getDriver.py(127): click_Success->//*[@id="base_box"]/div/div[3]/form/button
[2021-03-17 06:19:15]cl_getDriver.py(127): click_Success->//*[@id="base_box"]/div/div[3]/form/button
[2021-03-17 06:19:17]cl_getDriver.py(127): click_Success->//*[@id="base_box"]/div/div[3]/form/button
[2021-03-17 06:19:17]cl_getDriver.py(72): Open NewTab->https://kabuoji3.com/stock/4008/2003/
[2021-03-17 06:19:17]cl_getDriver.py(127): click_Success->//*[@id="base_box"]/div/div[3]/form/button
[2021-03-17 06:19:18]cl_getDriver.py(72): Open NewTab->https://kabuoji3.com/stock/4021/2017/
[2021-03-17 06:19:19]cl_getDriver.py(127): click_Success->//*[@id="base_box"]/div/div[3]/form/button
[2021-03-17 06:19:19]cl_getDriver.py(127): click_Success->//*[@id="base_box"]/div/div[3]/form/button
[2021-03-17 06:19:21]cl_getDriver.py(127): click_Success->//*[@id="base_box"]/div/div[3]/form/button
[2021-03-17 06:19:22]cl_getDriver.py(72): Open NewTab->https://kabuoji3.com/stock/4008/2002/
[2021-03-17 06:19:22]cl_getDriver.py(127): click_Success->//*[@id="base_box"]/div/div[3]/form/button
[2021-03-17 06:19:22]cl_getDriver.py(72): Open NewTab->https://kabuoji3.com/stock/4021/2016/
[2021-03-17 06:19:23]cl_getDriver.py(127): click_Success->//*[@id="base_box"]/div/div[3]/form/button
[2021-03-17 06:19:23]cl_getDriver.py(127): click_Success->//*[@id="base_box"]/div/div[3]/form/button
[2021-03-17 06:19:25]cl_getDriver.py(127): click_Success->//*[@id="base_box"]/div/div[3]/form/button
[2021-03-17 06:19:26]cl_getDriver.py(72): Open NewTab->https://kabuoji3.com/stock/4008/2001/
[2021-03-17 06:19:26]cl_getDriver.py(127): click_Success->//*[@id="base_box"]/div/div[3]/form/button
[2021-03-17 06:19:26]cl_getDriver.py(72): Open NewTab->https://kabuoji3.com/stock/4021/2015/
[2021-03-17 06:19:27]cl_getDriver.py(127): click_Success->//*[@id="base_box"]/div/div[3]/form/button
[2021-03-17 06:19:27]cl_getDriver.py(127): click_Success->//*[@id="base_box"]/div/div[3]/form/button
[2021-03-17 06:19:29]cl_getDriver.py(127): click_Success->//*[@id="base_box"]/div/div[3]/form/button
[2021-03-17 06:19:30]cl_getDriver.py(72): Open NewTab->https://kabuoji3.com/stock/4008/2000/
[2021-03-17 06:19:30]cl_getDriver.py(127): click_Success->//*[@id="base_box"]/div/div[3]/form/button
[2021-03-17 06:19:30]cl_getDriver.py(72): Open NewTab->https://kabuoji3.com/stock/4021/2014/
[2021-03-17 06:19:31]cl_getDriver.py(127): click_Success->//*[@id="base_box"]/div/div[3]/form/button
[2021-03-17 06:19:31]cl_getDriver.py(127): click_Success->//*[@id="base_box"]/div/div[3]/form/button
[2021-03-17 06:19:33]cl_getDriver.py(127): click_Success->//*[@id="base_box"]/div/div[3]/form/button
[2021-03-17 06:19:34]cl_getDriver.py(72): Open NewTab->https://kabuoji3.com/stock/4008/1999/
[2021-03-17 06:19:34]cl_getDriver.py(127): click_Success->//*[@id="base_box"]/div/div[3]/form/button
[2021-03-17 06:19:34]cl_getDriver.py(72): Open NewTab->https://kabuoji3.com/stock/4021/2013/
[2021-03-17 06:19:35]cl_getDriver.py(127): click_Success->//*[@id="base_box"]/div/div[3]/form/button
[2021-03-17 06:19:36]cl_getDriver.py(127): click_Success->//*[@id="base_box"]/div/div[3]/form/button
[2021-03-17 06:19:37]cl_getDriver.py(127): click_Success->//*[@id="base_box"]/div/div[3]/form/button
[2021-03-17 06:19:38]cl_getDriver.py(72): Open NewTab->https://kabuoji3.com/stock/4008/1998/
[2021-03-17 06:19:38]cl_getDriver.py(127): click_Success->//*[@id="base_box"]/div/div[3]/form/button
[2021-03-17 06:19:38]cl_getDriver.py(72): Open NewTab->https://kabuoji3.com/stock/4021/2012/
[2021-03-17 06:19:39]cl_getDriver.py(127): click_Success->//*[@id="base_box"]/div/div[3]/form/button
[2021-03-17 06:19:40]cl_getDriver.py(127): click_Success->//*[@id="base_box"]/div/div[3]/form/button
[2021-03-17 06:19:42]cl_getDriver.py(127): click_Success->//*[@id="base_box"]/div/div[3]/form/button
[2021-03-17 06:19:42]cl_getDriver.py(72): Open NewTab->https://kabuoji3.com/stock/4008/1997/
[2021-03-17 06:19:42]cl_getDriver.py(127): click_Success->//*[@id="base_box"]/div/div[3]/form/button
[2021-03-17 06:19:43]cl_getDriver.py(72): Open NewTab->https://kabuoji3.com/stock/4021/2011/
[2021-03-17 06:19:44]cl_getDriver.py(127): click_Success->//*[@id="base_box"]/div/div[3]/form/button
[2021-03-17 06:19:44]cl_getDriver.py(127): click_Success->//*[@id="base_box"]/div/div[3]/form/button
[2021-03-17 06:19:46]cl_getDriver.py(127): click_Success->//*[@id="base_box"]/div/div[3]/form/button
[2021-03-17 06:19:46]cl_getDriver.py(72): Open NewTab->https://kabuoji3.com/stock/4008/1996/
[2021-03-17 06:19:46]cl_getDriver.py(127): click_Success->//*[@id="base_box"]/div/div[3]/form/button
[2021-03-17 06:19:47]cl_getDriver.py(72): Open NewTab->https://kabuoji3.com/stock/4021/2010/
[2021-03-17 06:19:47]cl_getDriver.py(127): click_Success->//*[@id="base_box"]/div/div[3]/form/button
[2021-03-17 06:19:48]cl_getDriver.py(127): click_Success->//*[@id="base_box"]/div/div[3]/form/button
[2021-03-17 06:19:50]cl_getDriver.py(127): click_Success->//*[@id="base_box"]/div/div[3]/form/button
[2021-03-17 06:19:50]cl_getDriver.py(127): click_Success->//*[@id="base_box"]/div/div[3]/form/button
[2021-03-17 06:19:51]cl_getDriver.py(72): Open NewTab->https://kabuoji3.com/stock/4021/2009/
[2021-03-17 06:19:51]cl_getDriver.py(72): Open NewTab->https://kabuoji3.com/stock/4008/1995/
[2021-03-17 06:19:52]cl_getDriver.py(127): click_Success->//*[@id="base_box"]/div/div[3]/form/button
[2021-03-17 06:19:52]cl_getDriver.py(127): click_Success->//*[@id="base_box"]/div/div[3]/form/button
[2021-03-17 06:19:54]cl_getDriver.py(127): click_Success->//*[@id="base_box"]/div/div[3]/form/button
[2021-03-17 06:19:54]cl_getDriver.py(127): click_Success->//*[@id="base_box"]/div/div[3]/form/button
[2021-03-17 06:19:55]cl_getDriver.py(72): Open NewTab->https://kabuoji3.com/stock/4021/2008/
[2021-03-17 06:19:55]cl_getDriver.py(72): Open NewTab->https://kabuoji3.com/stock/4008/1994/
[2021-03-17 06:19:56]cl_getDriver.py(127): click_Success->//*[@id="base_box"]/div/div[3]/form/button
[2021-03-17 06:19:57]cl_getDriver.py(127): click_Success->//*[@id="base_box"]/div/div[3]/form/button
[2021-03-17 06:19:59]cl_getDriver.py(127): click_Success->//*[@id="base_box"]/div/div[3]/form/button
[2021-03-17 06:19:59]cl_getDriver.py(127): click_Success->//*[@id="base_box"]/div/div[3]/form/button
[2021-03-17 06:19:59]cl_getDriver.py(72): Open NewTab->https://kabuoji3.com/stock/4021/2007/
[2021-03-17 06:19:59]cl_getDriver.py(72): Open NewTab->https://kabuoji3.com/stock/4008/1993/
[2021-03-17 06:20:01]cl_getDriver.py(127): click_Success->//*[@id="base_box"]/div/div[3]/form/button
[2021-03-17 06:20:01]cl_getDriver.py(127): click_Success->//*[@id="base_box"]/div/div[3]/form/button
[2021-03-17 06:20:03]cl_getDriver.py(127): click_Success->//*[@id="base_box"]/div/div[3]/form/button
[2021-03-17 06:20:03]cl_getDriver.py(127): click_Success->//*[@id="base_box"]/div/div[3]/form/button
[2021-03-17 06:20:04]cl_getDriver.py(72): Open NewTab->https://kabuoji3.com/stock/4021/2006/
[2021-03-17 06:20:04]cl_getDriver.py(72): Open NewTab->https://kabuoji3.com/stock/4008/1992/
[2021-03-17 06:20:05]cl_getDriver.py(127): click_Success->//*[@id="base_box"]/div/div[3]/form/button
[2021-03-17 06:20:05]cl_getDriver.py(127): click_Success->//*[@id="base_box"]/div/div[3]/form/button
[2021-03-17 06:20:07]cl_getDriver.py(127): click_Success->//*[@id="base_box"]/div/div[3]/form/button
[2021-03-17 06:20:08]cl_getDriver.py(127): click_Success->//*[@id="base_box"]/div/div[3]/form/button
[2021-03-17 06:20:08]cl_getDriver.py(72): Open NewTab->https://kabuoji3.com/stock/4021/2005/
[2021-03-17 06:20:08]cl_getDriver.py(72): Open NewTab->https://kabuoji3.com/stock/4008/1991/
[2021-03-17 06:20:09]cl_getDriver.py(127): click_Success->//*[@id="base_box"]/div/div[3]/form/button
[2021-03-17 06:20:10]cl_getDriver.py(127): click_Success->//*[@id="base_box"]/div/div[3]/form/button
[2021-03-17 06:20:12]cl_getDriver.py(127): click_Success->//*[@id="base_box"]/div/div[3]/form/button
[2021-03-17 06:20:12]cl_getDriver.py(127): click_Success->//*[@id="base_box"]/div/div[3]/form/button
[2021-03-17 06:20:12]cl_getDriver.py(72): Open NewTab->https://kabuoji3.com/stock/4021/2004/
[2021-03-17 06:20:12]cl_getDriver.py(72): Open NewTab->https://kabuoji3.com/stock/4008/1990/
[2021-03-17 06:20:14]cl_getDriver.py(127): click_Success->//*[@id="base_box"]/div/div[3]/form/button
[2021-03-17 06:20:14]cl_getDriver.py(127): click_Success->//*[@id="base_box"]/div/div[3]/form/button
[2021-03-17 06:20:16]cl_getDriver.py(127): click_Success->//*[@id="base_box"]/div/div[3]/form/button
[2021-03-17 06:20:16]cl_getDriver.py(127): click_Success->//*[@id="base_box"]/div/div[3]/form/button
[2021-03-17 06:20:17]cl_getDriver.py(72): Open NewTab->https://kabuoji3.com/stock/4021/2003/
[2021-03-17 06:20:17]cl_getDriver.py(72): Open NewTab->https://kabuoji3.com/stock/4008/1989/
[2021-03-17 06:20:18]cl_getDriver.py(127): click_Success->//*[@id="base_box"]/div/div[3]/form/button
[2021-03-17 06:20:18]cl_getDriver.py(127): click_Success->//*[@id="base_box"]/div/div[3]/form/button
[2021-03-17 06:20:20]cl_getDriver.py(127): click_Success->//*[@id="base_box"]/div/div[3]/form/button
[2021-03-17 06:20:21]cl_getDriver.py(127): click_Success->//*[@id="base_box"]/div/div[3]/form/button
[2021-03-17 06:20:21]cl_getDriver.py(72): Open NewTab->https://kabuoji3.com/stock/4021/2002/
[2021-03-17 06:20:21]cl_getDriver.py(72): Open NewTab->https://kabuoji3.com/stock/4008/1988/
[2021-03-17 06:20:23]cl_getDriver.py(127): click_Success->//*[@id="base_box"]/div/div[3]/form/button
[2021-03-17 06:20:23]cl_getDriver.py(127): click_Success->//*[@id="base_box"]/div/div[3]/form/button
[2021-03-17 06:20:25]cl_getDriver.py(127): click_Success->//*[@id="base_box"]/div/div[3]/form/button
[2021-03-17 06:20:25]cl_getDriver.py(127): click_Success->//*[@id="base_box"]/div/div[3]/form/button
[2021-03-17 06:20:26]cl_getDriver.py(72): Open NewTab->https://kabuoji3.com/stock/4008/1987/
[2021-03-17 06:20:26]cl_getDriver.py(72): Open NewTab->https://kabuoji3.com/stock/4021/2001/
[2021-03-17 06:20:27]cl_getDriver.py(127): click_Success->//*[@id="base_box"]/div/div[3]/form/button
[2021-03-17 06:20:27]cl_getDriver.py(127): click_Success->//*[@id="base_box"]/div/div[3]/form/button
[2021-03-17 06:20:29]cl_getDriver.py(127): click_Success->//*[@id="base_box"]/div/div[3]/form/button
[2021-03-17 06:20:29]cl_getDriver.py(127): click_Success->//*[@id="base_box"]/div/div[3]/form/button
[2021-03-17 06:20:30]cl_getDriver.py(72): Open NewTab->https://kabuoji3.com/stock/4008/1986/
[2021-03-17 06:20:30]cl_getDriver.py(72): Open NewTab->https://kabuoji3.com/stock/4021/2000/
[2021-03-17 06:20:31]cl_getDriver.py(127): click_Success->//*[@id="base_box"]/div/div[3]/form/button
[2021-03-17 06:20:31]cl_getDriver.py(127): click_Success->//*[@id="base_box"]/div/div[3]/form/button
[2021-03-17 06:20:34]cl_getDriver.py(127): click_Success->//*[@id="base_box"]/div/div[3]/form/button
[2021-03-17 06:20:34]cl_getDriver.py(127): click_Success->//*[@id="base_box"]/div/div[3]/form/button
[2021-03-17 06:20:34]cl_getDriver.py(72): Open NewTab->https://kabuoji3.com/stock/4021/1999/
[2021-03-17 06:20:35]cl_getDriver.py(72): Open NewTab->https://kabuoji3.com/stock/4008/1985/
[2021-03-17 06:20:36]cl_getDriver.py(127): click_Success->//*[@id="base_box"]/div/div[3]/form/button
[2021-03-17 06:20:36]cl_getDriver.py(127): click_Success->//*[@id="base_box"]/div/div[3]/form/button
[2021-03-17 06:20:38]cl_getDriver.py(127): click_Success->//*[@id="base_box"]/div/div[3]/form/button
[2021-03-17 06:20:38]cl_getDriver.py(127): click_Success->//*[@id="base_box"]/div/div[3]/form/button
[2021-03-17 06:20:39]cl_getDriver.py(72): Open NewTab->https://kabuoji3.com/stock/4021/1998/
[2021-03-17 06:20:39]cl_getDriver.py(72): Open NewTab->https://kabuoji3.com/stock/4008/1984/
[2021-03-17 06:20:40]cl_getDriver.py(127): click_Success->//*[@id="base_box"]/div/div[3]/form/button
[2021-03-17 06:20:40]cl_getDriver.py(127): click_Success->//*[@id="base_box"]/div/div[3]/form/button
[2021-03-17 06:20:42]cl_getDriver.py(127): click_Success->//*[@id="base_box"]/div/div[3]/form/button
[2021-03-17 06:20:43]cl_getDriver.py(72): Open NewTab->https://kabuoji3.com/stock/4021/1997/
[2021-03-17 06:20:43]cl_getDriver.py(127): click_Success->//*[@id="base_box"]/div/div[3]/form/button
[2021-03-17 06:20:43]cl_getDriver.py(72): Open NewTab->https://kabuoji3.com/stock/4008/1983/
[2021-03-17 06:20:44]cl_getDriver.py(127): click_Success->//*[@id="base_box"]/div/div[3]/form/button
[2021-03-17 06:20:45]cl_getDriver.py(127): click_Success->//*[@id="base_box"]/div/div[3]/form/button
[2021-03-17 06:20:46]cl_getDriver.py(127): click_Success->//*[@id="base_box"]/div/div[3]/form/button
[2021-03-17 06:20:47]cl_getDriver.py(72): Open NewTab->https://kabuoji3.com/stock/4021/1996/
[2021-03-17 06:20:47]cl_getDriver.py(127): click_Success->//*[@id="base_box"]/div/div[3]/form/button
[2021-03-17 06:20:48]cl_getDriver.py(127): click_Success->//*[@id="base_box"]/div/div[3]/form/button
[2021-03-17 06:20:50]cl_getDriver.py(127): click_Success->//*[@id="base_box"]/div/div[3]/form/button
[2021-03-17 06:20:51]cl_getDriver.py(72): Open NewTab->https://kabuoji3.com/stock/4021/1995/
[2021-03-17 06:20:51]main.py(42): finished Process->https://kabuoji3.com/stock/4008/
[2021-03-17 06:20:51]main.py(15): start_Process->https://kabuoji3.com/stock/4022/
[2021-03-17 06:20:52]cl_getDriver.py(127): click_Success->//*[@id="base_box"]/div/div[3]/form/button
[2021-03-17 06:20:54]cl_getDriver.py(127): click_Success->//*[@id="base_box"]/div/div[3]/form/button
[2021-03-17 06:20:54]cl_getDriver.py(72): Open NewTab->https://kabuoji3.com/stock/4021/1994/
[2021-03-17 06:20:55]cl_getDriver.py(127): click_Success->//*[@id="base_box"]/div/div[3]/form/button
[2021-03-17 06:20:56]cl_getDriver.py(64): getURL=https://kabuoji3.com/stock/4022/
[2021-03-17 06:20:57]cl_getDriver.py(72): Open NewTab->https://kabuoji3.com/stock/4022/
[2021-03-17 06:20:57]cl_getDriver.py(130): Not Found->//*[@id="base_box"]/div/div[3]/form/button
[2021-03-17 06:20:58]cl_getDriver.py(127): click_Success->//*[@id="base_box"]/div/div[3]/form/button
[2021-03-17 06:20:58]cl_getDriver.py(72): Open NewTab->https://kabuoji3.com/stock/4021/1993/
[2021-03-17 06:20:59]cl_getDriver.py(127): click_Success->//*[@id="base_box"]/div/div[3]/form/button
[2021-03-17 06:20:59]cl_getDriver.py(130): Not Found->//*[@id="base_box"]/div/div[3]/form/button
[2021-03-17 06:21:00]cl_getDriver.py(72): Open NewTab->https://kabuoji3.com/stock/4022/2021/
[2021-03-17 06:21:01]cl_getDriver.py(127): click_Success->//*[@id="base_box"]/div/div[3]/form/button
[2021-03-17 06:21:01]cl_getDriver.py(127): click_Success->//*[@id="base_box"]/div/div[3]/form/button
[2021-03-17 06:21:01]cl_getDriver.py(72): Open NewTab->https://kabuoji3.com/stock/4021/1992/
[2021-03-17 06:21:02]cl_getDriver.py(127): click_Success->//*[@id="base_box"]/div/div[3]/form/button
[2021-03-17 06:21:03]cl_getDriver.py(127): click_Success->//*[@id="base_box"]/div/div[3]/form/button
[2021-03-17 06:21:03]cl_getDriver.py(72): Open NewTab->https://kabuoji3.com/stock/4022/2020/
[2021-03-17 06:21:04]cl_getDriver.py(127): click_Success->//*[@id="base_box"]/div/div[3]/form/button
[2021-03-17 06:21:05]cl_getDriver.py(127): click_Success->//*[@id="base_box"]/div/div[3]/form/button
[2021-03-17 06:21:05]cl_getDriver.py(72): Open NewTab->https://kabuoji3.com/stock/4021/1991/
[2021-03-17 06:21:06]cl_getDriver.py(127): click_Success->//*[@id="base_box"]/div/div[3]/form/button
[2021-03-17 06:21:07]cl_getDriver.py(127): click_Success->//*[@id="base_box"]/div/div[3]/form/button
[2021-03-17 06:21:07]cl_getDriver.py(72): Open NewTab->https://kabuoji3.com/stock/4022/2019/
[2021-03-17 06:21:08]cl_getDriver.py(127): click_Success->//*[@id="base_box"]/div/div[3]/form/button
[2021-03-17 06:21:08]cl_getDriver.py(127): click_Success->//*[@id="base_box"]/div/div[3]/form/button
[2021-03-17 06:21:09]cl_getDriver.py(72): Open NewTab->https://kabuoji3.com/stock/4021/1990/
[2021-03-17 06:21:10]cl_getDriver.py(127): click_Success->//*[@id="base_box"]/div/div[3]/form/button
[2021-03-17 06:21:10]cl_getDriver.py(127): click_Success->//*[@id="base_box"]/div/div[3]/form/button
[2021-03-17 06:21:11]cl_getDriver.py(72): Open NewTab->https://kabuoji3.com/stock/4022/2018/
[2021-03-17 06:21:12]cl_getDriver.py(127): click_Success->//*[@id="base_box"]/div/div[3]/form/button
[2021-03-17 06:21:12]cl_getDriver.py(127): click_Success->//*[@id="base_box"]/div/div[3]/form/button
[2021-03-17 06:21:12]cl_getDriver.py(72): Open NewTab->https://kabuoji3.com/stock/4021/1989/
[2021-03-17 06:21:13]cl_getDriver.py(127): click_Success->//*[@id="base_box"]/div/div[3]/form/button
[2021-03-17 06:21:14]cl_getDriver.py(127): click_Success->//*[@id="base_box"]/div/div[3]/form/button
[2021-03-17 06:21:14]cl_getDriver.py(72): Open NewTab->https://kabuoji3.com/stock/4022/2017/
[2021-03-17 06:21:15]cl_getDriver.py(127): click_Success->//*[@id="base_box"]/div/div[3]/form/button
[2021-03-17 06:21:16]cl_getDriver.py(127): click_Success->//*[@id="base_box"]/div/div[3]/form/button
[2021-03-17 06:21:16]cl_getDriver.py(72): Open NewTab->https://kabuoji3.com/stock/4021/1988/
[2021-03-17 06:21:17]cl_getDriver.py(127): click_Success->//*[@id="base_box"]/div/div[3]/form/button
[2021-03-17 06:21:18]cl_getDriver.py(127): click_Success->//*[@id="base_box"]/div/div[3]/form/button
[2021-03-17 06:21:18]cl_getDriver.py(72): Open NewTab->https://kabuoji3.com/stock/4022/2016/
[2021-03-17 06:21:19]cl_getDriver.py(127): click_Success->//*[@id="base_box"]/div/div[3]/form/button
[2021-03-17 06:21:19]cl_getDriver.py(127): click_Success->//*[@id="base_box"]/div/div[3]/form/button
[2021-03-17 06:21:20]cl_getDriver.py(72): Open NewTab->https://kabuoji3.com/stock/4021/1987/
[2021-03-17 06:21:21]cl_getDriver.py(127): click_Success->//*[@id="base_box"]/div/div[3]/form/button
[2021-03-17 06:21:21]cl_getDriver.py(127): click_Success->//*[@id="base_box"]/div/div[3]/form/button
[2021-03-17 06:21:22]cl_getDriver.py(72): Open NewTab->https://kabuoji3.com/stock/4022/2015/
[2021-03-17 06:21:22]cl_getDriver.py(127): click_Success->//*[@id="base_box"]/div/div[3]/form/button
[2021-03-17 06:21:23]cl_getDriver.py(127): click_Success->//*[@id="base_box"]/div/div[3]/form/button
[2021-03-17 06:21:23]cl_getDriver.py(72): Open NewTab->https://kabuoji3.com/stock/4021/1986/
[2021-03-17 06:21:25]cl_getDriver.py(127): click_Success->//*[@id="base_box"]/div/div[3]/form/button
[2021-03-17 06:21:25]cl_getDriver.py(127): click_Success->//*[@id="base_box"]/div/div[3]/form/button
[2021-03-17 06:21:25]cl_getDriver.py(72): Open NewTab->https://kabuoji3.com/stock/4022/2014/
[2021-03-17 06:21:26]cl_getDriver.py(127): click_Success->//*[@id="base_box"]/div/div[3]/form/button
[2021-03-17 06:21:27]cl_getDriver.py(127): click_Success->//*[@id="base_box"]/div/div[3]/form/button
[2021-03-17 06:21:28]cl_getDriver.py(72): Open NewTab->https://kabuoji3.com/stock/4021/1985/
[2021-03-17 06:21:28]cl_getDriver.py(127): click_Success->//*[@id="base_box"]/div/div[3]/form/button
[2021-03-17 06:21:29]cl_getDriver.py(72): Open NewTab->https://kabuoji3.com/stock/4022/2013/
[2021-03-17 06:21:29]cl_getDriver.py(127): click_Success->//*[@id="base_box"]/div/div[3]/form/button
[2021-03-17 06:21:30]cl_getDriver.py(127): click_Success->//*[@id="base_box"]/div/div[3]/form/button
[2021-03-17 06:21:31]cl_getDriver.py(127): click_Success->//*[@id="base_box"]/div/div[3]/form/button
[2021-03-17 06:21:32]cl_getDriver.py(72): Open NewTab->https://kabuoji3.com/stock/4021/1984/
[2021-03-17 06:21:32]cl_getDriver.py(127): click_Success->//*[@id="base_box"]/div/div[3]/form/button
[2021-03-17 06:21:33]cl_getDriver.py(72): Open NewTab->https://kabuoji3.com/stock/4022/2012/
[2021-03-17 06:21:34]cl_getDriver.py(127): click_Success->//*[@id="base_box"]/div/div[3]/form/button
[2021-03-17 06:21:34]cl_getDriver.py(127): click_Success->//*[@id="base_box"]/div/div[3]/form/button
[2021-03-17 06:21:36]cl_getDriver.py(127): click_Success->//*[@id="base_box"]/div/div[3]/form/button
[2021-03-17 06:21:36]cl_getDriver.py(72): Open NewTab->https://kabuoji3.com/stock/4021/1983/
[2021-03-17 06:21:36]cl_getDriver.py(127): click_Success->//*[@id="base_box"]/div/div[3]/form/button
[2021-03-17 06:21:37]cl_getDriver.py(72): Open NewTab->https://kabuoji3.com/stock/4022/2011/
[2021-03-17 06:21:38]cl_getDriver.py(127): click_Success->//*[@id="base_box"]/div/div[3]/form/button
[2021-03-17 06:21:39]cl_getDriver.py(127): click_Success->//*[@id="base_box"]/div/div[3]/form/button
[2021-03-17 06:21:40]cl_getDriver.py(127): click_Success->//*[@id="base_box"]/div/div[3]/form/button
[2021-03-17 06:21:41]cl_getDriver.py(127): click_Success->//*[@id="base_box"]/div/div[3]/form/button
[2021-03-17 06:21:41]cl_getDriver.py(72): Open NewTab->https://kabuoji3.com/stock/4022/2010/
[2021-03-17 06:21:42]cl_getDriver.py(127): click_Success->//*[@id="base_box"]/div/div[3]/form/button
[2021-03-17 06:21:44]main.py(42): finished Process->https://kabuoji3.com/stock/4021/
[2021-03-17 06:21:44]main.py(15): start_Process->https://kabuoji3.com/stock/4023/
[2021-03-17 06:21:45]cl_getDriver.py(127): click_Success->//*[@id="base_box"]/div/div[3]/form/button
[2021-03-17 06:21:45]cl_getDriver.py(72): Open NewTab->https://kabuoji3.com/stock/4022/2009/
[2021-03-17 06:21:46]cl_getDriver.py(127): click_Success->//*[@id="base_box"]/div/div[3]/form/button
[2021-03-17 06:21:48]cl_getDriver.py(127): click_Success->//*[@id="base_box"]/div/div[3]/form/button
[2021-03-17 06:21:49]cl_getDriver.py(72): Open NewTab->https://kabuoji3.com/stock/4022/2008/
[2021-03-17 06:21:50]cl_getDriver.py(127): click_Success->//*[@id="base_box"]/div/div[3]/form/button
[2021-03-17 06:21:50]cl_getDriver.py(64): getURL=https://kabuoji3.com/stock/4023/
[2021-03-17 06:21:50]cl_getDriver.py(72): Open NewTab->https://kabuoji3.com/stock/4023/
[2021-03-17 06:21:51]cl_getDriver.py(130): Not Found->//*[@id="base_box"]/div/div[3]/form/button
[2021-03-17 06:21:52]cl_getDriver.py(127): click_Success->//*[@id="base_box"]/div/div[3]/form/button
[2021-03-17 06:21:52]cl_getDriver.py(72): Open NewTab->https://kabuoji3.com/stock/4022/2007/
[2021-03-17 06:21:53]cl_getDriver.py(130): Not Found->//*[@id="base_box"]/div/div[3]/form/button
[2021-03-17 06:21:54]cl_getDriver.py(127): click_Success->//*[@id="base_box"]/div/div[3]/form/button
[2021-03-17 06:21:54]cl_getDriver.py(72): Open NewTab->https://kabuoji3.com/stock/4023/2021/
[2021-03-17 06:21:55]cl_getDriver.py(127): click_Success->//*[@id="base_box"]/div/div[3]/form/button
[2021-03-17 06:21:56]cl_getDriver.py(127): click_Success->//*[@id="base_box"]/div/div[3]/form/button
[2021-03-17 06:21:56]cl_getDriver.py(72): Open NewTab->https://kabuoji3.com/stock/4022/2006/
[2021-03-17 06:21:57]cl_getDriver.py(127): click_Success->//*[@id="base_box"]/div/div[3]/form/button
[2021-03-17 06:21:58]cl_getDriver.py(127): click_Success->//*[@id="base_box"]/div/div[3]/form/button
[2021-03-17 06:21:58]cl_getDriver.py(72): Open NewTab->https://kabuoji3.com/stock/4023/2020/
[2021-03-17 06:21:59]cl_getDriver.py(127): click_Success->//*[@id="base_box"]/div/div[3]/form/button
[2021-03-17 06:22:00]cl_getDriver.py(127): click_Success->//*[@id="base_box"]/div/div[3]/form/button
[2021-03-17 06:22:00]cl_getDriver.py(72): Open NewTab->https://kabuoji3.com/stock/4022/2005/
[2021-03-17 06:22:01]cl_getDriver.py(127): click_Success->//*[@id="base_box"]/div/div[3]/form/button
[2021-03-17 06:22:02]cl_getDriver.py(72): Open NewTab->https://kabuoji3.com/stock/4023/2019/
[2021-03-17 06:22:02]cl_getDriver.py(127): click_Success->//*[@id="base_box"]/div/div[3]/form/button
[2021-03-17 06:22:03]cl_getDriver.py(127): click_Success->//*[@id="base_box"]/div/div[3]/form/button
[2021-03-17 06:22:04]cl_getDriver.py(127): click_Success->//*[@id="base_box"]/div/div[3]/form/button
[2021-03-17 06:22:04]cl_getDriver.py(72): Open NewTab->https://kabuoji3.com/stock/4022/2004/
[2021-03-17 06:22:05]cl_getDriver.py(127): click_Success->//*[@id="base_box"]/div/div[3]/form/button
[2021-03-17 06:22:06]cl_getDriver.py(72): Open NewTab->https://kabuoji3.com/stock/4023/2018/
[2021-03-17 06:22:06]cl_getDriver.py(127): click_Success->//*[@id="base_box"]/div/div[3]/form/button
[2021-03-17 06:22:07]cl_getDriver.py(127): click_Success->//*[@id="base_box"]/div/div[3]/form/button
[2021-03-17 06:22:08]cl_getDriver.py(127): click_Success->//*[@id="base_box"]/div/div[3]/form/button
[2021-03-17 06:22:08]cl_getDriver.py(72): Open NewTab->https://kabuoji3.com/stock/4022/2003/
[2021-03-17 06:22:09]cl_getDriver.py(127): click_Success->//*[@id="base_box"]/div/div[3]/form/button
[2021-03-17 06:22:10]cl_getDriver.py(72): Open NewTab->https://kabuoji3.com/stock/4023/2017/
[2021-03-17 06:22:10]cl_getDriver.py(127): click_Success->//*[@id="base_box"]/div/div[3]/form/button
[2021-03-17 06:22:10]cl_getDriver.py(127): click_Success->//*[@id="base_box"]/div/div[3]/form/button
[2021-03-17 06:22:12]cl_getDriver.py(127): click_Success->//*[@id="base_box"]/div/div[3]/form/button
[2021-03-17 06:22:12]cl_getDriver.py(72): Open NewTab->https://kabuoji3.com/stock/4022/2002/
[2021-03-17 06:22:13]cl_getDriver.py(127): click_Success->//*[@id="base_box"]/div/div[3]/form/button
[2021-03-17 06:22:13]cl_getDriver.py(72): Open NewTab->https://kabuoji3.com/stock/4023/2016/
[2021-03-17 06:22:14]cl_getDriver.py(127): click_Success->//*[@id="base_box"]/div/div[3]/form/button
[2021-03-17 06:22:15]cl_getDriver.py(127): click_Success->//*[@id="base_box"]/div/div[3]/form/button
[2021-03-17 06:22:16]cl_getDriver.py(127): click_Success->//*[@id="base_box"]/div/div[3]/form/button
[2021-03-17 06:22:16]cl_getDriver.py(72): Open NewTab->https://kabuoji3.com/stock/4022/2001/
[2021-03-17 06:22:17]cl_getDriver.py(127): click_Success->//*[@id="base_box"]/div/div[3]/form/button
[2021-03-17 06:22:17]cl_getDriver.py(72): Open NewTab->https://kabuoji3.com/stock/4023/2015/
[2021-03-17 06:22:18]cl_getDriver.py(127): click_Success->//*[@id="base_box"]/div/div[3]/form/button
[2021-03-17 06:22:18]cl_getDriver.py(127): click_Success->//*[@id="base_box"]/div/div[3]/form/button
[2021-03-17 06:22:20]cl_getDriver.py(127): click_Success->//*[@id="base_box"]/div/div[3]/form/button
[2021-03-17 06:22:20]cl_getDriver.py(72): Open NewTab->https://kabuoji3.com/stock/4022/2000/
[2021-03-17 06:22:21]cl_getDriver.py(127): click_Success->//*[@id="base_box"]/div/div[3]/form/button
[2021-03-17 06:22:21]cl_getDriver.py(72): Open NewTab->https://kabuoji3.com/stock/4023/2014/
[2021-03-17 06:22:22]cl_getDriver.py(127): click_Success->//*[@id="base_box"]/div/div[3]/form/button
[2021-03-17 06:22:22]cl_getDriver.py(127): click_Success->//*[@id="base_box"]/div/div[3]/form/button
[2021-03-17 06:22:24]cl_getDriver.py(127): click_Success->//*[@id="base_box"]/div/div[3]/form/button
[2021-03-17 06:22:24]cl_getDriver.py(72): Open NewTab->https://kabuoji3.com/stock/4022/1999/
[2021-03-17 06:22:25]cl_getDriver.py(127): click_Success->//*[@id="base_box"]/div/div[3]/form/button
[2021-03-17 06:22:25]cl_getDriver.py(72): Open NewTab->https://kabuoji3.com/stock/4023/2013/
[2021-03-17 06:22:26]cl_getDriver.py(127): click_Success->//*[@id="base_box"]/div/div[3]/form/button
[2021-03-17 06:22:26]cl_getDriver.py(127): click_Success->//*[@id="base_box"]/div/div[3]/form/button
[2021-03-17 06:22:28]cl_getDriver.py(127): click_Success->//*[@id="base_box"]/div/div[3]/form/button
[2021-03-17 06:22:29]cl_getDriver.py(72): Open NewTab->https://kabuoji3.com/stock/4022/1998/
[2021-03-17 06:22:29]cl_getDriver.py(127): click_Success->//*[@id="base_box"]/div/div[3]/form/button
[2021-03-17 06:22:29]cl_getDriver.py(72): Open NewTab->https://kabuoji3.com/stock/4023/2012/
[2021-03-17 06:22:30]cl_getDriver.py(127): click_Success->//*[@id="base_box"]/div/div[3]/form/button
[2021-03-17 06:22:30]cl_getDriver.py(127): click_Success->//*[@id="base_box"]/div/div[3]/form/button
[2021-03-17 06:22:33]cl_getDriver.py(127): click_Success->//*[@id="base_box"]/div/div[3]/form/button
[2021-03-17 06:22:33]cl_getDriver.py(127): click_Success->//*[@id="base_box"]/div/div[3]/form/button
[2021-03-17 06:22:33]cl_getDriver.py(72): Open NewTab->https://kabuoji3.com/stock/4022/1997/
[2021-03-17 06:22:33]cl_getDriver.py(72): Open NewTab->https://kabuoji3.com/stock/4023/2011/
[2021-03-17 06:22:34]cl_getDriver.py(127): click_Success->//*[@id="base_box"]/div/div[3]/form/button
[2021-03-17 06:22:35]cl_getDriver.py(127): click_Success->//*[@id="base_box"]/div/div[3]/form/button
[2021-03-17 06:22:37]cl_getDriver.py(127): click_Success->//*[@id="base_box"]/div/div[3]/form/button
[2021-03-17 06:22:37]cl_getDriver.py(127): click_Success->//*[@id="base_box"]/div/div[3]/form/button
[2021-03-17 06:22:37]cl_getDriver.py(72): Open NewTab->https://kabuoji3.com/stock/4022/1996/
[2021-03-17 06:22:38]cl_getDriver.py(72): Open NewTab->https://kabuoji3.com/stock/4023/2010/
[2021-03-17 06:22:39]cl_getDriver.py(127): click_Success->//*[@id="base_box"]/div/div[3]/form/button
[2021-03-17 06:22:39]cl_getDriver.py(127): click_Success->//*[@id="base_box"]/div/div[3]/form/button
[2021-03-17 06:22:41]cl_getDriver.py(127): click_Success->//*[@id="base_box"]/div/div[3]/form/button
[2021-03-17 06:22:41]cl_getDriver.py(127): click_Success->//*[@id="base_box"]/div/div[3]/form/button
[2021-03-17 06:22:42]cl_getDriver.py(72): Open NewTab->https://kabuoji3.com/stock/4022/1995/
[2021-03-17 06:22:42]cl_getDriver.py(72): Open NewTab->https://kabuoji3.com/stock/4023/2009/
[2021-03-17 06:22:43]cl_getDriver.py(127): click_Success->//*[@id="base_box"]/div/div[3]/form/button
[2021-03-17 06:22:44]cl_getDriver.py(127): click_Success->//*[@id="base_box"]/div/div[3]/form/button
[2021-03-17 06:22:45]cl_getDriver.py(127): click_Success->//*[@id="base_box"]/div/div[3]/form/button
[2021-03-17 06:22:46]cl_getDriver.py(72): Open NewTab->https://kabuoji3.com/stock/4023/2008/
[2021-03-17 06:22:46]cl_getDriver.py(127): click_Success->//*[@id="base_box"]/div/div[3]/form/button
[2021-03-17 06:22:47]cl_getDriver.py(127): click_Success->//*[@id="base_box"]/div/div[3]/form/button
[2021-03-17 06:22:47]cl_getDriver.py(72): Open NewTab->https://kabuoji3.com/stock/4022/1994/
[2021-03-17 06:22:48]cl_getDriver.py(127): click_Success->//*[@id="base_box"]/div/div[3]/form/button
[2021-03-17 06:22:49]cl_getDriver.py(127): click_Success->//*[@id="base_box"]/div/div[3]/form/button
[2021-03-17 06:22:49]cl_getDriver.py(72): Open NewTab->https://kabuoji3.com/stock/4023/2007/
[2021-03-17 06:22:50]cl_getDriver.py(127): click_Success->//*[@id="base_box"]/div/div[3]/form/button
[2021-03-17 06:22:50]cl_getDriver.py(127): click_Success->//*[@id="base_box"]/div/div[3]/form/button
[2021-03-17 06:22:51]cl_getDriver.py(72): Open NewTab->https://kabuoji3.com/stock/4022/1993/
[2021-03-17 06:22:52]cl_getDriver.py(127): click_Success->//*[@id="base_box"]/div/div[3]/form/button
[2021-03-17 06:22:53]cl_getDriver.py(127): click_Success->//*[@id="base_box"]/div/div[3]/form/button
[2021-03-17 06:22:53]cl_getDriver.py(72): Open NewTab->https://kabuoji3.com/stock/4023/2006/
[2021-03-17 06:22:54]cl_getDriver.py(127): click_Success->//*[@id="base_box"]/div/div[3]/form/button
[2021-03-17 06:22:54]cl_getDriver.py(127): click_Success->//*[@id="base_box"]/div/div[3]/form/button
[2021-03-17 06:22:55]cl_getDriver.py(72): Open NewTab->https://kabuoji3.com/stock/4022/1992/
[2021-03-17 06:22:56]cl_getDriver.py(127): click_Success->//*[@id="base_box"]/div/div[3]/form/button
[2021-03-17 06:22:56]cl_getDriver.py(127): click_Success->//*[@id="base_box"]/div/div[3]/form/button
[2021-03-17 06:22:57]cl_getDriver.py(72): Open NewTab->https://kabuoji3.com/stock/4023/2005/
[2021-03-17 06:22:58]cl_getDriver.py(127): click_Success->//*[@id="base_box"]/div/div[3]/form/button
[2021-03-17 06:22:58]cl_getDriver.py(127): click_Success->//*[@id="base_box"]/div/div[3]/form/button
[2021-03-17 06:22:58]cl_getDriver.py(72): Open NewTab->https://kabuoji3.com/stock/4022/1991/
[2021-03-17 06:22:59]cl_getDriver.py(127): click_Success->//*[@id="base_box"]/div/div[3]/form/button
[2021-03-17 06:23:00]cl_getDriver.py(127): click_Success->//*[@id="base_box"]/div/div[3]/form/button
[2021-03-17 06:23:01]cl_getDriver.py(72): Open NewTab->https://kabuoji3.com/stock/4023/2004/
[2021-03-17 06:23:02]cl_getDriver.py(127): click_Success->//*[@id="base_box"]/div/div[3]/form/button
[2021-03-17 06:23:02]cl_getDriver.py(127): click_Success->//*[@id="base_box"]/div/div[3]/form/button
[2021-03-17 06:23:02]cl_getDriver.py(72): Open NewTab->https://kabuoji3.com/stock/4022/1990/
[2021-03-17 06:23:03]cl_getDriver.py(127): click_Success->//*[@id="base_box"]/div/div[3]/form/button
[2021-03-17 06:23:04]cl_getDriver.py(127): click_Success->//*[@id="base_box"]/div/div[3]/form/button
[2021-03-17 06:23:04]cl_getDriver.py(72): Open NewTab->https://kabuoji3.com/stock/4023/2003/
[2021-03-17 06:23:05]cl_getDriver.py(127): click_Success->//*[@id="base_box"]/div/div[3]/form/button
[2021-03-17 06:23:06]cl_getDriver.py(127): click_Success->//*[@id="base_box"]/div/div[3]/form/button
[2021-03-17 06:23:06]cl_getDriver.py(72): Open NewTab->https://kabuoji3.com/stock/4022/1989/
[2021-03-17 06:23:07]cl_getDriver.py(127): click_Success->//*[@id="base_box"]/div/div[3]/form/button
[2021-03-17 06:23:08]cl_getDriver.py(127): click_Success->//*[@id="base_box"]/div/div[3]/form/button
[2021-03-17 06:23:08]cl_getDriver.py(72): Open NewTab->https://kabuoji3.com/stock/4023/2002/
[2021-03-17 06:23:09]cl_getDriver.py(127): click_Success->//*[@id="base_box"]/div/div[3]/form/button
[2021-03-17 06:23:10]cl_getDriver.py(72): Open NewTab->https://kabuoji3.com/stock/4022/1988/
[2021-03-17 06:23:10]cl_getDriver.py(127): click_Success->//*[@id="base_box"]/div/div[3]/form/button
[2021-03-17 06:23:11]cl_getDriver.py(127): click_Success->//*[@id="base_box"]/div/div[3]/form/button
[2021-03-17 06:23:12]cl_getDriver.py(127): click_Success->//*[@id="base_box"]/div/div[3]/form/button
[2021-03-17 06:23:12]cl_getDriver.py(72): Open NewTab->https://kabuoji3.com/stock/4023/2001/
[2021-03-17 06:23:13]cl_getDriver.py(127): click_Success->//*[@id="base_box"]/div/div[3]/form/button
[2021-03-17 06:23:13]cl_getDriver.py(72): Open NewTab->https://kabuoji3.com/stock/4022/1987/
[2021-03-17 06:23:14]cl_getDriver.py(127): click_Success->//*[@id="base_box"]/div/div[3]/form/button
[2021-03-17 06:23:14]cl_getDriver.py(127): click_Success->//*[@id="base_box"]/div/div[3]/form/button
[2021-03-17 06:23:16]cl_getDriver.py(127): click_Success->//*[@id="base_box"]/div/div[3]/form/button
[2021-03-17 06:23:16]cl_getDriver.py(72): Open NewTab->https://kabuoji3.com/stock/4023/2000/
[2021-03-17 06:23:17]cl_getDriver.py(127): click_Success->//*[@id="base_box"]/div/div[3]/form/button
[2021-03-17 06:23:17]cl_getDriver.py(72): Open NewTab->https://kabuoji3.com/stock/4022/1986/
[2021-03-17 06:23:18]cl_getDriver.py(127): click_Success->//*[@id="base_box"]/div/div[3]/form/button
[2021-03-17 06:23:19]cl_getDriver.py(127): click_Success->//*[@id="base_box"]/div/div[3]/form/button
[2021-03-17 06:23:20]cl_getDriver.py(127): click_Success->//*[@id="base_box"]/div/div[3]/form/button
[2021-03-17 06:23:21]cl_getDriver.py(72): Open NewTab->https://kabuoji3.com/stock/4023/1999/
[2021-03-17 06:23:21]cl_getDriver.py(127): click_Success->//*[@id="base_box"]/div/div[3]/form/button
[2021-03-17 06:23:21]cl_getDriver.py(72): Open NewTab->https://kabuoji3.com/stock/4022/1985/
[2021-03-17 06:23:22]cl_getDriver.py(127): click_Success->//*[@id="base_box"]/div/div[3]/form/button
[2021-03-17 06:23:23]cl_getDriver.py(127): click_Success->//*[@id="base_box"]/div/div[3]/form/button
[2021-03-17 06:23:24]cl_getDriver.py(127): click_Success->//*[@id="base_box"]/div/div[3]/form/button
[2021-03-17 06:23:25]cl_getDriver.py(72): Open NewTab->https://kabuoji3.com/stock/4023/1998/
[2021-03-17 06:23:25]cl_getDriver.py(127): click_Success->//*[@id="base_box"]/div/div[3]/form/button
[2021-03-17 06:23:25]cl_getDriver.py(72): Open NewTab->https://kabuoji3.com/stock/4022/1984/
[2021-03-17 06:23:26]cl_getDriver.py(127): click_Success->//*[@id="base_box"]/div/div[3]/form/button
[2021-03-17 06:23:27]cl_getDriver.py(127): click_Success->//*[@id="base_box"]/div/div[3]/form/button
[2021-03-17 06:23:28]cl_getDriver.py(127): click_Success->//*[@id="base_box"]/div/div[3]/form/button
[2021-03-17 06:23:29]cl_getDriver.py(72): Open NewTab->https://kabuoji3.com/stock/4023/1997/
[2021-03-17 06:23:29]cl_getDriver.py(127): click_Success->//*[@id="base_box"]/div/div[3]/form/button
[2021-03-17 06:23:29]cl_getDriver.py(72): Open NewTab->https://kabuoji3.com/stock/4022/1983/
[2021-03-17 06:23:30]cl_getDriver.py(127): click_Success->//*[@id="base_box"]/div/div[3]/form/button
[2021-03-17 06:23:31]cl_getDriver.py(127): click_Success->//*[@id="base_box"]/div/div[3]/form/button
[2021-03-17 06:23:32]cl_getDriver.py(127): click_Success->//*[@id="base_box"]/div/div[3]/form/button
[2021-03-17 06:23:33]cl_getDriver.py(72): Open NewTab->https://kabuoji3.com/stock/4023/1996/
[2021-03-17 06:23:33]cl_getDriver.py(127): click_Success->//*[@id="base_box"]/div/div[3]/form/button
[2021-03-17 06:23:34]cl_getDriver.py(127): click_Success->//*[@id="base_box"]/div/div[3]/form/button
[2021-03-17 06:23:36]main.py(42): finished Process->https://kabuoji3.com/stock/4022/
[2021-03-17 06:23:36]main.py(15): start_Process->https://kabuoji3.com/stock/4025/
[2021-03-17 06:23:37]cl_getDriver.py(127): click_Success->//*[@id="base_box"]/div/div[3]/form/button
[2021-03-17 06:23:37]cl_getDriver.py(72): Open NewTab->https://kabuoji3.com/stock/4023/1995/
[2021-03-17 06:23:38]cl_getDriver.py(127): click_Success->//*[@id="base_box"]/div/div[3]/form/button
[2021-03-17 06:23:40]cl_getDriver.py(127): click_Success->//*[@id="base_box"]/div/div[3]/form/button
[2021-03-17 06:23:41]cl_getDriver.py(72): Open NewTab->https://kabuoji3.com/stock/4023/1994/
[2021-03-17 06:23:42]cl_getDriver.py(64): getURL=https://kabuoji3.com/stock/4025/
[2021-03-17 06:23:42]cl_getDriver.py(127): click_Success->//*[@id="base_box"]/div/div[3]/form/button
[2021-03-17 06:23:42]cl_getDriver.py(72): Open NewTab->https://kabuoji3.com/stock/4025/
[2021-03-17 06:23:43]cl_getDriver.py(130): Not Found->//*[@id="base_box"]/div/div[3]/form/button
[2021-03-17 06:23:44]cl_getDriver.py(127): click_Success->//*[@id="base_box"]/div/div[3]/form/button
[2021-03-17 06:23:45]cl_getDriver.py(72): Open NewTab->https://kabuoji3.com/stock/4023/1993/
[2021-03-17 06:23:45]cl_getDriver.py(130): Not Found->//*[@id="base_box"]/div/div[3]/form/button
[2021-03-17 06:23:45]cl_getDriver.py(72): Open NewTab->https://kabuoji3.com/stock/4025/2021/
[2021-03-17 06:23:46]cl_getDriver.py(127): click_Success->//*[@id="base_box"]/div/div[3]/form/button
[2021-03-17 06:23:46]cl_getDriver.py(127): click_Success->//*[@id="base_box"]/div/div[3]/form/button
[2021-03-17 06:23:48]cl_getDriver.py(127): click_Success->//*[@id="base_box"]/div/div[3]/form/button
[2021-03-17 06:23:49]cl_getDriver.py(72): Open NewTab->https://kabuoji3.com/stock/4023/1992/
[2021-03-17 06:23:49]cl_getDriver.py(127): click_Success->//*[@id="base_box"]/div/div[3]/form/button
[2021-03-17 06:23:49]cl_getDriver.py(72): Open NewTab->https://kabuoji3.com/stock/4025/2020/
[2021-03-17 06:23:50]cl_getDriver.py(127): click_Success->//*[@id="base_box"]/div/div[3]/form/button
[2021-03-17 06:23:51]cl_getDriver.py(127): click_Success->//*[@id="base_box"]/div/div[3]/form/button
[2021-03-17 06:23:52]cl_getDriver.py(127): click_Success->//*[@id="base_box"]/div/div[3]/form/button
[2021-03-17 06:23:53]cl_getDriver.py(72): Open NewTab->https://kabuoji3.com/stock/4023/1991/
[2021-03-17 06:23:53]cl_getDriver.py(127): click_Success->//*[@id="base_box"]/div/div[3]/form/button
[2021-03-17 06:23:54]cl_getDriver.py(72): Open NewTab->https://kabuoji3.com/stock/4025/2019/
[2021-03-17 06:23:54]cl_getDriver.py(127): click_Success->//*[@id="base_box"]/div/div[3]/form/button
[2021-03-17 06:23:55]cl_getDriver.py(127): click_Success->//*[@id="base_box"]/div/div[3]/form/button
[2021-03-17 06:23:57]cl_getDriver.py(127): click_Success->//*[@id="base_box"]/div/div[3]/form/button
[2021-03-17 06:23:57]cl_getDriver.py(72): Open NewTab->https://kabuoji3.com/stock/4023/1990/
[2021-03-17 06:23:57]cl_getDriver.py(127): click_Success->//*[@id="base_box"]/div/div[3]/form/button
[2021-03-17 06:23:57]cl_getDriver.py(72): Open NewTab->https://kabuoji3.com/stock/4025/2018/
[2021-03-17 06:23:58]cl_getDriver.py(127): click_Success->//*[@id="base_box"]/div/div[3]/form/button
[2021-03-17 06:23:59]cl_getDriver.py(127): click_Success->//*[@id="base_box"]/div/div[3]/form/button
[2021-03-17 06:24:01]cl_getDriver.py(127): click_Success->//*[@id="base_box"]/div/div[3]/form/button
[2021-03-17 06:24:01]cl_getDriver.py(72): Open NewTab->https://kabuoji3.com/stock/4023/1989/
[2021-03-17 06:24:01]cl_getDriver.py(127): click_Success->//*[@id="base_box"]/div/div[3]/form/button
[2021-03-17 06:24:02]cl_getDriver.py(72): Open NewTab->https://kabuoji3.com/stock/4025/2017/
[2021-03-17 06:24:02]cl_getDriver.py(127): click_Success->//*[@id="base_box"]/div/div[3]/form/button
[2021-03-17 06:24:03]cl_getDriver.py(127): click_Success->//*[@id="base_box"]/div/div[3]/form/button
[2021-03-17 06:24:05]cl_getDriver.py(127): click_Success->//*[@id="base_box"]/div/div[3]/form/button
[2021-03-17 06:24:05]cl_getDriver.py(127): click_Success->//*[@id="base_box"]/div/div[3]/form/button
[2021-03-17 06:24:05]cl_getDriver.py(72): Open NewTab->https://kabuoji3.com/stock/4023/1988/
[2021-03-17 06:24:06]cl_getDriver.py(72): Open NewTab->https://kabuoji3.com/stock/4025/2016/
[2021-03-17 06:24:07]cl_getDriver.py(127): click_Success->//*[@id="base_box"]/div/div[3]/form/button
[2021-03-17 06:24:07]cl_getDriver.py(127): click_Success->//*[@id="base_box"]/div/div[3]/form/button
[2021-03-17 06:24:09]cl_getDriver.py(127): click_Success->//*[@id="base_box"]/div/div[3]/form/button
[2021-03-17 06:24:09]cl_getDriver.py(127): click_Success->//*[@id="base_box"]/div/div[3]/form/button
[2021-03-17 06:24:10]cl_getDriver.py(72): Open NewTab->https://kabuoji3.com/stock/4023/1987/
[2021-03-17 06:24:10]cl_getDriver.py(72): Open NewTab->https://kabuoji3.com/stock/4025/2015/
[2021-03-17 06:24:11]cl_getDriver.py(127): click_Success->//*[@id="base_box"]/div/div[3]/form/button
[2021-03-17 06:24:11]cl_getDriver.py(127): click_Success->//*[@id="base_box"]/div/div[3]/form/button
[2021-03-17 06:24:14]cl_getDriver.py(127): click_Success->//*[@id="base_box"]/div/div[3]/form/button
[2021-03-17 06:24:14]cl_getDriver.py(127): click_Success->//*[@id="base_box"]/div/div[3]/form/button
[2021-03-17 06:24:14]cl_getDriver.py(72): Open NewTab->https://kabuoji3.com/stock/4023/1986/
[2021-03-17 06:24:14]cl_getDriver.py(72): Open NewTab->https://kabuoji3.com/stock/4025/2014/
[2021-03-17 06:24:16]cl_getDriver.py(127): click_Success->//*[@id="base_box"]/div/div[3]/form/button
[2021-03-17 06:24:16]cl_getDriver.py(127): click_Success->//*[@id="base_box"]/div/div[3]/form/button
[2021-03-17 06:24:18]cl_getDriver.py(127): click_Success->//*[@id="base_box"]/div/div[3]/form/button
[2021-03-17 06:24:18]cl_getDriver.py(127): click_Success->//*[@id="base_box"]/div/div[3]/form/button
[2021-03-17 06:24:19]cl_getDriver.py(72): Open NewTab->https://kabuoji3.com/stock/4023/1985/
[2021-03-17 06:24:19]cl_getDriver.py(72): Open NewTab->https://kabuoji3.com/stock/4025/2013/
[2021-03-17 06:24:20]cl_getDriver.py(127): click_Success->//*[@id="base_box"]/div/div[3]/form/button
[2021-03-17 06:24:20]cl_getDriver.py(127): click_Success->//*[@id="base_box"]/div/div[3]/form/button
[2021-03-17 06:24:22]cl_getDriver.py(127): click_Success->//*[@id="base_box"]/div/div[3]/form/button
[2021-03-17 06:24:22]cl_getDriver.py(127): click_Success->//*[@id="base_box"]/div/div[3]/form/button
[2021-03-17 06:24:23]cl_getDriver.py(72): Open NewTab->https://kabuoji3.com/stock/4023/1984/
[2021-03-17 06:24:23]cl_getDriver.py(72): Open NewTab->https://kabuoji3.com/stock/4025/2012/
[2021-03-17 06:24:24]cl_getDriver.py(127): click_Success->//*[@id="base_box"]/div/div[3]/form/button
[2021-03-17 06:24:25]cl_getDriver.py(127): click_Success->//*[@id="base_box"]/div/div[3]/form/button
[2021-03-17 06:24:27]cl_getDriver.py(127): click_Success->//*[@id="base_box"]/div/div[3]/form/button
[2021-03-17 06:24:27]cl_getDriver.py(127): click_Success->//*[@id="base_box"]/div/div[3]/form/button
[2021-03-17 06:24:28]cl_getDriver.py(72): Open NewTab->https://kabuoji3.com/stock/4025/2011/
[2021-03-17 06:24:28]cl_getDriver.py(72): Open NewTab->https://kabuoji3.com/stock/4023/1983/
[2021-03-17 06:24:29]cl_getDriver.py(127): click_Success->//*[@id="base_box"]/div/div[3]/form/button
[2021-03-17 06:24:29]cl_getDriver.py(127): click_Success->//*[@id="base_box"]/div/div[3]/form/button
[2021-03-17 06:24:31]cl_getDriver.py(127): click_Success->//*[@id="base_box"]/div/div[3]/form/button
[2021-03-17 06:24:31]cl_getDriver.py(127): click_Success->//*[@id="base_box"]/div/div[3]/form/button
[2021-03-17 06:24:32]cl_getDriver.py(72): Open NewTab->https://kabuoji3.com/stock/4025/2010/
[2021-03-17 06:24:33]cl_getDriver.py(127): click_Success->//*[@id="base_box"]/div/div[3]/form/button
[2021-03-17 06:24:34]main.py(42): finished Process->https://kabuoji3.com/stock/4023/
[2021-03-17 06:24:34]main.py(15): start_Process->https://kabuoji3.com/stock/4027/
[2021-03-17 06:24:35]cl_getDriver.py(127): click_Success->//*[@id="base_box"]/div/div[3]/form/button
[2021-03-17 06:24:35]cl_getDriver.py(72): Open NewTab->https://kabuoji3.com/stock/4025/2009/
[2021-03-17 06:24:36]cl_getDriver.py(127): click_Success->//*[@id="base_box"]/div/div[3]/form/button
[2021-03-17 06:24:39]cl_getDriver.py(127): click_Success->//*[@id="base_box"]/div/div[3]/form/button
[2021-03-17 06:24:39]cl_getDriver.py(72): Open NewTab->https://kabuoji3.com/stock/4025/2008/
[2021-03-17 06:24:40]cl_getDriver.py(64): getURL=https://kabuoji3.com/stock/4027/
[2021-03-17 06:24:40]cl_getDriver.py(127): click_Success->//*[@id="base_box"]/div/div[3]/form/button
[2021-03-17 06:24:41]cl_getDriver.py(72): Open NewTab->https://kabuoji3.com/stock/4027/
[2021-03-17 06:24:41]cl_getDriver.py(130): Not Found->//*[@id="base_box"]/div/div[3]/form/button
[2021-03-17 06:24:43]cl_getDriver.py(127): click_Success->//*[@id="base_box"]/div/div[3]/form/button
[2021-03-17 06:24:43]cl_getDriver.py(72): Open NewTab->https://kabuoji3.com/stock/4025/2007/
[2021-03-17 06:24:43]cl_getDriver.py(130): Not Found->//*[@id="base_box"]/div/div[3]/form/button
[2021-03-17 06:24:44]cl_getDriver.py(72): Open NewTab->https://kabuoji3.com/stock/4027/2021/
[2021-03-17 06:24:44]cl_getDriver.py(127): click_Success->//*[@id="base_box"]/div/div[3]/form/button
[2021-03-17 06:24:45]cl_getDriver.py(127): click_Success->//*[@id="base_box"]/div/div[3]/form/button
[2021-03-17 06:24:47]cl_getDriver.py(127): click_Success->//*[@id="base_box"]/div/div[3]/form/button
[2021-03-17 06:24:47]cl_getDriver.py(72): Open NewTab->https://kabuoji3.com/stock/4025/2006/
[2021-03-17 06:24:47]cl_getDriver.py(127): click_Success->//*[@id="base_box"]/div/div[3]/form/button
[2021-03-17 06:24:48]cl_getDriver.py(72): Open NewTab->https://kabuoji3.com/stock/4027/2020/
[2021-03-17 06:24:49]cl_getDriver.py(127): click_Success->//*[@id="base_box"]/div/div[3]/form/button
[2021-03-17 06:24:49]cl_getDriver.py(127): click_Success->//*[@id="base_box"]/div/div[3]/form/button
[2021-03-17 06:24:51]cl_getDriver.py(127): click_Success->//*[@id="base_box"]/div/div[3]/form/button
[2021-03-17 06:24:51]cl_getDriver.py(72): Open NewTab->https://kabuoji3.com/stock/4025/2005/
[2021-03-17 06:24:51]cl_getDriver.py(127): click_Success->//*[@id="base_box"]/div/div[3]/form/button
[2021-03-17 06:24:52]cl_getDriver.py(72): Open NewTab->https://kabuoji3.com/stock/4027/2019/
[2021-03-17 06:24:53]cl_getDriver.py(127): click_Success->//*[@id="base_box"]/div/div[3]/form/button
[2021-03-17 06:24:54]cl_getDriver.py(127): click_Success->//*[@id="base_box"]/div/div[3]/form/button
[2021-03-17 06:24:55]cl_getDriver.py(127): click_Success->//*[@id="base_box"]/div/div[3]/form/button
[2021-03-17 06:24:56]cl_getDriver.py(72): Open NewTab->https://kabuoji3.com/stock/4025/2004/
[2021-03-17 06:24:56]cl_getDriver.py(127): click_Success->//*[@id="base_box"]/div/div[3]/form/button
[2021-03-17 06:24:56]cl_getDriver.py(72): Open NewTab->https://kabuoji3.com/stock/4027/2018/
[2021-03-17 06:24:57]cl_getDriver.py(127): click_Success->//*[@id="base_box"]/div/div[3]/form/button
[2021-03-17 06:24:57]cl_getDriver.py(127): click_Success->//*[@id="base_box"]/div/div[3]/form/button
[2021-03-17 06:24:59]cl_getDriver.py(127): click_Success->//*[@id="base_box"]/div/div[3]/form/button
[2021-03-17 06:25:00]cl_getDriver.py(72): Open NewTab->https://kabuoji3.com/stock/4025/2003/
[2021-03-17 06:25:00]cl_getDriver.py(127): click_Success->//*[@id="base_box"]/div/div[3]/form/button
[2021-03-17 06:25:00]cl_getDriver.py(72): Open NewTab->https://kabuoji3.com/stock/4027/2017/
[2021-03-17 06:25:01]cl_getDriver.py(127): click_Success->//*[@id="base_box"]/div/div[3]/form/button
[2021-03-17 06:25:02]cl_getDriver.py(127): click_Success->//*[@id="base_box"]/div/div[3]/form/button
[2021-03-17 06:25:04]cl_getDriver.py(127): click_Success->//*[@id="base_box"]/div/div[3]/form/button
[2021-03-17 06:25:04]cl_getDriver.py(72): Open NewTab->https://kabuoji3.com/stock/4025/2002/
[2021-03-17 06:25:04]cl_getDriver.py(127): click_Success->//*[@id="base_box"]/div/div[3]/form/button
[2021-03-17 06:25:05]cl_getDriver.py(72): Open NewTab->https://kabuoji3.com/stock/4027/2016/
[2021-03-17 06:25:05]cl_getDriver.py(127): click_Success->//*[@id="base_box"]/div/div[3]/form/button
[2021-03-17 06:25:06]cl_getDriver.py(127): click_Success->//*[@id="base_box"]/div/div[3]/form/button
[2021-03-17 06:25:08]cl_getDriver.py(127): click_Success->//*[@id="base_box"]/div/div[3]/form/button
[2021-03-17 06:25:08]cl_getDriver.py(72): Open NewTab->https://kabuoji3.com/stock/4025/2001/
[2021-03-17 06:25:08]cl_getDriver.py(127): click_Success->//*[@id="base_box"]/div/div[3]/form/button
[2021-03-17 06:25:09]cl_getDriver.py(72): Open NewTab->https://kabuoji3.com/stock/4027/2015/
[2021-03-17 06:25:10]cl_getDriver.py(127): click_Success->//*[@id="base_box"]/div/div[3]/form/button
[2021-03-17 06:25:10]cl_getDriver.py(127): click_Success->//*[@id="base_box"]/div/div[3]/form/button
[2021-03-17 06:25:12]cl_getDriver.py(127): click_Success->//*[@id="base_box"]/div/div[3]/form/button
[2021-03-17 06:25:12]cl_getDriver.py(72): Open NewTab->https://kabuoji3.com/stock/4027/2014/
[2021-03-17 06:25:13]cl_getDriver.py(127): click_Success->//*[@id="base_box"]/div/div[3]/form/button
[2021-03-17 06:25:13]cl_getDriver.py(72): Open NewTab->https://kabuoji3.com/stock/4025/2000/
[2021-03-17 06:25:14]cl_getDriver.py(127): click_Success->//*[@id="base_box"]/div/div[3]/form/button
[2021-03-17 06:25:14]cl_getDriver.py(127): click_Success->//*[@id="base_box"]/div/div[3]/form/button
[2021-03-17 06:25:16]cl_getDriver.py(127): click_Success->//*[@id="base_box"]/div/div[3]/form/button
[2021-03-17 06:25:16]cl_getDriver.py(72): Open NewTab->https://kabuoji3.com/stock/4027/2013/
[2021-03-17 06:25:17]cl_getDriver.py(127): click_Success->//*[@id="base_box"]/div/div[3]/form/button
[2021-03-17 06:25:17]cl_getDriver.py(72): Open NewTab->https://kabuoji3.com/stock/4025/1999/
[2021-03-17 06:25:18]cl_getDriver.py(127): click_Success->//*[@id="base_box"]/div/div[3]/form/button
[2021-03-17 06:25:18]cl_getDriver.py(127): click_Success->//*[@id="base_box"]/div/div[3]/form/button
[2021-03-17 06:25:20]cl_getDriver.py(127): click_Success->//*[@id="base_box"]/div/div[3]/form/button
[2021-03-17 06:25:21]cl_getDriver.py(127): click_Success->//*[@id="base_box"]/div/div[3]/form/button
[2021-03-17 06:25:21]cl_getDriver.py(72): Open NewTab->https://kabuoji3.com/stock/4027/2012/
[2021-03-17 06:25:21]cl_getDriver.py(72): Open NewTab->https://kabuoji3.com/stock/4025/1998/
[2021-03-17 06:25:23]cl_getDriver.py(127): click_Success->//*[@id="base_box"]/div/div[3]/form/button
[2021-03-17 06:25:23]cl_getDriver.py(127): click_Success->//*[@id="base_box"]/div/div[3]/form/button
[2021-03-17 06:25:25]cl_getDriver.py(127): click_Success->//*[@id="base_box"]/div/div[3]/form/button
[2021-03-17 06:25:25]cl_getDriver.py(72): Open NewTab->https://kabuoji3.com/stock/4025/1997/
[2021-03-17 06:25:25]cl_getDriver.py(127): click_Success->//*[@id="base_box"]/div/div[3]/form/button
[2021-03-17 06:25:26]cl_getDriver.py(72): Open NewTab->https://kabuoji3.com/stock/4027/2011/
[2021-03-17 06:25:27]cl_getDriver.py(127): click_Success->//*[@id="base_box"]/div/div[3]/form/button
[2021-03-17 06:25:27]cl_getDriver.py(127): click_Success->//*[@id="base_box"]/div/div[3]/form/button
[2021-03-17 06:25:29]cl_getDriver.py(127): click_Success->//*[@id="base_box"]/div/div[3]/form/button
[2021-03-17 06:25:30]cl_getDriver.py(127): click_Success->//*[@id="base_box"]/div/div[3]/form/button
[2021-03-17 06:25:30]cl_getDriver.py(72): Open NewTab->https://kabuoji3.com/stock/4025/1996/
[2021-03-17 06:25:30]cl_getDriver.py(72): Open NewTab->https://kabuoji3.com/stock/4027/2010/
[2021-03-17 06:25:31]cl_getDriver.py(127): click_Success->//*[@id="base_box"]/div/div[3]/form/button
[2021-03-17 06:25:31]cl_getDriver.py(127): click_Success->//*[@id="base_box"]/div/div[3]/form/button
[2021-03-17 06:25:34]cl_getDriver.py(127): click_Success->//*[@id="base_box"]/div/div[3]/form/button
[2021-03-17 06:25:34]cl_getDriver.py(127): click_Success->//*[@id="base_box"]/div/div[3]/form/button
[2021-03-17 06:25:34]cl_getDriver.py(72): Open NewTab->https://kabuoji3.com/stock/4025/1995/
[2021-03-17 06:25:34]cl_getDriver.py(72): Open NewTab->https://kabuoji3.com/stock/4027/2009/
[2021-03-17 06:25:35]cl_getDriver.py(127): click_Success->//*[@id="base_box"]/div/div[3]/form/button
[2021-03-17 06:25:36]cl_getDriver.py(127): click_Success->//*[@id="base_box"]/div/div[3]/form/button
[2021-03-17 06:25:38]cl_getDriver.py(127): click_Success->//*[@id="base_box"]/div/div[3]/form/button
[2021-03-17 06:25:38]cl_getDriver.py(127): click_Success->//*[@id="base_box"]/div/div[3]/form/button
[2021-03-17 06:25:38]cl_getDriver.py(72): Open NewTab->https://kabuoji3.com/stock/4025/1994/
[2021-03-17 06:25:38]cl_getDriver.py(72): Open NewTab->https://kabuoji3.com/stock/4027/2008/
[2021-03-17 06:25:40]cl_getDriver.py(127): click_Success->//*[@id="base_box"]/div/div[3]/form/button
[2021-03-17 06:25:40]cl_getDriver.py(127): click_Success->//*[@id="base_box"]/div/div[3]/form/button
[2021-03-17 06:25:42]cl_getDriver.py(127): click_Success->//*[@id="base_box"]/div/div[3]/form/button
[2021-03-17 06:25:42]cl_getDriver.py(127): click_Success->//*[@id="base_box"]/div/div[3]/form/button
[2021-03-17 06:25:43]cl_getDriver.py(72): Open NewTab->https://kabuoji3.com/stock/4025/1993/
[2021-03-17 06:25:43]cl_getDriver.py(72): Open NewTab->https://kabuoji3.com/stock/4027/2007/
[2021-03-17 06:25:44]cl_getDriver.py(127): click_Success->//*[@id="base_box"]/div/div[3]/form/button
[2021-03-17 06:25:44]cl_getDriver.py(127): click_Success->//*[@id="base_box"]/div/div[3]/form/button
[2021-03-17 06:25:46]cl_getDriver.py(127): click_Success->//*[@id="base_box"]/div/div[3]/form/button
[2021-03-17 06:25:47]cl_getDriver.py(127): click_Success->//*[@id="base_box"]/div/div[3]/form/button
[2021-03-17 06:25:47]cl_getDriver.py(72): Open NewTab->https://kabuoji3.com/stock/4027/2006/
[2021-03-17 06:25:47]cl_getDriver.py(72): Open NewTab->https://kabuoji3.com/stock/4025/1992/
[2021-03-17 06:25:48]cl_getDriver.py(127): click_Success->//*[@id="base_box"]/div/div[3]/form/button
[2021-03-17 06:25:48]cl_getDriver.py(127): click_Success->//*[@id="base_box"]/div/div[3]/form/button
[2021-03-17 06:25:50]cl_getDriver.py(127): click_Success->//*[@id="base_box"]/div/div[3]/form/button
[2021-03-17 06:25:51]cl_getDriver.py(127): click_Success->//*[@id="base_box"]/div/div[3]/form/button
[2021-03-17 06:25:51]cl_getDriver.py(72): Open NewTab->https://kabuoji3.com/stock/4027/2005/
[2021-03-17 06:25:51]cl_getDriver.py(72): Open NewTab->https://kabuoji3.com/stock/4025/1991/
[2021-03-17 06:25:53]cl_getDriver.py(127): click_Success->//*[@id="base_box"]/div/div[3]/form/button
[2021-03-17 06:25:53]cl_getDriver.py(127): click_Success->//*[@id="base_box"]/div/div[3]/form/button
[2021-03-17 06:25:55]cl_getDriver.py(127): click_Success->//*[@id="base_box"]/div/div[3]/form/button
[2021-03-17 06:25:55]cl_getDriver.py(127): click_Success->//*[@id="base_box"]/div/div[3]/form/button
[2021-03-17 06:25:55]cl_getDriver.py(72): Open NewTab->https://kabuoji3.com/stock/4025/1990/
[2021-03-17 06:25:56]cl_getDriver.py(72): Open NewTab->https://kabuoji3.com/stock/4027/2004/
[2021-03-17 06:25:57]cl_getDriver.py(127): click_Success->//*[@id="base_box"]/div/div[3]/form/button
[2021-03-17 06:25:57]cl_getDriver.py(127): click_Success->//*[@id="base_box"]/div/div[3]/form/button
[2021-03-17 06:25:59]cl_getDriver.py(127): click_Success->//*[@id="base_box"]/div/div[3]/form/button
[2021-03-17 06:25:59]cl_getDriver.py(127): click_Success->//*[@id="base_box"]/div/div[3]/form/button
[2021-03-17 06:26:00]cl_getDriver.py(72): Open NewTab->https://kabuoji3.com/stock/4025/1989/
[2021-03-17 06:26:00]cl_getDriver.py(72): Open NewTab->https://kabuoji3.com/stock/4027/2003/
[2021-03-17 06:26:01]cl_getDriver.py(127): click_Success->//*[@id="base_box"]/div/div[3]/form/button
[2021-03-17 06:26:01]cl_getDriver.py(127): click_Success->//*[@id="base_box"]/div/div[3]/form/button
[2021-03-17 06:26:03]cl_getDriver.py(127): click_Success->//*[@id="base_box"]/div/div[3]/form/button
[2021-03-17 06:26:03]cl_getDriver.py(127): click_Success->//*[@id="base_box"]/div/div[3]/form/button
[2021-03-17 06:26:04]cl_getDriver.py(72): Open NewTab->https://kabuoji3.com/stock/4025/1988/
[2021-03-17 06:26:04]cl_getDriver.py(72): Open NewTab->https://kabuoji3.com/stock/4027/2002/
[2021-03-17 06:26:05]cl_getDriver.py(127): click_Success->//*[@id="base_box"]/div/div[3]/form/button
[2021-03-17 06:26:05]cl_getDriver.py(127): click_Success->//*[@id="base_box"]/div/div[3]/form/button
[2021-03-17 06:26:08]cl_getDriver.py(127): click_Success->//*[@id="base_box"]/div/div[3]/form/button
[2021-03-17 06:26:08]cl_getDriver.py(127): click_Success->//*[@id="base_box"]/div/div[3]/form/button
[2021-03-17 06:26:08]cl_getDriver.py(72): Open NewTab->https://kabuoji3.com/stock/4025/1987/
[2021-03-17 06:26:08]cl_getDriver.py(72): Open NewTab->https://kabuoji3.com/stock/4027/2001/
[2021-03-17 06:26:10]cl_getDriver.py(127): click_Success->//*[@id="base_box"]/div/div[3]/form/button
[2021-03-17 06:26:10]cl_getDriver.py(127): click_Success->//*[@id="base_box"]/div/div[3]/form/button
[2021-03-17 06:26:12]cl_getDriver.py(127): click_Success->//*[@id="base_box"]/div/div[3]/form/button
[2021-03-17 06:26:12]cl_getDriver.py(127): click_Success->//*[@id="base_box"]/div/div[3]/form/button
[2021-03-17 06:26:13]cl_getDriver.py(72): Open NewTab->https://kabuoji3.com/stock/4025/1986/
[2021-03-17 06:26:13]cl_getDriver.py(72): Open NewTab->https://kabuoji3.com/stock/4027/2000/
[2021-03-17 06:26:14]cl_getDriver.py(127): click_Success->//*[@id="base_box"]/div/div[3]/form/button
[2021-03-17 06:26:14]cl_getDriver.py(127): click_Success->//*[@id="base_box"]/div/div[3]/form/button
[2021-03-17 06:26:16]cl_getDriver.py(127): click_Success->//*[@id="base_box"]/div/div[3]/form/button
[2021-03-17 06:26:17]cl_getDriver.py(127): click_Success->//*[@id="base_box"]/div/div[3]/form/button
[2021-03-17 06:26:17]cl_getDriver.py(72): Open NewTab->https://kabuoji3.com/stock/4027/1999/
[2021-03-17 06:26:17]cl_getDriver.py(72): Open NewTab->https://kabuoji3.com/stock/4025/1985/
[2021-03-17 06:26:18]cl_getDriver.py(127): click_Success->//*[@id="base_box"]/div/div[3]/form/button
[2021-03-17 06:26:18]cl_getDriver.py(127): click_Success->//*[@id="base_box"]/div/div[3]/form/button
[2021-03-17 06:26:21]cl_getDriver.py(127): click_Success->//*[@id="base_box"]/div/div[3]/form/button
[2021-03-17 06:26:21]cl_getDriver.py(127): click_Success->//*[@id="base_box"]/div/div[3]/form/button
[2021-03-17 06:26:21]cl_getDriver.py(72): Open NewTab->https://kabuoji3.com/stock/4027/1998/
[2021-03-17 06:26:21]cl_getDriver.py(72): Open NewTab->https://kabuoji3.com/stock/4025/1984/
[2021-03-17 06:26:22]cl_getDriver.py(127): click_Success->//*[@id="base_box"]/div/div[3]/form/button
[2021-03-17 06:26:23]cl_getDriver.py(127): click_Success->//*[@id="base_box"]/div/div[3]/form/button
[2021-03-17 06:26:25]cl_getDriver.py(127): click_Success->//*[@id="base_box"]/div/div[3]/form/button
[2021-03-17 06:26:25]cl_getDriver.py(127): click_Success->//*[@id="base_box"]/div/div[3]/form/button
[2021-03-17 06:26:26]cl_getDriver.py(72): Open NewTab->https://kabuoji3.com/stock/4025/1983/
[2021-03-17 06:26:26]cl_getDriver.py(72): Open NewTab->https://kabuoji3.com/stock/4027/1997/
[2021-03-17 06:26:27]cl_getDriver.py(127): click_Success->//*[@id="base_box"]/div/div[3]/form/button
[2021-03-17 06:26:27]cl_getDriver.py(127): click_Success->//*[@id="base_box"]/div/div[3]/form/button
[2021-03-17 06:26:29]cl_getDriver.py(127): click_Success->//*[@id="base_box"]/div/div[3]/form/button
[2021-03-17 06:26:29]cl_getDriver.py(127): click_Success->//*[@id="base_box"]/div/div[3]/form/button
[2021-03-17 06:26:30]cl_getDriver.py(72): Open NewTab->https://kabuoji3.com/stock/4027/1996/
[2021-03-17 06:26:31]cl_getDriver.py(127): click_Success->//*[@id="base_box"]/div/div[3]/form/button
[2021-03-17 06:26:32]main.py(42): finished Process->https://kabuoji3.com/stock/4025/
[2021-03-17 06:26:32]main.py(15): start_Process->https://kabuoji3.com/stock/4028/
[2021-03-17 06:26:33]cl_getDriver.py(127): click_Success->//*[@id="base_box"]/div/div[3]/form/button
[2021-03-17 06:26:33]cl_getDriver.py(72): Open NewTab->https://kabuoji3.com/stock/4027/1995/
[2021-03-17 06:26:35]cl_getDriver.py(127): click_Success->//*[@id="base_box"]/div/div[3]/form/button
[2021-03-17 06:26:37]cl_getDriver.py(127): click_Success->//*[@id="base_box"]/div/div[3]/form/button
[2021-03-17 06:26:38]cl_getDriver.py(72): Open NewTab->https://kabuoji3.com/stock/4027/1994/
[2021-03-17 06:26:39]cl_getDriver.py(64): getURL=https://kabuoji3.com/stock/4028/
[2021-03-17 06:26:39]cl_getDriver.py(127): click_Success->//*[@id="base_box"]/div/div[3]/form/button
[2021-03-17 06:26:39]cl_getDriver.py(72): Open NewTab->https://kabuoji3.com/stock/4028/
[2021-03-17 06:26:40]cl_getDriver.py(130): Not Found->//*[@id="base_box"]/div/div[3]/form/button
[2021-03-17 06:26:41]cl_getDriver.py(127): click_Success->//*[@id="base_box"]/div/div[3]/form/button
[2021-03-17 06:26:41]cl_getDriver.py(72): Open NewTab->https://kabuoji3.com/stock/4027/1993/
[2021-03-17 06:26:42]cl_getDriver.py(130): Not Found->//*[@id="base_box"]/div/div[3]/form/button
[2021-03-17 06:26:42]cl_getDriver.py(72): Open NewTab->https://kabuoji3.com/stock/4028/2021/
[2021-03-17 06:26:43]cl_getDriver.py(127): click_Success->//*[@id="base_box"]/div/div[3]/form/button
[2021-03-17 06:26:43]cl_getDriver.py(127): click_Success->//*[@id="base_box"]/div/div[3]/form/button
[2021-03-17 06:26:45]cl_getDriver.py(127): click_Success->//*[@id="base_box"]/div/div[3]/form/button
[2021-03-17 06:26:45]cl_getDriver.py(72): Open NewTab->https://kabuoji3.com/stock/4027/1992/
[2021-03-17 06:26:46]cl_getDriver.py(127): click_Success->//*[@id="base_box"]/div/div[3]/form/button
[2021-03-17 06:26:46]cl_getDriver.py(72): Open NewTab->https://kabuoji3.com/stock/4028/2020/
[2021-03-17 06:26:47]cl_getDriver.py(127): click_Success->//*[@id="base_box"]/div/div[3]/form/button
[2021-03-17 06:26:47]cl_getDriver.py(127): click_Success->//*[@id="base_box"]/div/div[3]/form/button
[2021-03-17 06:26:49]cl_getDriver.py(127): click_Success->//*[@id="base_box"]/div/div[3]/form/button
[2021-03-17 06:26:49]cl_getDriver.py(72): Open NewTab->https://kabuoji3.com/stock/4027/1991/
[2021-03-17 06:26:50]cl_getDriver.py(127): click_Success->//*[@id="base_box"]/div/div[3]/form/button
[2021-03-17 06:26:50]cl_getDriver.py(72): Open NewTab->https://kabuoji3.com/stock/4028/2019/
[2021-03-17 06:26:51]cl_getDriver.py(127): click_Success->//*[@id="base_box"]/div/div[3]/form/button
[2021-03-17 06:26:51]cl_getDriver.py(127): click_Success->//*[@id="base_box"]/div/div[3]/form/button
[2021-03-17 06:26:53]cl_getDriver.py(127): click_Success->//*[@id="base_box"]/div/div[3]/form/button
[2021-03-17 06:26:53]cl_getDriver.py(72): Open NewTab->https://kabuoji3.com/stock/4027/1990/
[2021-03-17 06:26:54]cl_getDriver.py(127): click_Success->//*[@id="base_box"]/div/div[3]/form/button
[2021-03-17 06:26:54]cl_getDriver.py(72): Open NewTab->https://kabuoji3.com/stock/4028/2018/
[2021-03-17 06:26:55]cl_getDriver.py(127): click_Success->//*[@id="base_box"]/div/div[3]/form/button
[2021-03-17 06:26:55]cl_getDriver.py(127): click_Success->//*[@id="base_box"]/div/div[3]/form/button
[2021-03-17 06:26:57]cl_getDriver.py(127): click_Success->//*[@id="base_box"]/div/div[3]/form/button
[2021-03-17 06:26:57]cl_getDriver.py(72): Open NewTab->https://kabuoji3.com/stock/4027/1989/
[2021-03-17 06:26:58]cl_getDriver.py(127): click_Success->//*[@id="base_box"]/div/div[3]/form/button
[2021-03-17 06:26:58]cl_getDriver.py(72): Open NewTab->https://kabuoji3.com/stock/4028/2017/
[2021-03-17 06:26:59]cl_getDriver.py(127): click_Success->//*[@id="base_box"]/div/div[3]/form/button
[2021-03-17 06:26:59]cl_getDriver.py(127): click_Success->//*[@id="base_box"]/div/div[3]/form/button
[2021-03-17 06:27:01]cl_getDriver.py(127): click_Success->//*[@id="base_box"]/div/div[3]/form/button
[2021-03-17 06:27:01]cl_getDriver.py(72): Open NewTab->https://kabuoji3.com/stock/4027/1988/
[2021-03-17 06:27:02]cl_getDriver.py(127): click_Success->//*[@id="base_box"]/div/div[3]/form/button
[2021-03-17 06:27:02]cl_getDriver.py(72): Open NewTab->https://kabuoji3.com/stock/4028/2016/
[2021-03-17 06:27:03]cl_getDriver.py(127): click_Success->//*[@id="base_box"]/div/div[3]/form/button
[2021-03-17 06:27:03]cl_getDriver.py(127): click_Success->//*[@id="base_box"]/div/div[3]/form/button
[2021-03-17 06:27:05]cl_getDriver.py(127): click_Success->//*[@id="base_box"]/div/div[3]/form/button
[2021-03-17 06:27:06]cl_getDriver.py(72): Open NewTab->https://kabuoji3.com/stock/4027/1987/
[2021-03-17 06:27:06]cl_getDriver.py(127): click_Success->//*[@id="base_box"]/div/div[3]/form/button
[2021-03-17 06:27:06]cl_getDriver.py(72): Open NewTab->https://kabuoji3.com/stock/4028/2015/
[2021-03-17 06:27:07]cl_getDriver.py(127): click_Success->//*[@id="base_box"]/div/div[3]/form/button
[2021-03-17 06:27:07]cl_getDriver.py(127): click_Success->//*[@id="base_box"]/div/div[3]/form/button
[2021-03-17 06:27:09]cl_getDriver.py(127): click_Success->//*[@id="base_box"]/div/div[3]/form/button
[2021-03-17 06:27:10]cl_getDriver.py(127): click_Success->//*[@id="base_box"]/div/div[3]/form/button
[2021-03-17 06:27:10]cl_getDriver.py(72): Open NewTab->https://kabuoji3.com/stock/4027/1986/
[2021-03-17 06:27:10]cl_getDriver.py(72): Open NewTab->https://kabuoji3.com/stock/4028/2014/
[2021-03-17 06:27:11]cl_getDriver.py(127): click_Success->//*[@id="base_box"]/div/div[3]/form/button
[2021-03-17 06:27:11]cl_getDriver.py(127): click_Success->//*[@id="base_box"]/div/div[3]/form/button
[2021-03-17 06:27:14]cl_getDriver.py(127): click_Success->//*[@id="base_box"]/div/div[3]/form/button
[2021-03-17 06:27:14]cl_getDriver.py(127): click_Success->//*[@id="base_box"]/div/div[3]/form/button
[2021-03-17 06:27:14]cl_getDriver.py(72): Open NewTab->https://kabuoji3.com/stock/4027/1985/
[2021-03-17 06:27:14]cl_getDriver.py(72): Open NewTab->https://kabuoji3.com/stock/4028/2013/
[2021-03-17 06:27:16]cl_getDriver.py(127): click_Success->//*[@id="base_box"]/div/div[3]/form/button
[2021-03-17 06:27:16]cl_getDriver.py(127): click_Success->//*[@id="base_box"]/div/div[3]/form/button
[2021-03-17 06:27:18]cl_getDriver.py(127): click_Success->//*[@id="base_box"]/div/div[3]/form/button
[2021-03-17 06:27:18]cl_getDriver.py(127): click_Success->//*[@id="base_box"]/div/div[3]/form/button
[2021-03-17 06:27:19]cl_getDriver.py(72): Open NewTab->https://kabuoji3.com/stock/4027/1984/
[2021-03-17 06:27:19]cl_getDriver.py(72): Open NewTab->https://kabuoji3.com/stock/4028/2012/
[2021-03-17 06:27:20]cl_getDriver.py(127): click_Success->//*[@id="base_box"]/div/div[3]/form/button
[2021-03-17 06:27:20]cl_getDriver.py(127): click_Success->//*[@id="base_box"]/div/div[3]/form/button
[2021-03-17 06:27:22]cl_getDriver.py(127): click_Success->//*[@id="base_box"]/div/div[3]/form/button
[2021-03-17 06:27:23]cl_getDriver.py(127): click_Success->//*[@id="base_box"]/div/div[3]/form/button
[2021-03-17 06:27:23]cl_getDriver.py(72): Open NewTab->https://kabuoji3.com/stock/4027/1983/
[2021-03-17 06:27:23]cl_getDriver.py(72): Open NewTab->https://kabuoji3.com/stock/4028/2011/
[2021-03-17 06:27:25]cl_getDriver.py(127): click_Success->//*[@id="base_box"]/div/div[3]/form/button
[2021-03-17 06:27:25]cl_getDriver.py(127): click_Success->//*[@id="base_box"]/div/div[3]/form/button
[2021-03-17 06:27:27]cl_getDriver.py(127): click_Success->//*[@id="base_box"]/div/div[3]/form/button
[2021-03-17 06:27:27]cl_getDriver.py(127): click_Success->//*[@id="base_box"]/div/div[3]/form/button
[2021-03-17 06:27:27]cl_getDriver.py(72): Open NewTab->https://kabuoji3.com/stock/4028/2010/
[2021-03-17 06:27:28]cl_getDriver.py(127): click_Success->//*[@id="base_box"]/div/div[3]/form/button
[2021-03-17 06:27:31]cl_getDriver.py(127): click_Success->//*[@id="base_box"]/div/div[3]/form/button
[2021-03-17 06:27:31]cl_getDriver.py(72): Open NewTab->https://kabuoji3.com/stock/4028/2009/
[2021-03-17 06:27:31]main.py(42): finished Process->https://kabuoji3.com/stock/4027/
[2021-03-17 06:27:31]main.py(15): start_Process->https://kabuoji3.com/stock/4031/
[2021-03-17 06:27:32]cl_getDriver.py(127): click_Success->//*[@id="base_box"]/div/div[3]/form/button
[2021-03-17 06:27:34]cl_getDriver.py(127): click_Success->//*[@id="base_box"]/div/div[3]/form/button
[2021-03-17 06:27:34]cl_getDriver.py(72): Open NewTab->https://kabuoji3.com/stock/4028/2008/
[2021-03-17 06:27:36]cl_getDriver.py(127): click_Success->//*[@id="base_box"]/div/div[3]/form/button
[2021-03-17 06:27:37]cl_getDriver.py(64): getURL=https://kabuoji3.com/stock/4031/
[2021-03-17 06:27:37]cl_getDriver.py(72): Open NewTab->https://kabuoji3.com/stock/4031/
[2021-03-17 06:27:38]cl_getDriver.py(130): Not Found->//*[@id="base_box"]/div/div[3]/form/button
[2021-03-17 06:27:38]cl_getDriver.py(127): click_Success->//*[@id="base_box"]/div/div[3]/form/button
[2021-03-17 06:27:39]cl_getDriver.py(72): Open NewTab->https://kabuoji3.com/stock/4028/2007/
[2021-03-17 06:27:40]cl_getDriver.py(127): click_Success->//*[@id="base_box"]/div/div[3]/form/button
[2021-03-17 06:27:40]cl_getDriver.py(130): Not Found->//*[@id="base_box"]/div/div[3]/form/button
[2021-03-17 06:27:40]cl_getDriver.py(72): Open NewTab->https://kabuoji3.com/stock/4031/2021/
[2021-03-17 06:27:41]cl_getDriver.py(127): click_Success->//*[@id="base_box"]/div/div[3]/form/button
[2021-03-17 06:27:42]cl_getDriver.py(127): click_Success->//*[@id="base_box"]/div/div[3]/form/button
[2021-03-17 06:27:42]cl_getDriver.py(72): Open NewTab->https://kabuoji3.com/stock/4028/2006/
[2021-03-17 06:27:43]cl_getDriver.py(127): click_Success->//*[@id="base_box"]/div/div[3]/form/button
[2021-03-17 06:27:44]cl_getDriver.py(127): click_Success->//*[@id="base_box"]/div/div[3]/form/button
[2021-03-17 06:27:44]cl_getDriver.py(72): Open NewTab->https://kabuoji3.com/stock/4031/2020/
[2021-03-17 06:27:45]cl_getDriver.py(127): click_Success->//*[@id="base_box"]/div/div[3]/form/button
[2021-03-17 06:27:46]cl_getDriver.py(127): click_Success->//*[@id="base_box"]/div/div[3]/form/button
[2021-03-17 06:27:46]cl_getDriver.py(72): Open NewTab->https://kabuoji3.com/stock/4028/2005/
[2021-03-17 06:27:47]cl_getDriver.py(127): click_Success->//*[@id="base_box"]/div/div[3]/form/button
[2021-03-17 06:27:47]cl_getDriver.py(127): click_Success->//*[@id="base_box"]/div/div[3]/form/button
[2021-03-17 06:27:48]cl_getDriver.py(72): Open NewTab->https://kabuoji3.com/stock/4031/2019/
[2021-03-17 06:27:49]cl_getDriver.py(127): click_Success->//*[@id="base_box"]/div/div[3]/form/button
[2021-03-17 06:27:49]cl_getDriver.py(127): click_Success->//*[@id="base_box"]/div/div[3]/form/button
[2021-03-17 06:27:49]cl_getDriver.py(72): Open NewTab->https://kabuoji3.com/stock/4028/2004/
[2021-03-17 06:27:50]cl_getDriver.py(127): click_Success->//*[@id="base_box"]/div/div[3]/form/button
[2021-03-17 06:27:51]cl_getDriver.py(127): click_Success->//*[@id="base_box"]/div/div[3]/form/button
[2021-03-17 06:27:51]cl_getDriver.py(72): Open NewTab->https://kabuoji3.com/stock/4031/2018/
[2021-03-17 06:27:52]cl_getDriver.py(127): click_Success->//*[@id="base_box"]/div/div[3]/form/button
[2021-03-17 06:27:53]cl_getDriver.py(127): click_Success->//*[@id="base_box"]/div/div[3]/form/button
[2021-03-17 06:27:53]cl_getDriver.py(72): Open NewTab->https://kabuoji3.com/stock/4028/2003/
[2021-03-17 06:27:54]cl_getDriver.py(127): click_Success->//*[@id="base_box"]/div/div[3]/form/button
[2021-03-17 06:27:54]cl_getDriver.py(127): click_Success->//*[@id="base_box"]/div/div[3]/form/button
[2021-03-17 06:27:55]cl_getDriver.py(72): Open NewTab->https://kabuoji3.com/stock/4031/2017/
[2021-03-17 06:27:56]cl_getDriver.py(127): click_Success->//*[@id="base_box"]/div/div[3]/form/button
[2021-03-17 06:27:56]cl_getDriver.py(127): click_Success->//*[@id="base_box"]/div/div[3]/form/button
[2021-03-17 06:27:56]cl_getDriver.py(72): Open NewTab->https://kabuoji3.com/stock/4028/2002/
[2021-03-17 06:27:57]cl_getDriver.py(127): click_Success->//*[@id="base_box"]/div/div[3]/form/button
[2021-03-17 06:27:58]cl_getDriver.py(127): click_Success->//*[@id="base_box"]/div/div[3]/form/button
[2021-03-17 06:27:58]cl_getDriver.py(72): Open NewTab->https://kabuoji3.com/stock/4031/2016/
[2021-03-17 06:27:59]cl_getDriver.py(127): click_Success->//*[@id="base_box"]/div/div[3]/form/button
[2021-03-17 06:28:00]cl_getDriver.py(127): click_Success->//*[@id="base_box"]/div/div[3]/form/button
[2021-03-17 06:28:00]cl_getDriver.py(72): Open NewTab->https://kabuoji3.com/stock/4028/2001/
[2021-03-17 06:28:01]cl_getDriver.py(127): click_Success->//*[@id="base_box"]/div/div[3]/form/button
[2021-03-17 06:28:02]cl_getDriver.py(127): click_Success->//*[@id="base_box"]/div/div[3]/form/button
[2021-03-17 06:28:02]cl_getDriver.py(72): Open NewTab->https://kabuoji3.com/stock/4031/2015/
[2021-03-17 06:28:03]cl_getDriver.py(127): click_Success->//*[@id="base_box"]/div/div[3]/form/button
[2021-03-17 06:28:04]cl_getDriver.py(127): click_Success->//*[@id="base_box"]/div/div[3]/form/button
[2021-03-17 06:28:04]cl_getDriver.py(72): Open NewTab->https://kabuoji3.com/stock/4028/2000/
[2021-03-17 06:28:05]cl_getDriver.py(127): click_Success->//*[@id="base_box"]/div/div[3]/form/button
[2021-03-17 06:28:05]cl_getDriver.py(127): click_Success->//*[@id="base_box"]/div/div[3]/form/button
[2021-03-17 06:28:06]cl_getDriver.py(72): Open NewTab->https://kabuoji3.com/stock/4031/2014/
[2021-03-17 06:28:06]cl_getDriver.py(127): click_Success->//*[@id="base_box"]/div/div[3]/form/button
[2021-03-17 06:28:07]cl_getDriver.py(127): click_Success->//*[@id="base_box"]/div/div[3]/form/button
[2021-03-17 06:28:08]cl_getDriver.py(72): Open NewTab->https://kabuoji3.com/stock/4028/1999/
[2021-03-17 06:28:09]cl_getDriver.py(127): click_Success->//*[@id="base_box"]/div/div[3]/form/button
[2021-03-17 06:28:09]cl_getDriver.py(127): click_Success->//*[@id="base_box"]/div/div[3]/form/button
[2021-03-17 06:28:09]cl_getDriver.py(72): Open NewTab->https://kabuoji3.com/stock/4031/2013/
[2021-03-17 06:28:10]cl_getDriver.py(127): click_Success->//*[@id="base_box"]/div/div[3]/form/button
[2021-03-17 06:28:11]cl_getDriver.py(127): click_Success->//*[@id="base_box"]/div/div[3]/form/button
[2021-03-17 06:28:11]cl_getDriver.py(72): Open NewTab->https://kabuoji3.com/stock/4028/1998/
[2021-03-17 06:28:12]cl_getDriver.py(127): click_Success->//*[@id="base_box"]/div/div[3]/form/button
[2021-03-17 06:28:13]cl_getDriver.py(127): click_Success->//*[@id="base_box"]/div/div[3]/form/button
[2021-03-17 06:28:13]cl_getDriver.py(72): Open NewTab->https://kabuoji3.com/stock/4031/2012/
[2021-03-17 06:28:14]cl_getDriver.py(127): click_Success->//*[@id="base_box"]/div/div[3]/form/button
[2021-03-17 06:28:15]cl_getDriver.py(127): click_Success->//*[@id="base_box"]/div/div[3]/form/button
[2021-03-17 06:28:15]cl_getDriver.py(72): Open NewTab->https://kabuoji3.com/stock/4028/1997/
[2021-03-17 06:28:16]cl_getDriver.py(127): click_Success->//*[@id="base_box"]/div/div[3]/form/button
[2021-03-17 06:28:16]cl_getDriver.py(127): click_Success->//*[@id="base_box"]/div/div[3]/form/button
[2021-03-17 06:28:16]cl_getDriver.py(72): Open NewTab->https://kabuoji3.com/stock/4031/2011/
[2021-03-17 06:28:17]cl_getDriver.py(127): click_Success->//*[@id="base_box"]/div/div[3]/form/button
[2021-03-17 06:28:18]cl_getDriver.py(127): click_Success->//*[@id="base_box"]/div/div[3]/form/button
[2021-03-17 06:28:19]cl_getDriver.py(72): Open NewTab->https://kabuoji3.com/stock/4028/1996/
[2021-03-17 06:28:20]cl_getDriver.py(127): click_Success->//*[@id="base_box"]/div/div[3]/form/button
[2021-03-17 06:28:20]cl_getDriver.py(72): Open NewTab->https://kabuoji3.com/stock/4031/2010/
[2021-03-17 06:28:20]cl_getDriver.py(127): click_Success->//*[@id="base_box"]/div/div[3]/form/button
[2021-03-17 06:28:21]cl_getDriver.py(127): click_Success->//*[@id="base_box"]/div/div[3]/form/button
[2021-03-17 06:28:23]cl_getDriver.py(127): click_Success->//*[@id="base_box"]/div/div[3]/form/button
[2021-03-17 06:28:23]cl_getDriver.py(72): Open NewTab->https://kabuoji3.com/stock/4028/1995/
[2021-03-17 06:28:24]cl_getDriver.py(127): click_Success->//*[@id="base_box"]/div/div[3]/form/button
[2021-03-17 06:28:24]cl_getDriver.py(72): Open NewTab->https://kabuoji3.com/stock/4031/2009/
[2021-03-17 06:28:25]cl_getDriver.py(127): click_Success->//*[@id="base_box"]/div/div[3]/form/button
[2021-03-17 06:28:25]cl_getDriver.py(127): click_Success->//*[@id="base_box"]/div/div[3]/form/button
[2021-03-17 06:28:27]cl_getDriver.py(127): click_Success->//*[@id="base_box"]/div/div[3]/form/button
[2021-03-17 06:28:27]cl_getDriver.py(72): Open NewTab->https://kabuoji3.com/stock/4028/1994/
[2021-03-17 06:28:28]cl_getDriver.py(127): click_Success->//*[@id="base_box"]/div/div[3]/form/button
[2021-03-17 06:28:28]cl_getDriver.py(72): Open NewTab->https://kabuoji3.com/stock/4031/2008/
[2021-03-17 06:28:29]cl_getDriver.py(127): click_Success->//*[@id="base_box"]/div/div[3]/form/button
[2021-03-17 06:28:29]cl_getDriver.py(127): click_Success->//*[@id="base_box"]/div/div[3]/form/button
[2021-03-17 06:28:31]cl_getDriver.py(127): click_Success->//*[@id="base_box"]/div/div[3]/form/button
[2021-03-17 06:28:31]cl_getDriver.py(72): Open NewTab->https://kabuoji3.com/stock/4028/1993/
[2021-03-17 06:28:32]cl_getDriver.py(127): click_Success->//*[@id="base_box"]/div/div[3]/form/button
[2021-03-17 06:28:32]cl_getDriver.py(72): Open NewTab->https://kabuoji3.com/stock/4031/2007/
[2021-03-17 06:28:33]cl_getDriver.py(127): click_Success->//*[@id="base_box"]/div/div[3]/form/button
[2021-03-17 06:28:33]cl_getDriver.py(127): click_Success->//*[@id="base_box"]/div/div[3]/form/button
[2021-03-17 06:28:35]cl_getDriver.py(127): click_Success->//*[@id="base_box"]/div/div[3]/form/button
[2021-03-17 06:28:35]cl_getDriver.py(72): Open NewTab->https://kabuoji3.com/stock/4028/1992/
[2021-03-17 06:28:36]cl_getDriver.py(127): click_Success->//*[@id="base_box"]/div/div[3]/form/button
[2021-03-17 06:28:36]cl_getDriver.py(72): Open NewTab->https://kabuoji3.com/stock/4031/2006/
[2021-03-17 06:28:37]cl_getDriver.py(127): click_Success->//*[@id="base_box"]/div/div[3]/form/button
[2021-03-17 06:28:37]cl_getDriver.py(127): click_Success->//*[@id="base_box"]/div/div[3]/form/button
[2021-03-17 06:28:39]cl_getDriver.py(127): click_Success->//*[@id="base_box"]/div/div[3]/form/button
[2021-03-17 06:28:40]cl_getDriver.py(72): Open NewTab->https://kabuoji3.com/stock/4028/1991/
[2021-03-17 06:28:40]cl_getDriver.py(127): click_Success->//*[@id="base_box"]/div/div[3]/form/button
[2021-03-17 06:28:40]cl_getDriver.py(72): Open NewTab->https://kabuoji3.com/stock/4031/2005/
[2021-03-17 06:28:41]cl_getDriver.py(127): click_Success->//*[@id="base_box"]/div/div[3]/form/button
[2021-03-17 06:28:41]cl_getDriver.py(127): click_Success->//*[@id="base_box"]/div/div[3]/form/button
[2021-03-17 06:28:43]cl_getDriver.py(127): click_Success->//*[@id="base_box"]/div/div[3]/form/button
[2021-03-17 06:28:44]cl_getDriver.py(72): Open NewTab->https://kabuoji3.com/stock/4028/1990/
[2021-03-17 06:28:44]cl_getDriver.py(127): click_Success->//*[@id="base_box"]/div/div[3]/form/button
[2021-03-17 06:28:44]cl_getDriver.py(72): Open NewTab->https://kabuoji3.com/stock/4031/2004/
[2021-03-17 06:28:45]cl_getDriver.py(127): click_Success->//*[@id="base_box"]/div/div[3]/form/button
[2021-03-17 06:28:45]cl_getDriver.py(127): click_Success->//*[@id="base_box"]/div/div[3]/form/button
[2021-03-17 06:28:47]cl_getDriver.py(127): click_Success->//*[@id="base_box"]/div/div[3]/form/button
[2021-03-17 06:28:48]cl_getDriver.py(72): Open NewTab->https://kabuoji3.com/stock/4028/1989/
[2021-03-17 06:28:48]cl_getDriver.py(127): click_Success->//*[@id="base_box"]/div/div[3]/form/button
[2021-03-17 06:28:48]cl_getDriver.py(72): Open NewTab->https://kabuoji3.com/stock/4031/2003/
[2021-03-17 06:28:49]cl_getDriver.py(127): click_Success->//*[@id="base_box"]/div/div[3]/form/button
[2021-03-17 06:28:50]cl_getDriver.py(127): click_Success->//*[@id="base_box"]/div/div[3]/form/button
[2021-03-17 06:28:51]cl_getDriver.py(127): click_Success->//*[@id="base_box"]/div/div[3]/form/button
[2021-03-17 06:28:52]cl_getDriver.py(72): Open NewTab->https://kabuoji3.com/stock/4028/1988/
[2021-03-17 06:28:52]cl_getDriver.py(127): click_Success->//*[@id="base_box"]/div/div[3]/form/button
[2021-03-17 06:28:53]cl_getDriver.py(72): Open NewTab->https://kabuoji3.com/stock/4031/2002/
[2021-03-17 06:28:54]cl_getDriver.py(127): click_Success->//*[@id="base_box"]/div/div[3]/form/button
[2021-03-17 06:28:54]cl_getDriver.py(127): click_Success->//*[@id="base_box"]/div/div[3]/form/button
[2021-03-17 06:28:56]cl_getDriver.py(127): click_Success->//*[@id="base_box"]/div/div[3]/form/button
[2021-03-17 06:28:56]cl_getDriver.py(72): Open NewTab->https://kabuoji3.com/stock/4028/1987/
[2021-03-17 06:28:56]cl_getDriver.py(127): click_Success->//*[@id="base_box"]/div/div[3]/form/button
[2021-03-17 06:28:57]cl_getDriver.py(72): Open NewTab->https://kabuoji3.com/stock/4031/2001/
[2021-03-17 06:28:58]cl_getDriver.py(127): click_Success->//*[@id="base_box"]/div/div[3]/form/button
[2021-03-17 06:28:58]cl_getDriver.py(127): click_Success->//*[@id="base_box"]/div/div[3]/form/button
[2021-03-17 06:29:00]cl_getDriver.py(127): click_Success->//*[@id="base_box"]/div/div[3]/form/button
[2021-03-17 06:29:00]cl_getDriver.py(127): click_Success->//*[@id="base_box"]/div/div[3]/form/button
[2021-03-17 06:29:01]cl_getDriver.py(72): Open NewTab->https://kabuoji3.com/stock/4028/1986/
[2021-03-17 06:29:01]cl_getDriver.py(72): Open NewTab->https://kabuoji3.com/stock/4031/2000/
[2021-03-17 06:29:02]cl_getDriver.py(127): click_Success->//*[@id="base_box"]/div/div[3]/form/button
[2021-03-17 06:29:02]cl_getDriver.py(127): click_Success->//*[@id="base_box"]/div/div[3]/form/button
[2021-03-17 06:29:04]cl_getDriver.py(127): click_Success->//*[@id="base_box"]/div/div[3]/form/button
[2021-03-17 06:29:05]cl_getDriver.py(127): click_Success->//*[@id="base_box"]/div/div[3]/form/button
[2021-03-17 06:29:05]cl_getDriver.py(72): Open NewTab->https://kabuoji3.com/stock/4031/1999/
[2021-03-17 06:29:05]cl_getDriver.py(72): Open NewTab->https://kabuoji3.com/stock/4028/1985/
[2021-03-17 06:29:06]cl_getDriver.py(127): click_Success->//*[@id="base_box"]/div/div[3]/form/button
[2021-03-17 06:29:06]cl_getDriver.py(127): click_Success->//*[@id="base_box"]/div/div[3]/form/button
[2021-03-17 06:29:09]cl_getDriver.py(127): click_Success->//*[@id="base_box"]/div/div[3]/form/button
[2021-03-17 06:29:09]cl_getDriver.py(127): click_Success->//*[@id="base_box"]/div/div[3]/form/button
[2021-03-17 06:29:09]cl_getDriver.py(72): Open NewTab->https://kabuoji3.com/stock/4028/1984/
[2021-03-17 06:29:09]cl_getDriver.py(72): Open NewTab->https://kabuoji3.com/stock/4031/1998/
[2021-03-17 06:29:11]cl_getDriver.py(127): click_Success->//*[@id="base_box"]/div/div[3]/form/button
[2021-03-17 06:29:11]cl_getDriver.py(127): click_Success->//*[@id="base_box"]/div/div[3]/form/button
[2021-03-17 06:29:13]cl_getDriver.py(127): click_Success->//*[@id="base_box"]/div/div[3]/form/button
[2021-03-17 06:29:13]cl_getDriver.py(127): click_Success->//*[@id="base_box"]/div/div[3]/form/button
[2021-03-17 06:29:14]cl_getDriver.py(72): Open NewTab->https://kabuoji3.com/stock/4031/1997/
[2021-03-17 06:29:14]cl_getDriver.py(72): Open NewTab->https://kabuoji3.com/stock/4028/1983/
[2021-03-17 06:29:15]cl_getDriver.py(127): click_Success->//*[@id="base_box"]/div/div[3]/form/button
[2021-03-17 06:29:15]cl_getDriver.py(127): click_Success->//*[@id="base_box"]/div/div[3]/form/button
[2021-03-17 06:29:17]cl_getDriver.py(127): click_Success->//*[@id="base_box"]/div/div[3]/form/button
[2021-03-17 06:29:17]cl_getDriver.py(127): click_Success->//*[@id="base_box"]/div/div[3]/form/button
[2021-03-17 06:29:18]cl_getDriver.py(72): Open NewTab->https://kabuoji3.com/stock/4031/1996/
[2021-03-17 06:29:19]cl_getDriver.py(127): click_Success->//*[@id="base_box"]/div/div[3]/form/button
[2021-03-17 06:29:20]main.py(42): finished Process->https://kabuoji3.com/stock/4028/
[2021-03-17 06:29:20]main.py(15): start_Process->https://kabuoji3.com/stock/4041/
[2021-03-17 06:29:21]cl_getDriver.py(127): click_Success->//*[@id="base_box"]/div/div[3]/form/button
[2021-03-17 06:29:21]cl_getDriver.py(72): Open NewTab->https://kabuoji3.com/stock/4031/1995/
[2021-03-17 06:29:23]cl_getDriver.py(127): click_Success->//*[@id="base_box"]/div/div[3]/form/button
[2021-03-17 06:29:25]cl_getDriver.py(127): click_Success->//*[@id="base_box"]/div/div[3]/form/button
[2021-03-17 06:29:26]cl_getDriver.py(72): Open NewTab->https://kabuoji3.com/stock/4031/1994/
[2021-03-17 06:29:26]cl_getDriver.py(127): click_Success->//*[@id="base_box"]/div/div[3]/form/button
[2021-03-17 06:29:27]cl_getDriver.py(64): getURL=https://kabuoji3.com/stock/4041/
[2021-03-17 06:29:27]cl_getDriver.py(72): Open NewTab->https://kabuoji3.com/stock/4041/
[2021-03-17 06:29:28]cl_getDriver.py(130): Not Found->//*[@id="base_box"]/div/div[3]/form/button
[2021-03-17 06:29:29]cl_getDriver.py(127): click_Success->//*[@id="base_box"]/div/div[3]/form/button
[2021-03-17 06:29:29]cl_getDriver.py(72): Open NewTab->https://kabuoji3.com/stock/4031/1993/
[2021-03-17 06:29:30]cl_getDriver.py(130): Not Found->//*[@id="base_box"]/div/div[3]/form/button
[2021-03-17 06:29:30]cl_getDriver.py(127): click_Success->//*[@id="base_box"]/div/div[3]/form/button
[2021-03-17 06:29:30]cl_getDriver.py(72): Open NewTab->https://kabuoji3.com/stock/4041/2021/
[2021-03-17 06:29:31]cl_getDriver.py(127): click_Success->//*[@id="base_box"]/div/div[3]/form/button
[2021-03-17 06:29:33]cl_getDriver.py(127): click_Success->//*[@id="base_box"]/div/div[3]/form/button
[2021-03-17 06:29:33]cl_getDriver.py(72): Open NewTab->https://kabuoji3.com/stock/4031/1992/
[2021-03-17 06:29:33]cl_getDriver.py(127): click_Success->//*[@id="base_box"]/div/div[3]/form/button
[2021-03-17 06:29:34]cl_getDriver.py(72): Open NewTab->https://kabuoji3.com/stock/4041/2020/
[2021-03-17 06:29:34]cl_getDriver.py(127): click_Success->//*[@id="base_box"]/div/div[3]/form/button
[2021-03-17 06:29:35]cl_getDriver.py(127): click_Success->//*[@id="base_box"]/div/div[3]/form/button
[2021-03-17 06:29:36]cl_getDriver.py(127): click_Success->//*[@id="base_box"]/div/div[3]/form/button
[2021-03-17 06:29:37]cl_getDriver.py(72): Open NewTab->https://kabuoji3.com/stock/4031/1991/
[2021-03-17 06:29:37]cl_getDriver.py(127): click_Success->//*[@id="base_box"]/div/div[3]/form/button
[2021-03-17 06:29:38]cl_getDriver.py(72): Open NewTab->https://kabuoji3.com/stock/4041/2019/
[2021-03-17 06:29:38]cl_getDriver.py(127): click_Success->//*[@id="base_box"]/div/div[3]/form/button
[2021-03-17 06:29:39]cl_getDriver.py(127): click_Success->//*[@id="base_box"]/div/div[3]/form/button
[2021-03-17 06:29:41]cl_getDriver.py(127): click_Success->//*[@id="base_box"]/div/div[3]/form/button
[2021-03-17 06:29:41]cl_getDriver.py(72): Open NewTab->https://kabuoji3.com/stock/4031/1990/
[2021-03-17 06:29:41]cl_getDriver.py(127): click_Success->//*[@id="base_box"]/div/div[3]/form/button
[2021-03-17 06:29:42]cl_getDriver.py(72): Open NewTab->https://kabuoji3.com/stock/4041/2018/
[2021-03-17 06:29:42]cl_getDriver.py(127): click_Success->//*[@id="base_box"]/div/div[3]/form/button
[2021-03-17 06:29:43]cl_getDriver.py(127): click_Success->//*[@id="base_box"]/div/div[3]/form/button
[2021-03-17 06:29:45]cl_getDriver.py(127): click_Success->//*[@id="base_box"]/div/div[3]/form/button
[2021-03-17 06:29:45]cl_getDriver.py(72): Open NewTab->https://kabuoji3.com/stock/4031/1989/
[2021-03-17 06:29:45]cl_getDriver.py(127): click_Success->//*[@id="base_box"]/div/div[3]/form/button
[2021-03-17 06:29:46]cl_getDriver.py(72): Open NewTab->https://kabuoji3.com/stock/4041/2017/
[2021-03-17 06:29:46]cl_getDriver.py(127): click_Success->//*[@id="base_box"]/div/div[3]/form/button
[2021-03-17 06:29:47]cl_getDriver.py(127): click_Success->//*[@id="base_box"]/div/div[3]/form/button
[2021-03-17 06:29:49]cl_getDriver.py(127): click_Success->//*[@id="base_box"]/div/div[3]/form/button
[2021-03-17 06:29:49]cl_getDriver.py(72): Open NewTab->https://kabuoji3.com/stock/4031/1988/
[2021-03-17 06:29:49]cl_getDriver.py(127): click_Success->//*[@id="base_box"]/div/div[3]/form/button
[2021-03-17 06:29:50]cl_getDriver.py(72): Open NewTab->https://kabuoji3.com/stock/4041/2016/
[2021-03-17 06:29:50]cl_getDriver.py(127): click_Success->//*[@id="base_box"]/div/div[3]/form/button
[2021-03-17 06:29:51]cl_getDriver.py(127): click_Success->//*[@id="base_box"]/div/div[3]/form/button
[2021-03-17 06:29:53]cl_getDriver.py(127): click_Success->//*[@id="base_box"]/div/div[3]/form/button
[2021-03-17 06:29:53]cl_getDriver.py(72): Open NewTab->https://kabuoji3.com/stock/4031/1987/
[2021-03-17 06:29:53]cl_getDriver.py(127): click_Success->//*[@id="base_box"]/div/div[3]/form/button
[2021-03-17 06:29:54]cl_getDriver.py(72): Open NewTab->https://kabuoji3.com/stock/4041/2015/
[2021-03-17 06:29:54]cl_getDriver.py(127): click_Success->//*[@id="base_box"]/div/div[3]/form/button
[2021-03-17 06:29:55]cl_getDriver.py(127): click_Success->//*[@id="base_box"]/div/div[3]/form/button
[2021-03-17 06:29:57]cl_getDriver.py(127): click_Success->//*[@id="base_box"]/div/div[3]/form/button
[2021-03-17 06:29:57]cl_getDriver.py(72): Open NewTab->https://kabuoji3.com/stock/4031/1986/
[2021-03-17 06:29:57]cl_getDriver.py(127): click_Success->//*[@id="base_box"]/div/div[3]/form/button
[2021-03-17 06:29:58]cl_getDriver.py(72): Open NewTab->https://kabuoji3.com/stock/4041/2014/
[2021-03-17 06:29:59]cl_getDriver.py(127): click_Success->//*[@id="base_box"]/div/div[3]/form/button
[2021-03-17 06:29:59]cl_getDriver.py(127): click_Success->//*[@id="base_box"]/div/div[3]/form/button
[2021-03-17 06:30:01]cl_getDriver.py(127): click_Success->//*[@id="base_box"]/div/div[3]/form/button
[2021-03-17 06:30:01]cl_getDriver.py(72): Open NewTab->https://kabuoji3.com/stock/4031/1985/
[2021-03-17 06:30:01]cl_getDriver.py(127): click_Success->//*[@id="base_box"]/div/div[3]/form/button
[2021-03-17 06:30:02]cl_getDriver.py(72): Open NewTab->https://kabuoji3.com/stock/4041/2013/
[2021-03-17 06:30:03]cl_getDriver.py(127): click_Success->//*[@id="base_box"]/div/div[3]/form/button
[2021-03-17 06:30:03]cl_getDriver.py(127): click_Success->//*[@id="base_box"]/div/div[3]/form/button
[2021-03-17 06:30:05]cl_getDriver.py(127): click_Success->//*[@id="base_box"]/div/div[3]/form/button
[2021-03-17 06:30:05]cl_getDriver.py(127): click_Success->//*[@id="base_box"]/div/div[3]/form/button
[2021-03-17 06:30:06]cl_getDriver.py(72): Open NewTab->https://kabuoji3.com/stock/4031/1984/
[2021-03-17 06:30:06]cl_getDriver.py(72): Open NewTab->https://kabuoji3.com/stock/4041/2012/
[2021-03-17 06:30:07]cl_getDriver.py(127): click_Success->//*[@id="base_box"]/div/div[3]/form/button
[2021-03-17 06:30:07]cl_getDriver.py(127): click_Success->//*[@id="base_box"]/div/div[3]/form/button
[2021-03-17 06:30:09]cl_getDriver.py(127): click_Success->//*[@id="base_box"]/div/div[3]/form/button
[2021-03-17 06:30:10]cl_getDriver.py(127): click_Success->//*[@id="base_box"]/div/div[3]/form/button
[2021-03-17 06:30:10]cl_getDriver.py(72): Open NewTab->https://kabuoji3.com/stock/4031/1983/
[2021-03-17 06:30:10]cl_getDriver.py(72): Open NewTab->https://kabuoji3.com/stock/4041/2011/
[2021-03-17 06:30:11]cl_getDriver.py(127): click_Success->//*[@id="base_box"]/div/div[3]/form/button
[2021-03-17 06:30:11]cl_getDriver.py(127): click_Success->//*[@id="base_box"]/div/div[3]/form/button
[2021-03-17 06:30:13]cl_getDriver.py(127): click_Success->//*[@id="base_box"]/div/div[3]/form/button
[2021-03-17 06:30:14]cl_getDriver.py(127): click_Success->//*[@id="base_box"]/div/div[3]/form/button
[2021-03-17 06:30:14]cl_getDriver.py(72): Open NewTab->https://kabuoji3.com/stock/4041/2010/
[2021-03-17 06:30:15]cl_getDriver.py(127): click_Success->//*[@id="base_box"]/div/div[3]/form/button
[2021-03-17 06:30:17]main.py(42): finished Process->https://kabuoji3.com/stock/4031/
[2021-03-17 06:30:17]main.py(15): start_Process->https://kabuoji3.com/stock/4042/
[2021-03-17 06:30:17]cl_getDriver.py(127): click_Success->//*[@id="base_box"]/div/div[3]/form/button
[2021-03-17 06:30:18]cl_getDriver.py(72): Open NewTab->https://kabuoji3.com/stock/4041/2009/
[2021-03-17 06:30:19]cl_getDriver.py(127): click_Success->//*[@id="base_box"]/div/div[3]/form/button
[2021-03-17 06:30:21]cl_getDriver.py(127): click_Success->//*[@id="base_box"]/div/div[3]/form/button
[2021-03-17 06:30:21]cl_getDriver.py(72): Open NewTab->https://kabuoji3.com/stock/4041/2008/
[2021-03-17 06:30:23]cl_getDriver.py(127): click_Success->//*[@id="base_box"]/div/div[3]/form/button
[2021-03-17 06:30:23]cl_getDriver.py(64): getURL=https://kabuoji3.com/stock/4042/
[2021-03-17 06:30:23]cl_getDriver.py(72): Open NewTab->https://kabuoji3.com/stock/4042/
[2021-03-17 06:30:24]cl_getDriver.py(130): Not Found->//*[@id="base_box"]/div/div[3]/form/button
[2021-03-17 06:30:25]cl_getDriver.py(127): click_Success->//*[@id="base_box"]/div/div[3]/form/button
[2021-03-17 06:30:25]cl_getDriver.py(72): Open NewTab->https://kabuoji3.com/stock/4041/2007/
[2021-03-17 06:30:26]cl_getDriver.py(130): Not Found->//*[@id="base_box"]/div/div[3]/form/button
[2021-03-17 06:30:26]cl_getDriver.py(127): click_Success->//*[@id="base_box"]/div/div[3]/form/button
[2021-03-17 06:30:26]cl_getDriver.py(72): Open NewTab->https://kabuoji3.com/stock/4042/2021/
[2021-03-17 06:30:28]cl_getDriver.py(127): click_Success->//*[@id="base_box"]/div/div[3]/form/button
[2021-03-17 06:30:29]cl_getDriver.py(127): click_Success->//*[@id="base_box"]/div/div[3]/form/button
[2021-03-17 06:30:29]cl_getDriver.py(72): Open NewTab->https://kabuoji3.com/stock/4041/2006/
[2021-03-17 06:30:30]cl_getDriver.py(127): click_Success->//*[@id="base_box"]/div/div[3]/form/button
[2021-03-17 06:30:30]cl_getDriver.py(127): click_Success->//*[@id="base_box"]/div/div[3]/form/button
[2021-03-17 06:30:30]cl_getDriver.py(72): Open NewTab->https://kabuoji3.com/stock/4042/2020/
[2021-03-17 06:30:32]cl_getDriver.py(127): click_Success->//*[@id="base_box"]/div/div[3]/form/button
[2021-03-17 06:30:33]cl_getDriver.py(127): click_Success->//*[@id="base_box"]/div/div[3]/form/button
[2021-03-17 06:30:33]cl_getDriver.py(72): Open NewTab->https://kabuoji3.com/stock/4041/2005/
[2021-03-17 06:30:34]cl_getDriver.py(127): click_Success->//*[@id="base_box"]/div/div[3]/form/button
[2021-03-17 06:30:34]cl_getDriver.py(127): click_Success->//*[@id="base_box"]/div/div[3]/form/button
[2021-03-17 06:30:34]cl_getDriver.py(72): Open NewTab->https://kabuoji3.com/stock/4042/2019/
[2021-03-17 06:30:35]cl_getDriver.py(127): click_Success->//*[@id="base_box"]/div/div[3]/form/button
[2021-03-17 06:30:36]cl_getDriver.py(127): click_Success->//*[@id="base_box"]/div/div[3]/form/button
[2021-03-17 06:30:37]cl_getDriver.py(72): Open NewTab->https://kabuoji3.com/stock/4041/2004/
[2021-03-17 06:30:38]cl_getDriver.py(127): click_Success->//*[@id="base_box"]/div/div[3]/form/button
[2021-03-17 06:30:38]cl_getDriver.py(127): click_Success->//*[@id="base_box"]/div/div[3]/form/button
[2021-03-17 06:30:38]cl_getDriver.py(72): Open NewTab->https://kabuoji3.com/stock/4042/2018/
[2021-03-17 06:30:40]cl_getDriver.py(127): click_Success->//*[@id="base_box"]/div/div[3]/form/button
[2021-03-17 06:30:41]cl_getDriver.py(127): click_Success->//*[@id="base_box"]/div/div[3]/form/button
[2021-03-17 06:30:41]cl_getDriver.py(72): Open NewTab->https://kabuoji3.com/stock/4041/2003/
[2021-03-17 06:30:42]cl_getDriver.py(127): click_Success->//*[@id="base_box"]/div/div[3]/form/button
[2021-03-17 06:30:42]cl_getDriver.py(127): click_Success->//*[@id="base_box"]/div/div[3]/form/button
[2021-03-17 06:30:42]cl_getDriver.py(72): Open NewTab->https://kabuoji3.com/stock/4042/2017/
[2021-03-17 06:30:43]cl_getDriver.py(127): click_Success->//*[@id="base_box"]/div/div[3]/form/button
[2021-03-17 06:30:45]cl_getDriver.py(127): click_Success->//*[@id="base_box"]/div/div[3]/form/button
[2021-03-17 06:30:45]cl_getDriver.py(72): Open NewTab->https://kabuoji3.com/stock/4041/2002/
[2021-03-17 06:30:46]cl_getDriver.py(127): click_Success->//*[@id="base_box"]/div/div[3]/form/button
[2021-03-17 06:30:46]cl_getDriver.py(127): click_Success->//*[@id="base_box"]/div/div[3]/form/button
[2021-03-17 06:30:46]cl_getDriver.py(72): Open NewTab->https://kabuoji3.com/stock/4042/2016/
[2021-03-17 06:30:47]cl_getDriver.py(127): click_Success->//*[@id="base_box"]/div/div[3]/form/button
[2021-03-17 06:30:49]cl_getDriver.py(127): click_Success->//*[@id="base_box"]/div/div[3]/form/button
[2021-03-17 06:30:49]cl_getDriver.py(72): Open NewTab->https://kabuoji3.com/stock/4041/2001/
[2021-03-17 06:30:50]cl_getDriver.py(127): click_Success->//*[@id="base_box"]/div/div[3]/form/button
[2021-03-17 06:30:50]cl_getDriver.py(72): Open NewTab->https://kabuoji3.com/stock/4042/2015/
[2021-03-17 06:30:50]cl_getDriver.py(127): click_Success->//*[@id="base_box"]/div/div[3]/form/button
[2021-03-17 06:30:51]cl_getDriver.py(127): click_Success->//*[@id="base_box"]/div/div[3]/form/button
[2021-03-17 06:30:53]cl_getDriver.py(127): click_Success->//*[@id="base_box"]/div/div[3]/form/button
[2021-03-17 06:30:53]cl_getDriver.py(72): Open NewTab->https://kabuoji3.com/stock/4041/2000/
[2021-03-17 06:30:53]cl_getDriver.py(127): click_Success->//*[@id="base_box"]/div/div[3]/form/button
[2021-03-17 06:30:54]cl_getDriver.py(72): Open NewTab->https://kabuoji3.com/stock/4042/2014/
[2021-03-17 06:30:54]cl_getDriver.py(127): click_Success->//*[@id="base_box"]/div/div[3]/form/button
[2021-03-17 06:30:55]cl_getDriver.py(127): click_Success->//*[@id="base_box"]/div/div[3]/form/button
[2021-03-17 06:30:57]cl_getDriver.py(127): click_Success->//*[@id="base_box"]/div/div[3]/form/button
[2021-03-17 06:30:57]cl_getDriver.py(72): Open NewTab->https://kabuoji3.com/stock/4041/1999/
[2021-03-17 06:30:57]cl_getDriver.py(127): click_Success->//*[@id="base_box"]/div/div[3]/form/button
[2021-03-17 06:30:58]cl_getDriver.py(72): Open NewTab->https://kabuoji3.com/stock/4042/2013/
[2021-03-17 06:30:59]cl_getDriver.py(127): click_Success->//*[@id="base_box"]/div/div[3]/form/button
[2021-03-17 06:30:59]cl_getDriver.py(127): click_Success->//*[@id="base_box"]/div/div[3]/form/button
[2021-03-17 06:31:01]cl_getDriver.py(127): click_Success->//*[@id="base_box"]/div/div[3]/form/button
[2021-03-17 06:31:01]cl_getDriver.py(72): Open NewTab->https://kabuoji3.com/stock/4041/1998/
[2021-03-17 06:31:01]cl_getDriver.py(127): click_Success->//*[@id="base_box"]/div/div[3]/form/button
[2021-03-17 06:31:02]cl_getDriver.py(72): Open NewTab->https://kabuoji3.com/stock/4042/2012/
[2021-03-17 06:31:03]cl_getDriver.py(127): click_Success->//*[@id="base_box"]/div/div[3]/form/button
[2021-03-17 06:31:03]cl_getDriver.py(127): click_Success->//*[@id="base_box"]/div/div[3]/form/button
[2021-03-17 06:31:05]cl_getDriver.py(127): click_Success->//*[@id="base_box"]/div/div[3]/form/button
[2021-03-17 06:31:06]cl_getDriver.py(127): click_Success->//*[@id="base_box"]/div/div[3]/form/button
[2021-03-17 06:31:06]cl_getDriver.py(72): Open NewTab->https://kabuoji3.com/stock/4041/1997/
[2021-03-17 06:31:06]cl_getDriver.py(72): Open NewTab->https://kabuoji3.com/stock/4042/2011/
[2021-03-17 06:31:07]cl_getDriver.py(127): click_Success->//*[@id="base_box"]/div/div[3]/form/button
[2021-03-17 06:31:08]cl_getDriver.py(127): click_Success->//*[@id="base_box"]/div/div[3]/form/button
[2021-03-17 06:31:10]cl_getDriver.py(127): click_Success->//*[@id="base_box"]/div/div[3]/form/button
[2021-03-17 06:31:10]cl_getDriver.py(127): click_Success->//*[@id="base_box"]/div/div[3]/form/button
[2021-03-17 06:31:10]cl_getDriver.py(72): Open NewTab->https://kabuoji3.com/stock/4041/1996/
[2021-03-17 06:31:10]cl_getDriver.py(72): Open NewTab->https://kabuoji3.com/stock/4042/2010/
[2021-03-17 06:31:11]cl_getDriver.py(127): click_Success->//*[@id="base_box"]/div/div[3]/form/button
[2021-03-17 06:31:12]cl_getDriver.py(127): click_Success->//*[@id="base_box"]/div/div[3]/form/button
[2021-03-17 06:31:14]cl_getDriver.py(127): click_Success->//*[@id="base_box"]/div/div[3]/form/button
[2021-03-17 06:31:14]cl_getDriver.py(127): click_Success->//*[@id="base_box"]/div/div[3]/form/button
[2021-03-17 06:31:15]cl_getDriver.py(72): Open NewTab->https://kabuoji3.com/stock/4042/2009/
[2021-03-17 06:31:15]cl_getDriver.py(72): Open NewTab->https://kabuoji3.com/stock/4041/1995/
[2021-03-17 06:31:16]cl_getDriver.py(127): click_Success->//*[@id="base_box"]/div/div[3]/form/button
[2021-03-17 06:31:16]cl_getDriver.py(127): click_Success->//*[@id="base_box"]/div/div[3]/form/button
[2021-03-17 06:31:18]cl_getDriver.py(127): click_Success->//*[@id="base_box"]/div/div[3]/form/button
[2021-03-17 06:31:18]cl_getDriver.py(127): click_Success->//*[@id="base_box"]/div/div[3]/form/button
[2021-03-17 06:31:19]cl_getDriver.py(72): Open NewTab->https://kabuoji3.com/stock/4042/2008/
[2021-03-17 06:31:19]cl_getDriver.py(72): Open NewTab->https://kabuoji3.com/stock/4041/1994/
[2021-03-17 06:31:20]cl_getDriver.py(127): click_Success->//*[@id="base_box"]/div/div[3]/form/button
[2021-03-17 06:31:20]cl_getDriver.py(127): click_Success->//*[@id="base_box"]/div/div[3]/form/button
[2021-03-17 06:31:22]cl_getDriver.py(127): click_Success->//*[@id="base_box"]/div/div[3]/form/button
[2021-03-17 06:31:23]cl_getDriver.py(72): Open NewTab->https://kabuoji3.com/stock/4042/2007/
[2021-03-17 06:31:23]cl_getDriver.py(127): click_Success->//*[@id="base_box"]/div/div[3]/form/button
[2021-03-17 06:31:23]cl_getDriver.py(72): Open NewTab->https://kabuoji3.com/stock/4041/1993/
[2021-03-17 06:31:24]cl_getDriver.py(127): click_Success->//*[@id="base_box"]/div/div[3]/form/button
[2021-03-17 06:31:25]cl_getDriver.py(127): click_Success->//*[@id="base_box"]/div/div[3]/form/button
[2021-03-17 06:31:27]cl_getDriver.py(127): click_Success->//*[@id="base_box"]/div/div[3]/form/button
[2021-03-17 06:31:27]cl_getDriver.py(72): Open NewTab->https://kabuoji3.com/stock/4042/2006/
[2021-03-17 06:31:27]cl_getDriver.py(127): click_Success->//*[@id="base_box"]/div/div[3]/form/button
[2021-03-17 06:31:27]cl_getDriver.py(72): Open NewTab->https://kabuoji3.com/stock/4041/1992/
[2021-03-17 06:31:28]cl_getDriver.py(127): click_Success->//*[@id="base_box"]/div/div[3]/form/button
[2021-03-17 06:31:29]cl_getDriver.py(127): click_Success->//*[@id="base_box"]/div/div[3]/form/button
[2021-03-17 06:31:31]cl_getDriver.py(127): click_Success->//*[@id="base_box"]/div/div[3]/form/button
[2021-03-17 06:31:31]cl_getDriver.py(72): Open NewTab->https://kabuoji3.com/stock/4042/2005/
[2021-03-17 06:31:31]cl_getDriver.py(127): click_Success->//*[@id="base_box"]/div/div[3]/form/button
[2021-03-17 06:31:32]cl_getDriver.py(72): Open NewTab->https://kabuoji3.com/stock/4041/1991/
[2021-03-17 06:31:32]cl_getDriver.py(127): click_Success->//*[@id="base_box"]/div/div[3]/form/button
[2021-03-17 06:31:33]cl_getDriver.py(127): click_Success->//*[@id="base_box"]/div/div[3]/form/button
[2021-03-17 06:31:35]cl_getDriver.py(127): click_Success->//*[@id="base_box"]/div/div[3]/form/button
[2021-03-17 06:31:35]cl_getDriver.py(72): Open NewTab->https://kabuoji3.com/stock/4042/2004/
[2021-03-17 06:31:35]cl_getDriver.py(127): click_Success->//*[@id="base_box"]/div/div[3]/form/button
[2021-03-17 06:31:36]cl_getDriver.py(72): Open NewTab->https://kabuoji3.com/stock/4041/1990/
[2021-03-17 06:31:37]cl_getDriver.py(127): click_Success->//*[@id="base_box"]/div/div[3]/form/button
[2021-03-17 06:31:37]cl_getDriver.py(127): click_Success->//*[@id="base_box"]/div/div[3]/form/button
[2021-03-17 06:31:39]cl_getDriver.py(127): click_Success->//*[@id="base_box"]/div/div[3]/form/button
[2021-03-17 06:31:39]cl_getDriver.py(72): Open NewTab->https://kabuoji3.com/stock/4042/2003/
[2021-03-17 06:31:40]cl_getDriver.py(127): click_Success->//*[@id="base_box"]/div/div[3]/form/button
[2021-03-17 06:31:40]cl_getDriver.py(72): Open NewTab->https://kabuoji3.com/stock/4041/1989/
[2021-03-17 06:31:41]cl_getDriver.py(127): click_Success->//*[@id="base_box"]/div/div[3]/form/button
[2021-03-17 06:31:41]cl_getDriver.py(127): click_Success->//*[@id="base_box"]/div/div[3]/form/button
[2021-03-17 06:31:43]cl_getDriver.py(127): click_Success->//*[@id="base_box"]/div/div[3]/form/button
[2021-03-17 06:31:43]cl_getDriver.py(72): Open NewTab->https://kabuoji3.com/stock/4042/2002/
[2021-03-17 06:31:44]cl_getDriver.py(127): click_Success->//*[@id="base_box"]/div/div[3]/form/button
[2021-03-17 06:31:44]cl_getDriver.py(72): Open NewTab->https://kabuoji3.com/stock/4041/1988/
[2021-03-17 06:31:45]cl_getDriver.py(127): click_Success->//*[@id="base_box"]/div/div[3]/form/button
[2021-03-17 06:31:45]cl_getDriver.py(127): click_Success->//*[@id="base_box"]/div/div[3]/form/button
[2021-03-17 06:31:47]cl_getDriver.py(127): click_Success->//*[@id="base_box"]/div/div[3]/form/button
[2021-03-17 06:31:48]cl_getDriver.py(127): click_Success->//*[@id="base_box"]/div/div[3]/form/button
[2021-03-17 06:31:48]cl_getDriver.py(72): Open NewTab->https://kabuoji3.com/stock/4042/2001/
[2021-03-17 06:31:48]cl_getDriver.py(72): Open NewTab->https://kabuoji3.com/stock/4041/1987/
[2021-03-17 06:31:49]cl_getDriver.py(127): click_Success->//*[@id="base_box"]/div/div[3]/form/button
[2021-03-17 06:31:49]cl_getDriver.py(127): click_Success->//*[@id="base_box"]/div/div[3]/form/button
[2021-03-17 06:31:51]cl_getDriver.py(127): click_Success->//*[@id="base_box"]/div/div[3]/form/button
[2021-03-17 06:31:52]cl_getDriver.py(72): Open NewTab->https://kabuoji3.com/stock/4042/2000/
[2021-03-17 06:31:52]cl_getDriver.py(127): click_Success->//*[@id="base_box"]/div/div[3]/form/button
[2021-03-17 06:31:52]cl_getDriver.py(72): Open NewTab->https://kabuoji3.com/stock/4041/1986/
[2021-03-17 06:31:53]cl_getDriver.py(127): click_Success->//*[@id="base_box"]/div/div[3]/form/button
[2021-03-17 06:31:53]cl_getDriver.py(127): click_Success->//*[@id="base_box"]/div/div[3]/form/button
[2021-03-17 06:31:55]cl_getDriver.py(127): click_Success->//*[@id="base_box"]/div/div[3]/form/button
[2021-03-17 06:31:56]cl_getDriver.py(72): Open NewTab->https://kabuoji3.com/stock/4042/1999/
[2021-03-17 06:31:56]cl_getDriver.py(127): click_Success->//*[@id="base_box"]/div/div[3]/form/button
[2021-03-17 06:31:56]cl_getDriver.py(72): Open NewTab->https://kabuoji3.com/stock/4041/1985/
[2021-03-17 06:31:57]cl_getDriver.py(127): click_Success->//*[@id="base_box"]/div/div[3]/form/button
[2021-03-17 06:31:58]cl_getDriver.py(127): click_Success->//*[@id="base_box"]/div/div[3]/form/button
[2021-03-17 06:32:00]cl_getDriver.py(127): click_Success->//*[@id="base_box"]/div/div[3]/form/button
[2021-03-17 06:32:00]cl_getDriver.py(72): Open NewTab->https://kabuoji3.com/stock/4042/1998/
[2021-03-17 06:32:00]cl_getDriver.py(127): click_Success->//*[@id="base_box"]/div/div[3]/form/button
[2021-03-17 06:32:01]cl_getDriver.py(72): Open NewTab->https://kabuoji3.com/stock/4041/1984/
[2021-03-17 06:32:01]cl_getDriver.py(127): click_Success->//*[@id="base_box"]/div/div[3]/form/button
[2021-03-17 06:32:02]cl_getDriver.py(127): click_Success->//*[@id="base_box"]/div/div[3]/form/button
[2021-03-17 06:32:04]cl_getDriver.py(127): click_Success->//*[@id="base_box"]/div/div[3]/form/button
[2021-03-17 06:32:04]cl_getDriver.py(72): Open NewTab->https://kabuoji3.com/stock/4042/1997/
[2021-03-17 06:32:04]cl_getDriver.py(127): click_Success->//*[@id="base_box"]/div/div[3]/form/button
[2021-03-17 06:32:05]cl_getDriver.py(72): Open NewTab->https://kabuoji3.com/stock/4041/1983/
[2021-03-17 06:32:05]cl_getDriver.py(127): click_Success->//*[@id="base_box"]/div/div[3]/form/button
[2021-03-17 06:32:06]cl_getDriver.py(127): click_Success->//*[@id="base_box"]/div/div[3]/form/button
[2021-03-17 06:32:08]cl_getDriver.py(127): click_Success->//*[@id="base_box"]/div/div[3]/form/button
[2021-03-17 06:32:08]cl_getDriver.py(72): Open NewTab->https://kabuoji3.com/stock/4042/1996/
[2021-03-17 06:32:08]cl_getDriver.py(127): click_Success->//*[@id="base_box"]/div/div[3]/form/button
[2021-03-17 06:32:09]cl_getDriver.py(127): click_Success->//*[@id="base_box"]/div/div[3]/form/button
[2021-03-17 06:32:12]cl_getDriver.py(127): click_Success->//*[@id="base_box"]/div/div[3]/form/button
[2021-03-17 06:32:12]cl_getDriver.py(72): Open NewTab->https://kabuoji3.com/stock/4042/1995/
[2021-03-17 06:32:13]main.py(42): finished Process->https://kabuoji3.com/stock/4041/
[2021-03-17 06:32:13]main.py(15): start_Process->https://kabuoji3.com/stock/4043/
[2021-03-17 06:32:13]cl_getDriver.py(127): click_Success->//*[@id="base_box"]/div/div[3]/form/button
[2021-03-17 06:32:15]cl_getDriver.py(127): click_Success->//*[@id="base_box"]/div/div[3]/form/button
[2021-03-17 06:32:16]cl_getDriver.py(72): Open NewTab->https://kabuoji3.com/stock/4042/1994/
[2021-03-17 06:32:17]cl_getDriver.py(127): click_Success->//*[@id="base_box"]/div/div[3]/form/button
[2021-03-17 06:32:18]cl_getDriver.py(64): getURL=https://kabuoji3.com/stock/4043/
[2021-03-17 06:32:18]cl_getDriver.py(72): Open NewTab->https://kabuoji3.com/stock/4043/
[2021-03-17 06:32:19]cl_getDriver.py(127): click_Success->//*[@id="base_box"]/div/div[3]/form/button
[2021-03-17 06:32:19]cl_getDriver.py(130): Not Found->//*[@id="base_box"]/div/div[3]/form/button
[2021-03-17 06:32:19]cl_getDriver.py(72): Open NewTab->https://kabuoji3.com/stock/4042/1993/
[2021-03-17 06:32:20]cl_getDriver.py(127): click_Success->//*[@id="base_box"]/div/div[3]/form/button
[2021-03-17 06:32:21]cl_getDriver.py(130): Not Found->//*[@id="base_box"]/div/div[3]/form/button
[2021-03-17 06:32:21]cl_getDriver.py(72): Open NewTab->https://kabuoji3.com/stock/4043/2021/
[2021-03-17 06:32:22]cl_getDriver.py(127): click_Success->//*[@id="base_box"]/div/div[3]/form/button
[2021-03-17 06:32:23]cl_getDriver.py(127): click_Success->//*[@id="base_box"]/div/div[3]/form/button
[2021-03-17 06:32:23]cl_getDriver.py(72): Open NewTab->https://kabuoji3.com/stock/4042/1992/
[2021-03-17 06:32:24]cl_getDriver.py(127): click_Success->//*[@id="base_box"]/div/div[3]/form/button
[2021-03-17 06:32:25]cl_getDriver.py(127): click_Success->//*[@id="base_box"]/div/div[3]/form/button
[2021-03-17 06:32:25]cl_getDriver.py(72): Open NewTab->https://kabuoji3.com/stock/4043/2020/
[2021-03-17 06:32:26]cl_getDriver.py(127): click_Success->//*[@id="base_box"]/div/div[3]/form/button
[2021-03-17 06:32:26]cl_getDriver.py(127): click_Success->//*[@id="base_box"]/div/div[3]/form/button
[2021-03-17 06:32:27]cl_getDriver.py(72): Open NewTab->https://kabuoji3.com/stock/4042/1991/
[2021-03-17 06:32:28]cl_getDriver.py(127): click_Success->//*[@id="base_box"]/div/div[3]/form/button
[2021-03-17 06:32:28]cl_getDriver.py(127): click_Success->//*[@id="base_box"]/div/div[3]/form/button
[2021-03-17 06:32:29]cl_getDriver.py(72): Open NewTab->https://kabuoji3.com/stock/4043/2019/
[2021-03-17 06:32:30]cl_getDriver.py(127): click_Success->//*[@id="base_box"]/div/div[3]/form/button
[2021-03-17 06:32:30]cl_getDriver.py(127): click_Success->//*[@id="base_box"]/div/div[3]/form/button
[2021-03-17 06:32:30]cl_getDriver.py(72): Open NewTab->https://kabuoji3.com/stock/4042/1990/
[2021-03-17 06:32:31]cl_getDriver.py(127): click_Success->//*[@id="base_box"]/div/div[3]/form/button
[2021-03-17 06:32:32]cl_getDriver.py(127): click_Success->//*[@id="base_box"]/div/div[3]/form/button
[2021-03-17 06:32:32]cl_getDriver.py(72): Open NewTab->https://kabuoji3.com/stock/4043/2018/
[2021-03-17 06:32:33]cl_getDriver.py(127): click_Success->//*[@id="base_box"]/div/div[3]/form/button
[2021-03-17 06:32:33]cl_getDriver.py(127): click_Success->//*[@id="base_box"]/div/div[3]/form/button
[2021-03-17 06:32:34]cl_getDriver.py(72): Open NewTab->https://kabuoji3.com/stock/4042/1989/
[2021-03-17 06:32:35]cl_getDriver.py(127): click_Success->//*[@id="base_box"]/div/div[3]/form/button
[2021-03-17 06:32:36]cl_getDriver.py(127): click_Success->//*[@id="base_box"]/div/div[3]/form/button
[2021-03-17 06:32:36]cl_getDriver.py(72): Open NewTab->https://kabuoji3.com/stock/4043/2017/
[2021-03-17 06:32:37]cl_getDriver.py(127): click_Success->//*[@id="base_box"]/div/div[3]/form/button
[2021-03-17 06:32:37]cl_getDriver.py(127): click_Success->//*[@id="base_box"]/div/div[3]/form/button
[2021-03-17 06:32:37]cl_getDriver.py(72): Open NewTab->https://kabuoji3.com/stock/4042/1988/
[2021-03-17 06:32:38]cl_getDriver.py(127): click_Success->//*[@id="base_box"]/div/div[3]/form/button
[2021-03-17 06:32:39]cl_getDriver.py(127): click_Success->//*[@id="base_box"]/div/div[3]/form/button
[2021-03-17 06:32:40]cl_getDriver.py(72): Open NewTab->https://kabuoji3.com/stock/4043/2016/
[2021-03-17 06:32:41]cl_getDriver.py(127): click_Success->//*[@id="base_box"]/div/div[3]/form/button
[2021-03-17 06:32:41]cl_getDriver.py(127): click_Success->//*[@id="base_box"]/div/div[3]/form/button
[2021-03-17 06:32:41]cl_getDriver.py(72): Open NewTab->https://kabuoji3.com/stock/4042/1987/
[2021-03-17 06:32:42]cl_getDriver.py(127): click_Success->//*[@id="base_box"]/div/div[3]/form/button
[2021-03-17 06:32:43]cl_getDriver.py(127): click_Success->//*[@id="base_box"]/div/div[3]/form/button
[2021-03-17 06:32:43]cl_getDriver.py(72): Open NewTab->https://kabuoji3.com/stock/4043/2015/
[2021-03-17 06:32:44]cl_getDriver.py(127): click_Success->//*[@id="base_box"]/div/div[3]/form/button
[2021-03-17 06:32:44]cl_getDriver.py(127): click_Success->//*[@id="base_box"]/div/div[3]/form/button
[2021-03-17 06:32:45]cl_getDriver.py(72): Open NewTab->https://kabuoji3.com/stock/4042/1986/
[2021-03-17 06:32:46]cl_getDriver.py(127): click_Success->//*[@id="base_box"]/div/div[3]/form/button
[2021-03-17 06:32:46]cl_getDriver.py(127): click_Success->//*[@id="base_box"]/div/div[3]/form/button
[2021-03-17 06:32:47]cl_getDriver.py(72): Open NewTab->https://kabuoji3.com/stock/4043/2014/
[2021-03-17 06:32:48]cl_getDriver.py(127): click_Success->//*[@id="base_box"]/div/div[3]/form/button
[2021-03-17 06:32:48]cl_getDriver.py(127): click_Success->//*[@id="base_box"]/div/div[3]/form/button
[2021-03-17 06:32:48]cl_getDriver.py(72): Open NewTab->https://kabuoji3.com/stock/4042/1985/
[2021-03-17 06:32:49]cl_getDriver.py(127): click_Success->//*[@id="base_box"]/div/div[3]/form/button
[2021-03-17 06:32:50]cl_getDriver.py(127): click_Success->//*[@id="base_box"]/div/div[3]/form/button
[2021-03-17 06:32:50]cl_getDriver.py(72): Open NewTab->https://kabuoji3.com/stock/4043/2013/
[2021-03-17 06:32:51]cl_getDriver.py(127): click_Success->//*[@id="base_box"]/div/div[3]/form/button
[2021-03-17 06:32:52]cl_getDriver.py(127): click_Success->//*[@id="base_box"]/div/div[3]/form/button
[2021-03-17 06:32:52]cl_getDriver.py(72): Open NewTab->https://kabuoji3.com/stock/4042/1984/
[2021-03-17 06:32:53]cl_getDriver.py(127): click_Success->//*[@id="base_box"]/div/div[3]/form/button
[2021-03-17 06:32:54]cl_getDriver.py(127): click_Success->//*[@id="base_box"]/div/div[3]/form/button
[2021-03-17 06:32:54]cl_getDriver.py(72): Open NewTab->https://kabuoji3.com/stock/4043/2012/
[2021-03-17 06:32:55]cl_getDriver.py(127): click_Success->//*[@id="base_box"]/div/div[3]/form/button
[2021-03-17 06:32:55]cl_getDriver.py(127): click_Success->//*[@id="base_box"]/div/div[3]/form/button
[2021-03-17 06:32:56]cl_getDriver.py(72): Open NewTab->https://kabuoji3.com/stock/4042/1983/
[2021-03-17 06:32:57]cl_getDriver.py(127): click_Success->//*[@id="base_box"]/div/div[3]/form/button
[2021-03-17 06:32:57]cl_getDriver.py(127): click_Success->//*[@id="base_box"]/div/div[3]/form/button
[2021-03-17 06:32:58]cl_getDriver.py(72): Open NewTab->https://kabuoji3.com/stock/4043/2011/
[2021-03-17 06:32:59]cl_getDriver.py(127): click_Success->//*[@id="base_box"]/div/div[3]/form/button
[2021-03-17 06:32:59]cl_getDriver.py(127): click_Success->//*[@id="base_box"]/div/div[3]/form/button
[2021-03-17 06:33:01]cl_getDriver.py(127): click_Success->//*[@id="base_box"]/div/div[3]/form/button
[2021-03-17 06:33:01]cl_getDriver.py(72): Open NewTab->https://kabuoji3.com/stock/4043/2010/
[2021-03-17 06:33:02]cl_getDriver.py(127): click_Success->//*[@id="base_box"]/div/div[3]/form/button
[2021-03-17 06:33:03]main.py(42): finished Process->https://kabuoji3.com/stock/4042/
[2021-03-17 06:33:03]main.py(15): start_Process->https://kabuoji3.com/stock/4044/
[2021-03-17 06:33:04]cl_getDriver.py(127): click_Success->//*[@id="base_box"]/div/div[3]/form/button
[2021-03-17 06:33:05]cl_getDriver.py(72): Open NewTab->https://kabuoji3.com/stock/4043/2009/
[2021-03-17 06:33:06]cl_getDriver.py(127): click_Success->//*[@id="base_box"]/div/div[3]/form/button
[2021-03-17 06:33:08]cl_getDriver.py(127): click_Success->//*[@id="base_box"]/div/div[3]/form/button
[2021-03-17 06:33:09]cl_getDriver.py(72): Open NewTab->https://kabuoji3.com/stock/4043/2008/
[2021-03-17 06:33:09]cl_getDriver.py(64): getURL=https://kabuoji3.com/stock/4044/
[2021-03-17 06:33:10]cl_getDriver.py(127): click_Success->//*[@id="base_box"]/div/div[3]/form/button
[2021-03-17 06:33:10]cl_getDriver.py(72): Open NewTab->https://kabuoji3.com/stock/4044/
[2021-03-17 06:33:11]cl_getDriver.py(130): Not Found->//*[@id="base_box"]/div/div[3]/form/button
[2021-03-17 06:33:12]cl_getDriver.py(127): click_Success->//*[@id="base_box"]/div/div[3]/form/button
[2021-03-17 06:33:13]cl_getDriver.py(72): Open NewTab->https://kabuoji3.com/stock/4043/2007/
[2021-03-17 06:33:13]cl_getDriver.py(130): Not Found->//*[@id="base_box"]/div/div[3]/form/button
[2021-03-17 06:33:13]cl_getDriver.py(72): Open NewTab->https://kabuoji3.com/stock/4044/2021/
[2021-03-17 06:33:14]cl_getDriver.py(127): click_Success->//*[@id="base_box"]/div/div[3]/form/button
[2021-03-17 06:33:14]cl_getDriver.py(127): click_Success->//*[@id="base_box"]/div/div[3]/form/button
[2021-03-17 06:33:16]cl_getDriver.py(127): click_Success->//*[@id="base_box"]/div/div[3]/form/button
[2021-03-17 06:33:16]cl_getDriver.py(127): click_Success->//*[@id="base_box"]/div/div[3]/form/button
[2021-03-17 06:33:17]cl_getDriver.py(72): Open NewTab->https://kabuoji3.com/stock/4043/2006/
[2021-03-17 06:33:17]cl_getDriver.py(72): Open NewTab->https://kabuoji3.com/stock/4044/2020/
[2021-03-17 06:33:18]cl_getDriver.py(127): click_Success->//*[@id="base_box"]/div/div[3]/form/button
[2021-03-17 06:33:18]cl_getDriver.py(127): click_Success->//*[@id="base_box"]/div/div[3]/form/button
[2021-03-17 06:33:21]cl_getDriver.py(127): click_Success->//*[@id="base_box"]/div/div[3]/form/button
[2021-03-17 06:33:21]cl_getDriver.py(127): click_Success->//*[@id="base_box"]/div/div[3]/form/button
[2021-03-17 06:33:22]cl_getDriver.py(72): Open NewTab->https://kabuoji3.com/stock/4044/2019/
[2021-03-17 06:33:22]cl_getDriver.py(72): Open NewTab->https://kabuoji3.com/stock/4043/2005/
[2021-03-17 06:33:23]cl_getDriver.py(127): click_Success->//*[@id="base_box"]/div/div[3]/form/button
[2021-03-17 06:33:23]cl_getDriver.py(127): click_Success->//*[@id="base_box"]/div/div[3]/form/button
[2021-03-17 06:33:25]cl_getDriver.py(127): click_Success->//*[@id="base_box"]/div/div[3]/form/button
[2021-03-17 06:33:25]cl_getDriver.py(127): click_Success->//*[@id="base_box"]/div/div[3]/form/button
[2021-03-17 06:33:26]cl_getDriver.py(72): Open NewTab->https://kabuoji3.com/stock/4044/2018/
[2021-03-17 06:33:26]cl_getDriver.py(72): Open NewTab->https://kabuoji3.com/stock/4043/2004/
[2021-03-17 06:33:27]cl_getDriver.py(127): click_Success->//*[@id="base_box"]/div/div[3]/form/button
[2021-03-17 06:33:27]cl_getDriver.py(127): click_Success->//*[@id="base_box"]/div/div[3]/form/button
[2021-03-17 06:33:29]cl_getDriver.py(127): click_Success->//*[@id="base_box"]/div/div[3]/form/button
[2021-03-17 06:33:30]cl_getDriver.py(127): click_Success->//*[@id="base_box"]/div/div[3]/form/button
[2021-03-17 06:33:30]cl_getDriver.py(72): Open NewTab->https://kabuoji3.com/stock/4044/2017/
[2021-03-17 06:33:30]cl_getDriver.py(72): Open NewTab->https://kabuoji3.com/stock/4043/2003/
[2021-03-17 06:33:32]cl_getDriver.py(127): click_Success->//*[@id="base_box"]/div/div[3]/form/button
[2021-03-17 06:33:32]cl_getDriver.py(127): click_Success->//*[@id="base_box"]/div/div[3]/form/button
[2021-03-17 06:33:34]cl_getDriver.py(127): click_Success->//*[@id="base_box"]/div/div[3]/form/button
[2021-03-17 06:33:34]cl_getDriver.py(127): click_Success->//*[@id="base_box"]/div/div[3]/form/button
[2021-03-17 06:33:35]cl_getDriver.py(72): Open NewTab->https://kabuoji3.com/stock/4043/2002/
[2021-03-17 06:33:35]cl_getDriver.py(72): Open NewTab->https://kabuoji3.com/stock/4044/2016/
[2021-03-17 06:33:36]cl_getDriver.py(127): click_Success->//*[@id="base_box"]/div/div[3]/form/button
[2021-03-17 06:33:36]cl_getDriver.py(127): click_Success->//*[@id="base_box"]/div/div[3]/form/button
[2021-03-17 06:33:38]cl_getDriver.py(127): click_Success->//*[@id="base_box"]/div/div[3]/form/button
[2021-03-17 06:33:39]cl_getDriver.py(127): click_Success->//*[@id="base_box"]/div/div[3]/form/button
[2021-03-17 06:33:39]cl_getDriver.py(72): Open NewTab->https://kabuoji3.com/stock/4044/2015/
[2021-03-17 06:33:39]cl_getDriver.py(72): Open NewTab->https://kabuoji3.com/stock/4043/2001/
[2021-03-17 06:33:41]cl_getDriver.py(127): click_Success->//*[@id="base_box"]/div/div[3]/form/button
[2021-03-17 06:33:41]cl_getDriver.py(127): click_Success->//*[@id="base_box"]/div/div[3]/form/button
[2021-03-17 06:33:43]cl_getDriver.py(127): click_Success->//*[@id="base_box"]/div/div[3]/form/button
[2021-03-17 06:33:43]cl_getDriver.py(127): click_Success->//*[@id="base_box"]/div/div[3]/form/button
[2021-03-17 06:33:44]cl_getDriver.py(72): Open NewTab->https://kabuoji3.com/stock/4044/2014/
[2021-03-17 06:33:44]cl_getDriver.py(72): Open NewTab->https://kabuoji3.com/stock/4043/2000/
[2021-03-17 06:33:45]cl_getDriver.py(127): click_Success->//*[@id="base_box"]/div/div[3]/form/button
[2021-03-17 06:33:45]cl_getDriver.py(127): click_Success->//*[@id="base_box"]/div/div[3]/form/button
[2021-03-17 06:33:47]cl_getDriver.py(127): click_Success->//*[@id="base_box"]/div/div[3]/form/button
[2021-03-17 06:33:48]cl_getDriver.py(127): click_Success->//*[@id="base_box"]/div/div[3]/form/button
[2021-03-17 06:33:48]cl_getDriver.py(72): Open NewTab->https://kabuoji3.com/stock/4043/1999/
[2021-03-17 06:33:48]cl_getDriver.py(72): Open NewTab->https://kabuoji3.com/stock/4044/2013/
[2021-03-17 06:33:49]cl_getDriver.py(127): click_Success->//*[@id="base_box"]/div/div[3]/form/button
[2021-03-17 06:33:49]cl_getDriver.py(127): click_Success->//*[@id="base_box"]/div/div[3]/form/button
[2021-03-17 06:33:52]cl_getDriver.py(127): click_Success->//*[@id="base_box"]/div/div[3]/form/button
[2021-03-17 06:33:52]cl_getDriver.py(127): click_Success->//*[@id="base_box"]/div/div[3]/form/button
[2021-03-17 06:33:52]cl_getDriver.py(72): Open NewTab->https://kabuoji3.com/stock/4044/2012/
[2021-03-17 06:33:52]cl_getDriver.py(72): Open NewTab->https://kabuoji3.com/stock/4043/1998/
[2021-03-17 06:33:54]cl_getDriver.py(127): click_Success->//*[@id="base_box"]/div/div[3]/form/button
[2021-03-17 06:33:54]cl_getDriver.py(127): click_Success->//*[@id="base_box"]/div/div[3]/form/button
[2021-03-17 06:33:56]cl_getDriver.py(127): click_Success->//*[@id="base_box"]/div/div[3]/form/button
[2021-03-17 06:33:56]cl_getDriver.py(127): click_Success->//*[@id="base_box"]/div/div[3]/form/button
[2021-03-17 06:33:57]cl_getDriver.py(72): Open NewTab->https://kabuoji3.com/stock/4043/1997/
[2021-03-17 06:33:57]cl_getDriver.py(72): Open NewTab->https://kabuoji3.com/stock/4044/2011/
[2021-03-17 06:33:58]cl_getDriver.py(127): click_Success->//*[@id="base_box"]/div/div[3]/form/button
[2021-03-17 06:33:58]cl_getDriver.py(127): click_Success->//*[@id="base_box"]/div/div[3]/form/button
[2021-03-17 06:34:00]cl_getDriver.py(127): click_Success->//*[@id="base_box"]/div/div[3]/form/button
[2021-03-17 06:34:00]cl_getDriver.py(127): click_Success->//*[@id="base_box"]/div/div[3]/form/button
[2021-03-17 06:34:01]cl_getDriver.py(72): Open NewTab->https://kabuoji3.com/stock/4043/1996/
[2021-03-17 06:34:01]cl_getDriver.py(72): Open NewTab->https://kabuoji3.com/stock/4044/2010/
[2021-03-17 06:34:02]cl_getDriver.py(127): click_Success->//*[@id="base_box"]/div/div[3]/form/button
[2021-03-17 06:34:02]cl_getDriver.py(127): click_Success->//*[@id="base_box"]/div/div[3]/form/button
[2021-03-17 06:34:05]cl_getDriver.py(127): click_Success->//*[@id="base_box"]/div/div[3]/form/button
[2021-03-17 06:34:05]cl_getDriver.py(127): click_Success->//*[@id="base_box"]/div/div[3]/form/button
[2021-03-17 06:34:05]cl_getDriver.py(72): Open NewTab->https://kabuoji3.com/stock/4043/1995/
[2021-03-17 06:34:05]cl_getDriver.py(72): Open NewTab->https://kabuoji3.com/stock/4044/2009/
[2021-03-17 06:34:07]cl_getDriver.py(127): click_Success->//*[@id="base_box"]/div/div[3]/form/button
[2021-03-17 06:34:07]cl_getDriver.py(127): click_Success->//*[@id="base_box"]/div/div[3]/form/button
[2021-03-17 06:34:09]cl_getDriver.py(127): click_Success->//*[@id="base_box"]/div/div[3]/form/button
[2021-03-17 06:34:09]cl_getDriver.py(127): click_Success->//*[@id="base_box"]/div/div[3]/form/button
[2021-03-17 06:34:10]cl_getDriver.py(72): Open NewTab->https://kabuoji3.com/stock/4043/1994/
[2021-03-17 06:34:10]cl_getDriver.py(72): Open NewTab->https://kabuoji3.com/stock/4044/2008/
[2021-03-17 06:34:11]cl_getDriver.py(127): click_Success->//*[@id="base_box"]/div/div[3]/form/button
[2021-03-17 06:34:11]cl_getDriver.py(127): click_Success->//*[@id="base_box"]/div/div[3]/form/button
[2021-03-17 06:34:14]cl_getDriver.py(127): click_Success->//*[@id="base_box"]/div/div[3]/form/button
[2021-03-17 06:34:14]cl_getDriver.py(127): click_Success->//*[@id="base_box"]/div/div[3]/form/button
[2021-03-17 06:34:14]cl_getDriver.py(72): Open NewTab->https://kabuoji3.com/stock/4043/1993/
[2021-03-17 06:34:14]cl_getDriver.py(72): Open NewTab->https://kabuoji3.com/stock/4044/2007/
[2021-03-17 06:34:16]cl_getDriver.py(127): click_Success->//*[@id="base_box"]/div/div[3]/form/button
[2021-03-17 06:34:16]cl_getDriver.py(127): click_Success->//*[@id="base_box"]/div/div[3]/form/button
[2021-03-17 06:34:18]cl_getDriver.py(127): click_Success->//*[@id="base_box"]/div/div[3]/form/button
[2021-03-17 06:34:18]cl_getDriver.py(127): click_Success->//*[@id="base_box"]/div/div[3]/form/button
[2021-03-17 06:34:18]cl_getDriver.py(72): Open NewTab->https://kabuoji3.com/stock/4044/2006/
[2021-03-17 06:34:19]cl_getDriver.py(72): Open NewTab->https://kabuoji3.com/stock/4043/1992/
[2021-03-17 06:34:20]cl_getDriver.py(127): click_Success->//*[@id="base_box"]/div/div[3]/form/button
[2021-03-17 06:34:20]cl_getDriver.py(127): click_Success->//*[@id="base_box"]/div/div[3]/form/button
[2021-03-17 06:34:22]cl_getDriver.py(127): click_Success->//*[@id="base_box"]/div/div[3]/form/button
[2021-03-17 06:34:22]cl_getDriver.py(127): click_Success->//*[@id="base_box"]/div/div[3]/form/button
[2021-03-17 06:34:23]cl_getDriver.py(72): Open NewTab->https://kabuoji3.com/stock/4044/2005/
[2021-03-17 06:34:23]cl_getDriver.py(72): Open NewTab->https://kabuoji3.com/stock/4043/1991/
[2021-03-17 06:34:24]cl_getDriver.py(127): click_Success->//*[@id="base_box"]/div/div[3]/form/button
[2021-03-17 06:34:24]cl_getDriver.py(127): click_Success->//*[@id="base_box"]/div/div[3]/form/button
[2021-03-17 06:34:27]cl_getDriver.py(127): click_Success->//*[@id="base_box"]/div/div[3]/form/button
[2021-03-17 06:34:27]cl_getDriver.py(127): click_Success->//*[@id="base_box"]/div/div[3]/form/button
[2021-03-17 06:34:27]cl_getDriver.py(72): Open NewTab->https://kabuoji3.com/stock/4043/1990/
[2021-03-17 06:34:27]cl_getDriver.py(72): Open NewTab->https://kabuoji3.com/stock/4044/2004/
[2021-03-17 06:34:29]cl_getDriver.py(127): click_Success->//*[@id="base_box"]/div/div[3]/form/button
[2021-03-17 06:34:29]cl_getDriver.py(127): click_Success->//*[@id="base_box"]/div/div[3]/form/button
[2021-03-17 06:34:31]cl_getDriver.py(127): click_Success->//*[@id="base_box"]/div/div[3]/form/button
[2021-03-17 06:34:31]cl_getDriver.py(127): click_Success->//*[@id="base_box"]/div/div[3]/form/button
[2021-03-17 06:34:32]cl_getDriver.py(72): Open NewTab->https://kabuoji3.com/stock/4044/2003/
[2021-03-17 06:34:32]cl_getDriver.py(72): Open NewTab->https://kabuoji3.com/stock/4043/1989/
[2021-03-17 06:34:33]cl_getDriver.py(127): click_Success->//*[@id="base_box"]/div/div[3]/form/button
[2021-03-17 06:34:33]cl_getDriver.py(127): click_Success->//*[@id="base_box"]/div/div[3]/form/button
[2021-03-17 06:34:36]cl_getDriver.py(127): click_Success->//*[@id="base_box"]/div/div[3]/form/button
[2021-03-17 06:34:36]cl_getDriver.py(127): click_Success->//*[@id="base_box"]/div/div[3]/form/button
[2021-03-17 06:34:36]cl_getDriver.py(72): Open NewTab->https://kabuoji3.com/stock/4044/2002/
[2021-03-17 06:34:36]cl_getDriver.py(72): Open NewTab->https://kabuoji3.com/stock/4043/1988/
[2021-03-17 06:34:38]cl_getDriver.py(127): click_Success->//*[@id="base_box"]/div/div[3]/form/button
[2021-03-17 06:34:38]cl_getDriver.py(127): click_Success->//*[@id="base_box"]/div/div[3]/form/button
[2021-03-17 06:34:40]cl_getDriver.py(127): click_Success->//*[@id="base_box"]/div/div[3]/form/button
[2021-03-17 06:34:40]cl_getDriver.py(127): click_Success->//*[@id="base_box"]/div/div[3]/form/button
[2021-03-17 06:34:41]cl_getDriver.py(72): Open NewTab->https://kabuoji3.com/stock/4044/2001/
[2021-03-17 06:34:41]cl_getDriver.py(72): Open NewTab->https://kabuoji3.com/stock/4043/1987/
[2021-03-17 06:34:42]cl_getDriver.py(127): click_Success->//*[@id="base_box"]/div/div[3]/form/button
[2021-03-17 06:34:42]cl_getDriver.py(127): click_Success->//*[@id="base_box"]/div/div[3]/form/button
[2021-03-17 06:34:44]cl_getDriver.py(127): click_Success->//*[@id="base_box"]/div/div[3]/form/button
[2021-03-17 06:34:44]cl_getDriver.py(127): click_Success->//*[@id="base_box"]/div/div[3]/form/button
[2021-03-17 06:34:45]cl_getDriver.py(72): Open NewTab->https://kabuoji3.com/stock/4043/1986/
[2021-03-17 06:34:45]cl_getDriver.py(72): Open NewTab->https://kabuoji3.com/stock/4044/2000/
[2021-03-17 06:34:46]cl_getDriver.py(127): click_Success->//*[@id="base_box"]/div/div[3]/form/button
[2021-03-17 06:34:46]cl_getDriver.py(127): click_Success->//*[@id="base_box"]/div/div[3]/form/button
[2021-03-17 06:34:49]cl_getDriver.py(127): click_Success->//*[@id="base_box"]/div/div[3]/form/button
[2021-03-17 06:34:49]cl_getDriver.py(127): click_Success->//*[@id="base_box"]/div/div[3]/form/button
[2021-03-17 06:34:49]cl_getDriver.py(72): Open NewTab->https://kabuoji3.com/stock/4043/1985/
[2021-03-17 06:34:49]cl_getDriver.py(72): Open NewTab->https://kabuoji3.com/stock/4044/1999/
[2021-03-17 06:34:51]cl_getDriver.py(127): click_Success->//*[@id="base_box"]/div/div[3]/form/button
[2021-03-17 06:34:51]cl_getDriver.py(127): click_Success->//*[@id="base_box"]/div/div[3]/form/button
[2021-03-17 06:34:53]cl_getDriver.py(127): click_Success->//*[@id="base_box"]/div/div[3]/form/button
[2021-03-17 06:34:53]cl_getDriver.py(127): click_Success->//*[@id="base_box"]/div/div[3]/form/button
[2021-03-17 06:34:54]cl_getDriver.py(72): Open NewTab->https://kabuoji3.com/stock/4043/1984/
[2021-03-17 06:34:54]cl_getDriver.py(72): Open NewTab->https://kabuoji3.com/stock/4044/1998/
[2021-03-17 06:34:55]cl_getDriver.py(127): click_Success->//*[@id="base_box"]/div/div[3]/form/button
[2021-03-17 06:34:55]cl_getDriver.py(127): click_Success->//*[@id="base_box"]/div/div[3]/form/button
[2021-03-17 06:34:57]cl_getDriver.py(127): click_Success->//*[@id="base_box"]/div/div[3]/form/button
[2021-03-17 06:34:57]cl_getDriver.py(127): click_Success->//*[@id="base_box"]/div/div[3]/form/button
[2021-03-17 06:34:58]cl_getDriver.py(72): Open NewTab->https://kabuoji3.com/stock/4043/1983/
[2021-03-17 06:34:58]cl_getDriver.py(72): Open NewTab->https://kabuoji3.com/stock/4044/1997/
[2021-03-17 06:34:59]cl_getDriver.py(127): click_Success->//*[@id="base_box"]/div/div[3]/form/button
[2021-03-17 06:34:59]cl_getDriver.py(127): click_Success->//*[@id="base_box"]/div/div[3]/form/button
[2021-03-17 06:35:02]cl_getDriver.py(127): click_Success->//*[@id="base_box"]/div/div[3]/form/button
[2021-03-17 06:35:02]cl_getDriver.py(127): click_Success->//*[@id="base_box"]/div/div[3]/form/button
[2021-03-17 06:35:02]cl_getDriver.py(72): Open NewTab->https://kabuoji3.com/stock/4044/1996/
[2021-03-17 06:35:03]cl_getDriver.py(127): click_Success->//*[@id="base_box"]/div/div[3]/form/button
[2021-03-17 06:35:06]cl_getDriver.py(127): click_Success->//*[@id="base_box"]/div/div[3]/form/button
[2021-03-17 06:35:06]cl_getDriver.py(72): Open NewTab->https://kabuoji3.com/stock/4044/1995/
[2021-03-17 06:35:06]main.py(42): finished Process->https://kabuoji3.com/stock/4043/
[2021-03-17 06:35:06]main.py(15): start_Process->https://kabuoji3.com/stock/4045/
[2021-03-17 06:35:07]cl_getDriver.py(127): click_Success->//*[@id="base_box"]/div/div[3]/form/button
[2021-03-17 06:35:09]cl_getDriver.py(127): click_Success->//*[@id="base_box"]/div/div[3]/form/button
[2021-03-17 06:35:09]cl_getDriver.py(72): Open NewTab->https://kabuoji3.com/stock/4044/1994/
[2021-03-17 06:35:11]cl_getDriver.py(127): click_Success->//*[@id="base_box"]/div/div[3]/form/button
[2021-03-17 06:35:11]cl_getDriver.py(64): getURL=https://kabuoji3.com/stock/4045/
[2021-03-17 06:35:12]cl_getDriver.py(72): Open NewTab->https://kabuoji3.com/stock/4045/
[2021-03-17 06:35:12]cl_getDriver.py(130): Not Found->//*[@id="base_box"]/div/div[3]/form/button
[2021-03-17 06:35:13]cl_getDriver.py(127): click_Success->//*[@id="base_box"]/div/div[3]/form/button
[2021-03-17 06:35:13]cl_getDriver.py(72): Open NewTab->https://kabuoji3.com/stock/4044/1993/
[2021-03-17 06:35:14]cl_getDriver.py(127): click_Success->//*[@id="base_box"]/div/div[3]/form/button
[2021-03-17 06:35:14]cl_getDriver.py(130): Not Found->//*[@id="base_box"]/div/div[3]/form/button
[2021-03-17 06:35:15]cl_getDriver.py(72): Open NewTab->https://kabuoji3.com/stock/4045/2021/
[2021-03-17 06:35:16]cl_getDriver.py(127): click_Success->//*[@id="base_box"]/div/div[3]/form/button
[2021-03-17 06:35:16]cl_getDriver.py(127): click_Success->//*[@id="base_box"]/div/div[3]/form/button
[2021-03-17 06:35:17]cl_getDriver.py(72): Open NewTab->https://kabuoji3.com/stock/4044/1992/
[2021-03-17 06:35:18]cl_getDriver.py(127): click_Success->//*[@id="base_box"]/div/div[3]/form/button
[2021-03-17 06:35:18]cl_getDriver.py(127): click_Success->//*[@id="base_box"]/div/div[3]/form/button
[2021-03-17 06:35:18]cl_getDriver.py(72): Open NewTab->https://kabuoji3.com/stock/4045/2020/
[2021-03-17 06:35:19]cl_getDriver.py(127): click_Success->//*[@id="base_box"]/div/div[3]/form/button
[2021-03-17 06:35:20]cl_getDriver.py(127): click_Success->//*[@id="base_box"]/div/div[3]/form/button
[2021-03-17 06:35:21]cl_getDriver.py(72): Open NewTab->https://kabuoji3.com/stock/4044/1991/
[2021-03-17 06:35:22]cl_getDriver.py(127): click_Success->//*[@id="base_box"]/div/div[3]/form/button
[2021-03-17 06:35:22]cl_getDriver.py(127): click_Success->//*[@id="base_box"]/div/div[3]/form/button
[2021-03-17 06:35:22]cl_getDriver.py(72): Open NewTab->https://kabuoji3.com/stock/4045/2019/
[2021-03-17 06:35:23]cl_getDriver.py(127): click_Success->//*[@id="base_box"]/div/div[3]/form/button
[2021-03-17 06:35:24]cl_getDriver.py(127): click_Success->//*[@id="base_box"]/div/div[3]/form/button
[2021-03-17 06:35:24]cl_getDriver.py(72): Open NewTab->https://kabuoji3.com/stock/4044/1990/
[2021-03-17 06:35:25]cl_getDriver.py(127): click_Success->//*[@id="base_box"]/div/div[3]/form/button
[2021-03-17 06:35:25]cl_getDriver.py(127): click_Success->//*[@id="base_box"]/div/div[3]/form/button
[2021-03-17 06:35:26]cl_getDriver.py(72): Open NewTab->https://kabuoji3.com/stock/4045/2018/
[2021-03-17 06:35:27]cl_getDriver.py(127): click_Success->//*[@id="base_box"]/div/div[3]/form/button
[2021-03-17 06:35:27]cl_getDriver.py(127): click_Success->//*[@id="base_box"]/div/div[3]/form/button
[2021-03-17 06:35:28]cl_getDriver.py(72): Open NewTab->https://kabuoji3.com/stock/4044/1989/
[2021-03-17 06:35:29]cl_getDriver.py(127): click_Success->//*[@id="base_box"]/div/div[3]/form/button
[2021-03-17 06:35:29]cl_getDriver.py(127): click_Success->//*[@id="base_box"]/div/div[3]/form/button
[2021-03-17 06:35:29]cl_getDriver.py(72): Open NewTab->https://kabuoji3.com/stock/4045/2017/
[2021-03-17 06:35:30]cl_getDriver.py(127): click_Success->//*[@id="base_box"]/div/div[3]/form/button
[2021-03-17 06:35:31]cl_getDriver.py(127): click_Success->//*[@id="base_box"]/div/div[3]/form/button
[2021-03-17 06:35:31]cl_getDriver.py(72): Open NewTab->https://kabuoji3.com/stock/4044/1988/
[2021-03-17 06:35:32]cl_getDriver.py(127): click_Success->//*[@id="base_box"]/div/div[3]/form/button
[2021-03-17 06:35:32]cl_getDriver.py(127): click_Success->//*[@id="base_box"]/div/div[3]/form/button
[2021-03-17 06:35:33]cl_getDriver.py(72): Open NewTab->https://kabuoji3.com/stock/4045/2016/
[2021-03-17 06:35:34]cl_getDriver.py(127): click_Success->//*[@id="base_box"]/div/div[3]/form/button
[2021-03-17 06:35:35]cl_getDriver.py(127): click_Success->//*[@id="base_box"]/div/div[3]/form/button
[2021-03-17 06:35:35]cl_getDriver.py(72): Open NewTab->https://kabuoji3.com/stock/4044/1987/
[2021-03-17 06:35:36]cl_getDriver.py(127): click_Success->//*[@id="base_box"]/div/div[3]/form/button
[2021-03-17 06:35:36]cl_getDriver.py(127): click_Success->//*[@id="base_box"]/div/div[3]/form/button
[2021-03-17 06:35:37]cl_getDriver.py(72): Open NewTab->https://kabuoji3.com/stock/4045/2015/
[2021-03-17 06:35:38]cl_getDriver.py(127): click_Success->//*[@id="base_box"]/div/div[3]/form/button
[2021-03-17 06:35:38]cl_getDriver.py(127): click_Success->//*[@id="base_box"]/div/div[3]/form/button
[2021-03-17 06:35:39]cl_getDriver.py(72): Open NewTab->https://kabuoji3.com/stock/4044/1986/
[2021-03-17 06:35:40]cl_getDriver.py(127): click_Success->//*[@id="base_box"]/div/div[3]/form/button
[2021-03-17 06:35:40]cl_getDriver.py(127): click_Success->//*[@id="base_box"]/div/div[3]/form/button
[2021-03-17 06:35:40]cl_getDriver.py(72): Open NewTab->https://kabuoji3.com/stock/4045/2014/
[2021-03-17 06:35:42]cl_getDriver.py(127): click_Success->//*[@id="base_box"]/div/div[3]/form/button
[2021-03-17 06:35:42]cl_getDriver.py(127): click_Success->//*[@id="base_box"]/div/div[3]/form/button
[2021-03-17 06:35:42]cl_getDriver.py(72): Open NewTab->https://kabuoji3.com/stock/4044/1985/
[2021-03-17 06:35:43]cl_getDriver.py(127): click_Success->//*[@id="base_box"]/div/div[3]/form/button
[2021-03-17 06:35:44]cl_getDriver.py(127): click_Success->//*[@id="base_box"]/div/div[3]/form/button
[2021-03-17 06:35:44]cl_getDriver.py(72): Open NewTab->https://kabuoji3.com/stock/4045/2013/
[2021-03-17 06:35:45]cl_getDriver.py(127): click_Success->//*[@id="base_box"]/div/div[3]/form/button
[2021-03-17 06:35:46]cl_getDriver.py(127): click_Success->//*[@id="base_box"]/div/div[3]/form/button
[2021-03-17 06:35:46]cl_getDriver.py(72): Open NewTab->https://kabuoji3.com/stock/4044/1984/
[2021-03-17 06:35:47]cl_getDriver.py(127): click_Success->//*[@id="base_box"]/div/div[3]/form/button
[2021-03-17 06:35:47]cl_getDriver.py(127): click_Success->//*[@id="base_box"]/div/div[3]/form/button
[2021-03-17 06:35:48]cl_getDriver.py(72): Open NewTab->https://kabuoji3.com/stock/4045/2012/
[2021-03-17 06:35:49]cl_getDriver.py(127): click_Success->//*[@id="base_box"]/div/div[3]/form/button
[2021-03-17 06:35:49]cl_getDriver.py(127): click_Success->//*[@id="base_box"]/div/div[3]/form/button
[2021-03-17 06:35:50]cl_getDriver.py(72): Open NewTab->https://kabuoji3.com/stock/4044/1983/
[2021-03-17 06:35:51]cl_getDriver.py(127): click_Success->//*[@id="base_box"]/div/div[3]/form/button
[2021-03-17 06:35:51]cl_getDriver.py(127): click_Success->//*[@id="base_box"]/div/div[3]/form/button
[2021-03-17 06:35:51]cl_getDriver.py(72): Open NewTab->https://kabuoji3.com/stock/4045/2011/
[2021-03-17 06:35:52]cl_getDriver.py(127): click_Success->//*[@id="base_box"]/div/div[3]/form/button
[2021-03-17 06:35:53]cl_getDriver.py(127): click_Success->//*[@id="base_box"]/div/div[3]/form/button
[2021-03-17 06:35:55]cl_getDriver.py(127): click_Success->//*[@id="base_box"]/div/div[3]/form/button
[2021-03-17 06:35:55]cl_getDriver.py(72): Open NewTab->https://kabuoji3.com/stock/4045/2010/
[2021-03-17 06:35:56]cl_getDriver.py(127): click_Success->//*[@id="base_box"]/div/div[3]/form/button
[2021-03-17 06:35:57]main.py(42): finished Process->https://kabuoji3.com/stock/4044/
[2021-03-17 06:35:57]main.py(15): start_Process->https://kabuoji3.com/stock/4046/
[2021-03-17 06:35:58]cl_getDriver.py(127): click_Success->//*[@id="base_box"]/div/div[3]/form/button
[2021-03-17 06:35:58]cl_getDriver.py(72): Open NewTab->https://kabuoji3.com/stock/4045/2009/
[2021-03-17 06:35:59]cl_getDriver.py(127): click_Success->//*[@id="base_box"]/div/div[3]/form/button
[2021-03-17 06:36:02]cl_getDriver.py(127): click_Success->//*[@id="base_box"]/div/div[3]/form/button
[2021-03-17 06:36:02]cl_getDriver.py(72): Open NewTab->https://kabuoji3.com/stock/4045/2008/
[2021-03-17 06:36:03]cl_getDriver.py(64): getURL=https://kabuoji3.com/stock/4046/
[2021-03-17 06:36:04]cl_getDriver.py(127): click_Success->//*[@id="base_box"]/div/div[3]/form/button
[2021-03-17 06:36:04]cl_getDriver.py(72): Open NewTab->https://kabuoji3.com/stock/4046/
[2021-03-17 06:36:05]cl_getDriver.py(130): Not Found->//*[@id="base_box"]/div/div[3]/form/button
[2021-03-17 06:36:06]cl_getDriver.py(127): click_Success->//*[@id="base_box"]/div/div[3]/form/button
[2021-03-17 06:36:06]cl_getDriver.py(72): Open NewTab->https://kabuoji3.com/stock/4045/2007/
[2021-03-17 06:36:07]cl_getDriver.py(130): Not Found->//*[@id="base_box"]/div/div[3]/form/button
[2021-03-17 06:36:07]cl_getDriver.py(72): Open NewTab->https://kabuoji3.com/stock/4046/2021/
[2021-03-17 06:36:07]cl_getDriver.py(127): click_Success->//*[@id="base_box"]/div/div[3]/form/button
[2021-03-17 06:36:08]cl_getDriver.py(127): click_Success->//*[@id="base_box"]/div/div[3]/form/button
[2021-03-17 06:36:10]cl_getDriver.py(127): click_Success->//*[@id="base_box"]/div/div[3]/form/button
[2021-03-17 06:36:10]cl_getDriver.py(72): Open NewTab->https://kabuoji3.com/stock/4045/2006/
[2021-03-17 06:36:10]cl_getDriver.py(127): click_Success->//*[@id="base_box"]/div/div[3]/form/button
[2021-03-17 06:36:11]cl_getDriver.py(72): Open NewTab->https://kabuoji3.com/stock/4046/2020/
[2021-03-17 06:36:12]cl_getDriver.py(127): click_Success->//*[@id="base_box"]/div/div[3]/form/button
[2021-03-17 06:36:12]cl_getDriver.py(127): click_Success->//*[@id="base_box"]/div/div[3]/form/button
[2021-03-17 06:36:14]cl_getDriver.py(127): click_Success->//*[@id="base_box"]/div/div[3]/form/button
[2021-03-17 06:36:14]cl_getDriver.py(72): Open NewTab->https://kabuoji3.com/stock/4045/2005/
[2021-03-17 06:36:15]cl_getDriver.py(127): click_Success->//*[@id="base_box"]/div/div[3]/form/button
[2021-03-17 06:36:15]cl_getDriver.py(72): Open NewTab->https://kabuoji3.com/stock/4046/2019/
[2021-03-17 06:36:16]cl_getDriver.py(127): click_Success->//*[@id="base_box"]/div/div[3]/form/button
[2021-03-17 06:36:16]cl_getDriver.py(127): click_Success->//*[@id="base_box"]/div/div[3]/form/button
[2021-03-17 06:36:18]cl_getDriver.py(127): click_Success->//*[@id="base_box"]/div/div[3]/form/button
[2021-03-17 06:36:18]cl_getDriver.py(72): Open NewTab->https://kabuoji3.com/stock/4045/2004/
[2021-03-17 06:36:19]cl_getDriver.py(127): click_Success->//*[@id="base_box"]/div/div[3]/form/button
[2021-03-17 06:36:19]cl_getDriver.py(72): Open NewTab->https://kabuoji3.com/stock/4046/2018/
[2021-03-17 06:36:20]cl_getDriver.py(127): click_Success->//*[@id="base_box"]/div/div[3]/form/button
[2021-03-17 06:36:20]cl_getDriver.py(127): click_Success->//*[@id="base_box"]/div/div[3]/form/button
[2021-03-17 06:36:23]cl_getDriver.py(127): click_Success->//*[@id="base_box"]/div/div[3]/form/button
[2021-03-17 06:36:23]cl_getDriver.py(72): Open NewTab->https://kabuoji3.com/stock/4045/2003/
[2021-03-17 06:36:23]cl_getDriver.py(127): click_Success->//*[@id="base_box"]/div/div[3]/form/button
[2021-03-17 06:36:23]cl_getDriver.py(72): Open NewTab->https://kabuoji3.com/stock/4046/2017/
[2021-03-17 06:36:24]cl_getDriver.py(127): click_Success->//*[@id="base_box"]/div/div[3]/form/button
[2021-03-17 06:36:24]cl_getDriver.py(127): click_Success->//*[@id="base_box"]/div/div[3]/form/button
[2021-03-17 06:36:27]cl_getDriver.py(127): click_Success->//*[@id="base_box"]/div/div[3]/form/button
[2021-03-17 06:36:27]cl_getDriver.py(127): click_Success->//*[@id="base_box"]/div/div[3]/form/button
[2021-03-17 06:36:27]cl_getDriver.py(72): Open NewTab->https://kabuoji3.com/stock/4045/2002/
[2021-03-17 06:36:27]cl_getDriver.py(72): Open NewTab->https://kabuoji3.com/stock/4046/2016/
[2021-03-17 06:36:29]cl_getDriver.py(127): click_Success->//*[@id="base_box"]/div/div[3]/form/button
[2021-03-17 06:36:29]cl_getDriver.py(127): click_Success->//*[@id="base_box"]/div/div[3]/form/button
[2021-03-17 06:36:31]cl_getDriver.py(127): click_Success->//*[@id="base_box"]/div/div[3]/form/button
[2021-03-17 06:36:31]cl_getDriver.py(127): click_Success->//*[@id="base_box"]/div/div[3]/form/button
[2021-03-17 06:36:32]cl_getDriver.py(72): Open NewTab->https://kabuoji3.com/stock/4045/2001/
[2021-03-17 06:36:32]cl_getDriver.py(72): Open NewTab->https://kabuoji3.com/stock/4046/2015/
[2021-03-17 06:36:33]cl_getDriver.py(127): click_Success->//*[@id="base_box"]/div/div[3]/form/button
[2021-03-17 06:36:33]cl_getDriver.py(127): click_Success->//*[@id="base_box"]/div/div[3]/form/button
[2021-03-17 06:36:35]cl_getDriver.py(127): click_Success->//*[@id="base_box"]/div/div[3]/form/button
[2021-03-17 06:36:35]cl_getDriver.py(127): click_Success->//*[@id="base_box"]/div/div[3]/form/button
[2021-03-17 06:36:36]cl_getDriver.py(72): Open NewTab->https://kabuoji3.com/stock/4045/2000/
[2021-03-17 06:36:36]cl_getDriver.py(72): Open NewTab->https://kabuoji3.com/stock/4046/2014/
[2021-03-17 06:36:37]cl_getDriver.py(127): click_Success->//*[@id="base_box"]/div/div[3]/form/button
[2021-03-17 06:36:37]cl_getDriver.py(127): click_Success->//*[@id="base_box"]/div/div[3]/form/button
[2021-03-17 06:36:39]cl_getDriver.py(127): click_Success->//*[@id="base_box"]/div/div[3]/form/button
[2021-03-17 06:36:40]cl_getDriver.py(127): click_Success->//*[@id="base_box"]/div/div[3]/form/button
[2021-03-17 06:36:40]cl_getDriver.py(72): Open NewTab->https://kabuoji3.com/stock/4045/1999/
[2021-03-17 06:36:40]cl_getDriver.py(72): Open NewTab->https://kabuoji3.com/stock/4046/2013/
[2021-03-17 06:36:41]cl_getDriver.py(127): click_Success->//*[@id="base_box"]/div/div[3]/form/button
[2021-03-17 06:36:42]cl_getDriver.py(127): click_Success->//*[@id="base_box"]/div/div[3]/form/button
[2021-03-17 06:36:44]cl_getDriver.py(127): click_Success->//*[@id="base_box"]/div/div[3]/form/button
[2021-03-17 06:36:44]cl_getDriver.py(72): Open NewTab->https://kabuoji3.com/stock/4046/2012/
[2021-03-17 06:36:45]cl_getDriver.py(127): click_Success->//*[@id="base_box"]/div/div[3]/form/button
[2021-03-17 06:36:45]cl_getDriver.py(72): Open NewTab->https://kabuoji3.com/stock/4045/1998/
[2021-03-17 06:36:45]cl_getDriver.py(127): click_Success->//*[@id="base_box"]/div/div[3]/form/button
[2021-03-17 06:36:47]cl_getDriver.py(127): click_Success->//*[@id="base_box"]/div/div[3]/form/button
[2021-03-17 06:36:48]cl_getDriver.py(127): click_Success->//*[@id="base_box"]/div/div[3]/form/button
[2021-03-17 06:36:48]cl_getDriver.py(72): Open NewTab->https://kabuoji3.com/stock/4046/2011/
[2021-03-17 06:36:49]cl_getDriver.py(127): click_Success->//*[@id="base_box"]/div/div[3]/form/button
[2021-03-17 06:36:49]cl_getDriver.py(127): click_Success->//*[@id="base_box"]/div/div[3]/form/button
[2021-03-17 06:36:49]cl_getDriver.py(72): Open NewTab->https://kabuoji3.com/stock/4045/1997/
[2021-03-17 06:36:50]cl_getDriver.py(127): click_Success->//*[@id="base_box"]/div/div[3]/form/button
[2021-03-17 06:36:51]cl_getDriver.py(127): click_Success->//*[@id="base_box"]/div/div[3]/form/button
[2021-03-17 06:36:51]cl_getDriver.py(72): Open NewTab->https://kabuoji3.com/stock/4046/2010/
[2021-03-17 06:36:52]cl_getDriver.py(127): click_Success->//*[@id="base_box"]/div/div[3]/form/button
[2021-03-17 06:36:53]cl_getDriver.py(127): click_Success->//*[@id="base_box"]/div/div[3]/form/button
[2021-03-17 06:36:53]cl_getDriver.py(72): Open NewTab->https://kabuoji3.com/stock/4045/1996/
[2021-03-17 06:36:54]cl_getDriver.py(127): click_Success->//*[@id="base_box"]/div/div[3]/form/button
[2021-03-17 06:36:55]cl_getDriver.py(127): click_Success->//*[@id="base_box"]/div/div[3]/form/button
[2021-03-17 06:36:55]cl_getDriver.py(72): Open NewTab->https://kabuoji3.com/stock/4046/2009/
[2021-03-17 06:36:56]cl_getDriver.py(127): click_Success->//*[@id="base_box"]/div/div[3]/form/button
[2021-03-17 06:36:56]cl_getDriver.py(127): click_Success->//*[@id="base_box"]/div/div[3]/form/button
[2021-03-17 06:36:57]cl_getDriver.py(72): Open NewTab->https://kabuoji3.com/stock/4045/1995/
[2021-03-17 06:36:58]cl_getDriver.py(127): click_Success->//*[@id="base_box"]/div/div[3]/form/button
[2021-03-17 06:36:58]cl_getDriver.py(127): click_Success->//*[@id="base_box"]/div/div[3]/form/button
[2021-03-17 06:36:59]cl_getDriver.py(72): Open NewTab->https://kabuoji3.com/stock/4046/2008/
[2021-03-17 06:37:00]cl_getDriver.py(127): click_Success->//*[@id="base_box"]/div/div[3]/form/button
[2021-03-17 06:37:00]cl_getDriver.py(127): click_Success->//*[@id="base_box"]/div/div[3]/form/button
[2021-03-17 06:37:00]cl_getDriver.py(72): Open NewTab->https://kabuoji3.com/stock/4045/1994/
[2021-03-17 06:37:01]cl_getDriver.py(127): click_Success->//*[@id="base_box"]/div/div[3]/form/button
[2021-03-17 06:37:02]cl_getDriver.py(127): click_Success->//*[@id="base_box"]/div/div[3]/form/button
[2021-03-17 06:37:02]cl_getDriver.py(72): Open NewTab->https://kabuoji3.com/stock/4046/2007/
[2021-03-17 06:37:03]cl_getDriver.py(127): click_Success->//*[@id="base_box"]/div/div[3]/form/button
[2021-03-17 06:37:04]cl_getDriver.py(127): click_Success->//*[@id="base_box"]/div/div[3]/form/button
[2021-03-17 06:37:04]cl_getDriver.py(72): Open NewTab->https://kabuoji3.com/stock/4045/1993/
[2021-03-17 06:37:05]cl_getDriver.py(127): click_Success->//*[@id="base_box"]/div/div[3]/form/button
[2021-03-17 06:37:05]cl_getDriver.py(127): click_Success->//*[@id="base_box"]/div/div[3]/form/button
[2021-03-17 06:37:06]cl_getDriver.py(72): Open NewTab->https://kabuoji3.com/stock/4046/2006/
[2021-03-17 06:37:07]cl_getDriver.py(127): click_Success->//*[@id="base_box"]/div/div[3]/form/button
[2021-03-17 06:37:07]cl_getDriver.py(127): click_Success->//*[@id="base_box"]/div/div[3]/form/button
[2021-03-17 06:37:08]cl_getDriver.py(72): Open NewTab->https://kabuoji3.com/stock/4045/1992/
[2021-03-17 06:37:09]cl_getDriver.py(127): click_Success->//*[@id="base_box"]/div/div[3]/form/button
[2021-03-17 06:37:09]cl_getDriver.py(127): click_Success->//*[@id="base_box"]/div/div[3]/form/button
[2021-03-17 06:37:10]cl_getDriver.py(72): Open NewTab->https://kabuoji3.com/stock/4046/2005/
[2021-03-17 06:37:10]cl_getDriver.py(127): click_Success->//*[@id="base_box"]/div/div[3]/form/button
[2021-03-17 06:37:11]cl_getDriver.py(127): click_Success->//*[@id="base_box"]/div/div[3]/form/button
[2021-03-17 06:37:11]cl_getDriver.py(72): Open NewTab->https://kabuoji3.com/stock/4045/1991/
[2021-03-17 06:37:12]cl_getDriver.py(127): click_Success->//*[@id="base_box"]/div/div[3]/form/button
[2021-03-17 06:37:13]cl_getDriver.py(127): click_Success->//*[@id="base_box"]/div/div[3]/form/button
[2021-03-17 06:37:13]cl_getDriver.py(72): Open NewTab->https://kabuoji3.com/stock/4046/2004/
[2021-03-17 06:37:14]cl_getDriver.py(127): click_Success->//*[@id="base_box"]/div/div[3]/form/button
[2021-03-17 06:37:15]cl_getDriver.py(127): click_Success->//*[@id="base_box"]/div/div[3]/form/button
[2021-03-17 06:37:15]cl_getDriver.py(72): Open NewTab->https://kabuoji3.com/stock/4045/1990/
[2021-03-17 06:37:16]cl_getDriver.py(127): click_Success->//*[@id="base_box"]/div/div[3]/form/button
[2021-03-17 06:37:16]cl_getDriver.py(127): click_Success->//*[@id="base_box"]/div/div[3]/form/button
[2021-03-17 06:37:17]cl_getDriver.py(72): Open NewTab->https://kabuoji3.com/stock/4046/2003/
[2021-03-17 06:37:18]cl_getDriver.py(127): click_Success->//*[@id="base_box"]/div/div[3]/form/button
[2021-03-17 06:37:18]cl_getDriver.py(127): click_Success->//*[@id="base_box"]/div/div[3]/form/button
[2021-03-17 06:37:19]cl_getDriver.py(72): Open NewTab->https://kabuoji3.com/stock/4045/1989/
[2021-03-17 06:37:20]cl_getDriver.py(127): click_Success->//*[@id="base_box"]/div/div[3]/form/button
[2021-03-17 06:37:20]cl_getDriver.py(127): click_Success->//*[@id="base_box"]/div/div[3]/form/button
[2021-03-17 06:37:20]cl_getDriver.py(72): Open NewTab->https://kabuoji3.com/stock/4046/2002/
[2021-03-17 06:37:21]cl_getDriver.py(127): click_Success->//*[@id="base_box"]/div/div[3]/form/button
[2021-03-17 06:37:22]cl_getDriver.py(127): click_Success->//*[@id="base_box"]/div/div[3]/form/button
[2021-03-17 06:37:22]cl_getDriver.py(72): Open NewTab->https://kabuoji3.com/stock/4045/1988/
[2021-03-17 06:37:23]cl_getDriver.py(127): click_Success->//*[@id="base_box"]/div/div[3]/form/button
[2021-03-17 06:37:24]cl_getDriver.py(127): click_Success->//*[@id="base_box"]/div/div[3]/form/button
[2021-03-17 06:37:24]cl_getDriver.py(72): Open NewTab->https://kabuoji3.com/stock/4046/2001/
[2021-03-17 06:37:25]cl_getDriver.py(127): click_Success->//*[@id="base_box"]/div/div[3]/form/button
[2021-03-17 06:37:26]cl_getDriver.py(127): click_Success->//*[@id="base_box"]/div/div[3]/form/button
[2021-03-17 06:37:26]cl_getDriver.py(72): Open NewTab->https://kabuoji3.com/stock/4045/1987/
[2021-03-17 06:37:27]cl_getDriver.py(127): click_Success->//*[@id="base_box"]/div/div[3]/form/button
[2021-03-17 06:37:27]cl_getDriver.py(127): click_Success->//*[@id="base_box"]/div/div[3]/form/button
[2021-03-17 06:37:27]cl_getDriver.py(72): Open NewTab->https://kabuoji3.com/stock/4046/2000/
[2021-03-17 06:37:28]cl_getDriver.py(127): click_Success->//*[@id="base_box"]/div/div[3]/form/button
[2021-03-17 06:37:29]cl_getDriver.py(127): click_Success->//*[@id="base_box"]/div/div[3]/form/button
[2021-03-17 06:37:30]cl_getDriver.py(72): Open NewTab->https://kabuoji3.com/stock/4045/1986/
[2021-03-17 06:37:31]cl_getDriver.py(127): click_Success->//*[@id="base_box"]/div/div[3]/form/button
[2021-03-17 06:37:31]cl_getDriver.py(127): click_Success->//*[@id="base_box"]/div/div[3]/form/button
[2021-03-17 06:37:31]cl_getDriver.py(72): Open NewTab->https://kabuoji3.com/stock/4046/1999/
[2021-03-17 06:37:32]cl_getDriver.py(127): click_Success->//*[@id="base_box"]/div/div[3]/form/button
[2021-03-17 06:37:33]cl_getDriver.py(127): click_Success->//*[@id="base_box"]/div/div[3]/form/button
[2021-03-17 06:37:33]cl_getDriver.py(72): Open NewTab->https://kabuoji3.com/stock/4045/1985/
[2021-03-17 06:37:34]cl_getDriver.py(127): click_Success->//*[@id="base_box"]/div/div[3]/form/button
[2021-03-17 06:37:35]cl_getDriver.py(72): Open NewTab->https://kabuoji3.com/stock/4046/1998/
[2021-03-17 06:37:35]cl_getDriver.py(127): click_Success->//*[@id="base_box"]/div/div[3]/form/button
[2021-03-17 06:37:36]cl_getDriver.py(127): click_Success->//*[@id="base_box"]/div/div[3]/form/button
[2021-03-17 06:37:37]cl_getDriver.py(127): click_Success->//*[@id="base_box"]/div/div[3]/form/button
[2021-03-17 06:37:37]cl_getDriver.py(72): Open NewTab->https://kabuoji3.com/stock/4045/1984/
[2021-03-17 06:37:38]cl_getDriver.py(127): click_Success->//*[@id="base_box"]/div/div[3]/form/button
[2021-03-17 06:37:38]cl_getDriver.py(72): Open NewTab->https://kabuoji3.com/stock/4046/1997/
[2021-03-17 06:37:39]cl_getDriver.py(127): click_Success->//*[@id="base_box"]/div/div[3]/form/button
[2021-03-17 06:37:39]cl_getDriver.py(127): click_Success->//*[@id="base_box"]/div/div[3]/form/button
[2021-03-17 06:37:41]cl_getDriver.py(127): click_Success->//*[@id="base_box"]/div/div[3]/form/button
[2021-03-17 06:37:41]cl_getDriver.py(72): Open NewTab->https://kabuoji3.com/stock/4045/1983/
[2021-03-17 06:37:42]cl_getDriver.py(127): click_Success->//*[@id="base_box"]/div/div[3]/form/button
[2021-03-17 06:37:42]cl_getDriver.py(72): Open NewTab->https://kabuoji3.com/stock/4046/1996/
[2021-03-17 06:37:43]cl_getDriver.py(127): click_Success->//*[@id="base_box"]/div/div[3]/form/button
[2021-03-17 06:37:43]cl_getDriver.py(127): click_Success->//*[@id="base_box"]/div/div[3]/form/button
[2021-03-17 06:37:45]cl_getDriver.py(127): click_Success->//*[@id="base_box"]/div/div[3]/form/button
[2021-03-17 06:37:45]cl_getDriver.py(127): click_Success->//*[@id="base_box"]/div/div[3]/form/button
[2021-03-17 06:37:46]cl_getDriver.py(72): Open NewTab->https://kabuoji3.com/stock/4046/1995/
[2021-03-17 06:37:47]cl_getDriver.py(127): click_Success->//*[@id="base_box"]/div/div[3]/form/button
[2021-03-17 06:37:49]cl_getDriver.py(127): click_Success->//*[@id="base_box"]/div/div[3]/form/button
[2021-03-17 06:37:49]cl_getDriver.py(72): Open NewTab->https://kabuoji3.com/stock/4046/1994/
[2021-03-17 06:37:49]main.py(42): finished Process->https://kabuoji3.com/stock/4045/
[2021-03-17 06:37:49]main.py(15): start_Process->https://kabuoji3.com/stock/4047/
[2021-03-17 06:37:50]cl_getDriver.py(127): click_Success->//*[@id="base_box"]/div/div[3]/form/button
[2021-03-17 06:37:52]cl_getDriver.py(127): click_Success->//*[@id="base_box"]/div/div[3]/form/button
[2021-03-17 06:37:53]cl_getDriver.py(72): Open NewTab->https://kabuoji3.com/stock/4046/1993/
[2021-03-17 06:37:54]cl_getDriver.py(127): click_Success->//*[@id="base_box"]/div/div[3]/form/button
[2021-03-17 06:37:55]cl_getDriver.py(64): getURL=https://kabuoji3.com/stock/4047/
[2021-03-17 06:37:55]cl_getDriver.py(72): Open NewTab->https://kabuoji3.com/stock/4047/
[2021-03-17 06:37:56]cl_getDriver.py(130): Not Found->//*[@id="base_box"]/div/div[3]/form/button
[2021-03-17 06:37:56]cl_getDriver.py(127): click_Success->//*[@id="base_box"]/div/div[3]/form/button
[2021-03-17 06:37:56]cl_getDriver.py(72): Open NewTab->https://kabuoji3.com/stock/4046/1992/
[2021-03-17 06:37:57]cl_getDriver.py(127): click_Success->//*[@id="base_box"]/div/div[3]/form/button
[2021-03-17 06:37:58]cl_getDriver.py(130): Not Found->//*[@id="base_box"]/div/div[3]/form/button
[2021-03-17 06:37:58]cl_getDriver.py(72): Open NewTab->https://kabuoji3.com/stock/4047/2021/
[2021-03-17 06:37:59]cl_getDriver.py(127): click_Success->//*[@id="base_box"]/div/div[3]/form/button
[2021-03-17 06:37:59]cl_getDriver.py(127): click_Success->//*[@id="base_box"]/div/div[3]/form/button
[2021-03-17 06:38:00]cl_getDriver.py(72): Open NewTab->https://kabuoji3.com/stock/4046/1991/
[2021-03-17 06:38:00]cl_getDriver.py(127): click_Success->//*[@id="base_box"]/div/div[3]/form/button
[2021-03-17 06:38:01]cl_getDriver.py(127): click_Success->//*[@id="base_box"]/div/div[3]/form/button
[2021-03-17 06:38:01]cl_getDriver.py(72): Open NewTab->https://kabuoji3.com/stock/4047/2020/
[2021-03-17 06:38:02]cl_getDriver.py(127): click_Success->//*[@id="base_box"]/div/div[3]/form/button
[2021-03-17 06:38:03]cl_getDriver.py(127): click_Success->//*[@id="base_box"]/div/div[3]/form/button
[2021-03-17 06:38:03]cl_getDriver.py(72): Open NewTab->https://kabuoji3.com/stock/4046/1990/
[2021-03-17 06:38:05]cl_getDriver.py(127): click_Success->//*[@id="base_box"]/div/div[3]/form/button
[2021-03-17 06:38:05]cl_getDriver.py(72): Open NewTab->https://kabuoji3.com/stock/4047/2019/
[2021-03-17 06:38:06]cl_getDriver.py(127): click_Success->//*[@id="base_box"]/div/div[3]/form/button
[2021-03-17 06:38:06]cl_getDriver.py(127): click_Success->//*[@id="base_box"]/div/div[3]/form/button
[2021-03-17 06:38:08]cl_getDriver.py(127): click_Success->//*[@id="base_box"]/div/div[3]/form/button
[2021-03-17 06:38:08]cl_getDriver.py(72): Open NewTab->https://kabuoji3.com/stock/4046/1989/
[2021-03-17 06:38:09]cl_getDriver.py(127): click_Success->//*[@id="base_box"]/div/div[3]/form/button
[2021-03-17 06:38:09]cl_getDriver.py(72): Open NewTab->https://kabuoji3.com/stock/4047/2018/
[2021-03-17 06:38:10]cl_getDriver.py(127): click_Success->//*[@id="base_box"]/div/div[3]/form/button
[2021-03-17 06:38:10]cl_getDriver.py(127): click_Success->//*[@id="base_box"]/div/div[3]/form/button
[2021-03-17 06:38:12]cl_getDriver.py(127): click_Success->//*[@id="base_box"]/div/div[3]/form/button
[2021-03-17 06:38:12]cl_getDriver.py(72): Open NewTab->https://kabuoji3.com/stock/4046/1988/
[2021-03-17 06:38:13]cl_getDriver.py(127): click_Success->//*[@id="base_box"]/div/div[3]/form/button
[2021-03-17 06:38:13]cl_getDriver.py(72): Open NewTab->https://kabuoji3.com/stock/4047/2017/
[2021-03-17 06:38:14]cl_getDriver.py(127): click_Success->//*[@id="base_box"]/div/div[3]/form/button
[2021-03-17 06:38:14]cl_getDriver.py(127): click_Success->//*[@id="base_box"]/div/div[3]/form/button
[2021-03-17 06:38:16]cl_getDriver.py(127): click_Success->//*[@id="base_box"]/div/div[3]/form/button
[2021-03-17 06:38:16]cl_getDriver.py(72): Open NewTab->https://kabuoji3.com/stock/4046/1987/
[2021-03-17 06:38:17]cl_getDriver.py(127): click_Success->//*[@id="base_box"]/div/div[3]/form/button
[2021-03-17 06:38:17]cl_getDriver.py(72): Open NewTab->https://kabuoji3.com/stock/4047/2016/
[2021-03-17 06:38:18]cl_getDriver.py(127): click_Success->//*[@id="base_box"]/div/div[3]/form/button
[2021-03-17 06:38:18]cl_getDriver.py(127): click_Success->//*[@id="base_box"]/div/div[3]/form/button
[2021-03-17 06:38:20]cl_getDriver.py(127): click_Success->//*[@id="base_box"]/div/div[3]/form/button
[2021-03-17 06:38:21]cl_getDriver.py(72): Open NewTab->https://kabuoji3.com/stock/4046/1986/
[2021-03-17 06:38:21]cl_getDriver.py(127): click_Success->//*[@id="base_box"]/div/div[3]/form/button
[2021-03-17 06:38:21]cl_getDriver.py(72): Open NewTab->https://kabuoji3.com/stock/4047/2015/
[2021-03-17 06:38:22]cl_getDriver.py(127): click_Success->//*[@id="base_box"]/div/div[3]/form/button
[2021-03-17 06:38:23]cl_getDriver.py(127): click_Success->//*[@id="base_box"]/div/div[3]/form/button
[2021-03-17 06:38:24]cl_getDriver.py(127): click_Success->//*[@id="base_box"]/div/div[3]/form/button
[2021-03-17 06:38:25]cl_getDriver.py(72): Open NewTab->https://kabuoji3.com/stock/4046/1985/
[2021-03-17 06:38:25]cl_getDriver.py(127): click_Success->//*[@id="base_box"]/div/div[3]/form/button
[2021-03-17 06:38:25]cl_getDriver.py(72): Open NewTab->https://kabuoji3.com/stock/4047/2014/
[2021-03-17 06:38:26]cl_getDriver.py(127): click_Success->//*[@id="base_box"]/div/div[3]/form/button
[2021-03-17 06:38:26]cl_getDriver.py(127): click_Success->//*[@id="base_box"]/div/div[3]/form/button
[2021-03-17 06:38:28]cl_getDriver.py(127): click_Success->//*[@id="base_box"]/div/div[3]/form/button
[2021-03-17 06:38:28]cl_getDriver.py(72): Open NewTab->https://kabuoji3.com/stock/4046/1984/
[2021-03-17 06:38:29]cl_getDriver.py(127): click_Success->//*[@id="base_box"]/div/div[3]/form/button
[2021-03-17 06:38:29]cl_getDriver.py(72): Open NewTab->https://kabuoji3.com/stock/4047/2013/
[2021-03-17 06:38:30]cl_getDriver.py(127): click_Success->//*[@id="base_box"]/div/div[3]/form/button
[2021-03-17 06:38:30]cl_getDriver.py(127): click_Success->//*[@id="base_box"]/div/div[3]/form/button
[2021-03-17 06:38:32]cl_getDriver.py(127): click_Success->//*[@id="base_box"]/div/div[3]/form/button
[2021-03-17 06:38:32]cl_getDriver.py(72): Open NewTab->https://kabuoji3.com/stock/4046/1983/
[2021-03-17 06:38:33]cl_getDriver.py(127): click_Success->//*[@id="base_box"]/div/div[3]/form/button
[2021-03-17 06:38:33]cl_getDriver.py(72): Open NewTab->https://kabuoji3.com/stock/4047/2012/
[2021-03-17 06:38:33]cl_getDriver.py(127): click_Success->//*[@id="base_box"]/div/div[3]/form/button
[2021-03-17 06:38:34]cl_getDriver.py(127): click_Success->//*[@id="base_box"]/div/div[3]/form/button
[2021-03-17 06:38:36]cl_getDriver.py(127): click_Success->//*[@id="base_box"]/div/div[3]/form/button
[2021-03-17 06:38:36]cl_getDriver.py(127): click_Success->//*[@id="base_box"]/div/div[3]/form/button
[2021-03-17 06:38:37]cl_getDriver.py(72): Open NewTab->https://kabuoji3.com/stock/4047/2011/
[2021-03-17 06:38:38]cl_getDriver.py(127): click_Success->//*[@id="base_box"]/div/div[3]/form/button
[2021-03-17 06:38:41]cl_getDriver.py(127): click_Success->//*[@id="base_box"]/div/div[3]/form/button
[2021-03-17 06:38:41]main.py(42): finished Process->https://kabuoji3.com/stock/4046/
[2021-03-17 06:38:41]main.py(15): start_Process->https://kabuoji3.com/stock/4061/
[2021-03-17 06:38:41]cl_getDriver.py(72): Open NewTab->https://kabuoji3.com/stock/4047/2010/
[2021-03-17 06:38:42]cl_getDriver.py(127): click_Success->//*[@id="base_box"]/div/div[3]/form/button
[2021-03-17 06:38:44]cl_getDriver.py(127): click_Success->//*[@id="base_box"]/div/div[3]/form/button
[2021-03-17 06:38:44]cl_getDriver.py(72): Open NewTab->https://kabuoji3.com/stock/4047/2009/
[2021-03-17 06:38:46]cl_getDriver.py(127): click_Success->//*[@id="base_box"]/div/div[3]/form/button
[2021-03-17 06:38:46]cl_getDriver.py(64): getURL=https://kabuoji3.com/stock/4061/
[2021-03-17 06:38:46]cl_getDriver.py(72): Open NewTab->https://kabuoji3.com/stock/4061/
[2021-03-17 06:38:47]cl_getDriver.py(130): Not Found->//*[@id="base_box"]/div/div[3]/form/button
[2021-03-17 06:38:48]cl_getDriver.py(127): click_Success->//*[@id="base_box"]/div/div[3]/form/button
[2021-03-17 06:38:48]cl_getDriver.py(72): Open NewTab->https://kabuoji3.com/stock/4047/2008/
[2021-03-17 06:38:49]cl_getDriver.py(130): Not Found->//*[@id="base_box"]/div/div[3]/form/button
[2021-03-17 06:38:49]cl_getDriver.py(127): click_Success->//*[@id="base_box"]/div/div[3]/form/button
[2021-03-17 06:38:49]cl_getDriver.py(72): Open NewTab->https://kabuoji3.com/stock/4061/2021/
[2021-03-17 06:38:50]cl_getDriver.py(127): click_Success->//*[@id="base_box"]/div/div[3]/form/button
[2021-03-17 06:38:52]cl_getDriver.py(127): click_Success->//*[@id="base_box"]/div/div[3]/form/button
[2021-03-17 06:38:52]cl_getDriver.py(72): Open NewTab->https://kabuoji3.com/stock/4047/2007/
[2021-03-17 06:38:53]cl_getDriver.py(127): click_Success->//*[@id="base_box"]/div/div[3]/form/button
[2021-03-17 06:38:53]cl_getDriver.py(72): Open NewTab->https://kabuoji3.com/stock/4061/2020/
[2021-03-17 06:38:54]cl_getDriver.py(127): click_Success->//*[@id="base_box"]/div/div[3]/form/button
[2021-03-17 06:38:54]cl_getDriver.py(127): click_Success->//*[@id="base_box"]/div/div[3]/form/button
[2021-03-17 06:38:56]cl_getDriver.py(127): click_Success->//*[@id="base_box"]/div/div[3]/form/button
[2021-03-17 06:38:57]cl_getDriver.py(72): Open NewTab->https://kabuoji3.com/stock/4047/2006/
[2021-03-17 06:38:57]cl_getDriver.py(127): click_Success->//*[@id="base_box"]/div/div[3]/form/button
[2021-03-17 06:38:57]cl_getDriver.py(72): Open NewTab->https://kabuoji3.com/stock/4061/2019/
[2021-03-17 06:38:58]cl_getDriver.py(127): click_Success->//*[@id="base_box"]/div/div[3]/form/button
[2021-03-17 06:38:59]cl_getDriver.py(127): click_Success->//*[@id="base_box"]/div/div[3]/form/button
[2021-03-17 06:39:00]cl_getDriver.py(127): click_Success->//*[@id="base_box"]/div/div[3]/form/button
[2021-03-17 06:39:01]cl_getDriver.py(72): Open NewTab->https://kabuoji3.com/stock/4047/2005/
[2021-03-17 06:39:01]cl_getDriver.py(127): click_Success->//*[@id="base_box"]/div/div[3]/form/button
[2021-03-17 06:39:01]cl_getDriver.py(72): Open NewTab->https://kabuoji3.com/stock/4061/2018/
[2021-03-17 06:39:02]cl_getDriver.py(127): click_Success->//*[@id="base_box"]/div/div[3]/form/button
[2021-03-17 06:39:03]cl_getDriver.py(127): click_Success->//*[@id="base_box"]/div/div[3]/form/button
[2021-03-17 06:39:05]cl_getDriver.py(127): click_Success->//*[@id="base_box"]/div/div[3]/form/button
[2021-03-17 06:39:05]cl_getDriver.py(72): Open NewTab->https://kabuoji3.com/stock/4047/2004/
[2021-03-17 06:39:05]cl_getDriver.py(127): click_Success->//*[@id="base_box"]/div/div[3]/form/button
[2021-03-17 06:39:06]cl_getDriver.py(72): Open NewTab->https://kabuoji3.com/stock/4061/2017/
[2021-03-17 06:39:07]cl_getDriver.py(127): click_Success->//*[@id="base_box"]/div/div[3]/form/button
[2021-03-17 06:39:07]cl_getDriver.py(127): click_Success->//*[@id="base_box"]/div/div[3]/form/button
[2021-03-17 06:39:09]cl_getDriver.py(127): click_Success->//*[@id="base_box"]/div/div[3]/form/button
[2021-03-17 06:39:09]cl_getDriver.py(127): click_Success->//*[@id="base_box"]/div/div[3]/form/button
[2021-03-17 06:39:10]cl_getDriver.py(72): Open NewTab->https://kabuoji3.com/stock/4047/2003/
[2021-03-17 06:39:10]cl_getDriver.py(72): Open NewTab->https://kabuoji3.com/stock/4061/2016/
[2021-03-17 06:39:11]cl_getDriver.py(127): click_Success->//*[@id="base_box"]/div/div[3]/form/button
[2021-03-17 06:39:11]cl_getDriver.py(127): click_Success->//*[@id="base_box"]/div/div[3]/form/button
[2021-03-17 06:39:13]cl_getDriver.py(127): click_Success->//*[@id="base_box"]/div/div[3]/form/button
[2021-03-17 06:39:13]cl_getDriver.py(72): Open NewTab->https://kabuoji3.com/stock/4047/2002/
[2021-03-17 06:39:14]cl_getDriver.py(127): click_Success->//*[@id="base_box"]/div/div[3]/form/button
[2021-03-17 06:39:14]cl_getDriver.py(72): Open NewTab->https://kabuoji3.com/stock/4061/2015/
[2021-03-17 06:39:15]cl_getDriver.py(127): click_Success->//*[@id="base_box"]/div/div[3]/form/button
[2021-03-17 06:39:15]cl_getDriver.py(127): click_Success->//*[@id="base_box"]/div/div[3]/form/button
[2021-03-17 06:39:17]cl_getDriver.py(127): click_Success->//*[@id="base_box"]/div/div[3]/form/button
[2021-03-17 06:39:18]cl_getDriver.py(72): Open NewTab->https://kabuoji3.com/stock/4047/2001/
[2021-03-17 06:39:18]cl_getDriver.py(127): click_Success->//*[@id="base_box"]/div/div[3]/form/button
[2021-03-17 06:39:18]cl_getDriver.py(72): Open NewTab->https://kabuoji3.com/stock/4061/2014/
[2021-03-17 06:39:19]cl_getDriver.py(127): click_Success->//*[@id="base_box"]/div/div[3]/form/button
[2021-03-17 06:39:19]cl_getDriver.py(127): click_Success->//*[@id="base_box"]/div/div[3]/form/button
[2021-03-17 06:39:21]cl_getDriver.py(127): click_Success->//*[@id="base_box"]/div/div[3]/form/button
[2021-03-17 06:39:22]cl_getDriver.py(72): Open NewTab->https://kabuoji3.com/stock/4047/2000/
[2021-03-17 06:39:22]cl_getDriver.py(127): click_Success->//*[@id="base_box"]/div/div[3]/form/button
[2021-03-17 06:39:22]cl_getDriver.py(72): Open NewTab->https://kabuoji3.com/stock/4061/2013/
[2021-03-17 06:39:23]cl_getDriver.py(127): click_Success->//*[@id="base_box"]/div/div[3]/form/button
[2021-03-17 06:39:23]cl_getDriver.py(127): click_Success->//*[@id="base_box"]/div/div[3]/form/button
[2021-03-17 06:39:26]cl_getDriver.py(127): click_Success->//*[@id="base_box"]/div/div[3]/form/button
[2021-03-17 06:39:26]cl_getDriver.py(127): click_Success->//*[@id="base_box"]/div/div[3]/form/button
[2021-03-17 06:39:26]cl_getDriver.py(72): Open NewTab->https://kabuoji3.com/stock/4047/1999/
[2021-03-17 06:39:26]cl_getDriver.py(72): Open NewTab->https://kabuoji3.com/stock/4061/2012/
[2021-03-17 06:39:28]cl_getDriver.py(127): click_Success->//*[@id="base_box"]/div/div[3]/form/button
[2021-03-17 06:39:28]cl_getDriver.py(127): click_Success->//*[@id="base_box"]/div/div[3]/form/button
[2021-03-17 06:39:30]cl_getDriver.py(127): click_Success->//*[@id="base_box"]/div/div[3]/form/button
[2021-03-17 06:39:30]cl_getDriver.py(127): click_Success->//*[@id="base_box"]/div/div[3]/form/button
[2021-03-17 06:39:31]cl_getDriver.py(72): Open NewTab->https://kabuoji3.com/stock/4061/2011/
[2021-03-17 06:39:31]cl_getDriver.py(72): Open NewTab->https://kabuoji3.com/stock/4047/1998/
[2021-03-17 06:39:32]cl_getDriver.py(127): click_Success->//*[@id="base_box"]/div/div[3]/form/button
[2021-03-17 06:39:32]cl_getDriver.py(127): click_Success->//*[@id="base_box"]/div/div[3]/form/button
[2021-03-17 06:39:34]cl_getDriver.py(127): click_Success->//*[@id="base_box"]/div/div[3]/form/button
[2021-03-17 06:39:34]cl_getDriver.py(127): click_Success->//*[@id="base_box"]/div/div[3]/form/button
[2021-03-17 06:39:35]cl_getDriver.py(72): Open NewTab->https://kabuoji3.com/stock/4047/1997/
[2021-03-17 06:39:35]cl_getDriver.py(72): Open NewTab->https://kabuoji3.com/stock/4061/2010/
[2021-03-17 06:39:36]cl_getDriver.py(127): click_Success->//*[@id="base_box"]/div/div[3]/form/button
[2021-03-17 06:39:36]cl_getDriver.py(127): click_Success->//*[@id="base_box"]/div/div[3]/form/button
[2021-03-17 06:39:39]cl_getDriver.py(127): click_Success->//*[@id="base_box"]/div/div[3]/form/button
[2021-03-17 06:39:39]cl_getDriver.py(127): click_Success->//*[@id="base_box"]/div/div[3]/form/button
[2021-03-17 06:39:39]cl_getDriver.py(72): Open NewTab->https://kabuoji3.com/stock/4047/1996/
[2021-03-17 06:39:39]cl_getDriver.py(72): Open NewTab->https://kabuoji3.com/stock/4061/2009/
[2021-03-17 06:39:41]cl_getDriver.py(127): click_Success->//*[@id="base_box"]/div/div[3]/form/button
[2021-03-17 06:39:41]cl_getDriver.py(127): click_Success->//*[@id="base_box"]/div/div[3]/form/button
[2021-03-17 06:39:43]cl_getDriver.py(127): click_Success->//*[@id="base_box"]/div/div[3]/form/button
[2021-03-17 06:39:43]cl_getDriver.py(127): click_Success->//*[@id="base_box"]/div/div[3]/form/button
[2021-03-17 06:39:44]cl_getDriver.py(72): Open NewTab->https://kabuoji3.com/stock/4047/1995/
[2021-03-17 06:39:44]cl_getDriver.py(72): Open NewTab->https://kabuoji3.com/stock/4061/2008/
[2021-03-17 06:39:45]cl_getDriver.py(127): click_Success->//*[@id="base_box"]/div/div[3]/form/button
[2021-03-17 06:39:45]cl_getDriver.py(127): click_Success->//*[@id="base_box"]/div/div[3]/form/button
[2021-03-17 06:39:47]cl_getDriver.py(127): click_Success->//*[@id="base_box"]/div/div[3]/form/button
[2021-03-17 06:39:47]cl_getDriver.py(127): click_Success->//*[@id="base_box"]/div/div[3]/form/button
[2021-03-17 06:39:48]cl_getDriver.py(72): Open NewTab->https://kabuoji3.com/stock/4061/2007/
[2021-03-17 06:39:48]cl_getDriver.py(72): Open NewTab->https://kabuoji3.com/stock/4047/1994/
[2021-03-17 06:39:49]cl_getDriver.py(127): click_Success->//*[@id="base_box"]/div/div[3]/form/button
[2021-03-17 06:39:50]cl_getDriver.py(127): click_Success->//*[@id="base_box"]/div/div[3]/form/button
[2021-03-17 06:39:51]cl_getDriver.py(127): click_Success->//*[@id="base_box"]/div/div[3]/form/button
[2021-03-17 06:39:52]cl_getDriver.py(72): Open NewTab->https://kabuoji3.com/stock/4047/1993/
[2021-03-17 06:39:53]cl_getDriver.py(127): click_Success->//*[@id="base_box"]/div/div[3]/form/button
[2021-03-17 06:39:53]cl_getDriver.py(127): click_Success->//*[@id="base_box"]/div/div[3]/form/button
[2021-03-17 06:39:53]cl_getDriver.py(72): Open NewTab->https://kabuoji3.com/stock/4061/2006/
[2021-03-17 06:39:54]cl_getDriver.py(127): click_Success->//*[@id="base_box"]/div/div[3]/form/button
[2021-03-17 06:39:55]cl_getDriver.py(127): click_Success->//*[@id="base_box"]/div/div[3]/form/button
[2021-03-17 06:39:55]cl_getDriver.py(72): Open NewTab->https://kabuoji3.com/stock/4047/1992/
[2021-03-17 06:39:57]cl_getDriver.py(127): click_Success->//*[@id="base_box"]/div/div[3]/form/button
[2021-03-17 06:39:57]cl_getDriver.py(127): click_Success->//*[@id="base_box"]/div/div[3]/form/button
[2021-03-17 06:39:57]cl_getDriver.py(72): Open NewTab->https://kabuoji3.com/stock/4061/2005/
[2021-03-17 06:39:58]cl_getDriver.py(127): click_Success->//*[@id="base_box"]/div/div[3]/form/button
[2021-03-17 06:39:59]cl_getDriver.py(127): click_Success->//*[@id="base_box"]/div/div[3]/form/button
[2021-03-17 06:39:59]cl_getDriver.py(72): Open NewTab->https://kabuoji3.com/stock/4047/1991/
[2021-03-17 06:40:00]cl_getDriver.py(127): click_Success->//*[@id="base_box"]/div/div[3]/form/button
[2021-03-17 06:40:00]cl_getDriver.py(127): click_Success->//*[@id="base_box"]/div/div[3]/form/button
[2021-03-17 06:40:01]cl_getDriver.py(72): Open NewTab->https://kabuoji3.com/stock/4061/2004/
[2021-03-17 06:40:02]cl_getDriver.py(127): click_Success->//*[@id="base_box"]/div/div[3]/form/button
[2021-03-17 06:40:02]cl_getDriver.py(127): click_Success->//*[@id="base_box"]/div/div[3]/form/button
[2021-03-17 06:40:03]cl_getDriver.py(72): Open NewTab->https://kabuoji3.com/stock/4047/1990/
[2021-03-17 06:40:04]cl_getDriver.py(127): click_Success->//*[@id="base_box"]/div/div[3]/form/button
[2021-03-17 06:40:04]cl_getDriver.py(127): click_Success->//*[@id="base_box"]/div/div[3]/form/button
[2021-03-17 06:40:04]cl_getDriver.py(72): Open NewTab->https://kabuoji3.com/stock/4061/2003/
[2021-03-17 06:40:05]cl_getDriver.py(127): click_Success->//*[@id="base_box"]/div/div[3]/form/button
[2021-03-17 06:40:06]cl_getDriver.py(127): click_Success->//*[@id="base_box"]/div/div[3]/form/button
[2021-03-17 06:40:06]cl_getDriver.py(72): Open NewTab->https://kabuoji3.com/stock/4047/1989/
[2021-03-17 06:40:08]cl_getDriver.py(127): click_Success->//*[@id="base_box"]/div/div[3]/form/button
[2021-03-17 06:40:08]cl_getDriver.py(127): click_Success->//*[@id="base_box"]/div/div[3]/form/button
[2021-03-17 06:40:08]cl_getDriver.py(72): Open NewTab->https://kabuoji3.com/stock/4061/2002/
[2021-03-17 06:40:09]cl_getDriver.py(127): click_Success->//*[@id="base_box"]/div/div[3]/form/button
[2021-03-17 06:40:10]cl_getDriver.py(127): click_Success->//*[@id="base_box"]/div/div[3]/form/button
[2021-03-17 06:40:10]cl_getDriver.py(72): Open NewTab->https://kabuoji3.com/stock/4047/1988/
[2021-03-17 06:40:11]cl_getDriver.py(127): click_Success->//*[@id="base_box"]/div/div[3]/form/button
[2021-03-17 06:40:11]cl_getDriver.py(127): click_Success->//*[@id="base_box"]/div/div[3]/form/button
[2021-03-17 06:40:12]cl_getDriver.py(72): Open NewTab->https://kabuoji3.com/stock/4061/2001/
[2021-03-17 06:40:13]cl_getDriver.py(127): click_Success->//*[@id="base_box"]/div/div[3]/form/button
[2021-03-17 06:40:13]cl_getDriver.py(127): click_Success->//*[@id="base_box"]/div/div[3]/form/button
[2021-03-17 06:40:14]cl_getDriver.py(72): Open NewTab->https://kabuoji3.com/stock/4047/1987/
[2021-03-17 06:40:15]cl_getDriver.py(127): click_Success->//*[@id="base_box"]/div/div[3]/form/button
[2021-03-17 06:40:15]cl_getDriver.py(127): click_Success->//*[@id="base_box"]/div/div[3]/form/button
[2021-03-17 06:40:15]cl_getDriver.py(72): Open NewTab->https://kabuoji3.com/stock/4061/2000/
[2021-03-17 06:40:16]cl_getDriver.py(127): click_Success->//*[@id="base_box"]/div/div[3]/form/button
[2021-03-17 06:40:17]cl_getDriver.py(127): click_Success->//*[@id="base_box"]/div/div[3]/form/button
[2021-03-17 06:40:17]cl_getDriver.py(72): Open NewTab->https://kabuoji3.com/stock/4047/1986/
[2021-03-17 06:40:19]cl_getDriver.py(127): click_Success->//*[@id="base_box"]/div/div[3]/form/button
[2021-03-17 06:40:19]cl_getDriver.py(127): click_Success->//*[@id="base_box"]/div/div[3]/form/button
[2021-03-17 06:40:19]cl_getDriver.py(72): Open NewTab->https://kabuoji3.com/stock/4061/1999/
[2021-03-17 06:40:20]cl_getDriver.py(127): click_Success->//*[@id="base_box"]/div/div[3]/form/button
[2021-03-17 06:40:21]cl_getDriver.py(127): click_Success->//*[@id="base_box"]/div/div[3]/form/button
[2021-03-17 06:40:21]cl_getDriver.py(72): Open NewTab->https://kabuoji3.com/stock/4047/1985/
[2021-03-17 06:40:22]cl_getDriver.py(127): click_Success->//*[@id="base_box"]/div/div[3]/form/button
[2021-03-17 06:40:22]cl_getDriver.py(127): click_Success->//*[@id="base_box"]/div/div[3]/form/button
[2021-03-17 06:40:23]cl_getDriver.py(72): Open NewTab->https://kabuoji3.com/stock/4061/1998/
[2021-03-17 06:40:24]cl_getDriver.py(127): click_Success->//*[@id="base_box"]/div/div[3]/form/button
[2021-03-17 06:40:24]cl_getDriver.py(127): click_Success->//*[@id="base_box"]/div/div[3]/form/button
[2021-03-17 06:40:25]cl_getDriver.py(72): Open NewTab->https://kabuoji3.com/stock/4047/1984/
[2021-03-17 06:40:26]cl_getDriver.py(127): click_Success->//*[@id="base_box"]/div/div[3]/form/button
[2021-03-17 06:40:26]cl_getDriver.py(127): click_Success->//*[@id="base_box"]/div/div[3]/form/button
[2021-03-17 06:40:26]cl_getDriver.py(72): Open NewTab->https://kabuoji3.com/stock/4061/1997/
[2021-03-17 06:40:27]cl_getDriver.py(127): click_Success->//*[@id="base_box"]/div/div[3]/form/button
[2021-03-17 06:40:28]cl_getDriver.py(127): click_Success->//*[@id="base_box"]/div/div[3]/form/button
[2021-03-17 06:40:28]cl_getDriver.py(72): Open NewTab->https://kabuoji3.com/stock/4047/1983/
[2021-03-17 06:40:30]cl_getDriver.py(127): click_Success->//*[@id="base_box"]/div/div[3]/form/button
[2021-03-17 06:40:30]cl_getDriver.py(127): click_Success->//*[@id="base_box"]/div/div[3]/form/button
[2021-03-17 06:40:30]cl_getDriver.py(72): Open NewTab->https://kabuoji3.com/stock/4061/1996/
[2021-03-17 06:40:31]cl_getDriver.py(127): click_Success->//*[@id="base_box"]/div/div[3]/form/button
[2021-03-17 06:40:32]cl_getDriver.py(127): click_Success->//*[@id="base_box"]/div/div[3]/form/button
[2021-03-17 06:40:33]cl_getDriver.py(127): click_Success->//*[@id="base_box"]/div/div[3]/form/button
[2021-03-17 06:40:34]cl_getDriver.py(72): Open NewTab->https://kabuoji3.com/stock/4061/1995/
[2021-03-17 06:40:35]cl_getDriver.py(127): click_Success->//*[@id="base_box"]/div/div[3]/form/button
[2021-03-17 06:40:36]main.py(42): finished Process->https://kabuoji3.com/stock/4047/
[2021-03-17 06:40:36]main.py(15): start_Process->https://kabuoji3.com/stock/4063/
[2021-03-17 06:40:37]cl_getDriver.py(127): click_Success->//*[@id="base_box"]/div/div[3]/form/button
[2021-03-17 06:40:37]cl_getDriver.py(72): Open NewTab->https://kabuoji3.com/stock/4061/1994/
[2021-03-17 06:40:39]cl_getDriver.py(127): click_Success->//*[@id="base_box"]/div/div[3]/form/button
[2021-03-17 06:40:41]cl_getDriver.py(127): click_Success->//*[@id="base_box"]/div/div[3]/form/button
[2021-03-17 06:40:42]cl_getDriver.py(72): Open NewTab->https://kabuoji3.com/stock/4061/1993/
[2021-03-17 06:40:43]cl_getDriver.py(127): click_Success->//*[@id="base_box"]/div/div[3]/form/button
[2021-03-17 06:40:43]cl_getDriver.py(64): getURL=https://kabuoji3.com/stock/4063/
[2021-03-17 06:40:44]cl_getDriver.py(72): Open NewTab->https://kabuoji3.com/stock/4063/
[2021-03-17 06:40:45]cl_getDriver.py(130): Not Found->//*[@id="base_box"]/div/div[3]/form/button
[2021-03-17 06:40:45]cl_getDriver.py(127): click_Success->//*[@id="base_box"]/div/div[3]/form/button
[2021-03-17 06:40:46]cl_getDriver.py(72): Open NewTab->https://kabuoji3.com/stock/4061/1992/
[2021-03-17 06:40:47]cl_getDriver.py(130): Not Found->//*[@id="base_box"]/div/div[3]/form/button
[2021-03-17 06:40:47]cl_getDriver.py(127): click_Success->//*[@id="base_box"]/div/div[3]/form/button
[2021-03-17 06:40:47]cl_getDriver.py(72): Open NewTab->https://kabuoji3.com/stock/4063/2021/
[2021-03-17 06:40:48]cl_getDriver.py(127): click_Success->//*[@id="base_box"]/div/div[3]/form/button
[2021-03-17 06:40:49]cl_getDriver.py(127): click_Success->//*[@id="base_box"]/div/div[3]/form/button
[2021-03-17 06:40:49]cl_getDriver.py(72): Open NewTab->https://kabuoji3.com/stock/4061/1991/
[2021-03-17 06:40:50]cl_getDriver.py(127): click_Success->//*[@id="base_box"]/div/div[3]/form/button
[2021-03-17 06:40:51]cl_getDriver.py(72): Open NewTab->https://kabuoji3.com/stock/4063/2020/
[2021-03-17 06:40:51]cl_getDriver.py(127): click_Success->//*[@id="base_box"]/div/div[3]/form/button
[2021-03-17 06:40:52]cl_getDriver.py(127): click_Success->//*[@id="base_box"]/div/div[3]/form/button
[2021-03-17 06:40:53]cl_getDriver.py(127): click_Success->//*[@id="base_box"]/div/div[3]/form/button
[2021-03-17 06:40:54]cl_getDriver.py(72): Open NewTab->https://kabuoji3.com/stock/4061/1990/
[2021-03-17 06:40:54]cl_getDriver.py(127): click_Success->//*[@id="base_box"]/div/div[3]/form/button
[2021-03-17 06:40:55]cl_getDriver.py(72): Open NewTab->https://kabuoji3.com/stock/4063/2019/
[2021-03-17 06:40:55]cl_getDriver.py(127): click_Success->//*[@id="base_box"]/div/div[3]/form/button
[2021-03-17 06:40:56]cl_getDriver.py(127): click_Success->//*[@id="base_box"]/div/div[3]/form/button
[2021-03-17 06:40:57]cl_getDriver.py(127): click_Success->//*[@id="base_box"]/div/div[3]/form/button
[2021-03-17 06:40:58]cl_getDriver.py(72): Open NewTab->https://kabuoji3.com/stock/4061/1989/
[2021-03-17 06:40:58]cl_getDriver.py(127): click_Success->//*[@id="base_box"]/div/div[3]/form/button
[2021-03-17 06:40:59]cl_getDriver.py(72): Open NewTab->https://kabuoji3.com/stock/4063/2018/
[2021-03-17 06:40:59]cl_getDriver.py(127): click_Success->//*[@id="base_box"]/div/div[3]/form/button
[2021-03-17 06:41:00]cl_getDriver.py(127): click_Success->//*[@id="base_box"]/div/div[3]/form/button
[2021-03-17 06:41:02]cl_getDriver.py(127): click_Success->//*[@id="base_box"]/div/div[3]/form/button
[2021-03-17 06:41:02]cl_getDriver.py(72): Open NewTab->https://kabuoji3.com/stock/4061/1988/
[2021-03-17 06:41:02]cl_getDriver.py(127): click_Success->//*[@id="base_box"]/div/div[3]/form/button
[2021-03-17 06:41:03]cl_getDriver.py(72): Open NewTab->https://kabuoji3.com/stock/4063/2017/
[2021-03-17 06:41:04]cl_getDriver.py(127): click_Success->//*[@id="base_box"]/div/div[3]/form/button
[2021-03-17 06:41:04]cl_getDriver.py(127): click_Success->//*[@id="base_box"]/div/div[3]/form/button
[2021-03-17 06:41:06]cl_getDriver.py(127): click_Success->//*[@id="base_box"]/div/div[3]/form/button
[2021-03-17 06:41:06]cl_getDriver.py(72): Open NewTab->https://kabuoji3.com/stock/4061/1987/
[2021-03-17 06:41:06]cl_getDriver.py(127): click_Success->//*[@id="base_box"]/div/div[3]/form/button
[2021-03-17 06:41:07]cl_getDriver.py(72): Open NewTab->https://kabuoji3.com/stock/4063/2016/
[2021-03-17 06:41:08]cl_getDriver.py(127): click_Success->//*[@id="base_box"]/div/div[3]/form/button
[2021-03-17 06:41:08]cl_getDriver.py(127): click_Success->//*[@id="base_box"]/div/div[3]/form/button
[2021-03-17 06:41:10]cl_getDriver.py(127): click_Success->//*[@id="base_box"]/div/div[3]/form/button
[2021-03-17 06:41:10]cl_getDriver.py(72): Open NewTab->https://kabuoji3.com/stock/4061/1986/
[2021-03-17 06:41:10]cl_getDriver.py(127): click_Success->//*[@id="base_box"]/div/div[3]/form/button
[2021-03-17 06:41:11]cl_getDriver.py(72): Open NewTab->https://kabuoji3.com/stock/4063/2015/
[2021-03-17 06:41:12]cl_getDriver.py(127): click_Success->//*[@id="base_box"]/div/div[3]/form/button
[2021-03-17 06:41:12]cl_getDriver.py(127): click_Success->//*[@id="base_box"]/div/div[3]/form/button
[2021-03-17 06:41:14]cl_getDriver.py(127): click_Success->//*[@id="base_box"]/div/div[3]/form/button
[2021-03-17 06:41:14]cl_getDriver.py(72): Open NewTab->https://kabuoji3.com/stock/4061/1985/
[2021-03-17 06:41:15]cl_getDriver.py(127): click_Success->//*[@id="base_box"]/div/div[3]/form/button
[2021-03-17 06:41:15]cl_getDriver.py(72): Open NewTab->https://kabuoji3.com/stock/4063/2014/
[2021-03-17 06:41:16]cl_getDriver.py(127): click_Success->//*[@id="base_box"]/div/div[3]/form/button
[2021-03-17 06:41:16]cl_getDriver.py(127): click_Success->//*[@id="base_box"]/div/div[3]/form/button
[2021-03-17 06:41:18]cl_getDriver.py(127): click_Success->//*[@id="base_box"]/div/div[3]/form/button
[2021-03-17 06:41:19]cl_getDriver.py(72): Open NewTab->https://kabuoji3.com/stock/4061/1984/
[2021-03-17 06:41:19]cl_getDriver.py(127): click_Success->//*[@id="base_box"]/div/div[3]/form/button
[2021-03-17 06:41:19]cl_getDriver.py(72): Open NewTab->https://kabuoji3.com/stock/4063/2013/
[2021-03-17 06:41:20]cl_getDriver.py(127): click_Success->//*[@id="base_box"]/div/div[3]/form/button
[2021-03-17 06:41:20]cl_getDriver.py(127): click_Success->//*[@id="base_box"]/div/div[3]/form/button
[2021-03-17 06:41:23]cl_getDriver.py(127): click_Success->//*[@id="base_box"]/div/div[3]/form/button
[2021-03-17 06:41:23]cl_getDriver.py(127): click_Success->//*[@id="base_box"]/div/div[3]/form/button
[2021-03-17 06:41:23]cl_getDriver.py(72): Open NewTab->https://kabuoji3.com/stock/4061/1983/
[2021-03-17 06:41:23]cl_getDriver.py(72): Open NewTab->https://kabuoji3.com/stock/4063/2012/
[2021-03-17 06:41:25]cl_getDriver.py(127): click_Success->//*[@id="base_box"]/div/div[3]/form/button
[2021-03-17 06:41:25]cl_getDriver.py(127): click_Success->//*[@id="base_box"]/div/div[3]/form/button
[2021-03-17 06:41:27]cl_getDriver.py(127): click_Success->//*[@id="base_box"]/div/div[3]/form/button
[2021-03-17 06:41:27]cl_getDriver.py(127): click_Success->//*[@id="base_box"]/div/div[3]/form/button
[2021-03-17 06:41:28]cl_getDriver.py(72): Open NewTab->https://kabuoji3.com/stock/4063/2011/
[2021-03-17 06:41:28]cl_getDriver.py(127): click_Success->//*[@id="base_box"]/div/div[3]/form/button
[2021-03-17 06:41:31]cl_getDriver.py(127): click_Success->//*[@id="base_box"]/div/div[3]/form/button
[2021-03-17 06:41:31]cl_getDriver.py(72): Open NewTab->https://kabuoji3.com/stock/4063/2010/
[2021-03-17 06:41:31]main.py(42): finished Process->https://kabuoji3.com/stock/4061/
[2021-03-17 06:41:31]main.py(15): start_Process->https://kabuoji3.com/stock/4064/
[2021-03-17 06:41:32]cl_getDriver.py(127): click_Success->//*[@id="base_box"]/div/div[3]/form/button
[2021-03-17 06:41:34]cl_getDriver.py(127): click_Success->//*[@id="base_box"]/div/div[3]/form/button
[2021-03-17 06:41:34]cl_getDriver.py(72): Open NewTab->https://kabuoji3.com/stock/4063/2009/
[2021-03-17 06:41:36]cl_getDriver.py(127): click_Success->//*[@id="base_box"]/div/div[3]/form/button
[2021-03-17 06:41:36]cl_getDriver.py(64): getURL=https://kabuoji3.com/stock/4064/
[2021-03-17 06:41:37]cl_getDriver.py(72): Open NewTab->https://kabuoji3.com/stock/4064/
[2021-03-17 06:41:37]cl_getDriver.py(130): Not Found->//*[@id="base_box"]/div/div[3]/form/button
[2021-03-17 06:41:38]cl_getDriver.py(127): click_Success->//*[@id="base_box"]/div/div[3]/form/button
[2021-03-17 06:41:38]cl_getDriver.py(72): Open NewTab->https://kabuoji3.com/stock/4063/2008/
[2021-03-17 06:41:39]cl_getDriver.py(127): click_Success->//*[@id="base_box"]/div/div[3]/form/button
[2021-03-17 06:41:39]cl_getDriver.py(130): Not Found->//*[@id="base_box"]/div/div[3]/form/button
[2021-03-17 06:41:40]cl_getDriver.py(72): Open NewTab->https://kabuoji3.com/stock/4064/2021/
[2021-03-17 06:41:41]cl_getDriver.py(127): click_Success->//*[@id="base_box"]/div/div[3]/form/button
[2021-03-17 06:41:41]cl_getDriver.py(127): click_Success->//*[@id="base_box"]/div/div[3]/form/button
[2021-03-17 06:41:42]cl_getDriver.py(72): Open NewTab->https://kabuoji3.com/stock/4063/2007/
[2021-03-17 06:41:43]cl_getDriver.py(127): click_Success->//*[@id="base_box"]/div/div[3]/form/button
[2021-03-17 06:41:43]cl_getDriver.py(127): click_Success->//*[@id="base_box"]/div/div[3]/form/button
[2021-03-17 06:41:43]cl_getDriver.py(72): Open NewTab->https://kabuoji3.com/stock/4064/2020/
[2021-03-17 06:41:44]cl_getDriver.py(127): click_Success->//*[@id="base_box"]/div/div[3]/form/button
[2021-03-17 06:41:45]cl_getDriver.py(127): click_Success->//*[@id="base_box"]/div/div[3]/form/button
[2021-03-17 06:41:45]cl_getDriver.py(72): Open NewTab->https://kabuoji3.com/stock/4063/2006/
[2021-03-17 06:41:46]cl_getDriver.py(127): click_Success->//*[@id="base_box"]/div/div[3]/form/button
[2021-03-17 06:41:47]cl_getDriver.py(127): click_Success->//*[@id="base_box"]/div/div[3]/form/button
[2021-03-17 06:41:47]cl_getDriver.py(72): Open NewTab->https://kabuoji3.com/stock/4064/2019/
[2021-03-17 06:41:48]cl_getDriver.py(127): click_Success->//*[@id="base_box"]/div/div[3]/form/button
[2021-03-17 06:41:49]cl_getDriver.py(127): click_Success->//*[@id="base_box"]/div/div[3]/form/button
[2021-03-17 06:41:49]cl_getDriver.py(72): Open NewTab->https://kabuoji3.com/stock/4063/2005/
[2021-03-17 06:41:50]cl_getDriver.py(127): click_Success->//*[@id="base_box"]/div/div[3]/form/button
[2021-03-17 06:41:51]cl_getDriver.py(127): click_Success->//*[@id="base_box"]/div/div[3]/form/button
[2021-03-17 06:41:51]cl_getDriver.py(72): Open NewTab->https://kabuoji3.com/stock/4064/2018/
[2021-03-17 06:41:52]cl_getDriver.py(127): click_Success->//*[@id="base_box"]/div/div[3]/form/button
[2021-03-17 06:41:52]cl_getDriver.py(127): click_Success->//*[@id="base_box"]/div/div[3]/form/button
[2021-03-17 06:41:53]cl_getDriver.py(72): Open NewTab->https://kabuoji3.com/stock/4063/2004/
[2021-03-17 06:41:54]cl_getDriver.py(127): click_Success->//*[@id="base_box"]/div/div[3]/form/button
[2021-03-17 06:41:54]cl_getDriver.py(127): click_Success->//*[@id="base_box"]/div/div[3]/form/button
[2021-03-17 06:41:55]cl_getDriver.py(72): Open NewTab->https://kabuoji3.com/stock/4064/2017/
[2021-03-17 06:41:56]cl_getDriver.py(127): click_Success->//*[@id="base_box"]/div/div[3]/form/button
[2021-03-17 06:41:57]cl_getDriver.py(72): Open NewTab->https://kabuoji3.com/stock/4063/2003/
[2021-03-17 06:41:57]cl_getDriver.py(127): click_Success->//*[@id="base_box"]/div/div[3]/form/button
[2021-03-17 06:41:58]cl_getDriver.py(127): click_Success->//*[@id="base_box"]/div/div[3]/form/button
[2021-03-17 06:42:00]cl_getDriver.py(127): click_Success->//*[@id="base_box"]/div/div[3]/form/button
[2021-03-17 06:42:00]cl_getDriver.py(72): Open NewTab->https://kabuoji3.com/stock/4064/2016/
[2021-03-17 06:42:00]cl_getDriver.py(127): click_Success->//*[@id="base_box"]/div/div[3]/form/button
[2021-03-17 06:42:00]cl_getDriver.py(72): Open NewTab->https://kabuoji3.com/stock/4063/2002/
[2021-03-17 06:42:02]cl_getDriver.py(127): click_Success->//*[@id="base_box"]/div/div[3]/form/button
[2021-03-17 06:42:02]cl_getDriver.py(127): click_Success->//*[@id="base_box"]/div/div[3]/form/button
[2021-03-17 06:42:04]cl_getDriver.py(127): click_Success->//*[@id="base_box"]/div/div[3]/form/button
[2021-03-17 06:42:04]cl_getDriver.py(127): click_Success->//*[@id="base_box"]/div/div[3]/form/button
[2021-03-17 06:42:05]cl_getDriver.py(72): Open NewTab->https://kabuoji3.com/stock/4063/2001/
[2021-03-17 06:42:05]cl_getDriver.py(72): Open NewTab->https://kabuoji3.com/stock/4064/2015/
[2021-03-17 06:42:06]cl_getDriver.py(127): click_Success->//*[@id="base_box"]/div/div[3]/form/button
[2021-03-17 06:42:06]cl_getDriver.py(127): click_Success->//*[@id="base_box"]/div/div[3]/form/button
[2021-03-17 06:42:08]cl_getDriver.py(127): click_Success->//*[@id="base_box"]/div/div[3]/form/button
[2021-03-17 06:42:08]cl_getDriver.py(127): click_Success->//*[@id="base_box"]/div/div[3]/form/button
[2021-03-17 06:42:09]cl_getDriver.py(72): Open NewTab->https://kabuoji3.com/stock/4064/2014/
[2021-03-17 06:42:09]cl_getDriver.py(72): Open NewTab->https://kabuoji3.com/stock/4063/2000/
[2021-03-17 06:42:10]cl_getDriver.py(127): click_Success->//*[@id="base_box"]/div/div[3]/form/button
[2021-03-17 06:42:10]cl_getDriver.py(127): click_Success->//*[@id="base_box"]/div/div[3]/form/button
[2021-03-17 06:42:13]cl_getDriver.py(127): click_Success->//*[@id="base_box"]/div/div[3]/form/button
[2021-03-17 06:42:13]cl_getDriver.py(127): click_Success->//*[@id="base_box"]/div/div[3]/form/button
[2021-03-17 06:42:13]cl_getDriver.py(72): Open NewTab->https://kabuoji3.com/stock/4063/1999/
[2021-03-17 06:42:13]cl_getDriver.py(72): Open NewTab->https://kabuoji3.com/stock/4064/2013/
[2021-03-17 06:42:15]cl_getDriver.py(127): click_Success->//*[@id="base_box"]/div/div[3]/form/button
[2021-03-17 06:42:15]cl_getDriver.py(127): click_Success->//*[@id="base_box"]/div/div[3]/form/button
[2021-03-17 06:42:17]cl_getDriver.py(127): click_Success->//*[@id="base_box"]/div/div[3]/form/button
[2021-03-17 06:42:17]cl_getDriver.py(127): click_Success->//*[@id="base_box"]/div/div[3]/form/button
[2021-03-17 06:42:18]cl_getDriver.py(72): Open NewTab->https://kabuoji3.com/stock/4064/2012/
[2021-03-17 06:42:18]cl_getDriver.py(72): Open NewTab->https://kabuoji3.com/stock/4063/1998/
[2021-03-17 06:42:19]cl_getDriver.py(127): click_Success->//*[@id="base_box"]/div/div[3]/form/button
[2021-03-17 06:42:19]cl_getDriver.py(127): click_Success->//*[@id="base_box"]/div/div[3]/form/button
[2021-03-17 06:42:21]cl_getDriver.py(127): click_Success->//*[@id="base_box"]/div/div[3]/form/button
[2021-03-17 06:42:22]cl_getDriver.py(127): click_Success->//*[@id="base_box"]/div/div[3]/form/button
[2021-03-17 06:42:22]cl_getDriver.py(72): Open NewTab->https://kabuoji3.com/stock/4063/1997/
[2021-03-17 06:42:22]cl_getDriver.py(72): Open NewTab->https://kabuoji3.com/stock/4064/2011/
[2021-03-17 06:42:23]cl_getDriver.py(127): click_Success->//*[@id="base_box"]/div/div[3]/form/button
[2021-03-17 06:42:24]cl_getDriver.py(127): click_Success->//*[@id="base_box"]/div/div[3]/form/button
[2021-03-17 06:42:26]cl_getDriver.py(127): click_Success->//*[@id="base_box"]/div/div[3]/form/button
[2021-03-17 06:42:26]cl_getDriver.py(72): Open NewTab->https://kabuoji3.com/stock/4064/2010/
[2021-03-17 06:42:26]cl_getDriver.py(127): click_Success->//*[@id="base_box"]/div/div[3]/form/button
[2021-03-17 06:42:27]cl_getDriver.py(72): Open NewTab->https://kabuoji3.com/stock/4063/1996/
[2021-03-17 06:42:27]cl_getDriver.py(127): click_Success->//*[@id="base_box"]/div/div[3]/form/button
[2021-03-17 06:42:28]cl_getDriver.py(127): click_Success->//*[@id="base_box"]/div/div[3]/form/button
[2021-03-17 06:42:30]cl_getDriver.py(127): click_Success->//*[@id="base_box"]/div/div[3]/form/button
[2021-03-17 06:42:30]cl_getDriver.py(72): Open NewTab->https://kabuoji3.com/stock/4064/2009/
[2021-03-17 06:42:30]cl_getDriver.py(127): click_Success->//*[@id="base_box"]/div/div[3]/form/button
[2021-03-17 06:42:31]cl_getDriver.py(72): Open NewTab->https://kabuoji3.com/stock/4063/1995/
[2021-03-17 06:42:31]cl_getDriver.py(127): click_Success->//*[@id="base_box"]/div/div[3]/form/button
[2021-03-17 06:42:32]cl_getDriver.py(127): click_Success->//*[@id="base_box"]/div/div[3]/form/button
[2021-03-17 06:42:34]cl_getDriver.py(127): click_Success->//*[@id="base_box"]/div/div[3]/form/button
[2021-03-17 06:42:34]cl_getDriver.py(72): Open NewTab->https://kabuoji3.com/stock/4064/2008/
[2021-03-17 06:42:34]cl_getDriver.py(127): click_Success->//*[@id="base_box"]/div/div[3]/form/button
[2021-03-17 06:42:35]cl_getDriver.py(72): Open NewTab->https://kabuoji3.com/stock/4063/1994/
[2021-03-17 06:42:36]cl_getDriver.py(127): click_Success->//*[@id="base_box"]/div/div[3]/form/button
[2021-03-17 06:42:36]cl_getDriver.py(127): click_Success->//*[@id="base_box"]/div/div[3]/form/button
[2021-03-17 06:42:38]cl_getDriver.py(127): click_Success->//*[@id="base_box"]/div/div[3]/form/button
[2021-03-17 06:42:38]cl_getDriver.py(127): click_Success->//*[@id="base_box"]/div/div[3]/form/button
[2021-03-17 06:42:39]cl_getDriver.py(72): Open NewTab->https://kabuoji3.com/stock/4064/2007/
[2021-03-17 06:42:39]cl_getDriver.py(72): Open NewTab->https://kabuoji3.com/stock/4063/1993/
[2021-03-17 06:42:40]cl_getDriver.py(127): click_Success->//*[@id="base_box"]/div/div[3]/form/button
[2021-03-17 06:42:40]cl_getDriver.py(127): click_Success->//*[@id="base_box"]/div/div[3]/form/button
[2021-03-17 06:42:42]cl_getDriver.py(127): click_Success->//*[@id="base_box"]/div/div[3]/form/button
[2021-03-17 06:42:43]cl_getDriver.py(127): click_Success->//*[@id="base_box"]/div/div[3]/form/button
[2021-03-17 06:42:43]cl_getDriver.py(72): Open NewTab->https://kabuoji3.com/stock/4063/1992/
[2021-03-17 06:42:43]cl_getDriver.py(72): Open NewTab->https://kabuoji3.com/stock/4064/2006/
[2021-03-17 06:42:44]cl_getDriver.py(127): click_Success->//*[@id="base_box"]/div/div[3]/form/button
[2021-03-17 06:42:45]cl_getDriver.py(127): click_Success->//*[@id="base_box"]/div/div[3]/form/button
[2021-03-17 06:42:47]cl_getDriver.py(127): click_Success->//*[@id="base_box"]/div/div[3]/form/button
[2021-03-17 06:42:47]cl_getDriver.py(72): Open NewTab->https://kabuoji3.com/stock/4063/1991/
[2021-03-17 06:42:48]cl_getDriver.py(127): click_Success->//*[@id="base_box"]/div/div[3]/form/button
[2021-03-17 06:42:50]cl_getDriver.py(127): click_Success->//*[@id="base_box"]/div/div[3]/form/button
[2021-03-17 06:42:50]cl_getDriver.py(72): Open NewTab->https://kabuoji3.com/stock/4064/2005/
[2021-03-17 06:42:50]cl_getDriver.py(127): click_Success->//*[@id="base_box"]/div/div[3]/form/button
[2021-03-17 06:42:51]cl_getDriver.py(72): Open NewTab->https://kabuoji3.com/stock/4063/1990/
[2021-03-17 06:42:52]cl_getDriver.py(127): click_Success->//*[@id="base_box"]/div/div[3]/form/button
[2021-03-17 06:42:52]cl_getDriver.py(127): click_Success->//*[@id="base_box"]/div/div[3]/form/button
[2021-03-17 06:42:54]cl_getDriver.py(127): click_Success->//*[@id="base_box"]/div/div[3]/form/button
[2021-03-17 06:42:54]cl_getDriver.py(72): Open NewTab->https://kabuoji3.com/stock/4064/2004/
[2021-03-17 06:42:54]cl_getDriver.py(127): click_Success->//*[@id="base_box"]/div/div[3]/form/button
[2021-03-17 06:42:55]cl_getDriver.py(72): Open NewTab->https://kabuoji3.com/stock/4063/1989/
[2021-03-17 06:42:56]cl_getDriver.py(127): click_Success->//*[@id="base_box"]/div/div[3]/form/button
[2021-03-17 06:42:56]cl_getDriver.py(127): click_Success->//*[@id="base_box"]/div/div[3]/form/button
[2021-03-17 06:42:58]cl_getDriver.py(127): click_Success->//*[@id="base_box"]/div/div[3]/form/button
[2021-03-17 06:42:58]cl_getDriver.py(72): Open NewTab->https://kabuoji3.com/stock/4064/2003/
[2021-03-17 06:42:59]cl_getDriver.py(127): click_Success->//*[@id="base_box"]/div/div[3]/form/button
[2021-03-17 06:42:59]cl_getDriver.py(72): Open NewTab->https://kabuoji3.com/stock/4063/1988/
[2021-03-17 06:43:00]cl_getDriver.py(127): click_Success->//*[@id="base_box"]/div/div[3]/form/button
[2021-03-17 06:43:00]cl_getDriver.py(127): click_Success->//*[@id="base_box"]/div/div[3]/form/button
[2021-03-17 06:43:02]cl_getDriver.py(127): click_Success->//*[@id="base_box"]/div/div[3]/form/button
[2021-03-17 06:43:03]cl_getDriver.py(72): Open NewTab->https://kabuoji3.com/stock/4064/2002/
[2021-03-17 06:43:03]cl_getDriver.py(127): click_Success->//*[@id="base_box"]/div/div[3]/form/button
[2021-03-17 06:43:03]cl_getDriver.py(72): Open NewTab->https://kabuoji3.com/stock/4063/1987/
[2021-03-17 06:43:04]cl_getDriver.py(127): click_Success->//*[@id="base_box"]/div/div[3]/form/button
[2021-03-17 06:43:05]cl_getDriver.py(127): click_Success->//*[@id="base_box"]/div/div[3]/form/button
[2021-03-17 06:43:06]cl_getDriver.py(127): click_Success->//*[@id="base_box"]/div/div[3]/form/button
[2021-03-17 06:43:06]cl_getDriver.py(72): Open NewTab->https://kabuoji3.com/stock/4064/2001/
[2021-03-17 06:43:07]cl_getDriver.py(127): click_Success->//*[@id="base_box"]/div/div[3]/form/button
[2021-03-17 06:43:07]cl_getDriver.py(72): Open NewTab->https://kabuoji3.com/stock/4063/1986/
[2021-03-17 06:43:08]cl_getDriver.py(127): click_Success->//*[@id="base_box"]/div/div[3]/form/button
[2021-03-17 06:43:08]cl_getDriver.py(127): click_Success->//*[@id="base_box"]/div/div[3]/form/button
[2021-03-17 06:43:10]cl_getDriver.py(127): click_Success->//*[@id="base_box"]/div/div[3]/form/button
[2021-03-17 06:43:11]cl_getDriver.py(72): Open NewTab->https://kabuoji3.com/stock/4064/2000/
[2021-03-17 06:43:11]cl_getDriver.py(127): click_Success->//*[@id="base_box"]/div/div[3]/form/button
[2021-03-17 06:43:11]cl_getDriver.py(72): Open NewTab->https://kabuoji3.com/stock/4063/1985/
[2021-03-17 06:43:12]cl_getDriver.py(127): click_Success->//*[@id="base_box"]/div/div[3]/form/button
[2021-03-17 06:43:12]cl_getDriver.py(127): click_Success->//*[@id="base_box"]/div/div[3]/form/button
[2021-03-17 06:43:14]cl_getDriver.py(127): click_Success->//*[@id="base_box"]/div/div[3]/form/button
[2021-03-17 06:43:15]cl_getDriver.py(72): Open NewTab->https://kabuoji3.com/stock/4064/1999/
[2021-03-17 06:43:15]cl_getDriver.py(127): click_Success->//*[@id="base_box"]/div/div[3]/form/button
[2021-03-17 06:43:15]cl_getDriver.py(72): Open NewTab->https://kabuoji3.com/stock/4063/1984/
[2021-03-17 06:43:16]cl_getDriver.py(127): click_Success->//*[@id="base_box"]/div/div[3]/form/button
[2021-03-17 06:43:17]cl_getDriver.py(127): click_Success->//*[@id="base_box"]/div/div[3]/form/button
[2021-03-17 06:43:18]cl_getDriver.py(127): click_Success->//*[@id="base_box"]/div/div[3]/form/button
[2021-03-17 06:43:19]cl_getDriver.py(72): Open NewTab->https://kabuoji3.com/stock/4064/1998/
[2021-03-17 06:43:19]cl_getDriver.py(127): click_Success->//*[@id="base_box"]/div/div[3]/form/button
[2021-03-17 06:43:19]cl_getDriver.py(72): Open NewTab->https://kabuoji3.com/stock/4063/1983/
[2021-03-17 06:43:20]cl_getDriver.py(127): click_Success->//*[@id="base_box"]/div/div[3]/form/button
[2021-03-17 06:43:21]cl_getDriver.py(127): click_Success->//*[@id="base_box"]/div/div[3]/form/button
[2021-03-17 06:43:23]cl_getDriver.py(127): click_Success->//*[@id="base_box"]/div/div[3]/form/button
[2021-03-17 06:43:23]cl_getDriver.py(72): Open NewTab->https://kabuoji3.com/stock/4064/1997/
[2021-03-17 06:43:23]cl_getDriver.py(127): click_Success->//*[@id="base_box"]/div/div[3]/form/button
[2021-03-17 06:43:24]cl_getDriver.py(127): click_Success->//*[@id="base_box"]/div/div[3]/form/button
[2021-03-17 06:43:26]cl_getDriver.py(127): click_Success->//*[@id="base_box"]/div/div[3]/form/button
[2021-03-17 06:43:27]cl_getDriver.py(72): Open NewTab->https://kabuoji3.com/stock/4064/1996/
[2021-03-17 06:43:27]main.py(42): finished Process->https://kabuoji3.com/stock/4063/
[2021-03-17 06:43:27]main.py(15): start_Process->https://kabuoji3.com/stock/4078/
[2021-03-17 06:43:28]cl_getDriver.py(127): click_Success->//*[@id="base_box"]/div/div[3]/form/button
[2021-03-17 06:43:30]cl_getDriver.py(127): click_Success->//*[@id="base_box"]/div/div[3]/form/button
[2021-03-17 06:43:30]cl_getDriver.py(72): Open NewTab->https://kabuoji3.com/stock/4064/1995/
[2021-03-17 06:43:33]cl_getDriver.py(127): click_Success->//*[@id="base_box"]/div/div[3]/form/button
[2021-03-17 06:43:33]cl_getDriver.py(64): getURL=https://kabuoji3.com/stock/4078/
[2021-03-17 06:43:33]cl_getDriver.py(72): Open NewTab->https://kabuoji3.com/stock/4078/
[2021-03-17 06:43:34]cl_getDriver.py(130): Not Found->//*[@id="base_box"]/div/div[3]/form/button
[2021-03-17 06:43:35]cl_getDriver.py(127): click_Success->//*[@id="base_box"]/div/div[3]/form/button
[2021-03-17 06:43:35]cl_getDriver.py(72): Open NewTab->https://kabuoji3.com/stock/4064/1994/
[2021-03-17 06:43:36]cl_getDriver.py(130): Not Found->//*[@id="base_box"]/div/div[3]/form/button
[2021-03-17 06:43:36]cl_getDriver.py(72): Open NewTab->https://kabuoji3.com/stock/4078/2021/
[2021-03-17 06:43:36]cl_getDriver.py(127): click_Success->//*[@id="base_box"]/div/div[3]/form/button
[2021-03-17 06:43:37]cl_getDriver.py(127): click_Success->//*[@id="base_box"]/div/div[3]/form/button
[2021-03-17 06:43:39]cl_getDriver.py(127): click_Success->//*[@id="base_box"]/div/div[3]/form/button
[2021-03-17 06:43:39]cl_getDriver.py(72): Open NewTab->https://kabuoji3.com/stock/4064/1993/
[2021-03-17 06:43:40]cl_getDriver.py(127): click_Success->//*[@id="base_box"]/div/div[3]/form/button
[2021-03-17 06:43:40]cl_getDriver.py(72): Open NewTab->https://kabuoji3.com/stock/4078/2020/
[2021-03-17 06:43:41]cl_getDriver.py(127): click_Success->//*[@id="base_box"]/div/div[3]/form/button
[2021-03-17 06:43:41]cl_getDriver.py(127): click_Success->//*[@id="base_box"]/div/div[3]/form/button
[2021-03-17 06:43:43]cl_getDriver.py(127): click_Success->//*[@id="base_box"]/div/div[3]/form/button
[2021-03-17 06:43:43]cl_getDriver.py(72): Open NewTab->https://kabuoji3.com/stock/4064/1992/
[2021-03-17 06:43:44]cl_getDriver.py(127): click_Success->//*[@id="base_box"]/div/div[3]/form/button
[2021-03-17 06:43:44]cl_getDriver.py(72): Open NewTab->https://kabuoji3.com/stock/4078/2019/
[2021-03-17 06:43:45]cl_getDriver.py(127): click_Success->//*[@id="base_box"]/div/div[3]/form/button
[2021-03-17 06:43:45]cl_getDriver.py(127): click_Success->//*[@id="base_box"]/div/div[3]/form/button
[2021-03-17 06:43:47]cl_getDriver.py(127): click_Success->//*[@id="base_box"]/div/div[3]/form/button
[2021-03-17 06:43:47]cl_getDriver.py(72): Open NewTab->https://kabuoji3.com/stock/4064/1991/
[2021-03-17 06:43:48]cl_getDriver.py(127): click_Success->//*[@id="base_box"]/div/div[3]/form/button
[2021-03-17 06:43:48]cl_getDriver.py(72): Open NewTab->https://kabuoji3.com/stock/4078/2018/
[2021-03-17 06:43:49]cl_getDriver.py(127): click_Success->//*[@id="base_box"]/div/div[3]/form/button
[2021-03-17 06:43:49]cl_getDriver.py(127): click_Success->//*[@id="base_box"]/div/div[3]/form/button
[2021-03-17 06:43:51]cl_getDriver.py(127): click_Success->//*[@id="base_box"]/div/div[3]/form/button
[2021-03-17 06:43:52]cl_getDriver.py(72): Open NewTab->https://kabuoji3.com/stock/4064/1990/
[2021-03-17 06:43:52]cl_getDriver.py(127): click_Success->//*[@id="base_box"]/div/div[3]/form/button
[2021-03-17 06:43:52]cl_getDriver.py(72): Open NewTab->https://kabuoji3.com/stock/4078/2017/
[2021-03-17 06:43:53]cl_getDriver.py(127): click_Success->//*[@id="base_box"]/div/div[3]/form/button
[2021-03-17 06:43:53]cl_getDriver.py(127): click_Success->//*[@id="base_box"]/div/div[3]/form/button
[2021-03-17 06:43:55]cl_getDriver.py(127): click_Success->//*[@id="base_box"]/div/div[3]/form/button
[2021-03-17 06:43:56]cl_getDriver.py(127): click_Success->//*[@id="base_box"]/div/div[3]/form/button
[2021-03-17 06:43:56]cl_getDriver.py(72): Open NewTab->https://kabuoji3.com/stock/4064/1989/
[2021-03-17 06:43:56]cl_getDriver.py(72): Open NewTab->https://kabuoji3.com/stock/4078/2016/
[2021-03-17 06:43:57]cl_getDriver.py(127): click_Success->//*[@id="base_box"]/div/div[3]/form/button
[2021-03-17 06:43:57]cl_getDriver.py(127): click_Success->//*[@id="base_box"]/div/div[3]/form/button
[2021-03-17 06:43:59]cl_getDriver.py(127): click_Success->//*[@id="base_box"]/div/div[3]/form/button
[2021-03-17 06:44:00]cl_getDriver.py(127): click_Success->//*[@id="base_box"]/div/div[3]/form/button
[2021-03-17 06:44:00]cl_getDriver.py(72): Open NewTab->https://kabuoji3.com/stock/4064/1988/
[2021-03-17 06:44:00]cl_getDriver.py(72): Open NewTab->https://kabuoji3.com/stock/4078/2015/
[2021-03-17 06:44:01]cl_getDriver.py(127): click_Success->//*[@id="base_box"]/div/div[3]/form/button
[2021-03-17 06:44:01]cl_getDriver.py(127): click_Success->//*[@id="base_box"]/div/div[3]/form/button
[2021-03-17 06:44:04]cl_getDriver.py(127): click_Success->//*[@id="base_box"]/div/div[3]/form/button
[2021-03-17 06:44:04]cl_getDriver.py(127): click_Success->//*[@id="base_box"]/div/div[3]/form/button
[2021-03-17 06:44:04]cl_getDriver.py(72): Open NewTab->https://kabuoji3.com/stock/4078/2014/
[2021-03-17 06:44:04]cl_getDriver.py(72): Open NewTab->https://kabuoji3.com/stock/4064/1987/
[2021-03-17 06:44:06]cl_getDriver.py(127): click_Success->//*[@id="base_box"]/div/div[3]/form/button
[2021-03-17 06:44:06]cl_getDriver.py(127): click_Success->//*[@id="base_box"]/div/div[3]/form/button
[2021-03-17 06:44:08]cl_getDriver.py(127): click_Success->//*[@id="base_box"]/div/div[3]/form/button
[2021-03-17 06:44:08]cl_getDriver.py(127): click_Success->//*[@id="base_box"]/div/div[3]/form/button
[2021-03-17 06:44:09]cl_getDriver.py(72): Open NewTab->https://kabuoji3.com/stock/4078/2013/
[2021-03-17 06:44:09]cl_getDriver.py(72): Open NewTab->https://kabuoji3.com/stock/4064/1986/
[2021-03-17 06:44:10]cl_getDriver.py(127): click_Success->//*[@id="base_box"]/div/div[3]/form/button
[2021-03-17 06:44:10]cl_getDriver.py(127): click_Success->//*[@id="base_box"]/div/div[3]/form/button
[2021-03-17 06:44:12]cl_getDriver.py(127): click_Success->//*[@id="base_box"]/div/div[3]/form/button
[2021-03-17 06:44:13]cl_getDriver.py(127): click_Success->//*[@id="base_box"]/div/div[3]/form/button
[2021-03-17 06:44:13]cl_getDriver.py(72): Open NewTab->https://kabuoji3.com/stock/4078/2012/
[2021-03-17 06:44:13]cl_getDriver.py(72): Open NewTab->https://kabuoji3.com/stock/4064/1985/
[2021-03-17 06:44:14]cl_getDriver.py(127): click_Success->//*[@id="base_box"]/div/div[3]/form/button
[2021-03-17 06:44:15]cl_getDriver.py(127): click_Success->//*[@id="base_box"]/div/div[3]/form/button
[2021-03-17 06:44:17]cl_getDriver.py(127): click_Success->//*[@id="base_box"]/div/div[3]/form/button
[2021-03-17 06:44:17]cl_getDriver.py(127): click_Success->//*[@id="base_box"]/div/div[3]/form/button
[2021-03-17 06:44:17]cl_getDriver.py(72): Open NewTab->https://kabuoji3.com/stock/4078/2011/
[2021-03-17 06:44:18]cl_getDriver.py(72): Open NewTab->https://kabuoji3.com/stock/4064/1984/
[2021-03-17 06:44:19]cl_getDriver.py(127): click_Success->//*[@id="base_box"]/div/div[3]/form/button
[2021-03-17 06:44:19]cl_getDriver.py(127): click_Success->//*[@id="base_box"]/div/div[3]/form/button
[2021-03-17 06:44:21]cl_getDriver.py(127): click_Success->//*[@id="base_box"]/div/div[3]/form/button
[2021-03-17 06:44:21]cl_getDriver.py(127): click_Success->//*[@id="base_box"]/div/div[3]/form/button
[2021-03-17 06:44:22]cl_getDriver.py(72): Open NewTab->https://kabuoji3.com/stock/4078/2010/
[2021-03-17 06:44:22]cl_getDriver.py(72): Open NewTab->https://kabuoji3.com/stock/4064/1983/
[2021-03-17 06:44:23]cl_getDriver.py(127): click_Success->//*[@id="base_box"]/div/div[3]/form/button
[2021-03-17 06:44:23]cl_getDriver.py(127): click_Success->//*[@id="base_box"]/div/div[3]/form/button
[2021-03-17 06:44:25]cl_getDriver.py(127): click_Success->//*[@id="base_box"]/div/div[3]/form/button
[2021-03-17 06:44:25]cl_getDriver.py(127): click_Success->//*[@id="base_box"]/div/div[3]/form/button
[2021-03-17 06:44:26]cl_getDriver.py(72): Open NewTab->https://kabuoji3.com/stock/4078/2009/
[2021-03-17 06:44:27]cl_getDriver.py(127): click_Success->//*[@id="base_box"]/div/div[3]/form/button
[2021-03-17 06:44:29]cl_getDriver.py(127): click_Success->//*[@id="base_box"]/div/div[3]/form/button
[2021-03-17 06:44:30]cl_getDriver.py(72): Open NewTab->https://kabuoji3.com/stock/4078/2008/
[2021-03-17 06:44:30]main.py(42): finished Process->https://kabuoji3.com/stock/4064/
[2021-03-17 06:44:30]main.py(15): start_Process->https://kabuoji3.com/stock/4080/
[2021-03-17 06:44:31]cl_getDriver.py(127): click_Success->//*[@id="base_box"]/div/div[3]/form/button
[2021-03-17 06:44:33]cl_getDriver.py(127): click_Success->//*[@id="base_box"]/div/div[3]/form/button
[2021-03-17 06:44:33]cl_getDriver.py(72): Open NewTab->https://kabuoji3.com/stock/4078/2007/
[2021-03-17 06:44:35]cl_getDriver.py(127): click_Success->//*[@id="base_box"]/div/div[3]/form/button
[2021-03-17 06:44:36]cl_getDriver.py(64): getURL=https://kabuoji3.com/stock/4080/
[2021-03-17 06:44:36]cl_getDriver.py(72): Open NewTab->https://kabuoji3.com/stock/4080/
[2021-03-17 06:44:37]cl_getDriver.py(127): click_Success->//*[@id="base_box"]/div/div[3]/form/button
[2021-03-17 06:44:37]cl_getDriver.py(130): Not Found->//*[@id="base_box"]/div/div[3]/form/button
[2021-03-17 06:44:37]cl_getDriver.py(72): Open NewTab->https://kabuoji3.com/stock/4078/2006/
[2021-03-17 06:44:38]cl_getDriver.py(127): click_Success->//*[@id="base_box"]/div/div[3]/form/button
[2021-03-17 06:44:39]cl_getDriver.py(130): Not Found->//*[@id="base_box"]/div/div[3]/form/button
[2021-03-17 06:44:40]cl_getDriver.py(72): Open NewTab->https://kabuoji3.com/stock/4080/2021/
[2021-03-17 06:44:40]cl_getDriver.py(127): click_Success->//*[@id="base_box"]/div/div[3]/form/button
[2021-03-17 06:44:41]cl_getDriver.py(127): click_Success->//*[@id="base_box"]/div/div[3]/form/button
[2021-03-17 06:44:41]cl_getDriver.py(72): Open NewTab->https://kabuoji3.com/stock/4078/2005/
[2021-03-17 06:44:42]cl_getDriver.py(127): click_Success->//*[@id="base_box"]/div/div[3]/form/button
[2021-03-17 06:44:43]cl_getDriver.py(127): click_Success->//*[@id="base_box"]/div/div[3]/form/button
[2021-03-17 06:44:43]cl_getDriver.py(72): Open NewTab->https://kabuoji3.com/stock/4080/2020/
[2021-03-17 06:44:44]cl_getDriver.py(127): click_Success->//*[@id="base_box"]/div/div[3]/form/button
[2021-03-17 06:44:44]cl_getDriver.py(127): click_Success->//*[@id="base_box"]/div/div[3]/form/button
[2021-03-17 06:44:45]cl_getDriver.py(72): Open NewTab->https://kabuoji3.com/stock/4078/2004/
[2021-03-17 06:44:46]cl_getDriver.py(127): click_Success->//*[@id="base_box"]/div/div[3]/form/button
[2021-03-17 06:44:46]cl_getDriver.py(127): click_Success->//*[@id="base_box"]/div/div[3]/form/button
[2021-03-17 06:44:47]cl_getDriver.py(72): Open NewTab->https://kabuoji3.com/stock/4080/2019/
[2021-03-17 06:44:48]cl_getDriver.py(127): click_Success->//*[@id="base_box"]/div/div[3]/form/button
[2021-03-17 06:44:48]cl_getDriver.py(127): click_Success->//*[@id="base_box"]/div/div[3]/form/button
[2021-03-17 06:44:48]cl_getDriver.py(72): Open NewTab->https://kabuoji3.com/stock/4078/2003/
[2021-03-17 06:44:49]cl_getDriver.py(127): click_Success->//*[@id="base_box"]/div/div[3]/form/button
[2021-03-17 06:44:50]cl_getDriver.py(127): click_Success->//*[@id="base_box"]/div/div[3]/form/button
[2021-03-17 06:44:51]cl_getDriver.py(72): Open NewTab->https://kabuoji3.com/stock/4080/2018/
[2021-03-17 06:44:51]cl_getDriver.py(127): click_Success->//*[@id="base_box"]/div/div[3]/form/button
[2021-03-17 06:44:52]cl_getDriver.py(127): click_Success->//*[@id="base_box"]/div/div[3]/form/button
[2021-03-17 06:44:52]cl_getDriver.py(72): Open NewTab->https://kabuoji3.com/stock/4078/2002/
[2021-03-17 06:44:53]cl_getDriver.py(127): click_Success->//*[@id="base_box"]/div/div[3]/form/button
[2021-03-17 06:44:54]cl_getDriver.py(127): click_Success->//*[@id="base_box"]/div/div[3]/form/button
[2021-03-17 06:44:54]cl_getDriver.py(72): Open NewTab->https://kabuoji3.com/stock/4080/2017/
[2021-03-17 06:44:55]cl_getDriver.py(127): click_Success->//*[@id="base_box"]/div/div[3]/form/button
[2021-03-17 06:44:55]cl_getDriver.py(127): click_Success->//*[@id="base_box"]/div/div[3]/form/button
[2021-03-17 06:44:56]cl_getDriver.py(72): Open NewTab->https://kabuoji3.com/stock/4078/2001/
[2021-03-17 06:44:57]cl_getDriver.py(127): click_Success->//*[@id="base_box"]/div/div[3]/form/button
[2021-03-17 06:44:57]cl_getDriver.py(127): click_Success->//*[@id="base_box"]/div/div[3]/form/button
[2021-03-17 06:44:58]cl_getDriver.py(72): Open NewTab->https://kabuoji3.com/stock/4080/2016/
[2021-03-17 06:44:59]cl_getDriver.py(127): click_Success->//*[@id="base_box"]/div/div[3]/form/button
[2021-03-17 06:44:59]cl_getDriver.py(127): click_Success->//*[@id="base_box"]/div/div[3]/form/button
[2021-03-17 06:44:59]cl_getDriver.py(72): Open NewTab->https://kabuoji3.com/stock/4078/2000/
[2021-03-17 06:45:00]cl_getDriver.py(127): click_Success->//*[@id="base_box"]/div/div[3]/form/button
[2021-03-17 06:45:01]cl_getDriver.py(127): click_Success->//*[@id="base_box"]/div/div[3]/form/button
[2021-03-17 06:45:02]cl_getDriver.py(72): Open NewTab->https://kabuoji3.com/stock/4080/2015/
[2021-03-17 06:45:03]cl_getDriver.py(127): click_Success->//*[@id="base_box"]/div/div[3]/form/button
[2021-03-17 06:45:03]cl_getDriver.py(127): click_Success->//*[@id="base_box"]/div/div[3]/form/button
[2021-03-17 06:45:03]cl_getDriver.py(72): Open NewTab->https://kabuoji3.com/stock/4078/1999/
[2021-03-17 06:45:04]cl_getDriver.py(127): click_Success->//*[@id="base_box"]/div/div[3]/form/button
[2021-03-17 06:45:05]cl_getDriver.py(127): click_Success->//*[@id="base_box"]/div/div[3]/form/button
[2021-03-17 06:45:05]cl_getDriver.py(72): Open NewTab->https://kabuoji3.com/stock/4080/2014/
[2021-03-17 06:45:06]cl_getDriver.py(127): click_Success->//*[@id="base_box"]/div/div[3]/form/button
[2021-03-17 06:45:06]cl_getDriver.py(127): click_Success->//*[@id="base_box"]/div/div[3]/form/button
[2021-03-17 06:45:07]cl_getDriver.py(72): Open NewTab->https://kabuoji3.com/stock/4078/1998/
[2021-03-17 06:45:08]cl_getDriver.py(127): click_Success->//*[@id="base_box"]/div/div[3]/form/button
[2021-03-17 06:45:08]cl_getDriver.py(127): click_Success->//*[@id="base_box"]/div/div[3]/form/button
[2021-03-17 06:45:09]cl_getDriver.py(72): Open NewTab->https://kabuoji3.com/stock/4080/2013/
[2021-03-17 06:45:10]cl_getDriver.py(127): click_Success->//*[@id="base_box"]/div/div[3]/form/button
[2021-03-17 06:45:10]cl_getDriver.py(127): click_Success->//*[@id="base_box"]/div/div[3]/form/button
[2021-03-17 06:45:10]cl_getDriver.py(72): Open NewTab->https://kabuoji3.com/stock/4078/1997/
[2021-03-17 06:45:11]cl_getDriver.py(127): click_Success->//*[@id="base_box"]/div/div[3]/form/button
[2021-03-17 06:45:12]cl_getDriver.py(127): click_Success->//*[@id="base_box"]/div/div[3]/form/button
[2021-03-17 06:45:12]cl_getDriver.py(72): Open NewTab->https://kabuoji3.com/stock/4080/2012/
[2021-03-17 06:45:13]cl_getDriver.py(127): click_Success->//*[@id="base_box"]/div/div[3]/form/button
[2021-03-17 06:45:14]cl_getDriver.py(127): click_Success->//*[@id="base_box"]/div/div[3]/form/button
[2021-03-17 06:45:14]cl_getDriver.py(72): Open NewTab->https://kabuoji3.com/stock/4078/1996/
[2021-03-17 06:45:15]cl_getDriver.py(127): click_Success->//*[@id="base_box"]/div/div[3]/form/button
[2021-03-17 06:45:16]cl_getDriver.py(127): click_Success->//*[@id="base_box"]/div/div[3]/form/button
[2021-03-17 06:45:16]cl_getDriver.py(72): Open NewTab->https://kabuoji3.com/stock/4080/2011/
[2021-03-17 06:45:17]cl_getDriver.py(127): click_Success->//*[@id="base_box"]/div/div[3]/form/button
[2021-03-17 06:45:18]cl_getDriver.py(72): Open NewTab->https://kabuoji3.com/stock/4078/1995/
[2021-03-17 06:45:18]cl_getDriver.py(127): click_Success->//*[@id="base_box"]/div/div[3]/form/button
[2021-03-17 06:45:18]cl_getDriver.py(127): click_Success->//*[@id="base_box"]/div/div[3]/form/button
[2021-03-17 06:45:20]cl_getDriver.py(127): click_Success->//*[@id="base_box"]/div/div[3]/form/button
[2021-03-17 06:45:20]cl_getDriver.py(72): Open NewTab->https://kabuoji3.com/stock/4080/2010/
[2021-03-17 06:45:21]cl_getDriver.py(127): click_Success->//*[@id="base_box"]/div/div[3]/form/button
[2021-03-17 06:45:21]cl_getDriver.py(72): Open NewTab->https://kabuoji3.com/stock/4078/1994/
[2021-03-17 06:45:21]cl_getDriver.py(127): click_Success->//*[@id="base_box"]/div/div[3]/form/button
[2021-03-17 06:45:22]cl_getDriver.py(127): click_Success->//*[@id="base_box"]/div/div[3]/form/button
[2021-03-17 06:45:24]cl_getDriver.py(127): click_Success->//*[@id="base_box"]/div/div[3]/form/button
[2021-03-17 06:45:24]cl_getDriver.py(72): Open NewTab->https://kabuoji3.com/stock/4080/2009/
[2021-03-17 06:45:24]cl_getDriver.py(127): click_Success->//*[@id="base_box"]/div/div[3]/form/button
[2021-03-17 06:45:25]cl_getDriver.py(72): Open NewTab->https://kabuoji3.com/stock/4078/1993/
[2021-03-17 06:45:25]cl_getDriver.py(127): click_Success->//*[@id="base_box"]/div/div[3]/form/button
[2021-03-17 06:45:26]cl_getDriver.py(127): click_Success->//*[@id="base_box"]/div/div[3]/form/button
[2021-03-17 06:45:28]cl_getDriver.py(127): click_Success->//*[@id="base_box"]/div/div[3]/form/button
[2021-03-17 06:45:28]cl_getDriver.py(72): Open NewTab->https://kabuoji3.com/stock/4080/2008/
[2021-03-17 06:45:28]cl_getDriver.py(127): click_Success->//*[@id="base_box"]/div/div[3]/form/button
[2021-03-17 06:45:29]cl_getDriver.py(72): Open NewTab->https://kabuoji3.com/stock/4078/1992/
[2021-03-17 06:45:30]cl_getDriver.py(127): click_Success->//*[@id="base_box"]/div/div[3]/form/button
[2021-03-17 06:45:30]cl_getDriver.py(127): click_Success->//*[@id="base_box"]/div/div[3]/form/button
[2021-03-17 06:45:32]cl_getDriver.py(127): click_Success->//*[@id="base_box"]/div/div[3]/form/button
[2021-03-17 06:45:32]cl_getDriver.py(127): click_Success->//*[@id="base_box"]/div/div[3]/form/button
[2021-03-17 06:45:33]cl_getDriver.py(72): Open NewTab->https://kabuoji3.com/stock/4078/1991/
[2021-03-17 06:45:33]cl_getDriver.py(72): Open NewTab->https://kabuoji3.com/stock/4080/2007/
[2021-03-17 06:45:35]cl_getDriver.py(127): click_Success->//*[@id="base_box"]/div/div[3]/form/button
[2021-03-17 06:45:35]cl_getDriver.py(127): click_Success->//*[@id="base_box"]/div/div[3]/form/button
[2021-03-17 06:45:37]cl_getDriver.py(127): click_Success->//*[@id="base_box"]/div/div[3]/form/button
[2021-03-17 06:45:37]cl_getDriver.py(127): click_Success->//*[@id="base_box"]/div/div[3]/form/button
[2021-03-17 06:45:38]cl_getDriver.py(72): Open NewTab->https://kabuoji3.com/stock/4078/1990/
[2021-03-17 06:45:38]cl_getDriver.py(72): Open NewTab->https://kabuoji3.com/stock/4080/2006/
[2021-03-17 06:45:39]cl_getDriver.py(127): click_Success->//*[@id="base_box"]/div/div[3]/form/button
[2021-03-17 06:45:39]cl_getDriver.py(127): click_Success->//*[@id="base_box"]/div/div[3]/form/button
[2021-03-17 06:45:42]cl_getDriver.py(127): click_Success->//*[@id="base_box"]/div/div[3]/form/button
[2021-03-17 06:45:42]cl_getDriver.py(127): click_Success->//*[@id="base_box"]/div/div[3]/form/button
[2021-03-17 06:45:42]cl_getDriver.py(72): Open NewTab->https://kabuoji3.com/stock/4078/1989/
[2021-03-17 06:45:42]cl_getDriver.py(72): Open NewTab->https://kabuoji3.com/stock/4080/2005/
[2021-03-17 06:45:44]cl_getDriver.py(127): click_Success->//*[@id="base_box"]/div/div[3]/form/button
[2021-03-17 06:45:44]cl_getDriver.py(127): click_Success->//*[@id="base_box"]/div/div[3]/form/button
[2021-03-17 06:45:46]cl_getDriver.py(127): click_Success->//*[@id="base_box"]/div/div[3]/form/button
[2021-03-17 06:45:46]cl_getDriver.py(127): click_Success->//*[@id="base_box"]/div/div[3]/form/button
[2021-03-17 06:45:47]cl_getDriver.py(72): Open NewTab->https://kabuoji3.com/stock/4080/2004/
[2021-03-17 06:45:47]cl_getDriver.py(72): Open NewTab->https://kabuoji3.com/stock/4078/1988/
[2021-03-17 06:45:48]cl_getDriver.py(127): click_Success->//*[@id="base_box"]/div/div[3]/form/button
[2021-03-17 06:45:48]cl_getDriver.py(127): click_Success->//*[@id="base_box"]/div/div[3]/form/button
[2021-03-17 06:45:50]cl_getDriver.py(127): click_Success->//*[@id="base_box"]/div/div[3]/form/button
[2021-03-17 06:45:51]cl_getDriver.py(127): click_Success->//*[@id="base_box"]/div/div[3]/form/button
[2021-03-17 06:45:51]cl_getDriver.py(72): Open NewTab->https://kabuoji3.com/stock/4078/1987/
[2021-03-17 06:45:51]cl_getDriver.py(72): Open NewTab->https://kabuoji3.com/stock/4080/2003/
[2021-03-17 06:45:52]cl_getDriver.py(127): click_Success->//*[@id="base_box"]/div/div[3]/form/button
[2021-03-17 06:45:53]cl_getDriver.py(127): click_Success->//*[@id="base_box"]/div/div[3]/form/button
[2021-03-17 06:45:55]cl_getDriver.py(127): click_Success->//*[@id="base_box"]/div/div[3]/form/button
[2021-03-17 06:45:55]cl_getDriver.py(127): click_Success->//*[@id="base_box"]/div/div[3]/form/button
[2021-03-17 06:45:55]cl_getDriver.py(72): Open NewTab->https://kabuoji3.com/stock/4080/2002/
[2021-03-17 06:45:56]cl_getDriver.py(72): Open NewTab->https://kabuoji3.com/stock/4078/1986/
[2021-03-17 06:45:57]cl_getDriver.py(127): click_Success->//*[@id="base_box"]/div/div[3]/form/button
[2021-03-17 06:45:57]cl_getDriver.py(127): click_Success->//*[@id="base_box"]/div/div[3]/form/button
[2021-03-17 06:45:59]cl_getDriver.py(127): click_Success->//*[@id="base_box"]/div/div[3]/form/button
[2021-03-17 06:45:59]cl_getDriver.py(72): Open NewTab->https://kabuoji3.com/stock/4078/1985/
[2021-03-17 06:45:59]cl_getDriver.py(127): click_Success->//*[@id="base_box"]/div/div[3]/form/button
[2021-03-17 06:46:00]cl_getDriver.py(72): Open NewTab->https://kabuoji3.com/stock/4080/2001/
[2021-03-17 06:46:00]cl_getDriver.py(127): click_Success->//*[@id="base_box"]/div/div[3]/form/button
[2021-03-17 06:46:01]cl_getDriver.py(127): click_Success->//*[@id="base_box"]/div/div[3]/form/button
[2021-03-17 06:46:03]cl_getDriver.py(127): click_Success->//*[@id="base_box"]/div/div[3]/form/button
[2021-03-17 06:46:03]cl_getDriver.py(72): Open NewTab->https://kabuoji3.com/stock/4078/1984/
[2021-03-17 06:46:03]cl_getDriver.py(127): click_Success->//*[@id="base_box"]/div/div[3]/form/button
[2021-03-17 06:46:04]cl_getDriver.py(72): Open NewTab->https://kabuoji3.com/stock/4080/2000/
[2021-03-17 06:46:04]cl_getDriver.py(127): click_Success->//*[@id="base_box"]/div/div[3]/form/button
[2021-03-17 06:46:05]cl_getDriver.py(127): click_Success->//*[@id="base_box"]/div/div[3]/form/button
[2021-03-17 06:46:07]cl_getDriver.py(127): click_Success->//*[@id="base_box"]/div/div[3]/form/button
[2021-03-17 06:46:07]cl_getDriver.py(72): Open NewTab->https://kabuoji3.com/stock/4078/1983/
[2021-03-17 06:46:07]cl_getDriver.py(127): click_Success->//*[@id="base_box"]/div/div[3]/form/button
[2021-03-17 06:46:08]cl_getDriver.py(127): click_Success->//*[@id="base_box"]/div/div[3]/form/button
[2021-03-17 06:46:10]cl_getDriver.py(127): click_Success->//*[@id="base_box"]/div/div[3]/form/button
[2021-03-17 06:46:11]main.py(42): finished Process->https://kabuoji3.com/stock/4080/
[2021-03-17 06:46:11]main.py(15): start_Process->https://kabuoji3.com/stock/4082/
[2021-03-17 06:46:14]main.py(42): finished Process->https://kabuoji3.com/stock/4078/
[2021-03-17 06:46:14]main.py(15): start_Process->https://kabuoji3.com/stock/4088/
[2021-03-17 06:46:17]cl_getDriver.py(64): getURL=https://kabuoji3.com/stock/4082/
[2021-03-17 06:46:17]cl_getDriver.py(72): Open NewTab->https://kabuoji3.com/stock/4082/
[2021-03-17 06:46:18]cl_getDriver.py(130): Not Found->//*[@id="base_box"]/div/div[3]/form/button
[2021-03-17 06:46:20]cl_getDriver.py(130): Not Found->//*[@id="base_box"]/div/div[3]/form/button
[2021-03-17 06:46:20]cl_getDriver.py(64): getURL=https://kabuoji3.com/stock/4088/
[2021-03-17 06:46:20]cl_getDriver.py(72): Open NewTab->https://kabuoji3.com/stock/4082/2021/
[2021-03-17 06:46:21]cl_getDriver.py(72): Open NewTab->https://kabuoji3.com/stock/4088/
[2021-03-17 06:46:21]cl_getDriver.py(127): click_Success->//*[@id="base_box"]/div/div[3]/form/button
[2021-03-17 06:46:22]cl_getDriver.py(130): Not Found->//*[@id="base_box"]/div/div[3]/form/button
[2021-03-17 06:46:24]cl_getDriver.py(127): click_Success->//*[@id="base_box"]/div/div[3]/form/button
[2021-03-17 06:46:24]cl_getDriver.py(130): Not Found->//*[@id="base_box"]/div/div[3]/form/button
[2021-03-17 06:46:24]cl_getDriver.py(72): Open NewTab->https://kabuoji3.com/stock/4082/2020/
[2021-03-17 06:46:24]cl_getDriver.py(72): Open NewTab->https://kabuoji3.com/stock/4088/2021/
[2021-03-17 06:46:25]cl_getDriver.py(127): click_Success->//*[@id="base_box"]/div/div[3]/form/button
[2021-03-17 06:46:26]cl_getDriver.py(127): click_Success->//*[@id="base_box"]/div/div[3]/form/button
[2021-03-17 06:46:28]cl_getDriver.py(127): click_Success->//*[@id="base_box"]/div/div[3]/form/button
[2021-03-17 06:46:28]cl_getDriver.py(127): click_Success->//*[@id="base_box"]/div/div[3]/form/button
[2021-03-17 06:46:29]cl_getDriver.py(72): Open NewTab->https://kabuoji3.com/stock/4088/2020/
[2021-03-17 06:46:29]cl_getDriver.py(72): Open NewTab->https://kabuoji3.com/stock/4082/2019/
[2021-03-17 06:46:30]cl_getDriver.py(127): click_Success->//*[@id="base_box"]/div/div[3]/form/button
[2021-03-17 06:46:30]cl_getDriver.py(127): click_Success->//*[@id="base_box"]/div/div[3]/form/button
[2021-03-17 06:46:32]cl_getDriver.py(127): click_Success->//*[@id="base_box"]/div/div[3]/form/button
[2021-03-17 06:46:32]cl_getDriver.py(127): click_Success->//*[@id="base_box"]/div/div[3]/form/button
[2021-03-17 06:46:33]cl_getDriver.py(72): Open NewTab->https://kabuoji3.com/stock/4082/2018/
[2021-03-17 06:46:33]cl_getDriver.py(72): Open NewTab->https://kabuoji3.com/stock/4088/2019/
[2021-03-17 06:46:34]cl_getDriver.py(127): click_Success->//*[@id="base_box"]/div/div[3]/form/button
[2021-03-17 06:46:34]cl_getDriver.py(127): click_Success->//*[@id="base_box"]/div/div[3]/form/button
[2021-03-17 06:46:36]cl_getDriver.py(127): click_Success->//*[@id="base_box"]/div/div[3]/form/button
[2021-03-17 06:46:37]cl_getDriver.py(127): click_Success->//*[@id="base_box"]/div/div[3]/form/button
[2021-03-17 06:46:37]cl_getDriver.py(72): Open NewTab->https://kabuoji3.com/stock/4082/2017/
[2021-03-17 06:46:37]cl_getDriver.py(72): Open NewTab->https://kabuoji3.com/stock/4088/2018/
[2021-03-17 06:46:38]cl_getDriver.py(127): click_Success->//*[@id="base_box"]/div/div[3]/form/button
[2021-03-17 06:46:39]cl_getDriver.py(127): click_Success->//*[@id="base_box"]/div/div[3]/form/button
[2021-03-17 06:46:41]cl_getDriver.py(127): click_Success->//*[@id="base_box"]/div/div[3]/form/button
[2021-03-17 06:46:41]cl_getDriver.py(127): click_Success->//*[@id="base_box"]/div/div[3]/form/button
[2021-03-17 06:46:41]cl_getDriver.py(72): Open NewTab->https://kabuoji3.com/stock/4088/2017/
[2021-03-17 06:46:41]cl_getDriver.py(72): Open NewTab->https://kabuoji3.com/stock/4082/2016/
[2021-03-17 06:46:43]cl_getDriver.py(127): click_Success->//*[@id="base_box"]/div/div[3]/form/button
[2021-03-17 06:46:43]cl_getDriver.py(127): click_Success->//*[@id="base_box"]/div/div[3]/form/button
[2021-03-17 06:46:45]cl_getDriver.py(127): click_Success->//*[@id="base_box"]/div/div[3]/form/button
[2021-03-17 06:46:45]cl_getDriver.py(127): click_Success->//*[@id="base_box"]/div/div[3]/form/button
[2021-03-17 06:46:46]cl_getDriver.py(72): Open NewTab->https://kabuoji3.com/stock/4082/2015/
[2021-03-17 06:46:46]cl_getDriver.py(72): Open NewTab->https://kabuoji3.com/stock/4088/2016/
[2021-03-17 06:46:47]cl_getDriver.py(127): click_Success->//*[@id="base_box"]/div/div[3]/form/button
[2021-03-17 06:46:47]cl_getDriver.py(127): click_Success->//*[@id="base_box"]/div/div[3]/form/button
[2021-03-17 06:46:49]cl_getDriver.py(127): click_Success->//*[@id="base_box"]/div/div[3]/form/button
[2021-03-17 06:46:49]cl_getDriver.py(127): click_Success->//*[@id="base_box"]/div/div[3]/form/button
[2021-03-17 06:46:50]cl_getDriver.py(72): Open NewTab->https://kabuoji3.com/stock/4082/2014/
[2021-03-17 06:46:50]cl_getDriver.py(72): Open NewTab->https://kabuoji3.com/stock/4088/2015/
[2021-03-17 06:46:51]cl_getDriver.py(127): click_Success->//*[@id="base_box"]/div/div[3]/form/button
[2021-03-17 06:46:51]cl_getDriver.py(127): click_Success->//*[@id="base_box"]/div/div[3]/form/button
[2021-03-17 06:46:54]cl_getDriver.py(127): click_Success->//*[@id="base_box"]/div/div[3]/form/button
[2021-03-17 06:46:54]cl_getDriver.py(127): click_Success->//*[@id="base_box"]/div/div[3]/form/button
[2021-03-17 06:46:54]cl_getDriver.py(72): Open NewTab->https://kabuoji3.com/stock/4088/2014/
[2021-03-17 06:46:54]cl_getDriver.py(72): Open NewTab->https://kabuoji3.com/stock/4082/2013/
[2021-03-17 06:46:56]cl_getDriver.py(127): click_Success->//*[@id="base_box"]/div/div[3]/form/button
[2021-03-17 06:46:56]cl_getDriver.py(127): click_Success->//*[@id="base_box"]/div/div[3]/form/button
[2021-03-17 06:46:58]cl_getDriver.py(127): click_Success->//*[@id="base_box"]/div/div[3]/form/button
[2021-03-17 06:46:58]cl_getDriver.py(127): click_Success->//*[@id="base_box"]/div/div[3]/form/button
[2021-03-17 06:46:59]cl_getDriver.py(72): Open NewTab->https://kabuoji3.com/stock/4082/2012/
[2021-03-17 06:46:59]cl_getDriver.py(72): Open NewTab->https://kabuoji3.com/stock/4088/2013/
[2021-03-17 06:47:00]cl_getDriver.py(127): click_Success->//*[@id="base_box"]/div/div[3]/form/button
[2021-03-17 06:47:00]cl_getDriver.py(127): click_Success->//*[@id="base_box"]/div/div[3]/form/button
[2021-03-17 06:47:03]cl_getDriver.py(127): click_Success->//*[@id="base_box"]/div/div[3]/form/button
[2021-03-17 06:47:03]cl_getDriver.py(127): click_Success->//*[@id="base_box"]/div/div[3]/form/button
[2021-03-17 06:47:03]cl_getDriver.py(72): Open NewTab->https://kabuoji3.com/stock/4088/2012/
[2021-03-17 06:47:03]cl_getDriver.py(72): Open NewTab->https://kabuoji3.com/stock/4082/2011/
[2021-03-17 06:47:05]cl_getDriver.py(127): click_Success->//*[@id="base_box"]/div/div[3]/form/button
[2021-03-17 06:47:05]cl_getDriver.py(127): click_Success->//*[@id="base_box"]/div/div[3]/form/button
[2021-03-17 06:47:07]cl_getDriver.py(127): click_Success->//*[@id="base_box"]/div/div[3]/form/button
[2021-03-17 06:47:07]cl_getDriver.py(127): click_Success->//*[@id="base_box"]/div/div[3]/form/button
[2021-03-17 06:47:08]cl_getDriver.py(72): Open NewTab->https://kabuoji3.com/stock/4082/2010/
[2021-03-17 06:47:08]cl_getDriver.py(72): Open NewTab->https://kabuoji3.com/stock/4088/2011/
[2021-03-17 06:47:09]cl_getDriver.py(127): click_Success->//*[@id="base_box"]/div/div[3]/form/button
[2021-03-17 06:47:09]cl_getDriver.py(127): click_Success->//*[@id="base_box"]/div/div[3]/form/button
[2021-03-17 06:47:11]cl_getDriver.py(127): click_Success->//*[@id="base_box"]/div/div[3]/form/button
[2021-03-17 06:47:11]cl_getDriver.py(127): click_Success->//*[@id="base_box"]/div/div[3]/form/button
[2021-03-17 06:47:12]cl_getDriver.py(72): Open NewTab->https://kabuoji3.com/stock/4088/2010/
[2021-03-17 06:47:12]cl_getDriver.py(72): Open NewTab->https://kabuoji3.com/stock/4082/2009/
[2021-03-17 06:47:13]cl_getDriver.py(127): click_Success->//*[@id="base_box"]/div/div[3]/form/button
[2021-03-17 06:47:14]cl_getDriver.py(127): click_Success->//*[@id="base_box"]/div/div[3]/form/button
[2021-03-17 06:47:16]cl_getDriver.py(127): click_Success->//*[@id="base_box"]/div/div[3]/form/button
[2021-03-17 06:47:16]cl_getDriver.py(127): click_Success->//*[@id="base_box"]/div/div[3]/form/button
[2021-03-17 06:47:16]cl_getDriver.py(72): Open NewTab->https://kabuoji3.com/stock/4082/2008/
[2021-03-17 06:47:17]cl_getDriver.py(72): Open NewTab->https://kabuoji3.com/stock/4088/2009/
[2021-03-17 06:47:18]cl_getDriver.py(127): click_Success->//*[@id="base_box"]/div/div[3]/form/button
[2021-03-17 06:47:18]cl_getDriver.py(127): click_Success->//*[@id="base_box"]/div/div[3]/form/button
[2021-03-17 06:47:21]cl_getDriver.py(127): click_Success->//*[@id="base_box"]/div/div[3]/form/button
[2021-03-17 06:47:21]cl_getDriver.py(127): click_Success->//*[@id="base_box"]/div/div[3]/form/button
[2021-03-17 06:47:21]cl_getDriver.py(72): Open NewTab->https://kabuoji3.com/stock/4082/2007/
[2021-03-17 06:47:21]cl_getDriver.py(72): Open NewTab->https://kabuoji3.com/stock/4088/2008/
[2021-03-17 06:47:23]cl_getDriver.py(127): click_Success->//*[@id="base_box"]/div/div[3]/form/button
[2021-03-17 06:47:23]cl_getDriver.py(127): click_Success->//*[@id="base_box"]/div/div[3]/form/button
[2021-03-17 06:47:25]cl_getDriver.py(127): click_Success->//*[@id="base_box"]/div/div[3]/form/button
[2021-03-17 06:47:25]cl_getDriver.py(127): click_Success->//*[@id="base_box"]/div/div[3]/form/button
[2021-03-17 06:47:26]cl_getDriver.py(72): Open NewTab->https://kabuoji3.com/stock/4082/2006/
[2021-03-17 06:47:26]cl_getDriver.py(72): Open NewTab->https://kabuoji3.com/stock/4088/2007/
[2021-03-17 06:47:27]cl_getDriver.py(127): click_Success->//*[@id="base_box"]/div/div[3]/form/button
[2021-03-17 06:47:27]cl_getDriver.py(127): click_Success->//*[@id="base_box"]/div/div[3]/form/button
[2021-03-17 06:47:29]cl_getDriver.py(127): click_Success->//*[@id="base_box"]/div/div[3]/form/button
[2021-03-17 06:47:29]cl_getDriver.py(127): click_Success->//*[@id="base_box"]/div/div[3]/form/button
[2021-03-17 06:47:30]cl_getDriver.py(72): Open NewTab->https://kabuoji3.com/stock/4082/2005/
[2021-03-17 06:47:30]cl_getDriver.py(72): Open NewTab->https://kabuoji3.com/stock/4088/2006/
[2021-03-17 06:47:32]cl_getDriver.py(127): click_Success->//*[@id="base_box"]/div/div[3]/form/button
[2021-03-17 06:47:32]cl_getDriver.py(127): click_Success->//*[@id="base_box"]/div/div[3]/form/button
[2021-03-17 06:47:34]cl_getDriver.py(127): click_Success->//*[@id="base_box"]/div/div[3]/form/button
[2021-03-17 06:47:34]cl_getDriver.py(127): click_Success->//*[@id="base_box"]/div/div[3]/form/button
[2021-03-17 06:47:35]cl_getDriver.py(72): Open NewTab->https://kabuoji3.com/stock/4082/2004/
[2021-03-17 06:47:35]cl_getDriver.py(72): Open NewTab->https://kabuoji3.com/stock/4088/2005/
[2021-03-17 06:47:36]cl_getDriver.py(127): click_Success->//*[@id="base_box"]/div/div[3]/form/button
[2021-03-17 06:47:36]cl_getDriver.py(127): click_Success->//*[@id="base_box"]/div/div[3]/form/button
[2021-03-17 06:47:38]cl_getDriver.py(127): click_Success->//*[@id="base_box"]/div/div[3]/form/button
[2021-03-17 06:47:38]cl_getDriver.py(127): click_Success->//*[@id="base_box"]/div/div[3]/form/button
[2021-03-17 06:47:39]cl_getDriver.py(72): Open NewTab->https://kabuoji3.com/stock/4088/2004/
[2021-03-17 06:47:40]cl_getDriver.py(127): click_Success->//*[@id="base_box"]/div/div[3]/form/button
[2021-03-17 06:47:42]cl_getDriver.py(127): click_Success->//*[@id="base_box"]/div/div[3]/form/button
[2021-03-17 06:47:42]main.py(42): finished Process->https://kabuoji3.com/stock/4082/
[2021-03-17 06:47:42]main.py(15): start_Process->https://kabuoji3.com/stock/4091/
[2021-03-17 06:47:42]cl_getDriver.py(72): Open NewTab->https://kabuoji3.com/stock/4088/2003/
[2021-03-17 06:47:43]cl_getDriver.py(127): click_Success->//*[@id="base_box"]/div/div[3]/form/button
[2021-03-17 06:47:45]cl_getDriver.py(127): click_Success->//*[@id="base_box"]/div/div[3]/form/button
[2021-03-17 06:47:46]cl_getDriver.py(72): Open NewTab->https://kabuoji3.com/stock/4088/2002/
[2021-03-17 06:47:47]cl_getDriver.py(127): click_Success->//*[@id="base_box"]/div/div[3]/form/button
[2021-03-17 06:47:47]cl_getDriver.py(64): getURL=https://kabuoji3.com/stock/4091/
[2021-03-17 06:47:48]cl_getDriver.py(72): Open NewTab->https://kabuoji3.com/stock/4091/
[2021-03-17 06:47:49]cl_getDriver.py(130): Not Found->//*[@id="base_box"]/div/div[3]/form/button
[2021-03-17 06:47:49]cl_getDriver.py(127): click_Success->//*[@id="base_box"]/div/div[3]/form/button
[2021-03-17 06:47:49]cl_getDriver.py(72): Open NewTab->https://kabuoji3.com/stock/4088/2001/
[2021-03-17 06:47:50]cl_getDriver.py(127): click_Success->//*[@id="base_box"]/div/div[3]/form/button
[2021-03-17 06:47:51]cl_getDriver.py(130): Not Found->//*[@id="base_box"]/div/div[3]/form/button
[2021-03-17 06:47:51]cl_getDriver.py(72): Open NewTab->https://kabuoji3.com/stock/4091/2021/
[2021-03-17 06:47:52]cl_getDriver.py(127): click_Success->//*[@id="base_box"]/div/div[3]/form/button
[2021-03-17 06:47:53]cl_getDriver.py(127): click_Success->//*[@id="base_box"]/div/div[3]/form/button
[2021-03-17 06:47:53]cl_getDriver.py(72): Open NewTab->https://kabuoji3.com/stock/4088/2000/
[2021-03-17 06:47:54]cl_getDriver.py(127): click_Success->//*[@id="base_box"]/div/div[3]/form/button
[2021-03-17 06:47:54]cl_getDriver.py(127): click_Success->//*[@id="base_box"]/div/div[3]/form/button
[2021-03-17 06:47:54]cl_getDriver.py(72): Open NewTab->https://kabuoji3.com/stock/4091/2020/
[2021-03-17 06:47:56]cl_getDriver.py(127): click_Success->//*[@id="base_box"]/div/div[3]/form/button
[2021-03-17 06:47:57]cl_getDriver.py(127): click_Success->//*[@id="base_box"]/div/div[3]/form/button
[2021-03-17 06:47:57]cl_getDriver.py(72): Open NewTab->https://kabuoji3.com/stock/4088/1999/
[2021-03-17 06:47:58]cl_getDriver.py(127): click_Success->//*[@id="base_box"]/div/div[3]/form/button
[2021-03-17 06:47:58]cl_getDriver.py(127): click_Success->//*[@id="base_box"]/div/div[3]/form/button
[2021-03-17 06:47:58]cl_getDriver.py(72): Open NewTab->https://kabuoji3.com/stock/4091/2019/
[2021-03-17 06:47:59]cl_getDriver.py(127): click_Success->//*[@id="base_box"]/div/div[3]/form/button
[2021-03-17 06:48:00]cl_getDriver.py(127): click_Success->//*[@id="base_box"]/div/div[3]/form/button
[2021-03-17 06:48:00]cl_getDriver.py(72): Open NewTab->https://kabuoji3.com/stock/4088/1998/
[2021-03-17 06:48:02]cl_getDriver.py(127): click_Success->//*[@id="base_box"]/div/div[3]/form/button
[2021-03-17 06:48:02]cl_getDriver.py(127): click_Success->//*[@id="base_box"]/div/div[3]/form/button
[2021-03-17 06:48:02]cl_getDriver.py(72): Open NewTab->https://kabuoji3.com/stock/4091/2018/
[2021-03-17 06:48:03]cl_getDriver.py(127): click_Success->//*[@id="base_box"]/div/div[3]/form/button
[2021-03-17 06:48:04]cl_getDriver.py(127): click_Success->//*[@id="base_box"]/div/div[3]/form/button
[2021-03-17 06:48:04]cl_getDriver.py(72): Open NewTab->https://kabuoji3.com/stock/4088/1997/
[2021-03-17 06:48:05]cl_getDriver.py(127): click_Success->//*[@id="base_box"]/div/div[3]/form/button
[2021-03-17 06:48:05]cl_getDriver.py(127): click_Success->//*[@id="base_box"]/div/div[3]/form/button
[2021-03-17 06:48:06]cl_getDriver.py(72): Open NewTab->https://kabuoji3.com/stock/4091/2017/
[2021-03-17 06:48:07]cl_getDriver.py(127): click_Success->//*[@id="base_box"]/div/div[3]/form/button
[2021-03-17 06:48:07]cl_getDriver.py(127): click_Success->//*[@id="base_box"]/div/div[3]/form/button
[2021-03-17 06:48:08]cl_getDriver.py(72): Open NewTab->https://kabuoji3.com/stock/4088/1996/
[2021-03-17 06:48:09]cl_getDriver.py(127): click_Success->//*[@id="base_box"]/div/div[3]/form/button
[2021-03-17 06:48:09]cl_getDriver.py(127): click_Success->//*[@id="base_box"]/div/div[3]/form/button
[2021-03-17 06:48:09]cl_getDriver.py(72): Open NewTab->https://kabuoji3.com/stock/4091/2016/
[2021-03-17 06:48:10]cl_getDriver.py(127): click_Success->//*[@id="base_box"]/div/div[3]/form/button
[2021-03-17 06:48:11]cl_getDriver.py(127): click_Success->//*[@id="base_box"]/div/div[3]/form/button
[2021-03-17 06:48:11]cl_getDriver.py(72): Open NewTab->https://kabuoji3.com/stock/4088/1995/
[2021-03-17 06:48:13]cl_getDriver.py(127): click_Success->//*[@id="base_box"]/div/div[3]/form/button
[2021-03-17 06:48:13]cl_getDriver.py(127): click_Success->//*[@id="base_box"]/div/div[3]/form/button
[2021-03-17 06:48:13]cl_getDriver.py(72): Open NewTab->https://kabuoji3.com/stock/4091/2015/
[2021-03-17 06:48:14]cl_getDriver.py(127): click_Success->//*[@id="base_box"]/div/div[3]/form/button
[2021-03-17 06:48:15]cl_getDriver.py(127): click_Success->//*[@id="base_box"]/div/div[3]/form/button
[2021-03-17 06:48:15]cl_getDriver.py(72): Open NewTab->https://kabuoji3.com/stock/4088/1994/
[2021-03-17 06:48:16]cl_getDriver.py(127): click_Success->//*[@id="base_box"]/div/div[3]/form/button
[2021-03-17 06:48:16]cl_getDriver.py(127): click_Success->//*[@id="base_box"]/div/div[3]/form/button
[2021-03-17 06:48:17]cl_getDriver.py(72): Open NewTab->https://kabuoji3.com/stock/4091/2014/
[2021-03-17 06:48:17]cl_getDriver.py(127): click_Success->//*[@id="base_box"]/div/div[3]/form/button
[2021-03-17 06:48:19]cl_getDriver.py(127): click_Success->//*[@id="base_box"]/div/div[3]/form/button
[2021-03-17 06:48:19]cl_getDriver.py(72): Open NewTab->https://kabuoji3.com/stock/4088/1993/
[2021-03-17 06:48:20]cl_getDriver.py(127): click_Success->//*[@id="base_box"]/div/div[3]/form/button
[2021-03-17 06:48:20]cl_getDriver.py(127): click_Success->//*[@id="base_box"]/div/div[3]/form/button
[2021-03-17 06:48:20]cl_getDriver.py(72): Open NewTab->https://kabuoji3.com/stock/4091/2013/
[2021-03-17 06:48:21]cl_getDriver.py(127): click_Success->//*[@id="base_box"]/div/div[3]/form/button
[2021-03-17 06:48:22]cl_getDriver.py(127): click_Success->//*[@id="base_box"]/div/div[3]/form/button
[2021-03-17 06:48:23]cl_getDriver.py(72): Open NewTab->https://kabuoji3.com/stock/4088/1992/
[2021-03-17 06:48:24]cl_getDriver.py(127): click_Success->//*[@id="base_box"]/div/div[3]/form/button
[2021-03-17 06:48:24]cl_getDriver.py(127): click_Success->//*[@id="base_box"]/div/div[3]/form/button
[2021-03-17 06:48:24]cl_getDriver.py(72): Open NewTab->https://kabuoji3.com/stock/4091/2012/
[2021-03-17 06:48:25]cl_getDriver.py(127): click_Success->//*[@id="base_box"]/div/div[3]/form/button
[2021-03-17 06:48:26]cl_getDriver.py(127): click_Success->//*[@id="base_box"]/div/div[3]/form/button
[2021-03-17 06:48:26]cl_getDriver.py(72): Open NewTab->https://kabuoji3.com/stock/4088/1991/
[2021-03-17 06:48:27]cl_getDriver.py(127): click_Success->//*[@id="base_box"]/div/div[3]/form/button
[2021-03-17 06:48:27]cl_getDriver.py(127): click_Success->//*[@id="base_box"]/div/div[3]/form/button
[2021-03-17 06:48:28]cl_getDriver.py(72): Open NewTab->https://kabuoji3.com/stock/4091/2011/
[2021-03-17 06:48:28]cl_getDriver.py(127): click_Success->//*[@id="base_box"]/div/div[3]/form/button
[2021-03-17 06:48:30]cl_getDriver.py(127): click_Success->//*[@id="base_box"]/div/div[3]/form/button
[2021-03-17 06:48:30]cl_getDriver.py(72): Open NewTab->https://kabuoji3.com/stock/4088/1990/
[2021-03-17 06:48:31]cl_getDriver.py(127): click_Success->//*[@id="base_box"]/div/div[3]/form/button
[2021-03-17 06:48:31]cl_getDriver.py(72): Open NewTab->https://kabuoji3.com/stock/4091/2010/
[2021-03-17 06:48:31]cl_getDriver.py(127): click_Success->//*[@id="base_box"]/div/div[3]/form/button
[2021-03-17 06:48:32]cl_getDriver.py(127): click_Success->//*[@id="base_box"]/div/div[3]/form/button
[2021-03-17 06:48:34]cl_getDriver.py(127): click_Success->//*[@id="base_box"]/div/div[3]/form/button
[2021-03-17 06:48:34]cl_getDriver.py(72): Open NewTab->https://kabuoji3.com/stock/4088/1989/
[2021-03-17 06:48:35]cl_getDriver.py(127): click_Success->//*[@id="base_box"]/div/div[3]/form/button
[2021-03-17 06:48:35]cl_getDriver.py(127): click_Success->//*[@id="base_box"]/div/div[3]/form/button
[2021-03-17 06:48:35]cl_getDriver.py(72): Open NewTab->https://kabuoji3.com/stock/4091/2009/
[2021-03-17 06:48:36]cl_getDriver.py(127): click_Success->//*[@id="base_box"]/div/div[3]/form/button
[2021-03-17 06:48:38]cl_getDriver.py(127): click_Success->//*[@id="base_box"]/div/div[3]/form/button
[2021-03-17 06:48:38]cl_getDriver.py(72): Open NewTab->https://kabuoji3.com/stock/4088/1988/
[2021-03-17 06:48:38]cl_getDriver.py(127): click_Success->//*[@id="base_box"]/div/div[3]/form/button
[2021-03-17 06:48:39]cl_getDriver.py(72): Open NewTab->https://kabuoji3.com/stock/4091/2008/
[2021-03-17 06:48:39]cl_getDriver.py(127): click_Success->//*[@id="base_box"]/div/div[3]/form/button
[2021-03-17 06:48:40]cl_getDriver.py(127): click_Success->//*[@id="base_box"]/div/div[3]/form/button
[2021-03-17 06:48:42]cl_getDriver.py(127): click_Success->//*[@id="base_box"]/div/div[3]/form/button
[2021-03-17 06:48:42]cl_getDriver.py(72): Open NewTab->https://kabuoji3.com/stock/4088/1987/
[2021-03-17 06:48:42]cl_getDriver.py(127): click_Success->//*[@id="base_box"]/div/div[3]/form/button
[2021-03-17 06:48:43]cl_getDriver.py(72): Open NewTab->https://kabuoji3.com/stock/4091/2007/
[2021-03-17 06:48:43]cl_getDriver.py(127): click_Success->//*[@id="base_box"]/div/div[3]/form/button
[2021-03-17 06:48:44]cl_getDriver.py(127): click_Success->//*[@id="base_box"]/div/div[3]/form/button
[2021-03-17 06:48:45]cl_getDriver.py(127): click_Success->//*[@id="base_box"]/div/div[3]/form/button
[2021-03-17 06:48:46]cl_getDriver.py(72): Open NewTab->https://kabuoji3.com/stock/4088/1986/
[2021-03-17 06:48:46]cl_getDriver.py(127): click_Success->//*[@id="base_box"]/div/div[3]/form/button
[2021-03-17 06:48:47]cl_getDriver.py(72): Open NewTab->https://kabuoji3.com/stock/4091/2006/
[2021-03-17 06:48:47]cl_getDriver.py(127): click_Success->//*[@id="base_box"]/div/div[3]/form/button
[2021-03-17 06:48:48]cl_getDriver.py(127): click_Success->//*[@id="base_box"]/div/div[3]/form/button
[2021-03-17 06:48:50]cl_getDriver.py(127): click_Success->//*[@id="base_box"]/div/div[3]/form/button
[2021-03-17 06:48:50]cl_getDriver.py(72): Open NewTab->https://kabuoji3.com/stock/4088/1985/
[2021-03-17 06:48:50]cl_getDriver.py(127): click_Success->//*[@id="base_box"]/div/div[3]/form/button
[2021-03-17 06:48:51]cl_getDriver.py(72): Open NewTab->https://kabuoji3.com/stock/4091/2005/
[2021-03-17 06:48:52]cl_getDriver.py(127): click_Success->//*[@id="base_box"]/div/div[3]/form/button
[2021-03-17 06:48:52]cl_getDriver.py(127): click_Success->//*[@id="base_box"]/div/div[3]/form/button
[2021-03-17 06:48:54]cl_getDriver.py(127): click_Success->//*[@id="base_box"]/div/div[3]/form/button
[2021-03-17 06:48:54]cl_getDriver.py(72): Open NewTab->https://kabuoji3.com/stock/4088/1984/
[2021-03-17 06:48:55]cl_getDriver.py(127): click_Success->//*[@id="base_box"]/div/div[3]/form/button
[2021-03-17 06:48:56]cl_getDriver.py(127): click_Success->//*[@id="base_box"]/div/div[3]/form/button
[2021-03-17 06:48:56]cl_getDriver.py(72): Open NewTab->https://kabuoji3.com/stock/4091/2004/
[2021-03-17 06:48:57]cl_getDriver.py(127): click_Success->//*[@id="base_box"]/div/div[3]/form/button
[2021-03-17 06:48:58]cl_getDriver.py(127): click_Success->//*[@id="base_box"]/div/div[3]/form/button
[2021-03-17 06:48:58]cl_getDriver.py(72): Open NewTab->https://kabuoji3.com/stock/4088/1983/
[2021-03-17 06:48:59]cl_getDriver.py(127): click_Success->//*[@id="base_box"]/div/div[3]/form/button
[2021-03-17 06:49:00]cl_getDriver.py(127): click_Success->//*[@id="base_box"]/div/div[3]/form/button
[2021-03-17 06:49:00]cl_getDriver.py(72): Open NewTab->https://kabuoji3.com/stock/4091/2003/
[2021-03-17 06:49:01]cl_getDriver.py(127): click_Success->//*[@id="base_box"]/div/div[3]/form/button
[2021-03-17 06:49:02]cl_getDriver.py(127): click_Success->//*[@id="base_box"]/div/div[3]/form/button
[2021-03-17 06:49:03]cl_getDriver.py(127): click_Success->//*[@id="base_box"]/div/div[3]/form/button
[2021-03-17 06:49:03]cl_getDriver.py(72): Open NewTab->https://kabuoji3.com/stock/4091/2002/
[2021-03-17 06:49:04]cl_getDriver.py(127): click_Success->//*[@id="base_box"]/div/div[3]/form/button
[2021-03-17 06:49:06]main.py(42): finished Process->https://kabuoji3.com/stock/4088/
[2021-03-17 06:49:06]main.py(15): start_Process->https://kabuoji3.com/stock/4092/
[2021-03-17 06:49:06]cl_getDriver.py(127): click_Success->//*[@id="base_box"]/div/div[3]/form/button
[2021-03-17 06:49:07]cl_getDriver.py(72): Open NewTab->https://kabuoji3.com/stock/4091/2001/
[2021-03-17 06:49:08]cl_getDriver.py(127): click_Success->//*[@id="base_box"]/div/div[3]/form/button
[2021-03-17 06:49:10]cl_getDriver.py(127): click_Success->//*[@id="base_box"]/div/div[3]/form/button
[2021-03-17 06:49:10]cl_getDriver.py(72): Open NewTab->https://kabuoji3.com/stock/4091/2000/
[2021-03-17 06:49:12]cl_getDriver.py(127): click_Success->//*[@id="base_box"]/div/div[3]/form/button
[2021-03-17 06:49:13]cl_getDriver.py(64): getURL=https://kabuoji3.com/stock/4092/
[2021-03-17 06:49:14]cl_getDriver.py(72): Open NewTab->https://kabuoji3.com/stock/4092/
[2021-03-17 06:49:15]cl_getDriver.py(130): Not Found->//*[@id="base_box"]/div/div[3]/form/button
[2021-03-17 06:49:15]cl_getDriver.py(127): click_Success->//*[@id="base_box"]/div/div[3]/form/button
[2021-03-17 06:49:15]cl_getDriver.py(72): Open NewTab->https://kabuoji3.com/stock/4091/1999/
[2021-03-17 06:49:16]cl_getDriver.py(127): click_Success->//*[@id="base_box"]/div/div[3]/form/button
[2021-03-17 06:49:17]cl_getDriver.py(130): Not Found->//*[@id="base_box"]/div/div[3]/form/button
[2021-03-17 06:49:17]cl_getDriver.py(72): Open NewTab->https://kabuoji3.com/stock/4092/2021/
[2021-03-17 06:49:18]cl_getDriver.py(127): click_Success->//*[@id="base_box"]/div/div[3]/form/button
[2021-03-17 06:49:18]cl_getDriver.py(127): click_Success->//*[@id="base_box"]/div/div[3]/form/button
[2021-03-17 06:49:19]cl_getDriver.py(72): Open NewTab->https://kabuoji3.com/stock/4091/1998/
[2021-03-17 06:49:20]cl_getDriver.py(127): click_Success->//*[@id="base_box"]/div/div[3]/form/button
[2021-03-17 06:49:20]cl_getDriver.py(127): click_Success->//*[@id="base_box"]/div/div[3]/form/button
[2021-03-17 06:49:20]cl_getDriver.py(72): Open NewTab->https://kabuoji3.com/stock/4092/2020/
[2021-03-17 06:49:21]cl_getDriver.py(127): click_Success->//*[@id="base_box"]/div/div[3]/form/button
[2021-03-17 06:49:22]cl_getDriver.py(127): click_Success->//*[@id="base_box"]/div/div[3]/form/button
[2021-03-17 06:49:22]cl_getDriver.py(72): Open NewTab->https://kabuoji3.com/stock/4091/1997/
[2021-03-17 06:49:23]cl_getDriver.py(127): click_Success->//*[@id="base_box"]/div/div[3]/form/button
[2021-03-17 06:49:24]cl_getDriver.py(127): click_Success->//*[@id="base_box"]/div/div[3]/form/button
[2021-03-17 06:49:24]cl_getDriver.py(72): Open NewTab->https://kabuoji3.com/stock/4092/2019/
[2021-03-17 06:49:25]cl_getDriver.py(127): click_Success->//*[@id="base_box"]/div/div[3]/form/button
[2021-03-17 06:49:26]cl_getDriver.py(127): click_Success->//*[@id="base_box"]/div/div[3]/form/button
[2021-03-17 06:49:26]cl_getDriver.py(72): Open NewTab->https://kabuoji3.com/stock/4091/1996/
[2021-03-17 06:49:27]cl_getDriver.py(127): click_Success->//*[@id="base_box"]/div/div[3]/form/button
[2021-03-17 06:49:27]cl_getDriver.py(127): click_Success->//*[@id="base_box"]/div/div[3]/form/button
[2021-03-17 06:49:28]cl_getDriver.py(72): Open NewTab->https://kabuoji3.com/stock/4092/2018/
[2021-03-17 06:49:29]cl_getDriver.py(127): click_Success->//*[@id="base_box"]/div/div[3]/form/button
[2021-03-17 06:49:29]cl_getDriver.py(127): click_Success->//*[@id="base_box"]/div/div[3]/form/button
[2021-03-17 06:49:30]cl_getDriver.py(72): Open NewTab->https://kabuoji3.com/stock/4091/1995/
[2021-03-17 06:49:31]cl_getDriver.py(127): click_Success->//*[@id="base_box"]/div/div[3]/form/button
[2021-03-17 06:49:31]cl_getDriver.py(127): click_Success->//*[@id="base_box"]/div/div[3]/form/button
[2021-03-17 06:49:31]cl_getDriver.py(72): Open NewTab->https://kabuoji3.com/stock/4092/2017/
[2021-03-17 06:49:32]cl_getDriver.py(127): click_Success->//*[@id="base_box"]/div/div[3]/form/button
[2021-03-17 06:49:33]cl_getDriver.py(127): click_Success->//*[@id="base_box"]/div/div[3]/form/button
[2021-03-17 06:49:33]cl_getDriver.py(72): Open NewTab->https://kabuoji3.com/stock/4091/1994/
[2021-03-17 06:49:34]cl_getDriver.py(127): click_Success->//*[@id="base_box"]/div/div[3]/form/button
[2021-03-17 06:49:34]cl_getDriver.py(127): click_Success->//*[@id="base_box"]/div/div[3]/form/button
[2021-03-17 06:49:35]cl_getDriver.py(72): Open NewTab->https://kabuoji3.com/stock/4092/2016/
[2021-03-17 06:49:36]cl_getDriver.py(127): click_Success->//*[@id="base_box"]/div/div[3]/form/button
[2021-03-17 06:49:36]cl_getDriver.py(127): click_Success->//*[@id="base_box"]/div/div[3]/form/button
[2021-03-17 06:49:37]cl_getDriver.py(72): Open NewTab->https://kabuoji3.com/stock/4091/1993/
[2021-03-17 06:49:38]cl_getDriver.py(127): click_Success->//*[@id="base_box"]/div/div[3]/form/button
[2021-03-17 06:49:38]cl_getDriver.py(127): click_Success->//*[@id="base_box"]/div/div[3]/form/button
[2021-03-17 06:49:38]cl_getDriver.py(72): Open NewTab->https://kabuoji3.com/stock/4092/2015/
[2021-03-17 06:49:39]cl_getDriver.py(127): click_Success->//*[@id="base_box"]/div/div[3]/form/button
[2021-03-17 06:49:40]cl_getDriver.py(127): click_Success->//*[@id="base_box"]/div/div[3]/form/button
[2021-03-17 06:49:40]cl_getDriver.py(72): Open NewTab->https://kabuoji3.com/stock/4091/1992/
[2021-03-17 06:49:41]cl_getDriver.py(127): click_Success->//*[@id="base_box"]/div/div[3]/form/button
[2021-03-17 06:49:42]cl_getDriver.py(127): click_Success->//*[@id="base_box"]/div/div[3]/form/button
[2021-03-17 06:49:42]cl_getDriver.py(72): Open NewTab->https://kabuoji3.com/stock/4092/2014/
[2021-03-17 06:49:43]cl_getDriver.py(127): click_Success->//*[@id="base_box"]/div/div[3]/form/button
[2021-03-17 06:49:44]cl_getDriver.py(127): click_Success->//*[@id="base_box"]/div/div[3]/form/button
[2021-03-17 06:49:44]cl_getDriver.py(72): Open NewTab->https://kabuoji3.com/stock/4091/1991/
[2021-03-17 06:49:45]cl_getDriver.py(127): click_Success->//*[@id="base_box"]/div/div[3]/form/button
[2021-03-17 06:49:45]cl_getDriver.py(127): click_Success->//*[@id="base_box"]/div/div[3]/form/button
[2021-03-17 06:49:46]cl_getDriver.py(72): Open NewTab->https://kabuoji3.com/stock/4092/2013/
[2021-03-17 06:49:47]cl_getDriver.py(127): click_Success->//*[@id="base_box"]/div/div[3]/form/button
[2021-03-17 06:49:47]cl_getDriver.py(127): click_Success->//*[@id="base_box"]/div/div[3]/form/button
[2021-03-17 06:49:47]cl_getDriver.py(72): Open NewTab->https://kabuoji3.com/stock/4091/1990/
[2021-03-17 06:49:48]cl_getDriver.py(127): click_Success->//*[@id="base_box"]/div/div[3]/form/button
[2021-03-17 06:49:49]cl_getDriver.py(127): click_Success->//*[@id="base_box"]/div/div[3]/form/button
[2021-03-17 06:49:49]cl_getDriver.py(72): Open NewTab->https://kabuoji3.com/stock/4092/2012/
[2021-03-17 06:49:50]cl_getDriver.py(127): click_Success->//*[@id="base_box"]/div/div[3]/form/button
[2021-03-17 06:49:51]cl_getDriver.py(127): click_Success->//*[@id="base_box"]/div/div[3]/form/button
[2021-03-17 06:49:51]cl_getDriver.py(72): Open NewTab->https://kabuoji3.com/stock/4091/1989/
[2021-03-17 06:49:52]cl_getDriver.py(127): click_Success->//*[@id="base_box"]/div/div[3]/form/button
[2021-03-17 06:49:53]cl_getDriver.py(127): click_Success->//*[@id="base_box"]/div/div[3]/form/button
[2021-03-17 06:49:53]cl_getDriver.py(72): Open NewTab->https://kabuoji3.com/stock/4092/2011/
[2021-03-17 06:49:55]cl_getDriver.py(127): click_Success->//*[@id="base_box"]/div/div[3]/form/button
[2021-03-17 06:49:55]cl_getDriver.py(72): Open NewTab->https://kabuoji3.com/stock/4091/1988/
[2021-03-17 06:49:57]cl_getDriver.py(127): click_Success->//*[@id="base_box"]/div/div[3]/form/button
[2021-03-17 06:49:57]cl_getDriver.py(127): click_Success->//*[@id="base_box"]/div/div[3]/form/button
[2021-03-17 06:49:59]cl_getDriver.py(127): click_Success->//*[@id="base_box"]/div/div[3]/form/button
[2021-03-17 06:49:59]cl_getDriver.py(127): click_Success->//*[@id="base_box"]/div/div[3]/form/button
[2021-03-17 06:49:59]cl_getDriver.py(72): Open NewTab->https://kabuoji3.com/stock/4092/2010/
[2021-03-17 06:50:00]cl_getDriver.py(72): Open NewTab->https://kabuoji3.com/stock/4091/1987/
[2021-03-17 06:50:01]cl_getDriver.py(127): click_Success->//*[@id="base_box"]/div/div[3]/form/button
[2021-03-17 06:50:01]cl_getDriver.py(127): click_Success->//*[@id="base_box"]/div/div[3]/form/button
[2021-03-17 06:50:03]cl_getDriver.py(127): click_Success->//*[@id="base_box"]/div/div[3]/form/button
[2021-03-17 06:50:03]cl_getDriver.py(72): Open NewTab->https://kabuoji3.com/stock/4092/2009/
[2021-03-17 06:50:03]cl_getDriver.py(127): click_Success->//*[@id="base_box"]/div/div[3]/form/button
[2021-03-17 06:50:04]cl_getDriver.py(72): Open NewTab->https://kabuoji3.com/stock/4091/1986/
[2021-03-17 06:50:05]cl_getDriver.py(127): click_Success->//*[@id="base_box"]/div/div[3]/form/button
[2021-03-17 06:50:05]cl_getDriver.py(127): click_Success->//*[@id="base_box"]/div/div[3]/form/button
[2021-03-17 06:50:07]cl_getDriver.py(127): click_Success->//*[@id="base_box"]/div/div[3]/form/button
[2021-03-17 06:50:07]cl_getDriver.py(72): Open NewTab->https://kabuoji3.com/stock/4092/2008/
[2021-03-17 06:50:07]cl_getDriver.py(127): click_Success->//*[@id="base_box"]/div/div[3]/form/button
[2021-03-17 06:50:08]cl_getDriver.py(72): Open NewTab->https://kabuoji3.com/stock/4091/1985/
[2021-03-17 06:50:09]cl_getDriver.py(127): click_Success->//*[@id="base_box"]/div/div[3]/form/button
[2021-03-17 06:50:09]cl_getDriver.py(127): click_Success->//*[@id="base_box"]/div/div[3]/form/button
[2021-03-17 06:50:11]cl_getDriver.py(127): click_Success->//*[@id="base_box"]/div/div[3]/form/button
[2021-03-17 06:50:11]cl_getDriver.py(72): Open NewTab->https://kabuoji3.com/stock/4092/2007/
[2021-03-17 06:50:12]cl_getDriver.py(127): click_Success->//*[@id="base_box"]/div/div[3]/form/button
[2021-03-17 06:50:12]cl_getDriver.py(72): Open NewTab->https://kabuoji3.com/stock/4091/1984/
[2021-03-17 06:50:13]cl_getDriver.py(127): click_Success->//*[@id="base_box"]/div/div[3]/form/button
[2021-03-17 06:50:14]cl_getDriver.py(127): click_Success->//*[@id="base_box"]/div/div[3]/form/button
[2021-03-17 06:50:15]cl_getDriver.py(127): click_Success->//*[@id="base_box"]/div/div[3]/form/button
[2021-03-17 06:50:15]cl_getDriver.py(72): Open NewTab->https://kabuoji3.com/stock/4092/2006/
[2021-03-17 06:50:16]cl_getDriver.py(127): click_Success->//*[@id="base_box"]/div/div[3]/form/button
[2021-03-17 06:50:16]cl_getDriver.py(72): Open NewTab->https://kabuoji3.com/stock/4091/1983/
[2021-03-17 06:50:17]cl_getDriver.py(127): click_Success->//*[@id="base_box"]/div/div[3]/form/button
[2021-03-17 06:50:18]cl_getDriver.py(127): click_Success->//*[@id="base_box"]/div/div[3]/form/button
[2021-03-17 06:50:19]cl_getDriver.py(127): click_Success->//*[@id="base_box"]/div/div[3]/form/button
[2021-03-17 06:50:20]cl_getDriver.py(72): Open NewTab->https://kabuoji3.com/stock/4092/2005/
[2021-03-17 06:50:20]cl_getDriver.py(127): click_Success->//*[@id="base_box"]/div/div[3]/form/button
[2021-03-17 06:50:21]cl_getDriver.py(127): click_Success->//*[@id="base_box"]/div/div[3]/form/button
[2021-03-17 06:50:23]cl_getDriver.py(127): click_Success->//*[@id="base_box"]/div/div[3]/form/button
[2021-03-17 06:50:23]cl_getDriver.py(72): Open NewTab->https://kabuoji3.com/stock/4092/2004/
[2021-03-17 06:50:24]main.py(42): finished Process->https://kabuoji3.com/stock/4091/
[2021-03-17 06:50:24]main.py(15): start_Process->https://kabuoji3.com/stock/4093/
[2021-03-17 06:50:24]cl_getDriver.py(127): click_Success->//*[@id="base_box"]/div/div[3]/form/button
[2021-03-17 06:50:27]cl_getDriver.py(127): click_Success->//*[@id="base_box"]/div/div[3]/form/button
[2021-03-17 06:50:27]cl_getDriver.py(72): Open NewTab->https://kabuoji3.com/stock/4092/2003/
[2021-03-17 06:50:28]cl_getDriver.py(127): click_Success->//*[@id="base_box"]/div/div[3]/form/button
[2021-03-17 06:50:29]cl_getDriver.py(64): getURL=https://kabuoji3.com/stock/4093/
[2021-03-17 06:50:30]cl_getDriver.py(72): Open NewTab->https://kabuoji3.com/stock/4093/
[2021-03-17 06:50:30]cl_getDriver.py(127): click_Success->//*[@id="base_box"]/div/div[3]/form/button
[2021-03-17 06:50:30]cl_getDriver.py(130): Not Found->//*[@id="base_box"]/div/div[3]/form/button
[2021-03-17 06:50:31]cl_getDriver.py(72): Open NewTab->https://kabuoji3.com/stock/4092/2002/
[2021-03-17 06:50:31]cl_getDriver.py(127): click_Success->//*[@id="base_box"]/div/div[3]/form/button
[2021-03-17 06:50:33]cl_getDriver.py(130): Not Found->//*[@id="base_box"]/div/div[3]/form/button
[2021-03-17 06:50:33]cl_getDriver.py(72): Open NewTab->https://kabuoji3.com/stock/4093/2021/
[2021-03-17 06:50:34]cl_getDriver.py(127): click_Success->//*[@id="base_box"]/div/div[3]/form/button
[2021-03-17 06:50:34]cl_getDriver.py(127): click_Success->//*[@id="base_box"]/div/div[3]/form/button
[2021-03-17 06:50:34]cl_getDriver.py(72): Open NewTab->https://kabuoji3.com/stock/4092/2001/
[2021-03-17 06:50:36]cl_getDriver.py(127): click_Success->//*[@id="base_box"]/div/div[3]/form/button
[2021-03-17 06:50:36]cl_getDriver.py(127): click_Success->//*[@id="base_box"]/div/div[3]/form/button
[2021-03-17 06:50:36]cl_getDriver.py(72): Open NewTab->https://kabuoji3.com/stock/4093/2020/
[2021-03-17 06:50:38]cl_getDriver.py(127): click_Success->//*[@id="base_box"]/div/div[3]/form/button
[2021-03-17 06:50:39]cl_getDriver.py(127): click_Success->//*[@id="base_box"]/div/div[3]/form/button
[2021-03-17 06:50:39]cl_getDriver.py(72): Open NewTab->https://kabuoji3.com/stock/4092/2000/
[2021-03-17 06:50:40]cl_getDriver.py(127): click_Success->//*[@id="base_box"]/div/div[3]/form/button
[2021-03-17 06:50:40]cl_getDriver.py(72): Open NewTab->https://kabuoji3.com/stock/4093/2019/
[2021-03-17 06:50:40]cl_getDriver.py(127): click_Success->//*[@id="base_box"]/div/div[3]/form/button
[2021-03-17 06:50:41]cl_getDriver.py(127): click_Success->//*[@id="base_box"]/div/div[3]/form/button
[2021-03-17 06:50:43]cl_getDriver.py(127): click_Success->//*[@id="base_box"]/div/div[3]/form/button
[2021-03-17 06:50:43]cl_getDriver.py(72): Open NewTab->https://kabuoji3.com/stock/4092/1999/
[2021-03-17 06:50:44]cl_getDriver.py(127): click_Success->//*[@id="base_box"]/div/div[3]/form/button
[2021-03-17 06:50:44]cl_getDriver.py(72): Open NewTab->https://kabuoji3.com/stock/4093/2018/
[2021-03-17 06:50:45]cl_getDriver.py(127): click_Success->//*[@id="base_box"]/div/div[3]/form/button
[2021-03-17 06:50:45]cl_getDriver.py(127): click_Success->//*[@id="base_box"]/div/div[3]/form/button
[2021-03-17 06:50:47]cl_getDriver.py(127): click_Success->//*[@id="base_box"]/div/div[3]/form/button
[2021-03-17 06:50:48]cl_getDriver.py(127): click_Success->//*[@id="base_box"]/div/div[3]/form/button
[2021-03-17 06:50:48]cl_getDriver.py(72): Open NewTab->https://kabuoji3.com/stock/4092/1998/
[2021-03-17 06:50:48]cl_getDriver.py(72): Open NewTab->https://kabuoji3.com/stock/4093/2017/
[2021-03-17 06:50:49]cl_getDriver.py(127): click_Success->//*[@id="base_box"]/div/div[3]/form/button
[2021-03-17 06:50:50]cl_getDriver.py(127): click_Success->//*[@id="base_box"]/div/div[3]/form/button
[2021-03-17 06:50:51]cl_getDriver.py(127): click_Success->//*[@id="base_box"]/div/div[3]/form/button
[2021-03-17 06:50:52]cl_getDriver.py(72): Open NewTab->https://kabuoji3.com/stock/4092/1997/
[2021-03-17 06:50:52]cl_getDriver.py(127): click_Success->//*[@id="base_box"]/div/div[3]/form/button
[2021-03-17 06:50:52]cl_getDriver.py(72): Open NewTab->https://kabuoji3.com/stock/4093/2016/
[2021-03-17 06:50:53]cl_getDriver.py(127): click_Success->//*[@id="base_box"]/div/div[3]/form/button
[2021-03-17 06:50:54]cl_getDriver.py(127): click_Success->//*[@id="base_box"]/div/div[3]/form/button
[2021-03-17 06:50:56]cl_getDriver.py(127): click_Success->//*[@id="base_box"]/div/div[3]/form/button
[2021-03-17 06:50:56]cl_getDriver.py(72): Open NewTab->https://kabuoji3.com/stock/4092/1996/
[2021-03-17 06:50:56]cl_getDriver.py(127): click_Success->//*[@id="base_box"]/div/div[3]/form/button
[2021-03-17 06:50:57]cl_getDriver.py(72): Open NewTab->https://kabuoji3.com/stock/4093/2015/
[2021-03-17 06:50:57]cl_getDriver.py(127): click_Success->//*[@id="base_box"]/div/div[3]/form/button
[2021-03-17 06:50:58]cl_getDriver.py(127): click_Success->//*[@id="base_box"]/div/div[3]/form/button
[2021-03-17 06:51:00]cl_getDriver.py(127): click_Success->//*[@id="base_box"]/div/div[3]/form/button
[2021-03-17 06:51:00]cl_getDriver.py(72): Open NewTab->https://kabuoji3.com/stock/4092/1995/
[2021-03-17 06:51:00]cl_getDriver.py(127): click_Success->//*[@id="base_box"]/div/div[3]/form/button
[2021-03-17 06:51:01]cl_getDriver.py(72): Open NewTab->https://kabuoji3.com/stock/4093/2014/
[2021-03-17 06:51:01]cl_getDriver.py(127): click_Success->//*[@id="base_box"]/div/div[3]/form/button
[2021-03-17 06:51:02]cl_getDriver.py(127): click_Success->//*[@id="base_box"]/div/div[3]/form/button
[2021-03-17 06:51:04]cl_getDriver.py(127): click_Success->//*[@id="base_box"]/div/div[3]/form/button
[2021-03-17 06:51:04]cl_getDriver.py(72): Open NewTab->https://kabuoji3.com/stock/4092/1994/
[2021-03-17 06:51:04]cl_getDriver.py(127): click_Success->//*[@id="base_box"]/div/div[3]/form/button
[2021-03-17 06:51:05]cl_getDriver.py(72): Open NewTab->https://kabuoji3.com/stock/4093/2013/
[2021-03-17 06:51:05]cl_getDriver.py(127): click_Success->//*[@id="base_box"]/div/div[3]/form/button
[2021-03-17 06:51:06]cl_getDriver.py(127): click_Success->//*[@id="base_box"]/div/div[3]/form/button
[2021-03-17 06:51:08]cl_getDriver.py(127): click_Success->//*[@id="base_box"]/div/div[3]/form/button
[2021-03-17 06:51:08]cl_getDriver.py(72): Open NewTab->https://kabuoji3.com/stock/4092/1993/
[2021-03-17 06:51:08]cl_getDriver.py(127): click_Success->//*[@id="base_box"]/div/div[3]/form/button
[2021-03-17 06:51:09]cl_getDriver.py(72): Open NewTab->https://kabuoji3.com/stock/4093/2012/
[2021-03-17 06:51:10]cl_getDriver.py(127): click_Success->//*[@id="base_box"]/div/div[3]/form/button
[2021-03-17 06:51:10]cl_getDriver.py(127): click_Success->//*[@id="base_box"]/div/div[3]/form/button
[2021-03-17 06:51:12]cl_getDriver.py(127): click_Success->//*[@id="base_box"]/div/div[3]/form/button
[2021-03-17 06:51:12]cl_getDriver.py(127): click_Success->//*[@id="base_box"]/div/div[3]/form/button
[2021-03-17 06:51:13]cl_getDriver.py(72): Open NewTab->https://kabuoji3.com/stock/4092/1992/
[2021-03-17 06:51:13]cl_getDriver.py(72): Open NewTab->https://kabuoji3.com/stock/4093/2011/
[2021-03-17 06:51:14]cl_getDriver.py(127): click_Success->//*[@id="base_box"]/div/div[3]/form/button
[2021-03-17 06:51:14]cl_getDriver.py(127): click_Success->//*[@id="base_box"]/div/div[3]/form/button
[2021-03-17 06:51:16]cl_getDriver.py(127): click_Success->//*[@id="base_box"]/div/div[3]/form/button
[2021-03-17 06:51:17]cl_getDriver.py(72): Open NewTab->https://kabuoji3.com/stock/4092/1991/
[2021-03-17 06:51:17]cl_getDriver.py(127): click_Success->//*[@id="base_box"]/div/div[3]/form/button
[2021-03-17 06:51:17]cl_getDriver.py(72): Open NewTab->https://kabuoji3.com/stock/4093/2010/
[2021-03-17 06:51:18]cl_getDriver.py(127): click_Success->//*[@id="base_box"]/div/div[3]/form/button
[2021-03-17 06:51:18]cl_getDriver.py(127): click_Success->//*[@id="base_box"]/div/div[3]/form/button
[2021-03-17 06:51:20]cl_getDriver.py(127): click_Success->//*[@id="base_box"]/div/div[3]/form/button
[2021-03-17 06:51:21]cl_getDriver.py(127): click_Success->//*[@id="base_box"]/div/div[3]/form/button
[2021-03-17 06:51:21]cl_getDriver.py(72): Open NewTab->https://kabuoji3.com/stock/4092/1990/
[2021-03-17 06:51:21]cl_getDriver.py(72): Open NewTab->https://kabuoji3.com/stock/4093/2009/
[2021-03-17 06:51:22]cl_getDriver.py(127): click_Success->//*[@id="base_box"]/div/div[3]/form/button
[2021-03-17 06:51:22]cl_getDriver.py(127): click_Success->//*[@id="base_box"]/div/div[3]/form/button
[2021-03-17 06:51:25]cl_getDriver.py(127): click_Success->//*[@id="base_box"]/div/div[3]/form/button
[2021-03-17 06:51:25]cl_getDriver.py(127): click_Success->//*[@id="base_box"]/div/div[3]/form/button
[2021-03-17 06:51:25]cl_getDriver.py(72): Open NewTab->https://kabuoji3.com/stock/4092/1989/
[2021-03-17 06:51:25]cl_getDriver.py(72): Open NewTab->https://kabuoji3.com/stock/4093/2008/
[2021-03-17 06:51:27]cl_getDriver.py(127): click_Success->//*[@id="base_box"]/div/div[3]/form/button
[2021-03-17 06:51:27]cl_getDriver.py(127): click_Success->//*[@id="base_box"]/div/div[3]/form/button
[2021-03-17 06:51:29]cl_getDriver.py(127): click_Success->//*[@id="base_box"]/div/div[3]/form/button
[2021-03-17 06:51:29]cl_getDriver.py(127): click_Success->//*[@id="base_box"]/div/div[3]/form/button
[2021-03-17 06:51:30]cl_getDriver.py(72): Open NewTab->https://kabuoji3.com/stock/4092/1988/
[2021-03-17 06:51:30]cl_getDriver.py(72): Open NewTab->https://kabuoji3.com/stock/4093/2007/
[2021-03-17 06:51:31]cl_getDriver.py(127): click_Success->//*[@id="base_box"]/div/div[3]/form/button
[2021-03-17 06:51:31]cl_getDriver.py(127): click_Success->//*[@id="base_box"]/div/div[3]/form/button
[2021-03-17 06:51:34]cl_getDriver.py(127): click_Success->//*[@id="base_box"]/div/div[3]/form/button
[2021-03-17 06:51:34]cl_getDriver.py(127): click_Success->//*[@id="base_box"]/div/div[3]/form/button
[2021-03-17 06:51:34]cl_getDriver.py(72): Open NewTab->https://kabuoji3.com/stock/4092/1987/
[2021-03-17 06:51:34]cl_getDriver.py(72): Open NewTab->https://kabuoji3.com/stock/4093/2006/
[2021-03-17 06:51:36]cl_getDriver.py(127): click_Success->//*[@id="base_box"]/div/div[3]/form/button
[2021-03-17 06:51:36]cl_getDriver.py(127): click_Success->//*[@id="base_box"]/div/div[3]/form/button
[2021-03-17 06:51:38]cl_getDriver.py(127): click_Success->//*[@id="base_box"]/div/div[3]/form/button
[2021-03-17 06:51:38]cl_getDriver.py(127): click_Success->//*[@id="base_box"]/div/div[3]/form/button
[2021-03-17 06:51:39]cl_getDriver.py(72): Open NewTab->https://kabuoji3.com/stock/4092/1986/
[2021-03-17 06:51:39]cl_getDriver.py(72): Open NewTab->https://kabuoji3.com/stock/4093/2005/
[2021-03-17 06:51:40]cl_getDriver.py(127): click_Success->//*[@id="base_box"]/div/div[3]/form/button
[2021-03-17 06:51:40]cl_getDriver.py(127): click_Success->//*[@id="base_box"]/div/div[3]/form/button
[2021-03-17 06:51:42]cl_getDriver.py(127): click_Success->//*[@id="base_box"]/div/div[3]/form/button
[2021-03-17 06:51:42]cl_getDriver.py(127): click_Success->//*[@id="base_box"]/div/div[3]/form/button
[2021-03-17 06:51:43]cl_getDriver.py(72): Open NewTab->https://kabuoji3.com/stock/4092/1985/
[2021-03-17 06:51:43]cl_getDriver.py(72): Open NewTab->https://kabuoji3.com/stock/4093/2004/
[2021-03-17 06:51:44]cl_getDriver.py(127): click_Success->//*[@id="base_box"]/div/div[3]/form/button
[2021-03-17 06:51:45]cl_getDriver.py(127): click_Success->//*[@id="base_box"]/div/div[3]/form/button
[2021-03-17 06:51:47]cl_getDriver.py(127): click_Success->//*[@id="base_box"]/div/div[3]/form/button
[2021-03-17 06:51:47]cl_getDriver.py(127): click_Success->//*[@id="base_box"]/div/div[3]/form/button
[2021-03-17 06:51:47]cl_getDriver.py(72): Open NewTab->https://kabuoji3.com/stock/4093/2003/
[2021-03-17 06:51:47]cl_getDriver.py(72): Open NewTab->https://kabuoji3.com/stock/4092/1984/
[2021-03-17 06:51:49]cl_getDriver.py(127): click_Success->//*[@id="base_box"]/div/div[3]/form/button
[2021-03-17 06:51:49]cl_getDriver.py(127): click_Success->//*[@id="base_box"]/div/div[3]/form/button
[2021-03-17 06:51:51]cl_getDriver.py(127): click_Success->//*[@id="base_box"]/div/div[3]/form/button
[2021-03-17 06:51:51]cl_getDriver.py(127): click_Success->//*[@id="base_box"]/div/div[3]/form/button
[2021-03-17 06:51:51]cl_getDriver.py(72): Open NewTab->https://kabuoji3.com/stock/4092/1983/
[2021-03-17 06:51:52]cl_getDriver.py(72): Open NewTab->https://kabuoji3.com/stock/4093/2002/
[2021-03-17 06:51:53]cl_getDriver.py(127): click_Success->//*[@id="base_box"]/div/div[3]/form/button
[2021-03-17 06:51:53]cl_getDriver.py(127): click_Success->//*[@id="base_box"]/div/div[3]/form/button
[2021-03-17 06:51:55]cl_getDriver.py(127): click_Success->//*[@id="base_box"]/div/div[3]/form/button
[2021-03-17 06:51:55]cl_getDriver.py(127): click_Success->//*[@id="base_box"]/div/div[3]/form/button
[2021-03-17 06:51:56]cl_getDriver.py(72): Open NewTab->https://kabuoji3.com/stock/4093/2001/
[2021-03-17 06:51:57]cl_getDriver.py(127): click_Success->//*[@id="base_box"]/div/div[3]/form/button
[2021-03-17 06:51:59]cl_getDriver.py(127): click_Success->//*[@id="base_box"]/div/div[3]/form/button
[2021-03-17 06:51:59]cl_getDriver.py(72): Open NewTab->https://kabuoji3.com/stock/4093/2000/
[2021-03-17 06:52:00]main.py(42): finished Process->https://kabuoji3.com/stock/4092/
[2021-03-17 06:52:00]main.py(15): start_Process->https://kabuoji3.com/stock/4094/
[2021-03-17 06:52:00]cl_getDriver.py(127): click_Success->//*[@id="base_box"]/div/div[3]/form/button
[2021-03-17 06:52:03]cl_getDriver.py(127): click_Success->//*[@id="base_box"]/div/div[3]/form/button
[2021-03-17 06:52:03]cl_getDriver.py(72): Open NewTab->https://kabuoji3.com/stock/4093/1999/
[2021-03-17 06:52:04]cl_getDriver.py(127): click_Success->//*[@id="base_box"]/div/div[3]/form/button
[2021-03-17 06:52:06]cl_getDriver.py(64): getURL=https://kabuoji3.com/stock/4094/
[2021-03-17 06:52:06]cl_getDriver.py(72): Open NewTab->https://kabuoji3.com/stock/4094/
[2021-03-17 06:52:06]cl_getDriver.py(127): click_Success->//*[@id="base_box"]/div/div[3]/form/button
[2021-03-17 06:52:07]cl_getDriver.py(72): Open NewTab->https://kabuoji3.com/stock/4093/1998/
[2021-03-17 06:52:07]cl_getDriver.py(130): Not Found->//*[@id="base_box"]/div/div[3]/form/button
[2021-03-17 06:52:08]cl_getDriver.py(127): click_Success->//*[@id="base_box"]/div/div[3]/form/button
[2021-03-17 06:52:09]cl_getDriver.py(130): Not Found->//*[@id="base_box"]/div/div[3]/form/button
[2021-03-17 06:52:09]cl_getDriver.py(72): Open NewTab->https://kabuoji3.com/stock/4094/2021/
[2021-03-17 06:52:10]cl_getDriver.py(127): click_Success->//*[@id="base_box"]/div/div[3]/form/button
[2021-03-17 06:52:10]cl_getDriver.py(127): click_Success->//*[@id="base_box"]/div/div[3]/form/button
[2021-03-17 06:52:11]cl_getDriver.py(72): Open NewTab->https://kabuoji3.com/stock/4093/1997/
[2021-03-17 06:52:12]cl_getDriver.py(127): click_Success->//*[@id="base_box"]/div/div[3]/form/button
[2021-03-17 06:52:13]cl_getDriver.py(127): click_Success->//*[@id="base_box"]/div/div[3]/form/button
[2021-03-17 06:52:13]cl_getDriver.py(72): Open NewTab->https://kabuoji3.com/stock/4094/2020/
[2021-03-17 06:52:14]cl_getDriver.py(127): click_Success->//*[@id="base_box"]/div/div[3]/form/button
[2021-03-17 06:52:14]cl_getDriver.py(127): click_Success->//*[@id="base_box"]/div/div[3]/form/button
[2021-03-17 06:52:14]cl_getDriver.py(72): Open NewTab->https://kabuoji3.com/stock/4093/1996/
[2021-03-17 06:52:15]cl_getDriver.py(127): click_Success->//*[@id="base_box"]/div/div[3]/form/button
[2021-03-17 06:52:16]cl_getDriver.py(127): click_Success->//*[@id="base_box"]/div/div[3]/form/button
[2021-03-17 06:52:17]cl_getDriver.py(72): Open NewTab->https://kabuoji3.com/stock/4094/2019/
[2021-03-17 06:52:18]cl_getDriver.py(127): click_Success->//*[@id="base_box"]/div/div[3]/form/button
[2021-03-17 06:52:18]cl_getDriver.py(127): click_Success->//*[@id="base_box"]/div/div[3]/form/button
[2021-03-17 06:52:18]cl_getDriver.py(72): Open NewTab->https://kabuoji3.com/stock/4093/1995/
[2021-03-17 06:52:19]cl_getDriver.py(127): click_Success->//*[@id="base_box"]/div/div[3]/form/button
[2021-03-17 06:52:20]cl_getDriver.py(127): click_Success->//*[@id="base_box"]/div/div[3]/form/button
[2021-03-17 06:52:21]cl_getDriver.py(72): Open NewTab->https://kabuoji3.com/stock/4094/2018/
[2021-03-17 06:52:21]cl_getDriver.py(127): click_Success->//*[@id="base_box"]/div/div[3]/form/button
[2021-03-17 06:52:22]cl_getDriver.py(72): Open NewTab->https://kabuoji3.com/stock/4093/1994/
[2021-03-17 06:52:22]cl_getDriver.py(127): click_Success->//*[@id="base_box"]/div/div[3]/form/button
[2021-03-17 06:52:23]cl_getDriver.py(127): click_Success->//*[@id="base_box"]/div/div[3]/form/button
[2021-03-17 06:52:24]cl_getDriver.py(127): click_Success->//*[@id="base_box"]/div/div[3]/form/button
[2021-03-17 06:52:25]cl_getDriver.py(72): Open NewTab->https://kabuoji3.com/stock/4094/2017/
[2021-03-17 06:52:25]cl_getDriver.py(127): click_Success->//*[@id="base_box"]/div/div[3]/form/button
[2021-03-17 06:52:26]cl_getDriver.py(72): Open NewTab->https://kabuoji3.com/stock/4093/1993/
[2021-03-17 06:52:26]cl_getDriver.py(127): click_Success->//*[@id="base_box"]/div/div[3]/form/button
[2021-03-17 06:52:27]cl_getDriver.py(127): click_Success->//*[@id="base_box"]/div/div[3]/form/button
[2021-03-17 06:52:28]cl_getDriver.py(127): click_Success->//*[@id="base_box"]/div/div[3]/form/button
[2021-03-17 06:52:29]cl_getDriver.py(72): Open NewTab->https://kabuoji3.com/stock/4094/2016/
[2021-03-17 06:52:29]cl_getDriver.py(127): click_Success->//*[@id="base_box"]/div/div[3]/form/button
[2021-03-17 06:52:30]cl_getDriver.py(72): Open NewTab->https://kabuoji3.com/stock/4093/1992/
[2021-03-17 06:52:30]cl_getDriver.py(127): click_Success->//*[@id="base_box"]/div/div[3]/form/button
[2021-03-17 06:52:31]cl_getDriver.py(127): click_Success->//*[@id="base_box"]/div/div[3]/form/button
[2021-03-17 06:52:32]cl_getDriver.py(127): click_Success->//*[@id="base_box"]/div/div[3]/form/button
[2021-03-17 06:52:33]cl_getDriver.py(72): Open NewTab->https://kabuoji3.com/stock/4094/2015/
[2021-03-17 06:52:33]cl_getDriver.py(127): click_Success->//*[@id="base_box"]/div/div[3]/form/button
[2021-03-17 06:52:33]cl_getDriver.py(72): Open NewTab->https://kabuoji3.com/stock/4093/1991/
[2021-03-17 06:52:34]cl_getDriver.py(127): click_Success->//*[@id="base_box"]/div/div[3]/form/button
[2021-03-17 06:52:35]cl_getDriver.py(127): click_Success->//*[@id="base_box"]/div/div[3]/form/button
[2021-03-17 06:52:37]cl_getDriver.py(127): click_Success->//*[@id="base_box"]/div/div[3]/form/button
[2021-03-17 06:52:37]cl_getDriver.py(72): Open NewTab->https://kabuoji3.com/stock/4094/2014/
[2021-03-17 06:52:37]cl_getDriver.py(127): click_Success->//*[@id="base_box"]/div/div[3]/form/button
[2021-03-17 06:52:38]cl_getDriver.py(72): Open NewTab->https://kabuoji3.com/stock/4093/1990/
[2021-03-17 06:52:38]cl_getDriver.py(127): click_Success->//*[@id="base_box"]/div/div[3]/form/button
[2021-03-17 06:52:39]cl_getDriver.py(127): click_Success->//*[@id="base_box"]/div/div[3]/form/button
[2021-03-17 06:52:41]cl_getDriver.py(127): click_Success->//*[@id="base_box"]/div/div[3]/form/button
[2021-03-17 06:52:41]cl_getDriver.py(127): click_Success->//*[@id="base_box"]/div/div[3]/form/button
[2021-03-17 06:52:41]cl_getDriver.py(72): Open NewTab->https://kabuoji3.com/stock/4094/2013/
[2021-03-17 06:52:42]cl_getDriver.py(72): Open NewTab->https://kabuoji3.com/stock/4093/1989/
[2021-03-17 06:52:43]cl_getDriver.py(127): click_Success->//*[@id="base_box"]/div/div[3]/form/button
[2021-03-17 06:52:43]cl_getDriver.py(127): click_Success->//*[@id="base_box"]/div/div[3]/form/button
[2021-03-17 06:52:45]cl_getDriver.py(127): click_Success->//*[@id="base_box"]/div/div[3]/form/button
[2021-03-17 06:52:45]cl_getDriver.py(72): Open NewTab->https://kabuoji3.com/stock/4094/2012/
[2021-03-17 06:52:45]cl_getDriver.py(127): click_Success->//*[@id="base_box"]/div/div[3]/form/button
[2021-03-17 06:52:46]cl_getDriver.py(72): Open NewTab->https://kabuoji3.com/stock/4093/1988/
[2021-03-17 06:52:47]cl_getDriver.py(127): click_Success->//*[@id="base_box"]/div/div[3]/form/button
[2021-03-17 06:52:47]cl_getDriver.py(127): click_Success->//*[@id="base_box"]/div/div[3]/form/button
[2021-03-17 06:52:49]cl_getDriver.py(127): click_Success->//*[@id="base_box"]/div/div[3]/form/button
[2021-03-17 06:52:49]cl_getDriver.py(72): Open NewTab->https://kabuoji3.com/stock/4094/2011/
[2021-03-17 06:52:49]cl_getDriver.py(127): click_Success->//*[@id="base_box"]/div/div[3]/form/button
[2021-03-17 06:52:50]cl_getDriver.py(72): Open NewTab->https://kabuoji3.com/stock/4093/1987/
[2021-03-17 06:52:51]cl_getDriver.py(127): click_Success->//*[@id="base_box"]/div/div[3]/form/button
[2021-03-17 06:52:51]cl_getDriver.py(127): click_Success->//*[@id="base_box"]/div/div[3]/form/button
[2021-03-17 06:52:53]cl_getDriver.py(127): click_Success->//*[@id="base_box"]/div/div[3]/form/button
[2021-03-17 06:52:53]cl_getDriver.py(72): Open NewTab->https://kabuoji3.com/stock/4094/2010/
[2021-03-17 06:52:54]cl_getDriver.py(127): click_Success->//*[@id="base_box"]/div/div[3]/form/button
[2021-03-17 06:52:54]cl_getDriver.py(72): Open NewTab->https://kabuoji3.com/stock/4093/1986/
[2021-03-17 06:52:55]cl_getDriver.py(127): click_Success->//*[@id="base_box"]/div/div[3]/form/button
[2021-03-17 06:52:55]cl_getDriver.py(127): click_Success->//*[@id="base_box"]/div/div[3]/form/button
[2021-03-17 06:52:57]cl_getDriver.py(127): click_Success->//*[@id="base_box"]/div/div[3]/form/button
[2021-03-17 06:52:58]cl_getDriver.py(72): Open NewTab->https://kabuoji3.com/stock/4094/2009/
[2021-03-17 06:52:58]cl_getDriver.py(127): click_Success->//*[@id="base_box"]/div/div[3]/form/button
[2021-03-17 06:52:58]cl_getDriver.py(72): Open NewTab->https://kabuoji3.com/stock/4093/1985/
[2021-03-17 06:52:59]cl_getDriver.py(127): click_Success->//*[@id="base_box"]/div/div[3]/form/button
[2021-03-17 06:52:59]cl_getDriver.py(127): click_Success->//*[@id="base_box"]/div/div[3]/form/button
[2021-03-17 06:53:01]cl_getDriver.py(127): click_Success->//*[@id="base_box"]/div/div[3]/form/button
[2021-03-17 06:53:02]cl_getDriver.py(72): Open NewTab->https://kabuoji3.com/stock/4094/2008/
[2021-03-17 06:53:02]cl_getDriver.py(127): click_Success->//*[@id="base_box"]/div/div[3]/form/button
[2021-03-17 06:53:02]cl_getDriver.py(72): Open NewTab->https://kabuoji3.com/stock/4093/1984/
[2021-03-17 06:53:03]cl_getDriver.py(127): click_Success->//*[@id="base_box"]/div/div[3]/form/button
[2021-03-17 06:53:04]cl_getDriver.py(127): click_Success->//*[@id="base_box"]/div/div[3]/form/button
[2021-03-17 06:53:06]cl_getDriver.py(127): click_Success->//*[@id="base_box"]/div/div[3]/form/button
[2021-03-17 06:53:06]cl_getDriver.py(72): Open NewTab->https://kabuoji3.com/stock/4094/2007/
[2021-03-17 06:53:06]cl_getDriver.py(127): click_Success->//*[@id="base_box"]/div/div[3]/form/button
[2021-03-17 06:53:07]cl_getDriver.py(72): Open NewTab->https://kabuoji3.com/stock/4093/1983/
[2021-03-17 06:53:07]cl_getDriver.py(127): click_Success->//*[@id="base_box"]/div/div[3]/form/button
[2021-03-17 06:53:09]cl_getDriver.py(127): click_Success->//*[@id="base_box"]/div/div[3]/form/button
[2021-03-17 06:53:10]cl_getDriver.py(127): click_Success->//*[@id="base_box"]/div/div[3]/form/button
[2021-03-17 06:53:10]cl_getDriver.py(72): Open NewTab->https://kabuoji3.com/stock/4094/2006/
[2021-03-17 06:53:11]cl_getDriver.py(127): click_Success->//*[@id="base_box"]/div/div[3]/form/button
[2021-03-17 06:53:11]cl_getDriver.py(127): click_Success->//*[@id="base_box"]/div/div[3]/form/button
[2021-03-17 06:53:13]cl_getDriver.py(127): click_Success->//*[@id="base_box"]/div/div[3]/form/button
[2021-03-17 06:53:13]cl_getDriver.py(72): Open NewTab->https://kabuoji3.com/stock/4094/2005/
[2021-03-17 06:53:14]cl_getDriver.py(127): click_Success->//*[@id="base_box"]/div/div[3]/form/button
[2021-03-17 06:53:15]main.py(42): finished Process->https://kabuoji3.com/stock/4093/
[2021-03-17 06:53:15]main.py(15): start_Process->https://kabuoji3.com/stock/4095/
[2021-03-17 06:53:17]cl_getDriver.py(127): click_Success->//*[@id="base_box"]/div/div[3]/form/button
[2021-03-17 06:53:17]cl_getDriver.py(72): Open NewTab->https://kabuoji3.com/stock/4094/2004/
[2021-03-17 06:53:19]cl_getDriver.py(127): click_Success->//*[@id="base_box"]/div/div[3]/form/button
[2021-03-17 06:53:21]cl_getDriver.py(64): getURL=https://kabuoji3.com/stock/4095/
[2021-03-17 06:53:21]cl_getDriver.py(127): click_Success->//*[@id="base_box"]/div/div[3]/form/button
[2021-03-17 06:53:21]cl_getDriver.py(72): Open NewTab->https://kabuoji3.com/stock/4094/2003/
[2021-03-17 06:53:22]cl_getDriver.py(72): Open NewTab->https://kabuoji3.com/stock/4095/
[2021-03-17 06:53:23]cl_getDriver.py(127): click_Success->//*[@id="base_box"]/div/div[3]/form/button
[2021-03-17 06:53:23]cl_getDriver.py(130): Not Found->//*[@id="base_box"]/div/div[3]/form/button
[2021-03-17 06:53:25]cl_getDriver.py(130): Not Found->//*[@id="base_box"]/div/div[3]/form/button
[2021-03-17 06:53:25]cl_getDriver.py(127): click_Success->//*[@id="base_box"]/div/div[3]/form/button
[2021-03-17 06:53:25]cl_getDriver.py(72): Open NewTab->https://kabuoji3.com/stock/4095/2021/
[2021-03-17 06:53:25]cl_getDriver.py(72): Open NewTab->https://kabuoji3.com/stock/4094/2002/
[2021-03-17 06:53:26]cl_getDriver.py(127): click_Success->//*[@id="base_box"]/div/div[3]/form/button
[2021-03-17 06:53:27]cl_getDriver.py(127): click_Success->//*[@id="base_box"]/div/div[3]/form/button
[2021-03-17 06:53:29]cl_getDriver.py(127): click_Success->//*[@id="base_box"]/div/div[3]/form/button
[2021-03-17 06:53:29]cl_getDriver.py(127): click_Success->//*[@id="base_box"]/div/div[3]/form/button
[2021-03-17 06:53:29]cl_getDriver.py(72): Open NewTab->https://kabuoji3.com/stock/4095/2020/
[2021-03-17 06:53:30]cl_getDriver.py(72): Open NewTab->https://kabuoji3.com/stock/4094/2001/
[2021-03-17 06:53:30]cl_getDriver.py(127): click_Success->//*[@id="base_box"]/div/div[3]/form/button
[2021-03-17 06:53:31]cl_getDriver.py(127): click_Success->//*[@id="base_box"]/div/div[3]/form/button
[2021-03-17 06:53:33]cl_getDriver.py(127): click_Success->//*[@id="base_box"]/div/div[3]/form/button
[2021-03-17 06:53:33]cl_getDriver.py(127): click_Success->//*[@id="base_box"]/div/div[3]/form/button
[2021-03-17 06:53:34]cl_getDriver.py(72): Open NewTab->https://kabuoji3.com/stock/4095/2019/
[2021-03-17 06:53:34]cl_getDriver.py(72): Open NewTab->https://kabuoji3.com/stock/4094/2000/
[2021-03-17 06:53:35]cl_getDriver.py(127): click_Success->//*[@id="base_box"]/div/div[3]/form/button
[2021-03-17 06:53:35]cl_getDriver.py(127): click_Success->//*[@id="base_box"]/div/div[3]/form/button
[2021-03-17 06:53:37]cl_getDriver.py(127): click_Success->//*[@id="base_box"]/div/div[3]/form/button
[2021-03-17 06:53:37]cl_getDriver.py(127): click_Success->//*[@id="base_box"]/div/div[3]/form/button
[2021-03-17 06:53:38]cl_getDriver.py(72): Open NewTab->https://kabuoji3.com/stock/4094/1999/
[2021-03-17 06:53:38]cl_getDriver.py(72): Open NewTab->https://kabuoji3.com/stock/4095/2018/
[2021-03-17 06:53:39]cl_getDriver.py(127): click_Success->//*[@id="base_box"]/div/div[3]/form/button
[2021-03-17 06:53:39]cl_getDriver.py(127): click_Success->//*[@id="base_box"]/div/div[3]/form/button
[2021-03-17 06:53:41]cl_getDriver.py(127): click_Success->//*[@id="base_box"]/div/div[3]/form/button
[2021-03-17 06:53:41]cl_getDriver.py(127): click_Success->//*[@id="base_box"]/div/div[3]/form/button
[2021-03-17 06:53:42]cl_getDriver.py(72): Open NewTab->https://kabuoji3.com/stock/4095/2017/
[2021-03-17 06:53:42]cl_getDriver.py(72): Open NewTab->https://kabuoji3.com/stock/4094/1998/
[2021-03-17 06:53:43]cl_getDriver.py(127): click_Success->//*[@id="base_box"]/div/div[3]/form/button
[2021-03-17 06:53:43]cl_getDriver.py(127): click_Success->//*[@id="base_box"]/div/div[3]/form/button
[2021-03-17 06:53:45]cl_getDriver.py(127): click_Success->//*[@id="base_box"]/div/div[3]/form/button
[2021-03-17 06:53:46]cl_getDriver.py(127): click_Success->//*[@id="base_box"]/div/div[3]/form/button
[2021-03-17 06:53:46]cl_getDriver.py(72): Open NewTab->https://kabuoji3.com/stock/4094/1997/
[2021-03-17 06:53:46]cl_getDriver.py(72): Open NewTab->https://kabuoji3.com/stock/4095/2016/
[2021-03-17 06:53:48]cl_getDriver.py(127): click_Success->//*[@id="base_box"]/div/div[3]/form/button
[2021-03-17 06:53:48]cl_getDriver.py(127): click_Success->//*[@id="base_box"]/div/div[3]/form/button
[2021-03-17 06:53:50]cl_getDriver.py(127): click_Success->//*[@id="base_box"]/div/div[3]/form/button
[2021-03-17 06:53:50]cl_getDriver.py(127): click_Success->//*[@id="base_box"]/div/div[3]/form/button
[2021-03-17 06:53:51]cl_getDriver.py(72): Open NewTab->https://kabuoji3.com/stock/4094/1996/
[2021-03-17 06:53:51]cl_getDriver.py(72): Open NewTab->https://kabuoji3.com/stock/4095/2015/
[2021-03-17 06:53:52]cl_getDriver.py(127): click_Success->//*[@id="base_box"]/div/div[3]/form/button
[2021-03-17 06:53:52]cl_getDriver.py(127): click_Success->//*[@id="base_box"]/div/div[3]/form/button
[2021-03-17 06:53:54]cl_getDriver.py(127): click_Success->//*[@id="base_box"]/div/div[3]/form/button
[2021-03-17 06:53:54]cl_getDriver.py(127): click_Success->//*[@id="base_box"]/div/div[3]/form/button
[2021-03-17 06:53:55]cl_getDriver.py(72): Open NewTab->https://kabuoji3.com/stock/4094/1995/
[2021-03-17 06:53:55]cl_getDriver.py(72): Open NewTab->https://kabuoji3.com/stock/4095/2014/
[2021-03-17 06:53:56]cl_getDriver.py(127): click_Success->//*[@id="base_box"]/div/div[3]/form/button
[2021-03-17 06:53:56]cl_getDriver.py(127): click_Success->//*[@id="base_box"]/div/div[3]/form/button
[2021-03-17 06:53:58]cl_getDriver.py(127): click_Success->//*[@id="base_box"]/div/div[3]/form/button
[2021-03-17 06:53:58]cl_getDriver.py(127): click_Success->//*[@id="base_box"]/div/div[3]/form/button
[2021-03-17 06:53:59]cl_getDriver.py(72): Open NewTab->https://kabuoji3.com/stock/4094/1994/
[2021-03-17 06:53:59]cl_getDriver.py(72): Open NewTab->https://kabuoji3.com/stock/4095/2013/
[2021-03-17 06:54:00]cl_getDriver.py(127): click_Success->//*[@id="base_box"]/div/div[3]/form/button
[2021-03-17 06:54:00]cl_getDriver.py(127): click_Success->//*[@id="base_box"]/div/div[3]/form/button
[2021-03-17 06:54:03]cl_getDriver.py(127): click_Success->//*[@id="base_box"]/div/div[3]/form/button
[2021-03-17 06:54:03]cl_getDriver.py(127): click_Success->//*[@id="base_box"]/div/div[3]/form/button
[2021-03-17 06:54:03]cl_getDriver.py(72): Open NewTab->https://kabuoji3.com/stock/4095/2012/
[2021-03-17 06:54:03]cl_getDriver.py(72): Open NewTab->https://kabuoji3.com/stock/4094/1993/
[2021-03-17 06:54:05]cl_getDriver.py(127): click_Success->//*[@id="base_box"]/div/div[3]/form/button
[2021-03-17 06:54:05]cl_getDriver.py(127): click_Success->//*[@id="base_box"]/div/div[3]/form/button
[2021-03-17 06:54:07]cl_getDriver.py(127): click_Success->//*[@id="base_box"]/div/div[3]/form/button
[2021-03-17 06:54:07]cl_getDriver.py(127): click_Success->//*[@id="base_box"]/div/div[3]/form/button
[2021-03-17 06:54:07]cl_getDriver.py(72): Open NewTab->https://kabuoji3.com/stock/4094/1992/
[2021-03-17 06:54:08]cl_getDriver.py(72): Open NewTab->https://kabuoji3.com/stock/4095/2011/
[2021-03-17 06:54:09]cl_getDriver.py(127): click_Success->//*[@id="base_box"]/div/div[3]/form/button
[2021-03-17 06:54:09]cl_getDriver.py(127): click_Success->//*[@id="base_box"]/div/div[3]/form/button
[2021-03-17 06:54:11]cl_getDriver.py(127): click_Success->//*[@id="base_box"]/div/div[3]/form/button
[2021-03-17 06:54:11]cl_getDriver.py(127): click_Success->//*[@id="base_box"]/div/div[3]/form/button
[2021-03-17 06:54:11]cl_getDriver.py(72): Open NewTab->https://kabuoji3.com/stock/4094/1991/
[2021-03-17 06:54:12]cl_getDriver.py(72): Open NewTab->https://kabuoji3.com/stock/4095/2010/
[2021-03-17 06:54:13]cl_getDriver.py(127): click_Success->//*[@id="base_box"]/div/div[3]/form/button
[2021-03-17 06:54:13]cl_getDriver.py(127): click_Success->//*[@id="base_box"]/div/div[3]/form/button
[2021-03-17 06:54:15]cl_getDriver.py(127): click_Success->//*[@id="base_box"]/div/div[3]/form/button
[2021-03-17 06:54:15]cl_getDriver.py(72): Open NewTab->https://kabuoji3.com/stock/4094/1990/
[2021-03-17 06:54:15]cl_getDriver.py(127): click_Success->//*[@id="base_box"]/div/div[3]/form/button
[2021-03-17 06:54:16]cl_getDriver.py(72): Open NewTab->https://kabuoji3.com/stock/4095/2009/
[2021-03-17 06:54:17]cl_getDriver.py(127): click_Success->//*[@id="base_box"]/div/div[3]/form/button
[2021-03-17 06:54:17]cl_getDriver.py(127): click_Success->//*[@id="base_box"]/div/div[3]/form/button
[2021-03-17 06:54:19]cl_getDriver.py(127): click_Success->//*[@id="base_box"]/div/div[3]/form/button
[2021-03-17 06:54:19]cl_getDriver.py(72): Open NewTab->https://kabuoji3.com/stock/4094/1989/
[2021-03-17 06:54:19]cl_getDriver.py(127): click_Success->//*[@id="base_box"]/div/div[3]/form/button
[2021-03-17 06:54:20]cl_getDriver.py(72): Open NewTab->https://kabuoji3.com/stock/4095/2008/
[2021-03-17 06:54:21]cl_getDriver.py(127): click_Success->//*[@id="base_box"]/div/div[3]/form/button
[2021-03-17 06:54:21]cl_getDriver.py(127): click_Success->//*[@id="base_box"]/div/div[3]/form/button
[2021-03-17 06:54:23]cl_getDriver.py(127): click_Success->//*[@id="base_box"]/div/div[3]/form/button
[2021-03-17 06:54:24]cl_getDriver.py(72): Open NewTab->https://kabuoji3.com/stock/4094/1988/
[2021-03-17 06:54:24]cl_getDriver.py(127): click_Success->//*[@id="base_box"]/div/div[3]/form/button
[2021-03-17 06:54:24]cl_getDriver.py(72): Open NewTab->https://kabuoji3.com/stock/4095/2007/
[2021-03-17 06:54:25]cl_getDriver.py(127): click_Success->//*[@id="base_box"]/div/div[3]/form/button
[2021-03-17 06:54:25]cl_getDriver.py(127): click_Success->//*[@id="base_box"]/div/div[3]/form/button
[2021-03-17 06:54:27]cl_getDriver.py(127): click_Success->//*[@id="base_box"]/div/div[3]/form/button
[2021-03-17 06:54:28]cl_getDriver.py(72): Open NewTab->https://kabuoji3.com/stock/4094/1987/
[2021-03-17 06:54:28]cl_getDriver.py(127): click_Success->//*[@id="base_box"]/div/div[3]/form/button
[2021-03-17 06:54:28]cl_getDriver.py(72): Open NewTab->https://kabuoji3.com/stock/4095/2006/
[2021-03-17 06:54:29]cl_getDriver.py(127): click_Success->//*[@id="base_box"]/div/div[3]/form/button
[2021-03-17 06:54:30]cl_getDriver.py(127): click_Success->//*[@id="base_box"]/div/div[3]/form/button
[2021-03-17 06:54:32]cl_getDriver.py(127): click_Success->//*[@id="base_box"]/div/div[3]/form/button
[2021-03-17 06:54:32]cl_getDriver.py(72): Open NewTab->https://kabuoji3.com/stock/4094/1986/
[2021-03-17 06:54:32]cl_getDriver.py(127): click_Success->//*[@id="base_box"]/div/div[3]/form/button
[2021-03-17 06:54:33]cl_getDriver.py(72): Open NewTab->https://kabuoji3.com/stock/4095/2005/
[2021-03-17 06:54:33]cl_getDriver.py(127): click_Success->//*[@id="base_box"]/div/div[3]/form/button
[2021-03-17 06:54:34]cl_getDriver.py(127): click_Success->//*[@id="base_box"]/div/div[3]/form/button
[2021-03-17 06:54:36]cl_getDriver.py(127): click_Success->//*[@id="base_box"]/div/div[3]/form/button
[2021-03-17 06:54:36]cl_getDriver.py(72): Open NewTab->https://kabuoji3.com/stock/4094/1985/
[2021-03-17 06:54:36]cl_getDriver.py(127): click_Success->//*[@id="base_box"]/div/div[3]/form/button
[2021-03-17 06:54:37]cl_getDriver.py(72): Open NewTab->https://kabuoji3.com/stock/4095/2004/
[2021-03-17 06:54:38]cl_getDriver.py(127): click_Success->//*[@id="base_box"]/div/div[3]/form/button
[2021-03-17 06:54:38]cl_getDriver.py(127): click_Success->//*[@id="base_box"]/div/div[3]/form/button
[2021-03-17 06:54:40]cl_getDriver.py(127): click_Success->//*[@id="base_box"]/div/div[3]/form/button
[2021-03-17 06:54:40]cl_getDriver.py(72): Open NewTab->https://kabuoji3.com/stock/4094/1984/
[2021-03-17 06:54:40]cl_getDriver.py(127): click_Success->//*[@id="base_box"]/div/div[3]/form/button
[2021-03-17 06:54:41]cl_getDriver.py(72): Open NewTab->https://kabuoji3.com/stock/4095/2003/
[2021-03-17 06:54:42]cl_getDriver.py(127): click_Success->//*[@id="base_box"]/div/div[3]/form/button
[2021-03-17 06:54:42]cl_getDriver.py(127): click_Success->//*[@id="base_box"]/div/div[3]/form/button
[2021-03-17 06:54:44]cl_getDriver.py(127): click_Success->//*[@id="base_box"]/div/div[3]/form/button
[2021-03-17 06:54:44]cl_getDriver.py(72): Open NewTab->https://kabuoji3.com/stock/4094/1983/
[2021-03-17 06:54:45]cl_getDriver.py(127): click_Success->//*[@id="base_box"]/div/div[3]/form/button
[2021-03-17 06:54:45]cl_getDriver.py(72): Open NewTab->https://kabuoji3.com/stock/4095/2002/
[2021-03-17 06:54:46]cl_getDriver.py(127): click_Success->//*[@id="base_box"]/div/div[3]/form/button
[2021-03-17 06:54:46]cl_getDriver.py(127): click_Success->//*[@id="base_box"]/div/div[3]/form/button
[2021-03-17 06:54:48]cl_getDriver.py(127): click_Success->//*[@id="base_box"]/div/div[3]/form/button
[2021-03-17 06:54:48]cl_getDriver.py(127): click_Success->//*[@id="base_box"]/div/div[3]/form/button
[2021-03-17 06:54:49]cl_getDriver.py(72): Open NewTab->https://kabuoji3.com/stock/4095/2001/
[2021-03-17 06:54:50]cl_getDriver.py(127): click_Success->//*[@id="base_box"]/div/div[3]/form/button
[2021-03-17 06:54:52]cl_getDriver.py(127): click_Success->//*[@id="base_box"]/div/div[3]/form/button
[2021-03-17 06:54:52]cl_getDriver.py(72): Open NewTab->https://kabuoji3.com/stock/4095/2000/
[2021-03-17 06:54:53]main.py(42): finished Process->https://kabuoji3.com/stock/4094/
[2021-03-17 06:54:53]main.py(15): start_Process->https://kabuoji3.com/stock/4097/
[2021-03-17 06:54:53]cl_getDriver.py(127): click_Success->//*[@id="base_box"]/div/div[3]/form/button
[2021-03-17 06:54:56]cl_getDriver.py(127): click_Success->//*[@id="base_box"]/div/div[3]/form/button
[2021-03-17 06:54:56]cl_getDriver.py(72): Open NewTab->https://kabuoji3.com/stock/4095/1999/
[2021-03-17 06:54:57]cl_getDriver.py(127): click_Success->//*[@id="base_box"]/div/div[3]/form/button
[2021-03-17 06:54:59]cl_getDriver.py(64): getURL=https://kabuoji3.com/stock/4097/
[2021-03-17 06:54:59]cl_getDriver.py(72): Open NewTab->https://kabuoji3.com/stock/4097/
[2021-03-17 06:54:59]cl_getDriver.py(127): click_Success->//*[@id="base_box"]/div/div[3]/form/button
[2021-03-17 06:55:00]cl_getDriver.py(72): Open NewTab->https://kabuoji3.com/stock/4095/1998/
[2021-03-17 06:55:00]cl_getDriver.py(130): Not Found->//*[@id="base_box"]/div/div[3]/form/button
[2021-03-17 06:55:01]cl_getDriver.py(127): click_Success->//*[@id="base_box"]/div/div[3]/form/button
[2021-03-17 06:55:02]cl_getDriver.py(130): Not Found->//*[@id="base_box"]/div/div[3]/form/button
[2021-03-17 06:55:02]cl_getDriver.py(72): Open NewTab->https://kabuoji3.com/stock/4097/2021/
[2021-03-17 06:55:03]cl_getDriver.py(127): click_Success->//*[@id="base_box"]/div/div[3]/form/button
[2021-03-17 06:55:04]cl_getDriver.py(127): click_Success->//*[@id="base_box"]/div/div[3]/form/button
[2021-03-17 06:55:04]cl_getDriver.py(72): Open NewTab->https://kabuoji3.com/stock/4095/1997/
[2021-03-17 06:55:05]cl_getDriver.py(127): click_Success->//*[@id="base_box"]/div/div[3]/form/button
[2021-03-17 06:55:06]cl_getDriver.py(127): click_Success->//*[@id="base_box"]/div/div[3]/form/button
[2021-03-17 06:55:06]cl_getDriver.py(72): Open NewTab->https://kabuoji3.com/stock/4097/2020/
[2021-03-17 06:55:07]cl_getDriver.py(127): click_Success->//*[@id="base_box"]/div/div[3]/form/button
[2021-03-17 06:55:07]cl_getDriver.py(72): Open NewTab->https://kabuoji3.com/stock/4095/1996/
[2021-03-17 06:55:08]cl_getDriver.py(127): click_Success->//*[@id="base_box"]/div/div[3]/form/button
[2021-03-17 06:55:08]cl_getDriver.py(127): click_Success->//*[@id="base_box"]/div/div[3]/form/button
[2021-03-17 06:55:10]cl_getDriver.py(127): click_Success->//*[@id="base_box"]/div/div[3]/form/button
[2021-03-17 06:55:10]cl_getDriver.py(72): Open NewTab->https://kabuoji3.com/stock/4097/2019/
[2021-03-17 06:55:11]cl_getDriver.py(127): click_Success->//*[@id="base_box"]/div/div[3]/form/button
[2021-03-17 06:55:11]cl_getDriver.py(72): Open NewTab->https://kabuoji3.com/stock/4095/1995/
[2021-03-17 06:55:12]cl_getDriver.py(127): click_Success->//*[@id="base_box"]/div/div[3]/form/button
[2021-03-17 06:55:12]cl_getDriver.py(127): click_Success->//*[@id="base_box"]/div/div[3]/form/button
[2021-03-17 06:55:14]cl_getDriver.py(127): click_Success->//*[@id="base_box"]/div/div[3]/form/button
[2021-03-17 06:55:14]cl_getDriver.py(72): Open NewTab->https://kabuoji3.com/stock/4097/2018/
[2021-03-17 06:55:15]cl_getDriver.py(127): click_Success->//*[@id="base_box"]/div/div[3]/form/button
[2021-03-17 06:55:15]cl_getDriver.py(72): Open NewTab->https://kabuoji3.com/stock/4095/1994/
[2021-03-17 06:55:16]cl_getDriver.py(127): click_Success->//*[@id="base_box"]/div/div[3]/form/button
[2021-03-17 06:55:16]cl_getDriver.py(127): click_Success->//*[@id="base_box"]/div/div[3]/form/button
[2021-03-17 06:55:18]cl_getDriver.py(127): click_Success->//*[@id="base_box"]/div/div[3]/form/button
[2021-03-17 06:55:19]cl_getDriver.py(72): Open NewTab->https://kabuoji3.com/stock/4097/2017/
[2021-03-17 06:55:19]cl_getDriver.py(127): click_Success->//*[@id="base_box"]/div/div[3]/form/button
[2021-03-17 06:55:19]cl_getDriver.py(72): Open NewTab->https://kabuoji3.com/stock/4095/1993/
[2021-03-17 06:55:20]cl_getDriver.py(127): click_Success->//*[@id="base_box"]/div/div[3]/form/button
[2021-03-17 06:55:20]cl_getDriver.py(127): click_Success->//*[@id="base_box"]/div/div[3]/form/button
[2021-03-17 06:55:22]cl_getDriver.py(127): click_Success->//*[@id="base_box"]/div/div[3]/form/button
[2021-03-17 06:55:23]cl_getDriver.py(72): Open NewTab->https://kabuoji3.com/stock/4097/2016/
[2021-03-17 06:55:23]cl_getDriver.py(127): click_Success->//*[@id="base_box"]/div/div[3]/form/button
[2021-03-17 06:55:23]cl_getDriver.py(72): Open NewTab->https://kabuoji3.com/stock/4095/1992/
[2021-03-17 06:55:24]cl_getDriver.py(127): click_Success->//*[@id="base_box"]/div/div[3]/form/button
[2021-03-17 06:55:25]cl_getDriver.py(127): click_Success->//*[@id="base_box"]/div/div[3]/form/button
[2021-03-17 06:55:26]cl_getDriver.py(127): click_Success->//*[@id="base_box"]/div/div[3]/form/button
[2021-03-17 06:55:27]cl_getDriver.py(72): Open NewTab->https://kabuoji3.com/stock/4097/2015/
[2021-03-17 06:55:27]cl_getDriver.py(127): click_Success->//*[@id="base_box"]/div/div[3]/form/button
[2021-03-17 06:55:27]cl_getDriver.py(72): Open NewTab->https://kabuoji3.com/stock/4095/1991/
[2021-03-17 06:55:28]cl_getDriver.py(127): click_Success->//*[@id="base_box"]/div/div[3]/form/button
[2021-03-17 06:55:29]cl_getDriver.py(127): click_Success->//*[@id="base_box"]/div/div[3]/form/button
[2021-03-17 06:55:31]cl_getDriver.py(127): click_Success->//*[@id="base_box"]/div/div[3]/form/button
[2021-03-17 06:55:31]cl_getDriver.py(127): click_Success->//*[@id="base_box"]/div/div[3]/form/button
[2021-03-17 06:55:31]cl_getDriver.py(72): Open NewTab->https://kabuoji3.com/stock/4095/1990/
[2021-03-17 06:55:31]cl_getDriver.py(72): Open NewTab->https://kabuoji3.com/stock/4097/2014/
[2021-03-17 06:55:33]cl_getDriver.py(127): click_Success->//*[@id="base_box"]/div/div[3]/form/button
[2021-03-17 06:55:33]cl_getDriver.py(127): click_Success->//*[@id="base_box"]/div/div[3]/form/button
[2021-03-17 06:55:35]cl_getDriver.py(127): click_Success->//*[@id="base_box"]/div/div[3]/form/button
[2021-03-17 06:55:35]cl_getDriver.py(127): click_Success->//*[@id="base_box"]/div/div[3]/form/button
[2021-03-17 06:55:36]cl_getDriver.py(72): Open NewTab->https://kabuoji3.com/stock/4095/1989/
[2021-03-17 06:55:36]cl_getDriver.py(72): Open NewTab->https://kabuoji3.com/stock/4097/2013/
[2021-03-17 06:55:37]cl_getDriver.py(127): click_Success->//*[@id="base_box"]/div/div[3]/form/button
[2021-03-17 06:55:37]cl_getDriver.py(127): click_Success->//*[@id="base_box"]/div/div[3]/form/button
[2021-03-17 06:55:39]cl_getDriver.py(127): click_Success->//*[@id="base_box"]/div/div[3]/form/button
[2021-03-17 06:55:40]cl_getDriver.py(127): click_Success->//*[@id="base_box"]/div/div[3]/form/button
[2021-03-17 06:55:40]cl_getDriver.py(72): Open NewTab->https://kabuoji3.com/stock/4095/1988/
[2021-03-17 06:55:40]cl_getDriver.py(72): Open NewTab->https://kabuoji3.com/stock/4097/2012/
[2021-03-17 06:55:42]cl_getDriver.py(127): click_Success->//*[@id="base_box"]/div/div[3]/form/button
[2021-03-17 06:55:42]cl_getDriver.py(127): click_Success->//*[@id="base_box"]/div/div[3]/form/button
[2021-03-17 06:55:44]cl_getDriver.py(127): click_Success->//*[@id="base_box"]/div/div[3]/form/button
[2021-03-17 06:55:44]cl_getDriver.py(127): click_Success->//*[@id="base_box"]/div/div[3]/form/button
[2021-03-17 06:55:45]cl_getDriver.py(72): Open NewTab->https://kabuoji3.com/stock/4095/1987/
[2021-03-17 06:55:45]cl_getDriver.py(72): Open NewTab->https://kabuoji3.com/stock/4097/2011/
[2021-03-17 06:55:46]cl_getDriver.py(127): click_Success->//*[@id="base_box"]/div/div[3]/form/button
[2021-03-17 06:55:46]cl_getDriver.py(127): click_Success->//*[@id="base_box"]/div/div[3]/form/button
[2021-03-17 06:55:48]cl_getDriver.py(127): click_Success->//*[@id="base_box"]/div/div[3]/form/button
[2021-03-17 06:55:48]cl_getDriver.py(127): click_Success->//*[@id="base_box"]/div/div[3]/form/button
[2021-03-17 06:55:49]cl_getDriver.py(72): Open NewTab->https://kabuoji3.com/stock/4097/2010/
[2021-03-17 06:55:49]cl_getDriver.py(72): Open NewTab->https://kabuoji3.com/stock/4095/1986/
[2021-03-17 06:55:50]cl_getDriver.py(127): click_Success->//*[@id="base_box"]/div/div[3]/form/button
[2021-03-17 06:55:51]cl_getDriver.py(127): click_Success->//*[@id="base_box"]/div/div[3]/form/button
[2021-03-17 06:55:53]cl_getDriver.py(127): click_Success->//*[@id="base_box"]/div/div[3]/form/button
[2021-03-17 06:55:53]cl_getDriver.py(127): click_Success->//*[@id="base_box"]/div/div[3]/form/button
[2021-03-17 06:55:53]cl_getDriver.py(72): Open NewTab->https://kabuoji3.com/stock/4097/2009/
[2021-03-17 06:55:54]cl_getDriver.py(72): Open NewTab->https://kabuoji3.com/stock/4095/1985/
[2021-03-17 06:55:55]cl_getDriver.py(127): click_Success->//*[@id="base_box"]/div/div[3]/form/button
[2021-03-17 06:55:55]cl_getDriver.py(127): click_Success->//*[@id="base_box"]/div/div[3]/form/button
[2021-03-17 06:55:57]cl_getDriver.py(127): click_Success->//*[@id="base_box"]/div/div[3]/form/button
[2021-03-17 06:55:57]cl_getDriver.py(72): Open NewTab->https://kabuoji3.com/stock/4097/2008/
[2021-03-17 06:55:57]cl_getDriver.py(127): click_Success->//*[@id="base_box"]/div/div[3]/form/button
[2021-03-17 06:55:58]cl_getDriver.py(72): Open NewTab->https://kabuoji3.com/stock/4095/1984/
[2021-03-17 06:55:59]cl_getDriver.py(127): click_Success->//*[@id="base_box"]/div/div[3]/form/button
[2021-03-17 06:55:59]cl_getDriver.py(127): click_Success->//*[@id="base_box"]/div/div[3]/form/button
[2021-03-17 06:56:01]cl_getDriver.py(127): click_Success->//*[@id="base_box"]/div/div[3]/form/button
[2021-03-17 06:56:01]cl_getDriver.py(72): Open NewTab->https://kabuoji3.com/stock/4097/2007/
[2021-03-17 06:56:02]cl_getDriver.py(127): click_Success->//*[@id="base_box"]/div/div[3]/form/button
[2021-03-17 06:56:02]cl_getDriver.py(72): Open NewTab->https://kabuoji3.com/stock/4095/1983/
[2021-03-17 06:56:03]cl_getDriver.py(127): click_Success->//*[@id="base_box"]/div/div[3]/form/button
[2021-03-17 06:56:03]cl_getDriver.py(127): click_Success->//*[@id="base_box"]/div/div[3]/form/button
[2021-03-17 06:56:05]cl_getDriver.py(127): click_Success->//*[@id="base_box"]/div/div[3]/form/button
[2021-03-17 06:56:05]cl_getDriver.py(72): Open NewTab->https://kabuoji3.com/stock/4097/2006/
[2021-03-17 06:56:06]cl_getDriver.py(127): click_Success->//*[@id="base_box"]/div/div[3]/form/button
[2021-03-17 06:56:07]cl_getDriver.py(127): click_Success->//*[@id="base_box"]/div/div[3]/form/button
[2021-03-17 06:56:08]main.py(42): finished Process->https://kabuoji3.com/stock/4095/
[2021-03-17 06:56:08]main.py(15): start_Process->https://kabuoji3.com/stock/4098/
[2021-03-17 06:56:09]cl_getDriver.py(127): click_Success->//*[@id="base_box"]/div/div[3]/form/button
[2021-03-17 06:56:09]cl_getDriver.py(72): Open NewTab->https://kabuoji3.com/stock/4097/2005/
[2021-03-17 06:56:10]cl_getDriver.py(127): click_Success->//*[@id="base_box"]/div/div[3]/form/button
[2021-03-17 06:56:13]cl_getDriver.py(127): click_Success->//*[@id="base_box"]/div/div[3]/form/button
[2021-03-17 06:56:13]cl_getDriver.py(72): Open NewTab->https://kabuoji3.com/stock/4097/2004/
[2021-03-17 06:56:14]cl_getDriver.py(64): getURL=https://kabuoji3.com/stock/4098/
[2021-03-17 06:56:14]cl_getDriver.py(127): click_Success->//*[@id="base_box"]/div/div[3]/form/button
[2021-03-17 06:56:15]cl_getDriver.py(72): Open NewTab->https://kabuoji3.com/stock/4098/
[2021-03-17 06:56:16]cl_getDriver.py(130): Not Found->//*[@id="base_box"]/div/div[3]/form/button
[2021-03-17 06:56:17]cl_getDriver.py(127): click_Success->//*[@id="base_box"]/div/div[3]/form/button
[2021-03-17 06:56:17]cl_getDriver.py(72): Open NewTab->https://kabuoji3.com/stock/4097/2003/
[2021-03-17 06:56:18]cl_getDriver.py(127): click_Success->//*[@id="base_box"]/div/div[3]/form/button
[2021-03-17 06:56:18]cl_getDriver.py(130): Not Found->//*[@id="base_box"]/div/div[3]/form/button
[2021-03-17 06:56:19]cl_getDriver.py(72): Open NewTab->https://kabuoji3.com/stock/4098/2021/
[2021-03-17 06:56:20]cl_getDriver.py(127): click_Success->//*[@id="base_box"]/div/div[3]/form/button
[2021-03-17 06:56:20]cl_getDriver.py(127): click_Success->//*[@id="base_box"]/div/div[3]/form/button
[2021-03-17 06:56:21]cl_getDriver.py(72): Open NewTab->https://kabuoji3.com/stock/4097/2002/
[2021-03-17 06:56:22]cl_getDriver.py(127): click_Success->//*[@id="base_box"]/div/div[3]/form/button
[2021-03-17 06:56:22]cl_getDriver.py(127): click_Success->//*[@id="base_box"]/div/div[3]/form/button
[2021-03-17 06:56:22]cl_getDriver.py(72): Open NewTab->https://kabuoji3.com/stock/4098/2020/
[2021-03-17 06:56:23]cl_getDriver.py(127): click_Success->//*[@id="base_box"]/div/div[3]/form/button
[2021-03-17 06:56:24]cl_getDriver.py(127): click_Success->//*[@id="base_box"]/div/div[3]/form/button
[2021-03-17 06:56:24]cl_getDriver.py(72): Open NewTab->https://kabuoji3.com/stock/4097/2001/
[2021-03-17 06:56:25]cl_getDriver.py(127): click_Success->//*[@id="base_box"]/div/div[3]/form/button
[2021-03-17 06:56:26]cl_getDriver.py(127): click_Success->//*[@id="base_box"]/div/div[3]/form/button
[2021-03-17 06:56:26]cl_getDriver.py(72): Open NewTab->https://kabuoji3.com/stock/4098/2019/
[2021-03-17 06:56:27]cl_getDriver.py(127): click_Success->//*[@id="base_box"]/div/div[3]/form/button
[2021-03-17 06:56:28]cl_getDriver.py(127): click_Success->//*[@id="base_box"]/div/div[3]/form/button
[2021-03-17 06:56:28]cl_getDriver.py(72): Open NewTab->https://kabuoji3.com/stock/4097/2000/
[2021-03-17 06:56:29]cl_getDriver.py(127): click_Success->//*[@id="base_box"]/div/div[3]/form/button
[2021-03-17 06:56:29]cl_getDriver.py(127): click_Success->//*[@id="base_box"]/div/div[3]/form/button
[2021-03-17 06:56:30]cl_getDriver.py(72): Open NewTab->https://kabuoji3.com/stock/4098/2018/
[2021-03-17 06:56:31]cl_getDriver.py(127): click_Success->//*[@id="base_box"]/div/div[3]/form/button
[2021-03-17 06:56:31]cl_getDriver.py(127): click_Success->//*[@id="base_box"]/div/div[3]/form/button
[2021-03-17 06:56:31]cl_getDriver.py(72): Open NewTab->https://kabuoji3.com/stock/4097/1999/
[2021-03-17 06:56:32]cl_getDriver.py(127): click_Success->//*[@id="base_box"]/div/div[3]/form/button
[2021-03-17 06:56:33]cl_getDriver.py(127): click_Success->//*[@id="base_box"]/div/div[3]/form/button
[2021-03-17 06:56:33]cl_getDriver.py(72): Open NewTab->https://kabuoji3.com/stock/4098/2017/
[2021-03-17 06:56:34]cl_getDriver.py(127): click_Success->//*[@id="base_box"]/div/div[3]/form/button
[2021-03-17 06:56:35]cl_getDriver.py(127): click_Success->//*[@id="base_box"]/div/div[3]/form/button
[2021-03-17 06:56:35]cl_getDriver.py(72): Open NewTab->https://kabuoji3.com/stock/4097/1998/
[2021-03-17 06:56:36]cl_getDriver.py(127): click_Success->//*[@id="base_box"]/div/div[3]/form/button
[2021-03-17 06:56:36]cl_getDriver.py(127): click_Success->//*[@id="base_box"]/div/div[3]/form/button
[2021-03-17 06:56:37]cl_getDriver.py(72): Open NewTab->https://kabuoji3.com/stock/4098/2016/
[2021-03-17 06:56:38]cl_getDriver.py(127): click_Success->//*[@id="base_box"]/div/div[3]/form/button
[2021-03-17 06:56:38]cl_getDriver.py(127): click_Success->//*[@id="base_box"]/div/div[3]/form/button
[2021-03-17 06:56:38]cl_getDriver.py(72): Open NewTab->https://kabuoji3.com/stock/4097/1997/
[2021-03-17 06:56:39]cl_getDriver.py(127): click_Success->//*[@id="base_box"]/div/div[3]/form/button
[2021-03-17 06:56:40]cl_getDriver.py(127): click_Success->//*[@id="base_box"]/div/div[3]/form/button
[2021-03-17 06:56:40]cl_getDriver.py(72): Open NewTab->https://kabuoji3.com/stock/4098/2015/
[2021-03-17 06:56:41]cl_getDriver.py(127): click_Success->//*[@id="base_box"]/div/div[3]/form/button
[2021-03-17 06:56:42]cl_getDriver.py(127): click_Success->//*[@id="base_box"]/div/div[3]/form/button
[2021-03-17 06:56:42]cl_getDriver.py(72): Open NewTab->https://kabuoji3.com/stock/4097/1996/
[2021-03-17 06:56:43]cl_getDriver.py(127): click_Success->//*[@id="base_box"]/div/div[3]/form/button
[2021-03-17 06:56:44]cl_getDriver.py(127): click_Success->//*[@id="base_box"]/div/div[3]/form/button
[2021-03-17 06:56:44]cl_getDriver.py(72): Open NewTab->https://kabuoji3.com/stock/4098/2014/
[2021-03-17 06:56:45]cl_getDriver.py(127): click_Success->//*[@id="base_box"]/div/div[3]/form/button
[2021-03-17 06:56:45]cl_getDriver.py(127): click_Success->//*[@id="base_box"]/div/div[3]/form/button
[2021-03-17 06:56:46]cl_getDriver.py(72): Open NewTab->https://kabuoji3.com/stock/4097/1995/
[2021-03-17 06:56:47]cl_getDriver.py(127): click_Success->//*[@id="base_box"]/div/div[3]/form/button
[2021-03-17 06:56:47]cl_getDriver.py(127): click_Success->//*[@id="base_box"]/div/div[3]/form/button
[2021-03-17 06:56:48]cl_getDriver.py(72): Open NewTab->https://kabuoji3.com/stock/4098/2013/
[2021-03-17 06:56:49]cl_getDriver.py(127): click_Success->//*[@id="base_box"]/div/div[3]/form/button
[2021-03-17 06:56:49]cl_getDriver.py(127): click_Success->//*[@id="base_box"]/div/div[3]/form/button
[2021-03-17 06:56:50]cl_getDriver.py(72): Open NewTab->https://kabuoji3.com/stock/4097/1994/
[2021-03-17 06:56:51]cl_getDriver.py(127): click_Success->//*[@id="base_box"]/div/div[3]/form/button
[2021-03-17 06:56:51]cl_getDriver.py(127): click_Success->//*[@id="base_box"]/div/div[3]/form/button
[2021-03-17 06:56:51]cl_getDriver.py(72): Open NewTab->https://kabuoji3.com/stock/4098/2012/
[2021-03-17 06:56:52]cl_getDriver.py(127): click_Success->//*[@id="base_box"]/div/div[3]/form/button
[2021-03-17 06:56:53]cl_getDriver.py(127): click_Success->//*[@id="base_box"]/div/div[3]/form/button
[2021-03-17 06:56:53]cl_getDriver.py(72): Open NewTab->https://kabuoji3.com/stock/4097/1993/
[2021-03-17 06:56:54]cl_getDriver.py(127): click_Success->//*[@id="base_box"]/div/div[3]/form/button
[2021-03-17 06:56:54]cl_getDriver.py(127): click_Success->//*[@id="base_box"]/div/div[3]/form/button
[2021-03-17 06:56:55]cl_getDriver.py(72): Open NewTab->https://kabuoji3.com/stock/4098/2011/
[2021-03-17 06:56:56]cl_getDriver.py(127): click_Success->//*[@id="base_box"]/div/div[3]/form/button
[2021-03-17 06:56:56]cl_getDriver.py(127): click_Success->//*[@id="base_box"]/div/div[3]/form/button
[2021-03-17 06:56:57]cl_getDriver.py(72): Open NewTab->https://kabuoji3.com/stock/4097/1992/
[2021-03-17 06:56:58]cl_getDriver.py(127): click_Success->//*[@id="base_box"]/div/div[3]/form/button
[2021-03-17 06:56:58]cl_getDriver.py(127): click_Success->//*[@id="base_box"]/div/div[3]/form/button
[2021-03-17 06:56:58]cl_getDriver.py(72): Open NewTab->https://kabuoji3.com/stock/4098/2010/
[2021-03-17 06:56:59]cl_getDriver.py(127): click_Success->//*[@id="base_box"]/div/div[3]/form/button
[2021-03-17 06:57:00]cl_getDriver.py(127): click_Success->//*[@id="base_box"]/div/div[3]/form/button
[2021-03-17 06:57:01]cl_getDriver.py(72): Open NewTab->https://kabuoji3.com/stock/4097/1991/
[2021-03-17 06:57:02]cl_getDriver.py(127): click_Success->//*[@id="base_box"]/div/div[3]/form/button
[2021-03-17 06:57:02]cl_getDriver.py(127): click_Success->//*[@id="base_box"]/div/div[3]/form/button
[2021-03-17 06:57:02]cl_getDriver.py(72): Open NewTab->https://kabuoji3.com/stock/4098/2009/
[2021-03-17 06:57:03]cl_getDriver.py(127): click_Success->//*[@id="base_box"]/div/div[3]/form/button
[2021-03-17 06:57:04]cl_getDriver.py(127): click_Success->//*[@id="base_box"]/div/div[3]/form/button
[2021-03-17 06:57:05]cl_getDriver.py(72): Open NewTab->https://kabuoji3.com/stock/4097/1990/
[2021-03-17 06:57:05]cl_getDriver.py(127): click_Success->//*[@id="base_box"]/div/div[3]/form/button
[2021-03-17 06:57:06]cl_getDriver.py(72): Open NewTab->https://kabuoji3.com/stock/4098/2008/
[2021-03-17 06:57:06]cl_getDriver.py(127): click_Success->//*[@id="base_box"]/div/div[3]/form/button
[2021-03-17 06:57:07]cl_getDriver.py(127): click_Success->//*[@id="base_box"]/div/div[3]/form/button
[2021-03-17 06:57:08]cl_getDriver.py(127): click_Success->//*[@id="base_box"]/div/div[3]/form/button
[2021-03-17 06:57:09]cl_getDriver.py(72): Open NewTab->https://kabuoji3.com/stock/4097/1989/
[2021-03-17 06:57:09]cl_getDriver.py(127): click_Success->//*[@id="base_box"]/div/div[3]/form/button
[2021-03-17 06:57:10]cl_getDriver.py(72): Open NewTab->https://kabuoji3.com/stock/4098/2007/
[2021-03-17 06:57:10]cl_getDriver.py(127): click_Success->//*[@id="base_box"]/div/div[3]/form/button
[2021-03-17 06:57:11]cl_getDriver.py(127): click_Success->//*[@id="base_box"]/div/div[3]/form/button
[2021-03-17 06:57:12]cl_getDriver.py(127): click_Success->//*[@id="base_box"]/div/div[3]/form/button
[2021-03-17 06:57:13]cl_getDriver.py(72): Open NewTab->https://kabuoji3.com/stock/4097/1988/
[2021-03-17 06:57:13]cl_getDriver.py(127): click_Success->//*[@id="base_box"]/div/div[3]/form/button
[2021-03-17 06:57:13]cl_getDriver.py(72): Open NewTab->https://kabuoji3.com/stock/4098/2006/
[2021-03-17 06:57:14]cl_getDriver.py(127): click_Success->//*[@id="base_box"]/div/div[3]/form/button
[2021-03-17 06:57:15]cl_getDriver.py(127): click_Success->//*[@id="base_box"]/div/div[3]/form/button
[2021-03-17 06:57:16]cl_getDriver.py(127): click_Success->//*[@id="base_box"]/div/div[3]/form/button
[2021-03-17 06:57:17]cl_getDriver.py(72): Open NewTab->https://kabuoji3.com/stock/4097/1987/
[2021-03-17 06:57:17]cl_getDriver.py(127): click_Success->//*[@id="base_box"]/div/div[3]/form/button
[2021-03-17 06:57:17]cl_getDriver.py(72): Open NewTab->https://kabuoji3.com/stock/4098/2005/
[2021-03-17 06:57:18]cl_getDriver.py(127): click_Success->//*[@id="base_box"]/div/div[3]/form/button
[2021-03-17 06:57:19]cl_getDriver.py(127): click_Success->//*[@id="base_box"]/div/div[3]/form/button
[2021-03-17 06:57:21]cl_getDriver.py(127): click_Success->//*[@id="base_box"]/div/div[3]/form/button
[2021-03-17 06:57:21]cl_getDriver.py(72): Open NewTab->https://kabuoji3.com/stock/4097/1986/
[2021-03-17 06:57:21]cl_getDriver.py(127): click_Success->//*[@id="base_box"]/div/div[3]/form/button
[2021-03-17 06:57:22]cl_getDriver.py(72): Open NewTab->https://kabuoji3.com/stock/4098/2004/
[2021-03-17 06:57:22]cl_getDriver.py(127): click_Success->//*[@id="base_box"]/div/div[3]/form/button
[2021-03-17 06:57:23]cl_getDriver.py(127): click_Success->//*[@id="base_box"]/div/div[3]/form/button
[2021-03-17 06:57:25]cl_getDriver.py(127): click_Success->//*[@id="base_box"]/div/div[3]/form/button
[2021-03-17 06:57:25]cl_getDriver.py(72): Open NewTab->https://kabuoji3.com/stock/4097/1985/
[2021-03-17 06:57:25]cl_getDriver.py(127): click_Success->//*[@id="base_box"]/div/div[3]/form/button
[2021-03-17 06:57:26]cl_getDriver.py(72): Open NewTab->https://kabuoji3.com/stock/4098/2003/
[2021-03-17 06:57:26]cl_getDriver.py(127): click_Success->//*[@id="base_box"]/div/div[3]/form/button
[2021-03-17 06:57:27]cl_getDriver.py(127): click_Success->//*[@id="base_box"]/div/div[3]/form/button
[2021-03-17 06:57:29]cl_getDriver.py(127): click_Success->//*[@id="base_box"]/div/div[3]/form/button
[2021-03-17 06:57:29]cl_getDriver.py(72): Open NewTab->https://kabuoji3.com/stock/4097/1984/
[2021-03-17 06:57:29]cl_getDriver.py(127): click_Success->//*[@id="base_box"]/div/div[3]/form/button
[2021-03-17 06:57:30]cl_getDriver.py(72): Open NewTab->https://kabuoji3.com/stock/4098/2002/
[2021-03-17 06:57:30]cl_getDriver.py(127): click_Success->//*[@id="base_box"]/div/div[3]/form/button
[2021-03-17 06:57:31]cl_getDriver.py(127): click_Success->//*[@id="base_box"]/div/div[3]/form/button
[2021-03-17 06:57:33]cl_getDriver.py(127): click_Success->//*[@id="base_box"]/div/div[3]/form/button
[2021-03-17 06:57:33]cl_getDriver.py(72): Open NewTab->https://kabuoji3.com/stock/4097/1983/
[2021-03-17 06:57:33]cl_getDriver.py(127): click_Success->//*[@id="base_box"]/div/div[3]/form/button
[2021-03-17 06:57:34]cl_getDriver.py(72): Open NewTab->https://kabuoji3.com/stock/4098/2001/
[2021-03-17 06:57:34]cl_getDriver.py(127): click_Success->//*[@id="base_box"]/div/div[3]/form/button
[2021-03-17 06:57:35]cl_getDriver.py(127): click_Success->//*[@id="base_box"]/div/div[3]/form/button
[2021-03-17 06:57:37]cl_getDriver.py(127): click_Success->//*[@id="base_box"]/div/div[3]/form/button
[2021-03-17 06:57:37]cl_getDriver.py(127): click_Success->//*[@id="base_box"]/div/div[3]/form/button
[2021-03-17 06:57:37]cl_getDriver.py(72): Open NewTab->https://kabuoji3.com/stock/4098/2000/
[2021-03-17 06:57:38]cl_getDriver.py(127): click_Success->//*[@id="base_box"]/div/div[3]/form/button
[2021-03-17 06:57:41]cl_getDriver.py(127): click_Success->//*[@id="base_box"]/div/div[3]/form/button
[2021-03-17 06:57:41]cl_getDriver.py(72): Open NewTab->https://kabuoji3.com/stock/4098/1999/
[2021-03-17 06:57:41]main.py(42): finished Process->https://kabuoji3.com/stock/4097/
[2021-03-17 06:57:41]main.py(15): start_Process->https://kabuoji3.com/stock/4099/
[2021-03-17 06:57:42]cl_getDriver.py(127): click_Success->//*[@id="base_box"]/div/div[3]/form/button
[2021-03-17 06:57:44]cl_getDriver.py(127): click_Success->//*[@id="base_box"]/div/div[3]/form/button
[2021-03-17 06:57:44]cl_getDriver.py(72): Open NewTab->https://kabuoji3.com/stock/4098/1998/
[2021-03-17 06:57:46]cl_getDriver.py(127): click_Success->//*[@id="base_box"]/div/div[3]/form/button
[2021-03-17 06:57:47]cl_getDriver.py(64): getURL=https://kabuoji3.com/stock/4099/
[2021-03-17 06:57:48]cl_getDriver.py(72): Open NewTab->https://kabuoji3.com/stock/4099/
[2021-03-17 06:57:48]cl_getDriver.py(127): click_Success->//*[@id="base_box"]/div/div[3]/form/button
[2021-03-17 06:57:48]cl_getDriver.py(72): Open NewTab->https://kabuoji3.com/stock/4098/1997/
[2021-03-17 06:57:49]cl_getDriver.py(130): Not Found->//*[@id="base_box"]/div/div[3]/form/button
[2021-03-17 06:57:49]cl_getDriver.py(127): click_Success->//*[@id="base_box"]/div/div[3]/form/button
[2021-03-17 06:57:51]cl_getDriver.py(130): Not Found->//*[@id="base_box"]/div/div[3]/form/button
[2021-03-17 06:57:51]cl_getDriver.py(72): Open NewTab->https://kabuoji3.com/stock/4099/2021/
[2021-03-17 06:57:51]cl_getDriver.py(127): click_Success->//*[@id="base_box"]/div/div[3]/form/button
[2021-03-17 06:57:52]cl_getDriver.py(127): click_Success->//*[@id="base_box"]/div/div[3]/form/button
[2021-03-17 06:57:52]cl_getDriver.py(72): Open NewTab->https://kabuoji3.com/stock/4098/1996/
[2021-03-17 06:57:53]cl_getDriver.py(127): click_Success->//*[@id="base_box"]/div/div[3]/form/button
[2021-03-17 06:57:54]cl_getDriver.py(127): click_Success->//*[@id="base_box"]/div/div[3]/form/button
[2021-03-17 06:57:55]cl_getDriver.py(72): Open NewTab->https://kabuoji3.com/stock/4099/2020/
[2021-03-17 06:57:55]cl_getDriver.py(127): click_Success->//*[@id="base_box"]/div/div[3]/form/button
[2021-03-17 06:57:56]cl_getDriver.py(72): Open NewTab->https://kabuoji3.com/stock/4098/1995/
[2021-03-17 06:57:56]cl_getDriver.py(127): click_Success->//*[@id="base_box"]/div/div[3]/form/button
[2021-03-17 06:57:57]cl_getDriver.py(127): click_Success->//*[@id="base_box"]/div/div[3]/form/button
[2021-03-17 06:57:58]cl_getDriver.py(127): click_Success->//*[@id="base_box"]/div/div[3]/form/button
[2021-03-17 06:57:59]cl_getDriver.py(72): Open NewTab->https://kabuoji3.com/stock/4099/2019/
[2021-03-17 06:57:59]cl_getDriver.py(127): click_Success->//*[@id="base_box"]/div/div[3]/form/button
[2021-03-17 06:58:00]cl_getDriver.py(127): click_Success->//*[@id="base_box"]/div/div[3]/form/button
[2021-03-17 06:58:00]cl_getDriver.py(72): Open NewTab->https://kabuoji3.com/stock/4098/1994/
[2021-03-17 06:58:01]cl_getDriver.py(127): click_Success->//*[@id="base_box"]/div/div[3]/form/button
[2021-03-17 06:58:02]cl_getDriver.py(127): click_Success->//*[@id="base_box"]/div/div[3]/form/button
[2021-03-17 06:58:03]cl_getDriver.py(72): Open NewTab->https://kabuoji3.com/stock/4099/2018/
[2021-03-17 06:58:03]cl_getDriver.py(127): click_Success->//*[@id="base_box"]/div/div[3]/form/button
[2021-03-17 06:58:04]cl_getDriver.py(127): click_Success->//*[@id="base_box"]/div/div[3]/form/button
[2021-03-17 06:58:04]cl_getDriver.py(72): Open NewTab->https://kabuoji3.com/stock/4098/1993/
[2021-03-17 06:58:05]cl_getDriver.py(127): click_Success->//*[@id="base_box"]/div/div[3]/form/button
[2021-03-17 06:58:06]cl_getDriver.py(127): click_Success->//*[@id="base_box"]/div/div[3]/form/button
[2021-03-17 06:58:07]cl_getDriver.py(72): Open NewTab->https://kabuoji3.com/stock/4099/2017/
[2021-03-17 06:58:07]cl_getDriver.py(127): click_Success->//*[@id="base_box"]/div/div[3]/form/button
[2021-03-17 06:58:08]cl_getDriver.py(72): Open NewTab->https://kabuoji3.com/stock/4098/1992/
[2021-03-17 06:58:08]cl_getDriver.py(127): click_Success->//*[@id="base_box"]/div/div[3]/form/button
[2021-03-17 06:58:09]cl_getDriver.py(127): click_Success->//*[@id="base_box"]/div/div[3]/form/button
[2021-03-17 06:58:10]cl_getDriver.py(127): click_Success->//*[@id="base_box"]/div/div[3]/form/button
[2021-03-17 06:58:11]cl_getDriver.py(72): Open NewTab->https://kabuoji3.com/stock/4099/2016/
[2021-03-17 06:58:11]cl_getDriver.py(127): click_Success->//*[@id="base_box"]/div/div[3]/form/button
[2021-03-17 06:58:11]cl_getDriver.py(72): Open NewTab->https://kabuoji3.com/stock/4098/1991/
[2021-03-17 06:58:12]cl_getDriver.py(127): click_Success->//*[@id="base_box"]/div/div[3]/form/button
[2021-03-17 06:58:13]cl_getDriver.py(127): click_Success->//*[@id="base_box"]/div/div[3]/form/button
[2021-03-17 06:58:14]cl_getDriver.py(127): click_Success->//*[@id="base_box"]/div/div[3]/form/button
[2021-03-17 06:58:15]cl_getDriver.py(72): Open NewTab->https://kabuoji3.com/stock/4099/2015/
[2021-03-17 06:58:15]cl_getDriver.py(127): click_Success->//*[@id="base_box"]/div/div[3]/form/button
[2021-03-17 06:58:15]cl_getDriver.py(72): Open NewTab->https://kabuoji3.com/stock/4098/1990/
[2021-03-17 06:58:16]cl_getDriver.py(127): click_Success->//*[@id="base_box"]/div/div[3]/form/button
[2021-03-17 06:58:17]cl_getDriver.py(127): click_Success->//*[@id="base_box"]/div/div[3]/form/button
[2021-03-17 06:58:18]cl_getDriver.py(127): click_Success->//*[@id="base_box"]/div/div[3]/form/button
[2021-03-17 06:58:19]cl_getDriver.py(72): Open NewTab->https://kabuoji3.com/stock/4099/2014/
[2021-03-17 06:58:19]cl_getDriver.py(127): click_Success->//*[@id="base_box"]/div/div[3]/form/button
[2021-03-17 06:58:19]cl_getDriver.py(72): Open NewTab->https://kabuoji3.com/stock/4098/1989/
[2021-03-17 06:58:20]cl_getDriver.py(127): click_Success->//*[@id="base_box"]/div/div[3]/form/button
[2021-03-17 06:58:20]cl_getDriver.py(127): click_Success->//*[@id="base_box"]/div/div[3]/form/button
[2021-03-17 06:58:22]cl_getDriver.py(127): click_Success->//*[@id="base_box"]/div/div[3]/form/button
[2021-03-17 06:58:23]cl_getDriver.py(127): click_Success->//*[@id="base_box"]/div/div[3]/form/button
[2021-03-17 06:58:23]cl_getDriver.py(72): Open NewTab->https://kabuoji3.com/stock/4099/2013/
[2021-03-17 06:58:23]cl_getDriver.py(72): Open NewTab->https://kabuoji3.com/stock/4098/1988/
[2021-03-17 06:58:24]cl_getDriver.py(127): click_Success->//*[@id="base_box"]/div/div[3]/form/button
[2021-03-17 06:58:25]cl_getDriver.py(127): click_Success->//*[@id="base_box"]/div/div[3]/form/button
[2021-03-17 06:58:27]cl_getDriver.py(127): click_Success->//*[@id="base_box"]/div/div[3]/form/button
[2021-03-17 06:58:27]cl_getDriver.py(127): click_Success->//*[@id="base_box"]/div/div[3]/form/button
[2021-03-17 06:58:27]cl_getDriver.py(72): Open NewTab->https://kabuoji3.com/stock/4099/2012/
[2021-03-17 06:58:27]cl_getDriver.py(72): Open NewTab->https://kabuoji3.com/stock/4098/1987/
[2021-03-17 06:58:29]cl_getDriver.py(127): click_Success->//*[@id="base_box"]/div/div[3]/form/button
[2021-03-17 06:58:29]cl_getDriver.py(127): click_Success->//*[@id="base_box"]/div/div[3]/form/button
[2021-03-17 06:58:31]cl_getDriver.py(127): click_Success->//*[@id="base_box"]/div/div[3]/form/button
[2021-03-17 06:58:31]cl_getDriver.py(127): click_Success->//*[@id="base_box"]/div/div[3]/form/button
[2021-03-17 06:58:32]cl_getDriver.py(72): Open NewTab->https://kabuoji3.com/stock/4099/2011/
[2021-03-17 06:58:32]cl_getDriver.py(72): Open NewTab->https://kabuoji3.com/stock/4098/1986/
[2021-03-17 06:58:33]cl_getDriver.py(127): click_Success->//*[@id="base_box"]/div/div[3]/form/button
[2021-03-17 06:58:33]cl_getDriver.py(127): click_Success->//*[@id="base_box"]/div/div[3]/form/button
[2021-03-17 06:58:35]cl_getDriver.py(127): click_Success->//*[@id="base_box"]/div/div[3]/form/button
[2021-03-17 06:58:35]cl_getDriver.py(127): click_Success->//*[@id="base_box"]/div/div[3]/form/button
[2021-03-17 06:58:36]cl_getDriver.py(72): Open NewTab->https://kabuoji3.com/stock/4099/2010/
[2021-03-17 06:58:36]cl_getDriver.py(72): Open NewTab->https://kabuoji3.com/stock/4098/1985/
[2021-03-17 06:58:37]cl_getDriver.py(127): click_Success->//*[@id="base_box"]/div/div[3]/form/button
[2021-03-17 06:58:37]cl_getDriver.py(127): click_Success->//*[@id="base_box"]/div/div[3]/form/button
[2021-03-17 06:58:40]cl_getDriver.py(127): click_Success->//*[@id="base_box"]/div/div[3]/form/button
[2021-03-17 06:58:40]cl_getDriver.py(127): click_Success->//*[@id="base_box"]/div/div[3]/form/button
[2021-03-17 06:58:40]cl_getDriver.py(72): Open NewTab->https://kabuoji3.com/stock/4098/1984/
[2021-03-17 06:58:40]cl_getDriver.py(72): Open NewTab->https://kabuoji3.com/stock/4099/2009/
[2021-03-17 06:58:41]cl_getDriver.py(127): click_Success->//*[@id="base_box"]/div/div[3]/form/button
[2021-03-17 06:58:42]cl_getDriver.py(127): click_Success->//*[@id="base_box"]/div/div[3]/form/button
[2021-03-17 06:58:44]cl_getDriver.py(127): click_Success->//*[@id="base_box"]/div/div[3]/form/button
[2021-03-17 06:58:44]cl_getDriver.py(127): click_Success->//*[@id="base_box"]/div/div[3]/form/button
[2021-03-17 06:58:44]cl_getDriver.py(72): Open NewTab->https://kabuoji3.com/stock/4098/1983/
[2021-03-17 06:58:44]cl_getDriver.py(72): Open NewTab->https://kabuoji3.com/stock/4099/2008/
[2021-03-17 06:58:46]cl_getDriver.py(127): click_Success->//*[@id="base_box"]/div/div[3]/form/button
[2021-03-17 06:58:46]cl_getDriver.py(127): click_Success->//*[@id="base_box"]/div/div[3]/form/button
[2021-03-17 06:58:48]cl_getDriver.py(127): click_Success->//*[@id="base_box"]/div/div[3]/form/button
[2021-03-17 06:58:48]cl_getDriver.py(127): click_Success->//*[@id="base_box"]/div/div[3]/form/button
[2021-03-17 06:58:49]cl_getDriver.py(72): Open NewTab->https://kabuoji3.com/stock/4099/2007/
[2021-03-17 06:58:50]cl_getDriver.py(127): click_Success->//*[@id="base_box"]/div/div[3]/form/button
[2021-03-17 06:58:52]cl_getDriver.py(127): click_Success->//*[@id="base_box"]/div/div[3]/form/button
[2021-03-17 06:58:52]main.py(42): finished Process->https://kabuoji3.com/stock/4098/
[2021-03-17 06:58:52]main.py(15): start_Process->https://kabuoji3.com/stock/4100/
[2021-03-17 06:58:52]cl_getDriver.py(72): Open NewTab->https://kabuoji3.com/stock/4099/2006/
[2021-03-17 06:58:53]cl_getDriver.py(127): click_Success->//*[@id="base_box"]/div/div[3]/form/button
[2021-03-17 06:58:56]cl_getDriver.py(127): click_Success->//*[@id="base_box"]/div/div[3]/form/button
[2021-03-17 06:58:56]cl_getDriver.py(72): Open NewTab->https://kabuoji3.com/stock/4099/2005/
[2021-03-17 06:58:57]cl_getDriver.py(127): click_Success->//*[@id="base_box"]/div/div[3]/form/button
[2021-03-17 06:58:58]cl_getDriver.py(64): getURL=https://kabuoji3.com/stock/4100/
[2021-03-17 06:58:58]cl_getDriver.py(72): Open NewTab->https://kabuoji3.com/stock/4100/
[2021-03-17 06:58:59]cl_getDriver.py(130): Not Found->//*[@id="base_box"]/div/div[3]/form/button
[2021-03-17 06:59:00]cl_getDriver.py(127): click_Success->//*[@id="base_box"]/div/div[3]/form/button
[2021-03-17 06:59:00]cl_getDriver.py(72): Open NewTab->https://kabuoji3.com/stock/4099/2004/
[2021-03-17 06:59:01]cl_getDriver.py(127): click_Success->//*[@id="base_box"]/div/div[3]/form/button
[2021-03-17 06:59:01]cl_getDriver.py(130): Not Found->//*[@id="base_box"]/div/div[3]/form/button
[2021-03-17 06:59:01]cl_getDriver.py(72): Open NewTab->https://kabuoji3.com/stock/4100/2021/
[2021-03-17 06:59:02]cl_getDriver.py(127): click_Success->//*[@id="base_box"]/div/div[3]/form/button
[2021-03-17 06:59:03]cl_getDriver.py(127): click_Success->//*[@id="base_box"]/div/div[3]/form/button
[2021-03-17 06:59:04]cl_getDriver.py(72): Open NewTab->https://kabuoji3.com/stock/4099/2003/
[2021-03-17 06:59:05]cl_getDriver.py(127): click_Success->//*[@id="base_box"]/div/div[3]/form/button
[2021-03-17 06:59:05]cl_getDriver.py(127): click_Success->//*[@id="base_box"]/div/div[3]/form/button
[2021-03-17 06:59:05]cl_getDriver.py(72): Open NewTab->https://kabuoji3.com/stock/4100/2020/
[2021-03-17 06:59:06]cl_getDriver.py(127): click_Success->//*[@id="base_box"]/div/div[3]/form/button
[2021-03-17 06:59:07]cl_getDriver.py(127): click_Success->//*[@id="base_box"]/div/div[3]/form/button
[2021-03-17 06:59:07]cl_getDriver.py(72): Open NewTab->https://kabuoji3.com/stock/4099/2002/
[2021-03-17 06:59:08]cl_getDriver.py(127): click_Success->//*[@id="base_box"]/div/div[3]/form/button
[2021-03-17 06:59:08]cl_getDriver.py(127): click_Success->//*[@id="base_box"]/div/div[3]/form/button
[2021-03-17 06:59:09]cl_getDriver.py(72): Open NewTab->https://kabuoji3.com/stock/4100/2019/
[2021-03-17 06:59:10]cl_getDriver.py(127): click_Success->//*[@id="base_box"]/div/div[3]/form/button
[2021-03-17 06:59:11]cl_getDriver.py(127): click_Success->//*[@id="base_box"]/div/div[3]/form/button
[2021-03-17 06:59:11]cl_getDriver.py(72): Open NewTab->https://kabuoji3.com/stock/4099/2001/
[2021-03-17 06:59:12]cl_getDriver.py(127): click_Success->//*[@id="base_box"]/div/div[3]/form/button
[2021-03-17 06:59:12]cl_getDriver.py(127): click_Success->//*[@id="base_box"]/div/div[3]/form/button
[2021-03-17 06:59:13]cl_getDriver.py(72): Open NewTab->https://kabuoji3.com/stock/4100/2018/
[2021-03-17 06:59:14]cl_getDriver.py(127): click_Success->//*[@id="base_box"]/div/div[3]/form/button
[2021-03-17 06:59:14]cl_getDriver.py(127): click_Success->//*[@id="base_box"]/div/div[3]/form/button
[2021-03-17 06:59:15]cl_getDriver.py(72): Open NewTab->https://kabuoji3.com/stock/4099/2000/
[2021-03-17 06:59:16]cl_getDriver.py(127): click_Success->//*[@id="base_box"]/div/div[3]/form/button
[2021-03-17 06:59:16]cl_getDriver.py(127): click_Success->//*[@id="base_box"]/div/div[3]/form/button
[2021-03-17 06:59:16]cl_getDriver.py(72): Open NewTab->https://kabuoji3.com/stock/4100/2017/
[2021-03-17 06:59:17]cl_getDriver.py(127): click_Success->//*[@id="base_box"]/div/div[3]/form/button
[2021-03-17 06:59:18]cl_getDriver.py(127): click_Success->//*[@id="base_box"]/div/div[3]/form/button
[2021-03-17 06:59:18]cl_getDriver.py(72): Open NewTab->https://kabuoji3.com/stock/4099/1999/
[2021-03-17 06:59:19]cl_getDriver.py(127): click_Success->//*[@id="base_box"]/div/div[3]/form/button
[2021-03-17 06:59:19]cl_getDriver.py(127): click_Success->//*[@id="base_box"]/div/div[3]/form/button
[2021-03-17 06:59:20]cl_getDriver.py(72): Open NewTab->https://kabuoji3.com/stock/4100/2016/
[2021-03-17 06:59:21]cl_getDriver.py(127): click_Success->//*[@id="base_box"]/div/div[3]/form/button
[2021-03-17 06:59:22]cl_getDriver.py(127): click_Success->//*[@id="base_box"]/div/div[3]/form/button
[2021-03-17 06:59:22]cl_getDriver.py(72): Open NewTab->https://kabuoji3.com/stock/4099/1998/
[2021-03-17 06:59:23]cl_getDriver.py(127): click_Success->//*[@id="base_box"]/div/div[3]/form/button
[2021-03-17 06:59:23]cl_getDriver.py(127): click_Success->//*[@id="base_box"]/div/div[3]/form/button
[2021-03-17 06:59:23]cl_getDriver.py(72): Open NewTab->https://kabuoji3.com/stock/4100/2015/
[2021-03-17 06:59:24]cl_getDriver.py(127): click_Success->//*[@id="base_box"]/div/div[3]/form/button
[2021-03-17 06:59:25]cl_getDriver.py(127): click_Success->//*[@id="base_box"]/div/div[3]/form/button
[2021-03-17 06:59:25]cl_getDriver.py(72): Open NewTab->https://kabuoji3.com/stock/4099/1997/
[2021-03-17 06:59:26]cl_getDriver.py(127): click_Success->//*[@id="base_box"]/div/div[3]/form/button
[2021-03-17 06:59:27]cl_getDriver.py(127): click_Success->//*[@id="base_box"]/div/div[3]/form/button
[2021-03-17 06:59:27]cl_getDriver.py(72): Open NewTab->https://kabuoji3.com/stock/4100/2014/
[2021-03-17 06:59:28]cl_getDriver.py(127): click_Success->//*[@id="base_box"]/div/div[3]/form/button
[2021-03-17 06:59:29]cl_getDriver.py(127): click_Success->//*[@id="base_box"]/div/div[3]/form/button
[2021-03-17 06:59:29]cl_getDriver.py(72): Open NewTab->https://kabuoji3.com/stock/4099/1996/
[2021-03-17 06:59:30]cl_getDriver.py(127): click_Success->//*[@id="base_box"]/div/div[3]/form/button
[2021-03-17 06:59:30]cl_getDriver.py(127): click_Success->//*[@id="base_box"]/div/div[3]/form/button
[2021-03-17 06:59:31]cl_getDriver.py(72): Open NewTab->https://kabuoji3.com/stock/4100/2013/
[2021-03-17 06:59:32]cl_getDriver.py(127): click_Success->//*[@id="base_box"]/div/div[3]/form/button
[2021-03-17 06:59:32]cl_getDriver.py(127): click_Success->//*[@id="base_box"]/div/div[3]/form/button
[2021-03-17 06:59:33]cl_getDriver.py(72): Open NewTab->https://kabuoji3.com/stock/4099/1995/
[2021-03-17 06:59:33]cl_getDriver.py(127): click_Success->//*[@id="base_box"]/div/div[3]/form/button
[2021-03-17 06:59:34]cl_getDriver.py(127): click_Success->//*[@id="base_box"]/div/div[3]/form/button
[2021-03-17 06:59:34]cl_getDriver.py(72): Open NewTab->https://kabuoji3.com/stock/4100/2012/
[2021-03-17 06:59:35]cl_getDriver.py(127): click_Success->//*[@id="base_box"]/div/div[3]/form/button
[2021-03-17 06:59:36]cl_getDriver.py(127): click_Success->//*[@id="base_box"]/div/div[3]/form/button
[2021-03-17 06:59:36]cl_getDriver.py(72): Open NewTab->https://kabuoji3.com/stock/4099/1994/
[2021-03-17 06:59:37]cl_getDriver.py(127): click_Success->//*[@id="base_box"]/div/div[3]/form/button
[2021-03-17 06:59:37]cl_getDriver.py(127): click_Success->//*[@id="base_box"]/div/div[3]/form/button
[2021-03-17 06:59:38]cl_getDriver.py(72): Open NewTab->https://kabuoji3.com/stock/4100/2011/
[2021-03-17 06:59:39]cl_getDriver.py(127): click_Success->//*[@id="base_box"]/div/div[3]/form/button
[2021-03-17 06:59:39]cl_getDriver.py(127): click_Success->//*[@id="base_box"]/div/div[3]/form/button
[2021-03-17 06:59:40]cl_getDriver.py(72): Open NewTab->https://kabuoji3.com/stock/4099/1993/
[2021-03-17 06:59:41]cl_getDriver.py(127): click_Success->//*[@id="base_box"]/div/div[3]/form/button
[2021-03-17 06:59:41]cl_getDriver.py(127): click_Success->//*[@id="base_box"]/div/div[3]/form/button
[2021-03-17 06:59:42]cl_getDriver.py(72): Open NewTab->https://kabuoji3.com/stock/4100/2010/
[2021-03-17 06:59:43]cl_getDriver.py(127): click_Success->//*[@id="base_box"]/div/div[3]/form/button
[2021-03-17 06:59:44]cl_getDriver.py(127): click_Success->//*[@id="base_box"]/div/div[3]/form/button
[2021-03-17 06:59:44]cl_getDriver.py(72): Open NewTab->https://kabuoji3.com/stock/4099/1992/
[2021-03-17 06:59:45]cl_getDriver.py(127): click_Success->//*[@id="base_box"]/div/div[3]/form/button
[2021-03-17 06:59:45]cl_getDriver.py(72): Open NewTab->https://kabuoji3.com/stock/4100/2009/
[2021-03-17 06:59:45]cl_getDriver.py(127): click_Success->//*[@id="base_box"]/div/div[3]/form/button
[2021-03-17 06:59:46]cl_getDriver.py(127): click_Success->//*[@id="base_box"]/div/div[3]/form/button
[2021-03-17 06:59:48]cl_getDriver.py(127): click_Success->//*[@id="base_box"]/div/div[3]/form/button
[2021-03-17 06:59:48]cl_getDriver.py(72): Open NewTab->https://kabuoji3.com/stock/4099/1991/
[2021-03-17 06:59:49]cl_getDriver.py(127): click_Success->//*[@id="base_box"]/div/div[3]/form/button
[2021-03-17 06:59:49]cl_getDriver.py(72): Open NewTab->https://kabuoji3.com/stock/4100/2008/
[2021-03-17 06:59:49]cl_getDriver.py(127): click_Success->//*[@id="base_box"]/div/div[3]/form/button
[2021-03-17 06:59:50]cl_getDriver.py(127): click_Success->//*[@id="base_box"]/div/div[3]/form/button
[2021-03-17 06:59:52]cl_getDriver.py(127): click_Success->//*[@id="base_box"]/div/div[3]/form/button
[2021-03-17 06:59:52]cl_getDriver.py(72): Open NewTab->https://kabuoji3.com/stock/4099/1990/
[2021-03-17 06:59:53]cl_getDriver.py(127): click_Success->//*[@id="base_box"]/div/div[3]/form/button
[2021-03-17 06:59:53]cl_getDriver.py(72): Open NewTab->https://kabuoji3.com/stock/4100/2007/
[2021-03-17 06:59:53]cl_getDriver.py(127): click_Success->//*[@id="base_box"]/div/div[3]/form/button
[2021-03-17 06:59:54]cl_getDriver.py(127): click_Success->//*[@id="base_box"]/div/div[3]/form/button
[2021-03-17 06:59:56]cl_getDriver.py(127): click_Success->//*[@id="base_box"]/div/div[3]/form/button
[2021-03-17 06:59:56]cl_getDriver.py(72): Open NewTab->https://kabuoji3.com/stock/4099/1989/
[2021-03-17 06:59:56]cl_getDriver.py(127): click_Success->//*[@id="base_box"]/div/div[3]/form/button
[2021-03-17 06:59:57]cl_getDriver.py(72): Open NewTab->https://kabuoji3.com/stock/4100/2006/
[2021-03-17 06:59:57]cl_getDriver.py(127): click_Success->//*[@id="base_box"]/div/div[3]/form/button
[2021-03-17 06:59:58]cl_getDriver.py(127): click_Success->//*[@id="base_box"]/div/div[3]/form/button
[2021-03-17 07:00:00]cl_getDriver.py(127): click_Success->//*[@id="base_box"]/div/div[3]/form/button
[2021-03-17 07:00:00]cl_getDriver.py(72): Open NewTab->https://kabuoji3.com/stock/4099/1988/
[2021-03-17 07:00:00]cl_getDriver.py(127): click_Success->//*[@id="base_box"]/div/div[3]/form/button
[2021-03-17 07:00:01]cl_getDriver.py(72): Open NewTab->https://kabuoji3.com/stock/4100/2005/
[2021-03-17 07:00:02]cl_getDriver.py(127): click_Success->//*[@id="base_box"]/div/div[3]/form/button
[2021-03-17 07:00:02]cl_getDriver.py(127): click_Success->//*[@id="base_box"]/div/div[3]/form/button
[2021-03-17 07:00:04]cl_getDriver.py(127): click_Success->//*[@id="base_box"]/div/div[3]/form/button
[2021-03-17 07:00:04]cl_getDriver.py(72): Open NewTab->https://kabuoji3.com/stock/4099/1987/
[2021-03-17 07:00:05]cl_getDriver.py(127): click_Success->//*[@id="base_box"]/div/div[3]/form/button
[2021-03-17 07:00:05]cl_getDriver.py(72): Open NewTab->https://kabuoji3.com/stock/4100/2004/
[2021-03-17 07:00:06]cl_getDriver.py(127): click_Success->//*[@id="base_box"]/div/div[3]/form/button
[2021-03-17 07:00:06]cl_getDriver.py(127): click_Success->//*[@id="base_box"]/div/div[3]/form/button
[2021-03-17 07:00:08]cl_getDriver.py(127): click_Success->//*[@id="base_box"]/div/div[3]/form/button
[2021-03-17 07:00:09]cl_getDriver.py(72): Open NewTab->https://kabuoji3.com/stock/4099/1986/
[2021-03-17 07:00:09]cl_getDriver.py(127): click_Success->//*[@id="base_box"]/div/div[3]/form/button
[2021-03-17 07:00:09]cl_getDriver.py(72): Open NewTab->https://kabuoji3.com/stock/4100/2003/
[2021-03-17 07:00:10]cl_getDriver.py(127): click_Success->//*[@id="base_box"]/div/div[3]/form/button
[2021-03-17 07:00:11]cl_getDriver.py(127): click_Success->//*[@id="base_box"]/div/div[3]/form/button
[2021-03-17 07:00:12]cl_getDriver.py(127): click_Success->//*[@id="base_box"]/div/div[3]/form/button
[2021-03-17 07:00:13]cl_getDriver.py(72): Open NewTab->https://kabuoji3.com/stock/4099/1985/
[2021-03-17 07:00:13]cl_getDriver.py(127): click_Success->//*[@id="base_box"]/div/div[3]/form/button
[2021-03-17 07:00:13]cl_getDriver.py(72): Open NewTab->https://kabuoji3.com/stock/4100/2002/
[2021-03-17 07:00:14]cl_getDriver.py(127): click_Success->//*[@id="base_box"]/div/div[3]/form/button
[2021-03-17 07:00:15]cl_getDriver.py(127): click_Success->//*[@id="base_box"]/div/div[3]/form/button
[2021-03-17 07:00:16]cl_getDriver.py(127): click_Success->//*[@id="base_box"]/div/div[3]/form/button
[2021-03-17 07:00:17]cl_getDriver.py(72): Open NewTab->https://kabuoji3.com/stock/4099/1984/
[2021-03-17 07:00:17]cl_getDriver.py(127): click_Success->//*[@id="base_box"]/div/div[3]/form/button
[2021-03-17 07:00:17]cl_getDriver.py(72): Open NewTab->https://kabuoji3.com/stock/4100/2001/
[2021-03-17 07:00:18]cl_getDriver.py(127): click_Success->//*[@id="base_box"]/div/div[3]/form/button
[2021-03-17 07:00:18]cl_getDriver.py(127): click_Success->//*[@id="base_box"]/div/div[3]/form/button
[2021-03-17 07:00:20]cl_getDriver.py(127): click_Success->//*[@id="base_box"]/div/div[3]/form/button
[2021-03-17 07:00:21]cl_getDriver.py(72): Open NewTab->https://kabuoji3.com/stock/4099/1983/
[2021-03-17 07:00:21]cl_getDriver.py(127): click_Success->//*[@id="base_box"]/div/div[3]/form/button
[2021-03-17 07:00:21]cl_getDriver.py(72): Open NewTab->https://kabuoji3.com/stock/4100/2000/
[2021-03-17 07:00:22]cl_getDriver.py(127): click_Success->//*[@id="base_box"]/div/div[3]/form/button
[2021-03-17 07:00:23]cl_getDriver.py(127): click_Success->//*[@id="base_box"]/div/div[3]/form/button
[2021-03-17 07:00:24]cl_getDriver.py(127): click_Success->//*[@id="base_box"]/div/div[3]/form/button
[2021-03-17 07:00:25]cl_getDriver.py(127): click_Success->//*[@id="base_box"]/div/div[3]/form/button
[2021-03-17 07:00:25]cl_getDriver.py(72): Open NewTab->https://kabuoji3.com/stock/4100/1999/
[2021-03-17 07:00:26]cl_getDriver.py(127): click_Success->//*[@id="base_box"]/div/div[3]/form/button
[2021-03-17 07:00:28]cl_getDriver.py(127): click_Success->//*[@id="base_box"]/div/div[3]/form/button
[2021-03-17 07:00:29]main.py(42): finished Process->https://kabuoji3.com/stock/4099/
[2021-03-17 07:00:29]main.py(15): start_Process->https://kabuoji3.com/stock/4102/
[2021-03-17 07:00:29]cl_getDriver.py(72): Open NewTab->https://kabuoji3.com/stock/4100/1998/
[2021-03-17 07:00:30]cl_getDriver.py(127): click_Success->//*[@id="base_box"]/div/div[3]/form/button
[2021-03-17 07:00:32]cl_getDriver.py(127): click_Success->//*[@id="base_box"]/div/div[3]/form/button
[2021-03-17 07:00:32]cl_getDriver.py(72): Open NewTab->https://kabuoji3.com/stock/4100/1997/
[2021-03-17 07:00:34]cl_getDriver.py(127): click_Success->//*[@id="base_box"]/div/div[3]/form/button
[2021-03-17 07:00:35]cl_getDriver.py(64): getURL=https://kabuoji3.com/stock/4102/
[2021-03-17 07:00:35]cl_getDriver.py(72): Open NewTab->https://kabuoji3.com/stock/4102/
[2021-03-17 07:00:35]cl_getDriver.py(130): Not Found->//*[@id="base_box"]/div/div[3]/form/button
[2021-03-17 07:00:37]cl_getDriver.py(127): click_Success->//*[@id="base_box"]/div/div[3]/form/button
[2021-03-17 07:00:37]cl_getDriver.py(72): Open NewTab->https://kabuoji3.com/stock/4100/1996/
[2021-03-17 07:00:38]cl_getDriver.py(130): Not Found->//*[@id="base_box"]/div/div[3]/form/button
[2021-03-17 07:00:38]cl_getDriver.py(72): Open NewTab->https://kabuoji3.com/stock/4102/2021/
[2021-03-17 07:00:38]cl_getDriver.py(127): click_Success->//*[@id="base_box"]/div/div[3]/form/button
[2021-03-17 07:00:39]cl_getDriver.py(127): click_Success->//*[@id="base_box"]/div/div[3]/form/button
[2021-03-17 07:00:40]cl_getDriver.py(127): click_Success->//*[@id="base_box"]/div/div[3]/form/button
[2021-03-17 07:00:41]cl_getDriver.py(72): Open NewTab->https://kabuoji3.com/stock/4100/1995/
[2021-03-17 07:00:41]cl_getDriver.py(127): click_Success->//*[@id="base_box"]/div/div[3]/form/button
[2021-03-17 07:00:42]cl_getDriver.py(72): Open NewTab->https://kabuoji3.com/stock/4102/2020/
[2021-03-17 07:00:42]cl_getDriver.py(127): click_Success->//*[@id="base_box"]/div/div[3]/form/button
[2021-03-17 07:00:43]cl_getDriver.py(127): click_Success->//*[@id="base_box"]/div/div[3]/form/button
[2021-03-17 07:00:45]cl_getDriver.py(127): click_Success->//*[@id="base_box"]/div/div[3]/form/button
[2021-03-17 07:00:45]cl_getDriver.py(72): Open NewTab->https://kabuoji3.com/stock/4100/1994/
[2021-03-17 07:00:45]cl_getDriver.py(127): click_Success->//*[@id="base_box"]/div/div[3]/form/button
[2021-03-17 07:00:46]cl_getDriver.py(72): Open NewTab->https://kabuoji3.com/stock/4102/2019/
[2021-03-17 07:00:47]cl_getDriver.py(127): click_Success->//*[@id="base_box"]/div/div[3]/form/button
[2021-03-17 07:00:47]cl_getDriver.py(127): click_Success->//*[@id="base_box"]/div/div[3]/form/button
[2021-03-17 07:00:49]cl_getDriver.py(127): click_Success->//*[@id="base_box"]/div/div[3]/form/button
[2021-03-17 07:00:49]cl_getDriver.py(127): click_Success->//*[@id="base_box"]/div/div[3]/form/button
[2021-03-17 07:00:50]cl_getDriver.py(72): Open NewTab->https://kabuoji3.com/stock/4100/1993/
[2021-03-17 07:00:50]cl_getDriver.py(72): Open NewTab->https://kabuoji3.com/stock/4102/2018/
[2021-03-17 07:00:51]cl_getDriver.py(127): click_Success->//*[@id="base_box"]/div/div[3]/form/button
[2021-03-17 07:00:51]cl_getDriver.py(127): click_Success->//*[@id="base_box"]/div/div[3]/form/button
[2021-03-17 07:00:53]cl_getDriver.py(127): click_Success->//*[@id="base_box"]/div/div[3]/form/button
[2021-03-17 07:00:53]cl_getDriver.py(127): click_Success->//*[@id="base_box"]/div/div[3]/form/button
[2021-03-17 07:00:54]cl_getDriver.py(72): Open NewTab->https://kabuoji3.com/stock/4102/2017/
[2021-03-17 07:00:54]cl_getDriver.py(72): Open NewTab->https://kabuoji3.com/stock/4100/1992/
[2021-03-17 07:00:56]cl_getDriver.py(127): click_Success->//*[@id="base_box"]/div/div[3]/form/button
[2021-03-17 07:00:56]cl_getDriver.py(127): click_Success->//*[@id="base_box"]/div/div[3]/form/button
[2021-03-17 07:00:58]cl_getDriver.py(127): click_Success->//*[@id="base_box"]/div/div[3]/form/button
[2021-03-17 07:00:58]cl_getDriver.py(127): click_Success->//*[@id="base_box"]/div/div[3]/form/button
[2021-03-17 07:00:58]cl_getDriver.py(72): Open NewTab->https://kabuoji3.com/stock/4102/2016/
[2021-03-17 07:00:59]cl_getDriver.py(72): Open NewTab->https://kabuoji3.com/stock/4100/1991/
[2021-03-17 07:01:00]cl_getDriver.py(127): click_Success->//*[@id="base_box"]/div/div[3]/form/button
[2021-03-17 07:01:00]cl_getDriver.py(127): click_Success->//*[@id="base_box"]/div/div[3]/form/button
[2021-03-17 07:01:02]cl_getDriver.py(127): click_Success->//*[@id="base_box"]/div/div[3]/form/button
[2021-03-17 07:01:02]cl_getDriver.py(127): click_Success->//*[@id="base_box"]/div/div[3]/form/button
[2021-03-17 07:01:03]cl_getDriver.py(72): Open NewTab->https://kabuoji3.com/stock/4102/2015/
[2021-03-17 07:01:03]cl_getDriver.py(72): Open NewTab->https://kabuoji3.com/stock/4100/1990/
[2021-03-17 07:01:04]cl_getDriver.py(127): click_Success->//*[@id="base_box"]/div/div[3]/form/button
[2021-03-17 07:01:04]cl_getDriver.py(127): click_Success->//*[@id="base_box"]/div/div[3]/form/button
[2021-03-17 07:01:06]cl_getDriver.py(127): click_Success->//*[@id="base_box"]/div/div[3]/form/button
[2021-03-17 07:01:06]cl_getDriver.py(127): click_Success->//*[@id="base_box"]/div/div[3]/form/button
[2021-03-17 07:01:07]cl_getDriver.py(72): Open NewTab->https://kabuoji3.com/stock/4102/2014/
[2021-03-17 07:01:07]cl_getDriver.py(72): Open NewTab->https://kabuoji3.com/stock/4100/1989/
[2021-03-17 07:01:08]cl_getDriver.py(127): click_Success->//*[@id="base_box"]/div/div[3]/form/button
[2021-03-17 07:01:08]cl_getDriver.py(127): click_Success->//*[@id="base_box"]/div/div[3]/form/button
[2021-03-17 07:01:10]cl_getDriver.py(127): click_Success->//*[@id="base_box"]/div/div[3]/form/button
[2021-03-17 07:01:10]cl_getDriver.py(127): click_Success->//*[@id="base_box"]/div/div[3]/form/button
[2021-03-17 07:01:11]cl_getDriver.py(72): Open NewTab->https://kabuoji3.com/stock/4102/2013/
[2021-03-17 07:01:11]cl_getDriver.py(72): Open NewTab->https://kabuoji3.com/stock/4100/1988/
[2021-03-17 07:01:12]cl_getDriver.py(127): click_Success->//*[@id="base_box"]/div/div[3]/form/button
[2021-03-17 07:01:12]cl_getDriver.py(127): click_Success->//*[@id="base_box"]/div/div[3]/form/button
[2021-03-17 07:01:14]cl_getDriver.py(127): click_Success->//*[@id="base_box"]/div/div[3]/form/button
[2021-03-17 07:01:15]cl_getDriver.py(72): Open NewTab->https://kabuoji3.com/stock/4102/2012/
[2021-03-17 07:01:15]cl_getDriver.py(127): click_Success->//*[@id="base_box"]/div/div[3]/form/button
[2021-03-17 07:01:15]cl_getDriver.py(72): Open NewTab->https://kabuoji3.com/stock/4100/1987/
[2021-03-17 07:01:16]cl_getDriver.py(127): click_Success->//*[@id="base_box"]/div/div[3]/form/button
[2021-03-17 07:01:17]cl_getDriver.py(127): click_Success->//*[@id="base_box"]/div/div[3]/form/button
[2021-03-17 07:01:18]cl_getDriver.py(127): click_Success->//*[@id="base_box"]/div/div[3]/form/button
[2021-03-17 07:01:19]cl_getDriver.py(72): Open NewTab->https://kabuoji3.com/stock/4102/2011/
[2021-03-17 07:01:19]cl_getDriver.py(127): click_Success->//*[@id="base_box"]/div/div[3]/form/button
[2021-03-17 07:01:19]cl_getDriver.py(72): Open NewTab->https://kabuoji3.com/stock/4100/1986/
[2021-03-17 07:01:20]cl_getDriver.py(127): click_Success->//*[@id="base_box"]/div/div[3]/form/button
[2021-03-17 07:01:21]cl_getDriver.py(127): click_Success->//*[@id="base_box"]/div/div[3]/form/button
[2021-03-17 07:01:22]cl_getDriver.py(127): click_Success->//*[@id="base_box"]/div/div[3]/form/button
[2021-03-17 07:01:23]cl_getDriver.py(72): Open NewTab->https://kabuoji3.com/stock/4102/2010/
[2021-03-17 07:01:23]cl_getDriver.py(127): click_Success->//*[@id="base_box"]/div/div[3]/form/button
[2021-03-17 07:01:24]cl_getDriver.py(72): Open NewTab->https://kabuoji3.com/stock/4100/1985/
[2021-03-17 07:01:24]cl_getDriver.py(127): click_Success->//*[@id="base_box"]/div/div[3]/form/button
[2021-03-17 07:01:25]cl_getDriver.py(127): click_Success->//*[@id="base_box"]/div/div[3]/form/button
[2021-03-17 07:01:27]cl_getDriver.py(127): click_Success->//*[@id="base_box"]/div/div[3]/form/button
[2021-03-17 07:01:27]cl_getDriver.py(72): Open NewTab->https://kabuoji3.com/stock/4102/2009/
[2021-03-17 07:01:27]cl_getDriver.py(127): click_Success->//*[@id="base_box"]/div/div[3]/form/button
[2021-03-17 07:01:27]cl_getDriver.py(72): Open NewTab->https://kabuoji3.com/stock/4100/1984/
[2021-03-17 07:01:28]cl_getDriver.py(127): click_Success->//*[@id="base_box"]/div/div[3]/form/button
[2021-03-17 07:01:29]cl_getDriver.py(127): click_Success->//*[@id="base_box"]/div/div[3]/form/button
[2021-03-17 07:01:31]cl_getDriver.py(127): click_Success->//*[@id="base_box"]/div/div[3]/form/button
[2021-03-17 07:01:31]cl_getDriver.py(127): click_Success->//*[@id="base_box"]/div/div[3]/form/button
[2021-03-17 07:01:31]cl_getDriver.py(72): Open NewTab->https://kabuoji3.com/stock/4102/2008/
[2021-03-17 07:01:32]cl_getDriver.py(72): Open NewTab->https://kabuoji3.com/stock/4100/1983/
[2021-03-17 07:01:32]cl_getDriver.py(127): click_Success->//*[@id="base_box"]/div/div[3]/form/button
[2021-03-17 07:01:33]cl_getDriver.py(127): click_Success->//*[@id="base_box"]/div/div[3]/form/button
[2021-03-17 07:01:35]cl_getDriver.py(127): click_Success->//*[@id="base_box"]/div/div[3]/form/button
[2021-03-17 07:01:35]cl_getDriver.py(72): Open NewTab->https://kabuoji3.com/stock/4102/2007/
[2021-03-17 07:01:35]cl_getDriver.py(127): click_Success->//*[@id="base_box"]/div/div[3]/form/button
[2021-03-17 07:01:36]cl_getDriver.py(127): click_Success->//*[@id="base_box"]/div/div[3]/form/button
[2021-03-17 07:01:39]cl_getDriver.py(127): click_Success->//*[@id="base_box"]/div/div[3]/form/button
[2021-03-17 07:01:39]cl_getDriver.py(72): Open NewTab->https://kabuoji3.com/stock/4102/2006/
[2021-03-17 07:01:40]main.py(42): finished Process->https://kabuoji3.com/stock/4100/
[2021-03-17 07:01:40]main.py(15): start_Process->https://kabuoji3.com/stock/4107/
[2021-03-17 07:01:40]cl_getDriver.py(127): click_Success->//*[@id="base_box"]/div/div[3]/form/button
[2021-03-17 07:01:42]cl_getDriver.py(127): click_Success->//*[@id="base_box"]/div/div[3]/form/button
[2021-03-17 07:01:43]cl_getDriver.py(72): Open NewTab->https://kabuoji3.com/stock/4102/2005/
[2021-03-17 07:01:44]cl_getDriver.py(127): click_Success->//*[@id="base_box"]/div/div[3]/form/button
[2021-03-17 07:01:46]cl_getDriver.py(127): click_Success->//*[@id="base_box"]/div/div[3]/form/button
[2021-03-17 07:01:46]cl_getDriver.py(64): getURL=https://kabuoji3.com/stock/4107/
[2021-03-17 07:01:47]cl_getDriver.py(72): Open NewTab->https://kabuoji3.com/stock/4102/2004/
[2021-03-17 07:01:47]cl_getDriver.py(72): Open NewTab->https://kabuoji3.com/stock/4107/
[2021-03-17 07:01:48]cl_getDriver.py(127): click_Success->//*[@id="base_box"]/div/div[3]/form/button
[2021-03-17 07:01:48]cl_getDriver.py(130): Not Found->//*[@id="base_box"]/div/div[3]/form/button
[2021-03-17 07:01:50]cl_getDriver.py(130): Not Found->//*[@id="base_box"]/div/div[3]/form/button
[2021-03-17 07:01:50]cl_getDriver.py(127): click_Success->//*[@id="base_box"]/div/div[3]/form/button
[2021-03-17 07:01:51]cl_getDriver.py(72): Open NewTab->https://kabuoji3.com/stock/4107/2021/
[2021-03-17 07:01:51]cl_getDriver.py(72): Open NewTab->https://kabuoji3.com/stock/4102/2003/
[2021-03-17 07:01:52]cl_getDriver.py(127): click_Success->//*[@id="base_box"]/div/div[3]/form/button
[2021-03-17 07:01:52]cl_getDriver.py(127): click_Success->//*[@id="base_box"]/div/div[3]/form/button
[2021-03-17 07:01:54]cl_getDriver.py(127): click_Success->//*[@id="base_box"]/div/div[3]/form/button
[2021-03-17 07:01:54]cl_getDriver.py(127): click_Success->//*[@id="base_box"]/div/div[3]/form/button
[2021-03-17 07:01:55]cl_getDriver.py(72): Open NewTab->https://kabuoji3.com/stock/4107/2020/
[2021-03-17 07:01:55]cl_getDriver.py(72): Open NewTab->https://kabuoji3.com/stock/4102/2002/
[2021-03-17 07:01:56]cl_getDriver.py(127): click_Success->//*[@id="base_box"]/div/div[3]/form/button
[2021-03-17 07:01:56]cl_getDriver.py(127): click_Success->//*[@id="base_box"]/div/div[3]/form/button
[2021-03-17 07:01:59]cl_getDriver.py(127): click_Success->//*[@id="base_box"]/div/div[3]/form/button
[2021-03-17 07:01:59]cl_getDriver.py(127): click_Success->//*[@id="base_box"]/div/div[3]/form/button
[2021-03-17 07:01:59]cl_getDriver.py(72): Open NewTab->https://kabuoji3.com/stock/4102/2001/
[2021-03-17 07:01:59]cl_getDriver.py(72): Open NewTab->https://kabuoji3.com/stock/4107/2019/
[2021-03-17 07:02:00]cl_getDriver.py(127): click_Success->//*[@id="base_box"]/div/div[3]/form/button
[2021-03-17 07:02:01]cl_getDriver.py(127): click_Success->//*[@id="base_box"]/div/div[3]/form/button
[2021-03-17 07:02:03]cl_getDriver.py(127): click_Success->//*[@id="base_box"]/div/div[3]/form/button
[2021-03-17 07:02:03]cl_getDriver.py(127): click_Success->//*[@id="base_box"]/div/div[3]/form/button
[2021-03-17 07:02:03]cl_getDriver.py(72): Open NewTab->https://kabuoji3.com/stock/4102/2000/
[2021-03-17 07:02:03]cl_getDriver.py(72): Open NewTab->https://kabuoji3.com/stock/4107/2018/
[2021-03-17 07:02:04]cl_getDriver.py(127): click_Success->//*[@id="base_box"]/div/div[3]/form/button
[2021-03-17 07:02:05]cl_getDriver.py(127): click_Success->//*[@id="base_box"]/div/div[3]/form/button
[2021-03-17 07:02:07]cl_getDriver.py(127): click_Success->//*[@id="base_box"]/div/div[3]/form/button
[2021-03-17 07:02:07]cl_getDriver.py(127): click_Success->//*[@id="base_box"]/div/div[3]/form/button
[2021-03-17 07:02:08]cl_getDriver.py(72): Open NewTab->https://kabuoji3.com/stock/4107/2017/
[2021-03-17 07:02:08]cl_getDriver.py(72): Open NewTab->https://kabuoji3.com/stock/4102/1999/
[2021-03-17 07:02:09]cl_getDriver.py(127): click_Success->//*[@id="base_box"]/div/div[3]/form/button
[2021-03-17 07:02:09]cl_getDriver.py(127): click_Success->//*[@id="base_box"]/div/div[3]/form/button
[2021-03-17 07:02:11]cl_getDriver.py(127): click_Success->//*[@id="base_box"]/div/div[3]/form/button
[2021-03-17 07:02:11]cl_getDriver.py(127): click_Success->//*[@id="base_box"]/div/div[3]/form/button
[2021-03-17 07:02:12]cl_getDriver.py(72): Open NewTab->https://kabuoji3.com/stock/4102/1998/
[2021-03-17 07:02:12]cl_getDriver.py(72): Open NewTab->https://kabuoji3.com/stock/4107/2016/
[2021-03-17 07:02:13]cl_getDriver.py(127): click_Success->//*[@id="base_box"]/div/div[3]/form/button
[2021-03-17 07:02:13]cl_getDriver.py(127): click_Success->//*[@id="base_box"]/div/div[3]/form/button
[2021-03-17 07:02:15]cl_getDriver.py(127): click_Success->//*[@id="base_box"]/div/div[3]/form/button
[2021-03-17 07:02:15]cl_getDriver.py(127): click_Success->//*[@id="base_box"]/div/div[3]/form/button
[2021-03-17 07:02:16]cl_getDriver.py(72): Open NewTab->https://kabuoji3.com/stock/4102/1997/
[2021-03-17 07:02:16]cl_getDriver.py(72): Open NewTab->https://kabuoji3.com/stock/4107/2015/
[2021-03-17 07:02:17]cl_getDriver.py(127): click_Success->//*[@id="base_box"]/div/div[3]/form/button
[2021-03-17 07:02:17]cl_getDriver.py(127): click_Success->//*[@id="base_box"]/div/div[3]/form/button
[2021-03-17 07:02:20]cl_getDriver.py(127): click_Success->//*[@id="base_box"]/div/div[3]/form/button
[2021-03-17 07:02:20]cl_getDriver.py(127): click_Success->//*[@id="base_box"]/div/div[3]/form/button
[2021-03-17 07:02:20]cl_getDriver.py(72): Open NewTab->https://kabuoji3.com/stock/4102/1996/
[2021-03-17 07:02:20]cl_getDriver.py(72): Open NewTab->https://kabuoji3.com/stock/4107/2014/
[2021-03-17 07:02:22]cl_getDriver.py(127): click_Success->//*[@id="base_box"]/div/div[3]/form/button
[2021-03-17 07:02:22]cl_getDriver.py(127): click_Success->//*[@id="base_box"]/div/div[3]/form/button
[2021-03-17 07:02:24]cl_getDriver.py(127): click_Success->//*[@id="base_box"]/div/div[3]/form/button
[2021-03-17 07:02:24]cl_getDriver.py(127): click_Success->//*[@id="base_box"]/div/div[3]/form/button
[2021-03-17 07:02:25]cl_getDriver.py(72): Open NewTab->https://kabuoji3.com/stock/4102/1995/
[2021-03-17 07:02:25]cl_getDriver.py(72): Open NewTab->https://kabuoji3.com/stock/4107/2013/
[2021-03-17 07:02:26]cl_getDriver.py(127): click_Success->//*[@id="base_box"]/div/div[3]/form/button
[2021-03-17 07:02:26]cl_getDriver.py(127): click_Success->//*[@id="base_box"]/div/div[3]/form/button
[2021-03-17 07:02:28]cl_getDriver.py(127): click_Success->//*[@id="base_box"]/div/div[3]/form/button
[2021-03-17 07:02:28]cl_getDriver.py(127): click_Success->//*[@id="base_box"]/div/div[3]/form/button
[2021-03-17 07:02:29]cl_getDriver.py(72): Open NewTab->https://kabuoji3.com/stock/4102/1994/
[2021-03-17 07:02:29]cl_getDriver.py(72): Open NewTab->https://kabuoji3.com/stock/4107/2012/
[2021-03-17 07:02:30]cl_getDriver.py(127): click_Success->//*[@id="base_box"]/div/div[3]/form/button
[2021-03-17 07:02:30]cl_getDriver.py(127): click_Success->//*[@id="base_box"]/div/div[3]/form/button
[2021-03-17 07:02:32]cl_getDriver.py(127): click_Success->//*[@id="base_box"]/div/div[3]/form/button
[2021-03-17 07:02:32]cl_getDriver.py(127): click_Success->//*[@id="base_box"]/div/div[3]/form/button
[2021-03-17 07:02:33]cl_getDriver.py(72): Open NewTab->https://kabuoji3.com/stock/4102/1993/
[2021-03-17 07:02:33]cl_getDriver.py(72): Open NewTab->https://kabuoji3.com/stock/4107/2011/
[2021-03-17 07:02:34]cl_getDriver.py(127): click_Success->//*[@id="base_box"]/div/div[3]/form/button
[2021-03-17 07:02:34]cl_getDriver.py(127): click_Success->//*[@id="base_box"]/div/div[3]/form/button
[2021-03-17 07:02:36]cl_getDriver.py(127): click_Success->//*[@id="base_box"]/div/div[3]/form/button
[2021-03-17 07:02:36]cl_getDriver.py(127): click_Success->//*[@id="base_box"]/div/div[3]/form/button
[2021-03-17 07:02:37]cl_getDriver.py(72): Open NewTab->https://kabuoji3.com/stock/4102/1992/
[2021-03-17 07:02:37]cl_getDriver.py(72): Open NewTab->https://kabuoji3.com/stock/4107/2010/
[2021-03-17 07:02:38]cl_getDriver.py(127): click_Success->//*[@id="base_box"]/div/div[3]/form/button
[2021-03-17 07:02:38]cl_getDriver.py(127): click_Success->//*[@id="base_box"]/div/div[3]/form/button
[2021-03-17 07:02:40]cl_getDriver.py(127): click_Success->//*[@id="base_box"]/div/div[3]/form/button
[2021-03-17 07:02:41]cl_getDriver.py(127): click_Success->//*[@id="base_box"]/div/div[3]/form/button
[2021-03-17 07:02:41]cl_getDriver.py(72): Open NewTab->https://kabuoji3.com/stock/4102/1991/
[2021-03-17 07:02:41]cl_getDriver.py(72): Open NewTab->https://kabuoji3.com/stock/4107/2009/
[2021-03-17 07:02:42]cl_getDriver.py(127): click_Success->//*[@id="base_box"]/div/div[3]/form/button
[2021-03-17 07:02:43]cl_getDriver.py(127): click_Success->//*[@id="base_box"]/div/div[3]/form/button
[2021-03-17 07:02:45]cl_getDriver.py(127): click_Success->//*[@id="base_box"]/div/div[3]/form/button
[2021-03-17 07:02:45]cl_getDriver.py(72): Open NewTab->https://kabuoji3.com/stock/4102/1990/
[2021-03-17 07:02:45]cl_getDriver.py(127): click_Success->//*[@id="base_box"]/div/div[3]/form/button
[2021-03-17 07:02:46]cl_getDriver.py(72): Open NewTab->https://kabuoji3.com/stock/4107/2008/
[2021-03-17 07:02:46]cl_getDriver.py(127): click_Success->//*[@id="base_box"]/div/div[3]/form/button
[2021-03-17 07:02:47]cl_getDriver.py(127): click_Success->//*[@id="base_box"]/div/div[3]/form/button
[2021-03-17 07:02:49]cl_getDriver.py(127): click_Success->//*[@id="base_box"]/div/div[3]/form/button
[2021-03-17 07:02:49]cl_getDriver.py(72): Open NewTab->https://kabuoji3.com/stock/4102/1989/
[2021-03-17 07:02:49]cl_getDriver.py(127): click_Success->//*[@id="base_box"]/div/div[3]/form/button
[2021-03-17 07:02:50]cl_getDriver.py(72): Open NewTab->https://kabuoji3.com/stock/4107/2007/
[2021-03-17 07:02:51]cl_getDriver.py(127): click_Success->//*[@id="base_box"]/div/div[3]/form/button
[2021-03-17 07:02:51]cl_getDriver.py(127): click_Success->//*[@id="base_box"]/div/div[3]/form/button
[2021-03-17 07:02:53]cl_getDriver.py(127): click_Success->//*[@id="base_box"]/div/div[3]/form/button
[2021-03-17 07:02:53]cl_getDriver.py(72): Open NewTab->https://kabuoji3.com/stock/4102/1988/
[2021-03-17 07:02:53]cl_getDriver.py(127): click_Success->//*[@id="base_box"]/div/div[3]/form/button
[2021-03-17 07:02:54]cl_getDriver.py(72): Open NewTab->https://kabuoji3.com/stock/4107/2006/
[2021-03-17 07:02:55]cl_getDriver.py(127): click_Success->//*[@id="base_box"]/div/div[3]/form/button
[2021-03-17 07:02:55]cl_getDriver.py(127): click_Success->//*[@id="base_box"]/div/div[3]/form/button
[2021-03-17 07:02:57]cl_getDriver.py(127): click_Success->//*[@id="base_box"]/div/div[3]/form/button
[2021-03-17 07:02:57]cl_getDriver.py(72): Open NewTab->https://kabuoji3.com/stock/4102/1987/
[2021-03-17 07:02:58]cl_getDriver.py(127): click_Success->//*[@id="base_box"]/div/div[3]/form/button
[2021-03-17 07:02:58]cl_getDriver.py(72): Open NewTab->https://kabuoji3.com/stock/4107/2005/
[2021-03-17 07:02:59]cl_getDriver.py(127): click_Success->//*[@id="base_box"]/div/div[3]/form/button
[2021-03-17 07:02:59]cl_getDriver.py(127): click_Success->//*[@id="base_box"]/div/div[3]/form/button
[2021-03-17 07:03:01]cl_getDriver.py(127): click_Success->//*[@id="base_box"]/div/div[3]/form/button
[2021-03-17 07:03:02]cl_getDriver.py(72): Open NewTab->https://kabuoji3.com/stock/4102/1986/
[2021-03-17 07:03:02]cl_getDriver.py(127): click_Success->//*[@id="base_box"]/div/div[3]/form/button
[2021-03-17 07:03:02]cl_getDriver.py(72): Open NewTab->https://kabuoji3.com/stock/4107/2004/
[2021-03-17 07:03:03]cl_getDriver.py(127): click_Success->//*[@id="base_box"]/div/div[3]/form/button
[2021-03-17 07:03:03]cl_getDriver.py(127): click_Success->//*[@id="base_box"]/div/div[3]/form/button
[2021-03-17 07:03:05]cl_getDriver.py(127): click_Success->//*[@id="base_box"]/div/div[3]/form/button
[2021-03-17 07:03:06]cl_getDriver.py(72): Open NewTab->https://kabuoji3.com/stock/4102/1985/
[2021-03-17 07:03:06]cl_getDriver.py(127): click_Success->//*[@id="base_box"]/div/div[3]/form/button
[2021-03-17 07:03:06]cl_getDriver.py(72): Open NewTab->https://kabuoji3.com/stock/4107/2003/
[2021-03-17 07:03:07]cl_getDriver.py(127): click_Success->//*[@id="base_box"]/div/div[3]/form/button
[2021-03-17 07:03:08]cl_getDriver.py(127): click_Success->//*[@id="base_box"]/div/div[3]/form/button
[2021-03-17 07:03:09]cl_getDriver.py(127): click_Success->//*[@id="base_box"]/div/div[3]/form/button
[2021-03-17 07:03:10]cl_getDriver.py(72): Open NewTab->https://kabuoji3.com/stock/4102/1984/
[2021-03-17 07:03:10]cl_getDriver.py(127): click_Success->//*[@id="base_box"]/div/div[3]/form/button
[2021-03-17 07:03:10]cl_getDriver.py(72): Open NewTab->https://kabuoji3.com/stock/4107/2002/
[2021-03-17 07:03:11]cl_getDriver.py(127): click_Success->//*[@id="base_box"]/div/div[3]/form/button
[2021-03-17 07:03:12]cl_getDriver.py(127): click_Success->//*[@id="base_box"]/div/div[3]/form/button
[2021-03-17 07:03:13]cl_getDriver.py(127): click_Success->//*[@id="base_box"]/div/div[3]/form/button
[2021-03-17 07:03:14]cl_getDriver.py(72): Open NewTab->https://kabuoji3.com/stock/4102/1983/
[2021-03-17 07:03:14]cl_getDriver.py(127): click_Success->//*[@id="base_box"]/div/div[3]/form/button
[2021-03-17 07:03:14]cl_getDriver.py(72): Open NewTab->https://kabuoji3.com/stock/4107/2001/
[2021-03-17 07:03:15]cl_getDriver.py(127): click_Success->//*[@id="base_box"]/div/div[3]/form/button
[2021-03-17 07:03:16]cl_getDriver.py(127): click_Success->//*[@id="base_box"]/div/div[3]/form/button
[2021-03-17 07:03:18]cl_getDriver.py(127): click_Success->//*[@id="base_box"]/div/div[3]/form/button
[2021-03-17 07:03:18]cl_getDriver.py(127): click_Success->//*[@id="base_box"]/div/div[3]/form/button
[2021-03-17 07:03:18]cl_getDriver.py(72): Open NewTab->https://kabuoji3.com/stock/4107/2000/
[2021-03-17 07:03:19]cl_getDriver.py(127): click_Success->//*[@id="base_box"]/div/div[3]/form/button
[2021-03-17 07:03:22]cl_getDriver.py(127): click_Success->//*[@id="base_box"]/div/div[3]/form/button
[2021-03-17 07:03:22]main.py(42): finished Process->https://kabuoji3.com/stock/4102/
[2021-03-17 07:03:22]main.py(15): start_Process->https://kabuoji3.com/stock/4109/
[2021-03-17 07:03:22]cl_getDriver.py(72): Open NewTab->https://kabuoji3.com/stock/4107/1999/
[2021-03-17 07:03:23]cl_getDriver.py(127): click_Success->//*[@id="base_box"]/div/div[3]/form/button
[2021-03-17 07:03:25]cl_getDriver.py(127): click_Success->//*[@id="base_box"]/div/div[3]/form/button
[2021-03-17 07:03:25]cl_getDriver.py(72): Open NewTab->https://kabuoji3.com/stock/4107/1998/
[2021-03-17 07:03:27]cl_getDriver.py(127): click_Success->//*[@id="base_box"]/div/div[3]/form/button
[2021-03-17 07:03:27]cl_getDriver.py(64): getURL=https://kabuoji3.com/stock/4109/
[2021-03-17 07:03:28]cl_getDriver.py(72): Open NewTab->https://kabuoji3.com/stock/4109/
[2021-03-17 07:03:28]cl_getDriver.py(130): Not Found->//*[@id="base_box"]/div/div[3]/form/button
[2021-03-17 07:03:29]cl_getDriver.py(127): click_Success->//*[@id="base_box"]/div/div[3]/form/button
[2021-03-17 07:03:30]cl_getDriver.py(72): Open NewTab->https://kabuoji3.com/stock/4107/1997/
[2021-03-17 07:03:30]cl_getDriver.py(130): Not Found->//*[@id="base_box"]/div/div[3]/form/button
[2021-03-17 07:03:31]cl_getDriver.py(72): Open NewTab->https://kabuoji3.com/stock/4109/2021/
[2021-03-17 07:03:31]cl_getDriver.py(127): click_Success->//*[@id="base_box"]/div/div[3]/form/button
[2021-03-17 07:03:32]cl_getDriver.py(127): click_Success->//*[@id="base_box"]/div/div[3]/form/button
[2021-03-17 07:03:33]cl_getDriver.py(127): click_Success->//*[@id="base_box"]/div/div[3]/form/button
[2021-03-17 07:03:33]cl_getDriver.py(72): Open NewTab->https://kabuoji3.com/stock/4107/1996/
[2021-03-17 07:03:34]cl_getDriver.py(127): click_Success->//*[@id="base_box"]/div/div[3]/form/button
[2021-03-17 07:03:34]cl_getDriver.py(72): Open NewTab->https://kabuoji3.com/stock/4109/2020/
[2021-03-17 07:03:35]cl_getDriver.py(127): click_Success->//*[@id="base_box"]/div/div[3]/form/button
[2021-03-17 07:03:36]cl_getDriver.py(127): click_Success->//*[@id="base_box"]/div/div[3]/form/button
[2021-03-17 07:03:37]cl_getDriver.py(127): click_Success->//*[@id="base_box"]/div/div[3]/form/button
[2021-03-17 07:03:37]cl_getDriver.py(72): Open NewTab->https://kabuoji3.com/stock/4107/1995/
[2021-03-17 07:03:38]cl_getDriver.py(127): click_Success->//*[@id="base_box"]/div/div[3]/form/button
[2021-03-17 07:03:38]cl_getDriver.py(72): Open NewTab->https://kabuoji3.com/stock/4109/2019/
[2021-03-17 07:03:38]cl_getDriver.py(127): click_Success->//*[@id="base_box"]/div/div[3]/form/button
[2021-03-17 07:03:39]cl_getDriver.py(127): click_Success->//*[@id="base_box"]/div/div[3]/form/button
[2021-03-17 07:03:41]cl_getDriver.py(127): click_Success->//*[@id="base_box"]/div/div[3]/form/button
[2021-03-17 07:03:41]cl_getDriver.py(72): Open NewTab->https://kabuoji3.com/stock/4107/1994/
[2021-03-17 07:03:42]cl_getDriver.py(127): click_Success->//*[@id="base_box"]/div/div[3]/form/button
[2021-03-17 07:03:42]cl_getDriver.py(72): Open NewTab->https://kabuoji3.com/stock/4109/2018/
[2021-03-17 07:03:42]cl_getDriver.py(127): click_Success->//*[@id="base_box"]/div/div[3]/form/button
[2021-03-17 07:03:43]cl_getDriver.py(127): click_Success->//*[@id="base_box"]/div/div[3]/form/button
[2021-03-17 07:03:45]cl_getDriver.py(127): click_Success->//*[@id="base_box"]/div/div[3]/form/button
[2021-03-17 07:03:45]cl_getDriver.py(72): Open NewTab->https://kabuoji3.com/stock/4107/1993/
[2021-03-17 07:03:45]cl_getDriver.py(127): click_Success->//*[@id="base_box"]/div/div[3]/form/button
[2021-03-17 07:03:46]cl_getDriver.py(72): Open NewTab->https://kabuoji3.com/stock/4109/2017/
[2021-03-17 07:03:46]cl_getDriver.py(127): click_Success->//*[@id="base_box"]/div/div[3]/form/button
[2021-03-17 07:03:47]cl_getDriver.py(127): click_Success->//*[@id="base_box"]/div/div[3]/form/button
[2021-03-17 07:03:49]cl_getDriver.py(127): click_Success->//*[@id="base_box"]/div/div[3]/form/button
[2021-03-17 07:03:49]cl_getDriver.py(72): Open NewTab->https://kabuoji3.com/stock/4107/1992/
[2021-03-17 07:03:49]cl_getDriver.py(127): click_Success->//*[@id="base_box"]/div/div[3]/form/button
[2021-03-17 07:03:50]cl_getDriver.py(72): Open NewTab->https://kabuoji3.com/stock/4109/2016/
[2021-03-17 07:03:50]cl_getDriver.py(127): click_Success->//*[@id="base_box"]/div/div[3]/form/button
[2021-03-17 07:03:51]cl_getDriver.py(127): click_Success->//*[@id="base_box"]/div/div[3]/form/button
[2021-03-17 07:03:53]cl_getDriver.py(127): click_Success->//*[@id="base_box"]/div/div[3]/form/button
[2021-03-17 07:03:53]cl_getDriver.py(72): Open NewTab->https://kabuoji3.com/stock/4107/1991/
[2021-03-17 07:03:53]cl_getDriver.py(127): click_Success->//*[@id="base_box"]/div/div[3]/form/button
[2021-03-17 07:03:54]cl_getDriver.py(72): Open NewTab->https://kabuoji3.com/stock/4109/2015/
[2021-03-17 07:03:54]cl_getDriver.py(127): click_Success->//*[@id="base_box"]/div/div[3]/form/button
[2021-03-17 07:03:55]cl_getDriver.py(127): click_Success->//*[@id="base_box"]/div/div[3]/form/button
[2021-03-17 07:03:57]cl_getDriver.py(127): click_Success->//*[@id="base_box"]/div/div[3]/form/button
[2021-03-17 07:03:57]cl_getDriver.py(127): click_Success->//*[@id="base_box"]/div/div[3]/form/button
[2021-03-17 07:03:57]cl_getDriver.py(72): Open NewTab->https://kabuoji3.com/stock/4107/1990/
[2021-03-17 07:03:58]cl_getDriver.py(72): Open NewTab->https://kabuoji3.com/stock/4109/2014/
[2021-03-17 07:03:58]cl_getDriver.py(127): click_Success->//*[@id="base_box"]/div/div[3]/form/button
[2021-03-17 07:03:59]cl_getDriver.py(127): click_Success->//*[@id="base_box"]/div/div[3]/form/button
[2021-03-17 07:04:01]cl_getDriver.py(127): click_Success->//*[@id="base_box"]/div/div[3]/form/button
[2021-03-17 07:04:01]cl_getDriver.py(127): click_Success->//*[@id="base_box"]/div/div[3]/form/button
[2021-03-17 07:04:02]cl_getDriver.py(72): Open NewTab->https://kabuoji3.com/stock/4109/2013/
[2021-03-17 07:04:02]cl_getDriver.py(127): click_Success->//*[@id="base_box"]/div/div[3]/form/button
[2021-03-17 07:04:05]cl_getDriver.py(127): click_Success->//*[@id="base_box"]/div/div[3]/form/button
[2021-03-17 07:04:05]cl_getDriver.py(72): Open NewTab->https://kabuoji3.com/stock/4109/2012/
[2021-03-17 07:04:05]main.py(42): finished Process->https://kabuoji3.com/stock/4107/
[2021-03-17 07:04:05]main.py(15): start_Process->https://kabuoji3.com/stock/4112/
[2021-03-17 07:04:06]cl_getDriver.py(127): click_Success->//*[@id="base_box"]/div/div[3]/form/button
[2021-03-17 07:04:08]cl_getDriver.py(127): click_Success->//*[@id="base_box"]/div/div[3]/form/button
[2021-03-17 07:04:09]cl_getDriver.py(72): Open NewTab->https://kabuoji3.com/stock/4109/2011/
[2021-03-17 07:04:10]cl_getDriver.py(127): click_Success->//*[@id="base_box"]/div/div[3]/form/button
[2021-03-17 07:04:11]cl_getDriver.py(64): getURL=https://kabuoji3.com/stock/4112/
[2021-03-17 07:04:11]cl_getDriver.py(72): Open NewTab->https://kabuoji3.com/stock/4112/
[2021-03-17 07:04:12]cl_getDriver.py(130): Not Found->//*[@id="base_box"]/div/div[3]/form/button
[2021-03-17 07:04:12]cl_getDriver.py(127): click_Success->//*[@id="base_box"]/div/div[3]/form/button
[2021-03-17 07:04:13]cl_getDriver.py(72): Open NewTab->https://kabuoji3.com/stock/4109/2010/
[2021-03-17 07:04:13]cl_getDriver.py(127): click_Success->//*[@id="base_box"]/div/div[3]/form/button
[2021-03-17 07:04:14]cl_getDriver.py(130): Not Found->//*[@id="base_box"]/div/div[3]/form/button
[2021-03-17 07:04:14]cl_getDriver.py(72): Open NewTab->https://kabuoji3.com/stock/4112/2021/
[2021-03-17 07:04:15]cl_getDriver.py(127): click_Success->//*[@id="base_box"]/div/div[3]/form/button
[2021-03-17 07:04:16]cl_getDriver.py(127): click_Success->//*[@id="base_box"]/div/div[3]/form/button
[2021-03-17 07:04:16]cl_getDriver.py(72): Open NewTab->https://kabuoji3.com/stock/4109/2009/
[2021-03-17 07:04:17]cl_getDriver.py(127): click_Success->//*[@id="base_box"]/div/div[3]/form/button
[2021-03-17 07:04:17]cl_getDriver.py(127): click_Success->//*[@id="base_box"]/div/div[3]/form/button
[2021-03-17 07:04:18]cl_getDriver.py(72): Open NewTab->https://kabuoji3.com/stock/4112/2020/
[2021-03-17 07:04:19]cl_getDriver.py(127): click_Success->//*[@id="base_box"]/div/div[3]/form/button
[2021-03-17 07:04:19]cl_getDriver.py(127): click_Success->//*[@id="base_box"]/div/div[3]/form/button
[2021-03-17 07:04:20]cl_getDriver.py(72): Open NewTab->https://kabuoji3.com/stock/4109/2008/
[2021-03-17 07:04:21]cl_getDriver.py(127): click_Success->//*[@id="base_box"]/div/div[3]/form/button
[2021-03-17 07:04:21]cl_getDriver.py(127): click_Success->//*[@id="base_box"]/div/div[3]/form/button
[2021-03-17 07:04:21]cl_getDriver.py(72): Open NewTab->https://kabuoji3.com/stock/4112/2019/
[2021-03-17 07:04:22]cl_getDriver.py(127): click_Success->//*[@id="base_box"]/div/div[3]/form/button
[2021-03-17 07:04:23]cl_getDriver.py(127): click_Success->//*[@id="base_box"]/div/div[3]/form/button
[2021-03-17 07:04:23]cl_getDriver.py(72): Open NewTab->https://kabuoji3.com/stock/4109/2007/
[2021-03-17 07:04:25]cl_getDriver.py(127): click_Success->//*[@id="base_box"]/div/div[3]/form/button
[2021-03-17 07:04:25]cl_getDriver.py(127): click_Success->//*[@id="base_box"]/div/div[3]/form/button
[2021-03-17 07:04:25]cl_getDriver.py(72): Open NewTab->https://kabuoji3.com/stock/4112/2018/
[2021-03-17 07:04:26]cl_getDriver.py(127): click_Success->//*[@id="base_box"]/div/div[3]/form/button
[2021-03-17 07:04:27]cl_getDriver.py(127): click_Success->//*[@id="base_box"]/div/div[3]/form/button
[2021-03-17 07:04:27]cl_getDriver.py(72): Open NewTab->https://kabuoji3.com/stock/4109/2006/
[2021-03-17 07:04:28]cl_getDriver.py(127): click_Success->//*[@id="base_box"]/div/div[3]/form/button
[2021-03-17 07:04:28]cl_getDriver.py(127): click_Success->//*[@id="base_box"]/div/div[3]/form/button
[2021-03-17 07:04:29]cl_getDriver.py(72): Open NewTab->https://kabuoji3.com/stock/4112/2017/
[2021-03-17 07:04:30]cl_getDriver.py(127): click_Success->//*[@id="base_box"]/div/div[3]/form/button
[2021-03-17 07:04:31]cl_getDriver.py(127): click_Success->//*[@id="base_box"]/div/div[3]/form/button
[2021-03-17 07:04:31]cl_getDriver.py(72): Open NewTab->https://kabuoji3.com/stock/4109/2005/
[2021-03-17 07:04:32]cl_getDriver.py(127): click_Success->//*[@id="base_box"]/div/div[3]/form/button
[2021-03-17 07:04:32]cl_getDriver.py(127): click_Success->//*[@id="base_box"]/div/div[3]/form/button
[2021-03-17 07:04:32]cl_getDriver.py(72): Open NewTab->https://kabuoji3.com/stock/4112/2016/
[2021-03-17 07:04:33]cl_getDriver.py(127): click_Success->//*[@id="base_box"]/div/div[3]/form/button
[2021-03-17 07:04:34]cl_getDriver.py(127): click_Success->//*[@id="base_box"]/div/div[3]/form/button
[2021-03-17 07:04:35]cl_getDriver.py(72): Open NewTab->https://kabuoji3.com/stock/4109/2004/
[2021-03-17 07:04:36]cl_getDriver.py(127): click_Success->//*[@id="base_box"]/div/div[3]/form/button
[2021-03-17 07:04:36]cl_getDriver.py(127): click_Success->//*[@id="base_box"]/div/div[3]/form/button
[2021-03-17 07:04:36]cl_getDriver.py(72): Open NewTab->https://kabuoji3.com/stock/4112/2015/
[2021-03-17 07:04:37]cl_getDriver.py(127): click_Success->//*[@id="base_box"]/div/div[3]/form/button
[2021-03-17 07:04:38]cl_getDriver.py(127): click_Success->//*[@id="base_box"]/div/div[3]/form/button
[2021-03-17 07:04:38]cl_getDriver.py(72): Open NewTab->https://kabuoji3.com/stock/4109/2003/
[2021-03-17 07:04:39]cl_getDriver.py(127): click_Success->//*[@id="base_box"]/div/div[3]/form/button
[2021-03-17 07:04:39]cl_getDriver.py(127): click_Success->//*[@id="base_box"]/div/div[3]/form/button
[2021-03-17 07:04:40]cl_getDriver.py(72): Open NewTab->https://kabuoji3.com/stock/4112/2014/
[2021-03-17 07:04:41]cl_getDriver.py(127): click_Success->//*[@id="base_box"]/div/div[3]/form/button
[2021-03-17 07:04:42]cl_getDriver.py(127): click_Success->//*[@id="base_box"]/div/div[3]/form/button
[2021-03-17 07:04:42]cl_getDriver.py(72): Open NewTab->https://kabuoji3.com/stock/4109/2002/
[2021-03-17 07:04:43]cl_getDriver.py(127): click_Success->//*[@id="base_box"]/div/div[3]/form/button
[2021-03-17 07:04:43]cl_getDriver.py(127): click_Success->//*[@id="base_box"]/div/div[3]/form/button
[2021-03-17 07:04:43]cl_getDriver.py(72): Open NewTab->https://kabuoji3.com/stock/4112/2013/
[2021-03-17 07:04:44]cl_getDriver.py(127): click_Success->//*[@id="base_box"]/div/div[3]/form/button
[2021-03-17 07:04:45]cl_getDriver.py(127): click_Success->//*[@id="base_box"]/div/div[3]/form/button
[2021-03-17 07:04:45]cl_getDriver.py(72): Open NewTab->https://kabuoji3.com/stock/4109/2001/
[2021-03-17 07:04:46]cl_getDriver.py(127): click_Success->//*[@id="base_box"]/div/div[3]/form/button
[2021-03-17 07:04:47]cl_getDriver.py(127): click_Success->//*[@id="base_box"]/div/div[3]/form/button
[2021-03-17 07:04:47]cl_getDriver.py(72): Open NewTab->https://kabuoji3.com/stock/4112/2012/
[2021-03-17 07:04:48]cl_getDriver.py(127): click_Success->//*[@id="base_box"]/div/div[3]/form/button
[2021-03-17 07:04:49]cl_getDriver.py(127): click_Success->//*[@id="base_box"]/div/div[3]/form/button
[2021-03-17 07:04:49]cl_getDriver.py(72): Open NewTab->https://kabuoji3.com/stock/4109/2000/
[2021-03-17 07:04:50]cl_getDriver.py(127): click_Success->//*[@id="base_box"]/div/div[3]/form/button
[2021-03-17 07:04:50]cl_getDriver.py(127): click_Success->//*[@id="base_box"]/div/div[3]/form/button
[2021-03-17 07:04:51]cl_getDriver.py(72): Open NewTab->https://kabuoji3.com/stock/4112/2011/
[2021-03-17 07:04:52]cl_getDriver.py(127): click_Success->//*[@id="base_box"]/div/div[3]/form/button
[2021-03-17 07:04:52]cl_getDriver.py(127): click_Success->//*[@id="base_box"]/div/div[3]/form/button
[2021-03-17 07:04:54]cl_getDriver.py(127): click_Success->//*[@id="base_box"]/div/div[3]/form/button
[2021-03-17 07:04:54]cl_getDriver.py(72): Open NewTab->https://kabuoji3.com/stock/4112/2010/
[2021-03-17 07:04:56]main.py(42): finished Process->https://kabuoji3.com/stock/4109/
[2021-03-17 07:04:56]main.py(15): start_Process->https://kabuoji3.com/stock/4113/
[2021-03-17 07:04:57]cl_getDriver.py(127): click_Success->//*[@id="base_box"]/div/div[3]/form/button
[2021-03-17 07:04:59]cl_getDriver.py(127): click_Success->//*[@id="base_box"]/div/div[3]/form/button
[2021-03-17 07:05:00]cl_getDriver.py(72): Open NewTab->https://kabuoji3.com/stock/4112/2009/
[2021-03-17 07:05:01]cl_getDriver.py(127): click_Success->//*[@id="base_box"]/div/div[3]/form/button
[2021-03-17 07:05:02]cl_getDriver.py(64): getURL=https://kabuoji3.com/stock/4113/
[2021-03-17 07:05:03]cl_getDriver.py(72): Open NewTab->https://kabuoji3.com/stock/4113/
[2021-03-17 07:05:03]cl_getDriver.py(127): click_Success->//*[@id="base_box"]/div/div[3]/form/button
[2021-03-17 07:05:04]cl_getDriver.py(72): Open NewTab->https://kabuoji3.com/stock/4112/2008/
[2021-03-17 07:05:04]cl_getDriver.py(130): Not Found->//*[@id="base_box"]/div/div[3]/form/button
[2021-03-17 07:05:05]cl_getDriver.py(127): click_Success->//*[@id="base_box"]/div/div[3]/form/button
[2021-03-17 07:05:06]cl_getDriver.py(130): Not Found->//*[@id="base_box"]/div/div[3]/form/button
[2021-03-17 07:05:06]cl_getDriver.py(72): Open NewTab->https://kabuoji3.com/stock/4113/2021/
[2021-03-17 07:05:07]cl_getDriver.py(127): click_Success->//*[@id="base_box"]/div/div[3]/form/button
[2021-03-17 07:05:07]cl_getDriver.py(127): click_Success->//*[@id="base_box"]/div/div[3]/form/button
[2021-03-17 07:05:07]cl_getDriver.py(72): Open NewTab->https://kabuoji3.com/stock/4112/2007/
[2021-03-17 07:05:09]cl_getDriver.py(127): click_Success->//*[@id="base_box"]/div/div[3]/form/button
[2021-03-17 07:05:09]cl_getDriver.py(127): click_Success->//*[@id="base_box"]/div/div[3]/form/button
[2021-03-17 07:05:10]cl_getDriver.py(72): Open NewTab->https://kabuoji3.com/stock/4113/2020/
[2021-03-17 07:05:11]cl_getDriver.py(127): click_Success->//*[@id="base_box"]/div/div[3]/form/button
[2021-03-17 07:05:11]cl_getDriver.py(127): click_Success->//*[@id="base_box"]/div/div[3]/form/button
[2021-03-17 07:05:11]cl_getDriver.py(72): Open NewTab->https://kabuoji3.com/stock/4112/2006/
[2021-03-17 07:05:12]cl_getDriver.py(127): click_Success->//*[@id="base_box"]/div/div[3]/form/button
[2021-03-17 07:05:13]cl_getDriver.py(127): click_Success->//*[@id="base_box"]/div/div[3]/form/button
[2021-03-17 07:05:13]cl_getDriver.py(72): Open NewTab->https://kabuoji3.com/stock/4113/2019/
[2021-03-17 07:05:14]cl_getDriver.py(127): click_Success->//*[@id="base_box"]/div/div[3]/form/button
[2021-03-17 07:05:15]cl_getDriver.py(127): click_Success->//*[@id="base_box"]/div/div[3]/form/button
[2021-03-17 07:05:15]cl_getDriver.py(72): Open NewTab->https://kabuoji3.com/stock/4112/2005/
[2021-03-17 07:05:16]cl_getDriver.py(127): click_Success->//*[@id="base_box"]/div/div[3]/form/button
[2021-03-17 07:05:16]cl_getDriver.py(127): click_Success->//*[@id="base_box"]/div/div[3]/form/button
[2021-03-17 07:05:17]cl_getDriver.py(72): Open NewTab->https://kabuoji3.com/stock/4113/2018/
[2021-03-17 07:05:18]cl_getDriver.py(127): click_Success->//*[@id="base_box"]/div/div[3]/form/button
[2021-03-17 07:05:18]cl_getDriver.py(127): click_Success->//*[@id="base_box"]/div/div[3]/form/button
[2021-03-17 07:05:19]cl_getDriver.py(72): Open NewTab->https://kabuoji3.com/stock/4112/2004/
[2021-03-17 07:05:20]cl_getDriver.py(127): click_Success->//*[@id="base_box"]/div/div[3]/form/button
[2021-03-17 07:05:20]cl_getDriver.py(127): click_Success->//*[@id="base_box"]/div/div[3]/form/button
[2021-03-17 07:05:20]cl_getDriver.py(72): Open NewTab->https://kabuoji3.com/stock/4113/2017/
[2021-03-17 07:05:21]cl_getDriver.py(127): click_Success->//*[@id="base_box"]/div/div[3]/form/button
[2021-03-17 07:05:22]cl_getDriver.py(127): click_Success->//*[@id="base_box"]/div/div[3]/form/button
[2021-03-17 07:05:22]cl_getDriver.py(72): Open NewTab->https://kabuoji3.com/stock/4112/2003/
[2021-03-17 07:05:23]cl_getDriver.py(127): click_Success->//*[@id="base_box"]/div/div[3]/form/button
[2021-03-17 07:05:24]cl_getDriver.py(127): click_Success->//*[@id="base_box"]/div/div[3]/form/button
[2021-03-17 07:05:24]cl_getDriver.py(72): Open NewTab->https://kabuoji3.com/stock/4113/2016/
[2021-03-17 07:05:25]cl_getDriver.py(127): click_Success->//*[@id="base_box"]/div/div[3]/form/button
[2021-03-17 07:05:26]cl_getDriver.py(127): click_Success->//*[@id="base_box"]/div/div[3]/form/button
[2021-03-17 07:05:26]cl_getDriver.py(72): Open NewTab->https://kabuoji3.com/stock/4112/2002/
[2021-03-17 07:05:27]cl_getDriver.py(127): click_Success->//*[@id="base_box"]/div/div[3]/form/button
[2021-03-17 07:05:27]cl_getDriver.py(127): click_Success->//*[@id="base_box"]/div/div[3]/form/button
[2021-03-17 07:05:28]cl_getDriver.py(72): Open NewTab->https://kabuoji3.com/stock/4113/2015/
[2021-03-17 07:05:29]cl_getDriver.py(127): click_Success->//*[@id="base_box"]/div/div[3]/form/button
[2021-03-17 07:05:29]cl_getDriver.py(127): click_Success->//*[@id="base_box"]/div/div[3]/form/button
[2021-03-17 07:05:30]cl_getDriver.py(72): Open NewTab->https://kabuoji3.com/stock/4112/2001/
[2021-03-17 07:05:31]cl_getDriver.py(127): click_Success->//*[@id="base_box"]/div/div[3]/form/button
[2021-03-17 07:05:31]cl_getDriver.py(127): click_Success->//*[@id="base_box"]/div/div[3]/form/button
[2021-03-17 07:05:31]cl_getDriver.py(72): Open NewTab->https://kabuoji3.com/stock/4113/2014/
[2021-03-17 07:05:32]cl_getDriver.py(127): click_Success->//*[@id="base_box"]/div/div[3]/form/button
[2021-03-17 07:05:33]cl_getDriver.py(127): click_Success->//*[@id="base_box"]/div/div[3]/form/button
[2021-03-17 07:05:33]cl_getDriver.py(72): Open NewTab->https://kabuoji3.com/stock/4112/2000/
[2021-03-17 07:05:34]cl_getDriver.py(127): click_Success->//*[@id="base_box"]/div/div[3]/form/button
[2021-03-17 07:05:34]cl_getDriver.py(127): click_Success->//*[@id="base_box"]/div/div[3]/form/button
[2021-03-17 07:05:35]cl_getDriver.py(72): Open NewTab->https://kabuoji3.com/stock/4113/2013/
[2021-03-17 07:05:36]cl_getDriver.py(127): click_Success->//*[@id="base_box"]/div/div[3]/form/button
[2021-03-17 07:05:37]cl_getDriver.py(127): click_Success->//*[@id="base_box"]/div/div[3]/form/button
[2021-03-17 07:05:37]cl_getDriver.py(72): Open NewTab->https://kabuoji3.com/stock/4112/1999/
[2021-03-17 07:05:38]cl_getDriver.py(127): click_Success->//*[@id="base_box"]/div/div[3]/form/button
[2021-03-17 07:05:38]cl_getDriver.py(127): click_Success->//*[@id="base_box"]/div/div[3]/form/button
[2021-03-17 07:05:39]cl_getDriver.py(72): Open NewTab->https://kabuoji3.com/stock/4113/2012/
[2021-03-17 07:05:39]cl_getDriver.py(127): click_Success->//*[@id="base_box"]/div/div[3]/form/button
[2021-03-17 07:05:40]cl_getDriver.py(127): click_Success->//*[@id="base_box"]/div/div[3]/form/button
[2021-03-17 07:05:41]cl_getDriver.py(72): Open NewTab->https://kabuoji3.com/stock/4112/1998/
[2021-03-17 07:05:42]cl_getDriver.py(127): click_Success->//*[@id="base_box"]/div/div[3]/form/button
[2021-03-17 07:05:42]cl_getDriver.py(127): click_Success->//*[@id="base_box"]/div/div[3]/form/button
[2021-03-17 07:05:42]cl_getDriver.py(72): Open NewTab->https://kabuoji3.com/stock/4113/2011/
[2021-03-17 07:05:43]cl_getDriver.py(127): click_Success->//*[@id="base_box"]/div/div[3]/form/button
[2021-03-17 07:05:45]cl_getDriver.py(127): click_Success->//*[@id="base_box"]/div/div[3]/form/button
[2021-03-17 07:05:45]cl_getDriver.py(72): Open NewTab->https://kabuoji3.com/stock/4112/1997/
[2021-03-17 07:05:46]cl_getDriver.py(127): click_Success->//*[@id="base_box"]/div/div[3]/form/button
[2021-03-17 07:05:46]cl_getDriver.py(72): Open NewTab->https://kabuoji3.com/stock/4113/2010/
[2021-03-17 07:05:46]cl_getDriver.py(127): click_Success->//*[@id="base_box"]/div/div[3]/form/button
[2021-03-17 07:05:47]cl_getDriver.py(127): click_Success->//*[@id="base_box"]/div/div[3]/form/button
[2021-03-17 07:05:49]cl_getDriver.py(127): click_Success->//*[@id="base_box"]/div/div[3]/form/button
[2021-03-17 07:05:49]cl_getDriver.py(72): Open NewTab->https://kabuoji3.com/stock/4112/1996/
[2021-03-17 07:05:49]cl_getDriver.py(127): click_Success->//*[@id="base_box"]/div/div[3]/form/button
[2021-03-17 07:05:50]cl_getDriver.py(72): Open NewTab->https://kabuoji3.com/stock/4113/2009/
[2021-03-17 07:05:50]cl_getDriver.py(127): click_Success->//*[@id="base_box"]/div/div[3]/form/button
[2021-03-17 07:05:51]cl_getDriver.py(127): click_Success->//*[@id="base_box"]/div/div[3]/form/button
[2021-03-17 07:05:52]cl_getDriver.py(127): click_Success->//*[@id="base_box"]/div/div[3]/form/button
[2021-03-17 07:05:53]cl_getDriver.py(72): Open NewTab->https://kabuoji3.com/stock/4112/1995/
[2021-03-17 07:05:53]cl_getDriver.py(127): click_Success->//*[@id="base_box"]/div/div[3]/form/button
[2021-03-17 07:05:54]cl_getDriver.py(72): Open NewTab->https://kabuoji3.com/stock/4113/2008/
[2021-03-17 07:05:54]cl_getDriver.py(127): click_Success->//*[@id="base_box"]/div/div[3]/form/button
[2021-03-17 07:05:55]cl_getDriver.py(127): click_Success->//*[@id="base_box"]/div/div[3]/form/button
[2021-03-17 07:05:56]cl_getDriver.py(127): click_Success->//*[@id="base_box"]/div/div[3]/form/button
[2021-03-17 07:05:57]cl_getDriver.py(72): Open NewTab->https://kabuoji3.com/stock/4112/1994/
[2021-03-17 07:05:57]cl_getDriver.py(127): click_Success->//*[@id="base_box"]/div/div[3]/form/button
[2021-03-17 07:05:58]cl_getDriver.py(72): Open NewTab->https://kabuoji3.com/stock/4113/2007/
[2021-03-17 07:05:58]cl_getDriver.py(127): click_Success->//*[@id="base_box"]/div/div[3]/form/button
[2021-03-17 07:05:59]cl_getDriver.py(127): click_Success->//*[@id="base_box"]/div/div[3]/form/button
[2021-03-17 07:06:00]cl_getDriver.py(127): click_Success->//*[@id="base_box"]/div/div[3]/form/button
[2021-03-17 07:06:01]cl_getDriver.py(72): Open NewTab->https://kabuoji3.com/stock/4112/1993/
[2021-03-17 07:06:01]cl_getDriver.py(127): click_Success->//*[@id="base_box"]/div/div[3]/form/button
[2021-03-17 07:06:02]cl_getDriver.py(72): Open NewTab->https://kabuoji3.com/stock/4113/2006/
[2021-03-17 07:06:02]cl_getDriver.py(127): click_Success->//*[@id="base_box"]/div/div[3]/form/button
[2021-03-17 07:06:03]cl_getDriver.py(127): click_Success->//*[@id="base_box"]/div/div[3]/form/button
[2021-03-17 07:06:04]cl_getDriver.py(127): click_Success->//*[@id="base_box"]/div/div[3]/form/button
[2021-03-17 07:06:05]cl_getDriver.py(72): Open NewTab->https://kabuoji3.com/stock/4112/1992/
[2021-03-17 07:06:05]cl_getDriver.py(127): click_Success->//*[@id="base_box"]/div/div[3]/form/button
[2021-03-17 07:06:05]cl_getDriver.py(72): Open NewTab->https://kabuoji3.com/stock/4113/2005/
[2021-03-17 07:06:06]cl_getDriver.py(127): click_Success->//*[@id="base_box"]/div/div[3]/form/button
[2021-03-17 07:06:07]cl_getDriver.py(127): click_Success->//*[@id="base_box"]/div/div[3]/form/button
[2021-03-17 07:06:08]cl_getDriver.py(127): click_Success->//*[@id="base_box"]/div/div[3]/form/button
[2021-03-17 07:06:09]cl_getDriver.py(72): Open NewTab->https://kabuoji3.com/stock/4112/1991/
[2021-03-17 07:06:09]cl_getDriver.py(127): click_Success->//*[@id="base_box"]/div/div[3]/form/button
[2021-03-17 07:06:10]cl_getDriver.py(72): Open NewTab->https://kabuoji3.com/stock/4113/2004/
[2021-03-17 07:06:10]cl_getDriver.py(127): click_Success->//*[@id="base_box"]/div/div[3]/form/button
[2021-03-17 07:06:11]cl_getDriver.py(127): click_Success->//*[@id="base_box"]/div/div[3]/form/button
[2021-03-17 07:06:13]cl_getDriver.py(127): click_Success->//*[@id="base_box"]/div/div[3]/form/button
[2021-03-17 07:06:13]cl_getDriver.py(127): click_Success->//*[@id="base_box"]/div/div[3]/form/button
[2021-03-17 07:06:13]cl_getDriver.py(72): Open NewTab->https://kabuoji3.com/stock/4112/1990/
[2021-03-17 07:06:14]cl_getDriver.py(72): Open NewTab->https://kabuoji3.com/stock/4113/2003/
[2021-03-17 07:06:15]cl_getDriver.py(127): click_Success->//*[@id="base_box"]/div/div[3]/form/button
[2021-03-17 07:06:15]cl_getDriver.py(127): click_Success->//*[@id="base_box"]/div/div[3]/form/button
[2021-03-17 07:06:17]cl_getDriver.py(127): click_Success->//*[@id="base_box"]/div/div[3]/form/button
[2021-03-17 07:06:17]cl_getDriver.py(127): click_Success->//*[@id="base_box"]/div/div[3]/form/button
[2021-03-17 07:06:18]cl_getDriver.py(72): Open NewTab->https://kabuoji3.com/stock/4112/1989/
[2021-03-17 07:06:18]cl_getDriver.py(72): Open NewTab->https://kabuoji3.com/stock/4113/2002/
[2021-03-17 07:06:19]cl_getDriver.py(127): click_Success->//*[@id="base_box"]/div/div[3]/form/button
[2021-03-17 07:06:19]cl_getDriver.py(127): click_Success->//*[@id="base_box"]/div/div[3]/form/button
[2021-03-17 07:06:21]cl_getDriver.py(127): click_Success->//*[@id="base_box"]/div/div[3]/form/button
[2021-03-17 07:06:21]cl_getDriver.py(127): click_Success->//*[@id="base_box"]/div/div[3]/form/button
[2021-03-17 07:06:22]cl_getDriver.py(72): Open NewTab->https://kabuoji3.com/stock/4113/2001/
[2021-03-17 07:06:22]cl_getDriver.py(72): Open NewTab->https://kabuoji3.com/stock/4112/1988/
[2021-03-17 07:06:23]cl_getDriver.py(127): click_Success->//*[@id="base_box"]/div/div[3]/form/button
[2021-03-17 07:06:24]cl_getDriver.py(127): click_Success->//*[@id="base_box"]/div/div[3]/form/button
[2021-03-17 07:06:26]cl_getDriver.py(127): click_Success->//*[@id="base_box"]/div/div[3]/form/button
[2021-03-17 07:06:26]cl_getDriver.py(127): click_Success->//*[@id="base_box"]/div/div[3]/form/button
[2021-03-17 07:06:26]cl_getDriver.py(72): Open NewTab->https://kabuoji3.com/stock/4113/2000/
[2021-03-17 07:06:26]cl_getDriver.py(72): Open NewTab->https://kabuoji3.com/stock/4112/1987/
[2021-03-17 07:06:27]cl_getDriver.py(127): click_Success->//*[@id="base_box"]/div/div[3]/form/button
[2021-03-17 07:06:28]cl_getDriver.py(127): click_Success->//*[@id="base_box"]/div/div[3]/form/button
[2021-03-17 07:06:30]cl_getDriver.py(127): click_Success->//*[@id="base_box"]/div/div[3]/form/button
[2021-03-17 07:06:30]cl_getDriver.py(127): click_Success->//*[@id="base_box"]/div/div[3]/form/button
[2021-03-17 07:06:30]cl_getDriver.py(72): Open NewTab->https://kabuoji3.com/stock/4113/1999/
[2021-03-17 07:06:30]cl_getDriver.py(72): Open NewTab->https://kabuoji3.com/stock/4112/1986/
[2021-03-17 07:06:31]cl_getDriver.py(127): click_Success->//*[@id="base_box"]/div/div[3]/form/button
[2021-03-17 07:06:32]cl_getDriver.py(127): click_Success->//*[@id="base_box"]/div/div[3]/form/button
[2021-03-17 07:06:34]cl_getDriver.py(127): click_Success->//*[@id="base_box"]/div/div[3]/form/button
[2021-03-17 07:06:34]cl_getDriver.py(127): click_Success->//*[@id="base_box"]/div/div[3]/form/button
[2021-03-17 07:06:34]cl_getDriver.py(72): Open NewTab->https://kabuoji3.com/stock/4113/1998/
[2021-03-17 07:06:34]cl_getDriver.py(72): Open NewTab->https://kabuoji3.com/stock/4112/1985/
[2021-03-17 07:06:36]cl_getDriver.py(127): click_Success->//*[@id="base_box"]/div/div[3]/form/button
[2021-03-17 07:06:36]cl_getDriver.py(127): click_Success->//*[@id="base_box"]/div/div[3]/form/button
[2021-03-17 07:06:38]cl_getDriver.py(127): click_Success->//*[@id="base_box"]/div/div[3]/form/button
[2021-03-17 07:06:38]cl_getDriver.py(72): Open NewTab->https://kabuoji3.com/stock/4112/1984/
[2021-03-17 07:06:39]cl_getDriver.py(127): click_Success->//*[@id="base_box"]/div/div[3]/form/button
[2021-03-17 07:06:39]cl_getDriver.py(72): Open NewTab->https://kabuoji3.com/stock/4113/1997/
[2021-03-17 07:06:40]cl_getDriver.py(127): click_Success->//*[@id="base_box"]/div/div[3]/form/button
[2021-03-17 07:06:40]cl_getDriver.py(127): click_Success->//*[@id="base_box"]/div/div[3]/form/button
[2021-03-17 07:06:42]cl_getDriver.py(127): click_Success->//*[@id="base_box"]/div/div[3]/form/button
[2021-03-17 07:06:42]cl_getDriver.py(72): Open NewTab->https://kabuoji3.com/stock/4112/1983/
[2021-03-17 07:06:43]cl_getDriver.py(127): click_Success->//*[@id="base_box"]/div/div[3]/form/button
[2021-03-17 07:06:43]cl_getDriver.py(72): Open NewTab->https://kabuoji3.com/stock/4113/1996/
[2021-03-17 07:06:44]cl_getDriver.py(127): click_Success->//*[@id="base_box"]/div/div[3]/form/button
[2021-03-17 07:06:44]cl_getDriver.py(127): click_Success->//*[@id="base_box"]/div/div[3]/form/button
[2021-03-17 07:06:46]cl_getDriver.py(127): click_Success->//*[@id="base_box"]/div/div[3]/form/button
[2021-03-17 07:06:47]cl_getDriver.py(127): click_Success->//*[@id="base_box"]/div/div[3]/form/button
[2021-03-17 07:06:47]cl_getDriver.py(72): Open NewTab->https://kabuoji3.com/stock/4113/1995/
[2021-03-17 07:06:48]cl_getDriver.py(127): click_Success->//*[@id="base_box"]/div/div[3]/form/button
[2021-03-17 07:06:50]cl_getDriver.py(127): click_Success->//*[@id="base_box"]/div/div[3]/form/button
[2021-03-17 07:06:51]cl_getDriver.py(72): Open NewTab->https://kabuoji3.com/stock/4113/1994/
[2021-03-17 07:06:51]main.py(42): finished Process->https://kabuoji3.com/stock/4112/
[2021-03-17 07:06:51]main.py(15): start_Process->https://kabuoji3.com/stock/4114/
[2021-03-17 07:06:51]cl_getDriver.py(127): click_Success->//*[@id="base_box"]/div/div[3]/form/button
[2021-03-17 07:06:54]cl_getDriver.py(127): click_Success->//*[@id="base_box"]/div/div[3]/form/button
[2021-03-17 07:06:54]cl_getDriver.py(72): Open NewTab->https://kabuoji3.com/stock/4113/1993/
[2021-03-17 07:06:55]cl_getDriver.py(127): click_Success->//*[@id="base_box"]/div/div[3]/form/button
[2021-03-17 07:06:56]cl_getDriver.py(64): getURL=https://kabuoji3.com/stock/4114/
[2021-03-17 07:06:56]cl_getDriver.py(72): Open NewTab->https://kabuoji3.com/stock/4114/
[2021-03-17 07:06:57]cl_getDriver.py(130): Not Found->//*[@id="base_box"]/div/div[3]/form/button
[2021-03-17 07:06:57]cl_getDriver.py(127): click_Success->//*[@id="base_box"]/div/div[3]/form/button
[2021-03-17 07:06:58]cl_getDriver.py(72): Open NewTab->https://kabuoji3.com/stock/4113/1992/
[2021-03-17 07:06:59]cl_getDriver.py(127): click_Success->//*[@id="base_box"]/div/div[3]/form/button
[2021-03-17 07:06:59]cl_getDriver.py(130): Not Found->//*[@id="base_box"]/div/div[3]/form/button
[2021-03-17 07:06:59]cl_getDriver.py(72): Open NewTab->https://kabuoji3.com/stock/4114/2021/
[2021-03-17 07:07:00]cl_getDriver.py(127): click_Success->//*[@id="base_box"]/div/div[3]/form/button
[2021-03-17 07:07:01]cl_getDriver.py(127): click_Success->//*[@id="base_box"]/div/div[3]/form/button
[2021-03-17 07:07:01]cl_getDriver.py(72): Open NewTab->https://kabuoji3.com/stock/4113/1991/
[2021-03-17 07:07:02]cl_getDriver.py(127): click_Success->//*[@id="base_box"]/div/div[3]/form/button
[2021-03-17 07:07:02]cl_getDriver.py(127): click_Success->//*[@id="base_box"]/div/div[3]/form/button
[2021-03-17 07:07:03]cl_getDriver.py(72): Open NewTab->https://kabuoji3.com/stock/4114/2020/
[2021-03-17 07:07:04]cl_getDriver.py(127): click_Success->//*[@id="base_box"]/div/div[3]/form/button
[2021-03-17 07:07:04]cl_getDriver.py(127): click_Success->//*[@id="base_box"]/div/div[3]/form/button
[2021-03-17 07:07:05]cl_getDriver.py(72): Open NewTab->https://kabuoji3.com/stock/4113/1990/
[2021-03-17 07:07:06]cl_getDriver.py(127): click_Success->//*[@id="base_box"]/div/div[3]/form/button
[2021-03-17 07:07:06]cl_getDriver.py(127): click_Success->//*[@id="base_box"]/div/div[3]/form/button
[2021-03-17 07:07:07]cl_getDriver.py(72): Open NewTab->https://kabuoji3.com/stock/4114/2019/
[2021-03-17 07:07:08]cl_getDriver.py(127): click_Success->//*[@id="base_box"]/div/div[3]/form/button
[2021-03-17 07:07:08]cl_getDriver.py(127): click_Success->//*[@id="base_box"]/div/div[3]/form/button
[2021-03-17 07:07:08]cl_getDriver.py(72): Open NewTab->https://kabuoji3.com/stock/4113/1989/
[2021-03-17 07:07:09]cl_getDriver.py(127): click_Success->//*[@id="base_box"]/div/div[3]/form/button
[2021-03-17 07:07:10]cl_getDriver.py(127): click_Success->//*[@id="base_box"]/div/div[3]/form/button
[2021-03-17 07:07:10]cl_getDriver.py(72): Open NewTab->https://kabuoji3.com/stock/4114/2018/
[2021-03-17 07:07:11]cl_getDriver.py(127): click_Success->//*[@id="base_box"]/div/div[3]/form/button
[2021-03-17 07:07:12]cl_getDriver.py(127): click_Success->//*[@id="base_box"]/div/div[3]/form/button
[2021-03-17 07:07:12]cl_getDriver.py(72): Open NewTab->https://kabuoji3.com/stock/4113/1988/
[2021-03-17 07:07:13]cl_getDriver.py(127): click_Success->//*[@id="base_box"]/div/div[3]/form/button
[2021-03-17 07:07:14]cl_getDriver.py(127): click_Success->//*[@id="base_box"]/div/div[3]/form/button
[2021-03-17 07:07:14]cl_getDriver.py(72): Open NewTab->https://kabuoji3.com/stock/4114/2017/
[2021-03-17 07:07:15]cl_getDriver.py(127): click_Success->//*[@id="base_box"]/div/div[3]/form/button
[2021-03-17 07:07:15]cl_getDriver.py(127): click_Success->//*[@id="base_box"]/div/div[3]/form/button
[2021-03-17 07:07:16]cl_getDriver.py(72): Open NewTab->https://kabuoji3.com/stock/4113/1987/
[2021-03-17 07:07:17]cl_getDriver.py(127): click_Success->//*[@id="base_box"]/div/div[3]/form/button
[2021-03-17 07:07:17]cl_getDriver.py(127): click_Success->//*[@id="base_box"]/div/div[3]/form/button
[2021-03-17 07:07:17]cl_getDriver.py(72): Open NewTab->https://kabuoji3.com/stock/4114/2016/
[2021-03-17 07:07:18]cl_getDriver.py(127): click_Success->//*[@id="base_box"]/div/div[3]/form/button
[2021-03-17 07:07:19]cl_getDriver.py(127): click_Success->//*[@id="base_box"]/div/div[3]/form/button
[2021-03-17 07:07:19]cl_getDriver.py(72): Open NewTab->https://kabuoji3.com/stock/4113/1986/
[2021-03-17 07:07:20]cl_getDriver.py(127): click_Success->//*[@id="base_box"]/div/div[3]/form/button
[2021-03-17 07:07:21]cl_getDriver.py(127): click_Success->//*[@id="base_box"]/div/div[3]/form/button
[2021-03-17 07:07:21]cl_getDriver.py(72): Open NewTab->https://kabuoji3.com/stock/4114/2015/
[2021-03-17 07:07:22]cl_getDriver.py(127): click_Success->//*[@id="base_box"]/div/div[3]/form/button
[2021-03-17 07:07:22]cl_getDriver.py(127): click_Success->//*[@id="base_box"]/div/div[3]/form/button
[2021-03-17 07:07:23]cl_getDriver.py(72): Open NewTab->https://kabuoji3.com/stock/4113/1985/
[2021-03-17 07:07:24]cl_getDriver.py(127): click_Success->//*[@id="base_box"]/div/div[3]/form/button
[2021-03-17 07:07:24]cl_getDriver.py(127): click_Success->//*[@id="base_box"]/div/div[3]/form/button
[2021-03-17 07:07:25]cl_getDriver.py(72): Open NewTab->https://kabuoji3.com/stock/4114/2014/
[2021-03-17 07:07:25]cl_getDriver.py(127): click_Success->//*[@id="base_box"]/div/div[3]/form/button
[2021-03-17 07:07:26]cl_getDriver.py(127): click_Success->//*[@id="base_box"]/div/div[3]/form/button
[2021-03-17 07:07:26]cl_getDriver.py(72): Open NewTab->https://kabuoji3.com/stock/4113/1984/
[2021-03-17 07:07:27]cl_getDriver.py(127): click_Success->//*[@id="base_box"]/div/div[3]/form/button
[2021-03-17 07:07:28]cl_getDriver.py(127): click_Success->//*[@id="base_box"]/div/div[3]/form/button
[2021-03-17 07:07:28]cl_getDriver.py(72): Open NewTab->https://kabuoji3.com/stock/4114/2013/
[2021-03-17 07:07:29]cl_getDriver.py(127): click_Success->//*[@id="base_box"]/div/div[3]/form/button
[2021-03-17 07:07:30]cl_getDriver.py(127): click_Success->//*[@id="base_box"]/div/div[3]/form/button
[2021-03-17 07:07:30]cl_getDriver.py(72): Open NewTab->https://kabuoji3.com/stock/4113/1983/
[2021-03-17 07:07:31]cl_getDriver.py(127): click_Success->//*[@id="base_box"]/div/div[3]/form/button
[2021-03-17 07:07:31]cl_getDriver.py(127): click_Success->//*[@id="base_box"]/div/div[3]/form/button
[2021-03-17 07:07:32]cl_getDriver.py(72): Open NewTab->https://kabuoji3.com/stock/4114/2012/
[2021-03-17 07:07:33]cl_getDriver.py(127): click_Success->//*[@id="base_box"]/div/div[3]/form/button
[2021-03-17 07:07:33]cl_getDriver.py(127): click_Success->//*[@id="base_box"]/div/div[3]/form/button
[2021-03-17 07:07:35]cl_getDriver.py(127): click_Success->//*[@id="base_box"]/div/div[3]/form/button
[2021-03-17 07:07:35]cl_getDriver.py(72): Open NewTab->https://kabuoji3.com/stock/4114/2011/
[2021-03-17 07:07:36]cl_getDriver.py(127): click_Success->//*[@id="base_box"]/div/div[3]/form/button
[2021-03-17 07:07:37]main.py(42): finished Process->https://kabuoji3.com/stock/4113/
[2021-03-17 07:07:37]main.py(15): start_Process->https://kabuoji3.com/stock/4115/
[2021-03-17 07:07:39]cl_getDriver.py(127): click_Success->//*[@id="base_box"]/div/div[3]/form/button
[2021-03-17 07:07:39]cl_getDriver.py(72): Open NewTab->https://kabuoji3.com/stock/4114/2010/
[2021-03-17 07:07:41]cl_getDriver.py(127): click_Success->//*[@id="base_box"]/div/div[3]/form/button
[2021-03-17 07:07:43]cl_getDriver.py(127): click_Success->//*[@id="base_box"]/div/div[3]/form/button
[2021-03-17 07:07:43]cl_getDriver.py(72): Open NewTab->https://kabuoji3.com/stock/4114/2009/
[2021-03-17 07:07:44]cl_getDriver.py(64): getURL=https://kabuoji3.com/stock/4115/
[2021-03-17 07:07:44]cl_getDriver.py(127): click_Success->//*[@id="base_box"]/div/div[3]/form/button
[2021-03-17 07:07:45]cl_getDriver.py(72): Open NewTab->https://kabuoji3.com/stock/4115/
[2021-03-17 07:07:46]cl_getDriver.py(130): Not Found->//*[@id="base_box"]/div/div[3]/form/button
[2021-03-17 07:07:47]cl_getDriver.py(127): click_Success->//*[@id="base_box"]/div/div[3]/form/button
[2021-03-17 07:07:47]cl_getDriver.py(72): Open NewTab->https://kabuoji3.com/stock/4114/2008/
[2021-03-17 07:07:48]cl_getDriver.py(130): Not Found->//*[@id="base_box"]/div/div[3]/form/button
[2021-03-17 07:07:48]cl_getDriver.py(72): Open NewTab->https://kabuoji3.com/stock/4115/2021/
[2021-03-17 07:07:48]cl_getDriver.py(127): click_Success->//*[@id="base_box"]/div/div[3]/form/button
[2021-03-17 07:07:49]cl_getDriver.py(127): click_Success->//*[@id="base_box"]/div/div[3]/form/button
[2021-03-17 07:07:50]cl_getDriver.py(127): click_Success->//*[@id="base_box"]/div/div[3]/form/button
[2021-03-17 07:07:51]cl_getDriver.py(72): Open NewTab->https://kabuoji3.com/stock/4114/2007/
[2021-03-17 07:07:51]cl_getDriver.py(127): click_Success->//*[@id="base_box"]/div/div[3]/form/button
[2021-03-17 07:07:51]cl_getDriver.py(72): Open NewTab->https://kabuoji3.com/stock/4115/2020/
[2021-03-17 07:07:52]cl_getDriver.py(127): click_Success->//*[@id="base_box"]/div/div[3]/form/button
[2021-03-17 07:07:53]cl_getDriver.py(127): click_Success->//*[@id="base_box"]/div/div[3]/form/button
[2021-03-17 07:07:55]cl_getDriver.py(127): click_Success->//*[@id="base_box"]/div/div[3]/form/button
[2021-03-17 07:07:55]cl_getDriver.py(72): Open NewTab->https://kabuoji3.com/stock/4114/2006/
[2021-03-17 07:07:55]cl_getDriver.py(127): click_Success->//*[@id="base_box"]/div/div[3]/form/button
[2021-03-17 07:07:56]cl_getDriver.py(72): Open NewTab->https://kabuoji3.com/stock/4115/2019/
[2021-03-17 07:07:57]cl_getDriver.py(127): click_Success->//*[@id="base_box"]/div/div[3]/form/button
[2021-03-17 07:07:57]cl_getDriver.py(127): click_Success->//*[@id="base_box"]/div/div[3]/form/button
[2021-03-17 07:07:59]cl_getDriver.py(127): click_Success->//*[@id="base_box"]/div/div[3]/form/button
[2021-03-17 07:07:59]cl_getDriver.py(72): Open NewTab->https://kabuoji3.com/stock/4114/2005/
[2021-03-17 07:07:59]cl_getDriver.py(127): click_Success->//*[@id="base_box"]/div/div[3]/form/button
[2021-03-17 07:08:00]cl_getDriver.py(72): Open NewTab->https://kabuoji3.com/stock/4115/2018/
[2021-03-17 07:08:01]cl_getDriver.py(127): click_Success->//*[@id="base_box"]/div/div[3]/form/button
[2021-03-17 07:08:01]cl_getDriver.py(127): click_Success->//*[@id="base_box"]/div/div[3]/form/button
[2021-03-17 07:08:03]cl_getDriver.py(127): click_Success->//*[@id="base_box"]/div/div[3]/form/button
[2021-03-17 07:08:04]cl_getDriver.py(127): click_Success->//*[@id="base_box"]/div/div[3]/form/button
[2021-03-17 07:08:04]cl_getDriver.py(72): Open NewTab->https://kabuoji3.com/stock/4114/2004/
[2021-03-17 07:08:04]cl_getDriver.py(72): Open NewTab->https://kabuoji3.com/stock/4115/2017/
[2021-03-17 07:08:05]cl_getDriver.py(127): click_Success->//*[@id="base_box"]/div/div[3]/form/button
[2021-03-17 07:08:05]cl_getDriver.py(127): click_Success->//*[@id="base_box"]/div/div[3]/form/button
[2021-03-17 07:08:07]cl_getDriver.py(127): click_Success->//*[@id="base_box"]/div/div[3]/form/button
[2021-03-17 07:08:08]cl_getDriver.py(72): Open NewTab->https://kabuoji3.com/stock/4114/2003/
[2021-03-17 07:08:08]cl_getDriver.py(127): click_Success->//*[@id="base_box"]/div/div[3]/form/button
[2021-03-17 07:08:08]cl_getDriver.py(72): Open NewTab->https://kabuoji3.com/stock/4115/2016/
[2021-03-17 07:08:11]cl_getDriver.py(127): click_Success->//*[@id="base_box"]/div/div[3]/form/button
[2021-03-17 07:08:11]cl_getDriver.py(127): click_Success->//*[@id="base_box"]/div/div[3]/form/button
[2021-03-17 07:08:13]cl_getDriver.py(127): click_Success->//*[@id="base_box"]/div/div[3]/form/button
[2021-03-17 07:08:13]cl_getDriver.py(127): click_Success->//*[@id="base_box"]/div/div[3]/form/button
[2021-03-17 07:08:13]cl_getDriver.py(72): Open NewTab->https://kabuoji3.com/stock/4114/2002/
[2021-03-17 07:08:14]cl_getDriver.py(72): Open NewTab->https://kabuoji3.com/stock/4115/2015/
[2021-03-17 07:08:15]cl_getDriver.py(127): click_Success->//*[@id="base_box"]/div/div[3]/form/button
[2021-03-17 07:08:15]cl_getDriver.py(127): click_Success->//*[@id="base_box"]/div/div[3]/form/button
[2021-03-17 07:08:17]cl_getDriver.py(127): click_Success->//*[@id="base_box"]/div/div[3]/form/button
[2021-03-17 07:08:17]cl_getDriver.py(127): click_Success->//*[@id="base_box"]/div/div[3]/form/button
[2021-03-17 07:08:18]cl_getDriver.py(72): Open NewTab->https://kabuoji3.com/stock/4115/2014/
[2021-03-17 07:08:18]cl_getDriver.py(72): Open NewTab->https://kabuoji3.com/stock/4114/2001/
[2021-03-17 07:08:19]cl_getDriver.py(127): click_Success->//*[@id="base_box"]/div/div[3]/form/button
[2021-03-17 07:08:19]cl_getDriver.py(127): click_Success->//*[@id="base_box"]/div/div[3]/form/button
[2021-03-17 07:08:21]cl_getDriver.py(127): click_Success->//*[@id="base_box"]/div/div[3]/form/button
[2021-03-17 07:08:22]cl_getDriver.py(72): Open NewTab->https://kabuoji3.com/stock/4115/2013/
[2021-03-17 07:08:22]cl_getDriver.py(127): click_Success->//*[@id="base_box"]/div/div[3]/form/button
[2021-03-17 07:08:22]cl_getDriver.py(72): Open NewTab->https://kabuoji3.com/stock/4114/2000/
[2021-03-17 07:08:23]cl_getDriver.py(127): click_Success->//*[@id="base_box"]/div/div[3]/form/button
[2021-03-17 07:08:23]cl_getDriver.py(127): click_Success->//*[@id="base_box"]/div/div[3]/form/button
[2021-03-17 07:08:25]cl_getDriver.py(127): click_Success->//*[@id="base_box"]/div/div[3]/form/button
[2021-03-17 07:08:26]cl_getDriver.py(72): Open NewTab->https://kabuoji3.com/stock/4115/2012/
[2021-03-17 07:08:26]cl_getDriver.py(127): click_Success->//*[@id="base_box"]/div/div[3]/form/button
[2021-03-17 07:08:27]cl_getDriver.py(72): Open NewTab->https://kabuoji3.com/stock/4114/1999/
[2021-03-17 07:08:28]cl_getDriver.py(127): click_Success->//*[@id="base_box"]/div/div[3]/form/button
[2021-03-17 07:08:28]cl_getDriver.py(127): click_Success->//*[@id="base_box"]/div/div[3]/form/button
[2021-03-17 07:08:30]cl_getDriver.py(127): click_Success->//*[@id="base_box"]/div/div[3]/form/button
[2021-03-17 07:08:31]cl_getDriver.py(72): Open NewTab->https://kabuoji3.com/stock/4115/2011/
[2021-03-17 07:08:31]cl_getDriver.py(127): click_Success->//*[@id="base_box"]/div/div[3]/form/button
[2021-03-17 07:08:31]cl_getDriver.py(72): Open NewTab->https://kabuoji3.com/stock/4114/1998/
[2021-03-17 07:08:32]cl_getDriver.py(127): click_Success->//*[@id="base_box"]/div/div[3]/form/button
[2021-03-17 07:08:32]cl_getDriver.py(127): click_Success->//*[@id="base_box"]/div/div[3]/form/button
[2021-03-17 07:08:34]cl_getDriver.py(127): click_Success->//*[@id="base_box"]/div/div[3]/form/button
[2021-03-17 07:08:35]cl_getDriver.py(72): Open NewTab->https://kabuoji3.com/stock/4115/2010/
[2021-03-17 07:08:35]cl_getDriver.py(127): click_Success->//*[@id="base_box"]/div/div[3]/form/button
[2021-03-17 07:08:35]cl_getDriver.py(72): Open NewTab->https://kabuoji3.com/stock/4114/1997/
[2021-03-17 07:08:36]cl_getDriver.py(127): click_Success->//*[@id="base_box"]/div/div[3]/form/button
[2021-03-17 07:08:36]cl_getDriver.py(127): click_Success->//*[@id="base_box"]/div/div[3]/form/button
[2021-03-17 07:08:38]cl_getDriver.py(127): click_Success->//*[@id="base_box"]/div/div[3]/form/button
[2021-03-17 07:08:39]cl_getDriver.py(72): Open NewTab->https://kabuoji3.com/stock/4115/2009/
[2021-03-17 07:08:39]cl_getDriver.py(127): click_Success->//*[@id="base_box"]/div/div[3]/form/button
[2021-03-17 07:08:39]cl_getDriver.py(72): Open NewTab->https://kabuoji3.com/stock/4114/1996/
[2021-03-17 07:08:40]cl_getDriver.py(127): click_Success->//*[@id="base_box"]/div/div[3]/form/button
[2021-03-17 07:08:41]cl_getDriver.py(127): click_Success->//*[@id="base_box"]/div/div[3]/form/button
[2021-03-17 07:08:42]cl_getDriver.py(127): click_Success->//*[@id="base_box"]/div/div[3]/form/button
[2021-03-17 07:08:43]cl_getDriver.py(72): Open NewTab->https://kabuoji3.com/stock/4115/2008/
[2021-03-17 07:08:43]cl_getDriver.py(127): click_Success->//*[@id="base_box"]/div/div[3]/form/button
[2021-03-17 07:08:43]cl_getDriver.py(72): Open NewTab->https://kabuoji3.com/stock/4114/1995/
[2021-03-17 07:08:44]cl_getDriver.py(127): click_Success->//*[@id="base_box"]/div/div[3]/form/button
[2021-03-17 07:08:45]cl_getDriver.py(127): click_Success->//*[@id="base_box"]/div/div[3]/form/button
[2021-03-17 07:08:46]cl_getDriver.py(127): click_Success->//*[@id="base_box"]/div/div[3]/form/button
[2021-03-17 07:08:47]cl_getDriver.py(72): Open NewTab->https://kabuoji3.com/stock/4115/2007/
[2021-03-17 07:08:47]cl_getDriver.py(127): click_Success->//*[@id="base_box"]/div/div[3]/form/button
[2021-03-17 07:08:48]cl_getDriver.py(72): Open NewTab->https://kabuoji3.com/stock/4114/1994/
[2021-03-17 07:08:48]cl_getDriver.py(127): click_Success->//*[@id="base_box"]/div/div[3]/form/button
[2021-03-17 07:08:49]cl_getDriver.py(127): click_Success->//*[@id="base_box"]/div/div[3]/form/button
[2021-03-17 07:08:51]cl_getDriver.py(127): click_Success->//*[@id="base_box"]/div/div[3]/form/button
[2021-03-17 07:08:51]cl_getDriver.py(72): Open NewTab->https://kabuoji3.com/stock/4115/2006/
[2021-03-17 07:08:51]cl_getDriver.py(127): click_Success->//*[@id="base_box"]/div/div[3]/form/button
[2021-03-17 07:08:52]cl_getDriver.py(72): Open NewTab->https://kabuoji3.com/stock/4114/1993/
[2021-03-17 07:08:53]cl_getDriver.py(127): click_Success->//*[@id="base_box"]/div/div[3]/form/button
[2021-03-17 07:08:53]cl_getDriver.py(127): click_Success->//*[@id="base_box"]/div/div[3]/form/button
[2021-03-17 07:08:55]cl_getDriver.py(127): click_Success->//*[@id="base_box"]/div/div[3]/form/button
[2021-03-17 07:08:55]cl_getDriver.py(127): click_Success->//*[@id="base_box"]/div/div[3]/form/button
[2021-03-17 07:08:56]cl_getDriver.py(72): Open NewTab->https://kabuoji3.com/stock/4115/2005/
[2021-03-17 07:08:56]cl_getDriver.py(72): Open NewTab->https://kabuoji3.com/stock/4114/1992/
[2021-03-17 07:08:57]cl_getDriver.py(127): click_Success->//*[@id="base_box"]/div/div[3]/form/button
[2021-03-17 07:08:57]cl_getDriver.py(127): click_Success->//*[@id="base_box"]/div/div[3]/form/button
[2021-03-17 07:08:59]cl_getDriver.py(127): click_Success->//*[@id="base_box"]/div/div[3]/form/button
[2021-03-17 07:08:59]cl_getDriver.py(127): click_Success->//*[@id="base_box"]/div/div[3]/form/button
[2021-03-17 07:09:00]cl_getDriver.py(72): Open NewTab->https://kabuoji3.com/stock/4115/2004/
[2021-03-17 07:09:00]cl_getDriver.py(72): Open NewTab->https://kabuoji3.com/stock/4114/1991/
[2021-03-17 07:09:01]cl_getDriver.py(127): click_Success->//*[@id="base_box"]/div/div[3]/form/button
[2021-03-17 07:09:01]cl_getDriver.py(127): click_Success->//*[@id="base_box"]/div/div[3]/form/button
[2021-03-17 07:09:03]cl_getDriver.py(127): click_Success->//*[@id="base_box"]/div/div[3]/form/button
[2021-03-17 07:09:04]cl_getDriver.py(127): click_Success->//*[@id="base_box"]/div/div[3]/form/button
[2021-03-17 07:09:04]cl_getDriver.py(72): Open NewTab->https://kabuoji3.com/stock/4115/2003/
[2021-03-17 07:09:04]cl_getDriver.py(72): Open NewTab->https://kabuoji3.com/stock/4114/1990/
[2021-03-17 07:09:05]cl_getDriver.py(127): click_Success->//*[@id="base_box"]/div/div[3]/form/button
[2021-03-17 07:09:05]cl_getDriver.py(127): click_Success->//*[@id="base_box"]/div/div[3]/form/button
[2021-03-17 07:09:08]cl_getDriver.py(127): click_Success->//*[@id="base_box"]/div/div[3]/form/button
[2021-03-17 07:09:08]cl_getDriver.py(127): click_Success->//*[@id="base_box"]/div/div[3]/form/button
[2021-03-17 07:09:08]cl_getDriver.py(72): Open NewTab->https://kabuoji3.com/stock/4114/1989/
[2021-03-17 07:09:08]cl_getDriver.py(72): Open NewTab->https://kabuoji3.com/stock/4115/2002/
[2021-03-17 07:09:10]cl_getDriver.py(127): click_Success->//*[@id="base_box"]/div/div[3]/form/button
[2021-03-17 07:09:10]cl_getDriver.py(127): click_Success->//*[@id="base_box"]/div/div[3]/form/button
[2021-03-17 07:09:12]cl_getDriver.py(127): click_Success->//*[@id="base_box"]/div/div[3]/form/button
[2021-03-17 07:09:12]cl_getDriver.py(127): click_Success->//*[@id="base_box"]/div/div[3]/form/button
[2021-03-17 07:09:13]cl_getDriver.py(72): Open NewTab->https://kabuoji3.com/stock/4114/1988/
[2021-03-17 07:09:13]cl_getDriver.py(72): Open NewTab->https://kabuoji3.com/stock/4115/2001/
[2021-03-17 07:09:14]cl_getDriver.py(127): click_Success->//*[@id="base_box"]/div/div[3]/form/button
[2021-03-17 07:09:14]cl_getDriver.py(127): click_Success->//*[@id="base_box"]/div/div[3]/form/button
[2021-03-17 07:09:16]cl_getDriver.py(127): click_Success->//*[@id="base_box"]/div/div[3]/form/button
[2021-03-17 07:09:16]cl_getDriver.py(127): click_Success->//*[@id="base_box"]/div/div[3]/form/button
[2021-03-17 07:09:17]cl_getDriver.py(72): Open NewTab->https://kabuoji3.com/stock/4115/2000/
[2021-03-17 07:09:17]cl_getDriver.py(72): Open NewTab->https://kabuoji3.com/stock/4114/1987/
[2021-03-17 07:09:18]cl_getDriver.py(127): click_Success->//*[@id="base_box"]/div/div[3]/form/button
[2021-03-17 07:09:19]cl_getDriver.py(127): click_Success->//*[@id="base_box"]/div/div[3]/form/button
[2021-03-17 07:09:21]cl_getDriver.py(127): click_Success->//*[@id="base_box"]/div/div[3]/form/button
[2021-03-17 07:09:21]cl_getDriver.py(127): click_Success->//*[@id="base_box"]/div/div[3]/form/button
[2021-03-17 07:09:21]cl_getDriver.py(72): Open NewTab->https://kabuoji3.com/stock/4115/1999/
[2021-03-17 07:09:22]cl_getDriver.py(72): Open NewTab->https://kabuoji3.com/stock/4114/1986/
[2021-03-17 07:09:23]cl_getDriver.py(127): click_Success->//*[@id="base_box"]/div/div[3]/form/button
[2021-03-17 07:09:23]cl_getDriver.py(127): click_Success->//*[@id="base_box"]/div/div[3]/form/button
[2021-03-17 07:09:25]cl_getDriver.py(127): click_Success->//*[@id="base_box"]/div/div[3]/form/button
[2021-03-17 07:09:25]cl_getDriver.py(127): click_Success->//*[@id="base_box"]/div/div[3]/form/button
[2021-03-17 07:09:26]cl_getDriver.py(72): Open NewTab->https://kabuoji3.com/stock/4115/1998/
[2021-03-17 07:09:26]cl_getDriver.py(72): Open NewTab->https://kabuoji3.com/stock/4114/1985/
[2021-03-17 07:09:27]cl_getDriver.py(127): click_Success->//*[@id="base_box"]/div/div[3]/form/button
[2021-03-17 07:09:27]cl_getDriver.py(127): click_Success->//*[@id="base_box"]/div/div[3]/form/button
[2021-03-17 07:09:29]cl_getDriver.py(127): click_Success->//*[@id="base_box"]/div/div[3]/form/button
[2021-03-17 07:09:30]cl_getDriver.py(127): click_Success->//*[@id="base_box"]/div/div[3]/form/button
[2021-03-17 07:09:30]cl_getDriver.py(72): Open NewTab->https://kabuoji3.com/stock/4115/1997/
[2021-03-17 07:09:30]cl_getDriver.py(72): Open NewTab->https://kabuoji3.com/stock/4114/1984/
[2021-03-17 07:09:31]cl_getDriver.py(127): click_Success->//*[@id="base_box"]/div/div[3]/form/button
[2021-03-17 07:09:32]cl_getDriver.py(127): click_Success->//*[@id="base_box"]/div/div[3]/form/button
[2021-03-17 07:09:34]cl_getDriver.py(127): click_Success->//*[@id="base_box"]/div/div[3]/form/button
[2021-03-17 07:09:34]cl_getDriver.py(127): click_Success->//*[@id="base_box"]/div/div[3]/form/button
[2021-03-17 07:09:34]cl_getDriver.py(72): Open NewTab->https://kabuoji3.com/stock/4115/1996/
[2021-03-17 07:09:34]cl_getDriver.py(72): Open NewTab->https://kabuoji3.com/stock/4114/1983/
[2021-03-17 07:09:36]cl_getDriver.py(127): click_Success->//*[@id="base_box"]/div/div[3]/form/button
[2021-03-17 07:09:36]cl_getDriver.py(127): click_Success->//*[@id="base_box"]/div/div[3]/form/button
[2021-03-17 07:09:38]cl_getDriver.py(127): click_Success->//*[@id="base_box"]/div/div[3]/form/button
[2021-03-17 07:09:38]cl_getDriver.py(127): click_Success->//*[@id="base_box"]/div/div[3]/form/button
[2021-03-17 07:09:38]cl_getDriver.py(72): Open NewTab->https://kabuoji3.com/stock/4115/1995/
[2021-03-17 07:09:39]cl_getDriver.py(127): click_Success->//*[@id="base_box"]/div/div[3]/form/button
[2021-03-17 07:09:41]main.py(42): finished Process->https://kabuoji3.com/stock/4114/
[2021-03-17 07:09:41]main.py(15): start_Process->https://kabuoji3.com/stock/4116/
[2021-03-17 07:09:42]cl_getDriver.py(127): click_Success->//*[@id="base_box"]/div/div[3]/form/button
[2021-03-17 07:09:42]cl_getDriver.py(72): Open NewTab->https://kabuoji3.com/stock/4115/1994/
[2021-03-17 07:09:43]cl_getDriver.py(127): click_Success->//*[@id="base_box"]/div/div[3]/form/button
[2021-03-17 07:09:45]cl_getDriver.py(127): click_Success->//*[@id="base_box"]/div/div[3]/form/button
[2021-03-17 07:09:46]cl_getDriver.py(72): Open NewTab->https://kabuoji3.com/stock/4115/1993/
[2021-03-17 07:09:47]cl_getDriver.py(127): click_Success->//*[@id="base_box"]/div/div[3]/form/button
[2021-03-17 07:09:47]cl_getDriver.py(64): getURL=https://kabuoji3.com/stock/4116/
[2021-03-17 07:09:48]cl_getDriver.py(72): Open NewTab->https://kabuoji3.com/stock/4116/
[2021-03-17 07:09:49]cl_getDriver.py(130): Not Found->//*[@id="base_box"]/div/div[3]/form/button
[2021-03-17 07:09:49]cl_getDriver.py(127): click_Success->//*[@id="base_box"]/div/div[3]/form/button
[2021-03-17 07:09:50]cl_getDriver.py(72): Open NewTab->https://kabuoji3.com/stock/4115/1992/
[2021-03-17 07:09:51]cl_getDriver.py(130): Not Found->//*[@id="base_box"]/div/div[3]/form/button
[2021-03-17 07:09:51]cl_getDriver.py(127): click_Success->//*[@id="base_box"]/div/div[3]/form/button
[2021-03-17 07:09:51]cl_getDriver.py(72): Open NewTab->https://kabuoji3.com/stock/4116/2021/
[2021-03-17 07:09:52]cl_getDriver.py(127): click_Success->//*[@id="base_box"]/div/div[3]/form/button
[2021-03-17 07:09:53]cl_getDriver.py(127): click_Success->//*[@id="base_box"]/div/div[3]/form/button
[2021-03-17 07:09:53]cl_getDriver.py(72): Open NewTab->https://kabuoji3.com/stock/4115/1991/
[2021-03-17 07:09:54]cl_getDriver.py(127): click_Success->//*[@id="base_box"]/div/div[3]/form/button
[2021-03-17 07:09:54]cl_getDriver.py(72): Open NewTab->https://kabuoji3.com/stock/4116/2020/
[2021-03-17 07:09:55]cl_getDriver.py(127): click_Success->//*[@id="base_box"]/div/div[3]/form/button
[2021-03-17 07:09:56]cl_getDriver.py(127): click_Success->//*[@id="base_box"]/div/div[3]/form/button
[2021-03-17 07:09:57]cl_getDriver.py(127): click_Success->//*[@id="base_box"]/div/div[3]/form/button
[2021-03-17 07:09:57]cl_getDriver.py(72): Open NewTab->https://kabuoji3.com/stock/4115/1990/
[2021-03-17 07:09:58]cl_getDriver.py(127): click_Success->//*[@id="base_box"]/div/div[3]/form/button
[2021-03-17 07:09:59]cl_getDriver.py(72): Open NewTab->https://kabuoji3.com/stock/4116/2019/
[2021-03-17 07:09:59]cl_getDriver.py(127): click_Success->//*[@id="base_box"]/div/div[3]/form/button
[2021-03-17 07:10:00]cl_getDriver.py(127): click_Success->//*[@id="base_box"]/div/div[3]/form/button
[2021-03-17 07:10:01]cl_getDriver.py(127): click_Success->//*[@id="base_box"]/div/div[3]/form/button
[2021-03-17 07:10:01]cl_getDriver.py(72): Open NewTab->https://kabuoji3.com/stock/4115/1989/
[2021-03-17 07:10:02]cl_getDriver.py(127): click_Success->//*[@id="base_box"]/div/div[3]/form/button
[2021-03-17 07:10:02]cl_getDriver.py(72): Open NewTab->https://kabuoji3.com/stock/4116/2018/
[2021-03-17 07:10:02]cl_getDriver.py(127): click_Success->//*[@id="base_box"]/div/div[3]/form/button
[2021-03-17 07:10:03]cl_getDriver.py(127): click_Success->//*[@id="base_box"]/div/div[3]/form/button
[2021-03-17 07:10:05]cl_getDriver.py(127): click_Success->//*[@id="base_box"]/div/div[3]/form/button
[2021-03-17 07:10:05]cl_getDriver.py(72): Open NewTab->https://kabuoji3.com/stock/4115/1988/
[2021-03-17 07:10:06]cl_getDriver.py(127): click_Success->//*[@id="base_box"]/div/div[3]/form/button
[2021-03-17 07:10:06]cl_getDriver.py(72): Open NewTab->https://kabuoji3.com/stock/4116/2017/
[2021-03-17 07:10:07]cl_getDriver.py(127): click_Success->//*[@id="base_box"]/div/div[3]/form/button
[2021-03-17 07:10:07]cl_getDriver.py(127): click_Success->//*[@id="base_box"]/div/div[3]/form/button
[2021-03-17 07:10:09]cl_getDriver.py(127): click_Success->//*[@id="base_box"]/div/div[3]/form/button
[2021-03-17 07:10:09]cl_getDriver.py(72): Open NewTab->https://kabuoji3.com/stock/4115/1987/
[2021-03-17 07:10:10]cl_getDriver.py(127): click_Success->//*[@id="base_box"]/div/div[3]/form/button
[2021-03-17 07:10:10]cl_getDriver.py(72): Open NewTab->https://kabuoji3.com/stock/4116/2016/
[2021-03-17 07:10:11]cl_getDriver.py(127): click_Success->//*[@id="base_box"]/div/div[3]/form/button
[2021-03-17 07:10:11]cl_getDriver.py(127): click_Success->//*[@id="base_box"]/div/div[3]/form/button
[2021-03-17 07:10:13]cl_getDriver.py(127): click_Success->//*[@id="base_box"]/div/div[3]/form/button
[2021-03-17 07:10:14]cl_getDriver.py(72): Open NewTab->https://kabuoji3.com/stock/4115/1986/
[2021-03-17 07:10:14]cl_getDriver.py(127): click_Success->//*[@id="base_box"]/div/div[3]/form/button
[2021-03-17 07:10:14]cl_getDriver.py(72): Open NewTab->https://kabuoji3.com/stock/4116/2015/
[2021-03-17 07:10:15]cl_getDriver.py(127): click_Success->//*[@id="base_box"]/div/div[3]/form/button
[2021-03-17 07:10:15]cl_getDriver.py(127): click_Success->//*[@id="base_box"]/div/div[3]/form/button
[2021-03-17 07:10:17]cl_getDriver.py(127): click_Success->//*[@id="base_box"]/div/div[3]/form/button
[2021-03-17 07:10:18]cl_getDriver.py(127): click_Success->//*[@id="base_box"]/div/div[3]/form/button
[2021-03-17 07:10:18]cl_getDriver.py(72): Open NewTab->https://kabuoji3.com/stock/4115/1985/
[2021-03-17 07:10:18]cl_getDriver.py(72): Open NewTab->https://kabuoji3.com/stock/4116/2014/
[2021-03-17 07:10:19]cl_getDriver.py(127): click_Success->//*[@id="base_box"]/div/div[3]/form/button
[2021-03-17 07:10:20]cl_getDriver.py(127): click_Success->//*[@id="base_box"]/div/div[3]/form/button
[2021-03-17 07:10:22]cl_getDriver.py(127): click_Success->//*[@id="base_box"]/div/div[3]/form/button
[2021-03-17 07:10:22]cl_getDriver.py(127): click_Success->//*[@id="base_box"]/div/div[3]/form/button
[2021-03-17 07:10:22]cl_getDriver.py(72): Open NewTab->https://kabuoji3.com/stock/4115/1984/
[2021-03-17 07:10:22]cl_getDriver.py(72): Open NewTab->https://kabuoji3.com/stock/4116/2013/
[2021-03-17 07:10:23]cl_getDriver.py(127): click_Success->//*[@id="base_box"]/div/div[3]/form/button
[2021-03-17 07:10:24]cl_getDriver.py(127): click_Success->//*[@id="base_box"]/div/div[3]/form/button
[2021-03-17 07:10:26]cl_getDriver.py(127): click_Success->//*[@id="base_box"]/div/div[3]/form/button
[2021-03-17 07:10:26]cl_getDriver.py(127): click_Success->//*[@id="base_box"]/div/div[3]/form/button
[2021-03-17 07:10:26]cl_getDriver.py(72): Open NewTab->https://kabuoji3.com/stock/4115/1983/
[2021-03-17 07:10:27]cl_getDriver.py(72): Open NewTab->https://kabuoji3.com/stock/4116/2012/
[2021-03-17 07:10:28]cl_getDriver.py(127): click_Success->//*[@id="base_box"]/div/div[3]/form/button
[2021-03-17 07:10:28]cl_getDriver.py(127): click_Success->//*[@id="base_box"]/div/div[3]/form/button
[2021-03-17 07:10:30]cl_getDriver.py(127): click_Success->//*[@id="base_box"]/div/div[3]/form/button
[2021-03-17 07:10:30]cl_getDriver.py(127): click_Success->//*[@id="base_box"]/div/div[3]/form/button
[2021-03-17 07:10:31]cl_getDriver.py(72): Open NewTab->https://kabuoji3.com/stock/4116/2011/
[2021-03-17 07:10:32]cl_getDriver.py(127): click_Success->//*[@id="base_box"]/div/div[3]/form/button
[2021-03-17 07:10:33]main.py(42): finished Process->https://kabuoji3.com/stock/4115/
[2021-03-17 07:10:33]main.py(15): start_Process->https://kabuoji3.com/stock/4118/
[2021-03-17 07:10:34]cl_getDriver.py(127): click_Success->//*[@id="base_box"]/div/div[3]/form/button
[2021-03-17 07:10:34]cl_getDriver.py(72): Open NewTab->https://kabuoji3.com/stock/4116/2010/
[2021-03-17 07:10:36]cl_getDriver.py(127): click_Success->//*[@id="base_box"]/div/div[3]/form/button
[2021-03-17 07:10:38]cl_getDriver.py(127): click_Success->//*[@id="base_box"]/div/div[3]/form/button
[2021-03-17 07:10:38]cl_getDriver.py(72): Open NewTab->https://kabuoji3.com/stock/4116/2009/
[2021-03-17 07:10:40]cl_getDriver.py(127): click_Success->//*[@id="base_box"]/div/div[3]/form/button
[2021-03-17 07:10:41]cl_getDriver.py(64): getURL=https://kabuoji3.com/stock/4118/
[2021-03-17 07:10:41]cl_getDriver.py(72): Open NewTab->https://kabuoji3.com/stock/4118/
[2021-03-17 07:10:42]cl_getDriver.py(130): Not Found->//*[@id="base_box"]/div/div[3]/form/button
[2021-03-17 07:10:42]cl_getDriver.py(127): click_Success->//*[@id="base_box"]/div/div[3]/form/button
[2021-03-17 07:10:42]cl_getDriver.py(72): Open NewTab->https://kabuoji3.com/stock/4116/2008/
[2021-03-17 07:10:43]cl_getDriver.py(127): click_Success->//*[@id="base_box"]/div/div[3]/form/button
[2021-03-17 07:10:44]cl_getDriver.py(130): Not Found->//*[@id="base_box"]/div/div[3]/form/button
[2021-03-17 07:10:44]cl_getDriver.py(72): Open NewTab->https://kabuoji3.com/stock/4118/2021/
[2021-03-17 07:10:45]cl_getDriver.py(127): click_Success->//*[@id="base_box"]/div/div[3]/form/button
[2021-03-17 07:10:46]cl_getDriver.py(127): click_Success->//*[@id="base_box"]/div/div[3]/form/button
[2021-03-17 07:10:46]cl_getDriver.py(72): Open NewTab->https://kabuoji3.com/stock/4116/2007/
[2021-03-17 07:10:47]cl_getDriver.py(127): click_Success->//*[@id="base_box"]/div/div[3]/form/button
[2021-03-17 07:10:47]cl_getDriver.py(127): click_Success->//*[@id="base_box"]/div/div[3]/form/button
[2021-03-17 07:10:48]cl_getDriver.py(72): Open NewTab->https://kabuoji3.com/stock/4118/2020/
[2021-03-17 07:10:49]cl_getDriver.py(127): click_Success->//*[@id="base_box"]/div/div[3]/form/button
[2021-03-17 07:10:49]cl_getDriver.py(127): click_Success->//*[@id="base_box"]/div/div[3]/form/button
[2021-03-17 07:10:50]cl_getDriver.py(72): Open NewTab->https://kabuoji3.com/stock/4116/2006/
[2021-03-17 07:10:51]cl_getDriver.py(127): click_Success->//*[@id="base_box"]/div/div[3]/form/button
[2021-03-17 07:10:51]cl_getDriver.py(127): click_Success->//*[@id="base_box"]/div/div[3]/form/button
[2021-03-17 07:10:52]cl_getDriver.py(72): Open NewTab->https://kabuoji3.com/stock/4118/2019/
[2021-03-17 07:10:53]cl_getDriver.py(127): click_Success->//*[@id="base_box"]/div/div[3]/form/button
[2021-03-17 07:10:53]cl_getDriver.py(127): click_Success->//*[@id="base_box"]/div/div[3]/form/button
[2021-03-17 07:10:53]cl_getDriver.py(72): Open NewTab->https://kabuoji3.com/stock/4116/2005/
[2021-03-17 07:10:55]cl_getDriver.py(127): click_Success->//*[@id="base_box"]/div/div[3]/form/button
[2021-03-17 07:10:55]cl_getDriver.py(127): click_Success->//*[@id="base_box"]/div/div[3]/form/button
[2021-03-17 07:10:55]cl_getDriver.py(72): Open NewTab->https://kabuoji3.com/stock/4118/2018/
[2021-03-17 07:10:56]cl_getDriver.py(127): click_Success->//*[@id="base_box"]/div/div[3]/form/button
[2021-03-17 07:10:57]cl_getDriver.py(127): click_Success->//*[@id="base_box"]/div/div[3]/form/button
[2021-03-17 07:10:57]cl_getDriver.py(72): Open NewTab->https://kabuoji3.com/stock/4116/2004/
[2021-03-17 07:10:58]cl_getDriver.py(127): click_Success->//*[@id="base_box"]/div/div[3]/form/button
[2021-03-17 07:10:59]cl_getDriver.py(127): click_Success->//*[@id="base_box"]/div/div[3]/form/button
[2021-03-17 07:10:59]cl_getDriver.py(72): Open NewTab->https://kabuoji3.com/stock/4118/2017/
[2021-03-17 07:11:00]cl_getDriver.py(127): click_Success->//*[@id="base_box"]/div/div[3]/form/button
[2021-03-17 07:11:01]cl_getDriver.py(127): click_Success->//*[@id="base_box"]/div/div[3]/form/button
[2021-03-17 07:11:01]cl_getDriver.py(72): Open NewTab->https://kabuoji3.com/stock/4116/2003/
[2021-03-17 07:11:02]cl_getDriver.py(127): click_Success->//*[@id="base_box"]/div/div[3]/form/button
[2021-03-17 07:11:02]cl_getDriver.py(127): click_Success->//*[@id="base_box"]/div/div[3]/form/button
[2021-03-17 07:11:03]cl_getDriver.py(72): Open NewTab->https://kabuoji3.com/stock/4118/2016/
[2021-03-17 07:11:04]cl_getDriver.py(127): click_Success->//*[@id="base_box"]/div/div[3]/form/button
[2021-03-17 07:11:04]cl_getDriver.py(127): click_Success->//*[@id="base_box"]/div/div[3]/form/button
[2021-03-17 07:11:04]cl_getDriver.py(72): Open NewTab->https://kabuoji3.com/stock/4116/2002/
[2021-03-17 07:11:05]cl_getDriver.py(127): click_Success->//*[@id="base_box"]/div/div[3]/form/button
[2021-03-17 07:11:06]cl_getDriver.py(127): click_Success->//*[@id="base_box"]/div/div[3]/form/button
[2021-03-17 07:11:06]cl_getDriver.py(72): Open NewTab->https://kabuoji3.com/stock/4118/2015/
[2021-03-17 07:11:07]cl_getDriver.py(127): click_Success->//*[@id="base_box"]/div/div[3]/form/button
[2021-03-17 07:11:08]cl_getDriver.py(127): click_Success->//*[@id="base_box"]/div/div[3]/form/button
[2021-03-17 07:11:08]cl_getDriver.py(72): Open NewTab->https://kabuoji3.com/stock/4116/2001/
[2021-03-17 07:11:09]cl_getDriver.py(127): click_Success->//*[@id="base_box"]/div/div[3]/form/button
[2021-03-17 07:11:10]cl_getDriver.py(127): click_Success->//*[@id="base_box"]/div/div[3]/form/button
[2021-03-17 07:11:10]cl_getDriver.py(72): Open NewTab->https://kabuoji3.com/stock/4118/2014/
[2021-03-17 07:11:11]cl_getDriver.py(127): click_Success->//*[@id="base_box"]/div/div[3]/form/button
[2021-03-17 07:11:11]cl_getDriver.py(127): click_Success->//*[@id="base_box"]/div/div[3]/form/button
[2021-03-17 07:11:12]cl_getDriver.py(72): Open NewTab->https://kabuoji3.com/stock/4116/2000/
[2021-03-17 07:11:13]cl_getDriver.py(127): click_Success->//*[@id="base_box"]/div/div[3]/form/button
[2021-03-17 07:11:13]cl_getDriver.py(127): click_Success->//*[@id="base_box"]/div/div[3]/form/button
[2021-03-17 07:11:14]cl_getDriver.py(72): Open NewTab->https://kabuoji3.com/stock/4118/2013/
[2021-03-17 07:11:15]cl_getDriver.py(127): click_Success->//*[@id="base_box"]/div/div[3]/form/button
[2021-03-17 07:11:15]cl_getDriver.py(127): click_Success->//*[@id="base_box"]/div/div[3]/form/button
[2021-03-17 07:11:15]cl_getDriver.py(72): Open NewTab->https://kabuoji3.com/stock/4116/1999/
[2021-03-17 07:11:16]cl_getDriver.py(127): click_Success->//*[@id="base_box"]/div/div[3]/form/button
[2021-03-17 07:11:17]cl_getDriver.py(127): click_Success->//*[@id="base_box"]/div/div[3]/form/button
[2021-03-17 07:11:17]cl_getDriver.py(72): Open NewTab->https://kabuoji3.com/stock/4118/2012/
[2021-03-17 07:11:18]cl_getDriver.py(127): click_Success->//*[@id="base_box"]/div/div[3]/form/button
[2021-03-17 07:11:19]cl_getDriver.py(127): click_Success->//*[@id="base_box"]/div/div[3]/form/button
[2021-03-17 07:11:19]cl_getDriver.py(72): Open NewTab->https://kabuoji3.com/stock/4116/1998/
[2021-03-17 07:11:20]cl_getDriver.py(127): click_Success->//*[@id="base_box"]/div/div[3]/form/button
[2021-03-17 07:11:21]cl_getDriver.py(127): click_Success->//*[@id="base_box"]/div/div[3]/form/button
[2021-03-17 07:11:21]cl_getDriver.py(72): Open NewTab->https://kabuoji3.com/stock/4118/2011/
[2021-03-17 07:11:22]cl_getDriver.py(127): click_Success->//*[@id="base_box"]/div/div[3]/form/button
[2021-03-17 07:11:22]cl_getDriver.py(127): click_Success->//*[@id="base_box"]/div/div[3]/form/button
[2021-03-17 07:11:23]cl_getDriver.py(72): Open NewTab->https://kabuoji3.com/stock/4116/1997/
[2021-03-17 07:11:24]cl_getDriver.py(127): click_Success->//*[@id="base_box"]/div/div[3]/form/button
[2021-03-17 07:11:24]cl_getDriver.py(127): click_Success->//*[@id="base_box"]/div/div[3]/form/button
[2021-03-17 07:11:25]cl_getDriver.py(72): Open NewTab->https://kabuoji3.com/stock/4118/2010/
[2021-03-17 07:11:26]cl_getDriver.py(127): click_Success->//*[@id="base_box"]/div/div[3]/form/button
[2021-03-17 07:11:26]cl_getDriver.py(127): click_Success->//*[@id="base_box"]/div/div[3]/form/button
[2021-03-17 07:11:27]cl_getDriver.py(72): Open NewTab->https://kabuoji3.com/stock/4116/1996/
[2021-03-17 07:11:28]cl_getDriver.py(127): click_Success->//*[@id="base_box"]/div/div[3]/form/button
[2021-03-17 07:11:28]cl_getDriver.py(127): click_Success->//*[@id="base_box"]/div/div[3]/form/button
[2021-03-17 07:11:28]cl_getDriver.py(72): Open NewTab->https://kabuoji3.com/stock/4118/2009/
[2021-03-17 07:11:29]cl_getDriver.py(127): click_Success->//*[@id="base_box"]/div/div[3]/form/button
[2021-03-17 07:11:30]cl_getDriver.py(127): click_Success->//*[@id="base_box"]/div/div[3]/form/button
[2021-03-17 07:11:30]cl_getDriver.py(72): Open NewTab->https://kabuoji3.com/stock/4116/1995/
[2021-03-17 07:11:31]cl_getDriver.py(127): click_Success->//*[@id="base_box"]/div/div[3]/form/button
[2021-03-17 07:11:31]cl_getDriver.py(127): click_Success->//*[@id="base_box"]/div/div[3]/form/button
[2021-03-17 07:11:32]cl_getDriver.py(72): Open NewTab->https://kabuoji3.com/stock/4118/2008/
[2021-03-17 07:11:33]cl_getDriver.py(127): click_Success->//*[@id="base_box"]/div/div[3]/form/button
[2021-03-17 07:11:34]cl_getDriver.py(127): click_Success->//*[@id="base_box"]/div/div[3]/form/button
[2021-03-17 07:11:34]cl_getDriver.py(72): Open NewTab->https://kabuoji3.com/stock/4116/1994/
[2021-03-17 07:11:35]cl_getDriver.py(127): click_Success->//*[@id="base_box"]/div/div[3]/form/button
[2021-03-17 07:11:35]cl_getDriver.py(127): click_Success->//*[@id="base_box"]/div/div[3]/form/button
[2021-03-17 07:11:36]cl_getDriver.py(72): Open NewTab->https://kabuoji3.com/stock/4118/2007/
[2021-03-17 07:11:37]cl_getDriver.py(127): click_Success->//*[@id="base_box"]/div/div[3]/form/button
[2021-03-17 07:11:37]cl_getDriver.py(127): click_Success->//*[@id="base_box"]/div/div[3]/form/button
[2021-03-17 07:11:37]cl_getDriver.py(72): Open NewTab->https://kabuoji3.com/stock/4116/1993/
[2021-03-17 07:11:39]cl_getDriver.py(127): click_Success->//*[@id="base_box"]/div/div[3]/form/button
[2021-03-17 07:11:39]cl_getDriver.py(127): click_Success->//*[@id="base_box"]/div/div[3]/form/button
[2021-03-17 07:11:39]cl_getDriver.py(72): Open NewTab->https://kabuoji3.com/stock/4118/2006/
[2021-03-17 07:11:40]cl_getDriver.py(127): click_Success->//*[@id="base_box"]/div/div[3]/form/button
[2021-03-17 07:11:41]cl_getDriver.py(127): click_Success->//*[@id="base_box"]/div/div[3]/form/button
[2021-03-17 07:11:41]cl_getDriver.py(72): Open NewTab->https://kabuoji3.com/stock/4116/1992/
[2021-03-17 07:11:42]cl_getDriver.py(127): click_Success->//*[@id="base_box"]/div/div[3]/form/button
[2021-03-17 07:11:43]cl_getDriver.py(127): click_Success->//*[@id="base_box"]/div/div[3]/form/button
[2021-03-17 07:11:43]cl_getDriver.py(72): Open NewTab->https://kabuoji3.com/stock/4118/2005/
[2021-03-17 07:11:44]cl_getDriver.py(127): click_Success->//*[@id="base_box"]/div/div[3]/form/button
[2021-03-17 07:11:44]cl_getDriver.py(127): click_Success->//*[@id="base_box"]/div/div[3]/form/button
[2021-03-17 07:11:45]cl_getDriver.py(72): Open NewTab->https://kabuoji3.com/stock/4116/1991/
[2021-03-17 07:11:46]cl_getDriver.py(127): click_Success->//*[@id="base_box"]/div/div[3]/form/button
[2021-03-17 07:11:46]cl_getDriver.py(127): click_Success->//*[@id="base_box"]/div/div[3]/form/button
[2021-03-17 07:11:47]cl_getDriver.py(72): Open NewTab->https://kabuoji3.com/stock/4118/2004/
[2021-03-17 07:11:48]cl_getDriver.py(127): click_Success->//*[@id="base_box"]/div/div[3]/form/button
[2021-03-17 07:11:48]cl_getDriver.py(127): click_Success->//*[@id="base_box"]/div/div[3]/form/button
[2021-03-17 07:11:48]cl_getDriver.py(72): Open NewTab->https://kabuoji3.com/stock/4116/1990/
[2021-03-17 07:11:49]cl_getDriver.py(127): click_Success->//*[@id="base_box"]/div/div[3]/form/button
[2021-03-17 07:11:50]cl_getDriver.py(127): click_Success->//*[@id="base_box"]/div/div[3]/form/button
[2021-03-17 07:11:51]cl_getDriver.py(72): Open NewTab->https://kabuoji3.com/stock/4118/2003/
[2021-03-17 07:11:52]cl_getDriver.py(127): click_Success->//*[@id="base_box"]/div/div[3]/form/button
[2021-03-17 07:11:52]cl_getDriver.py(127): click_Success->//*[@id="base_box"]/div/div[3]/form/button
[2021-03-17 07:11:52]cl_getDriver.py(72): Open NewTab->https://kabuoji3.com/stock/4116/1989/
[2021-03-17 07:11:53]cl_getDriver.py(127): click_Success->//*[@id="base_box"]/div/div[3]/form/button
[2021-03-17 07:11:54]cl_getDriver.py(127): click_Success->//*[@id="base_box"]/div/div[3]/form/button
[2021-03-17 07:11:54]cl_getDriver.py(72): Open NewTab->https://kabuoji3.com/stock/4118/2002/
[2021-03-17 07:11:55]cl_getDriver.py(127): click_Success->//*[@id="base_box"]/div/div[3]/form/button
[2021-03-17 07:11:55]cl_getDriver.py(127): click_Success->//*[@id="base_box"]/div/div[3]/form/button
[2021-03-17 07:11:56]cl_getDriver.py(72): Open NewTab->https://kabuoji3.com/stock/4116/1988/
[2021-03-17 07:11:57]cl_getDriver.py(127): click_Success->//*[@id="base_box"]/div/div[3]/form/button
[2021-03-17 07:11:57]cl_getDriver.py(127): click_Success->//*[@id="base_box"]/div/div[3]/form/button
[2021-03-17 07:11:58]cl_getDriver.py(72): Open NewTab->https://kabuoji3.com/stock/4118/2001/
[2021-03-17 07:11:59]cl_getDriver.py(127): click_Success->//*[@id="base_box"]/div/div[3]/form/button
[2021-03-17 07:11:59]cl_getDriver.py(127): click_Success->//*[@id="base_box"]/div/div[3]/form/button
[2021-03-17 07:11:59]cl_getDriver.py(72): Open NewTab->https://kabuoji3.com/stock/4116/1987/
[2021-03-17 07:12:00]cl_getDriver.py(127): click_Success->//*[@id="base_box"]/div/div[3]/form/button
[2021-03-17 07:12:01]cl_getDriver.py(127): click_Success->//*[@id="base_box"]/div/div[3]/form/button
[2021-03-17 07:12:01]cl_getDriver.py(72): Open NewTab->https://kabuoji3.com/stock/4118/2000/
[2021-03-17 07:12:02]cl_getDriver.py(127): click_Success->//*[@id="base_box"]/div/div[3]/form/button
[2021-03-17 07:12:03]cl_getDriver.py(127): click_Success->//*[@id="base_box"]/div/div[3]/form/button
[2021-03-17 07:12:03]cl_getDriver.py(72): Open NewTab->https://kabuoji3.com/stock/4116/1986/
[2021-03-17 07:12:04]cl_getDriver.py(127): click_Success->//*[@id="base_box"]/div/div[3]/form/button
[2021-03-17 07:12:05]cl_getDriver.py(127): click_Success->//*[@id="base_box"]/div/div[3]/form/button
[2021-03-17 07:12:05]cl_getDriver.py(72): Open NewTab->https://kabuoji3.com/stock/4118/1999/
[2021-03-17 07:12:06]cl_getDriver.py(127): click_Success->//*[@id="base_box"]/div/div[3]/form/button
[2021-03-17 07:12:06]cl_getDriver.py(127): click_Success->//*[@id="base_box"]/div/div[3]/form/button
[2021-03-17 07:12:07]cl_getDriver.py(72): Open NewTab->https://kabuoji3.com/stock/4116/1985/
[2021-03-17 07:12:08]cl_getDriver.py(127): click_Success->//*[@id="base_box"]/div/div[3]/form/button
[2021-03-17 07:12:08]cl_getDriver.py(127): click_Success->//*[@id="base_box"]/div/div[3]/form/button
[2021-03-17 07:12:09]cl_getDriver.py(72): Open NewTab->https://kabuoji3.com/stock/4118/1998/
[2021-03-17 07:12:09]cl_getDriver.py(127): click_Success->//*[@id="base_box"]/div/div[3]/form/button
[2021-03-17 07:12:10]cl_getDriver.py(127): click_Success->//*[@id="base_box"]/div/div[3]/form/button
[2021-03-17 07:12:10]cl_getDriver.py(72): Open NewTab->https://kabuoji3.com/stock/4116/1984/
[2021-03-17 07:12:11]cl_getDriver.py(127): click_Success->//*[@id="base_box"]/div/div[3]/form/button
[2021-03-17 07:12:12]cl_getDriver.py(127): click_Success->//*[@id="base_box"]/div/div[3]/form/button
[2021-03-17 07:12:12]cl_getDriver.py(72): Open NewTab->https://kabuoji3.com/stock/4118/1997/
[2021-03-17 07:12:13]cl_getDriver.py(127): click_Success->//*[@id="base_box"]/div/div[3]/form/button
[2021-03-17 07:12:14]cl_getDriver.py(127): click_Success->//*[@id="base_box"]/div/div[3]/form/button
[2021-03-17 07:12:14]cl_getDriver.py(72): Open NewTab->https://kabuoji3.com/stock/4116/1983/
[2021-03-17 07:12:15]cl_getDriver.py(127): click_Success->//*[@id="base_box"]/div/div[3]/form/button
[2021-03-17 07:12:15]cl_getDriver.py(127): click_Success->//*[@id="base_box"]/div/div[3]/form/button
[2021-03-17 07:12:16]cl_getDriver.py(72): Open NewTab->https://kabuoji3.com/stock/4118/1996/
[2021-03-17 07:12:17]cl_getDriver.py(127): click_Success->//*[@id="base_box"]/div/div[3]/form/button
[2021-03-17 07:12:17]cl_getDriver.py(127): click_Success->//*[@id="base_box"]/div/div[3]/form/button
[2021-03-17 07:12:19]cl_getDriver.py(127): click_Success->//*[@id="base_box"]/div/div[3]/form/button
[2021-03-17 07:12:19]cl_getDriver.py(72): Open NewTab->https://kabuoji3.com/stock/4118/1995/
[2021-03-17 07:12:20]cl_getDriver.py(127): click_Success->//*[@id="base_box"]/div/div[3]/form/button
[2021-03-17 07:12:21]main.py(42): finished Process->https://kabuoji3.com/stock/4116/
[2021-03-17 07:12:21]main.py(15): start_Process->https://kabuoji3.com/stock/4119/
[2021-03-17 07:12:22]cl_getDriver.py(127): click_Success->//*[@id="base_box"]/div/div[3]/form/button
[2021-03-17 07:12:23]cl_getDriver.py(72): Open NewTab->https://kabuoji3.com/stock/4118/1994/
[2021-03-17 07:12:24]cl_getDriver.py(127): click_Success->//*[@id="base_box"]/div/div[3]/form/button
[2021-03-17 07:12:27]cl_getDriver.py(127): click_Success->//*[@id="base_box"]/div/div[3]/form/button
[2021-03-17 07:12:27]cl_getDriver.py(72): Open NewTab->https://kabuoji3.com/stock/4118/1993/
[2021-03-17 07:12:28]cl_getDriver.py(64): getURL=https://kabuoji3.com/stock/4119/
[2021-03-17 07:12:28]cl_getDriver.py(72): Open NewTab->https://kabuoji3.com/stock/4119/
[2021-03-17 07:12:28]cl_getDriver.py(127): click_Success->//*[@id="base_box"]/div/div[3]/form/button
[2021-03-17 07:12:29]cl_getDriver.py(130): Not Found->//*[@id="base_box"]/div/div[3]/form/button
[2021-03-17 07:12:31]cl_getDriver.py(127): click_Success->//*[@id="base_box"]/div/div[3]/form/button
[2021-03-17 07:12:31]cl_getDriver.py(130): Not Found->//*[@id="base_box"]/div/div[3]/form/button
[2021-03-17 07:12:31]cl_getDriver.py(72): Open NewTab->https://kabuoji3.com/stock/4118/1992/
[2021-03-17 07:12:31]cl_getDriver.py(72): Open NewTab->https://kabuoji3.com/stock/4119/2021/
[2021-03-17 07:12:32]cl_getDriver.py(127): click_Success->//*[@id="base_box"]/div/div[3]/form/button
[2021-03-17 07:12:33]cl_getDriver.py(127): click_Success->//*[@id="base_box"]/div/div[3]/form/button
[2021-03-17 07:12:35]cl_getDriver.py(127): click_Success->//*[@id="base_box"]/div/div[3]/form/button
[2021-03-17 07:12:35]cl_getDriver.py(127): click_Success->//*[@id="base_box"]/div/div[3]/form/button
[2021-03-17 07:12:35]cl_getDriver.py(72): Open NewTab->https://kabuoji3.com/stock/4119/2020/
[2021-03-17 07:12:35]cl_getDriver.py(72): Open NewTab->https://kabuoji3.com/stock/4118/1991/
[2021-03-17 07:12:37]cl_getDriver.py(127): click_Success->//*[@id="base_box"]/div/div[3]/form/button
[2021-03-17 07:12:37]cl_getDriver.py(127): click_Success->//*[@id="base_box"]/div/div[3]/form/button
[2021-03-17 07:12:39]cl_getDriver.py(127): click_Success->//*[@id="base_box"]/div/div[3]/form/button
[2021-03-17 07:12:39]cl_getDriver.py(127): click_Success->//*[@id="base_box"]/div/div[3]/form/button
[2021-03-17 07:12:40]cl_getDriver.py(72): Open NewTab->https://kabuoji3.com/stock/4118/1990/
[2021-03-17 07:12:40]cl_getDriver.py(72): Open NewTab->https://kabuoji3.com/stock/4119/2019/
[2021-03-17 07:12:41]cl_getDriver.py(127): click_Success->//*[@id="base_box"]/div/div[3]/form/button
[2021-03-17 07:12:41]cl_getDriver.py(127): click_Success->//*[@id="base_box"]/div/div[3]/form/button
[2021-03-17 07:12:44]cl_getDriver.py(127): click_Success->//*[@id="base_box"]/div/div[3]/form/button
[2021-03-17 07:12:44]cl_getDriver.py(127): click_Success->//*[@id="base_box"]/div/div[3]/form/button
[2021-03-17 07:12:44]cl_getDriver.py(72): Open NewTab->https://kabuoji3.com/stock/4118/1989/
[2021-03-17 07:12:44]cl_getDriver.py(72): Open NewTab->https://kabuoji3.com/stock/4119/2018/
[2021-03-17 07:12:46]cl_getDriver.py(127): click_Success->//*[@id="base_box"]/div/div[3]/form/button
[2021-03-17 07:12:46]cl_getDriver.py(127): click_Success->//*[@id="base_box"]/div/div[3]/form/button
[2021-03-17 07:12:48]cl_getDriver.py(127): click_Success->//*[@id="base_box"]/div/div[3]/form/button
[2021-03-17 07:12:48]cl_getDriver.py(127): click_Success->//*[@id="base_box"]/div/div[3]/form/button
[2021-03-17 07:12:48]cl_getDriver.py(72): Open NewTab->https://kabuoji3.com/stock/4119/2017/
[2021-03-17 07:12:49]cl_getDriver.py(72): Open NewTab->https://kabuoji3.com/stock/4118/1988/
[2021-03-17 07:12:50]cl_getDriver.py(127): click_Success->//*[@id="base_box"]/div/div[3]/form/button
[2021-03-17 07:12:50]cl_getDriver.py(127): click_Success->//*[@id="base_box"]/div/div[3]/form/button
[2021-03-17 07:12:52]cl_getDriver.py(127): click_Success->//*[@id="base_box"]/div/div[3]/form/button
[2021-03-17 07:12:52]cl_getDriver.py(127): click_Success->//*[@id="base_box"]/div/div[3]/form/button
[2021-03-17 07:12:53]cl_getDriver.py(72): Open NewTab->https://kabuoji3.com/stock/4119/2016/
[2021-03-17 07:12:53]cl_getDriver.py(72): Open NewTab->https://kabuoji3.com/stock/4118/1987/
[2021-03-17 07:12:54]cl_getDriver.py(127): click_Success->//*[@id="base_box"]/div/div[3]/form/button
[2021-03-17 07:12:54]cl_getDriver.py(127): click_Success->//*[@id="base_box"]/div/div[3]/form/button
[2021-03-17 07:12:56]cl_getDriver.py(127): click_Success->//*[@id="base_box"]/div/div[3]/form/button
[2021-03-17 07:12:57]cl_getDriver.py(72): Open NewTab->https://kabuoji3.com/stock/4119/2015/
[2021-03-17 07:12:57]cl_getDriver.py(127): click_Success->//*[@id="base_box"]/div/div[3]/form/button
[2021-03-17 07:12:57]cl_getDriver.py(72): Open NewTab->https://kabuoji3.com/stock/4118/1986/
[2021-03-17 07:12:58]cl_getDriver.py(127): click_Success->//*[@id="base_box"]/div/div[3]/form/button
[2021-03-17 07:12:58]cl_getDriver.py(127): click_Success->//*[@id="base_box"]/div/div[3]/form/button
[2021-03-17 07:13:00]cl_getDriver.py(127): click_Success->//*[@id="base_box"]/div/div[3]/form/button
[2021-03-17 07:13:01]cl_getDriver.py(72): Open NewTab->https://kabuoji3.com/stock/4119/2014/
[2021-03-17 07:13:01]cl_getDriver.py(127): click_Success->//*[@id="base_box"]/div/div[3]/form/button
[2021-03-17 07:13:01]cl_getDriver.py(72): Open NewTab->https://kabuoji3.com/stock/4118/1985/
[2021-03-17 07:13:02]cl_getDriver.py(127): click_Success->//*[@id="base_box"]/div/div[3]/form/button
[2021-03-17 07:13:03]cl_getDriver.py(127): click_Success->//*[@id="base_box"]/div/div[3]/form/button
[2021-03-17 07:13:05]cl_getDriver.py(127): click_Success->//*[@id="base_box"]/div/div[3]/form/button
[2021-03-17 07:13:05]cl_getDriver.py(72): Open NewTab->https://kabuoji3.com/stock/4119/2013/
[2021-03-17 07:13:05]cl_getDriver.py(127): click_Success->//*[@id="base_box"]/div/div[3]/form/button
[2021-03-17 07:13:05]cl_getDriver.py(72): Open NewTab->https://kabuoji3.com/stock/4118/1984/
[2021-03-17 07:13:06]cl_getDriver.py(127): click_Success->//*[@id="base_box"]/div/div[3]/form/button
[2021-03-17 07:13:07]cl_getDriver.py(127): click_Success->//*[@id="base_box"]/div/div[3]/form/button
[2021-03-17 07:13:09]cl_getDriver.py(127): click_Success->//*[@id="base_box"]/div/div[3]/form/button
[2021-03-17 07:13:09]cl_getDriver.py(72): Open NewTab->https://kabuoji3.com/stock/4119/2012/
[2021-03-17 07:13:09]cl_getDriver.py(127): click_Success->//*[@id="base_box"]/div/div[3]/form/button
[2021-03-17 07:13:10]cl_getDriver.py(72): Open NewTab->https://kabuoji3.com/stock/4118/1983/
[2021-03-17 07:13:12]cl_getDriver.py(127): click_Success->//*[@id="base_box"]/div/div[3]/form/button
[2021-03-17 07:13:12]cl_getDriver.py(127): click_Success->//*[@id="base_box"]/div/div[3]/form/button
[2021-03-17 07:13:14]cl_getDriver.py(127): click_Success->//*[@id="base_box"]/div/div[3]/form/button
[2021-03-17 07:13:14]cl_getDriver.py(127): click_Success->//*[@id="base_box"]/div/div[3]/form/button
[2021-03-17 07:13:15]cl_getDriver.py(72): Open NewTab->https://kabuoji3.com/stock/4119/2011/
[2021-03-17 07:13:15]cl_getDriver.py(127): click_Success->//*[@id="base_box"]/div/div[3]/form/button
[2021-03-17 07:13:18]cl_getDriver.py(127): click_Success->//*[@id="base_box"]/div/div[3]/form/button
[2021-03-17 07:13:18]main.py(42): finished Process->https://kabuoji3.com/stock/4118/
[2021-03-17 07:13:18]main.py(15): start_Process->https://kabuoji3.com/stock/4120/
[2021-03-17 07:13:18]cl_getDriver.py(72): Open NewTab->https://kabuoji3.com/stock/4119/2010/
[2021-03-17 07:13:19]cl_getDriver.py(127): click_Success->//*[@id="base_box"]/div/div[3]/form/button
[2021-03-17 07:13:21]cl_getDriver.py(127): click_Success->//*[@id="base_box"]/div/div[3]/form/button
[2021-03-17 07:13:22]cl_getDriver.py(72): Open NewTab->https://kabuoji3.com/stock/4119/2009/
[2021-03-17 07:13:23]cl_getDriver.py(127): click_Success->//*[@id="base_box"]/div/div[3]/form/button
[2021-03-17 07:13:23]cl_getDriver.py(64): getURL=https://kabuoji3.com/stock/4120/
[2021-03-17 07:13:24]cl_getDriver.py(72): Open NewTab->https://kabuoji3.com/stock/4120/
[2021-03-17 07:13:24]cl_getDriver.py(130): Not Found->//*[@id="base_box"]/div/div[3]/form/button
[2021-03-17 07:13:25]cl_getDriver.py(127): click_Success->//*[@id="base_box"]/div/div[3]/form/button
[2021-03-17 07:13:25]cl_getDriver.py(72): Open NewTab->https://kabuoji3.com/stock/4119/2008/
[2021-03-17 07:13:26]cl_getDriver.py(127): click_Success->//*[@id="base_box"]/div/div[3]/form/button
[2021-03-17 07:13:26]cl_getDriver.py(130): Not Found->//*[@id="base_box"]/div/div[3]/form/button
[2021-03-17 07:13:27]cl_getDriver.py(72): Open NewTab->https://kabuoji3.com/stock/4120/2021/
[2021-03-17 07:13:27]cl_getDriver.py(127): click_Success->//*[@id="base_box"]/div/div[3]/form/button
[2021-03-17 07:13:29]cl_getDriver.py(127): click_Success->//*[@id="base_box"]/div/div[3]/form/button
[2021-03-17 07:13:29]cl_getDriver.py(72): Open NewTab->https://kabuoji3.com/stock/4119/2007/
[2021-03-17 07:13:30]cl_getDriver.py(127): click_Success->//*[@id="base_box"]/div/div[3]/form/button
[2021-03-17 07:13:30]cl_getDriver.py(127): click_Success->//*[@id="base_box"]/div/div[3]/form/button
[2021-03-17 07:13:30]cl_getDriver.py(72): Open NewTab->https://kabuoji3.com/stock/4120/2020/
[2021-03-17 07:13:31]cl_getDriver.py(127): click_Success->//*[@id="base_box"]/div/div[3]/form/button
[2021-03-17 07:13:32]cl_getDriver.py(127): click_Success->//*[@id="base_box"]/div/div[3]/form/button
[2021-03-17 07:13:33]cl_getDriver.py(72): Open NewTab->https://kabuoji3.com/stock/4119/2006/
[2021-03-17 07:13:34]cl_getDriver.py(127): click_Success->//*[@id="base_box"]/div/div[3]/form/button
[2021-03-17 07:13:34]cl_getDriver.py(127): click_Success->//*[@id="base_box"]/div/div[3]/form/button
[2021-03-17 07:13:34]cl_getDriver.py(72): Open NewTab->https://kabuoji3.com/stock/4120/2019/
[2021-03-17 07:13:35]cl_getDriver.py(127): click_Success->//*[@id="base_box"]/div/div[3]/form/button
[2021-03-17 07:13:36]cl_getDriver.py(127): click_Success->//*[@id="base_box"]/div/div[3]/form/button
[2021-03-17 07:13:37]cl_getDriver.py(72): Open NewTab->https://kabuoji3.com/stock/4119/2005/
[2021-03-17 07:13:38]cl_getDriver.py(127): click_Success->//*[@id="base_box"]/div/div[3]/form/button
[2021-03-17 07:13:38]cl_getDriver.py(127): click_Success->//*[@id="base_box"]/div/div[3]/form/button
[2021-03-17 07:13:38]cl_getDriver.py(72): Open NewTab->https://kabuoji3.com/stock/4120/2018/
[2021-03-17 07:13:39]cl_getDriver.py(127): click_Success->//*[@id="base_box"]/div/div[3]/form/button
[2021-03-17 07:13:40]cl_getDriver.py(127): click_Success->//*[@id="base_box"]/div/div[3]/form/button
[2021-03-17 07:13:40]cl_getDriver.py(72): Open NewTab->https://kabuoji3.com/stock/4119/2004/
[2021-03-17 07:13:41]cl_getDriver.py(127): click_Success->//*[@id="base_box"]/div/div[3]/form/button
[2021-03-17 07:13:42]cl_getDriver.py(127): click_Success->//*[@id="base_box"]/div/div[3]/form/button
[2021-03-17 07:13:42]cl_getDriver.py(72): Open NewTab->https://kabuoji3.com/stock/4120/2017/
[2021-03-17 07:13:43]cl_getDriver.py(127): click_Success->//*[@id="base_box"]/div/div[3]/form/button
[2021-03-17 07:13:44]cl_getDriver.py(127): click_Success->//*[@id="base_box"]/div/div[3]/form/button
[2021-03-17 07:13:44]cl_getDriver.py(72): Open NewTab->https://kabuoji3.com/stock/4119/2003/
[2021-03-17 07:13:45]cl_getDriver.py(127): click_Success->//*[@id="base_box"]/div/div[3]/form/button
[2021-03-17 07:13:45]cl_getDriver.py(127): click_Success->//*[@id="base_box"]/div/div[3]/form/button
[2021-03-17 07:13:45]cl_getDriver.py(72): Open NewTab->https://kabuoji3.com/stock/4120/2016/
[2021-03-17 07:13:46]cl_getDriver.py(127): click_Success->//*[@id="base_box"]/div/div[3]/form/button
[2021-03-17 07:13:47]cl_getDriver.py(127): click_Success->//*[@id="base_box"]/div/div[3]/form/button
[2021-03-17 07:13:47]cl_getDriver.py(72): Open NewTab->https://kabuoji3.com/stock/4119/2002/
[2021-03-17 07:13:48]cl_getDriver.py(127): click_Success->//*[@id="base_box"]/div/div[3]/form/button
[2021-03-17 07:13:49]cl_getDriver.py(127): click_Success->//*[@id="base_box"]/div/div[3]/form/button
[2021-03-17 07:13:49]cl_getDriver.py(72): Open NewTab->https://kabuoji3.com/stock/4120/2015/
[2021-03-17 07:13:50]cl_getDriver.py(127): click_Success->//*[@id="base_box"]/div/div[3]/form/button
[2021-03-17 07:13:51]cl_getDriver.py(127): click_Success->//*[@id="base_box"]/div/div[3]/form/button
[2021-03-17 07:13:51]cl_getDriver.py(72): Open NewTab->https://kabuoji3.com/stock/4119/2001/
[2021-03-17 07:13:52]cl_getDriver.py(127): click_Success->//*[@id="base_box"]/div/div[3]/form/button
[2021-03-17 07:13:52]cl_getDriver.py(127): click_Success->//*[@id="base_box"]/div/div[3]/form/button
[2021-03-17 07:13:53]cl_getDriver.py(72): Open NewTab->https://kabuoji3.com/stock/4120/2014/
[2021-03-17 07:13:54]cl_getDriver.py(127): click_Success->//*[@id="base_box"]/div/div[3]/form/button
[2021-03-17 07:13:54]cl_getDriver.py(127): click_Success->//*[@id="base_box"]/div/div[3]/form/button
[2021-03-17 07:13:54]cl_getDriver.py(72): Open NewTab->https://kabuoji3.com/stock/4119/2000/
[2021-03-17 07:13:55]cl_getDriver.py(127): click_Success->//*[@id="base_box"]/div/div[3]/form/button
[2021-03-17 07:13:56]cl_getDriver.py(127): click_Success->//*[@id="base_box"]/div/div[3]/form/button
[2021-03-17 07:13:56]cl_getDriver.py(72): Open NewTab->https://kabuoji3.com/stock/4120/2013/
[2021-03-17 07:13:57]cl_getDriver.py(127): click_Success->//*[@id="base_box"]/div/div[3]/form/button
[2021-03-17 07:13:58]cl_getDriver.py(127): click_Success->//*[@id="base_box"]/div/div[3]/form/button
[2021-03-17 07:13:58]cl_getDriver.py(72): Open NewTab->https://kabuoji3.com/stock/4119/1999/
[2021-03-17 07:13:59]cl_getDriver.py(127): click_Success->//*[@id="base_box"]/div/div[3]/form/button
[2021-03-17 07:14:00]cl_getDriver.py(127): click_Success->//*[@id="base_box"]/div/div[3]/form/button
[2021-03-17 07:14:00]cl_getDriver.py(72): Open NewTab->https://kabuoji3.com/stock/4120/2012/
[2021-03-17 07:14:01]cl_getDriver.py(127): click_Success->//*[@id="base_box"]/div/div[3]/form/button
[2021-03-17 07:14:01]cl_getDriver.py(127): click_Success->//*[@id="base_box"]/div/div[3]/form/button
[2021-03-17 07:14:01]cl_getDriver.py(72): Open NewTab->https://kabuoji3.com/stock/4119/1998/
[2021-03-17 07:14:02]cl_getDriver.py(127): click_Success->//*[@id="base_box"]/div/div[3]/form/button
[2021-03-17 07:14:03]cl_getDriver.py(127): click_Success->//*[@id="base_box"]/div/div[3]/form/button
[2021-03-17 07:14:03]cl_getDriver.py(72): Open NewTab->https://kabuoji3.com/stock/4120/2011/
[2021-03-17 07:14:04]cl_getDriver.py(127): click_Success->//*[@id="base_box"]/div/div[3]/form/button
[2021-03-17 07:14:05]cl_getDriver.py(127): click_Success->//*[@id="base_box"]/div/div[3]/form/button
[2021-03-17 07:14:05]cl_getDriver.py(72): Open NewTab->https://kabuoji3.com/stock/4119/1997/
[2021-03-17 07:14:06]cl_getDriver.py(127): click_Success->//*[@id="base_box"]/div/div[3]/form/button
[2021-03-17 07:14:07]cl_getDriver.py(127): click_Success->//*[@id="base_box"]/div/div[3]/form/button
[2021-03-17 07:14:07]cl_getDriver.py(72): Open NewTab->https://kabuoji3.com/stock/4120/2010/
[2021-03-17 07:14:08]cl_getDriver.py(127): click_Success->//*[@id="base_box"]/div/div[3]/form/button
[2021-03-17 07:14:08]cl_getDriver.py(127): click_Success->//*[@id="base_box"]/div/div[3]/form/button
[2021-03-17 07:14:09]cl_getDriver.py(72): Open NewTab->https://kabuoji3.com/stock/4119/1996/
[2021-03-17 07:14:10]cl_getDriver.py(127): click_Success->//*[@id="base_box"]/div/div[3]/form/button
[2021-03-17 07:14:10]cl_getDriver.py(127): click_Success->//*[@id="base_box"]/div/div[3]/form/button
[2021-03-17 07:14:11]cl_getDriver.py(72): Open NewTab->https://kabuoji3.com/stock/4120/2009/
[2021-03-17 07:14:12]cl_getDriver.py(127): click_Success->//*[@id="base_box"]/div/div[3]/form/button
[2021-03-17 07:14:12]cl_getDriver.py(127): click_Success->//*[@id="base_box"]/div/div[3]/form/button
[2021-03-17 07:14:12]cl_getDriver.py(72): Open NewTab->https://kabuoji3.com/stock/4119/1995/
[2021-03-17 07:14:13]cl_getDriver.py(127): click_Success->//*[@id="base_box"]/div/div[3]/form/button
[2021-03-17 07:14:14]cl_getDriver.py(127): click_Success->//*[@id="base_box"]/div/div[3]/form/button
[2021-03-17 07:14:14]cl_getDriver.py(72): Open NewTab->https://kabuoji3.com/stock/4120/2008/
[2021-03-17 07:14:15]cl_getDriver.py(127): click_Success->//*[@id="base_box"]/div/div[3]/form/button
[2021-03-17 07:14:16]cl_getDriver.py(127): click_Success->//*[@id="base_box"]/div/div[3]/form/button
[2021-03-17 07:14:16]cl_getDriver.py(72): Open NewTab->https://kabuoji3.com/stock/4119/1994/
[2021-03-17 07:14:17]cl_getDriver.py(127): click_Success->//*[@id="base_box"]/div/div[3]/form/button
[2021-03-17 07:14:17]cl_getDriver.py(127): click_Success->//*[@id="base_box"]/div/div[3]/form/button
[2021-03-17 07:14:18]cl_getDriver.py(72): Open NewTab->https://kabuoji3.com/stock/4120/2007/
[2021-03-17 07:14:19]cl_getDriver.py(127): click_Success->//*[@id="base_box"]/div/div[3]/form/button
[2021-03-17 07:14:19]cl_getDriver.py(127): click_Success->//*[@id="base_box"]/div/div[3]/form/button
[2021-03-17 07:14:19]cl_getDriver.py(72): Open NewTab->https://kabuoji3.com/stock/4119/1993/
[2021-03-17 07:14:20]cl_getDriver.py(127): click_Success->//*[@id="base_box"]/div/div[3]/form/button
[2021-03-17 07:14:21]cl_getDriver.py(127): click_Success->//*[@id="base_box"]/div/div[3]/form/button
[2021-03-17 07:14:21]cl_getDriver.py(72): Open NewTab->https://kabuoji3.com/stock/4120/2006/
[2021-03-17 07:14:22]cl_getDriver.py(127): click_Success->//*[@id="base_box"]/div/div[3]/form/button
[2021-03-17 07:14:23]cl_getDriver.py(127): click_Success->//*[@id="base_box"]/div/div[3]/form/button
[2021-03-17 07:14:23]cl_getDriver.py(72): Open NewTab->https://kabuoji3.com/stock/4119/1992/
[2021-03-17 07:14:24]cl_getDriver.py(127): click_Success->//*[@id="base_box"]/div/div[3]/form/button
[2021-03-17 07:14:25]cl_getDriver.py(127): click_Success->//*[@id="base_box"]/div/div[3]/form/button
[2021-03-17 07:14:25]cl_getDriver.py(72): Open NewTab->https://kabuoji3.com/stock/4120/2005/
[2021-03-17 07:14:26]cl_getDriver.py(127): click_Success->//*[@id="base_box"]/div/div[3]/form/button
[2021-03-17 07:14:26]cl_getDriver.py(127): click_Success->//*[@id="base_box"]/div/div[3]/form/button
[2021-03-17 07:14:27]cl_getDriver.py(72): Open NewTab->https://kabuoji3.com/stock/4119/1991/
[2021-03-17 07:14:28]cl_getDriver.py(127): click_Success->//*[@id="base_box"]/div/div[3]/form/button
[2021-03-17 07:14:28]cl_getDriver.py(127): click_Success->//*[@id="base_box"]/div/div[3]/form/button
[2021-03-17 07:14:29]cl_getDriver.py(72): Open NewTab->https://kabuoji3.com/stock/4120/2004/
[2021-03-17 07:14:30]cl_getDriver.py(127): click_Success->//*[@id="base_box"]/div/div[3]/form/button
[2021-03-17 07:14:30]cl_getDriver.py(127): click_Success->//*[@id="base_box"]/div/div[3]/form/button
[2021-03-17 07:14:30]cl_getDriver.py(72): Open NewTab->https://kabuoji3.com/stock/4119/1990/
[2021-03-17 07:14:31]cl_getDriver.py(127): click_Success->//*[@id="base_box"]/div/div[3]/form/button
[2021-03-17 07:14:32]cl_getDriver.py(127): click_Success->//*[@id="base_box"]/div/div[3]/form/button
[2021-03-17 07:14:32]cl_getDriver.py(72): Open NewTab->https://kabuoji3.com/stock/4120/2003/
[2021-03-17 07:14:33]cl_getDriver.py(127): click_Success->//*[@id="base_box"]/div/div[3]/form/button
[2021-03-17 07:14:33]cl_getDriver.py(127): click_Success->//*[@id="base_box"]/div/div[3]/form/button
[2021-03-17 07:14:34]cl_getDriver.py(72): Open NewTab->https://kabuoji3.com/stock/4119/1989/
[2021-03-17 07:14:35]cl_getDriver.py(127): click_Success->//*[@id="base_box"]/div/div[3]/form/button
[2021-03-17 07:14:35]cl_getDriver.py(127): click_Success->//*[@id="base_box"]/div/div[3]/form/button
[2021-03-17 07:14:36]cl_getDriver.py(72): Open NewTab->https://kabuoji3.com/stock/4120/2002/
[2021-03-17 07:14:37]cl_getDriver.py(127): click_Success->//*[@id="base_box"]/div/div[3]/form/button
[2021-03-17 07:14:37]cl_getDriver.py(127): click_Success->//*[@id="base_box"]/div/div[3]/form/button
[2021-03-17 07:14:37]cl_getDriver.py(72): Open NewTab->https://kabuoji3.com/stock/4119/1988/
[2021-03-17 07:14:38]cl_getDriver.py(127): click_Success->//*[@id="base_box"]/div/div[3]/form/button
[2021-03-17 07:14:39]cl_getDriver.py(127): click_Success->//*[@id="base_box"]/div/div[3]/form/button
[2021-03-17 07:14:39]cl_getDriver.py(72): Open NewTab->https://kabuoji3.com/stock/4120/2001/
[2021-03-17 07:14:40]cl_getDriver.py(127): click_Success->//*[@id="base_box"]/div/div[3]/form/button
[2021-03-17 07:14:41]cl_getDriver.py(127): click_Success->//*[@id="base_box"]/div/div[3]/form/button
[2021-03-17 07:14:41]cl_getDriver.py(72): Open NewTab->https://kabuoji3.com/stock/4119/1987/
[2021-03-17 07:14:42]cl_getDriver.py(127): click_Success->//*[@id="base_box"]/div/div[3]/form/button
[2021-03-17 07:14:42]cl_getDriver.py(127): click_Success->//*[@id="base_box"]/div/div[3]/form/button
[2021-03-17 07:14:43]cl_getDriver.py(72): Open NewTab->https://kabuoji3.com/stock/4120/2000/
[2021-03-17 07:14:44]cl_getDriver.py(127): click_Success->//*[@id="base_box"]/div/div[3]/form/button
[2021-03-17 07:14:44]cl_getDriver.py(127): click_Success->//*[@id="base_box"]/div/div[3]/form/button
[2021-03-17 07:14:44]cl_getDriver.py(72): Open NewTab->https://kabuoji3.com/stock/4119/1986/
[2021-03-17 07:14:45]cl_getDriver.py(127): click_Success->//*[@id="base_box"]/div/div[3]/form/button
[2021-03-17 07:14:46]cl_getDriver.py(127): click_Success->//*[@id="base_box"]/div/div[3]/form/button
[2021-03-17 07:14:46]cl_getDriver.py(72): Open NewTab->https://kabuoji3.com/stock/4120/1999/
[2021-03-17 07:14:47]cl_getDriver.py(127): click_Success->//*[@id="base_box"]/div/div[3]/form/button
[2021-03-17 07:14:48]cl_getDriver.py(127): click_Success->//*[@id="base_box"]/div/div[3]/form/button
[2021-03-17 07:14:48]cl_getDriver.py(72): Open NewTab->https://kabuoji3.com/stock/4119/1985/
[2021-03-17 07:14:49]cl_getDriver.py(127): click_Success->//*[@id="base_box"]/div/div[3]/form/button
[2021-03-17 07:14:50]cl_getDriver.py(127): click_Success->//*[@id="base_box"]/div/div[3]/form/button
[2021-03-17 07:14:50]cl_getDriver.py(72): Open NewTab->https://kabuoji3.com/stock/4120/1998/
[2021-03-17 07:14:51]cl_getDriver.py(127): click_Success->//*[@id="base_box"]/div/div[3]/form/button
[2021-03-17 07:14:51]cl_getDriver.py(127): click_Success->//*[@id="base_box"]/div/div[3]/form/button
[2021-03-17 07:14:52]cl_getDriver.py(72): Open NewTab->https://kabuoji3.com/stock/4119/1984/
[2021-03-17 07:14:53]cl_getDriver.py(127): click_Success->//*[@id="base_box"]/div/div[3]/form/button
[2021-03-17 07:14:53]cl_getDriver.py(127): click_Success->//*[@id="base_box"]/div/div[3]/form/button
[2021-03-17 07:14:53]cl_getDriver.py(72): Open NewTab->https://kabuoji3.com/stock/4120/1997/
[2021-03-17 07:14:54]cl_getDriver.py(127): click_Success->//*[@id="base_box"]/div/div[3]/form/button
[2021-03-17 07:14:55]cl_getDriver.py(127): click_Success->//*[@id="base_box"]/div/div[3]/form/button
[2021-03-17 07:14:55]cl_getDriver.py(72): Open NewTab->https://kabuoji3.com/stock/4119/1983/
[2021-03-17 07:14:56]cl_getDriver.py(127): click_Success->//*[@id="base_box"]/div/div[3]/form/button
[2021-03-17 07:14:57]cl_getDriver.py(127): click_Success->//*[@id="base_box"]/div/div[3]/form/button
[2021-03-17 07:14:57]cl_getDriver.py(72): Open NewTab->https://kabuoji3.com/stock/4120/1996/
[2021-03-17 07:14:58]cl_getDriver.py(127): click_Success->//*[@id="base_box"]/div/div[3]/form/button
[2021-03-17 07:14:59]cl_getDriver.py(127): click_Success->//*[@id="base_box"]/div/div[3]/form/button
[2021-03-17 07:15:00]cl_getDriver.py(127): click_Success->//*[@id="base_box"]/div/div[3]/form/button
[2021-03-17 07:15:01]cl_getDriver.py(72): Open NewTab->https://kabuoji3.com/stock/4120/1995/
[2021-03-17 07:15:01]cl_getDriver.py(127): click_Success->//*[@id="base_box"]/div/div[3]/form/button
[2021-03-17 07:15:03]main.py(42): finished Process->https://kabuoji3.com/stock/4119/
[2021-03-17 07:15:03]main.py(15): start_Process->https://kabuoji3.com/stock/4124/
[2021-03-17 07:15:04]cl_getDriver.py(127): click_Success->//*[@id="base_box"]/div/div[3]/form/button
[2021-03-17 07:15:04]cl_getDriver.py(72): Open NewTab->https://kabuoji3.com/stock/4120/1994/
[2021-03-17 07:15:06]cl_getDriver.py(127): click_Success->//*[@id="base_box"]/div/div[3]/form/button
[2021-03-17 07:15:08]cl_getDriver.py(127): click_Success->//*[@id="base_box"]/div/div[3]/form/button
[2021-03-17 07:15:08]cl_getDriver.py(72): Open NewTab->https://kabuoji3.com/stock/4120/1993/
[2021-03-17 07:15:09]cl_getDriver.py(64): getURL=https://kabuoji3.com/stock/4124/
[2021-03-17 07:15:09]cl_getDriver.py(72): Open NewTab->https://kabuoji3.com/stock/4124/
[2021-03-17 07:15:10]cl_getDriver.py(127): click_Success->//*[@id="base_box"]/div/div[3]/form/button
[2021-03-17 07:15:10]cl_getDriver.py(130): Not Found->//*[@id="base_box"]/div/div[3]/form/button
[2021-03-17 07:15:12]cl_getDriver.py(127): click_Success->//*[@id="base_box"]/div/div[3]/form/button
[2021-03-17 07:15:12]cl_getDriver.py(130): Not Found->//*[@id="base_box"]/div/div[3]/form/button
[2021-03-17 07:15:12]cl_getDriver.py(72): Open NewTab->https://kabuoji3.com/stock/4120/1992/
[2021-03-17 07:15:12]cl_getDriver.py(72): Open NewTab->https://kabuoji3.com/stock/4124/2021/
[2021-03-17 07:15:13]cl_getDriver.py(127): click_Success->//*[@id="base_box"]/div/div[3]/form/button
[2021-03-17 07:15:14]cl_getDriver.py(127): click_Success->//*[@id="base_box"]/div/div[3]/form/button
[2021-03-17 07:15:16]cl_getDriver.py(127): click_Success->//*[@id="base_box"]/div/div[3]/form/button
[2021-03-17 07:15:16]cl_getDriver.py(127): click_Success->//*[@id="base_box"]/div/div[3]/form/button
[2021-03-17 07:15:16]cl_getDriver.py(72): Open NewTab->https://kabuoji3.com/stock/4120/1991/
[2021-03-17 07:15:16]cl_getDriver.py(72): Open NewTab->https://kabuoji3.com/stock/4124/2020/
[2021-03-17 07:15:18]cl_getDriver.py(127): click_Success->//*[@id="base_box"]/div/div[3]/form/button
[2021-03-17 07:15:18]cl_getDriver.py(127): click_Success->//*[@id="base_box"]/div/div[3]/form/button
[2021-03-17 07:15:20]cl_getDriver.py(127): click_Success->//*[@id="base_box"]/div/div[3]/form/button
[2021-03-17 07:15:20]cl_getDriver.py(127): click_Success->//*[@id="base_box"]/div/div[3]/form/button
[2021-03-17 07:15:21]cl_getDriver.py(72): Open NewTab->https://kabuoji3.com/stock/4120/1990/
[2021-03-17 07:15:21]cl_getDriver.py(72): Open NewTab->https://kabuoji3.com/stock/4124/2019/
[2021-03-17 07:15:22]cl_getDriver.py(127): click_Success->//*[@id="base_box"]/div/div[3]/form/button
[2021-03-17 07:15:22]cl_getDriver.py(127): click_Success->//*[@id="base_box"]/div/div[3]/form/button
[2021-03-17 07:15:24]cl_getDriver.py(127): click_Success->//*[@id="base_box"]/div/div[3]/form/button
[2021-03-17 07:15:24]cl_getDriver.py(127): click_Success->//*[@id="base_box"]/div/div[3]/form/button
[2021-03-17 07:15:25]cl_getDriver.py(72): Open NewTab->https://kabuoji3.com/stock/4120/1989/
[2021-03-17 07:15:25]cl_getDriver.py(72): Open NewTab->https://kabuoji3.com/stock/4124/2018/
[2021-03-17 07:15:26]cl_getDriver.py(127): click_Success->//*[@id="base_box"]/div/div[3]/form/button
[2021-03-17 07:15:27]cl_getDriver.py(127): click_Success->//*[@id="base_box"]/div/div[3]/form/button
[2021-03-17 07:15:29]cl_getDriver.py(127): click_Success->//*[@id="base_box"]/div/div[3]/form/button
[2021-03-17 07:15:29]cl_getDriver.py(127): click_Success->//*[@id="base_box"]/div/div[3]/form/button
[2021-03-17 07:15:30]cl_getDriver.py(72): Open NewTab->https://kabuoji3.com/stock/4120/1988/
[2021-03-17 07:15:30]cl_getDriver.py(72): Open NewTab->https://kabuoji3.com/stock/4124/2017/
[2021-03-17 07:15:31]cl_getDriver.py(127): click_Success->//*[@id="base_box"]/div/div[3]/form/button
[2021-03-17 07:15:31]cl_getDriver.py(127): click_Success->//*[@id="base_box"]/div/div[3]/form/button
[2021-03-17 07:15:33]cl_getDriver.py(127): click_Success->//*[@id="base_box"]/div/div[3]/form/button
[2021-03-17 07:15:33]cl_getDriver.py(127): click_Success->//*[@id="base_box"]/div/div[3]/form/button
[2021-03-17 07:15:34]cl_getDriver.py(72): Open NewTab->https://kabuoji3.com/stock/4120/1987/
[2021-03-17 07:15:35]cl_getDriver.py(127): click_Success->//*[@id="base_box"]/div/div[3]/form/button
[2021-03-17 07:15:37]cl_getDriver.py(127): click_Success->//*[@id="base_box"]/div/div[3]/form/button
[2021-03-17 07:15:37]cl_getDriver.py(72): Open NewTab->https://kabuoji3.com/stock/4120/1986/
[2021-03-17 07:15:37]main.py(42): finished Process->https://kabuoji3.com/stock/4124/
[2021-03-17 07:15:37]main.py(15): start_Process->https://kabuoji3.com/stock/4182/
[2021-03-17 07:15:38]cl_getDriver.py(127): click_Success->//*[@id="base_box"]/div/div[3]/form/button
[2021-03-17 07:15:41]cl_getDriver.py(127): click_Success->//*[@id="base_box"]/div/div[3]/form/button
[2021-03-17 07:15:41]cl_getDriver.py(72): Open NewTab->https://kabuoji3.com/stock/4120/1985/
[2021-03-17 07:15:42]cl_getDriver.py(127): click_Success->//*[@id="base_box"]/div/div[3]/form/button
[2021-03-17 07:15:43]cl_getDriver.py(64): getURL=https://kabuoji3.com/stock/4182/
[2021-03-17 07:15:44]cl_getDriver.py(72): Open NewTab->https://kabuoji3.com/stock/4182/
[2021-03-17 07:15:44]cl_getDriver.py(127): click_Success->//*[@id="base_box"]/div/div[3]/form/button
[2021-03-17 07:15:45]cl_getDriver.py(72): Open NewTab->https://kabuoji3.com/stock/4120/1984/
[2021-03-17 07:15:45]cl_getDriver.py(130): Not Found->//*[@id="base_box"]/div/div[3]/form/button
[2021-03-17 07:15:46]cl_getDriver.py(127): click_Success->//*[@id="base_box"]/div/div[3]/form/button
[2021-03-17 07:15:47]cl_getDriver.py(130): Not Found->//*[@id="base_box"]/div/div[3]/form/button
[2021-03-17 07:15:47]cl_getDriver.py(72): Open NewTab->https://kabuoji3.com/stock/4182/2021/
[2021-03-17 07:15:48]cl_getDriver.py(127): click_Success->//*[@id="base_box"]/div/div[3]/form/button
[2021-03-17 07:15:48]cl_getDriver.py(127): click_Success->//*[@id="base_box"]/div/div[3]/form/button
[2021-03-17 07:15:48]cl_getDriver.py(72): Open NewTab->https://kabuoji3.com/stock/4120/1983/
[2021-03-17 07:15:49]cl_getDriver.py(127): click_Success->//*[@id="base_box"]/div/div[3]/form/button
[2021-03-17 07:15:50]cl_getDriver.py(127): click_Success->//*[@id="base_box"]/div/div[3]/form/button
[2021-03-17 07:15:51]cl_getDriver.py(72): Open NewTab->https://kabuoji3.com/stock/4182/2020/
[2021-03-17 07:15:51]cl_getDriver.py(127): click_Success->//*[@id="base_box"]/div/div[3]/form/button
[2021-03-17 07:15:52]cl_getDriver.py(127): click_Success->//*[@id="base_box"]/div/div[3]/form/button
[2021-03-17 07:15:54]cl_getDriver.py(127): click_Success->//*[@id="base_box"]/div/div[3]/form/button
[2021-03-17 07:15:54]cl_getDriver.py(72): Open NewTab->https://kabuoji3.com/stock/4182/2019/
[2021-03-17 07:15:56]main.py(42): finished Process->https://kabuoji3.com/stock/4120/
[2021-03-17 07:15:56]main.py(15): start_Process->https://kabuoji3.com/stock/4183/
[2021-03-17 07:15:56]cl_getDriver.py(127): click_Success->//*[@id="base_box"]/div/div[3]/form/button
[2021-03-17 07:15:58]cl_getDriver.py(127): click_Success->//*[@id="base_box"]/div/div[3]/form/button
[2021-03-17 07:15:59]cl_getDriver.py(72): Open NewTab->https://kabuoji3.com/stock/4182/2018/
[2021-03-17 07:16:00]cl_getDriver.py(127): click_Success->//*[@id="base_box"]/div/div[3]/form/button
[2021-03-17 07:16:01]cl_getDriver.py(64): getURL=https://kabuoji3.com/stock/4183/
[2021-03-17 07:16:01]cl_getDriver.py(72): Open NewTab->https://kabuoji3.com/stock/4183/
[2021-03-17 07:16:02]cl_getDriver.py(127): click_Success->//*[@id="base_box"]/div/div[3]/form/button
[2021-03-17 07:16:03]cl_getDriver.py(72): Open NewTab->https://kabuoji3.com/stock/4182/2017/
[2021-03-17 07:16:03]cl_getDriver.py(130): Not Found->//*[@id="base_box"]/div/div[3]/form/button
[2021-03-17 07:16:04]cl_getDriver.py(127): click_Success->//*[@id="base_box"]/div/div[3]/form/button
[2021-03-17 07:16:05]cl_getDriver.py(130): Not Found->//*[@id="base_box"]/div/div[3]/form/button
[2021-03-17 07:16:05]cl_getDriver.py(72): Open NewTab->https://kabuoji3.com/stock/4183/2021/
[2021-03-17 07:16:06]cl_getDriver.py(127): click_Success->//*[@id="base_box"]/div/div[3]/form/button
[2021-03-17 07:16:06]cl_getDriver.py(127): click_Success->//*[@id="base_box"]/div/div[3]/form/button
[2021-03-17 07:16:06]cl_getDriver.py(72): Open NewTab->https://kabuoji3.com/stock/4182/2016/
[2021-03-17 07:16:07]cl_getDriver.py(127): click_Success->//*[@id="base_box"]/div/div[3]/form/button
[2021-03-17 07:16:08]cl_getDriver.py(127): click_Success->//*[@id="base_box"]/div/div[3]/form/button
[2021-03-17 07:16:08]cl_getDriver.py(72): Open NewTab->https://kabuoji3.com/stock/4183/2020/
[2021-03-17 07:16:09]cl_getDriver.py(127): click_Success->//*[@id="base_box"]/div/div[3]/form/button
[2021-03-17 07:16:10]cl_getDriver.py(127): click_Success->//*[@id="base_box"]/div/div[3]/form/button
[2021-03-17 07:16:10]cl_getDriver.py(72): Open NewTab->https://kabuoji3.com/stock/4182/2015/
[2021-03-17 07:16:11]cl_getDriver.py(127): click_Success->//*[@id="base_box"]/div/div[3]/form/button
[2021-03-17 07:16:12]cl_getDriver.py(127): click_Success->//*[@id="base_box"]/div/div[3]/form/button
[2021-03-17 07:16:12]cl_getDriver.py(72): Open NewTab->https://kabuoji3.com/stock/4183/2019/
[2021-03-17 07:16:13]cl_getDriver.py(127): click_Success->//*[@id="base_box"]/div/div[3]/form/button
[2021-03-17 07:16:13]cl_getDriver.py(127): click_Success->//*[@id="base_box"]/div/div[3]/form/button
[2021-03-17 07:16:14]cl_getDriver.py(72): Open NewTab->https://kabuoji3.com/stock/4182/2014/
[2021-03-17 07:16:15]cl_getDriver.py(127): click_Success->//*[@id="base_box"]/div/div[3]/form/button
[2021-03-17 07:16:16]cl_getDriver.py(127): click_Success->//*[@id="base_box"]/div/div[3]/form/button
[2021-03-17 07:16:16]cl_getDriver.py(72): Open NewTab->https://kabuoji3.com/stock/4183/2018/
[2021-03-17 07:16:17]cl_getDriver.py(127): click_Success->//*[@id="base_box"]/div/div[3]/form/button
[2021-03-17 07:16:17]cl_getDriver.py(127): click_Success->//*[@id="base_box"]/div/div[3]/form/button
[2021-03-17 07:16:17]cl_getDriver.py(72): Open NewTab->https://kabuoji3.com/stock/4182/2013/
[2021-03-17 07:16:18]cl_getDriver.py(127): click_Success->//*[@id="base_box"]/div/div[3]/form/button
[2021-03-17 07:16:19]cl_getDriver.py(127): click_Success->//*[@id="base_box"]/div/div[3]/form/button
[2021-03-17 07:16:20]cl_getDriver.py(72): Open NewTab->https://kabuoji3.com/stock/4183/2017/
[2021-03-17 07:16:21]cl_getDriver.py(127): click_Success->//*[@id="base_box"]/div/div[3]/form/button
[2021-03-17 07:16:21]cl_getDriver.py(127): click_Success->//*[@id="base_box"]/div/div[3]/form/button
[2021-03-17 07:16:21]cl_getDriver.py(72): Open NewTab->https://kabuoji3.com/stock/4182/2012/
[2021-03-17 07:16:22]cl_getDriver.py(127): click_Success->//*[@id="base_box"]/div/div[3]/form/button
[2021-03-17 07:16:23]cl_getDriver.py(127): click_Success->//*[@id="base_box"]/div/div[3]/form/button
[2021-03-17 07:16:23]cl_getDriver.py(72): Open NewTab->https://kabuoji3.com/stock/4183/2016/
[2021-03-17 07:16:24]cl_getDriver.py(127): click_Success->//*[@id="base_box"]/div/div[3]/form/button
[2021-03-17 07:16:24]cl_getDriver.py(127): click_Success->//*[@id="base_box"]/div/div[3]/form/button
[2021-03-17 07:16:25]cl_getDriver.py(72): Open NewTab->https://kabuoji3.com/stock/4182/2011/
[2021-03-17 07:16:26]cl_getDriver.py(127): click_Success->//*[@id="base_box"]/div/div[3]/form/button
[2021-03-17 07:16:27]cl_getDriver.py(127): click_Success->//*[@id="base_box"]/div/div[3]/form/button
[2021-03-17 07:16:27]cl_getDriver.py(72): Open NewTab->https://kabuoji3.com/stock/4183/2015/
[2021-03-17 07:16:28]cl_getDriver.py(127): click_Success->//*[@id="base_box"]/div/div[3]/form/button
[2021-03-17 07:16:28]cl_getDriver.py(127): click_Success->//*[@id="base_box"]/div/div[3]/form/button
[2021-03-17 07:16:29]cl_getDriver.py(72): Open NewTab->https://kabuoji3.com/stock/4182/2010/
[2021-03-17 07:16:30]cl_getDriver.py(127): click_Success->//*[@id="base_box"]/div/div[3]/form/button
[2021-03-17 07:16:30]cl_getDriver.py(127): click_Success->//*[@id="base_box"]/div/div[3]/form/button
[2021-03-17 07:16:31]cl_getDriver.py(72): Open NewTab->https://kabuoji3.com/stock/4183/2014/
[2021-03-17 07:16:32]cl_getDriver.py(127): click_Success->//*[@id="base_box"]/div/div[3]/form/button
[2021-03-17 07:16:33]cl_getDriver.py(127): click_Success->//*[@id="base_box"]/div/div[3]/form/button
[2021-03-17 07:16:33]cl_getDriver.py(72): Open NewTab->https://kabuoji3.com/stock/4182/2009/
[2021-03-17 07:16:34]cl_getDriver.py(127): click_Success->//*[@id="base_box"]/div/div[3]/form/button
[2021-03-17 07:16:34]cl_getDriver.py(127): click_Success->//*[@id="base_box"]/div/div[3]/form/button
[2021-03-17 07:16:34]cl_getDriver.py(72): Open NewTab->https://kabuoji3.com/stock/4183/2013/
[2021-03-17 07:16:35]cl_getDriver.py(127): click_Success->//*[@id="base_box"]/div/div[3]/form/button
[2021-03-17 07:16:37]cl_getDriver.py(127): click_Success->//*[@id="base_box"]/div/div[3]/form/button
[2021-03-17 07:16:37]cl_getDriver.py(72): Open NewTab->https://kabuoji3.com/stock/4182/2008/
[2021-03-17 07:16:38]cl_getDriver.py(127): click_Success->//*[@id="base_box"]/div/div[3]/form/button
[2021-03-17 07:16:38]cl_getDriver.py(72): Open NewTab->https://kabuoji3.com/stock/4183/2012/
[2021-03-17 07:16:38]cl_getDriver.py(127): click_Success->//*[@id="base_box"]/div/div[3]/form/button
[2021-03-17 07:16:39]cl_getDriver.py(127): click_Success->//*[@id="base_box"]/div/div[3]/form/button
[2021-03-17 07:16:41]cl_getDriver.py(127): click_Success->//*[@id="base_box"]/div/div[3]/form/button
[2021-03-17 07:16:41]cl_getDriver.py(72): Open NewTab->https://kabuoji3.com/stock/4182/2007/
[2021-03-17 07:16:42]cl_getDriver.py(127): click_Success->//*[@id="base_box"]/div/div[3]/form/button
[2021-03-17 07:16:42]cl_getDriver.py(72): Open NewTab->https://kabuoji3.com/stock/4183/2011/
[2021-03-17 07:16:42]cl_getDriver.py(127): click_Success->//*[@id="base_box"]/div/div[3]/form/button
[2021-03-17 07:16:44]cl_getDriver.py(127): click_Success->//*[@id="base_box"]/div/div[3]/form/button
[2021-03-17 07:16:45]cl_getDriver.py(127): click_Success->//*[@id="base_box"]/div/div[3]/form/button
[2021-03-17 07:16:45]cl_getDriver.py(72): Open NewTab->https://kabuoji3.com/stock/4182/2006/
[2021-03-17 07:16:46]cl_getDriver.py(127): click_Success->//*[@id="base_box"]/div/div[3]/form/button
[2021-03-17 07:16:46]cl_getDriver.py(72): Open NewTab->https://kabuoji3.com/stock/4183/2010/
[2021-03-17 07:16:46]cl_getDriver.py(127): click_Success->//*[@id="base_box"]/div/div[3]/form/button
[2021-03-17 07:16:47]cl_getDriver.py(127): click_Success->//*[@id="base_box"]/div/div[3]/form/button
[2021-03-17 07:16:49]cl_getDriver.py(127): click_Success->//*[@id="base_box"]/div/div[3]/form/button
[2021-03-17 07:16:49]cl_getDriver.py(72): Open NewTab->https://kabuoji3.com/stock/4182/2005/
[2021-03-17 07:16:50]cl_getDriver.py(127): click_Success->//*[@id="base_box"]/div/div[3]/form/button
[2021-03-17 07:16:50]cl_getDriver.py(72): Open NewTab->https://kabuoji3.com/stock/4183/2009/
[2021-03-17 07:16:50]cl_getDriver.py(127): click_Success->//*[@id="base_box"]/div/div[3]/form/button
[2021-03-17 07:16:51]cl_getDriver.py(127): click_Success->//*[@id="base_box"]/div/div[3]/form/button
[2021-03-17 07:16:53]cl_getDriver.py(127): click_Success->//*[@id="base_box"]/div/div[3]/form/button
[2021-03-17 07:16:53]cl_getDriver.py(72): Open NewTab->https://kabuoji3.com/stock/4182/2004/
[2021-03-17 07:16:54]cl_getDriver.py(127): click_Success->//*[@id="base_box"]/div/div[3]/form/button
[2021-03-17 07:16:54]cl_getDriver.py(72): Open NewTab->https://kabuoji3.com/stock/4183/2008/
[2021-03-17 07:16:54]cl_getDriver.py(127): click_Success->//*[@id="base_box"]/div/div[3]/form/button
[2021-03-17 07:16:55]cl_getDriver.py(127): click_Success->//*[@id="base_box"]/div/div[3]/form/button
[2021-03-17 07:16:57]cl_getDriver.py(127): click_Success->//*[@id="base_box"]/div/div[3]/form/button
[2021-03-17 07:16:57]cl_getDriver.py(72): Open NewTab->https://kabuoji3.com/stock/4182/2003/
[2021-03-17 07:16:58]cl_getDriver.py(127): click_Success->//*[@id="base_box"]/div/div[3]/form/button
[2021-03-17 07:16:58]cl_getDriver.py(72): Open NewTab->https://kabuoji3.com/stock/4183/2007/
[2021-03-17 07:16:58]cl_getDriver.py(127): click_Success->//*[@id="base_box"]/div/div[3]/form/button
[2021-03-17 07:16:59]cl_getDriver.py(127): click_Success->//*[@id="base_box"]/div/div[3]/form/button
[2021-03-17 07:17:01]cl_getDriver.py(127): click_Success->//*[@id="base_box"]/div/div[3]/form/button
[2021-03-17 07:17:01]cl_getDriver.py(72): Open NewTab->https://kabuoji3.com/stock/4182/2002/
[2021-03-17 07:17:02]cl_getDriver.py(127): click_Success->//*[@id="base_box"]/div/div[3]/form/button
[2021-03-17 07:17:02]cl_getDriver.py(72): Open NewTab->https://kabuoji3.com/stock/4183/2006/
[2021-03-17 07:17:03]cl_getDriver.py(127): click_Success->//*[@id="base_box"]/div/div[3]/form/button
[2021-03-17 07:17:04]cl_getDriver.py(127): click_Success->//*[@id="base_box"]/div/div[3]/form/button
[2021-03-17 07:17:05]cl_getDriver.py(127): click_Success->//*[@id="base_box"]/div/div[3]/form/button
[2021-03-17 07:17:05]cl_getDriver.py(72): Open NewTab->https://kabuoji3.com/stock/4182/2001/
[2021-03-17 07:17:06]cl_getDriver.py(127): click_Success->//*[@id="base_box"]/div/div[3]/form/button
[2021-03-17 07:17:06]cl_getDriver.py(72): Open NewTab->https://kabuoji3.com/stock/4183/2005/
[2021-03-17 07:17:07]cl_getDriver.py(127): click_Success->//*[@id="base_box"]/div/div[3]/form/button
[2021-03-17 07:17:08]cl_getDriver.py(127): click_Success->//*[@id="base_box"]/div/div[3]/form/button
[2021-03-17 07:17:09]cl_getDriver.py(127): click_Success->//*[@id="base_box"]/div/div[3]/form/button
[2021-03-17 07:17:10]cl_getDriver.py(72): Open NewTab->https://kabuoji3.com/stock/4182/2000/
[2021-03-17 07:17:10]cl_getDriver.py(127): click_Success->//*[@id="base_box"]/div/div[3]/form/button
[2021-03-17 07:17:10]cl_getDriver.py(72): Open NewTab->https://kabuoji3.com/stock/4183/2004/
[2021-03-17 07:17:11]cl_getDriver.py(127): click_Success->//*[@id="base_box"]/div/div[3]/form/button
[2021-03-17 07:17:11]cl_getDriver.py(127): click_Success->//*[@id="base_box"]/div/div[3]/form/button
[2021-03-17 07:17:13]cl_getDriver.py(127): click_Success->//*[@id="base_box"]/div/div[3]/form/button
[2021-03-17 07:17:14]cl_getDriver.py(72): Open NewTab->https://kabuoji3.com/stock/4182/1999/
[2021-03-17 07:17:14]cl_getDriver.py(127): click_Success->//*[@id="base_box"]/div/div[3]/form/button
[2021-03-17 07:17:14]cl_getDriver.py(72): Open NewTab->https://kabuoji3.com/stock/4183/2003/
[2021-03-17 07:17:15]cl_getDriver.py(127): click_Success->//*[@id="base_box"]/div/div[3]/form/button
[2021-03-17 07:17:16]cl_getDriver.py(127): click_Success->//*[@id="base_box"]/div/div[3]/form/button
[2021-03-17 07:17:18]cl_getDriver.py(127): click_Success->//*[@id="base_box"]/div/div[3]/form/button
[2021-03-17 07:17:18]cl_getDriver.py(127): click_Success->//*[@id="base_box"]/div/div[3]/form/button
[2021-03-17 07:17:18]cl_getDriver.py(72): Open NewTab->https://kabuoji3.com/stock/4182/1998/
[2021-03-17 07:17:18]cl_getDriver.py(72): Open NewTab->https://kabuoji3.com/stock/4183/2002/
[2021-03-17 07:17:20]cl_getDriver.py(127): click_Success->//*[@id="base_box"]/div/div[3]/form/button
[2021-03-17 07:17:20]cl_getDriver.py(127): click_Success->//*[@id="base_box"]/div/div[3]/form/button
[2021-03-17 07:17:22]cl_getDriver.py(127): click_Success->//*[@id="base_box"]/div/div[3]/form/button
[2021-03-17 07:17:22]cl_getDriver.py(127): click_Success->//*[@id="base_box"]/div/div[3]/form/button
[2021-03-17 07:17:23]cl_getDriver.py(72): Open NewTab->https://kabuoji3.com/stock/4182/1997/
[2021-03-17 07:17:23]cl_getDriver.py(72): Open NewTab->https://kabuoji3.com/stock/4183/2001/
[2021-03-17 07:17:24]cl_getDriver.py(127): click_Success->//*[@id="base_box"]/div/div[3]/form/button
[2021-03-17 07:17:24]cl_getDriver.py(127): click_Success->//*[@id="base_box"]/div/div[3]/form/button
[2021-03-17 07:17:26]cl_getDriver.py(127): click_Success->//*[@id="base_box"]/div/div[3]/form/button
[2021-03-17 07:17:26]cl_getDriver.py(127): click_Success->//*[@id="base_box"]/div/div[3]/form/button
[2021-03-17 07:17:27]cl_getDriver.py(72): Open NewTab->https://kabuoji3.com/stock/4183/2000/
[2021-03-17 07:17:27]cl_getDriver.py(72): Open NewTab->https://kabuoji3.com/stock/4182/1996/
[2021-03-17 07:17:28]cl_getDriver.py(127): click_Success->//*[@id="base_box"]/div/div[3]/form/button
[2021-03-17 07:17:28]cl_getDriver.py(127): click_Success->//*[@id="base_box"]/div/div[3]/form/button
[2021-03-17 07:17:30]cl_getDriver.py(127): click_Success->//*[@id="base_box"]/div/div[3]/form/button
[2021-03-17 07:17:31]cl_getDriver.py(127): click_Success->//*[@id="base_box"]/div/div[3]/form/button
[2021-03-17 07:17:31]cl_getDriver.py(72): Open NewTab->https://kabuoji3.com/stock/4183/1999/
[2021-03-17 07:17:31]cl_getDriver.py(72): Open NewTab->https://kabuoji3.com/stock/4182/1995/
[2021-03-17 07:17:32]cl_getDriver.py(127): click_Success->//*[@id="base_box"]/div/div[3]/form/button
[2021-03-17 07:17:32]cl_getDriver.py(127): click_Success->//*[@id="base_box"]/div/div[3]/form/button
[2021-03-17 07:17:35]cl_getDriver.py(127): click_Success->//*[@id="base_box"]/div/div[3]/form/button
[2021-03-17 07:17:35]cl_getDriver.py(127): click_Success->//*[@id="base_box"]/div/div[3]/form/button
[2021-03-17 07:17:35]cl_getDriver.py(72): Open NewTab->https://kabuoji3.com/stock/4182/1994/
[2021-03-17 07:17:35]cl_getDriver.py(72): Open NewTab->https://kabuoji3.com/stock/4183/1998/
[2021-03-17 07:17:36]cl_getDriver.py(127): click_Success->//*[@id="base_box"]/div/div[3]/form/button
[2021-03-17 07:17:37]cl_getDriver.py(127): click_Success->//*[@id="base_box"]/div/div[3]/form/button
[2021-03-17 07:17:39]cl_getDriver.py(127): click_Success->//*[@id="base_box"]/div/div[3]/form/button
[2021-03-17 07:17:39]cl_getDriver.py(127): click_Success->//*[@id="base_box"]/div/div[3]/form/button
[2021-03-17 07:17:40]cl_getDriver.py(72): Open NewTab->https://kabuoji3.com/stock/4182/1993/
[2021-03-17 07:17:40]cl_getDriver.py(72): Open NewTab->https://kabuoji3.com/stock/4183/1997/
[2021-03-17 07:17:41]cl_getDriver.py(127): click_Success->//*[@id="base_box"]/div/div[3]/form/button
[2021-03-17 07:17:41]cl_getDriver.py(127): click_Success->//*[@id="base_box"]/div/div[3]/form/button
[2021-03-17 07:17:43]cl_getDriver.py(127): click_Success->//*[@id="base_box"]/div/div[3]/form/button
[2021-03-17 07:17:43]cl_getDriver.py(127): click_Success->//*[@id="base_box"]/div/div[3]/form/button
[2021-03-17 07:17:44]cl_getDriver.py(72): Open NewTab->https://kabuoji3.com/stock/4183/1996/
[2021-03-17 07:17:44]cl_getDriver.py(72): Open NewTab->https://kabuoji3.com/stock/4182/1992/
[2021-03-17 07:17:45]cl_getDriver.py(127): click_Success->//*[@id="base_box"]/div/div[3]/form/button
[2021-03-17 07:17:45]cl_getDriver.py(127): click_Success->//*[@id="base_box"]/div/div[3]/form/button
[2021-03-17 07:17:48]cl_getDriver.py(127): click_Success->//*[@id="base_box"]/div/div[3]/form/button
[2021-03-17 07:17:48]cl_getDriver.py(127): click_Success->//*[@id="base_box"]/div/div[3]/form/button
[2021-03-17 07:17:48]cl_getDriver.py(72): Open NewTab->https://kabuoji3.com/stock/4183/1995/
[2021-03-17 07:17:48]cl_getDriver.py(72): Open NewTab->https://kabuoji3.com/stock/4182/1991/
[2021-03-17 07:17:50]cl_getDriver.py(127): click_Success->//*[@id="base_box"]/div/div[3]/form/button
[2021-03-17 07:17:50]cl_getDriver.py(127): click_Success->//*[@id="base_box"]/div/div[3]/form/button
[2021-03-17 07:17:52]cl_getDriver.py(127): click_Success->//*[@id="base_box"]/div/div[3]/form/button
[2021-03-17 07:17:52]cl_getDriver.py(127): click_Success->//*[@id="base_box"]/div/div[3]/form/button
[2021-03-17 07:17:53]cl_getDriver.py(72): Open NewTab->https://kabuoji3.com/stock/4183/1994/
[2021-03-17 07:17:53]cl_getDriver.py(72): Open NewTab->https://kabuoji3.com/stock/4182/1990/
[2021-03-17 07:17:54]cl_getDriver.py(127): click_Success->//*[@id="base_box"]/div/div[3]/form/button
[2021-03-17 07:17:54]cl_getDriver.py(127): click_Success->//*[@id="base_box"]/div/div[3]/form/button
[2021-03-17 07:17:56]cl_getDriver.py(127): click_Success->//*[@id="base_box"]/div/div[3]/form/button
[2021-03-17 07:17:56]cl_getDriver.py(127): click_Success->//*[@id="base_box"]/div/div[3]/form/button
[2021-03-17 07:17:57]cl_getDriver.py(72): Open NewTab->https://kabuoji3.com/stock/4182/1989/
[2021-03-17 07:17:57]cl_getDriver.py(72): Open NewTab->https://kabuoji3.com/stock/4183/1993/
[2021-03-17 07:17:58]cl_getDriver.py(127): click_Success->//*[@id="base_box"]/div/div[3]/form/button
[2021-03-17 07:17:58]cl_getDriver.py(127): click_Success->//*[@id="base_box"]/div/div[3]/form/button
[2021-03-17 07:18:00]cl_getDriver.py(127): click_Success->//*[@id="base_box"]/div/div[3]/form/button
[2021-03-17 07:18:01]cl_getDriver.py(127): click_Success->//*[@id="base_box"]/div/div[3]/form/button
[2021-03-17 07:18:01]cl_getDriver.py(72): Open NewTab->https://kabuoji3.com/stock/4183/1992/
[2021-03-17 07:18:01]cl_getDriver.py(72): Open NewTab->https://kabuoji3.com/stock/4182/1988/
[2021-03-17 07:18:03]cl_getDriver.py(127): click_Success->//*[@id="base_box"]/div/div[3]/form/button
[2021-03-17 07:18:03]cl_getDriver.py(127): click_Success->//*[@id="base_box"]/div/div[3]/form/button
[2021-03-17 07:18:05]cl_getDriver.py(127): click_Success->//*[@id="base_box"]/div/div[3]/form/button
[2021-03-17 07:18:05]cl_getDriver.py(127): click_Success->//*[@id="base_box"]/div/div[3]/form/button
[2021-03-17 07:18:06]cl_getDriver.py(72): Open NewTab->https://kabuoji3.com/stock/4182/1987/
[2021-03-17 07:18:06]cl_getDriver.py(72): Open NewTab->https://kabuoji3.com/stock/4183/1991/
[2021-03-17 07:18:07]cl_getDriver.py(127): click_Success->//*[@id="base_box"]/div/div[3]/form/button
[2021-03-17 07:18:07]cl_getDriver.py(127): click_Success->//*[@id="base_box"]/div/div[3]/form/button
[2021-03-17 07:18:09]cl_getDriver.py(127): click_Success->//*[@id="base_box"]/div/div[3]/form/button
[2021-03-17 07:18:09]cl_getDriver.py(127): click_Success->//*[@id="base_box"]/div/div[3]/form/button
[2021-03-17 07:18:10]cl_getDriver.py(72): Open NewTab->https://kabuoji3.com/stock/4183/1990/
[2021-03-17 07:18:10]cl_getDriver.py(72): Open NewTab->https://kabuoji3.com/stock/4182/1986/
[2021-03-17 07:18:11]cl_getDriver.py(127): click_Success->//*[@id="base_box"]/div/div[3]/form/button
[2021-03-17 07:18:11]cl_getDriver.py(127): click_Success->//*[@id="base_box"]/div/div[3]/form/button
[2021-03-17 07:18:14]cl_getDriver.py(127): click_Success->//*[@id="base_box"]/div/div[3]/form/button
[2021-03-17 07:18:14]cl_getDriver.py(127): click_Success->//*[@id="base_box"]/div/div[3]/form/button
[2021-03-17 07:18:14]cl_getDriver.py(72): Open NewTab->https://kabuoji3.com/stock/4183/1989/
[2021-03-17 07:18:14]cl_getDriver.py(72): Open NewTab->https://kabuoji3.com/stock/4182/1985/
[2021-03-17 07:18:16]cl_getDriver.py(127): click_Success->//*[@id="base_box"]/div/div[3]/form/button
[2021-03-17 07:18:16]cl_getDriver.py(127): click_Success->//*[@id="base_box"]/div/div[3]/form/button
[2021-03-17 07:18:18]cl_getDriver.py(127): click_Success->//*[@id="base_box"]/div/div[3]/form/button
[2021-03-17 07:18:18]cl_getDriver.py(72): Open NewTab->https://kabuoji3.com/stock/4183/1988/
[2021-03-17 07:18:18]cl_getDriver.py(127): click_Success->//*[@id="base_box"]/div/div[3]/form/button
[2021-03-17 07:18:19]cl_getDriver.py(72): Open NewTab->https://kabuoji3.com/stock/4182/1984/
[2021-03-17 07:18:20]cl_getDriver.py(127): click_Success->//*[@id="base_box"]/div/div[3]/form/button
[2021-03-17 07:18:20]cl_getDriver.py(127): click_Success->//*[@id="base_box"]/div/div[3]/form/button
[2021-03-17 07:18:22]cl_getDriver.py(127): click_Success->//*[@id="base_box"]/div/div[3]/form/button
[2021-03-17 07:18:22]cl_getDriver.py(127): click_Success->//*[@id="base_box"]/div/div[3]/form/button
[2021-03-17 07:18:23]cl_getDriver.py(72): Open NewTab->https://kabuoji3.com/stock/4183/1987/
[2021-03-17 07:18:23]cl_getDriver.py(72): Open NewTab->https://kabuoji3.com/stock/4182/1983/
[2021-03-17 07:18:24]cl_getDriver.py(127): click_Success->//*[@id="base_box"]/div/div[3]/form/button
[2021-03-17 07:18:24]cl_getDriver.py(127): click_Success->//*[@id="base_box"]/div/div[3]/form/button
[2021-03-17 07:18:26]cl_getDriver.py(127): click_Success->//*[@id="base_box"]/div/div[3]/form/button
[2021-03-17 07:18:26]cl_getDriver.py(127): click_Success->//*[@id="base_box"]/div/div[3]/form/button
[2021-03-17 07:18:27]cl_getDriver.py(72): Open NewTab->https://kabuoji3.com/stock/4183/1986/
[2021-03-17 07:18:28]cl_getDriver.py(127): click_Success->//*[@id="base_box"]/div/div[3]/form/button
[2021-03-17 07:18:29]main.py(42): finished Process->https://kabuoji3.com/stock/4182/
[2021-03-17 07:18:29]main.py(15): start_Process->https://kabuoji3.com/stock/4185/
[2021-03-17 07:18:30]cl_getDriver.py(127): click_Success->//*[@id="base_box"]/div/div[3]/form/button
[2021-03-17 07:18:30]cl_getDriver.py(72): Open NewTab->https://kabuoji3.com/stock/4183/1985/
[2021-03-17 07:18:32]cl_getDriver.py(127): click_Success->//*[@id="base_box"]/div/div[3]/form/button
[2021-03-17 07:18:34]cl_getDriver.py(127): click_Success->//*[@id="base_box"]/div/div[3]/form/button
[2021-03-17 07:18:35]cl_getDriver.py(72): Open NewTab->https://kabuoji3.com/stock/4183/1984/
[2021-03-17 07:18:36]cl_getDriver.py(64): getURL=https://kabuoji3.com/stock/4185/
[2021-03-17 07:18:36]cl_getDriver.py(127): click_Success->//*[@id="base_box"]/div/div[3]/form/button
[2021-03-17 07:18:36]cl_getDriver.py(72): Open NewTab->https://kabuoji3.com/stock/4185/
[2021-03-17 07:18:37]cl_getDriver.py(130): Not Found->//*[@id="base_box"]/div/div[3]/form/button
[2021-03-17 07:18:38]cl_getDriver.py(127): click_Success->//*[@id="base_box"]/div/div[3]/form/button
[2021-03-17 07:18:39]cl_getDriver.py(72): Open NewTab->https://kabuoji3.com/stock/4183/1983/
[2021-03-17 07:18:39]cl_getDriver.py(130): Not Found->//*[@id="base_box"]/div/div[3]/form/button
[2021-03-17 07:18:40]cl_getDriver.py(72): Open NewTab->https://kabuoji3.com/stock/4185/2021/
[2021-03-17 07:18:40]cl_getDriver.py(127): click_Success->//*[@id="base_box"]/div/div[3]/form/button
[2021-03-17 07:18:41]cl_getDriver.py(127): click_Success->//*[@id="base_box"]/div/div[3]/form/button
[2021-03-17 07:18:42]cl_getDriver.py(127): click_Success->//*[@id="base_box"]/div/div[3]/form/button
[2021-03-17 07:18:43]cl_getDriver.py(127): click_Success->//*[@id="base_box"]/div/div[3]/form/button
[2021-03-17 07:18:43]cl_getDriver.py(72): Open NewTab->https://kabuoji3.com/stock/4185/2020/
[2021-03-17 07:18:44]cl_getDriver.py(127): click_Success->//*[@id="base_box"]/div/div[3]/form/button
[2021-03-17 07:18:46]cl_getDriver.py(127): click_Success->//*[@id="base_box"]/div/div[3]/form/button
[2021-03-17 07:18:47]cl_getDriver.py(72): Open NewTab->https://kabuoji3.com/stock/4185/2019/
[2021-03-17 07:18:47]main.py(42): finished Process->https://kabuoji3.com/stock/4183/
[2021-03-17 07:18:47]main.py(15): start_Process->https://kabuoji3.com/stock/4186/
[2021-03-17 07:18:48]cl_getDriver.py(127): click_Success->//*[@id="base_box"]/div/div[3]/form/button
[2021-03-17 07:18:50]cl_getDriver.py(127): click_Success->//*[@id="base_box"]/div/div[3]/form/button
[2021-03-17 07:18:50]cl_getDriver.py(72): Open NewTab->https://kabuoji3.com/stock/4185/2018/
[2021-03-17 07:18:51]cl_getDriver.py(127): click_Success->//*[@id="base_box"]/div/div[3]/form/button
[2021-03-17 07:18:53]cl_getDriver.py(64): getURL=https://kabuoji3.com/stock/4186/
[2021-03-17 07:18:53]cl_getDriver.py(127): click_Success->//*[@id="base_box"]/div/div[3]/form/button
[2021-03-17 07:18:54]cl_getDriver.py(72): Open NewTab->https://kabuoji3.com/stock/4185/2017/
[2021-03-17 07:18:54]cl_getDriver.py(72): Open NewTab->https://kabuoji3.com/stock/4186/
[2021-03-17 07:18:55]cl_getDriver.py(127): click_Success->//*[@id="base_box"]/div/div[3]/form/button
[2021-03-17 07:18:55]cl_getDriver.py(130): Not Found->//*[@id="base_box"]/div/div[3]/form/button
[2021-03-17 07:18:57]cl_getDriver.py(130): Not Found->//*[@id="base_box"]/div/div[3]/form/button
[2021-03-17 07:18:57]cl_getDriver.py(72): Open NewTab->https://kabuoji3.com/stock/4186/2021/
[2021-03-17 07:18:57]cl_getDriver.py(127): click_Success->//*[@id="base_box"]/div/div[3]/form/button
[2021-03-17 07:18:58]cl_getDriver.py(72): Open NewTab->https://kabuoji3.com/stock/4185/2016/
[2021-03-17 07:18:59]cl_getDriver.py(127): click_Success->//*[@id="base_box"]/div/div[3]/form/button
[2021-03-17 07:18:59]cl_getDriver.py(127): click_Success->//*[@id="base_box"]/div/div[3]/form/button
[2021-03-17 07:19:01]cl_getDriver.py(127): click_Success->//*[@id="base_box"]/div/div[3]/form/button
[2021-03-17 07:19:01]cl_getDriver.py(72): Open NewTab->https://kabuoji3.com/stock/4186/2020/
[2021-03-17 07:19:01]cl_getDriver.py(127): click_Success->//*[@id="base_box"]/div/div[3]/form/button
[2021-03-17 07:19:02]cl_getDriver.py(72): Open NewTab->https://kabuoji3.com/stock/4185/2015/
[2021-03-17 07:19:03]cl_getDriver.py(127): click_Success->//*[@id="base_box"]/div/div[3]/form/button
[2021-03-17 07:19:03]cl_getDriver.py(127): click_Success->//*[@id="base_box"]/div/div[3]/form/button
[2021-03-17 07:19:05]cl_getDriver.py(127): click_Success->//*[@id="base_box"]/div/div[3]/form/button
[2021-03-17 07:19:05]cl_getDriver.py(127): click_Success->//*[@id="base_box"]/div/div[3]/form/button
[2021-03-17 07:19:06]cl_getDriver.py(72): Open NewTab->https://kabuoji3.com/stock/4186/2019/
[2021-03-17 07:19:06]cl_getDriver.py(72): Open NewTab->https://kabuoji3.com/stock/4185/2014/
[2021-03-17 07:19:07]cl_getDriver.py(127): click_Success->//*[@id="base_box"]/div/div[3]/form/button
[2021-03-17 07:19:07]cl_getDriver.py(127): click_Success->//*[@id="base_box"]/div/div[3]/form/button
[2021-03-17 07:19:09]cl_getDriver.py(127): click_Success->//*[@id="base_box"]/div/div[3]/form/button
[2021-03-17 07:19:10]cl_getDriver.py(127): click_Success->//*[@id="base_box"]/div/div[3]/form/button
[2021-03-17 07:19:10]cl_getDriver.py(72): Open NewTab->https://kabuoji3.com/stock/4185/2013/
[2021-03-17 07:19:10]cl_getDriver.py(72): Open NewTab->https://kabuoji3.com/stock/4186/2018/
[2021-03-17 07:19:11]cl_getDriver.py(127): click_Success->//*[@id="base_box"]/div/div[3]/form/button
[2021-03-17 07:19:11]cl_getDriver.py(127): click_Success->//*[@id="base_box"]/div/div[3]/form/button
[2021-03-17 07:19:14]cl_getDriver.py(127): click_Success->//*[@id="base_box"]/div/div[3]/form/button
[2021-03-17 07:19:14]cl_getDriver.py(127): click_Success->//*[@id="base_box"]/div/div[3]/form/button
[2021-03-17 07:19:14]cl_getDriver.py(72): Open NewTab->https://kabuoji3.com/stock/4185/2012/
[2021-03-17 07:19:15]cl_getDriver.py(72): Open NewTab->https://kabuoji3.com/stock/4186/2017/
[2021-03-17 07:19:16]cl_getDriver.py(127): click_Success->//*[@id="base_box"]/div/div[3]/form/button
[2021-03-17 07:19:16]cl_getDriver.py(127): click_Success->//*[@id="base_box"]/div/div[3]/form/button
[2021-03-17 07:19:18]cl_getDriver.py(127): click_Success->//*[@id="base_box"]/div/div[3]/form/button
[2021-03-17 07:19:18]cl_getDriver.py(127): click_Success->//*[@id="base_box"]/div/div[3]/form/button
[2021-03-17 07:19:18]cl_getDriver.py(72): Open NewTab->https://kabuoji3.com/stock/4185/2011/
[2021-03-17 07:19:19]cl_getDriver.py(72): Open NewTab->https://kabuoji3.com/stock/4186/2016/
[2021-03-17 07:19:20]cl_getDriver.py(127): click_Success->//*[@id="base_box"]/div/div[3]/form/button
[2021-03-17 07:19:20]cl_getDriver.py(127): click_Success->//*[@id="base_box"]/div/div[3]/form/button
[2021-03-17 07:19:22]cl_getDriver.py(127): click_Success->//*[@id="base_box"]/div/div[3]/form/button
[2021-03-17 07:19:22]cl_getDriver.py(127): click_Success->//*[@id="base_box"]/div/div[3]/form/button
[2021-03-17 07:19:23]cl_getDriver.py(72): Open NewTab->https://kabuoji3.com/stock/4185/2010/
[2021-03-17 07:19:23]cl_getDriver.py(72): Open NewTab->https://kabuoji3.com/stock/4186/2015/
[2021-03-17 07:19:24]cl_getDriver.py(127): click_Success->//*[@id="base_box"]/div/div[3]/form/button
[2021-03-17 07:19:24]cl_getDriver.py(127): click_Success->//*[@id="base_box"]/div/div[3]/form/button
[2021-03-17 07:19:26]cl_getDriver.py(127): click_Success->//*[@id="base_box"]/div/div[3]/form/button
[2021-03-17 07:19:27]cl_getDriver.py(72): Open NewTab->https://kabuoji3.com/stock/4185/2009/
[2021-03-17 07:19:27]cl_getDriver.py(127): click_Success->//*[@id="base_box"]/div/div[3]/form/button
[2021-03-17 07:19:27]cl_getDriver.py(72): Open NewTab->https://kabuoji3.com/stock/4186/2014/
[2021-03-17 07:19:28]cl_getDriver.py(127): click_Success->//*[@id="base_box"]/div/div[3]/form/button
[2021-03-17 07:19:28]cl_getDriver.py(127): click_Success->//*[@id="base_box"]/div/div[3]/form/button
[2021-03-17 07:19:30]cl_getDriver.py(127): click_Success->//*[@id="base_box"]/div/div[3]/form/button
[2021-03-17 07:19:31]cl_getDriver.py(72): Open NewTab->https://kabuoji3.com/stock/4185/2008/
[2021-03-17 07:19:31]cl_getDriver.py(127): click_Success->//*[@id="base_box"]/div/div[3]/form/button
[2021-03-17 07:19:31]cl_getDriver.py(72): Open NewTab->https://kabuoji3.com/stock/4186/2013/
[2021-03-17 07:19:32]cl_getDriver.py(127): click_Success->//*[@id="base_box"]/div/div[3]/form/button
[2021-03-17 07:19:33]cl_getDriver.py(127): click_Success->//*[@id="base_box"]/div/div[3]/form/button
[2021-03-17 07:19:35]cl_getDriver.py(127): click_Success->//*[@id="base_box"]/div/div[3]/form/button
[2021-03-17 07:19:35]cl_getDriver.py(72): Open NewTab->https://kabuoji3.com/stock/4185/2007/
[2021-03-17 07:19:35]cl_getDriver.py(127): click_Success->//*[@id="base_box"]/div/div[3]/form/button
[2021-03-17 07:19:36]cl_getDriver.py(72): Open NewTab->https://kabuoji3.com/stock/4186/2012/
[2021-03-17 07:19:37]cl_getDriver.py(127): click_Success->//*[@id="base_box"]/div/div[3]/form/button
[2021-03-17 07:19:37]cl_getDriver.py(127): click_Success->//*[@id="base_box"]/div/div[3]/form/button
[2021-03-17 07:19:39]cl_getDriver.py(127): click_Success->//*[@id="base_box"]/div/div[3]/form/button
[2021-03-17 07:19:39]cl_getDriver.py(127): click_Success->//*[@id="base_box"]/div/div[3]/form/button
[2021-03-17 07:19:40]cl_getDriver.py(72): Open NewTab->https://kabuoji3.com/stock/4185/2006/
[2021-03-17 07:19:40]cl_getDriver.py(72): Open NewTab->https://kabuoji3.com/stock/4186/2011/
[2021-03-17 07:19:41]cl_getDriver.py(127): click_Success->//*[@id="base_box"]/div/div[3]/form/button
[2021-03-17 07:19:41]cl_getDriver.py(127): click_Success->//*[@id="base_box"]/div/div[3]/form/button
[2021-03-17 07:19:44]cl_getDriver.py(127): click_Success->//*[@id="base_box"]/div/div[3]/form/button
[2021-03-17 07:19:44]cl_getDriver.py(127): click_Success->//*[@id="base_box"]/div/div[3]/form/button
[2021-03-17 07:19:44]cl_getDriver.py(72): Open NewTab->https://kabuoji3.com/stock/4186/2010/
[2021-03-17 07:19:44]cl_getDriver.py(72): Open NewTab->https://kabuoji3.com/stock/4185/2005/
[2021-03-17 07:19:46]cl_getDriver.py(127): click_Success->//*[@id="base_box"]/div/div[3]/form/button
[2021-03-17 07:19:46]cl_getDriver.py(127): click_Success->//*[@id="base_box"]/div/div[3]/form/button
[2021-03-17 07:19:48]cl_getDriver.py(127): click_Success->//*[@id="base_box"]/div/div[3]/form/button
[2021-03-17 07:19:48]cl_getDriver.py(127): click_Success->//*[@id="base_box"]/div/div[3]/form/button
[2021-03-17 07:19:48]cl_getDriver.py(72): Open NewTab->https://kabuoji3.com/stock/4186/2009/
[2021-03-17 07:19:49]cl_getDriver.py(72): Open NewTab->https://kabuoji3.com/stock/4185/2004/
[2021-03-17 07:19:50]cl_getDriver.py(127): click_Success->//*[@id="base_box"]/div/div[3]/form/button
[2021-03-17 07:19:50]cl_getDriver.py(127): click_Success->//*[@id="base_box"]/div/div[3]/form/button
[2021-03-17 07:19:52]cl_getDriver.py(127): click_Success->//*[@id="base_box"]/div/div[3]/form/button
[2021-03-17 07:19:52]cl_getDriver.py(127): click_Success->//*[@id="base_box"]/div/div[3]/form/button
[2021-03-17 07:19:53]cl_getDriver.py(72): Open NewTab->https://kabuoji3.com/stock/4186/2008/
[2021-03-17 07:19:53]cl_getDriver.py(72): Open NewTab->https://kabuoji3.com/stock/4185/2003/
[2021-03-17 07:19:54]cl_getDriver.py(127): click_Success->//*[@id="base_box"]/div/div[3]/form/button
[2021-03-17 07:19:55]cl_getDriver.py(127): click_Success->//*[@id="base_box"]/div/div[3]/form/button
[2021-03-17 07:19:57]cl_getDriver.py(127): click_Success->//*[@id="base_box"]/div/div[3]/form/button
[2021-03-17 07:19:57]cl_getDriver.py(127): click_Success->//*[@id="base_box"]/div/div[3]/form/button
[2021-03-17 07:19:57]cl_getDriver.py(72): Open NewTab->https://kabuoji3.com/stock/4185/2002/
[2021-03-17 07:19:58]cl_getDriver.py(72): Open NewTab->https://kabuoji3.com/stock/4186/2007/
[2021-03-17 07:19:59]cl_getDriver.py(127): click_Success->//*[@id="base_box"]/div/div[3]/form/button
[2021-03-17 07:19:59]cl_getDriver.py(127): click_Success->//*[@id="base_box"]/div/div[3]/form/button
[2021-03-17 07:20:01]cl_getDriver.py(127): click_Success->//*[@id="base_box"]/div/div[3]/form/button
[2021-03-17 07:20:01]cl_getDriver.py(127): click_Success->//*[@id="base_box"]/div/div[3]/form/button
[2021-03-17 07:20:02]cl_getDriver.py(72): Open NewTab->https://kabuoji3.com/stock/4186/2006/
[2021-03-17 07:20:02]cl_getDriver.py(72): Open NewTab->https://kabuoji3.com/stock/4185/2001/
[2021-03-17 07:20:03]cl_getDriver.py(127): click_Success->//*[@id="base_box"]/div/div[3]/form/button
[2021-03-17 07:20:03]cl_getDriver.py(127): click_Success->//*[@id="base_box"]/div/div[3]/form/button
[2021-03-17 07:20:05]cl_getDriver.py(127): click_Success->//*[@id="base_box"]/div/div[3]/form/button
[2021-03-17 07:20:06]cl_getDriver.py(127): click_Success->//*[@id="base_box"]/div/div[3]/form/button
[2021-03-17 07:20:06]cl_getDriver.py(72): Open NewTab->https://kabuoji3.com/stock/4186/2005/
[2021-03-17 07:20:06]cl_getDriver.py(72): Open NewTab->https://kabuoji3.com/stock/4185/2000/
[2021-03-17 07:20:07]cl_getDriver.py(127): click_Success->//*[@id="base_box"]/div/div[3]/form/button
[2021-03-17 07:20:08]cl_getDriver.py(127): click_Success->//*[@id="base_box"]/div/div[3]/form/button
[2021-03-17 07:20:10]cl_getDriver.py(127): click_Success->//*[@id="base_box"]/div/div[3]/form/button
[2021-03-17 07:20:10]cl_getDriver.py(127): click_Success->//*[@id="base_box"]/div/div[3]/form/button
[2021-03-17 07:20:10]cl_getDriver.py(72): Open NewTab->https://kabuoji3.com/stock/4186/2004/
[2021-03-17 07:20:11]cl_getDriver.py(72): Open NewTab->https://kabuoji3.com/stock/4185/1999/
[2021-03-17 07:20:12]cl_getDriver.py(127): click_Success->//*[@id="base_box"]/div/div[3]/form/button
[2021-03-17 07:20:12]cl_getDriver.py(127): click_Success->//*[@id="base_box"]/div/div[3]/form/button
[2021-03-17 07:20:14]cl_getDriver.py(127): click_Success->//*[@id="base_box"]/div/div[3]/form/button
[2021-03-17 07:20:14]cl_getDriver.py(127): click_Success->//*[@id="base_box"]/div/div[3]/form/button
[2021-03-17 07:20:15]cl_getDriver.py(72): Open NewTab->https://kabuoji3.com/stock/4186/2003/
[2021-03-17 07:20:15]cl_getDriver.py(72): Open NewTab->https://kabuoji3.com/stock/4185/1998/
[2021-03-17 07:20:16]cl_getDriver.py(127): click_Success->//*[@id="base_box"]/div/div[3]/form/button
[2021-03-17 07:20:16]cl_getDriver.py(127): click_Success->//*[@id="base_box"]/div/div[3]/form/button
[2021-03-17 07:20:18]cl_getDriver.py(127): click_Success->//*[@id="base_box"]/div/div[3]/form/button
[2021-03-17 07:20:19]cl_getDriver.py(127): click_Success->//*[@id="base_box"]/div/div[3]/form/button
[2021-03-17 07:20:19]cl_getDriver.py(72): Open NewTab->https://kabuoji3.com/stock/4186/2002/
[2021-03-17 07:20:19]cl_getDriver.py(72): Open NewTab->https://kabuoji3.com/stock/4185/1997/
[2021-03-17 07:20:21]cl_getDriver.py(127): click_Success->//*[@id="base_box"]/div/div[3]/form/button
[2021-03-17 07:20:21]cl_getDriver.py(127): click_Success->//*[@id="base_box"]/div/div[3]/form/button
[2021-03-17 07:20:23]cl_getDriver.py(127): click_Success->//*[@id="base_box"]/div/div[3]/form/button
[2021-03-17 07:20:23]cl_getDriver.py(127): click_Success->//*[@id="base_box"]/div/div[3]/form/button
[2021-03-17 07:20:24]cl_getDriver.py(72): Open NewTab->https://kabuoji3.com/stock/4186/2001/
[2021-03-17 07:20:24]cl_getDriver.py(72): Open NewTab->https://kabuoji3.com/stock/4185/1996/
[2021-03-17 07:20:25]cl_getDriver.py(127): click_Success->//*[@id="base_box"]/div/div[3]/form/button
[2021-03-17 07:20:25]cl_getDriver.py(127): click_Success->//*[@id="base_box"]/div/div[3]/form/button
[2021-03-17 07:20:27]cl_getDriver.py(127): click_Success->//*[@id="base_box"]/div/div[3]/form/button
[2021-03-17 07:20:28]cl_getDriver.py(127): click_Success->//*[@id="base_box"]/div/div[3]/form/button
[2021-03-17 07:20:28]cl_getDriver.py(72): Open NewTab->https://kabuoji3.com/stock/4185/1995/
[2021-03-17 07:20:28]cl_getDriver.py(72): Open NewTab->https://kabuoji3.com/stock/4186/2000/
[2021-03-17 07:20:29]cl_getDriver.py(127): click_Success->//*[@id="base_box"]/div/div[3]/form/button
[2021-03-17 07:20:30]cl_getDriver.py(127): click_Success->//*[@id="base_box"]/div/div[3]/form/button
[2021-03-17 07:20:32]cl_getDriver.py(127): click_Success->//*[@id="base_box"]/div/div[3]/form/button
[2021-03-17 07:20:32]cl_getDriver.py(127): click_Success->//*[@id="base_box"]/div/div[3]/form/button
[2021-03-17 07:20:32]cl_getDriver.py(72): Open NewTab->https://kabuoji3.com/stock/4186/1999/
[2021-03-17 07:20:33]cl_getDriver.py(72): Open NewTab->https://kabuoji3.com/stock/4185/1994/
[2021-03-17 07:20:34]cl_getDriver.py(127): click_Success->//*[@id="base_box"]/div/div[3]/form/button
[2021-03-17 07:20:34]cl_getDriver.py(127): click_Success->//*[@id="base_box"]/div/div[3]/form/button
[2021-03-17 07:20:36]cl_getDriver.py(127): click_Success->//*[@id="base_box"]/div/div[3]/form/button
[2021-03-17 07:20:37]cl_getDriver.py(127): click_Success->//*[@id="base_box"]/div/div[3]/form/button
[2021-03-17 07:20:37]cl_getDriver.py(72): Open NewTab->https://kabuoji3.com/stock/4186/1998/
[2021-03-17 07:20:37]cl_getDriver.py(72): Open NewTab->https://kabuoji3.com/stock/4185/1993/
[2021-03-17 07:20:39]cl_getDriver.py(127): click_Success->//*[@id="base_box"]/div/div[3]/form/button
[2021-03-17 07:20:39]cl_getDriver.py(127): click_Success->//*[@id="base_box"]/div/div[3]/form/button
[2021-03-17 07:20:41]cl_getDriver.py(127): click_Success->//*[@id="base_box"]/div/div[3]/form/button
[2021-03-17 07:20:41]cl_getDriver.py(127): click_Success->//*[@id="base_box"]/div/div[3]/form/button
[2021-03-17 07:20:41]cl_getDriver.py(72): Open NewTab->https://kabuoji3.com/stock/4186/1997/
[2021-03-17 07:20:42]cl_getDriver.py(72): Open NewTab->https://kabuoji3.com/stock/4185/1992/
[2021-03-17 07:20:43]cl_getDriver.py(127): click_Success->//*[@id="base_box"]/div/div[3]/form/button
[2021-03-17 07:20:43]cl_getDriver.py(127): click_Success->//*[@id="base_box"]/div/div[3]/form/button
[2021-03-17 07:20:45]cl_getDriver.py(127): click_Success->//*[@id="base_box"]/div/div[3]/form/button
[2021-03-17 07:20:45]cl_getDriver.py(127): click_Success->//*[@id="base_box"]/div/div[3]/form/button
[2021-03-17 07:20:46]cl_getDriver.py(72): Open NewTab->https://kabuoji3.com/stock/4186/1996/
[2021-03-17 07:20:46]cl_getDriver.py(72): Open NewTab->https://kabuoji3.com/stock/4185/1991/
[2021-03-17 07:20:47]cl_getDriver.py(127): click_Success->//*[@id="base_box"]/div/div[3]/form/button
[2021-03-17 07:20:47]cl_getDriver.py(127): click_Success->//*[@id="base_box"]/div/div[3]/form/button
[2021-03-17 07:20:49]cl_getDriver.py(127): click_Success->//*[@id="base_box"]/div/div[3]/form/button
[2021-03-17 07:20:49]cl_getDriver.py(127): click_Success->//*[@id="base_box"]/div/div[3]/form/button
[2021-03-17 07:20:50]cl_getDriver.py(72): Open NewTab->https://kabuoji3.com/stock/4186/1995/
[2021-03-17 07:20:50]cl_getDriver.py(72): Open NewTab->https://kabuoji3.com/stock/4185/1990/
[2021-03-17 07:20:51]cl_getDriver.py(127): click_Success->//*[@id="base_box"]/div/div[3]/form/button
[2021-03-17 07:20:51]cl_getDriver.py(127): click_Success->//*[@id="base_box"]/div/div[3]/form/button
[2021-03-17 07:20:54]cl_getDriver.py(127): click_Success->//*[@id="base_box"]/div/div[3]/form/button
[2021-03-17 07:20:54]cl_getDriver.py(127): click_Success->//*[@id="base_box"]/div/div[3]/form/button
[2021-03-17 07:20:54]cl_getDriver.py(72): Open NewTab->https://kabuoji3.com/stock/4185/1989/
[2021-03-17 07:20:54]cl_getDriver.py(72): Open NewTab->https://kabuoji3.com/stock/4186/1994/
[2021-03-17 07:20:56]cl_getDriver.py(127): click_Success->//*[@id="base_box"]/div/div[3]/form/button
[2021-03-17 07:20:56]cl_getDriver.py(127): click_Success->//*[@id="base_box"]/div/div[3]/form/button
[2021-03-17 07:20:58]cl_getDriver.py(127): click_Success->//*[@id="base_box"]/div/div[3]/form/button
[2021-03-17 07:20:58]cl_getDriver.py(127): click_Success->//*[@id="base_box"]/div/div[3]/form/button
[2021-03-17 07:20:59]cl_getDriver.py(72): Open NewTab->https://kabuoji3.com/stock/4186/1993/
[2021-03-17 07:20:59]cl_getDriver.py(72): Open NewTab->https://kabuoji3.com/stock/4185/1988/
[2021-03-17 07:21:00]cl_getDriver.py(127): click_Success->//*[@id="base_box"]/div/div[3]/form/button
[2021-03-17 07:21:00]cl_getDriver.py(127): click_Success->//*[@id="base_box"]/div/div[3]/form/button
[2021-03-17 07:21:02]cl_getDriver.py(127): click_Success->//*[@id="base_box"]/div/div[3]/form/button
[2021-03-17 07:21:03]cl_getDriver.py(127): click_Success->//*[@id="base_box"]/div/div[3]/form/button
[2021-03-17 07:21:03]cl_getDriver.py(72): Open NewTab->https://kabuoji3.com/stock/4186/1992/
[2021-03-17 07:21:03]cl_getDriver.py(72): Open NewTab->https://kabuoji3.com/stock/4185/1987/
[2021-03-17 07:21:05]cl_getDriver.py(127): click_Success->//*[@id="base_box"]/div/div[3]/form/button
[2021-03-17 07:21:05]cl_getDriver.py(127): click_Success->//*[@id="base_box"]/div/div[3]/form/button
[2021-03-17 07:21:07]cl_getDriver.py(127): click_Success->//*[@id="base_box"]/div/div[3]/form/button
[2021-03-17 07:21:07]cl_getDriver.py(127): click_Success->//*[@id="base_box"]/div/div[3]/form/button
[2021-03-17 07:21:08]cl_getDriver.py(72): Open NewTab->https://kabuoji3.com/stock/4186/1991/
[2021-03-17 07:21:08]cl_getDriver.py(72): Open NewTab->https://kabuoji3.com/stock/4185/1986/
[2021-03-17 07:21:09]cl_getDriver.py(127): click_Success->//*[@id="base_box"]/div/div[3]/form/button
[2021-03-17 07:21:09]cl_getDriver.py(127): click_Success->//*[@id="base_box"]/div/div[3]/form/button
[2021-03-17 07:21:11]cl_getDriver.py(127): click_Success->//*[@id="base_box"]/div/div[3]/form/button
[2021-03-17 07:21:11]cl_getDriver.py(127): click_Success->//*[@id="base_box"]/div/div[3]/form/button
[2021-03-17 07:21:12]cl_getDriver.py(72): Open NewTab->https://kabuoji3.com/stock/4186/1990/
[2021-03-17 07:21:12]cl_getDriver.py(72): Open NewTab->https://kabuoji3.com/stock/4185/1985/
[2021-03-17 07:21:13]cl_getDriver.py(127): click_Success->//*[@id="base_box"]/div/div[3]/form/button
[2021-03-17 07:21:13]cl_getDriver.py(127): click_Success->//*[@id="base_box"]/div/div[3]/form/button
[2021-03-17 07:21:16]cl_getDriver.py(127): click_Success->//*[@id="base_box"]/div/div[3]/form/button
[2021-03-17 07:21:16]cl_getDriver.py(127): click_Success->//*[@id="base_box"]/div/div[3]/form/button
[2021-03-17 07:21:16]cl_getDriver.py(72): Open NewTab->https://kabuoji3.com/stock/4186/1989/
[2021-03-17 07:21:16]cl_getDriver.py(72): Open NewTab->https://kabuoji3.com/stock/4185/1984/
[2021-03-17 07:21:18]cl_getDriver.py(127): click_Success->//*[@id="base_box"]/div/div[3]/form/button
[2021-03-17 07:21:18]cl_getDriver.py(127): click_Success->//*[@id="base_box"]/div/div[3]/form/button
[2021-03-17 07:21:20]cl_getDriver.py(127): click_Success->//*[@id="base_box"]/div/div[3]/form/button
[2021-03-17 07:21:20]cl_getDriver.py(127): click_Success->//*[@id="base_box"]/div/div[3]/form/button
[2021-03-17 07:21:21]cl_getDriver.py(72): Open NewTab->https://kabuoji3.com/stock/4186/1988/
[2021-03-17 07:21:21]cl_getDriver.py(72): Open NewTab->https://kabuoji3.com/stock/4185/1983/
[2021-03-17 07:21:22]cl_getDriver.py(127): click_Success->//*[@id="base_box"]/div/div[3]/form/button
[2021-03-17 07:21:22]cl_getDriver.py(127): click_Success->//*[@id="base_box"]/div/div[3]/form/button
[2021-03-17 07:21:24]cl_getDriver.py(127): click_Success->//*[@id="base_box"]/div/div[3]/form/button
[2021-03-17 07:21:25]cl_getDriver.py(127): click_Success->//*[@id="base_box"]/div/div[3]/form/button
[2021-03-17 07:21:25]cl_getDriver.py(72): Open NewTab->https://kabuoji3.com/stock/4186/1987/
[2021-03-17 07:21:26]cl_getDriver.py(127): click_Success->//*[@id="base_box"]/div/div[3]/form/button
[2021-03-17 07:21:28]cl_getDriver.py(127): click_Success->//*[@id="base_box"]/div/div[3]/form/button
[2021-03-17 07:21:28]cl_getDriver.py(72): Open NewTab->https://kabuoji3.com/stock/4186/1986/
[2021-03-17 07:21:29]main.py(42): finished Process->https://kabuoji3.com/stock/4185/
[2021-03-17 07:21:29]main.py(15): start_Process->https://kabuoji3.com/stock/4187/
[2021-03-17 07:21:29]cl_getDriver.py(127): click_Success->//*[@id="base_box"]/div/div[3]/form/button
[2021-03-17 07:21:32]cl_getDriver.py(127): click_Success->//*[@id="base_box"]/div/div[3]/form/button
[2021-03-17 07:21:34]cl_getDriver.py(64): getURL=https://kabuoji3.com/stock/4187/
[2021-03-17 07:21:35]cl_getDriver.py(72): Open NewTab->https://kabuoji3.com/stock/4187/
[2021-03-17 07:21:35]cl_getDriver.py(130): Not Found->//*[@id="base_box"]/div/div[3]/form/button
[2021-03-17 07:21:36]main.py(42): finished Process->https://kabuoji3.com/stock/4186/
[2021-03-17 07:21:36]main.py(15): start_Process->https://kabuoji3.com/stock/4188/
[2021-03-17 07:21:38]cl_getDriver.py(130): Not Found->//*[@id="base_box"]/div/div[3]/form/button
[2021-03-17 07:21:38]cl_getDriver.py(72): Open NewTab->https://kabuoji3.com/stock/4187/2021/
[2021-03-17 07:21:39]cl_getDriver.py(127): click_Success->//*[@id="base_box"]/div/div[3]/form/button
[2021-03-17 07:21:42]cl_getDriver.py(127): click_Success->//*[@id="base_box"]/div/div[3]/form/button
[2021-03-17 07:21:42]cl_getDriver.py(72): Open NewTab->https://kabuoji3.com/stock/4187/2020/
[2021-03-17 07:21:42]cl_getDriver.py(64): getURL=https://kabuoji3.com/stock/4188/
[2021-03-17 07:21:43]cl_getDriver.py(72): Open NewTab->https://kabuoji3.com/stock/4188/
[2021-03-17 07:21:44]cl_getDriver.py(127): click_Success->//*[@id="base_box"]/div/div[3]/form/button
[2021-03-17 07:21:44]cl_getDriver.py(130): Not Found->//*[@id="base_box"]/div/div[3]/form/button
[2021-03-17 07:21:46]cl_getDriver.py(127): click_Success->//*[@id="base_box"]/div/div[3]/form/button
[2021-03-17 07:21:46]cl_getDriver.py(130): Not Found->//*[@id="base_box"]/div/div[3]/form/button
[2021-03-17 07:21:47]cl_getDriver.py(72): Open NewTab->https://kabuoji3.com/stock/4187/2019/
[2021-03-17 07:21:47]cl_getDriver.py(72): Open NewTab->https://kabuoji3.com/stock/4188/2021/
[2021-03-17 07:21:48]cl_getDriver.py(127): click_Success->//*[@id="base_box"]/div/div[3]/form/button
[2021-03-17 07:21:48]cl_getDriver.py(127): click_Success->//*[@id="base_box"]/div/div[3]/form/button
[2021-03-17 07:21:50]cl_getDriver.py(127): click_Success->//*[@id="base_box"]/div/div[3]/form/button
[2021-03-17 07:21:50]cl_getDriver.py(127): click_Success->//*[@id="base_box"]/div/div[3]/form/button
[2021-03-17 07:21:51]cl_getDriver.py(72): Open NewTab->https://kabuoji3.com/stock/4188/2020/
[2021-03-17 07:21:51]cl_getDriver.py(72): Open NewTab->https://kabuoji3.com/stock/4187/2018/
[2021-03-17 07:21:52]cl_getDriver.py(127): click_Success->//*[@id="base_box"]/div/div[3]/form/button
[2021-03-17 07:21:52]cl_getDriver.py(127): click_Success->//*[@id="base_box"]/div/div[3]/form/button
[2021-03-17 07:21:54]cl_getDriver.py(127): click_Success->//*[@id="base_box"]/div/div[3]/form/button
[2021-03-17 07:21:55]cl_getDriver.py(127): click_Success->//*[@id="base_box"]/div/div[3]/form/button
[2021-03-17 07:21:55]cl_getDriver.py(72): Open NewTab->https://kabuoji3.com/stock/4187/2017/
[2021-03-17 07:21:55]cl_getDriver.py(72): Open NewTab->https://kabuoji3.com/stock/4188/2019/
[2021-03-17 07:21:56]cl_getDriver.py(127): click_Success->//*[@id="base_box"]/div/div[3]/form/button
[2021-03-17 07:21:57]cl_getDriver.py(127): click_Success->//*[@id="base_box"]/div/div[3]/form/button
[2021-03-17 07:21:59]cl_getDriver.py(127): click_Success->//*[@id="base_box"]/div/div[3]/form/button
[2021-03-17 07:21:59]cl_getDriver.py(127): click_Success->//*[@id="base_box"]/div/div[3]/form/button
[2021-03-17 07:21:59]cl_getDriver.py(72): Open NewTab->https://kabuoji3.com/stock/4187/2016/
[2021-03-17 07:22:00]cl_getDriver.py(72): Open NewTab->https://kabuoji3.com/stock/4188/2018/
[2021-03-17 07:22:01]cl_getDriver.py(127): click_Success->//*[@id="base_box"]/div/div[3]/form/button
[2021-03-17 07:22:01]cl_getDriver.py(127): click_Success->//*[@id="base_box"]/div/div[3]/form/button
[2021-03-17 07:22:03]cl_getDriver.py(127): click_Success->//*[@id="base_box"]/div/div[3]/form/button
[2021-03-17 07:22:03]cl_getDriver.py(127): click_Success->//*[@id="base_box"]/div/div[3]/form/button
[2021-03-17 07:22:04]cl_getDriver.py(72): Open NewTab->https://kabuoji3.com/stock/4187/2015/
[2021-03-17 07:22:04]cl_getDriver.py(72): Open NewTab->https://kabuoji3.com/stock/4188/2017/
[2021-03-17 07:22:05]cl_getDriver.py(127): click_Success->//*[@id="base_box"]/div/div[3]/form/button
[2021-03-17 07:22:05]cl_getDriver.py(127): click_Success->//*[@id="base_box"]/div/div[3]/form/button
[2021-03-17 07:22:07]cl_getDriver.py(127): click_Success->//*[@id="base_box"]/div/div[3]/form/button
[2021-03-17 07:22:07]cl_getDriver.py(127): click_Success->//*[@id="base_box"]/div/div[3]/form/button
[2021-03-17 07:22:08]cl_getDriver.py(72): Open NewTab->https://kabuoji3.com/stock/4188/2016/
[2021-03-17 07:22:08]cl_getDriver.py(72): Open NewTab->https://kabuoji3.com/stock/4187/2014/
[2021-03-17 07:22:09]cl_getDriver.py(127): click_Success->//*[@id="base_box"]/div/div[3]/form/button
[2021-03-17 07:22:09]cl_getDriver.py(127): click_Success->//*[@id="base_box"]/div/div[3]/form/button
[2021-03-17 07:22:11]cl_getDriver.py(127): click_Success->//*[@id="base_box"]/div/div[3]/form/button
[2021-03-17 07:22:12]cl_getDriver.py(127): click_Success->//*[@id="base_box"]/div/div[3]/form/button
[2021-03-17 07:22:12]cl_getDriver.py(72): Open NewTab->https://kabuoji3.com/stock/4188/2015/
[2021-03-17 07:22:12]cl_getDriver.py(72): Open NewTab->https://kabuoji3.com/stock/4187/2013/
[2021-03-17 07:22:13]cl_getDriver.py(127): click_Success->//*[@id="base_box"]/div/div[3]/form/button
[2021-03-17 07:22:13]cl_getDriver.py(127): click_Success->//*[@id="base_box"]/div/div[3]/form/button
[2021-03-17 07:22:16]cl_getDriver.py(127): click_Success->//*[@id="base_box"]/div/div[3]/form/button
[2021-03-17 07:22:16]cl_getDriver.py(127): click_Success->//*[@id="base_box"]/div/div[3]/form/button
[2021-03-17 07:22:16]cl_getDriver.py(72): Open NewTab->https://kabuoji3.com/stock/4188/2014/
[2021-03-17 07:22:16]cl_getDriver.py(72): Open NewTab->https://kabuoji3.com/stock/4187/2012/
[2021-03-17 07:22:18]cl_getDriver.py(127): click_Success->//*[@id="base_box"]/div/div[3]/form/button
[2021-03-17 07:22:18]cl_getDriver.py(127): click_Success->//*[@id="base_box"]/div/div[3]/form/button
[2021-03-17 07:22:20]cl_getDriver.py(127): click_Success->//*[@id="base_box"]/div/div[3]/form/button
[2021-03-17 07:22:20]cl_getDriver.py(127): click_Success->//*[@id="base_box"]/div/div[3]/form/button
[2021-03-17 07:22:21]cl_getDriver.py(72): Open NewTab->https://kabuoji3.com/stock/4188/2013/
[2021-03-17 07:22:21]cl_getDriver.py(72): Open NewTab->https://kabuoji3.com/stock/4187/2011/
[2021-03-17 07:22:22]cl_getDriver.py(127): click_Success->//*[@id="base_box"]/div/div[3]/form/button
[2021-03-17 07:22:22]cl_getDriver.py(127): click_Success->//*[@id="base_box"]/div/div[3]/form/button
[2021-03-17 07:22:24]cl_getDriver.py(127): click_Success->//*[@id="base_box"]/div/div[3]/form/button
[2021-03-17 07:22:25]cl_getDriver.py(127): click_Success->//*[@id="base_box"]/div/div[3]/form/button
[2021-03-17 07:22:25]cl_getDriver.py(72): Open NewTab->https://kabuoji3.com/stock/4187/2010/
[2021-03-17 07:22:25]cl_getDriver.py(72): Open NewTab->https://kabuoji3.com/stock/4188/2012/
[2021-03-17 07:22:26]cl_getDriver.py(127): click_Success->//*[@id="base_box"]/div/div[3]/form/button
[2021-03-17 07:22:27]cl_getDriver.py(127): click_Success->//*[@id="base_box"]/div/div[3]/form/button
[2021-03-17 07:22:29]cl_getDriver.py(127): click_Success->//*[@id="base_box"]/div/div[3]/form/button
[2021-03-17 07:22:29]cl_getDriver.py(72): Open NewTab->https://kabuoji3.com/stock/4187/2009/
[2021-03-17 07:22:29]cl_getDriver.py(127): click_Success->//*[@id="base_box"]/div/div[3]/form/button
[2021-03-17 07:22:30]cl_getDriver.py(72): Open NewTab->https://kabuoji3.com/stock/4188/2011/
[2021-03-17 07:22:30]cl_getDriver.py(127): click_Success->//*[@id="base_box"]/div/div[3]/form/button
[2021-03-17 07:22:31]cl_getDriver.py(127): click_Success->//*[@id="base_box"]/div/div[3]/form/button
[2021-03-17 07:22:32]cl_getDriver.py(127): click_Success->//*[@id="base_box"]/div/div[3]/form/button
[2021-03-17 07:22:33]cl_getDriver.py(72): Open NewTab->https://kabuoji3.com/stock/4187/2008/
[2021-03-17 07:22:33]cl_getDriver.py(127): click_Success->//*[@id="base_box"]/div/div[3]/form/button
[2021-03-17 07:22:34]cl_getDriver.py(72): Open NewTab->https://kabuoji3.com/stock/4188/2010/
[2021-03-17 07:22:34]cl_getDriver.py(127): click_Success->//*[@id="base_box"]/div/div[3]/form/button
[2021-03-17 07:22:35]cl_getDriver.py(127): click_Success->//*[@id="base_box"]/div/div[3]/form/button
[2021-03-17 07:22:36]cl_getDriver.py(127): click_Success->//*[@id="base_box"]/div/div[3]/form/button
[2021-03-17 07:22:37]cl_getDriver.py(72): Open NewTab->https://kabuoji3.com/stock/4187/2007/
[2021-03-17 07:22:37]cl_getDriver.py(127): click_Success->//*[@id="base_box"]/div/div[3]/form/button
[2021-03-17 07:22:38]cl_getDriver.py(72): Open NewTab->https://kabuoji3.com/stock/4188/2009/
[2021-03-17 07:22:38]cl_getDriver.py(127): click_Success->//*[@id="base_box"]/div/div[3]/form/button
[2021-03-17 07:22:39]cl_getDriver.py(127): click_Success->//*[@id="base_box"]/div/div[3]/form/button
[2021-03-17 07:22:40]cl_getDriver.py(127): click_Success->//*[@id="base_box"]/div/div[3]/form/button
[2021-03-17 07:22:41]cl_getDriver.py(72): Open NewTab->https://kabuoji3.com/stock/4187/2006/
[2021-03-17 07:22:41]cl_getDriver.py(127): click_Success->//*[@id="base_box"]/div/div[3]/form/button
[2021-03-17 07:22:41]cl_getDriver.py(72): Open NewTab->https://kabuoji3.com/stock/4188/2008/
[2021-03-17 07:22:42]cl_getDriver.py(127): click_Success->//*[@id="base_box"]/div/div[3]/form/button
[2021-03-17 07:22:43]cl_getDriver.py(127): click_Success->//*[@id="base_box"]/div/div[3]/form/button
[2021-03-17 07:22:44]cl_getDriver.py(127): click_Success->//*[@id="base_box"]/div/div[3]/form/button
[2021-03-17 07:22:45]cl_getDriver.py(72): Open NewTab->https://kabuoji3.com/stock/4187/2005/
[2021-03-17 07:22:45]cl_getDriver.py(127): click_Success->//*[@id="base_box"]/div/div[3]/form/button
[2021-03-17 07:22:46]cl_getDriver.py(72): Open NewTab->https://kabuoji3.com/stock/4188/2007/
[2021-03-17 07:22:46]cl_getDriver.py(127): click_Success->//*[@id="base_box"]/div/div[3]/form/button
[2021-03-17 07:22:47]cl_getDriver.py(127): click_Success->//*[@id="base_box"]/div/div[3]/form/button
[2021-03-17 07:22:48]cl_getDriver.py(127): click_Success->//*[@id="base_box"]/div/div[3]/form/button
[2021-03-17 07:22:49]cl_getDriver.py(127): click_Success->//*[@id="base_box"]/div/div[3]/form/button
[2021-03-17 07:22:50]cl_getDriver.py(72): Open NewTab->https://kabuoji3.com/stock/4188/2006/
[2021-03-17 07:22:51]cl_getDriver.py(127): click_Success->//*[@id="base_box"]/div/div[3]/form/button
[2021-03-17 07:22:52]main.py(42): finished Process->https://kabuoji3.com/stock/4187/
[2021-03-17 07:22:52]main.py(15): start_Process->https://kabuoji3.com/stock/4189/
[2021-03-17 07:22:53]cl_getDriver.py(127): click_Success->//*[@id="base_box"]/div/div[3]/form/button
[2021-03-17 07:22:53]cl_getDriver.py(72): Open NewTab->https://kabuoji3.com/stock/4188/2005/
[2021-03-17 07:22:54]cl_getDriver.py(127): click_Success->//*[@id="base_box"]/div/div[3]/form/button
[2021-03-17 07:22:56]cl_getDriver.py(127): click_Success->//*[@id="base_box"]/div/div[3]/form/button
[2021-03-17 07:22:58]cl_getDriver.py(64): getURL=https://kabuoji3.com/stock/4189/
[2021-03-17 07:22:58]cl_getDriver.py(72): Open NewTab->https://kabuoji3.com/stock/4189/
[2021-03-17 07:22:58]cl_getDriver.py(130): Not Found->//*[@id="base_box"]/div/div[3]/form/button
[2021-03-17 07:23:00]cl_getDriver.py(130): Not Found->//*[@id="base_box"]/div/div[3]/form/button
[2021-03-17 07:23:00]main.py(42): finished Process->https://kabuoji3.com/stock/4188/
[2021-03-17 07:23:00]main.py(15): start_Process->https://kabuoji3.com/stock/4202/
[2021-03-17 07:23:01]cl_getDriver.py(72): Open NewTab->https://kabuoji3.com/stock/4189/2021/
[2021-03-17 07:23:01]cl_getDriver.py(127): click_Success->//*[@id="base_box"]/div/div[3]/form/button
[2021-03-17 07:23:04]cl_getDriver.py(127): click_Success->//*[@id="base_box"]/div/div[3]/form/button
[2021-03-17 07:23:04]cl_getDriver.py(72): Open NewTab->https://kabuoji3.com/stock/4189/2020/
[2021-03-17 07:23:05]cl_getDriver.py(127): click_Success->//*[@id="base_box"]/div/div[3]/form/button
[2021-03-17 07:23:06]cl_getDriver.py(64): getURL=https://kabuoji3.com/stock/4202/
[2021-03-17 07:23:06]cl_getDriver.py(72): Open NewTab->https://kabuoji3.com/stock/4202/
[2021-03-17 07:23:07]cl_getDriver.py(130): Not Found->//*[@id="base_box"]/div/div[3]/form/button
[2021-03-17 07:23:07]cl_getDriver.py(127): click_Success->//*[@id="base_box"]/div/div[3]/form/button
[2021-03-17 07:23:08]cl_getDriver.py(72): Open NewTab->https://kabuoji3.com/stock/4189/2019/
[2021-03-17 07:23:09]cl_getDriver.py(127): click_Success->//*[@id="base_box"]/div/div[3]/form/button
[2021-03-17 07:23:09]cl_getDriver.py(130): Not Found->//*[@id="base_box"]/div/div[3]/form/button
[2021-03-17 07:23:09]cl_getDriver.py(72): Open NewTab->https://kabuoji3.com/stock/4202/2021/
[2021-03-17 07:23:10]cl_getDriver.py(127): click_Success->//*[@id="base_box"]/div/div[3]/form/button
[2021-03-17 07:23:11]cl_getDriver.py(127): click_Success->//*[@id="base_box"]/div/div[3]/form/button
[2021-03-17 07:23:11]cl_getDriver.py(72): Open NewTab->https://kabuoji3.com/stock/4189/2018/
[2021-03-17 07:23:12]cl_getDriver.py(127): click_Success->//*[@id="base_box"]/div/div[3]/form/button
[2021-03-17 07:23:12]cl_getDriver.py(127): click_Success->//*[@id="base_box"]/div/div[3]/form/button
[2021-03-17 07:23:13]cl_getDriver.py(72): Open NewTab->https://kabuoji3.com/stock/4202/2020/
[2021-03-17 07:23:14]cl_getDriver.py(127): click_Success->//*[@id="base_box"]/div/div[3]/form/button
[2021-03-17 07:23:15]cl_getDriver.py(127): click_Success->//*[@id="base_box"]/div/div[3]/form/button
[2021-03-17 07:23:15]cl_getDriver.py(72): Open NewTab->https://kabuoji3.com/stock/4189/2017/
[2021-03-17 07:23:16]cl_getDriver.py(127): click_Success->//*[@id="base_box"]/div/div[3]/form/button
[2021-03-17 07:23:16]cl_getDriver.py(127): click_Success->//*[@id="base_box"]/div/div[3]/form/button
[2021-03-17 07:23:17]cl_getDriver.py(72): Open NewTab->https://kabuoji3.com/stock/4202/2019/
[2021-03-17 07:23:18]cl_getDriver.py(127): click_Success->//*[@id="base_box"]/div/div[3]/form/button
[2021-03-17 07:23:18]cl_getDriver.py(127): click_Success->//*[@id="base_box"]/div/div[3]/form/button
[2021-03-17 07:23:19]cl_getDriver.py(72): Open NewTab->https://kabuoji3.com/stock/4189/2016/
[2021-03-17 07:23:20]cl_getDriver.py(127): click_Success->//*[@id="base_box"]/div/div[3]/form/button
[2021-03-17 07:23:20]cl_getDriver.py(127): click_Success->//*[@id="base_box"]/div/div[3]/form/button
[2021-03-17 07:23:20]cl_getDriver.py(72): Open NewTab->https://kabuoji3.com/stock/4202/2018/
[2021-03-17 07:23:21]cl_getDriver.py(127): click_Success->//*[@id="base_box"]/div/div[3]/form/button
[2021-03-17 07:23:22]cl_getDriver.py(127): click_Success->//*[@id="base_box"]/div/div[3]/form/button
[2021-03-17 07:23:24]cl_getDriver.py(127): click_Success->//*[@id="base_box"]/div/div[3]/form/button
[2021-03-17 07:23:24]cl_getDriver.py(72): Open NewTab->https://kabuoji3.com/stock/4202/2017/
[2021-03-17 07:23:25]cl_getDriver.py(127): click_Success->//*[@id="base_box"]/div/div[3]/form/button
[2021-03-17 07:23:26]main.py(42): finished Process->https://kabuoji3.com/stock/4189/
[2021-03-17 07:23:26]main.py(15): start_Process->https://kabuoji3.com/stock/4203/
[2021-03-17 07:23:27]cl_getDriver.py(127): click_Success->//*[@id="base_box"]/div/div[3]/form/button
[2021-03-17 07:23:27]cl_getDriver.py(72): Open NewTab->https://kabuoji3.com/stock/4202/2016/
[2021-03-17 07:23:29]cl_getDriver.py(127): click_Success->//*[@id="base_box"]/div/div[3]/form/button
[2021-03-17 07:23:31]cl_getDriver.py(127): click_Success->//*[@id="base_box"]/div/div[3]/form/button
[2021-03-17 07:23:32]cl_getDriver.py(72): Open NewTab->https://kabuoji3.com/stock/4202/2015/
[2021-03-17 07:23:32]cl_getDriver.py(127): click_Success->//*[@id="base_box"]/div/div[3]/form/button
[2021-03-17 07:23:34]cl_getDriver.py(64): getURL=https://kabuoji3.com/stock/4203/
[2021-03-17 07:23:34]cl_getDriver.py(72): Open NewTab->https://kabuoji3.com/stock/4203/
[2021-03-17 07:23:35]cl_getDriver.py(127): click_Success->//*[@id="base_box"]/div/div[3]/form/button
[2021-03-17 07:23:35]cl_getDriver.py(72): Open NewTab->https://kabuoji3.com/stock/4202/2014/
[2021-03-17 07:23:35]cl_getDriver.py(130): Not Found->//*[@id="base_box"]/div/div[3]/form/button
[2021-03-17 07:23:36]cl_getDriver.py(127): click_Success->//*[@id="base_box"]/div/div[3]/form/button
[2021-03-17 07:23:37]cl_getDriver.py(130): Not Found->//*[@id="base_box"]/div/div[3]/form/button
[2021-03-17 07:23:38]cl_getDriver.py(72): Open NewTab->https://kabuoji3.com/stock/4203/2021/
[2021-03-17 07:23:38]cl_getDriver.py(127): click_Success->//*[@id="base_box"]/div/div[3]/form/button
[2021-03-17 07:23:38]cl_getDriver.py(127): click_Success->//*[@id="base_box"]/div/div[3]/form/button
[2021-03-17 07:23:39]cl_getDriver.py(72): Open NewTab->https://kabuoji3.com/stock/4202/2013/
[2021-03-17 07:23:40]cl_getDriver.py(127): click_Success->//*[@id="base_box"]/div/div[3]/form/button
[2021-03-17 07:23:41]cl_getDriver.py(127): click_Success->//*[@id="base_box"]/div/div[3]/form/button
[2021-03-17 07:23:41]cl_getDriver.py(72): Open NewTab->https://kabuoji3.com/stock/4203/2020/
[2021-03-17 07:23:42]cl_getDriver.py(127): click_Success->//*[@id="base_box"]/div/div[3]/form/button
[2021-03-17 07:23:42]cl_getDriver.py(127): click_Success->//*[@id="base_box"]/div/div[3]/form/button
[2021-03-17 07:23:43]cl_getDriver.py(72): Open NewTab->https://kabuoji3.com/stock/4202/2012/
[2021-03-17 07:23:44]cl_getDriver.py(127): click_Success->//*[@id="base_box"]/div/div[3]/form/button
[2021-03-17 07:23:45]cl_getDriver.py(127): click_Success->//*[@id="base_box"]/div/div[3]/form/button
[2021-03-17 07:23:45]cl_getDriver.py(72): Open NewTab->https://kabuoji3.com/stock/4203/2019/
[2021-03-17 07:23:46]cl_getDriver.py(127): click_Success->//*[@id="base_box"]/div/div[3]/form/button
[2021-03-17 07:23:46]cl_getDriver.py(127): click_Success->//*[@id="base_box"]/div/div[3]/form/button
[2021-03-17 07:23:46]cl_getDriver.py(72): Open NewTab->https://kabuoji3.com/stock/4202/2011/
[2021-03-17 07:23:48]cl_getDriver.py(127): click_Success->//*[@id="base_box"]/div/div[3]/form/button
[2021-03-17 07:23:49]cl_getDriver.py(127): click_Success->//*[@id="base_box"]/div/div[3]/form/button
[2021-03-17 07:23:49]cl_getDriver.py(72): Open NewTab->https://kabuoji3.com/stock/4203/2018/
[2021-03-17 07:23:50]cl_getDriver.py(127): click_Success->//*[@id="base_box"]/div/div[3]/form/button
[2021-03-17 07:23:50]cl_getDriver.py(127): click_Success->//*[@id="base_box"]/div/div[3]/form/button
[2021-03-17 07:23:50]cl_getDriver.py(72): Open NewTab->https://kabuoji3.com/stock/4202/2010/
[2021-03-17 07:23:51]cl_getDriver.py(127): click_Success->//*[@id="base_box"]/div/div[3]/form/button
[2021-03-17 07:23:53]cl_getDriver.py(127): click_Success->//*[@id="base_box"]/div/div[3]/form/button
[2021-03-17 07:23:53]cl_getDriver.py(72): Open NewTab->https://kabuoji3.com/stock/4203/2017/
[2021-03-17 07:23:54]cl_getDriver.py(127): click_Success->//*[@id="base_box"]/div/div[3]/form/button
[2021-03-17 07:23:54]cl_getDriver.py(72): Open NewTab->https://kabuoji3.com/stock/4202/2009/
[2021-03-17 07:23:54]cl_getDriver.py(127): click_Success->//*[@id="base_box"]/div/div[3]/form/button
[2021-03-17 07:23:55]cl_getDriver.py(127): click_Success->//*[@id="base_box"]/div/div[3]/form/button
[2021-03-17 07:23:56]cl_getDriver.py(127): click_Success->//*[@id="base_box"]/div/div[3]/form/button
[2021-03-17 07:23:57]cl_getDriver.py(72): Open NewTab->https://kabuoji3.com/stock/4203/2016/
[2021-03-17 07:23:57]cl_getDriver.py(127): click_Success->//*[@id="base_box"]/div/div[3]/form/button
[2021-03-17 07:23:58]cl_getDriver.py(72): Open NewTab->https://kabuoji3.com/stock/4202/2008/
[2021-03-17 07:23:58]cl_getDriver.py(127): click_Success->//*[@id="base_box"]/div/div[3]/form/button
[2021-03-17 07:23:59]cl_getDriver.py(127): click_Success->//*[@id="base_box"]/div/div[3]/form/button
[2021-03-17 07:24:00]cl_getDriver.py(127): click_Success->//*[@id="base_box"]/div/div[3]/form/button
[2021-03-17 07:24:01]cl_getDriver.py(72): Open NewTab->https://kabuoji3.com/stock/4203/2015/
[2021-03-17 07:24:01]cl_getDriver.py(127): click_Success->//*[@id="base_box"]/div/div[3]/form/button
[2021-03-17 07:24:02]cl_getDriver.py(127): click_Success->//*[@id="base_box"]/div/div[3]/form/button
[2021-03-17 07:24:02]cl_getDriver.py(72): Open NewTab->https://kabuoji3.com/stock/4202/2007/
[2021-03-17 07:24:03]cl_getDriver.py(127): click_Success->//*[@id="base_box"]/div/div[3]/form/button
[2021-03-17 07:24:04]cl_getDriver.py(127): click_Success->//*[@id="base_box"]/div/div[3]/form/button
[2021-03-17 07:24:05]cl_getDriver.py(72): Open NewTab->https://kabuoji3.com/stock/4203/2014/
[2021-03-17 07:24:05]cl_getDriver.py(127): click_Success->//*[@id="base_box"]/div/div[3]/form/button
[2021-03-17 07:24:06]cl_getDriver.py(72): Open NewTab->https://kabuoji3.com/stock/4202/2006/
[2021-03-17 07:24:06]cl_getDriver.py(127): click_Success->//*[@id="base_box"]/div/div[3]/form/button
[2021-03-17 07:24:07]cl_getDriver.py(127): click_Success->//*[@id="base_box"]/div/div[3]/form/button
[2021-03-17 07:24:08]cl_getDriver.py(127): click_Success->//*[@id="base_box"]/div/div[3]/form/button
[2021-03-17 07:24:09]cl_getDriver.py(72): Open NewTab->https://kabuoji3.com/stock/4203/2013/
[2021-03-17 07:24:09]cl_getDriver.py(127): click_Success->//*[@id="base_box"]/div/div[3]/form/button
[2021-03-17 07:24:10]cl_getDriver.py(72): Open NewTab->https://kabuoji3.com/stock/4202/2005/
[2021-03-17 07:24:10]cl_getDriver.py(127): click_Success->//*[@id="base_box"]/div/div[3]/form/button
[2021-03-17 07:24:11]cl_getDriver.py(127): click_Success->//*[@id="base_box"]/div/div[3]/form/button
[2021-03-17 07:24:12]cl_getDriver.py(127): click_Success->//*[@id="base_box"]/div/div[3]/form/button
[2021-03-17 07:24:13]cl_getDriver.py(72): Open NewTab->https://kabuoji3.com/stock/4203/2012/
[2021-03-17 07:24:13]cl_getDriver.py(127): click_Success->//*[@id="base_box"]/div/div[3]/form/button
[2021-03-17 07:24:14]cl_getDriver.py(72): Open NewTab->https://kabuoji3.com/stock/4202/2004/
[2021-03-17 07:24:15]cl_getDriver.py(127): click_Success->//*[@id="base_box"]/div/div[3]/form/button
[2021-03-17 07:24:15]cl_getDriver.py(127): click_Success->//*[@id="base_box"]/div/div[3]/form/button
[2021-03-17 07:24:17]cl_getDriver.py(127): click_Success->//*[@id="base_box"]/div/div[3]/form/button
[2021-03-17 07:24:17]cl_getDriver.py(72): Open NewTab->https://kabuoji3.com/stock/4203/2011/
[2021-03-17 07:24:18]cl_getDriver.py(127): click_Success->//*[@id="base_box"]/div/div[3]/form/button
[2021-03-17 07:24:18]cl_getDriver.py(72): Open NewTab->https://kabuoji3.com/stock/4202/2003/
[2021-03-17 07:24:18]cl_getDriver.py(127): click_Success->//*[@id="base_box"]/div/div[3]/form/button
[2021-03-17 07:24:20]cl_getDriver.py(127): click_Success->//*[@id="base_box"]/div/div[3]/form/button
[2021-03-17 07:24:21]cl_getDriver.py(127): click_Success->//*[@id="base_box"]/div/div[3]/form/button
[2021-03-17 07:24:21]cl_getDriver.py(72): Open NewTab->https://kabuoji3.com/stock/4203/2010/
[2021-03-17 07:24:22]cl_getDriver.py(127): click_Success->//*[@id="base_box"]/div/div[3]/form/button
[2021-03-17 07:24:22]cl_getDriver.py(127): click_Success->//*[@id="base_box"]/div/div[3]/form/button
[2021-03-17 07:24:22]cl_getDriver.py(72): Open NewTab->https://kabuoji3.com/stock/4202/2002/
[2021-03-17 07:24:23]cl_getDriver.py(127): click_Success->//*[@id="base_box"]/div/div[3]/form/button
[2021-03-17 07:24:25]cl_getDriver.py(127): click_Success->//*[@id="base_box"]/div/div[3]/form/button
[2021-03-17 07:24:25]cl_getDriver.py(72): Open NewTab->https://kabuoji3.com/stock/4203/2009/
[2021-03-17 07:24:26]cl_getDriver.py(127): click_Success->//*[@id="base_box"]/div/div[3]/form/button
[2021-03-17 07:24:26]cl_getDriver.py(72): Open NewTab->https://kabuoji3.com/stock/4202/2001/
[2021-03-17 07:24:26]cl_getDriver.py(127): click_Success->//*[@id="base_box"]/div/div[3]/form/button
[2021-03-17 07:24:27]cl_getDriver.py(127): click_Success->//*[@id="base_box"]/div/div[3]/form/button
[2021-03-17 07:24:29]cl_getDriver.py(127): click_Success->//*[@id="base_box"]/div/div[3]/form/button
[2021-03-17 07:24:29]cl_getDriver.py(72): Open NewTab->https://kabuoji3.com/stock/4203/2008/
[2021-03-17 07:24:30]cl_getDriver.py(127): click_Success->//*[@id="base_box"]/div/div[3]/form/button
[2021-03-17 07:24:30]cl_getDriver.py(72): Open NewTab->https://kabuoji3.com/stock/4202/2000/
[2021-03-17 07:24:30]cl_getDriver.py(127): click_Success->//*[@id="base_box"]/div/div[3]/form/button
[2021-03-17 07:24:31]cl_getDriver.py(127): click_Success->//*[@id="base_box"]/div/div[3]/form/button
[2021-03-17 07:24:33]cl_getDriver.py(127): click_Success->//*[@id="base_box"]/div/div[3]/form/button
[2021-03-17 07:24:33]cl_getDriver.py(72): Open NewTab->https://kabuoji3.com/stock/4203/2007/
[2021-03-17 07:24:33]cl_getDriver.py(127): click_Success->//*[@id="base_box"]/div/div[3]/form/button
[2021-03-17 07:24:34]cl_getDriver.py(72): Open NewTab->https://kabuoji3.com/stock/4202/1999/
[2021-03-17 07:24:34]cl_getDriver.py(127): click_Success->//*[@id="base_box"]/div/div[3]/form/button
[2021-03-17 07:24:35]cl_getDriver.py(127): click_Success->//*[@id="base_box"]/div/div[3]/form/button
[2021-03-17 07:24:37]cl_getDriver.py(127): click_Success->//*[@id="base_box"]/div/div[3]/form/button
[2021-03-17 07:24:37]cl_getDriver.py(72): Open NewTab->https://kabuoji3.com/stock/4203/2006/
[2021-03-17 07:24:37]cl_getDriver.py(127): click_Success->//*[@id="base_box"]/div/div[3]/form/button
[2021-03-17 07:24:38]cl_getDriver.py(72): Open NewTab->https://kabuoji3.com/stock/4202/1998/
[2021-03-17 07:24:38]cl_getDriver.py(127): click_Success->//*[@id="base_box"]/div/div[3]/form/button
[2021-03-17 07:24:39]cl_getDriver.py(127): click_Success->//*[@id="base_box"]/div/div[3]/form/button
[2021-03-17 07:24:41]cl_getDriver.py(127): click_Success->//*[@id="base_box"]/div/div[3]/form/button
[2021-03-17 07:24:41]cl_getDriver.py(72): Open NewTab->https://kabuoji3.com/stock/4203/2005/
[2021-03-17 07:24:41]cl_getDriver.py(127): click_Success->//*[@id="base_box"]/div/div[3]/form/button
[2021-03-17 07:24:42]cl_getDriver.py(72): Open NewTab->https://kabuoji3.com/stock/4202/1997/
[2021-03-17 07:24:43]cl_getDriver.py(127): click_Success->//*[@id="base_box"]/div/div[3]/form/button
[2021-03-17 07:24:43]cl_getDriver.py(127): click_Success->//*[@id="base_box"]/div/div[3]/form/button
[2021-03-17 07:24:45]cl_getDriver.py(127): click_Success->//*[@id="base_box"]/div/div[3]/form/button
[2021-03-17 07:24:45]cl_getDriver.py(127): click_Success->//*[@id="base_box"]/div/div[3]/form/button
[2021-03-17 07:24:46]cl_getDriver.py(72): Open NewTab->https://kabuoji3.com/stock/4203/2004/
[2021-03-17 07:24:46]cl_getDriver.py(72): Open NewTab->https://kabuoji3.com/stock/4202/1996/
[2021-03-17 07:24:47]cl_getDriver.py(127): click_Success->//*[@id="base_box"]/div/div[3]/form/button
[2021-03-17 07:24:47]cl_getDriver.py(127): click_Success->//*[@id="base_box"]/div/div[3]/form/button
[2021-03-17 07:24:50]cl_getDriver.py(127): click_Success->//*[@id="base_box"]/div/div[3]/form/button
[2021-03-17 07:24:50]cl_getDriver.py(127): click_Success->//*[@id="base_box"]/div/div[3]/form/button
[2021-03-17 07:24:50]cl_getDriver.py(72): Open NewTab->https://kabuoji3.com/stock/4203/2003/
[2021-03-17 07:24:50]cl_getDriver.py(72): Open NewTab->https://kabuoji3.com/stock/4202/1995/
[2021-03-17 07:24:52]cl_getDriver.py(127): click_Success->//*[@id="base_box"]/div/div[3]/form/button
[2021-03-17 07:24:52]cl_getDriver.py(127): click_Success->//*[@id="base_box"]/div/div[3]/form/button
[2021-03-17 07:24:54]cl_getDriver.py(127): click_Success->//*[@id="base_box"]/div/div[3]/form/button
[2021-03-17 07:24:54]cl_getDriver.py(127): click_Success->//*[@id="base_box"]/div/div[3]/form/button
[2021-03-17 07:24:55]cl_getDriver.py(72): Open NewTab->https://kabuoji3.com/stock/4202/1994/
[2021-03-17 07:24:55]cl_getDriver.py(72): Open NewTab->https://kabuoji3.com/stock/4203/2002/
[2021-03-17 07:24:56]cl_getDriver.py(127): click_Success->//*[@id="base_box"]/div/div[3]/form/button
[2021-03-17 07:24:56]cl_getDriver.py(127): click_Success->//*[@id="base_box"]/div/div[3]/form/button
[2021-03-17 07:24:58]cl_getDriver.py(127): click_Success->//*[@id="base_box"]/div/div[3]/form/button
[2021-03-17 07:24:58]cl_getDriver.py(127): click_Success->//*[@id="base_box"]/div/div[3]/form/button
[2021-03-17 07:24:59]cl_getDriver.py(72): Open NewTab->https://kabuoji3.com/stock/4202/1993/
[2021-03-17 07:24:59]cl_getDriver.py(72): Open NewTab->https://kabuoji3.com/stock/4203/2001/
[2021-03-17 07:25:01]cl_getDriver.py(127): click_Success->//*[@id="base_box"]/div/div[3]/form/button
[2021-03-17 07:25:01]cl_getDriver.py(127): click_Success->//*[@id="base_box"]/div/div[3]/form/button
[2021-03-17 07:25:03]cl_getDriver.py(127): click_Success->//*[@id="base_box"]/div/div[3]/form/button
[2021-03-17 07:25:03]cl_getDriver.py(127): click_Success->//*[@id="base_box"]/div/div[3]/form/button
[2021-03-17 07:25:03]cl_getDriver.py(72): Open NewTab->https://kabuoji3.com/stock/4202/1992/
[2021-03-17 07:25:04]cl_getDriver.py(72): Open NewTab->https://kabuoji3.com/stock/4203/2000/
[2021-03-17 07:25:05]cl_getDriver.py(127): click_Success->//*[@id="base_box"]/div/div[3]/form/button
[2021-03-17 07:25:05]cl_getDriver.py(127): click_Success->//*[@id="base_box"]/div/div[3]/form/button
[2021-03-17 07:25:07]cl_getDriver.py(127): click_Success->//*[@id="base_box"]/div/div[3]/form/button
[2021-03-17 07:25:07]cl_getDriver.py(127): click_Success->//*[@id="base_box"]/div/div[3]/form/button
[2021-03-17 07:25:08]cl_getDriver.py(72): Open NewTab->https://kabuoji3.com/stock/4203/1999/
[2021-03-17 07:25:08]cl_getDriver.py(72): Open NewTab->https://kabuoji3.com/stock/4202/1991/
[2021-03-17 07:25:09]cl_getDriver.py(127): click_Success->//*[@id="base_box"]/div/div[3]/form/button
[2021-03-17 07:25:09]cl_getDriver.py(127): click_Success->//*[@id="base_box"]/div/div[3]/form/button
[2021-03-17 07:25:12]cl_getDriver.py(127): click_Success->//*[@id="base_box"]/div/div[3]/form/button
[2021-03-17 07:25:12]cl_getDriver.py(127): click_Success->//*[@id="base_box"]/div/div[3]/form/button
[2021-03-17 07:25:12]cl_getDriver.py(72): Open NewTab->https://kabuoji3.com/stock/4202/1990/
[2021-03-17 07:25:12]cl_getDriver.py(72): Open NewTab->https://kabuoji3.com/stock/4203/1998/
[2021-03-17 07:25:13]cl_getDriver.py(127): click_Success->//*[@id="base_box"]/div/div[3]/form/button
[2021-03-17 07:25:14]cl_getDriver.py(127): click_Success->//*[@id="base_box"]/div/div[3]/form/button
[2021-03-17 07:25:16]cl_getDriver.py(127): click_Success->//*[@id="base_box"]/div/div[3]/form/button
[2021-03-17 07:25:16]cl_getDriver.py(127): click_Success->//*[@id="base_box"]/div/div[3]/form/button
[2021-03-17 07:25:17]cl_getDriver.py(72): Open NewTab->https://kabuoji3.com/stock/4203/1997/
[2021-03-17 07:25:17]cl_getDriver.py(72): Open NewTab->https://kabuoji3.com/stock/4202/1989/
[2021-03-17 07:25:18]cl_getDriver.py(127): click_Success->//*[@id="base_box"]/div/div[3]/form/button
[2021-03-17 07:25:18]cl_getDriver.py(127): click_Success->//*[@id="base_box"]/div/div[3]/form/button
[2021-03-17 07:25:20]cl_getDriver.py(127): click_Success->//*[@id="base_box"]/div/div[3]/form/button
[2021-03-17 07:25:20]cl_getDriver.py(127): click_Success->//*[@id="base_box"]/div/div[3]/form/button
[2021-03-17 07:25:21]cl_getDriver.py(72): Open NewTab->https://kabuoji3.com/stock/4203/1996/
[2021-03-17 07:25:21]cl_getDriver.py(72): Open NewTab->https://kabuoji3.com/stock/4202/1988/
[2021-03-17 07:25:22]cl_getDriver.py(127): click_Success->//*[@id="base_box"]/div/div[3]/form/button
[2021-03-17 07:25:22]cl_getDriver.py(127): click_Success->//*[@id="base_box"]/div/div[3]/form/button
[2021-03-17 07:25:24]cl_getDriver.py(127): click_Success->//*[@id="base_box"]/div/div[3]/form/button
[2021-03-17 07:25:25]cl_getDriver.py(127): click_Success->//*[@id="base_box"]/div/div[3]/form/button
[2021-03-17 07:25:25]cl_getDriver.py(72): Open NewTab->https://kabuoji3.com/stock/4202/1987/
[2021-03-17 07:25:25]cl_getDriver.py(72): Open NewTab->https://kabuoji3.com/stock/4203/1995/
[2021-03-17 07:25:27]cl_getDriver.py(127): click_Success->//*[@id="base_box"]/div/div[3]/form/button
[2021-03-17 07:25:27]cl_getDriver.py(127): click_Success->//*[@id="base_box"]/div/div[3]/form/button
[2021-03-17 07:25:29]cl_getDriver.py(127): click_Success->//*[@id="base_box"]/div/div[3]/form/button
[2021-03-17 07:25:29]cl_getDriver.py(127): click_Success->//*[@id="base_box"]/div/div[3]/form/button
[2021-03-17 07:25:30]cl_getDriver.py(72): Open NewTab->https://kabuoji3.com/stock/4203/1994/
[2021-03-17 07:25:30]cl_getDriver.py(72): Open NewTab->https://kabuoji3.com/stock/4202/1986/
[2021-03-17 07:25:31]cl_getDriver.py(127): click_Success->//*[@id="base_box"]/div/div[3]/form/button
[2021-03-17 07:25:31]cl_getDriver.py(127): click_Success->//*[@id="base_box"]/div/div[3]/form/button
[2021-03-17 07:25:33]cl_getDriver.py(127): click_Success->//*[@id="base_box"]/div/div[3]/form/button
[2021-03-17 07:25:33]cl_getDriver.py(127): click_Success->//*[@id="base_box"]/div/div[3]/form/button
[2021-03-17 07:25:34]cl_getDriver.py(72): Open NewTab->https://kabuoji3.com/stock/4202/1985/
[2021-03-17 07:25:34]cl_getDriver.py(72): Open NewTab->https://kabuoji3.com/stock/4203/1993/
[2021-03-17 07:25:35]cl_getDriver.py(127): click_Success->//*[@id="base_box"]/div/div[3]/form/button
[2021-03-17 07:25:36]cl_getDriver.py(127): click_Success->//*[@id="base_box"]/div/div[3]/form/button
[2021-03-17 07:25:38]cl_getDriver.py(127): click_Success->//*[@id="base_box"]/div/div[3]/form/button
[2021-03-17 07:25:38]cl_getDriver.py(127): click_Success->//*[@id="base_box"]/div/div[3]/form/button
[2021-03-17 07:25:38]cl_getDriver.py(72): Open NewTab->https://kabuoji3.com/stock/4203/1992/
[2021-03-17 07:25:38]cl_getDriver.py(72): Open NewTab->https://kabuoji3.com/stock/4202/1984/
[2021-03-17 07:25:40]cl_getDriver.py(127): click_Success->//*[@id="base_box"]/div/div[3]/form/button
[2021-03-17 07:25:40]cl_getDriver.py(127): click_Success->//*[@id="base_box"]/div/div[3]/form/button
[2021-03-17 07:25:42]cl_getDriver.py(127): click_Success->//*[@id="base_box"]/div/div[3]/form/button
[2021-03-17 07:25:42]cl_getDriver.py(72): Open NewTab->https://kabuoji3.com/stock/4203/1991/
[2021-03-17 07:25:42]cl_getDriver.py(127): click_Success->//*[@id="base_box"]/div/div[3]/form/button
[2021-03-17 07:25:43]cl_getDriver.py(72): Open NewTab->https://kabuoji3.com/stock/4202/1983/
[2021-03-17 07:25:44]cl_getDriver.py(127): click_Success->//*[@id="base_box"]/div/div[3]/form/button
[2021-03-17 07:25:45]cl_getDriver.py(127): click_Success->//*[@id="base_box"]/div/div[3]/form/button
[2021-03-17 07:25:46]cl_getDriver.py(127): click_Success->//*[@id="base_box"]/div/div[3]/form/button
[2021-03-17 07:25:46]cl_getDriver.py(72): Open NewTab->https://kabuoji3.com/stock/4203/1990/
[2021-03-17 07:25:47]cl_getDriver.py(127): click_Success->//*[@id="base_box"]/div/div[3]/form/button
[2021-03-17 07:25:47]cl_getDriver.py(127): click_Success->//*[@id="base_box"]/div/div[3]/form/button
[2021-03-17 07:25:50]cl_getDriver.py(127): click_Success->//*[@id="base_box"]/div/div[3]/form/button
[2021-03-17 07:25:50]cl_getDriver.py(72): Open NewTab->https://kabuoji3.com/stock/4203/1989/
[2021-03-17 07:25:51]cl_getDriver.py(127): click_Success->//*[@id="base_box"]/div/div[3]/form/button
[2021-03-17 07:25:51]main.py(42): finished Process->https://kabuoji3.com/stock/4202/
[2021-03-17 07:25:51]main.py(15): start_Process->https://kabuoji3.com/stock/4204/
[2021-03-17 07:25:53]cl_getDriver.py(127): click_Success->//*[@id="base_box"]/div/div[3]/form/button
[2021-03-17 07:25:54]cl_getDriver.py(72): Open NewTab->https://kabuoji3.com/stock/4203/1988/
[2021-03-17 07:25:56]cl_getDriver.py(127): click_Success->//*[@id="base_box"]/div/div[3]/form/button
[2021-03-17 07:25:57]cl_getDriver.py(64): getURL=https://kabuoji3.com/stock/4204/
[2021-03-17 07:25:57]cl_getDriver.py(72): Open NewTab->https://kabuoji3.com/stock/4204/
[2021-03-17 07:25:58]cl_getDriver.py(130): Not Found->//*[@id="base_box"]/div/div[3]/form/button
[2021-03-17 07:25:58]cl_getDriver.py(127): click_Success->//*[@id="base_box"]/div/div[3]/form/button
[2021-03-17 07:25:58]cl_getDriver.py(72): Open NewTab->https://kabuoji3.com/stock/4203/1987/
[2021-03-17 07:25:59]cl_getDriver.py(127): click_Success->//*[@id="base_box"]/div/div[3]/form/button
[2021-03-17 07:26:00]cl_getDriver.py(130): Not Found->//*[@id="base_box"]/div/div[3]/form/button
[2021-03-17 07:26:00]cl_getDriver.py(72): Open NewTab->https://kabuoji3.com/stock/4204/2021/
[2021-03-17 07:26:01]cl_getDriver.py(127): click_Success->//*[@id="base_box"]/div/div[3]/form/button
[2021-03-17 07:26:01]cl_getDriver.py(127): click_Success->//*[@id="base_box"]/div/div[3]/form/button
[2021-03-17 07:26:02]cl_getDriver.py(72): Open NewTab->https://kabuoji3.com/stock/4203/1986/
[2021-03-17 07:26:03]cl_getDriver.py(127): click_Success->//*[@id="base_box"]/div/div[3]/form/button
[2021-03-17 07:26:03]cl_getDriver.py(127): click_Success->//*[@id="base_box"]/div/div[3]/form/button
[2021-03-17 07:26:03]cl_getDriver.py(72): Open NewTab->https://kabuoji3.com/stock/4204/2020/
[2021-03-17 07:26:04]cl_getDriver.py(127): click_Success->//*[@id="base_box"]/div/div[3]/form/button
[2021-03-17 07:26:05]cl_getDriver.py(127): click_Success->//*[@id="base_box"]/div/div[3]/form/button
[2021-03-17 07:26:05]cl_getDriver.py(72): Open NewTab->https://kabuoji3.com/stock/4203/1985/
[2021-03-17 07:26:06]cl_getDriver.py(127): click_Success->//*[@id="base_box"]/div/div[3]/form/button
[2021-03-17 07:26:07]cl_getDriver.py(127): click_Success->//*[@id="base_box"]/div/div[3]/form/button
[2021-03-17 07:26:07]cl_getDriver.py(72): Open NewTab->https://kabuoji3.com/stock/4204/2019/
[2021-03-17 07:26:08]cl_getDriver.py(127): click_Success->//*[@id="base_box"]/div/div[3]/form/button
[2021-03-17 07:26:09]cl_getDriver.py(127): click_Success->//*[@id="base_box"]/div/div[3]/form/button
[2021-03-17 07:26:09]cl_getDriver.py(72): Open NewTab->https://kabuoji3.com/stock/4203/1984/
[2021-03-17 07:26:10]cl_getDriver.py(127): click_Success->//*[@id="base_box"]/div/div[3]/form/button
[2021-03-17 07:26:11]cl_getDriver.py(127): click_Success->//*[@id="base_box"]/div/div[3]/form/button
[2021-03-17 07:26:11]cl_getDriver.py(72): Open NewTab->https://kabuoji3.com/stock/4204/2018/
[2021-03-17 07:26:12]cl_getDriver.py(127): click_Success->//*[@id="base_box"]/div/div[3]/form/button
[2021-03-17 07:26:13]cl_getDriver.py(127): click_Success->//*[@id="base_box"]/div/div[3]/form/button
[2021-03-17 07:26:13]cl_getDriver.py(72): Open NewTab->https://kabuoji3.com/stock/4203/1983/
[2021-03-17 07:26:14]cl_getDriver.py(127): click_Success->//*[@id="base_box"]/div/div[3]/form/button
[2021-03-17 07:26:15]cl_getDriver.py(72): Open NewTab->https://kabuoji3.com/stock/4204/2017/
[2021-03-17 07:26:15]cl_getDriver.py(127): click_Success->//*[@id="base_box"]/div/div[3]/form/button
[2021-03-17 07:26:16]cl_getDriver.py(127): click_Success->//*[@id="base_box"]/div/div[3]/form/button
[2021-03-17 07:26:17]cl_getDriver.py(127): click_Success->//*[@id="base_box"]/div/div[3]/form/button
[2021-03-17 07:26:18]cl_getDriver.py(127): click_Success->//*[@id="base_box"]/div/div[3]/form/button
[2021-03-17 07:26:18]cl_getDriver.py(72): Open NewTab->https://kabuoji3.com/stock/4204/2016/
[2021-03-17 07:26:19]cl_getDriver.py(127): click_Success->//*[@id="base_box"]/div/div[3]/form/button
[2021-03-17 07:26:21]main.py(42): finished Process->https://kabuoji3.com/stock/4203/
[2021-03-17 07:26:21]main.py(15): start_Process->https://kabuoji3.com/stock/4205/
[2021-03-17 07:26:21]cl_getDriver.py(127): click_Success->//*[@id="base_box"]/div/div[3]/form/button
[2021-03-17 07:26:22]cl_getDriver.py(72): Open NewTab->https://kabuoji3.com/stock/4204/2015/
[2021-03-17 07:26:23]cl_getDriver.py(127): click_Success->//*[@id="base_box"]/div/div[3]/form/button
[2021-03-17 07:26:25]cl_getDriver.py(127): click_Success->//*[@id="base_box"]/div/div[3]/form/button
[2021-03-17 07:26:25]cl_getDriver.py(72): Open NewTab->https://kabuoji3.com/stock/4204/2014/
[2021-03-17 07:26:26]cl_getDriver.py(127): click_Success->//*[@id="base_box"]/div/div[3]/form/button
[2021-03-17 07:26:27]cl_getDriver.py(64): getURL=https://kabuoji3.com/stock/4205/
[2021-03-17 07:26:27]cl_getDriver.py(72): Open NewTab->https://kabuoji3.com/stock/4205/
[2021-03-17 07:26:28]cl_getDriver.py(130): Not Found->//*[@id="base_box"]/div/div[3]/form/button
[2021-03-17 07:26:29]cl_getDriver.py(127): click_Success->//*[@id="base_box"]/div/div[3]/form/button
[2021-03-17 07:26:29]cl_getDriver.py(72): Open NewTab->https://kabuoji3.com/stock/4204/2013/
[2021-03-17 07:26:30]cl_getDriver.py(130): Not Found->//*[@id="base_box"]/div/div[3]/form/button
[2021-03-17 07:26:30]cl_getDriver.py(127): click_Success->//*[@id="base_box"]/div/div[3]/form/button
[2021-03-17 07:26:30]cl_getDriver.py(72): Open NewTab->https://kabuoji3.com/stock/4205/2021/
[2021-03-17 07:26:31]cl_getDriver.py(127): click_Success->//*[@id="base_box"]/div/div[3]/form/button
[2021-03-17 07:26:33]cl_getDriver.py(127): click_Success->//*[@id="base_box"]/div/div[3]/form/button
[2021-03-17 07:26:33]cl_getDriver.py(72): Open NewTab->https://kabuoji3.com/stock/4204/2012/
[2021-03-17 07:26:34]cl_getDriver.py(127): click_Success->//*[@id="base_box"]/div/div[3]/form/button
[2021-03-17 07:26:34]cl_getDriver.py(72): Open NewTab->https://kabuoji3.com/stock/4205/2020/
[2021-03-17 07:26:34]cl_getDriver.py(127): click_Success->//*[@id="base_box"]/div/div[3]/form/button
[2021-03-17 07:26:35]cl_getDriver.py(127): click_Success->//*[@id="base_box"]/div/div[3]/form/button
[2021-03-17 07:26:37]cl_getDriver.py(127): click_Success->//*[@id="base_box"]/div/div[3]/form/button
[2021-03-17 07:26:37]cl_getDriver.py(72): Open NewTab->https://kabuoji3.com/stock/4204/2011/
[2021-03-17 07:26:38]cl_getDriver.py(127): click_Success->//*[@id="base_box"]/div/div[3]/form/button
[2021-03-17 07:26:38]cl_getDriver.py(72): Open NewTab->https://kabuoji3.com/stock/4205/2019/
[2021-03-17 07:26:38]cl_getDriver.py(127): click_Success->//*[@id="base_box"]/div/div[3]/form/button
[2021-03-17 07:26:40]cl_getDriver.py(127): click_Success->//*[@id="base_box"]/div/div[3]/form/button
[2021-03-17 07:26:41]cl_getDriver.py(127): click_Success->//*[@id="base_box"]/div/div[3]/form/button
[2021-03-17 07:26:41]cl_getDriver.py(72): Open NewTab->https://kabuoji3.com/stock/4204/2010/
[2021-03-17 07:26:42]cl_getDriver.py(127): click_Success->//*[@id="base_box"]/div/div[3]/form/button
[2021-03-17 07:26:42]cl_getDriver.py(127): click_Success->//*[@id="base_box"]/div/div[3]/form/button
[2021-03-17 07:26:42]cl_getDriver.py(72): Open NewTab->https://kabuoji3.com/stock/4205/2018/
[2021-03-17 07:26:43]cl_getDriver.py(127): click_Success->//*[@id="base_box"]/div/div[3]/form/button
[2021-03-17 07:26:44]cl_getDriver.py(127): click_Success->//*[@id="base_box"]/div/div[3]/form/button
[2021-03-17 07:26:44]cl_getDriver.py(72): Open NewTab->https://kabuoji3.com/stock/4204/2009/
[2021-03-17 07:26:45]cl_getDriver.py(127): click_Success->//*[@id="base_box"]/div/div[3]/form/button
[2021-03-17 07:26:46]cl_getDriver.py(127): click_Success->//*[@id="base_box"]/div/div[3]/form/button
[2021-03-17 07:26:46]cl_getDriver.py(72): Open NewTab->https://kabuoji3.com/stock/4205/2017/
[2021-03-17 07:26:47]cl_getDriver.py(127): click_Success->//*[@id="base_box"]/div/div[3]/form/button
[2021-03-17 07:26:48]cl_getDriver.py(127): click_Success->//*[@id="base_box"]/div/div[3]/form/button
[2021-03-17 07:26:48]cl_getDriver.py(72): Open NewTab->https://kabuoji3.com/stock/4204/2008/
[2021-03-17 07:26:49]cl_getDriver.py(127): click_Success->//*[@id="base_box"]/div/div[3]/form/button
[2021-03-17 07:26:49]cl_getDriver.py(127): click_Success->//*[@id="base_box"]/div/div[3]/form/button
[2021-03-17 07:26:50]cl_getDriver.py(72): Open NewTab->https://kabuoji3.com/stock/4205/2016/
[2021-03-17 07:26:51]cl_getDriver.py(127): click_Success->//*[@id="base_box"]/div/div[3]/form/button
[2021-03-17 07:26:52]cl_getDriver.py(127): click_Success->//*[@id="base_box"]/div/div[3]/form/button
[2021-03-17 07:26:52]cl_getDriver.py(72): Open NewTab->https://kabuoji3.com/stock/4204/2007/
[2021-03-17 07:26:53]cl_getDriver.py(127): click_Success->//*[@id="base_box"]/div/div[3]/form/button
[2021-03-17 07:26:53]cl_getDriver.py(127): click_Success->//*[@id="base_box"]/div/div[3]/form/button
[2021-03-17 07:26:53]cl_getDriver.py(72): Open NewTab->https://kabuoji3.com/stock/4205/2015/
[2021-03-17 07:26:55]cl_getDriver.py(127): click_Success->//*[@id="base_box"]/div/div[3]/form/button
[2021-03-17 07:26:55]cl_getDriver.py(127): click_Success->//*[@id="base_box"]/div/div[3]/form/button
[2021-03-17 07:26:56]cl_getDriver.py(72): Open NewTab->https://kabuoji3.com/stock/4204/2006/
[2021-03-17 07:26:56]cl_getDriver.py(127): click_Success->//*[@id="base_box"]/div/div[3]/form/button
[2021-03-17 07:26:57]cl_getDriver.py(127): click_Success->//*[@id="base_box"]/div/div[3]/form/button
[2021-03-17 07:26:58]cl_getDriver.py(72): Open NewTab->https://kabuoji3.com/stock/4205/2014/
[2021-03-17 07:26:59]cl_getDriver.py(127): click_Success->//*[@id="base_box"]/div/div[3]/form/button
[2021-03-17 07:26:59]cl_getDriver.py(127): click_Success->//*[@id="base_box"]/div/div[3]/form/button
[2021-03-17 07:26:59]cl_getDriver.py(72): Open NewTab->https://kabuoji3.com/stock/4204/2005/
[2021-03-17 07:27:00]cl_getDriver.py(127): click_Success->//*[@id="base_box"]/div/div[3]/form/button
[2021-03-17 07:27:01]cl_getDriver.py(127): click_Success->//*[@id="base_box"]/div/div[3]/form/button
[2021-03-17 07:27:01]cl_getDriver.py(72): Open NewTab->https://kabuoji3.com/stock/4205/2013/
[2021-03-17 07:27:02]cl_getDriver.py(127): click_Success->//*[@id="base_box"]/div/div[3]/form/button
[2021-03-17 07:27:03]cl_getDriver.py(127): click_Success->//*[@id="base_box"]/div/div[3]/form/button
[2021-03-17 07:27:03]cl_getDriver.py(72): Open NewTab->https://kabuoji3.com/stock/4204/2004/
[2021-03-17 07:27:04]cl_getDriver.py(127): click_Success->//*[@id="base_box"]/div/div[3]/form/button
[2021-03-17 07:27:05]cl_getDriver.py(127): click_Success->//*[@id="base_box"]/div/div[3]/form/button
[2021-03-17 07:27:05]cl_getDriver.py(72): Open NewTab->https://kabuoji3.com/stock/4205/2012/
[2021-03-17 07:27:06]cl_getDriver.py(127): click_Success->//*[@id="base_box"]/div/div[3]/form/button
[2021-03-17 07:27:06]cl_getDriver.py(127): click_Success->//*[@id="base_box"]/div/div[3]/form/button
[2021-03-17 07:27:07]cl_getDriver.py(72): Open NewTab->https://kabuoji3.com/stock/4204/2003/
[2021-03-17 07:27:07]cl_getDriver.py(127): click_Success->//*[@id="base_box"]/div/div[3]/form/button
[2021-03-17 07:27:08]cl_getDriver.py(127): click_Success->//*[@id="base_box"]/div/div[3]/form/button
[2021-03-17 07:27:09]cl_getDriver.py(72): Open NewTab->https://kabuoji3.com/stock/4205/2011/
[2021-03-17 07:27:10]cl_getDriver.py(127): click_Success->//*[@id="base_box"]/div/div[3]/form/button
[2021-03-17 07:27:10]cl_getDriver.py(127): click_Success->//*[@id="base_box"]/div/div[3]/form/button
[2021-03-17 07:27:10]cl_getDriver.py(72): Open NewTab->https://kabuoji3.com/stock/4204/2002/
[2021-03-17 07:27:11]cl_getDriver.py(127): click_Success->//*[@id="base_box"]/div/div[3]/form/button
[2021-03-17 07:27:12]cl_getDriver.py(127): click_Success->//*[@id="base_box"]/div/div[3]/form/button
[2021-03-17 07:27:13]cl_getDriver.py(72): Open NewTab->https://kabuoji3.com/stock/4205/2010/
[2021-03-17 07:27:14]cl_getDriver.py(127): click_Success->//*[@id="base_box"]/div/div[3]/form/button
[2021-03-17 07:27:14]cl_getDriver.py(127): click_Success->//*[@id="base_box"]/div/div[3]/form/button
[2021-03-17 07:27:14]cl_getDriver.py(72): Open NewTab->https://kabuoji3.com/stock/4204/2001/
[2021-03-17 07:27:15]cl_getDriver.py(127): click_Success->//*[@id="base_box"]/div/div[3]/form/button
[2021-03-17 07:27:16]cl_getDriver.py(127): click_Success->//*[@id="base_box"]/div/div[3]/form/button
[2021-03-17 07:27:16]cl_getDriver.py(72): Open NewTab->https://kabuoji3.com/stock/4205/2009/
[2021-03-17 07:27:17]cl_getDriver.py(127): click_Success->//*[@id="base_box"]/div/div[3]/form/button
[2021-03-17 07:27:17]cl_getDriver.py(127): click_Success->//*[@id="base_box"]/div/div[3]/form/button
[2021-03-17 07:27:18]cl_getDriver.py(72): Open NewTab->https://kabuoji3.com/stock/4204/2000/
[2021-03-17 07:27:19]cl_getDriver.py(127): click_Success->//*[@id="base_box"]/div/div[3]/form/button
[2021-03-17 07:27:20]cl_getDriver.py(127): click_Success->//*[@id="base_box"]/div/div[3]/form/button
[2021-03-17 07:27:20]cl_getDriver.py(72): Open NewTab->https://kabuoji3.com/stock/4205/2008/
[2021-03-17 07:27:21]cl_getDriver.py(127): click_Success->//*[@id="base_box"]/div/div[3]/form/button
[2021-03-17 07:27:21]cl_getDriver.py(127): click_Success->//*[@id="base_box"]/div/div[3]/form/button
[2021-03-17 07:27:22]cl_getDriver.py(72): Open NewTab->https://kabuoji3.com/stock/4204/1999/
[2021-03-17 07:27:22]cl_getDriver.py(127): click_Success->//*[@id="base_box"]/div/div[3]/form/button
[2021-03-17 07:27:23]cl_getDriver.py(127): click_Success->//*[@id="base_box"]/div/div[3]/form/button
[2021-03-17 07:27:24]cl_getDriver.py(72): Open NewTab->https://kabuoji3.com/stock/4205/2007/
[2021-03-17 07:27:25]cl_getDriver.py(127): click_Success->//*[@id="base_box"]/div/div[3]/form/button
[2021-03-17 07:27:25]cl_getDriver.py(127): click_Success->//*[@id="base_box"]/div/div[3]/form/button
[2021-03-17 07:27:25]cl_getDriver.py(72): Open NewTab->https://kabuoji3.com/stock/4204/1998/
[2021-03-17 07:27:26]cl_getDriver.py(127): click_Success->//*[@id="base_box"]/div/div[3]/form/button
[2021-03-17 07:27:27]cl_getDriver.py(127): click_Success->//*[@id="base_box"]/div/div[3]/form/button
[2021-03-17 07:27:28]cl_getDriver.py(72): Open NewTab->https://kabuoji3.com/stock/4205/2006/
[2021-03-17 07:27:29]cl_getDriver.py(127): click_Success->//*[@id="base_box"]/div/div[3]/form/button
[2021-03-17 07:27:29]cl_getDriver.py(127): click_Success->//*[@id="base_box"]/div/div[3]/form/button
[2021-03-17 07:27:29]cl_getDriver.py(72): Open NewTab->https://kabuoji3.com/stock/4204/1997/
[2021-03-17 07:27:30]cl_getDriver.py(127): click_Success->//*[@id="base_box"]/div/div[3]/form/button
[2021-03-17 07:27:31]cl_getDriver.py(127): click_Success->//*[@id="base_box"]/div/div[3]/form/button
[2021-03-17 07:27:32]cl_getDriver.py(72): Open NewTab->https://kabuoji3.com/stock/4205/2005/
[2021-03-17 07:27:32]cl_getDriver.py(127): click_Success->//*[@id="base_box"]/div/div[3]/form/button
[2021-03-17 07:27:33]cl_getDriver.py(127): click_Success->//*[@id="base_box"]/div/div[3]/form/button
[2021-03-17 07:27:33]cl_getDriver.py(72): Open NewTab->https://kabuoji3.com/stock/4204/1996/
[2021-03-17 07:27:34]cl_getDriver.py(127): click_Success->//*[@id="base_box"]/div/div[3]/form/button
[2021-03-17 07:27:35]cl_getDriver.py(127): click_Success->//*[@id="base_box"]/div/div[3]/form/button
[2021-03-17 07:27:36]cl_getDriver.py(72): Open NewTab->https://kabuoji3.com/stock/4205/2004/
[2021-03-17 07:27:36]cl_getDriver.py(127): click_Success->//*[@id="base_box"]/div/div[3]/form/button
[2021-03-17 07:27:37]cl_getDriver.py(72): Open NewTab->https://kabuoji3.com/stock/4204/1995/
[2021-03-17 07:27:37]cl_getDriver.py(127): click_Success->//*[@id="base_box"]/div/div[3]/form/button
[2021-03-17 07:27:38]cl_getDriver.py(127): click_Success->//*[@id="base_box"]/div/div[3]/form/button
[2021-03-17 07:27:39]cl_getDriver.py(127): click_Success->//*[@id="base_box"]/div/div[3]/form/button
[2021-03-17 07:27:40]cl_getDriver.py(72): Open NewTab->https://kabuoji3.com/stock/4205/2003/
[2021-03-17 07:27:40]cl_getDriver.py(127): click_Success->//*[@id="base_box"]/div/div[3]/form/button
[2021-03-17 07:27:40]cl_getDriver.py(72): Open NewTab->https://kabuoji3.com/stock/4204/1994/
[2021-03-17 07:27:41]cl_getDriver.py(127): click_Success->//*[@id="base_box"]/div/div[3]/form/button
[2021-03-17 07:27:42]cl_getDriver.py(127): click_Success->//*[@id="base_box"]/div/div[3]/form/button
[2021-03-17 07:27:44]cl_getDriver.py(127): click_Success->//*[@id="base_box"]/div/div[3]/form/button
[2021-03-17 07:27:44]cl_getDriver.py(72): Open NewTab->https://kabuoji3.com/stock/4205/2002/
[2021-03-17 07:27:44]cl_getDriver.py(127): click_Success->//*[@id="base_box"]/div/div[3]/form/button
[2021-03-17 07:27:45]cl_getDriver.py(72): Open NewTab->https://kabuoji3.com/stock/4204/1993/
[2021-03-17 07:27:45]cl_getDriver.py(127): click_Success->//*[@id="base_box"]/div/div[3]/form/button
[2021-03-17 07:27:46]cl_getDriver.py(127): click_Success->//*[@id="base_box"]/div/div[3]/form/button
[2021-03-17 07:27:48]cl_getDriver.py(127): click_Success->//*[@id="base_box"]/div/div[3]/form/button
[2021-03-17 07:27:48]cl_getDriver.py(127): click_Success->//*[@id="base_box"]/div/div[3]/form/button
[2021-03-17 07:27:48]cl_getDriver.py(72): Open NewTab->https://kabuoji3.com/stock/4205/2001/
[2021-03-17 07:27:49]cl_getDriver.py(72): Open NewTab->https://kabuoji3.com/stock/4204/1992/
[2021-03-17 07:27:50]cl_getDriver.py(127): click_Success->//*[@id="base_box"]/div/div[3]/form/button
[2021-03-17 07:27:50]cl_getDriver.py(127): click_Success->//*[@id="base_box"]/div/div[3]/form/button
[2021-03-17 07:27:52]cl_getDriver.py(127): click_Success->//*[@id="base_box"]/div/div[3]/form/button
[2021-03-17 07:27:52]cl_getDriver.py(127): click_Success->//*[@id="base_box"]/div/div[3]/form/button
[2021-03-17 07:27:53]cl_getDriver.py(72): Open NewTab->https://kabuoji3.com/stock/4204/1991/
[2021-03-17 07:27:53]cl_getDriver.py(72): Open NewTab->https://kabuoji3.com/stock/4205/2000/
[2021-03-17 07:27:54]cl_getDriver.py(127): click_Success->//*[@id="base_box"]/div/div[3]/form/button
[2021-03-17 07:27:54]cl_getDriver.py(127): click_Success->//*[@id="base_box"]/div/div[3]/form/button
[2021-03-17 07:27:56]cl_getDriver.py(127): click_Success->//*[@id="base_box"]/div/div[3]/form/button
[2021-03-17 07:27:57]cl_getDriver.py(72): Open NewTab->https://kabuoji3.com/stock/4204/1990/
[2021-03-17 07:27:57]cl_getDriver.py(127): click_Success->//*[@id="base_box"]/div/div[3]/form/button
[2021-03-17 07:27:57]cl_getDriver.py(72): Open NewTab->https://kabuoji3.com/stock/4205/1999/
[2021-03-17 07:27:58]cl_getDriver.py(127): click_Success->//*[@id="base_box"]/div/div[3]/form/button
[2021-03-17 07:27:58]cl_getDriver.py(127): click_Success->//*[@id="base_box"]/div/div[3]/form/button
[2021-03-17 07:28:00]cl_getDriver.py(127): click_Success->//*[@id="base_box"]/div/div[3]/form/button
[2021-03-17 07:28:01]cl_getDriver.py(72): Open NewTab->https://kabuoji3.com/stock/4204/1989/
[2021-03-17 07:28:01]cl_getDriver.py(127): click_Success->//*[@id="base_box"]/div/div[3]/form/button
[2021-03-17 07:28:01]cl_getDriver.py(72): Open NewTab->https://kabuoji3.com/stock/4205/1998/
[2021-03-17 07:28:02]cl_getDriver.py(127): click_Success->//*[@id="base_box"]/div/div[3]/form/button
[2021-03-17 07:28:02]cl_getDriver.py(127): click_Success->//*[@id="base_box"]/div/div[3]/form/button
[2021-03-17 07:28:04]cl_getDriver.py(127): click_Success->//*[@id="base_box"]/div/div[3]/form/button
[2021-03-17 07:28:05]cl_getDriver.py(72): Open NewTab->https://kabuoji3.com/stock/4204/1988/
[2021-03-17 07:28:05]cl_getDriver.py(127): click_Success->//*[@id="base_box"]/div/div[3]/form/button
[2021-03-17 07:28:05]cl_getDriver.py(72): Open NewTab->https://kabuoji3.com/stock/4205/1997/
[2021-03-17 07:28:06]cl_getDriver.py(127): click_Success->//*[@id="base_box"]/div/div[3]/form/button
[2021-03-17 07:28:06]cl_getDriver.py(127): click_Success->//*[@id="base_box"]/div/div[3]/form/button
[2021-03-17 07:28:09]cl_getDriver.py(127): click_Success->//*[@id="base_box"]/div/div[3]/form/button
[2021-03-17 07:28:09]cl_getDriver.py(127): click_Success->//*[@id="base_box"]/div/div[3]/form/button
[2021-03-17 07:28:09]cl_getDriver.py(72): Open NewTab->https://kabuoji3.com/stock/4204/1987/
[2021-03-17 07:28:09]cl_getDriver.py(72): Open NewTab->https://kabuoji3.com/stock/4205/1996/
[2021-03-17 07:28:11]cl_getDriver.py(127): click_Success->//*[@id="base_box"]/div/div[3]/form/button
[2021-03-17 07:28:11]cl_getDriver.py(127): click_Success->//*[@id="base_box"]/div/div[3]/form/button
[2021-03-17 07:28:13]cl_getDriver.py(127): click_Success->//*[@id="base_box"]/div/div[3]/form/button
[2021-03-17 07:28:13]cl_getDriver.py(127): click_Success->//*[@id="base_box"]/div/div[3]/form/button
[2021-03-17 07:28:14]cl_getDriver.py(72): Open NewTab->https://kabuoji3.com/stock/4205/1995/
[2021-03-17 07:28:14]cl_getDriver.py(72): Open NewTab->https://kabuoji3.com/stock/4204/1986/
[2021-03-17 07:28:15]cl_getDriver.py(127): click_Success->//*[@id="base_box"]/div/div[3]/form/button
[2021-03-17 07:28:15]cl_getDriver.py(127): click_Success->//*[@id="base_box"]/div/div[3]/form/button
[2021-03-17 07:28:17]cl_getDriver.py(127): click_Success->//*[@id="base_box"]/div/div[3]/form/button
[2021-03-17 07:28:17]cl_getDriver.py(127): click_Success->//*[@id="base_box"]/div/div[3]/form/button
[2021-03-17 07:28:18]cl_getDriver.py(72): Open NewTab->https://kabuoji3.com/stock/4205/1994/
[2021-03-17 07:28:18]cl_getDriver.py(72): Open NewTab->https://kabuoji3.com/stock/4204/1985/
[2021-03-17 07:28:19]cl_getDriver.py(127): click_Success->//*[@id="base_box"]/div/div[3]/form/button
[2021-03-17 07:28:19]cl_getDriver.py(127): click_Success->//*[@id="base_box"]/div/div[3]/form/button
[2021-03-17 07:28:22]cl_getDriver.py(127): click_Success->//*[@id="base_box"]/div/div[3]/form/button
[2021-03-17 07:28:22]cl_getDriver.py(127): click_Success->//*[@id="base_box"]/div/div[3]/form/button
[2021-03-17 07:28:22]cl_getDriver.py(72): Open NewTab->https://kabuoji3.com/stock/4205/1993/
[2021-03-17 07:28:22]cl_getDriver.py(72): Open NewTab->https://kabuoji3.com/stock/4204/1984/
[2021-03-17 07:28:24]cl_getDriver.py(127): click_Success->//*[@id="base_box"]/div/div[3]/form/button
[2021-03-17 07:28:24]cl_getDriver.py(127): click_Success->//*[@id="base_box"]/div/div[3]/form/button
[2021-03-17 07:28:26]cl_getDriver.py(127): click_Success->//*[@id="base_box"]/div/div[3]/form/button
[2021-03-17 07:28:26]cl_getDriver.py(127): click_Success->//*[@id="base_box"]/div/div[3]/form/button
[2021-03-17 07:28:27]cl_getDriver.py(72): Open NewTab->https://kabuoji3.com/stock/4205/1992/
[2021-03-17 07:28:27]cl_getDriver.py(72): Open NewTab->https://kabuoji3.com/stock/4204/1983/
[2021-03-17 07:28:28]cl_getDriver.py(127): click_Success->//*[@id="base_box"]/div/div[3]/form/button
[2021-03-17 07:28:28]cl_getDriver.py(127): click_Success->//*[@id="base_box"]/div/div[3]/form/button
[2021-03-17 07:28:30]cl_getDriver.py(127): click_Success->//*[@id="base_box"]/div/div[3]/form/button
[2021-03-17 07:28:30]cl_getDriver.py(127): click_Success->//*[@id="base_box"]/div/div[3]/form/button
[2021-03-17 07:28:31]cl_getDriver.py(72): Open NewTab->https://kabuoji3.com/stock/4205/1991/
[2021-03-17 07:28:32]cl_getDriver.py(127): click_Success->//*[@id="base_box"]/div/div[3]/form/button
[2021-03-17 07:28:33]main.py(42): finished Process->https://kabuoji3.com/stock/4204/
[2021-03-17 07:28:33]main.py(15): start_Process->https://kabuoji3.com/stock/4206/
[2021-03-17 07:28:34]cl_getDriver.py(127): click_Success->//*[@id="base_box"]/div/div[3]/form/button
[2021-03-17 07:28:34]cl_getDriver.py(72): Open NewTab->https://kabuoji3.com/stock/4205/1990/
[2021-03-17 07:28:36]cl_getDriver.py(127): click_Success->//*[@id="base_box"]/div/div[3]/form/button
[2021-03-17 07:28:38]cl_getDriver.py(127): click_Success->//*[@id="base_box"]/div/div[3]/form/button
[2021-03-17 07:28:38]cl_getDriver.py(72): Open NewTab->https://kabuoji3.com/stock/4205/1989/
[2021-03-17 07:28:39]cl_getDriver.py(64): getURL=https://kabuoji3.com/stock/4206/
[2021-03-17 07:28:40]cl_getDriver.py(127): click_Success->//*[@id="base_box"]/div/div[3]/form/button
[2021-03-17 07:28:40]cl_getDriver.py(72): Open NewTab->https://kabuoji3.com/stock/4206/
[2021-03-17 07:28:41]cl_getDriver.py(130): Not Found->//*[@id="base_box"]/div/div[3]/form/button
[2021-03-17 07:28:42]cl_getDriver.py(127): click_Success->//*[@id="base_box"]/div/div[3]/form/button
[2021-03-17 07:28:42]cl_getDriver.py(72): Open NewTab->https://kabuoji3.com/stock/4205/1988/
[2021-03-17 07:28:43]cl_getDriver.py(130): Not Found->//*[@id="base_box"]/div/div[3]/form/button
[2021-03-17 07:28:43]cl_getDriver.py(72): Open NewTab->https://kabuoji3.com/stock/4206/2021/
[2021-03-17 07:28:43]cl_getDriver.py(127): click_Success->//*[@id="base_box"]/div/div[3]/form/button
[2021-03-17 07:28:44]cl_getDriver.py(127): click_Success->//*[@id="base_box"]/div/div[3]/form/button
[2021-03-17 07:28:46]cl_getDriver.py(127): click_Success->//*[@id="base_box"]/div/div[3]/form/button
[2021-03-17 07:28:46]cl_getDriver.py(72): Open NewTab->https://kabuoji3.com/stock/4205/1987/
[2021-03-17 07:28:46]cl_getDriver.py(127): click_Success->//*[@id="base_box"]/div/div[3]/form/button
[2021-03-17 07:28:47]cl_getDriver.py(72): Open NewTab->https://kabuoji3.com/stock/4206/2020/
[2021-03-17 07:28:48]cl_getDriver.py(127): click_Success->//*[@id="base_box"]/div/div[3]/form/button
[2021-03-17 07:28:48]cl_getDriver.py(127): click_Success->//*[@id="base_box"]/div/div[3]/form/button
[2021-03-17 07:28:50]cl_getDriver.py(127): click_Success->//*[@id="base_box"]/div/div[3]/form/button
[2021-03-17 07:28:50]cl_getDriver.py(72): Open NewTab->https://kabuoji3.com/stock/4205/1986/
[2021-03-17 07:28:51]cl_getDriver.py(127): click_Success->//*[@id="base_box"]/div/div[3]/form/button
[2021-03-17 07:28:51]cl_getDriver.py(72): Open NewTab->https://kabuoji3.com/stock/4206/2019/
[2021-03-17 07:28:52]cl_getDriver.py(127): click_Success->//*[@id="base_box"]/div/div[3]/form/button
[2021-03-17 07:28:52]cl_getDriver.py(127): click_Success->//*[@id="base_box"]/div/div[3]/form/button
[2021-03-17 07:28:54]cl_getDriver.py(127): click_Success->//*[@id="base_box"]/div/div[3]/form/button
[2021-03-17 07:28:55]cl_getDriver.py(127): click_Success->//*[@id="base_box"]/div/div[3]/form/button
[2021-03-17 07:28:55]cl_getDriver.py(72): Open NewTab->https://kabuoji3.com/stock/4205/1985/
[2021-03-17 07:28:55]cl_getDriver.py(72): Open NewTab->https://kabuoji3.com/stock/4206/2018/
[2021-03-17 07:28:56]cl_getDriver.py(127): click_Success->//*[@id="base_box"]/div/div[3]/form/button
[2021-03-17 07:28:56]cl_getDriver.py(127): click_Success->//*[@id="base_box"]/div/div[3]/form/button
[2021-03-17 07:28:59]cl_getDriver.py(127): click_Success->//*[@id="base_box"]/div/div[3]/form/button
[2021-03-17 07:28:59]cl_getDriver.py(127): click_Success->//*[@id="base_box"]/div/div[3]/form/button
[2021-03-17 07:28:59]cl_getDriver.py(72): Open NewTab->https://kabuoji3.com/stock/4205/1984/
[2021-03-17 07:28:59]cl_getDriver.py(72): Open NewTab->https://kabuoji3.com/stock/4206/2017/
[2021-03-17 07:29:01]cl_getDriver.py(127): click_Success->//*[@id="base_box"]/div/div[3]/form/button
[2021-03-17 07:29:01]cl_getDriver.py(127): click_Success->//*[@id="base_box"]/div/div[3]/form/button
[2021-03-17 07:29:03]cl_getDriver.py(127): click_Success->//*[@id="base_box"]/div/div[3]/form/button
[2021-03-17 07:29:03]cl_getDriver.py(127): click_Success->//*[@id="base_box"]/div/div[3]/form/button
[2021-03-17 07:29:04]cl_getDriver.py(72): Open NewTab->https://kabuoji3.com/stock/4206/2016/
[2021-03-17 07:29:04]cl_getDriver.py(72): Open NewTab->https://kabuoji3.com/stock/4205/1983/
[2021-03-17 07:29:05]cl_getDriver.py(127): click_Success->//*[@id="base_box"]/div/div[3]/form/button
[2021-03-17 07:29:05]cl_getDriver.py(127): click_Success->//*[@id="base_box"]/div/div[3]/form/button
[2021-03-17 07:29:07]cl_getDriver.py(127): click_Success->//*[@id="base_box"]/div/div[3]/form/button
[2021-03-17 07:29:07]cl_getDriver.py(127): click_Success->//*[@id="base_box"]/div/div[3]/form/button
[2021-03-17 07:29:08]cl_getDriver.py(72): Open NewTab->https://kabuoji3.com/stock/4206/2015/
[2021-03-17 07:29:09]cl_getDriver.py(127): click_Success->//*[@id="base_box"]/div/div[3]/form/button
[2021-03-17 07:29:11]cl_getDriver.py(127): click_Success->//*[@id="base_box"]/div/div[3]/form/button
[2021-03-17 07:29:12]cl_getDriver.py(72): Open NewTab->https://kabuoji3.com/stock/4206/2014/
[2021-03-17 07:29:12]main.py(42): finished Process->https://kabuoji3.com/stock/4205/
[2021-03-17 07:29:12]main.py(15): start_Process->https://kabuoji3.com/stock/4208/
[2021-03-17 07:29:13]cl_getDriver.py(127): click_Success->//*[@id="base_box"]/div/div[3]/form/button
[2021-03-17 07:29:15]cl_getDriver.py(127): click_Success->//*[@id="base_box"]/div/div[3]/form/button
[2021-03-17 07:29:15]cl_getDriver.py(72): Open NewTab->https://kabuoji3.com/stock/4206/2013/
[2021-03-17 07:29:16]cl_getDriver.py(127): click_Success->//*[@id="base_box"]/div/div[3]/form/button
[2021-03-17 07:29:18]cl_getDriver.py(64): getURL=https://kabuoji3.com/stock/4208/
[2021-03-17 07:29:18]cl_getDriver.py(127): click_Success->//*[@id="base_box"]/div/div[3]/form/button
[2021-03-17 07:29:19]cl_getDriver.py(72): Open NewTab->https://kabuoji3.com/stock/4208/
[2021-03-17 07:29:19]cl_getDriver.py(72): Open NewTab->https://kabuoji3.com/stock/4206/2012/
[2021-03-17 07:29:20]cl_getDriver.py(130): Not Found->//*[@id="base_box"]/div/div[3]/form/button
[2021-03-17 07:29:20]cl_getDriver.py(127): click_Success->//*[@id="base_box"]/div/div[3]/form/button
[2021-03-17 07:29:22]cl_getDriver.py(130): Not Found->//*[@id="base_box"]/div/div[3]/form/button
[2021-03-17 07:29:22]cl_getDriver.py(72): Open NewTab->https://kabuoji3.com/stock/4208/2021/
[2021-03-17 07:29:22]cl_getDriver.py(127): click_Success->//*[@id="base_box"]/div/div[3]/form/button
[2021-03-17 07:29:23]cl_getDriver.py(72): Open NewTab->https://kabuoji3.com/stock/4206/2011/
[2021-03-17 07:29:23]cl_getDriver.py(127): click_Success->//*[@id="base_box"]/div/div[3]/form/button
[2021-03-17 07:29:24]cl_getDriver.py(127): click_Success->//*[@id="base_box"]/div/div[3]/form/button
[2021-03-17 07:29:25]cl_getDriver.py(127): click_Success->//*[@id="base_box"]/div/div[3]/form/button
[2021-03-17 07:29:26]cl_getDriver.py(72): Open NewTab->https://kabuoji3.com/stock/4208/2020/
[2021-03-17 07:29:26]cl_getDriver.py(127): click_Success->//*[@id="base_box"]/div/div[3]/form/button
[2021-03-17 07:29:27]cl_getDriver.py(72): Open NewTab->https://kabuoji3.com/stock/4206/2010/
[2021-03-17 07:29:27]cl_getDriver.py(127): click_Success->//*[@id="base_box"]/div/div[3]/form/button
[2021-03-17 07:29:28]cl_getDriver.py(127): click_Success->//*[@id="base_box"]/div/div[3]/form/button
[2021-03-17 07:29:30]cl_getDriver.py(127): click_Success->//*[@id="base_box"]/div/div[3]/form/button
[2021-03-17 07:29:30]cl_getDriver.py(72): Open NewTab->https://kabuoji3.com/stock/4208/2019/
[2021-03-17 07:29:30]cl_getDriver.py(127): click_Success->//*[@id="base_box"]/div/div[3]/form/button
[2021-03-17 07:29:31]cl_getDriver.py(72): Open NewTab->https://kabuoji3.com/stock/4206/2009/
[2021-03-17 07:29:31]cl_getDriver.py(127): click_Success->//*[@id="base_box"]/div/div[3]/form/button
[2021-03-17 07:29:32]cl_getDriver.py(127): click_Success->//*[@id="base_box"]/div/div[3]/form/button
[2021-03-17 07:29:34]cl_getDriver.py(127): click_Success->//*[@id="base_box"]/div/div[3]/form/button
[2021-03-17 07:29:34]cl_getDriver.py(72): Open NewTab->https://kabuoji3.com/stock/4208/2018/
[2021-03-17 07:29:34]cl_getDriver.py(127): click_Success->//*[@id="base_box"]/div/div[3]/form/button
[2021-03-17 07:29:35]cl_getDriver.py(72): Open NewTab->https://kabuoji3.com/stock/4206/2008/
[2021-03-17 07:29:36]cl_getDriver.py(127): click_Success->//*[@id="base_box"]/div/div[3]/form/button
[2021-03-17 07:29:36]cl_getDriver.py(127): click_Success->//*[@id="base_box"]/div/div[3]/form/button
[2021-03-17 07:29:38]cl_getDriver.py(127): click_Success->//*[@id="base_box"]/div/div[3]/form/button
[2021-03-17 07:29:38]cl_getDriver.py(72): Open NewTab->https://kabuoji3.com/stock/4208/2017/
[2021-03-17 07:29:39]cl_getDriver.py(127): click_Success->//*[@id="base_box"]/div/div[3]/form/button
[2021-03-17 07:29:39]cl_getDriver.py(72): Open NewTab->https://kabuoji3.com/stock/4206/2007/
[2021-03-17 07:29:40]cl_getDriver.py(127): click_Success->//*[@id="base_box"]/div/div[3]/form/button
[2021-03-17 07:29:40]cl_getDriver.py(127): click_Success->//*[@id="base_box"]/div/div[3]/form/button
[2021-03-17 07:29:42]cl_getDriver.py(127): click_Success->//*[@id="base_box"]/div/div[3]/form/button
[2021-03-17 07:29:42]cl_getDriver.py(72): Open NewTab->https://kabuoji3.com/stock/4208/2016/
[2021-03-17 07:29:43]cl_getDriver.py(127): click_Success->//*[@id="base_box"]/div/div[3]/form/button
[2021-03-17 07:29:44]cl_getDriver.py(72): Open NewTab->https://kabuoji3.com/stock/4206/2006/
[2021-03-17 07:29:44]cl_getDriver.py(127): click_Success->//*[@id="base_box"]/div/div[3]/form/button
[2021-03-17 07:29:45]cl_getDriver.py(127): click_Success->//*[@id="base_box"]/div/div[3]/form/button
[2021-03-17 07:29:47]cl_getDriver.py(127): click_Success->//*[@id="base_box"]/div/div[3]/form/button
[2021-03-17 07:29:47]cl_getDriver.py(72): Open NewTab->https://kabuoji3.com/stock/4208/2015/
[2021-03-17 07:29:47]cl_getDriver.py(127): click_Success->//*[@id="base_box"]/div/div[3]/form/button
[2021-03-17 07:29:48]cl_getDriver.py(72): Open NewTab->https://kabuoji3.com/stock/4206/2005/
[2021-03-17 07:29:49]cl_getDriver.py(127): click_Success->//*[@id="base_box"]/div/div[3]/form/button
[2021-03-17 07:29:49]cl_getDriver.py(127): click_Success->//*[@id="base_box"]/div/div[3]/form/button
[2021-03-17 07:29:51]cl_getDriver.py(127): click_Success->//*[@id="base_box"]/div/div[3]/form/button
[2021-03-17 07:29:52]cl_getDriver.py(72): Open NewTab->https://kabuoji3.com/stock/4208/2014/
[2021-03-17 07:29:52]cl_getDriver.py(127): click_Success->//*[@id="base_box"]/div/div[3]/form/button
[2021-03-17 07:29:52]cl_getDriver.py(72): Open NewTab->https://kabuoji3.com/stock/4206/2004/
[2021-03-17 07:29:53]cl_getDriver.py(127): click_Success->//*[@id="base_box"]/div/div[3]/form/button
[2021-03-17 07:29:54]cl_getDriver.py(127): click_Success->//*[@id="base_box"]/div/div[3]/form/button
[2021-03-17 07:29:55]cl_getDriver.py(127): click_Success->//*[@id="base_box"]/div/div[3]/form/button
[2021-03-17 07:29:56]cl_getDriver.py(72): Open NewTab->https://kabuoji3.com/stock/4208/2013/
[2021-03-17 07:29:56]cl_getDriver.py(127): click_Success->//*[@id="base_box"]/div/div[3]/form/button
[2021-03-17 07:29:56]cl_getDriver.py(72): Open NewTab->https://kabuoji3.com/stock/4206/2003/
[2021-03-17 07:29:57]cl_getDriver.py(127): click_Success->//*[@id="base_box"]/div/div[3]/form/button
[2021-03-17 07:29:58]cl_getDriver.py(127): click_Success->//*[@id="base_box"]/div/div[3]/form/button
[2021-03-17 07:30:00]cl_getDriver.py(127): click_Success->//*[@id="base_box"]/div/div[3]/form/button
[2021-03-17 07:30:00]cl_getDriver.py(127): click_Success->//*[@id="base_box"]/div/div[3]/form/button
[2021-03-17 07:30:00]cl_getDriver.py(72): Open NewTab->https://kabuoji3.com/stock/4208/2012/
[2021-03-17 07:30:00]cl_getDriver.py(72): Open NewTab->https://kabuoji3.com/stock/4206/2002/
[2021-03-17 07:30:02]cl_getDriver.py(127): click_Success->//*[@id="base_box"]/div/div[3]/form/button
[2021-03-17 07:30:02]cl_getDriver.py(127): click_Success->//*[@id="base_box"]/div/div[3]/form/button
[2021-03-17 07:30:04]cl_getDriver.py(127): click_Success->//*[@id="base_box"]/div/div[3]/form/button
[2021-03-17 07:30:04]cl_getDriver.py(127): click_Success->//*[@id="base_box"]/div/div[3]/form/button
[2021-03-17 07:30:05]cl_getDriver.py(72): Open NewTab->https://kabuoji3.com/stock/4208/2011/
[2021-03-17 07:30:05]cl_getDriver.py(72): Open NewTab->https://kabuoji3.com/stock/4206/2001/
[2021-03-17 07:30:06]cl_getDriver.py(127): click_Success->//*[@id="base_box"]/div/div[3]/form/button
[2021-03-17 07:30:06]cl_getDriver.py(127): click_Success->//*[@id="base_box"]/div/div[3]/form/button
[2021-03-17 07:30:08]cl_getDriver.py(127): click_Success->//*[@id="base_box"]/div/div[3]/form/button
[2021-03-17 07:30:08]cl_getDriver.py(127): click_Success->//*[@id="base_box"]/div/div[3]/form/button
[2021-03-17 07:30:09]cl_getDriver.py(72): Open NewTab->https://kabuoji3.com/stock/4208/2010/
[2021-03-17 07:30:09]cl_getDriver.py(72): Open NewTab->https://kabuoji3.com/stock/4206/2000/
[2021-03-17 07:30:10]cl_getDriver.py(127): click_Success->//*[@id="base_box"]/div/div[3]/form/button
[2021-03-17 07:30:10]cl_getDriver.py(127): click_Success->//*[@id="base_box"]/div/div[3]/form/button
[2021-03-17 07:30:13]cl_getDriver.py(127): click_Success->//*[@id="base_box"]/div/div[3]/form/button
[2021-03-17 07:30:13]cl_getDriver.py(72): Open NewTab->https://kabuoji3.com/stock/4208/2009/
[2021-03-17 07:30:13]cl_getDriver.py(127): click_Success->//*[@id="base_box"]/div/div[3]/form/button
[2021-03-17 07:30:13]cl_getDriver.py(72): Open NewTab->https://kabuoji3.com/stock/4206/1999/
[2021-03-17 07:30:14]cl_getDriver.py(127): click_Success->//*[@id="base_box"]/div/div[3]/form/button
[2021-03-17 07:30:15]cl_getDriver.py(127): click_Success->//*[@id="base_box"]/div/div[3]/form/button
[2021-03-17 07:30:17]cl_getDriver.py(127): click_Success->//*[@id="base_box"]/div/div[3]/form/button
[2021-03-17 07:30:17]cl_getDriver.py(72): Open NewTab->https://kabuoji3.com/stock/4208/2008/
[2021-03-17 07:30:17]cl_getDriver.py(127): click_Success->//*[@id="base_box"]/div/div[3]/form/button
[2021-03-17 07:30:18]cl_getDriver.py(72): Open NewTab->https://kabuoji3.com/stock/4206/1998/
[2021-03-17 07:30:19]cl_getDriver.py(127): click_Success->//*[@id="base_box"]/div/div[3]/form/button
[2021-03-17 07:30:19]cl_getDriver.py(127): click_Success->//*[@id="base_box"]/div/div[3]/form/button
[2021-03-17 07:30:21]cl_getDriver.py(127): click_Success->//*[@id="base_box"]/div/div[3]/form/button
[2021-03-17 07:30:21]cl_getDriver.py(127): click_Success->//*[@id="base_box"]/div/div[3]/form/button
[2021-03-17 07:30:22]cl_getDriver.py(72): Open NewTab->https://kabuoji3.com/stock/4208/2007/
[2021-03-17 07:30:22]cl_getDriver.py(72): Open NewTab->https://kabuoji3.com/stock/4206/1997/
[2021-03-17 07:30:23]cl_getDriver.py(127): click_Success->//*[@id="base_box"]/div/div[3]/form/button
[2021-03-17 07:30:23]cl_getDriver.py(127): click_Success->//*[@id="base_box"]/div/div[3]/form/button
[2021-03-17 07:30:25]cl_getDriver.py(127): click_Success->//*[@id="base_box"]/div/div[3]/form/button
[2021-03-17 07:30:26]cl_getDriver.py(127): click_Success->//*[@id="base_box"]/div/div[3]/form/button
[2021-03-17 07:30:26]cl_getDriver.py(72): Open NewTab->https://kabuoji3.com/stock/4208/2006/
[2021-03-17 07:30:26]cl_getDriver.py(72): Open NewTab->https://kabuoji3.com/stock/4206/1996/
[2021-03-17 07:30:27]cl_getDriver.py(127): click_Success->//*[@id="base_box"]/div/div[3]/form/button
[2021-03-17 07:30:28]cl_getDriver.py(127): click_Success->//*[@id="base_box"]/div/div[3]/form/button
[2021-03-17 07:30:30]cl_getDriver.py(127): click_Success->//*[@id="base_box"]/div/div[3]/form/button
[2021-03-17 07:30:30]cl_getDriver.py(127): click_Success->//*[@id="base_box"]/div/div[3]/form/button
[2021-03-17 07:30:31]cl_getDriver.py(72): Open NewTab->https://kabuoji3.com/stock/4206/1995/
[2021-03-17 07:30:31]cl_getDriver.py(72): Open NewTab->https://kabuoji3.com/stock/4208/2005/
[2021-03-17 07:30:32]cl_getDriver.py(127): click_Success->//*[@id="base_box"]/div/div[3]/form/button
[2021-03-17 07:30:32]cl_getDriver.py(127): click_Success->//*[@id="base_box"]/div/div[3]/form/button
[2021-03-17 07:30:34]cl_getDriver.py(127): click_Success->//*[@id="base_box"]/div/div[3]/form/button
[2021-03-17 07:30:34]cl_getDriver.py(127): click_Success->//*[@id="base_box"]/div/div[3]/form/button
[2021-03-17 07:30:35]cl_getDriver.py(72): Open NewTab->https://kabuoji3.com/stock/4208/2004/
[2021-03-17 07:30:35]cl_getDriver.py(72): Open NewTab->https://kabuoji3.com/stock/4206/1994/
[2021-03-17 07:30:36]cl_getDriver.py(127): click_Success->//*[@id="base_box"]/div/div[3]/form/button
[2021-03-17 07:30:36]cl_getDriver.py(127): click_Success->//*[@id="base_box"]/div/div[3]/form/button
[2021-03-17 07:30:39]cl_getDriver.py(127): click_Success->//*[@id="base_box"]/div/div[3]/form/button
[2021-03-17 07:30:39]cl_getDriver.py(127): click_Success->//*[@id="base_box"]/div/div[3]/form/button
[2021-03-17 07:30:39]cl_getDriver.py(72): Open NewTab->https://kabuoji3.com/stock/4208/2003/
[2021-03-17 07:30:39]cl_getDriver.py(72): Open NewTab->https://kabuoji3.com/stock/4206/1993/
[2021-03-17 07:30:41]cl_getDriver.py(127): click_Success->//*[@id="base_box"]/div/div[3]/form/button
[2021-03-17 07:30:41]cl_getDriver.py(127): click_Success->//*[@id="base_box"]/div/div[3]/form/button
[2021-03-17 07:30:43]cl_getDriver.py(127): click_Success->//*[@id="base_box"]/div/div[3]/form/button
[2021-03-17 07:30:43]cl_getDriver.py(127): click_Success->//*[@id="base_box"]/div/div[3]/form/button
[2021-03-17 07:30:44]cl_getDriver.py(72): Open NewTab->https://kabuoji3.com/stock/4208/2002/
[2021-03-17 07:30:44]cl_getDriver.py(72): Open NewTab->https://kabuoji3.com/stock/4206/1992/
[2021-03-17 07:30:45]cl_getDriver.py(127): click_Success->//*[@id="base_box"]/div/div[3]/form/button
[2021-03-17 07:30:45]cl_getDriver.py(127): click_Success->//*[@id="base_box"]/div/div[3]/form/button
[2021-03-17 07:30:48]cl_getDriver.py(127): click_Success->//*[@id="base_box"]/div/div[3]/form/button
[2021-03-17 07:30:48]cl_getDriver.py(127): click_Success->//*[@id="base_box"]/div/div[3]/form/button
[2021-03-17 07:30:48]cl_getDriver.py(72): Open NewTab->https://kabuoji3.com/stock/4208/2001/
[2021-03-17 07:30:48]cl_getDriver.py(72): Open NewTab->https://kabuoji3.com/stock/4206/1991/
[2021-03-17 07:30:49]cl_getDriver.py(127): click_Success->//*[@id="base_box"]/div/div[3]/form/button
[2021-03-17 07:30:50]cl_getDriver.py(127): click_Success->//*[@id="base_box"]/div/div[3]/form/button
[2021-03-17 07:30:52]cl_getDriver.py(127): click_Success->//*[@id="base_box"]/div/div[3]/form/button
[2021-03-17 07:30:52]cl_getDriver.py(127): click_Success->//*[@id="base_box"]/div/div[3]/form/button
[2021-03-17 07:30:52]cl_getDriver.py(72): Open NewTab->https://kabuoji3.com/stock/4206/1990/
[2021-03-17 07:30:53]cl_getDriver.py(72): Open NewTab->https://kabuoji3.com/stock/4208/2000/
[2021-03-17 07:30:54]cl_getDriver.py(127): click_Success->//*[@id="base_box"]/div/div[3]/form/button
[2021-03-17 07:30:54]cl_getDriver.py(127): click_Success->//*[@id="base_box"]/div/div[3]/form/button
[2021-03-17 07:30:56]cl_getDriver.py(127): click_Success->//*[@id="base_box"]/div/div[3]/form/button
[2021-03-17 07:30:56]cl_getDriver.py(127): click_Success->//*[@id="base_box"]/div/div[3]/form/button
[2021-03-17 07:30:57]cl_getDriver.py(72): Open NewTab->https://kabuoji3.com/stock/4206/1989/
[2021-03-17 07:30:57]cl_getDriver.py(72): Open NewTab->https://kabuoji3.com/stock/4208/1999/
[2021-03-17 07:30:58]cl_getDriver.py(127): click_Success->//*[@id="base_box"]/div/div[3]/form/button
[2021-03-17 07:30:58]cl_getDriver.py(127): click_Success->//*[@id="base_box"]/div/div[3]/form/button
[2021-03-17 07:31:00]cl_getDriver.py(127): click_Success->//*[@id="base_box"]/div/div[3]/form/button
[2021-03-17 07:31:01]cl_getDriver.py(127): click_Success->//*[@id="base_box"]/div/div[3]/form/button
[2021-03-17 07:31:01]cl_getDriver.py(72): Open NewTab->https://kabuoji3.com/stock/4206/1988/
[2021-03-17 07:31:01]cl_getDriver.py(72): Open NewTab->https://kabuoji3.com/stock/4208/1998/
[2021-03-17 07:31:03]cl_getDriver.py(127): click_Success->//*[@id="base_box"]/div/div[3]/form/button
[2021-03-17 07:31:03]cl_getDriver.py(127): click_Success->//*[@id="base_box"]/div/div[3]/form/button
[2021-03-17 07:31:05]cl_getDriver.py(127): click_Success->//*[@id="base_box"]/div/div[3]/form/button
[2021-03-17 07:31:05]cl_getDriver.py(127): click_Success->//*[@id="base_box"]/div/div[3]/form/button
[2021-03-17 07:31:06]cl_getDriver.py(72): Open NewTab->https://kabuoji3.com/stock/4208/1997/
[2021-03-17 07:31:06]cl_getDriver.py(72): Open NewTab->https://kabuoji3.com/stock/4206/1987/
[2021-03-17 07:31:07]cl_getDriver.py(127): click_Success->//*[@id="base_box"]/div/div[3]/form/button
[2021-03-17 07:31:07]cl_getDriver.py(127): click_Success->//*[@id="base_box"]/div/div[3]/form/button
[2021-03-17 07:31:09]cl_getDriver.py(127): click_Success->//*[@id="base_box"]/div/div[3]/form/button
[2021-03-17 07:31:10]cl_getDriver.py(127): click_Success->//*[@id="base_box"]/div/div[3]/form/button
[2021-03-17 07:31:10]cl_getDriver.py(72): Open NewTab->https://kabuoji3.com/stock/4206/1986/
[2021-03-17 07:31:10]cl_getDriver.py(72): Open NewTab->https://kabuoji3.com/stock/4208/1996/
[2021-03-17 07:31:11]cl_getDriver.py(127): click_Success->//*[@id="base_box"]/div/div[3]/form/button
[2021-03-17 07:31:12]cl_getDriver.py(127): click_Success->//*[@id="base_box"]/div/div[3]/form/button
[2021-03-17 07:31:14]cl_getDriver.py(127): click_Success->//*[@id="base_box"]/div/div[3]/form/button
[2021-03-17 07:31:14]cl_getDriver.py(127): click_Success->//*[@id="base_box"]/div/div[3]/form/button
[2021-03-17 07:31:14]cl_getDriver.py(72): Open NewTab->https://kabuoji3.com/stock/4208/1995/
[2021-03-17 07:31:14]cl_getDriver.py(72): Open NewTab->https://kabuoji3.com/stock/4206/1985/
[2021-03-17 07:31:16]cl_getDriver.py(127): click_Success->//*[@id="base_box"]/div/div[3]/form/button
[2021-03-17 07:31:16]cl_getDriver.py(127): click_Success->//*[@id="base_box"]/div/div[3]/form/button
[2021-03-17 07:31:18]cl_getDriver.py(127): click_Success->//*[@id="base_box"]/div/div[3]/form/button
[2021-03-17 07:31:18]cl_getDriver.py(127): click_Success->//*[@id="base_box"]/div/div[3]/form/button
[2021-03-17 07:31:19]cl_getDriver.py(72): Open NewTab->https://kabuoji3.com/stock/4206/1984/
[2021-03-17 07:31:19]cl_getDriver.py(72): Open NewTab->https://kabuoji3.com/stock/4208/1994/
[2021-03-17 07:31:20]cl_getDriver.py(127): click_Success->//*[@id="base_box"]/div/div[3]/form/button
[2021-03-17 07:31:20]cl_getDriver.py(127): click_Success->//*[@id="base_box"]/div/div[3]/form/button
[2021-03-17 07:31:23]cl_getDriver.py(127): click_Success->//*[@id="base_box"]/div/div[3]/form/button
[2021-03-17 07:31:23]cl_getDriver.py(72): Open NewTab->https://kabuoji3.com/stock/4206/1983/
[2021-03-17 07:31:23]cl_getDriver.py(127): click_Success->//*[@id="base_box"]/div/div[3]/form/button
[2021-03-17 07:31:23]cl_getDriver.py(72): Open NewTab->https://kabuoji3.com/stock/4208/1993/
[2021-03-17 07:31:24]cl_getDriver.py(127): click_Success->//*[@id="base_box"]/div/div[3]/form/button
[2021-03-17 07:31:25]cl_getDriver.py(127): click_Success->//*[@id="base_box"]/div/div[3]/form/button
[2021-03-17 07:31:26]cl_getDriver.py(127): click_Success->//*[@id="base_box"]/div/div[3]/form/button
[2021-03-17 07:31:27]cl_getDriver.py(127): click_Success->//*[@id="base_box"]/div/div[3]/form/button
[2021-03-17 07:31:27]cl_getDriver.py(72): Open NewTab->https://kabuoji3.com/stock/4208/1992/
[2021-03-17 07:31:28]cl_getDriver.py(127): click_Success->//*[@id="base_box"]/div/div[3]/form/button
[2021-03-17 07:31:30]cl_getDriver.py(127): click_Success->//*[@id="base_box"]/div/div[3]/form/button
[2021-03-17 07:31:31]main.py(42): finished Process->https://kabuoji3.com/stock/4206/
[2021-03-17 07:31:31]main.py(15): start_Process->https://kabuoji3.com/stock/4212/
[2021-03-17 07:31:31]cl_getDriver.py(72): Open NewTab->https://kabuoji3.com/stock/4208/1991/
[2021-03-17 07:31:32]cl_getDriver.py(127): click_Success->//*[@id="base_box"]/div/div[3]/form/button
[2021-03-17 07:31:34]cl_getDriver.py(127): click_Success->//*[@id="base_box"]/div/div[3]/form/button
[2021-03-17 07:31:34]cl_getDriver.py(72): Open NewTab->https://kabuoji3.com/stock/4208/1990/
[2021-03-17 07:31:36]cl_getDriver.py(127): click_Success->//*[@id="base_box"]/div/div[3]/form/button
[2021-03-17 07:31:36]cl_getDriver.py(64): getURL=https://kabuoji3.com/stock/4212/
[2021-03-17 07:31:36]cl_getDriver.py(72): Open NewTab->https://kabuoji3.com/stock/4212/
[2021-03-17 07:31:37]cl_getDriver.py(130): Not Found->//*[@id="base_box"]/div/div[3]/form/button
[2021-03-17 07:31:38]cl_getDriver.py(127): click_Success->//*[@id="base_box"]/div/div[3]/form/button
[2021-03-17 07:31:38]cl_getDriver.py(72): Open NewTab->https://kabuoji3.com/stock/4208/1989/
[2021-03-17 07:31:39]cl_getDriver.py(130): Not Found->//*[@id="base_box"]/div/div[3]/form/button
[2021-03-17 07:31:39]cl_getDriver.py(72): Open NewTab->https://kabuoji3.com/stock/4212/2021/
[2021-03-17 07:31:39]cl_getDriver.py(127): click_Success->//*[@id="base_box"]/div/div[3]/form/button
[2021-03-17 07:31:40]cl_getDriver.py(127): click_Success->//*[@id="base_box"]/div/div[3]/form/button
[2021-03-17 07:31:42]cl_getDriver.py(127): click_Success->//*[@id="base_box"]/div/div[3]/form/button
[2021-03-17 07:31:42]cl_getDriver.py(72): Open NewTab->https://kabuoji3.com/stock/4208/1988/
[2021-03-17 07:31:43]cl_getDriver.py(127): click_Success->//*[@id="base_box"]/div/div[3]/form/button
[2021-03-17 07:31:43]cl_getDriver.py(72): Open NewTab->https://kabuoji3.com/stock/4212/2020/
[2021-03-17 07:31:43]cl_getDriver.py(127): click_Success->//*[@id="base_box"]/div/div[3]/form/button
[2021-03-17 07:31:44]cl_getDriver.py(127): click_Success->//*[@id="base_box"]/div/div[3]/form/button
[2021-03-17 07:31:46]cl_getDriver.py(127): click_Success->//*[@id="base_box"]/div/div[3]/form/button
[2021-03-17 07:31:46]cl_getDriver.py(72): Open NewTab->https://kabuoji3.com/stock/4208/1987/
[2021-03-17 07:31:47]cl_getDriver.py(127): click_Success->//*[@id="base_box"]/div/div[3]/form/button
[2021-03-17 07:31:47]cl_getDriver.py(72): Open NewTab->https://kabuoji3.com/stock/4212/2019/
[2021-03-17 07:31:48]cl_getDriver.py(127): click_Success->//*[@id="base_box"]/div/div[3]/form/button
[2021-03-17 07:31:48]cl_getDriver.py(127): click_Success->//*[@id="base_box"]/div/div[3]/form/button
[2021-03-17 07:31:50]cl_getDriver.py(127): click_Success->//*[@id="base_box"]/div/div[3]/form/button
[2021-03-17 07:31:50]cl_getDriver.py(72): Open NewTab->https://kabuoji3.com/stock/4208/1986/
[2021-03-17 07:31:51]cl_getDriver.py(127): click_Success->//*[@id="base_box"]/div/div[3]/form/button
[2021-03-17 07:31:51]cl_getDriver.py(72): Open NewTab->https://kabuoji3.com/stock/4212/2018/
[2021-03-17 07:31:52]cl_getDriver.py(127): click_Success->//*[@id="base_box"]/div/div[3]/form/button
[2021-03-17 07:31:52]cl_getDriver.py(127): click_Success->//*[@id="base_box"]/div/div[3]/form/button
[2021-03-17 07:31:54]cl_getDriver.py(127): click_Success->//*[@id="base_box"]/div/div[3]/form/button
[2021-03-17 07:31:54]cl_getDriver.py(72): Open NewTab->https://kabuoji3.com/stock/4208/1985/
[2021-03-17 07:31:55]cl_getDriver.py(127): click_Success->//*[@id="base_box"]/div/div[3]/form/button
[2021-03-17 07:31:55]cl_getDriver.py(72): Open NewTab->https://kabuoji3.com/stock/4212/2017/
[2021-03-17 07:31:56]cl_getDriver.py(127): click_Success->//*[@id="base_box"]/div/div[3]/form/button
[2021-03-17 07:31:56]cl_getDriver.py(127): click_Success->//*[@id="base_box"]/div/div[3]/form/button
[2021-03-17 07:31:58]cl_getDriver.py(127): click_Success->//*[@id="base_box"]/div/div[3]/form/button
[2021-03-17 07:31:59]cl_getDriver.py(127): click_Success->//*[@id="base_box"]/div/div[3]/form/button
[2021-03-17 07:31:59]cl_getDriver.py(72): Open NewTab->https://kabuoji3.com/stock/4208/1984/
[2021-03-17 07:31:59]cl_getDriver.py(72): Open NewTab->https://kabuoji3.com/stock/4212/2016/
[2021-03-17 07:32:00]cl_getDriver.py(127): click_Success->//*[@id="base_box"]/div/div[3]/form/button
[2021-03-17 07:32:01]cl_getDriver.py(127): click_Success->//*[@id="base_box"]/div/div[3]/form/button
[2021-03-17 07:32:03]cl_getDriver.py(127): click_Success->//*[@id="base_box"]/div/div[3]/form/button
[2021-03-17 07:32:03]cl_getDriver.py(127): click_Success->//*[@id="base_box"]/div/div[3]/form/button
[2021-03-17 07:32:03]cl_getDriver.py(72): Open NewTab->https://kabuoji3.com/stock/4208/1983/
[2021-03-17 07:32:03]cl_getDriver.py(72): Open NewTab->https://kabuoji3.com/stock/4212/2015/
[2021-03-17 07:32:04]cl_getDriver.py(127): click_Success->//*[@id="base_box"]/div/div[3]/form/button
[2021-03-17 07:32:05]cl_getDriver.py(127): click_Success->//*[@id="base_box"]/div/div[3]/form/button
[2021-03-17 07:32:07]cl_getDriver.py(127): click_Success->//*[@id="base_box"]/div/div[3]/form/button
[2021-03-17 07:32:07]cl_getDriver.py(127): click_Success->//*[@id="base_box"]/div/div[3]/form/button
[2021-03-17 07:32:07]cl_getDriver.py(72): Open NewTab->https://kabuoji3.com/stock/4212/2014/
[2021-03-17 07:32:08]cl_getDriver.py(127): click_Success->//*[@id="base_box"]/div/div[3]/form/button
[2021-03-17 07:32:10]main.py(42): finished Process->https://kabuoji3.com/stock/4208/
[2021-03-17 07:32:10]main.py(15): start_Process->https://kabuoji3.com/stock/4215/
[2021-03-17 07:32:11]cl_getDriver.py(127): click_Success->//*[@id="base_box"]/div/div[3]/form/button
[2021-03-17 07:32:11]cl_getDriver.py(72): Open NewTab->https://kabuoji3.com/stock/4212/2013/
[2021-03-17 07:32:12]cl_getDriver.py(127): click_Success->//*[@id="base_box"]/div/div[3]/form/button
[2021-03-17 07:32:15]cl_getDriver.py(127): click_Success->//*[@id="base_box"]/div/div[3]/form/button
[2021-03-17 07:32:15]cl_getDriver.py(72): Open NewTab->https://kabuoji3.com/stock/4212/2012/
[2021-03-17 07:32:16]cl_getDriver.py(64): getURL=https://kabuoji3.com/stock/4215/
[2021-03-17 07:32:16]cl_getDriver.py(127): click_Success->//*[@id="base_box"]/div/div[3]/form/button
[2021-03-17 07:32:17]cl_getDriver.py(72): Open NewTab->https://kabuoji3.com/stock/4215/
[2021-03-17 07:32:17]cl_getDriver.py(130): Not Found->//*[@id="base_box"]/div/div[3]/form/button
[2021-03-17 07:32:19]cl_getDriver.py(127): click_Success->//*[@id="base_box"]/div/div[3]/form/button
[2021-03-17 07:32:19]cl_getDriver.py(72): Open NewTab->https://kabuoji3.com/stock/4212/2011/
[2021-03-17 07:32:19]cl_getDriver.py(130): Not Found->//*[@id="base_box"]/div/div[3]/form/button
[2021-03-17 07:32:20]cl_getDriver.py(72): Open NewTab->https://kabuoji3.com/stock/4215/2021/
[2021-03-17 07:32:21]cl_getDriver.py(127): click_Success->//*[@id="base_box"]/div/div[3]/form/button
[2021-03-17 07:32:21]cl_getDriver.py(127): click_Success->//*[@id="base_box"]/div/div[3]/form/button
[2021-03-17 07:32:23]cl_getDriver.py(127): click_Success->//*[@id="base_box"]/div/div[3]/form/button
[2021-03-17 07:32:23]cl_getDriver.py(127): click_Success->//*[@id="base_box"]/div/div[3]/form/button
[2021-03-17 07:32:24]cl_getDriver.py(72): Open NewTab->https://kabuoji3.com/stock/4212/2010/
[2021-03-17 07:32:24]cl_getDriver.py(72): Open NewTab->https://kabuoji3.com/stock/4215/2020/
[2021-03-17 07:32:25]cl_getDriver.py(127): click_Success->//*[@id="base_box"]/div/div[3]/form/button
[2021-03-17 07:32:25]cl_getDriver.py(127): click_Success->//*[@id="base_box"]/div/div[3]/form/button
[2021-03-17 07:32:27]cl_getDriver.py(127): click_Success->//*[@id="base_box"]/div/div[3]/form/button
[2021-03-17 07:32:27]cl_getDriver.py(127): click_Success->//*[@id="base_box"]/div/div[3]/form/button
[2021-03-17 07:32:28]cl_getDriver.py(72): Open NewTab->https://kabuoji3.com/stock/4212/2009/
[2021-03-17 07:32:28]cl_getDriver.py(72): Open NewTab->https://kabuoji3.com/stock/4215/2019/
[2021-03-17 07:32:29]cl_getDriver.py(127): click_Success->//*[@id="base_box"]/div/div[3]/form/button
[2021-03-17 07:32:29]cl_getDriver.py(127): click_Success->//*[@id="base_box"]/div/div[3]/form/button
[2021-03-17 07:32:32]cl_getDriver.py(127): click_Success->//*[@id="base_box"]/div/div[3]/form/button
[2021-03-17 07:32:32]cl_getDriver.py(127): click_Success->//*[@id="base_box"]/div/div[3]/form/button
[2021-03-17 07:32:32]cl_getDriver.py(72): Open NewTab->https://kabuoji3.com/stock/4212/2008/
[2021-03-17 07:32:32]cl_getDriver.py(72): Open NewTab->https://kabuoji3.com/stock/4215/2018/
[2021-03-17 07:32:34]cl_getDriver.py(127): click_Success->//*[@id="base_box"]/div/div[3]/form/button
[2021-03-17 07:32:34]cl_getDriver.py(127): click_Success->//*[@id="base_box"]/div/div[3]/form/button
[2021-03-17 07:32:36]cl_getDriver.py(127): click_Success->//*[@id="base_box"]/div/div[3]/form/button
[2021-03-17 07:32:36]cl_getDriver.py(127): click_Success->//*[@id="base_box"]/div/div[3]/form/button
[2021-03-17 07:32:37]cl_getDriver.py(72): Open NewTab->https://kabuoji3.com/stock/4212/2007/
[2021-03-17 07:32:37]cl_getDriver.py(72): Open NewTab->https://kabuoji3.com/stock/4215/2017/
[2021-03-17 07:32:38]cl_getDriver.py(127): click_Success->//*[@id="base_box"]/div/div[3]/form/button
[2021-03-17 07:32:38]cl_getDriver.py(127): click_Success->//*[@id="base_box"]/div/div[3]/form/button
[2021-03-17 07:32:41]cl_getDriver.py(127): click_Success->//*[@id="base_box"]/div/div[3]/form/button
[2021-03-17 07:32:41]cl_getDriver.py(127): click_Success->//*[@id="base_box"]/div/div[3]/form/button
[2021-03-17 07:32:41]cl_getDriver.py(72): Open NewTab->https://kabuoji3.com/stock/4215/2016/
[2021-03-17 07:32:41]cl_getDriver.py(72): Open NewTab->https://kabuoji3.com/stock/4212/2006/
[2021-03-17 07:32:43]cl_getDriver.py(127): click_Success->//*[@id="base_box"]/div/div[3]/form/button
[2021-03-17 07:32:43]cl_getDriver.py(127): click_Success->//*[@id="base_box"]/div/div[3]/form/button
[2021-03-17 07:32:45]cl_getDriver.py(127): click_Success->//*[@id="base_box"]/div/div[3]/form/button
[2021-03-17 07:32:45]cl_getDriver.py(127): click_Success->//*[@id="base_box"]/div/div[3]/form/button
[2021-03-17 07:32:45]cl_getDriver.py(72): Open NewTab->https://kabuoji3.com/stock/4215/2015/
[2021-03-17 07:32:46]cl_getDriver.py(72): Open NewTab->https://kabuoji3.com/stock/4212/2005/
[2021-03-17 07:32:47]cl_getDriver.py(127): click_Success->//*[@id="base_box"]/div/div[3]/form/button
[2021-03-17 07:32:47]cl_getDriver.py(127): click_Success->//*[@id="base_box"]/div/div[3]/form/button
[2021-03-17 07:32:49]cl_getDriver.py(127): click_Success->//*[@id="base_box"]/div/div[3]/form/button
[2021-03-17 07:32:49]cl_getDriver.py(72): Open NewTab->https://kabuoji3.com/stock/4215/2014/
[2021-03-17 07:32:50]cl_getDriver.py(127): click_Success->//*[@id="base_box"]/div/div[3]/form/button
[2021-03-17 07:32:50]cl_getDriver.py(72): Open NewTab->https://kabuoji3.com/stock/4212/2004/
[2021-03-17 07:32:51]cl_getDriver.py(127): click_Success->//*[@id="base_box"]/div/div[3]/form/button
[2021-03-17 07:32:51]cl_getDriver.py(127): click_Success->//*[@id="base_box"]/div/div[3]/form/button
[2021-03-17 07:32:53]cl_getDriver.py(127): click_Success->//*[@id="base_box"]/div/div[3]/form/button
[2021-03-17 07:32:53]cl_getDriver.py(72): Open NewTab->https://kabuoji3.com/stock/4215/2013/
[2021-03-17 07:32:54]cl_getDriver.py(127): click_Success->//*[@id="base_box"]/div/div[3]/form/button
[2021-03-17 07:32:54]cl_getDriver.py(72): Open NewTab->https://kabuoji3.com/stock/4212/2003/
[2021-03-17 07:32:55]cl_getDriver.py(127): click_Success->//*[@id="base_box"]/div/div[3]/form/button
[2021-03-17 07:32:55]cl_getDriver.py(127): click_Success->//*[@id="base_box"]/div/div[3]/form/button
[2021-03-17 07:32:57]cl_getDriver.py(127): click_Success->//*[@id="base_box"]/div/div[3]/form/button
[2021-03-17 07:32:58]cl_getDriver.py(72): Open NewTab->https://kabuoji3.com/stock/4215/2012/
[2021-03-17 07:32:58]cl_getDriver.py(127): click_Success->//*[@id="base_box"]/div/div[3]/form/button
[2021-03-17 07:32:58]cl_getDriver.py(72): Open NewTab->https://kabuoji3.com/stock/4212/2002/
[2021-03-17 07:32:59]cl_getDriver.py(127): click_Success->//*[@id="base_box"]/div/div[3]/form/button
[2021-03-17 07:33:00]cl_getDriver.py(127): click_Success->//*[@id="base_box"]/div/div[3]/form/button
[2021-03-17 07:33:01]cl_getDriver.py(127): click_Success->//*[@id="base_box"]/div/div[3]/form/button
[2021-03-17 07:33:02]cl_getDriver.py(72): Open NewTab->https://kabuoji3.com/stock/4215/2011/
[2021-03-17 07:33:02]cl_getDriver.py(127): click_Success->//*[@id="base_box"]/div/div[3]/form/button
[2021-03-17 07:33:02]cl_getDriver.py(72): Open NewTab->https://kabuoji3.com/stock/4212/2001/
[2021-03-17 07:33:03]cl_getDriver.py(127): click_Success->//*[@id="base_box"]/div/div[3]/form/button
[2021-03-17 07:33:04]cl_getDriver.py(127): click_Success->//*[@id="base_box"]/div/div[3]/form/button
[2021-03-17 07:33:05]cl_getDriver.py(127): click_Success->//*[@id="base_box"]/div/div[3]/form/button
[2021-03-17 07:33:06]cl_getDriver.py(72): Open NewTab->https://kabuoji3.com/stock/4215/2010/
[2021-03-17 07:33:06]cl_getDriver.py(127): click_Success->//*[@id="base_box"]/div/div[3]/form/button
[2021-03-17 07:33:06]cl_getDriver.py(72): Open NewTab->https://kabuoji3.com/stock/4212/2000/
[2021-03-17 07:33:07]cl_getDriver.py(127): click_Success->//*[@id="base_box"]/div/div[3]/form/button
[2021-03-17 07:33:08]cl_getDriver.py(127): click_Success->//*[@id="base_box"]/div/div[3]/form/button
[2021-03-17 07:33:10]cl_getDriver.py(127): click_Success->//*[@id="base_box"]/div/div[3]/form/button
[2021-03-17 07:33:10]cl_getDriver.py(127): click_Success->//*[@id="base_box"]/div/div[3]/form/button
[2021-03-17 07:33:10]cl_getDriver.py(72): Open NewTab->https://kabuoji3.com/stock/4215/2009/
[2021-03-17 07:33:10]cl_getDriver.py(72): Open NewTab->https://kabuoji3.com/stock/4212/1999/
[2021-03-17 07:33:12]cl_getDriver.py(127): click_Success->//*[@id="base_box"]/div/div[3]/form/button
[2021-03-17 07:33:12]cl_getDriver.py(127): click_Success->//*[@id="base_box"]/div/div[3]/form/button
[2021-03-17 07:33:14]cl_getDriver.py(127): click_Success->//*[@id="base_box"]/div/div[3]/form/button
[2021-03-17 07:33:14]cl_getDriver.py(127): click_Success->//*[@id="base_box"]/div/div[3]/form/button
[2021-03-17 07:33:14]cl_getDriver.py(72): Open NewTab->https://kabuoji3.com/stock/4215/2008/
[2021-03-17 07:33:15]cl_getDriver.py(72): Open NewTab->https://kabuoji3.com/stock/4212/1998/
[2021-03-17 07:33:16]cl_getDriver.py(127): click_Success->//*[@id="base_box"]/div/div[3]/form/button
[2021-03-17 07:33:16]cl_getDriver.py(127): click_Success->//*[@id="base_box"]/div/div[3]/form/button
[2021-03-17 07:33:18]cl_getDriver.py(127): click_Success->//*[@id="base_box"]/div/div[3]/form/button
[2021-03-17 07:33:18]cl_getDriver.py(127): click_Success->//*[@id="base_box"]/div/div[3]/form/button
[2021-03-17 07:33:19]cl_getDriver.py(72): Open NewTab->https://kabuoji3.com/stock/4215/2007/
[2021-03-17 07:33:19]cl_getDriver.py(72): Open NewTab->https://kabuoji3.com/stock/4212/1997/
[2021-03-17 07:33:20]cl_getDriver.py(127): click_Success->//*[@id="base_box"]/div/div[3]/form/button
[2021-03-17 07:33:21]cl_getDriver.py(127): click_Success->//*[@id="base_box"]/div/div[3]/form/button
[2021-03-17 07:33:23]cl_getDriver.py(127): click_Success->//*[@id="base_box"]/div/div[3]/form/button
[2021-03-17 07:33:23]cl_getDriver.py(72): Open NewTab->https://kabuoji3.com/stock/4215/2006/
[2021-03-17 07:33:23]cl_getDriver.py(127): click_Success->//*[@id="base_box"]/div/div[3]/form/button
[2021-03-17 07:33:24]cl_getDriver.py(72): Open NewTab->https://kabuoji3.com/stock/4212/1996/
[2021-03-17 07:33:24]cl_getDriver.py(127): click_Success->//*[@id="base_box"]/div/div[3]/form/button
[2021-03-17 07:33:26]cl_getDriver.py(127): click_Success->//*[@id="base_box"]/div/div[3]/form/button
[2021-03-17 07:33:27]cl_getDriver.py(127): click_Success->//*[@id="base_box"]/div/div[3]/form/button
[2021-03-17 07:33:27]cl_getDriver.py(72): Open NewTab->https://kabuoji3.com/stock/4215/2005/
[2021-03-17 07:33:28]cl_getDriver.py(127): click_Success->//*[@id="base_box"]/div/div[3]/form/button
[2021-03-17 07:33:28]cl_getDriver.py(72): Open NewTab->https://kabuoji3.com/stock/4212/1995/
[2021-03-17 07:33:29]cl_getDriver.py(127): click_Success->//*[@id="base_box"]/div/div[3]/form/button
[2021-03-17 07:33:30]cl_getDriver.py(127): click_Success->//*[@id="base_box"]/div/div[3]/form/button
[2021-03-17 07:33:31]cl_getDriver.py(127): click_Success->//*[@id="base_box"]/div/div[3]/form/button
[2021-03-17 07:33:31]cl_getDriver.py(72): Open NewTab->https://kabuoji3.com/stock/4215/2004/
[2021-03-17 07:33:32]cl_getDriver.py(127): click_Success->//*[@id="base_box"]/div/div[3]/form/button
[2021-03-17 07:33:32]cl_getDriver.py(127): click_Success->//*[@id="base_box"]/div/div[3]/form/button
[2021-03-17 07:33:32]cl_getDriver.py(72): Open NewTab->https://kabuoji3.com/stock/4212/1994/
[2021-03-17 07:33:33]cl_getDriver.py(127): click_Success->//*[@id="base_box"]/div/div[3]/form/button
[2021-03-17 07:33:35]cl_getDriver.py(127): click_Success->//*[@id="base_box"]/div/div[3]/form/button
[2021-03-17 07:33:35]cl_getDriver.py(72): Open NewTab->https://kabuoji3.com/stock/4215/2003/
[2021-03-17 07:33:36]cl_getDriver.py(127): click_Success->//*[@id="base_box"]/div/div[3]/form/button
[2021-03-17 07:33:36]cl_getDriver.py(72): Open NewTab->https://kabuoji3.com/stock/4212/1993/
[2021-03-17 07:33:36]cl_getDriver.py(127): click_Success->//*[@id="base_box"]/div/div[3]/form/button
[2021-03-17 07:33:37]cl_getDriver.py(127): click_Success->//*[@id="base_box"]/div/div[3]/form/button
[2021-03-17 07:33:39]cl_getDriver.py(127): click_Success->//*[@id="base_box"]/div/div[3]/form/button
[2021-03-17 07:33:39]cl_getDriver.py(72): Open NewTab->https://kabuoji3.com/stock/4215/2002/
[2021-03-17 07:33:40]cl_getDriver.py(127): click_Success->//*[@id="base_box"]/div/div[3]/form/button
[2021-03-17 07:33:40]cl_getDriver.py(72): Open NewTab->https://kabuoji3.com/stock/4212/1992/
[2021-03-17 07:33:40]cl_getDriver.py(127): click_Success->//*[@id="base_box"]/div/div[3]/form/button
[2021-03-17 07:33:41]cl_getDriver.py(127): click_Success->//*[@id="base_box"]/div/div[3]/form/button
[2021-03-17 07:33:42]cl_getDriver.py(127): click_Success->//*[@id="base_box"]/div/div[3]/form/button
[2021-03-17 07:33:43]cl_getDriver.py(72): Open NewTab->https://kabuoji3.com/stock/4215/2001/
[2021-03-17 07:33:43]cl_getDriver.py(127): click_Success->//*[@id="base_box"]/div/div[3]/form/button
[2021-03-17 07:33:44]cl_getDriver.py(72): Open NewTab->https://kabuoji3.com/stock/4212/1991/
[2021-03-17 07:33:44]cl_getDriver.py(127): click_Success->//*[@id="base_box"]/div/div[3]/form/button
[2021-03-17 07:33:45]cl_getDriver.py(127): click_Success->//*[@id="base_box"]/div/div[3]/form/button
[2021-03-17 07:33:46]cl_getDriver.py(127): click_Success->//*[@id="base_box"]/div/div[3]/form/button
[2021-03-17 07:33:47]cl_getDriver.py(72): Open NewTab->https://kabuoji3.com/stock/4215/2000/
[2021-03-17 07:33:47]cl_getDriver.py(127): click_Success->//*[@id="base_box"]/div/div[3]/form/button
[2021-03-17 07:33:48]cl_getDriver.py(72): Open NewTab->https://kabuoji3.com/stock/4212/1990/
[2021-03-17 07:33:48]cl_getDriver.py(127): click_Success->//*[@id="base_box"]/div/div[3]/form/button
[2021-03-17 07:33:50]cl_getDriver.py(127): click_Success->//*[@id="base_box"]/div/div[3]/form/button
[2021-03-17 07:33:50]cl_getDriver.py(127): click_Success->//*[@id="base_box"]/div/div[3]/form/button
[2021-03-17 07:33:51]cl_getDriver.py(72): Open NewTab->https://kabuoji3.com/stock/4215/1999/
[2021-03-17 07:33:52]cl_getDriver.py(127): click_Success->//*[@id="base_box"]/div/div[3]/form/button
[2021-03-17 07:33:52]cl_getDriver.py(127): click_Success->//*[@id="base_box"]/div/div[3]/form/button
[2021-03-17 07:33:53]cl_getDriver.py(72): Open NewTab->https://kabuoji3.com/stock/4212/1989/
[2021-03-17 07:33:54]cl_getDriver.py(127): click_Success->//*[@id="base_box"]/div/div[3]/form/button
[2021-03-17 07:33:54]cl_getDriver.py(127): click_Success->//*[@id="base_box"]/div/div[3]/form/button
[2021-03-17 07:33:54]cl_getDriver.py(72): Open NewTab->https://kabuoji3.com/stock/4215/1998/
[2021-03-17 07:33:55]cl_getDriver.py(127): click_Success->//*[@id="base_box"]/div/div[3]/form/button
[2021-03-17 07:33:56]cl_getDriver.py(127): click_Success->//*[@id="base_box"]/div/div[3]/form/button
[2021-03-17 07:33:56]cl_getDriver.py(72): Open NewTab->https://kabuoji3.com/stock/4212/1988/
[2021-03-17 07:33:57]cl_getDriver.py(127): click_Success->//*[@id="base_box"]/div/div[3]/form/button
[2021-03-17 07:33:58]cl_getDriver.py(127): click_Success->//*[@id="base_box"]/div/div[3]/form/button
[2021-03-17 07:33:58]cl_getDriver.py(72): Open NewTab->https://kabuoji3.com/stock/4215/1997/
[2021-03-17 07:33:59]cl_getDriver.py(127): click_Success->//*[@id="base_box"]/div/div[3]/form/button
[2021-03-17 07:34:00]cl_getDriver.py(127): click_Success->//*[@id="base_box"]/div/div[3]/form/button
[2021-03-17 07:34:00]cl_getDriver.py(72): Open NewTab->https://kabuoji3.com/stock/4212/1987/
[2021-03-17 07:34:01]cl_getDriver.py(127): click_Success->//*[@id="base_box"]/div/div[3]/form/button
[2021-03-17 07:34:01]cl_getDriver.py(127): click_Success->//*[@id="base_box"]/div/div[3]/form/button
[2021-03-17 07:34:02]cl_getDriver.py(72): Open NewTab->https://kabuoji3.com/stock/4215/1996/
[2021-03-17 07:34:03]cl_getDriver.py(127): click_Success->//*[@id="base_box"]/div/div[3]/form/button
[2021-03-17 07:34:03]cl_getDriver.py(127): click_Success->//*[@id="base_box"]/div/div[3]/form/button
[2021-03-17 07:34:04]cl_getDriver.py(72): Open NewTab->https://kabuoji3.com/stock/4212/1986/
[2021-03-17 07:34:05]cl_getDriver.py(127): click_Success->//*[@id="base_box"]/div/div[3]/form/button
[2021-03-17 07:34:05]cl_getDriver.py(127): click_Success->//*[@id="base_box"]/div/div[3]/form/button
[2021-03-17 07:34:05]cl_getDriver.py(72): Open NewTab->https://kabuoji3.com/stock/4215/1995/
[2021-03-17 07:34:06]cl_getDriver.py(127): click_Success->//*[@id="base_box"]/div/div[3]/form/button
[2021-03-17 07:34:07]cl_getDriver.py(127): click_Success->//*[@id="base_box"]/div/div[3]/form/button
[2021-03-17 07:34:07]cl_getDriver.py(72): Open NewTab->https://kabuoji3.com/stock/4212/1985/
[2021-03-17 07:34:08]cl_getDriver.py(127): click_Success->//*[@id="base_box"]/div/div[3]/form/button
[2021-03-17 07:34:08]cl_getDriver.py(127): click_Success->//*[@id="base_box"]/div/div[3]/form/button
[2021-03-17 07:34:09]cl_getDriver.py(72): Open NewTab->https://kabuoji3.com/stock/4215/1994/
[2021-03-17 07:34:10]cl_getDriver.py(127): click_Success->//*[@id="base_box"]/div/div[3]/form/button
[2021-03-17 07:34:11]cl_getDriver.py(127): click_Success->//*[@id="base_box"]/div/div[3]/form/button
[2021-03-17 07:34:11]cl_getDriver.py(72): Open NewTab->https://kabuoji3.com/stock/4212/1984/
[2021-03-17 07:34:12]cl_getDriver.py(127): click_Success->//*[@id="base_box"]/div/div[3]/form/button
[2021-03-17 07:34:12]cl_getDriver.py(127): click_Success->//*[@id="base_box"]/div/div[3]/form/button
[2021-03-17 07:34:12]cl_getDriver.py(72): Open NewTab->https://kabuoji3.com/stock/4215/1993/
[2021-03-17 07:34:13]cl_getDriver.py(127): click_Success->//*[@id="base_box"]/div/div[3]/form/button
[2021-03-17 07:34:14]cl_getDriver.py(127): click_Success->//*[@id="base_box"]/div/div[3]/form/button
[2021-03-17 07:34:15]cl_getDriver.py(72): Open NewTab->https://kabuoji3.com/stock/4212/1983/
[2021-03-17 07:34:15]cl_getDriver.py(127): click_Success->//*[@id="base_box"]/div/div[3]/form/button
[2021-03-17 07:34:16]cl_getDriver.py(127): click_Success->//*[@id="base_box"]/div/div[3]/form/button
[2021-03-17 07:34:16]cl_getDriver.py(72): Open NewTab->https://kabuoji3.com/stock/4215/1992/
[2021-03-17 07:34:17]cl_getDriver.py(127): click_Success->//*[@id="base_box"]/div/div[3]/form/button
[2021-03-17 07:34:18]cl_getDriver.py(127): click_Success->//*[@id="base_box"]/div/div[3]/form/button
[2021-03-17 07:34:19]cl_getDriver.py(127): click_Success->//*[@id="base_box"]/div/div[3]/form/button
[2021-03-17 07:34:20]cl_getDriver.py(72): Open NewTab->https://kabuoji3.com/stock/4215/1991/
[2021-03-17 07:34:21]cl_getDriver.py(127): click_Success->//*[@id="base_box"]/div/div[3]/form/button
[2021-03-17 07:34:22]main.py(42): finished Process->https://kabuoji3.com/stock/4212/
[2021-03-17 07:34:22]main.py(15): start_Process->https://kabuoji3.com/stock/4216/
[2021-03-17 07:34:23]cl_getDriver.py(127): click_Success->//*[@id="base_box"]/div/div[3]/form/button
[2021-03-17 07:34:23]cl_getDriver.py(72): Open NewTab->https://kabuoji3.com/stock/4215/1990/
[2021-03-17 07:34:25]cl_getDriver.py(127): click_Success->//*[@id="base_box"]/div/div[3]/form/button
[2021-03-17 07:34:27]cl_getDriver.py(64): getURL=https://kabuoji3.com/stock/4216/
[2021-03-17 07:34:27]cl_getDriver.py(72): Open NewTab->https://kabuoji3.com/stock/4216/
[2021-03-17 07:34:28]cl_getDriver.py(127): click_Success->//*[@id="base_box"]/div/div[3]/form/button
[2021-03-17 07:34:28]cl_getDriver.py(72): Open NewTab->https://kabuoji3.com/stock/4215/1989/
[2021-03-17 07:34:28]cl_getDriver.py(130): Not Found->//*[@id="base_box"]/div/div[3]/form/button
[2021-03-17 07:34:29]cl_getDriver.py(127): click_Success->//*[@id="base_box"]/div/div[3]/form/button
[2021-03-17 07:34:30]cl_getDriver.py(130): Not Found->//*[@id="base_box"]/div/div[3]/form/button
[2021-03-17 07:34:31]cl_getDriver.py(72): Open NewTab->https://kabuoji3.com/stock/4216/2021/
[2021-03-17 07:34:32]cl_getDriver.py(127): click_Success->//*[@id="base_box"]/div/div[3]/form/button
[2021-03-17 07:34:32]cl_getDriver.py(127): click_Success->//*[@id="base_box"]/div/div[3]/form/button
[2021-03-17 07:34:32]cl_getDriver.py(72): Open NewTab->https://kabuoji3.com/stock/4215/1988/
[2021-03-17 07:34:33]cl_getDriver.py(127): click_Success->//*[@id="base_box"]/div/div[3]/form/button
[2021-03-17 07:34:34]cl_getDriver.py(127): click_Success->//*[@id="base_box"]/div/div[3]/form/button
[2021-03-17 07:34:35]cl_getDriver.py(72): Open NewTab->https://kabuoji3.com/stock/4216/2020/
[2021-03-17 07:34:35]cl_getDriver.py(127): click_Success->//*[@id="base_box"]/div/div[3]/form/button
[2021-03-17 07:34:36]cl_getDriver.py(72): Open NewTab->https://kabuoji3.com/stock/4215/1987/
[2021-03-17 07:34:36]cl_getDriver.py(127): click_Success->//*[@id="base_box"]/div/div[3]/form/button
[2021-03-17 07:34:37]cl_getDriver.py(127): click_Success->//*[@id="base_box"]/div/div[3]/form/button
[2021-03-17 07:34:38]cl_getDriver.py(127): click_Success->//*[@id="base_box"]/div/div[3]/form/button
[2021-03-17 07:34:39]cl_getDriver.py(72): Open NewTab->https://kabuoji3.com/stock/4216/2019/
[2021-03-17 07:34:39]cl_getDriver.py(127): click_Success->//*[@id="base_box"]/div/div[3]/form/button
[2021-03-17 07:34:40]cl_getDriver.py(72): Open NewTab->https://kabuoji3.com/stock/4215/1986/
[2021-03-17 07:34:40]cl_getDriver.py(127): click_Success->//*[@id="base_box"]/div/div[3]/form/button
[2021-03-17 07:34:41]cl_getDriver.py(127): click_Success->//*[@id="base_box"]/div/div[3]/form/button
[2021-03-17 07:34:42]cl_getDriver.py(127): click_Success->//*[@id="base_box"]/div/div[3]/form/button
[2021-03-17 07:34:43]cl_getDriver.py(72): Open NewTab->https://kabuoji3.com/stock/4216/2018/
[2021-03-17 07:34:43]cl_getDriver.py(127): click_Success->//*[@id="base_box"]/div/div[3]/form/button
[2021-03-17 07:34:43]cl_getDriver.py(72): Open NewTab->https://kabuoji3.com/stock/4215/1985/
[2021-03-17 07:34:44]cl_getDriver.py(127): click_Success->//*[@id="base_box"]/div/div[3]/form/button
[2021-03-17 07:34:44]cl_getDriver.py(127): click_Success->//*[@id="base_box"]/div/div[3]/form/button
[2021-03-17 07:34:46]cl_getDriver.py(127): click_Success->//*[@id="base_box"]/div/div[3]/form/button
[2021-03-17 07:34:46]cl_getDriver.py(72): Open NewTab->https://kabuoji3.com/stock/4216/2017/
[2021-03-17 07:34:47]cl_getDriver.py(127): click_Success->//*[@id="base_box"]/div/div[3]/form/button
[2021-03-17 07:34:47]cl_getDriver.py(72): Open NewTab->https://kabuoji3.com/stock/4215/1984/
[2021-03-17 07:34:48]cl_getDriver.py(127): click_Success->//*[@id="base_box"]/div/div[3]/form/button
[2021-03-17 07:34:48]cl_getDriver.py(127): click_Success->//*[@id="base_box"]/div/div[3]/form/button
[2021-03-17 07:34:50]cl_getDriver.py(127): click_Success->//*[@id="base_box"]/div/div[3]/form/button
[2021-03-17 07:34:51]cl_getDriver.py(72): Open NewTab->https://kabuoji3.com/stock/4216/2016/
[2021-03-17 07:34:51]cl_getDriver.py(127): click_Success->//*[@id="base_box"]/div/div[3]/form/button
[2021-03-17 07:34:51]cl_getDriver.py(72): Open NewTab->https://kabuoji3.com/stock/4215/1983/
[2021-03-17 07:34:52]cl_getDriver.py(127): click_Success->//*[@id="base_box"]/div/div[3]/form/button
[2021-03-17 07:34:52]cl_getDriver.py(127): click_Success->//*[@id="base_box"]/div/div[3]/form/button
[2021-03-17 07:34:54]cl_getDriver.py(127): click_Success->//*[@id="base_box"]/div/div[3]/form/button
[2021-03-17 07:34:55]cl_getDriver.py(127): click_Success->//*[@id="base_box"]/div/div[3]/form/button
[2021-03-17 07:34:55]cl_getDriver.py(72): Open NewTab->https://kabuoji3.com/stock/4216/2015/
[2021-03-17 07:34:56]cl_getDriver.py(127): click_Success->//*[@id="base_box"]/div/div[3]/form/button
[2021-03-17 07:34:58]main.py(42): finished Process->https://kabuoji3.com/stock/4215/
[2021-03-17 07:34:58]main.py(15): start_Process->https://kabuoji3.com/stock/4218/
[2021-03-17 07:34:58]cl_getDriver.py(127): click_Success->//*[@id="base_box"]/div/div[3]/form/button
[2021-03-17 07:34:59]cl_getDriver.py(72): Open NewTab->https://kabuoji3.com/stock/4216/2014/
[2021-03-17 07:35:02]cl_getDriver.py(127): click_Success->//*[@id="base_box"]/div/div[3]/form/button
[2021-03-17 07:35:04]cl_getDriver.py(127): click_Success->//*[@id="base_box"]/div/div[3]/form/button
[2021-03-17 07:35:05]cl_getDriver.py(64): getURL=https://kabuoji3.com/stock/4218/
[2021-03-17 07:35:05]cl_getDriver.py(72): Open NewTab->https://kabuoji3.com/stock/4216/2013/
[2021-03-17 07:35:05]cl_getDriver.py(72): Open NewTab->https://kabuoji3.com/stock/4218/
[2021-03-17 07:35:06]cl_getDriver.py(127): click_Success->//*[@id="base_box"]/div/div[3]/form/button
[2021-03-17 07:35:06]cl_getDriver.py(130): Not Found->//*[@id="base_box"]/div/div[3]/form/button
[2021-03-17 07:35:08]cl_getDriver.py(127): click_Success->//*[@id="base_box"]/div/div[3]/form/button
[2021-03-17 07:35:08]cl_getDriver.py(130): Not Found->//*[@id="base_box"]/div/div[3]/form/button
[2021-03-17 07:35:09]cl_getDriver.py(72): Open NewTab->https://kabuoji3.com/stock/4216/2012/
[2021-03-17 07:35:09]cl_getDriver.py(72): Open NewTab->https://kabuoji3.com/stock/4218/2021/
[2021-03-17 07:35:10]cl_getDriver.py(127): click_Success->//*[@id="base_box"]/div/div[3]/form/button
[2021-03-17 07:35:10]cl_getDriver.py(127): click_Success->//*[@id="base_box"]/div/div[3]/form/button
[2021-03-17 07:35:12]cl_getDriver.py(127): click_Success->//*[@id="base_box"]/div/div[3]/form/button
[2021-03-17 07:35:13]cl_getDriver.py(72): Open NewTab->https://kabuoji3.com/stock/4218/2020/
[2021-03-17 07:35:13]cl_getDriver.py(127): click_Success->//*[@id="base_box"]/div/div[3]/form/button
[2021-03-17 07:35:13]cl_getDriver.py(72): Open NewTab->https://kabuoji3.com/stock/4216/2011/
[2021-03-17 07:35:14]cl_getDriver.py(127): click_Success->//*[@id="base_box"]/div/div[3]/form/button
[2021-03-17 07:35:14]cl_getDriver.py(127): click_Success->//*[@id="base_box"]/div/div[3]/form/button
[2021-03-17 07:35:16]cl_getDriver.py(127): click_Success->//*[@id="base_box"]/div/div[3]/form/button
[2021-03-17 07:35:17]cl_getDriver.py(127): click_Success->//*[@id="base_box"]/div/div[3]/form/button
[2021-03-17 07:35:17]cl_getDriver.py(72): Open NewTab->https://kabuoji3.com/stock/4218/2019/
[2021-03-17 07:35:17]cl_getDriver.py(72): Open NewTab->https://kabuoji3.com/stock/4216/2010/
[2021-03-17 07:35:18]cl_getDriver.py(127): click_Success->//*[@id="base_box"]/div/div[3]/form/button
[2021-03-17 07:35:19]cl_getDriver.py(127): click_Success->//*[@id="base_box"]/div/div[3]/form/button
[2021-03-17 07:35:21]cl_getDriver.py(127): click_Success->//*[@id="base_box"]/div/div[3]/form/button
[2021-03-17 07:35:21]cl_getDriver.py(127): click_Success->//*[@id="base_box"]/div/div[3]/form/button
[2021-03-17 07:35:22]cl_getDriver.py(72): Open NewTab->https://kabuoji3.com/stock/4218/2018/
[2021-03-17 07:35:22]cl_getDriver.py(72): Open NewTab->https://kabuoji3.com/stock/4216/2009/
[2021-03-17 07:35:23]cl_getDriver.py(127): click_Success->//*[@id="base_box"]/div/div[3]/form/button
[2021-03-17 07:35:23]cl_getDriver.py(127): click_Success->//*[@id="base_box"]/div/div[3]/form/button
[2021-03-17 07:35:25]cl_getDriver.py(127): click_Success->//*[@id="base_box"]/div/div[3]/form/button
[2021-03-17 07:35:25]cl_getDriver.py(127): click_Success->//*[@id="base_box"]/div/div[3]/form/button
[2021-03-17 07:35:26]cl_getDriver.py(72): Open NewTab->https://kabuoji3.com/stock/4216/2008/
[2021-03-17 07:35:26]cl_getDriver.py(72): Open NewTab->https://kabuoji3.com/stock/4218/2017/
[2021-03-17 07:35:27]cl_getDriver.py(127): click_Success->//*[@id="base_box"]/div/div[3]/form/button
[2021-03-17 07:35:27]cl_getDriver.py(127): click_Success->//*[@id="base_box"]/div/div[3]/form/button
[2021-03-17 07:35:30]cl_getDriver.py(127): click_Success->//*[@id="base_box"]/div/div[3]/form/button
[2021-03-17 07:35:30]cl_getDriver.py(127): click_Success->//*[@id="base_box"]/div/div[3]/form/button
[2021-03-17 07:35:30]cl_getDriver.py(72): Open NewTab->https://kabuoji3.com/stock/4216/2007/
[2021-03-17 07:35:30]cl_getDriver.py(72): Open NewTab->https://kabuoji3.com/stock/4218/2016/
[2021-03-17 07:35:32]cl_getDriver.py(127): click_Success->//*[@id="base_box"]/div/div[3]/form/button
[2021-03-17 07:35:32]cl_getDriver.py(127): click_Success->//*[@id="base_box"]/div/div[3]/form/button
[2021-03-17 07:35:34]cl_getDriver.py(127): click_Success->//*[@id="base_box"]/div/div[3]/form/button
[2021-03-17 07:35:34]cl_getDriver.py(127): click_Success->//*[@id="base_box"]/div/div[3]/form/button
[2021-03-17 07:35:35]cl_getDriver.py(72): Open NewTab->https://kabuoji3.com/stock/4216/2006/
[2021-03-17 07:35:35]cl_getDriver.py(72): Open NewTab->https://kabuoji3.com/stock/4218/2015/
[2021-03-17 07:35:36]cl_getDriver.py(127): click_Success->//*[@id="base_box"]/div/div[3]/form/button
[2021-03-17 07:35:36]cl_getDriver.py(127): click_Success->//*[@id="base_box"]/div/div[3]/form/button
[2021-03-17 07:35:38]cl_getDriver.py(127): click_Success->//*[@id="base_box"]/div/div[3]/form/button
[2021-03-17 07:35:39]cl_getDriver.py(127): click_Success->//*[@id="base_box"]/div/div[3]/form/button
[2021-03-17 07:35:39]cl_getDriver.py(72): Open NewTab->https://kabuoji3.com/stock/4218/2014/
[2021-03-17 07:35:39]cl_getDriver.py(72): Open NewTab->https://kabuoji3.com/stock/4216/2005/
[2021-03-17 07:35:40]cl_getDriver.py(127): click_Success->//*[@id="base_box"]/div/div[3]/form/button
[2021-03-17 07:35:40]cl_getDriver.py(127): click_Success->//*[@id="base_box"]/div/div[3]/form/button
[2021-03-17 07:35:43]cl_getDriver.py(127): click_Success->//*[@id="base_box"]/div/div[3]/form/button
[2021-03-17 07:35:43]cl_getDriver.py(127): click_Success->//*[@id="base_box"]/div/div[3]/form/button
[2021-03-17 07:35:43]cl_getDriver.py(72): Open NewTab->https://kabuoji3.com/stock/4218/2013/
[2021-03-17 07:35:43]cl_getDriver.py(72): Open NewTab->https://kabuoji3.com/stock/4216/2004/
[2021-03-17 07:35:45]cl_getDriver.py(127): click_Success->//*[@id="base_box"]/div/div[3]/form/button
[2021-03-17 07:35:45]cl_getDriver.py(127): click_Success->//*[@id="base_box"]/div/div[3]/form/button
[2021-03-17 07:35:47]cl_getDriver.py(127): click_Success->//*[@id="base_box"]/div/div[3]/form/button
[2021-03-17 07:35:47]cl_getDriver.py(127): click_Success->//*[@id="base_box"]/div/div[3]/form/button
[2021-03-17 07:35:48]cl_getDriver.py(72): Open NewTab->https://kabuoji3.com/stock/4218/2012/
[2021-03-17 07:35:48]cl_getDriver.py(72): Open NewTab->https://kabuoji3.com/stock/4216/2003/
[2021-03-17 07:35:49]cl_getDriver.py(127): click_Success->//*[@id="base_box"]/div/div[3]/form/button
[2021-03-17 07:35:49]cl_getDriver.py(127): click_Success->//*[@id="base_box"]/div/div[3]/form/button
[2021-03-17 07:35:52]cl_getDriver.py(127): click_Success->//*[@id="base_box"]/div/div[3]/form/button
[2021-03-17 07:35:52]cl_getDriver.py(127): click_Success->//*[@id="base_box"]/div/div[3]/form/button
[2021-03-17 07:35:52]cl_getDriver.py(72): Open NewTab->https://kabuoji3.com/stock/4218/2011/
[2021-03-17 07:35:52]cl_getDriver.py(72): Open NewTab->https://kabuoji3.com/stock/4216/2002/
[2021-03-17 07:35:54]cl_getDriver.py(127): click_Success->//*[@id="base_box"]/div/div[3]/form/button
[2021-03-17 07:35:54]cl_getDriver.py(127): click_Success->//*[@id="base_box"]/div/div[3]/form/button
[2021-03-17 07:35:56]cl_getDriver.py(127): click_Success->//*[@id="base_box"]/div/div[3]/form/button
[2021-03-17 07:35:56]cl_getDriver.py(127): click_Success->//*[@id="base_box"]/div/div[3]/form/button
[2021-03-17 07:35:56]cl_getDriver.py(72): Open NewTab->https://kabuoji3.com/stock/4218/2010/
[2021-03-17 07:35:56]cl_getDriver.py(72): Open NewTab->https://kabuoji3.com/stock/4216/2001/
[2021-03-17 07:35:58]cl_getDriver.py(127): click_Success->//*[@id="base_box"]/div/div[3]/form/button
[2021-03-17 07:35:58]cl_getDriver.py(127): click_Success->//*[@id="base_box"]/div/div[3]/form/button
[2021-03-17 07:36:00]cl_getDriver.py(127): click_Success->//*[@id="base_box"]/div/div[3]/form/button
[2021-03-17 07:36:00]cl_getDriver.py(127): click_Success->//*[@id="base_box"]/div/div[3]/form/button
[2021-03-17 07:36:01]cl_getDriver.py(72): Open NewTab->https://kabuoji3.com/stock/4218/2009/
[2021-03-17 07:36:01]cl_getDriver.py(72): Open NewTab->https://kabuoji3.com/stock/4216/2000/
[2021-03-17 07:36:02]cl_getDriver.py(127): click_Success->//*[@id="base_box"]/div/div[3]/form/button
[2021-03-17 07:36:02]cl_getDriver.py(127): click_Success->//*[@id="base_box"]/div/div[3]/form/button
[2021-03-17 07:36:05]cl_getDriver.py(127): click_Success->//*[@id="base_box"]/div/div[3]/form/button
[2021-03-17 07:36:05]cl_getDriver.py(127): click_Success->//*[@id="base_box"]/div/div[3]/form/button
[2021-03-17 07:36:05]cl_getDriver.py(72): Open NewTab->https://kabuoji3.com/stock/4218/2008/
[2021-03-17 07:36:05]cl_getDriver.py(72): Open NewTab->https://kabuoji3.com/stock/4216/1999/
[2021-03-17 07:36:07]cl_getDriver.py(127): click_Success->//*[@id="base_box"]/div/div[3]/form/button
[2021-03-17 07:36:07]cl_getDriver.py(127): click_Success->//*[@id="base_box"]/div/div[3]/form/button
[2021-03-17 07:36:09]cl_getDriver.py(127): click_Success->//*[@id="base_box"]/div/div[3]/form/button
[2021-03-17 07:36:09]cl_getDriver.py(127): click_Success->//*[@id="base_box"]/div/div[3]/form/button
[2021-03-17 07:36:10]cl_getDriver.py(72): Open NewTab->https://kabuoji3.com/stock/4218/2007/
[2021-03-17 07:36:10]cl_getDriver.py(72): Open NewTab->https://kabuoji3.com/stock/4216/1998/
[2021-03-17 07:36:11]cl_getDriver.py(127): click_Success->//*[@id="base_box"]/div/div[3]/form/button
[2021-03-17 07:36:11]cl_getDriver.py(127): click_Success->//*[@id="base_box"]/div/div[3]/form/button
[2021-03-17 07:36:14]cl_getDriver.py(127): click_Success->//*[@id="base_box"]/div/div[3]/form/button
[2021-03-17 07:36:14]cl_getDriver.py(127): click_Success->//*[@id="base_box"]/div/div[3]/form/button
[2021-03-17 07:36:14]cl_getDriver.py(72): Open NewTab->https://kabuoji3.com/stock/4218/2006/
[2021-03-17 07:36:14]cl_getDriver.py(72): Open NewTab->https://kabuoji3.com/stock/4216/1997/
[2021-03-17 07:36:16]cl_getDriver.py(127): click_Success->//*[@id="base_box"]/div/div[3]/form/button
[2021-03-17 07:36:16]cl_getDriver.py(127): click_Success->//*[@id="base_box"]/div/div[3]/form/button
[2021-03-17 07:36:18]cl_getDriver.py(127): click_Success->//*[@id="base_box"]/div/div[3]/form/button
[2021-03-17 07:36:18]cl_getDriver.py(127): click_Success->//*[@id="base_box"]/div/div[3]/form/button
[2021-03-17 07:36:19]cl_getDriver.py(72): Open NewTab->https://kabuoji3.com/stock/4216/1996/
[2021-03-17 07:36:19]cl_getDriver.py(72): Open NewTab->https://kabuoji3.com/stock/4218/2005/
[2021-03-17 07:36:20]cl_getDriver.py(127): click_Success->//*[@id="base_box"]/div/div[3]/form/button
[2021-03-17 07:36:20]cl_getDriver.py(127): click_Success->//*[@id="base_box"]/div/div[3]/form/button
[2021-03-17 07:36:22]cl_getDriver.py(127): click_Success->//*[@id="base_box"]/div/div[3]/form/button
[2021-03-17 07:36:22]cl_getDriver.py(127): click_Success->//*[@id="base_box"]/div/div[3]/form/button
[2021-03-17 07:36:23]cl_getDriver.py(72): Open NewTab->https://kabuoji3.com/stock/4218/2004/
[2021-03-17 07:36:23]cl_getDriver.py(72): Open NewTab->https://kabuoji3.com/stock/4216/1995/
[2021-03-17 07:36:25]cl_getDriver.py(127): click_Success->//*[@id="base_box"]/div/div[3]/form/button
[2021-03-17 07:36:25]cl_getDriver.py(127): click_Success->//*[@id="base_box"]/div/div[3]/form/button
[2021-03-17 07:36:27]cl_getDriver.py(127): click_Success->//*[@id="base_box"]/div/div[3]/form/button
[2021-03-17 07:36:27]cl_getDriver.py(127): click_Success->//*[@id="base_box"]/div/div[3]/form/button
[2021-03-17 07:36:28]cl_getDriver.py(72): Open NewTab->https://kabuoji3.com/stock/4218/2003/
[2021-03-17 07:36:28]cl_getDriver.py(72): Open NewTab->https://kabuoji3.com/stock/4216/1994/
[2021-03-17 07:36:29]cl_getDriver.py(127): click_Success->//*[@id="base_box"]/div/div[3]/form/button
[2021-03-17 07:36:29]cl_getDriver.py(127): click_Success->//*[@id="base_box"]/div/div[3]/form/button
[2021-03-17 07:36:31]cl_getDriver.py(127): click_Success->//*[@id="base_box"]/div/div[3]/form/button
[2021-03-17 07:36:31]cl_getDriver.py(127): click_Success->//*[@id="base_box"]/div/div[3]/form/button
[2021-03-17 07:36:32]cl_getDriver.py(72): Open NewTab->https://kabuoji3.com/stock/4218/2002/
[2021-03-17 07:36:32]cl_getDriver.py(72): Open NewTab->https://kabuoji3.com/stock/4216/1993/
[2021-03-17 07:36:33]cl_getDriver.py(127): click_Success->//*[@id="base_box"]/div/div[3]/form/button
[2021-03-17 07:36:33]cl_getDriver.py(127): click_Success->//*[@id="base_box"]/div/div[3]/form/button
[2021-03-17 07:36:35]cl_getDriver.py(127): click_Success->//*[@id="base_box"]/div/div[3]/form/button
[2021-03-17 07:36:36]cl_getDriver.py(127): click_Success->//*[@id="base_box"]/div/div[3]/form/button
[2021-03-17 07:36:36]cl_getDriver.py(72): Open NewTab->https://kabuoji3.com/stock/4218/2001/
[2021-03-17 07:36:36]cl_getDriver.py(72): Open NewTab->https://kabuoji3.com/stock/4216/1992/
[2021-03-17 07:36:37]cl_getDriver.py(127): click_Success->//*[@id="base_box"]/div/div[3]/form/button
[2021-03-17 07:36:38]cl_getDriver.py(127): click_Success->//*[@id="base_box"]/div/div[3]/form/button
[2021-03-17 07:36:40]cl_getDriver.py(127): click_Success->//*[@id="base_box"]/div/div[3]/form/button
[2021-03-17 07:36:40]cl_getDriver.py(127): click_Success->//*[@id="base_box"]/div/div[3]/form/button
[2021-03-17 07:36:40]cl_getDriver.py(72): Open NewTab->https://kabuoji3.com/stock/4218/2000/
[2021-03-17 07:36:41]cl_getDriver.py(72): Open NewTab->https://kabuoji3.com/stock/4216/1991/
[2021-03-17 07:36:42]cl_getDriver.py(127): click_Success->//*[@id="base_box"]/div/div[3]/form/button
[2021-03-17 07:36:42]cl_getDriver.py(127): click_Success->//*[@id="base_box"]/div/div[3]/form/button
[2021-03-17 07:36:44]cl_getDriver.py(127): click_Success->//*[@id="base_box"]/div/div[3]/form/button
[2021-03-17 07:36:44]cl_getDriver.py(127): click_Success->//*[@id="base_box"]/div/div[3]/form/button
[2021-03-17 07:36:45]cl_getDriver.py(72): Open NewTab->https://kabuoji3.com/stock/4218/1999/
[2021-03-17 07:36:45]cl_getDriver.py(72): Open NewTab->https://kabuoji3.com/stock/4216/1990/
[2021-03-17 07:36:46]cl_getDriver.py(127): click_Success->//*[@id="base_box"]/div/div[3]/form/button
[2021-03-17 07:36:46]cl_getDriver.py(127): click_Success->//*[@id="base_box"]/div/div[3]/form/button
[2021-03-17 07:36:48]cl_getDriver.py(127): click_Success->//*[@id="base_box"]/div/div[3]/form/button
[2021-03-17 07:36:48]cl_getDriver.py(127): click_Success->//*[@id="base_box"]/div/div[3]/form/button
[2021-03-17 07:36:49]cl_getDriver.py(72): Open NewTab->https://kabuoji3.com/stock/4216/1989/
[2021-03-17 07:36:49]cl_getDriver.py(72): Open NewTab->https://kabuoji3.com/stock/4218/1998/
[2021-03-17 07:36:50]cl_getDriver.py(127): click_Success->//*[@id="base_box"]/div/div[3]/form/button
[2021-03-17 07:36:50]cl_getDriver.py(127): click_Success->//*[@id="base_box"]/div/div[3]/form/button
[2021-03-17 07:36:53]cl_getDriver.py(127): click_Success->//*[@id="base_box"]/div/div[3]/form/button
[2021-03-17 07:36:53]cl_getDriver.py(127): click_Success->//*[@id="base_box"]/div/div[3]/form/button
[2021-03-17 07:36:53]cl_getDriver.py(72): Open NewTab->https://kabuoji3.com/stock/4218/1997/
[2021-03-17 07:36:54]cl_getDriver.py(72): Open NewTab->https://kabuoji3.com/stock/4216/1988/
[2021-03-17 07:36:55]cl_getDriver.py(127): click_Success->//*[@id="base_box"]/div/div[3]/form/button
[2021-03-17 07:36:55]cl_getDriver.py(127): click_Success->//*[@id="base_box"]/div/div[3]/form/button
[2021-03-17 07:36:57]cl_getDriver.py(127): click_Success->//*[@id="base_box"]/div/div[3]/form/button
[2021-03-17 07:36:57]cl_getDriver.py(127): click_Success->//*[@id="base_box"]/div/div[3]/form/button
[2021-03-17 07:36:58]cl_getDriver.py(72): Open NewTab->https://kabuoji3.com/stock/4218/1996/
[2021-03-17 07:36:58]cl_getDriver.py(72): Open NewTab->https://kabuoji3.com/stock/4216/1987/
[2021-03-17 07:36:59]cl_getDriver.py(127): click_Success->//*[@id="base_box"]/div/div[3]/form/button
[2021-03-17 07:36:59]cl_getDriver.py(127): click_Success->//*[@id="base_box"]/div/div[3]/form/button
[2021-03-17 07:37:02]cl_getDriver.py(127): click_Success->//*[@id="base_box"]/div/div[3]/form/button
[2021-03-17 07:37:02]cl_getDriver.py(127): click_Success->//*[@id="base_box"]/div/div[3]/form/button
[2021-03-17 07:37:02]cl_getDriver.py(72): Open NewTab->https://kabuoji3.com/stock/4218/1995/
[2021-03-17 07:37:02]cl_getDriver.py(72): Open NewTab->https://kabuoji3.com/stock/4216/1986/
[2021-03-17 07:37:04]cl_getDriver.py(127): click_Success->//*[@id="base_box"]/div/div[3]/form/button
[2021-03-17 07:37:04]cl_getDriver.py(127): click_Success->//*[@id="base_box"]/div/div[3]/form/button
[2021-03-17 07:37:06]cl_getDriver.py(127): click_Success->//*[@id="base_box"]/div/div[3]/form/button
[2021-03-17 07:37:06]cl_getDriver.py(127): click_Success->//*[@id="base_box"]/div/div[3]/form/button
[2021-03-17 07:37:07]cl_getDriver.py(72): Open NewTab->https://kabuoji3.com/stock/4218/1994/
[2021-03-17 07:37:07]cl_getDriver.py(72): Open NewTab->https://kabuoji3.com/stock/4216/1985/
[2021-03-17 07:37:08]cl_getDriver.py(127): click_Success->//*[@id="base_box"]/div/div[3]/form/button
[2021-03-17 07:37:08]cl_getDriver.py(127): click_Success->//*[@id="base_box"]/div/div[3]/form/button
[2021-03-17 07:37:10]cl_getDriver.py(127): click_Success->//*[@id="base_box"]/div/div[3]/form/button
[2021-03-17 07:37:11]cl_getDriver.py(127): click_Success->//*[@id="base_box"]/div/div[3]/form/button
[2021-03-17 07:37:11]cl_getDriver.py(72): Open NewTab->https://kabuoji3.com/stock/4218/1993/
[2021-03-17 07:37:11]cl_getDriver.py(72): Open NewTab->https://kabuoji3.com/stock/4216/1984/
[2021-03-17 07:37:12]cl_getDriver.py(127): click_Success->//*[@id="base_box"]/div/div[3]/form/button
[2021-03-17 07:37:12]cl_getDriver.py(127): click_Success->//*[@id="base_box"]/div/div[3]/form/button
[2021-03-17 07:37:14]cl_getDriver.py(127): click_Success->//*[@id="base_box"]/div/div[3]/form/button
[2021-03-17 07:37:15]cl_getDriver.py(72): Open NewTab->https://kabuoji3.com/stock/4218/1992/
[2021-03-17 07:37:15]cl_getDriver.py(127): click_Success->//*[@id="base_box"]/div/div[3]/form/button
[2021-03-17 07:37:15]cl_getDriver.py(72): Open NewTab->https://kabuoji3.com/stock/4216/1983/
[2021-03-17 07:37:16]cl_getDriver.py(127): click_Success->//*[@id="base_box"]/div/div[3]/form/button
[2021-03-17 07:37:17]cl_getDriver.py(127): click_Success->//*[@id="base_box"]/div/div[3]/form/button
[2021-03-17 07:37:19]cl_getDriver.py(127): click_Success->//*[@id="base_box"]/div/div[3]/form/button
[2021-03-17 07:37:19]cl_getDriver.py(72): Open NewTab->https://kabuoji3.com/stock/4218/1991/
[2021-03-17 07:37:19]cl_getDriver.py(127): click_Success->//*[@id="base_box"]/div/div[3]/form/button
[2021-03-17 07:37:20]cl_getDriver.py(127): click_Success->//*[@id="base_box"]/div/div[3]/form/button
[2021-03-17 07:37:23]cl_getDriver.py(127): click_Success->//*[@id="base_box"]/div/div[3]/form/button
[2021-03-17 07:37:23]cl_getDriver.py(72): Open NewTab->https://kabuoji3.com/stock/4218/1990/
[2021-03-17 07:37:23]main.py(42): finished Process->https://kabuoji3.com/stock/4216/
[2021-03-17 07:37:23]main.py(15): start_Process->https://kabuoji3.com/stock/4220/
[2021-03-17 07:37:24]cl_getDriver.py(127): click_Success->//*[@id="base_box"]/div/div[3]/form/button
[2021-03-17 07:37:26]cl_getDriver.py(127): click_Success->//*[@id="base_box"]/div/div[3]/form/button
[2021-03-17 07:37:26]cl_getDriver.py(72): Open NewTab->https://kabuoji3.com/stock/4218/1989/
[2021-03-17 07:37:27]cl_getDriver.py(127): click_Success->//*[@id="base_box"]/div/div[3]/form/button
[2021-03-17 07:37:28]cl_getDriver.py(64): getURL=https://kabuoji3.com/stock/4220/
[2021-03-17 07:37:29]cl_getDriver.py(72): Open NewTab->https://kabuoji3.com/stock/4220/
[2021-03-17 07:37:29]cl_getDriver.py(130): Not Found->//*[@id="base_box"]/div/div[3]/form/button
[2021-03-17 07:37:30]cl_getDriver.py(127): click_Success->//*[@id="base_box"]/div/div[3]/form/button
[2021-03-17 07:37:30]cl_getDriver.py(72): Open NewTab->https://kabuoji3.com/stock/4218/1988/
[2021-03-17 07:37:31]cl_getDriver.py(127): click_Success->//*[@id="base_box"]/div/div[3]/form/button
[2021-03-17 07:37:31]cl_getDriver.py(130): Not Found->//*[@id="base_box"]/div/div[3]/form/button
[2021-03-17 07:37:32]cl_getDriver.py(72): Open NewTab->https://kabuoji3.com/stock/4220/2021/
[2021-03-17 07:37:32]cl_getDriver.py(127): click_Success->//*[@id="base_box"]/div/div[3]/form/button
[2021-03-17 07:37:33]cl_getDriver.py(127): click_Success->//*[@id="base_box"]/div/div[3]/form/button
[2021-03-17 07:37:33]cl_getDriver.py(72): Open NewTab->https://kabuoji3.com/stock/4218/1987/
[2021-03-17 07:37:34]cl_getDriver.py(127): click_Success->//*[@id="base_box"]/div/div[3]/form/button
[2021-03-17 07:37:35]cl_getDriver.py(127): click_Success->//*[@id="base_box"]/div/div[3]/form/button
[2021-03-17 07:37:35]cl_getDriver.py(72): Open NewTab->https://kabuoji3.com/stock/4220/2020/
[2021-03-17 07:37:36]cl_getDriver.py(127): click_Success->//*[@id="base_box"]/div/div[3]/form/button
[2021-03-17 07:37:37]cl_getDriver.py(127): click_Success->//*[@id="base_box"]/div/div[3]/form/button
[2021-03-17 07:37:37]cl_getDriver.py(72): Open NewTab->https://kabuoji3.com/stock/4218/1986/
[2021-03-17 07:37:38]cl_getDriver.py(127): click_Success->//*[@id="base_box"]/div/div[3]/form/button
[2021-03-17 07:37:38]cl_getDriver.py(127): click_Success->//*[@id="base_box"]/div/div[3]/form/button
[2021-03-17 07:37:39]cl_getDriver.py(72): Open NewTab->https://kabuoji3.com/stock/4220/2019/
[2021-03-17 07:37:40]cl_getDriver.py(127): click_Success->//*[@id="base_box"]/div/div[3]/form/button
[2021-03-17 07:37:40]cl_getDriver.py(127): click_Success->//*[@id="base_box"]/div/div[3]/form/button
[2021-03-17 07:37:41]cl_getDriver.py(72): Open NewTab->https://kabuoji3.com/stock/4218/1985/
[2021-03-17 07:37:42]cl_getDriver.py(127): click_Success->//*[@id="base_box"]/div/div[3]/form/button
[2021-03-17 07:37:42]cl_getDriver.py(127): click_Success->//*[@id="base_box"]/div/div[3]/form/button
[2021-03-17 07:37:42]cl_getDriver.py(72): Open NewTab->https://kabuoji3.com/stock/4220/2018/
[2021-03-17 07:37:44]cl_getDriver.py(127): click_Success->//*[@id="base_box"]/div/div[3]/form/button
[2021-03-17 07:37:44]cl_getDriver.py(127): click_Success->//*[@id="base_box"]/div/div[3]/form/button
[2021-03-17 07:37:44]cl_getDriver.py(72): Open NewTab->https://kabuoji3.com/stock/4218/1984/
[2021-03-17 07:37:45]cl_getDriver.py(127): click_Success->//*[@id="base_box"]/div/div[3]/form/button
[2021-03-17 07:37:46]cl_getDriver.py(127): click_Success->//*[@id="base_box"]/div/div[3]/form/button
[2021-03-17 07:37:46]cl_getDriver.py(72): Open NewTab->https://kabuoji3.com/stock/4220/2017/
[2021-03-17 07:37:47]cl_getDriver.py(127): click_Success->//*[@id="base_box"]/div/div[3]/form/button
[2021-03-17 07:37:48]cl_getDriver.py(127): click_Success->//*[@id="base_box"]/div/div[3]/form/button
[2021-03-17 07:37:48]cl_getDriver.py(72): Open NewTab->https://kabuoji3.com/stock/4218/1983/
[2021-03-17 07:37:49]cl_getDriver.py(127): click_Success->//*[@id="base_box"]/div/div[3]/form/button
[2021-03-17 07:37:49]cl_getDriver.py(127): click_Success->//*[@id="base_box"]/div/div[3]/form/button
[2021-03-17 07:37:50]cl_getDriver.py(72): Open NewTab->https://kabuoji3.com/stock/4220/2016/
[2021-03-17 07:37:51]cl_getDriver.py(127): click_Success->//*[@id="base_box"]/div/div[3]/form/button
[2021-03-17 07:37:52]cl_getDriver.py(127): click_Success->//*[@id="base_box"]/div/div[3]/form/button
[2021-03-17 07:37:53]cl_getDriver.py(127): click_Success->//*[@id="base_box"]/div/div[3]/form/button
[2021-03-17 07:37:53]cl_getDriver.py(72): Open NewTab->https://kabuoji3.com/stock/4220/2015/
[2021-03-17 07:37:54]cl_getDriver.py(127): click_Success->//*[@id="base_box"]/div/div[3]/form/button
[2021-03-17 07:37:56]main.py(42): finished Process->https://kabuoji3.com/stock/4218/
[2021-03-17 07:37:56]main.py(15): start_Process->https://kabuoji3.com/stock/4221/
[2021-03-17 07:37:56]cl_getDriver.py(127): click_Success->//*[@id="base_box"]/div/div[3]/form/button
[2021-03-17 07:37:57]cl_getDriver.py(72): Open NewTab->https://kabuoji3.com/stock/4220/2014/
[2021-03-17 07:37:58]cl_getDriver.py(127): click_Success->//*[@id="base_box"]/div/div[3]/form/button
[2021-03-17 07:38:00]cl_getDriver.py(127): click_Success->//*[@id="base_box"]/div/div[3]/form/button
[2021-03-17 07:38:01]cl_getDriver.py(72): Open NewTab->https://kabuoji3.com/stock/4220/2013/
[2021-03-17 07:38:02]cl_getDriver.py(64): getURL=https://kabuoji3.com/stock/4221/
[2021-03-17 07:38:02]cl_getDriver.py(127): click_Success->//*[@id="base_box"]/div/div[3]/form/button
[2021-03-17 07:38:02]cl_getDriver.py(72): Open NewTab->https://kabuoji3.com/stock/4221/
[2021-03-17 07:38:03]cl_getDriver.py(130): Not Found->//*[@id="base_box"]/div/div[3]/form/button
[2021-03-17 07:38:04]cl_getDriver.py(127): click_Success->//*[@id="base_box"]/div/div[3]/form/button
[2021-03-17 07:38:04]cl_getDriver.py(72): Open NewTab->https://kabuoji3.com/stock/4220/2012/
[2021-03-17 07:38:05]cl_getDriver.py(130): Not Found->//*[@id="base_box"]/div/div[3]/form/button
[2021-03-17 07:38:05]cl_getDriver.py(72): Open NewTab->https://kabuoji3.com/stock/4221/2021/
[2021-03-17 07:38:06]cl_getDriver.py(127): click_Success->//*[@id="base_box"]/div/div[3]/form/button
[2021-03-17 07:38:06]cl_getDriver.py(127): click_Success->//*[@id="base_box"]/div/div[3]/form/button
[2021-03-17 07:38:08]cl_getDriver.py(127): click_Success->//*[@id="base_box"]/div/div[3]/form/button
[2021-03-17 07:38:08]cl_getDriver.py(72): Open NewTab->https://kabuoji3.com/stock/4220/2011/
[2021-03-17 07:38:09]cl_getDriver.py(127): click_Success->//*[@id="base_box"]/div/div[3]/form/button
[2021-03-17 07:38:09]cl_getDriver.py(72): Open NewTab->https://kabuoji3.com/stock/4221/2020/
[2021-03-17 07:38:10]cl_getDriver.py(127): click_Success->//*[@id="base_box"]/div/div[3]/form/button
[2021-03-17 07:38:10]cl_getDriver.py(127): click_Success->//*[@id="base_box"]/div/div[3]/form/button
[2021-03-17 07:38:12]cl_getDriver.py(127): click_Success->//*[@id="base_box"]/div/div[3]/form/button
[2021-03-17 07:38:13]cl_getDriver.py(72): Open NewTab->https://kabuoji3.com/stock/4220/2010/
[2021-03-17 07:38:13]cl_getDriver.py(127): click_Success->//*[@id="base_box"]/div/div[3]/form/button
[2021-03-17 07:38:13]cl_getDriver.py(72): Open NewTab->https://kabuoji3.com/stock/4221/2019/
[2021-03-17 07:38:14]cl_getDriver.py(127): click_Success->//*[@id="base_box"]/div/div[3]/form/button
[2021-03-17 07:38:15]cl_getDriver.py(127): click_Success->//*[@id="base_box"]/div/div[3]/form/button
[2021-03-17 07:38:16]cl_getDriver.py(127): click_Success->//*[@id="base_box"]/div/div[3]/form/button
[2021-03-17 07:38:17]cl_getDriver.py(72): Open NewTab->https://kabuoji3.com/stock/4220/2009/
[2021-03-17 07:38:17]cl_getDriver.py(127): click_Success->//*[@id="base_box"]/div/div[3]/form/button
[2021-03-17 07:38:17]cl_getDriver.py(72): Open NewTab->https://kabuoji3.com/stock/4221/2018/
[2021-03-17 07:38:18]cl_getDriver.py(127): click_Success->//*[@id="base_box"]/div/div[3]/form/button
[2021-03-17 07:38:19]cl_getDriver.py(127): click_Success->//*[@id="base_box"]/div/div[3]/form/button
[2021-03-17 07:38:21]cl_getDriver.py(127): click_Success->//*[@id="base_box"]/div/div[3]/form/button
[2021-03-17 07:38:21]cl_getDriver.py(127): click_Success->//*[@id="base_box"]/div/div[3]/form/button
[2021-03-17 07:38:22]cl_getDriver.py(72): Open NewTab->https://kabuoji3.com/stock/4220/2008/
[2021-03-17 07:38:22]cl_getDriver.py(72): Open NewTab->https://kabuoji3.com/stock/4221/2017/
[2021-03-17 07:38:23]cl_getDriver.py(127): click_Success->//*[@id="base_box"]/div/div[3]/form/button
[2021-03-17 07:38:23]cl_getDriver.py(127): click_Success->//*[@id="base_box"]/div/div[3]/form/button
[2021-03-17 07:38:25]cl_getDriver.py(127): click_Success->//*[@id="base_box"]/div/div[3]/form/button
[2021-03-17 07:38:26]cl_getDriver.py(127): click_Success->//*[@id="base_box"]/div/div[3]/form/button
[2021-03-17 07:38:26]cl_getDriver.py(72): Open NewTab->https://kabuoji3.com/stock/4220/2007/
[2021-03-17 07:38:26]cl_getDriver.py(72): Open NewTab->https://kabuoji3.com/stock/4221/2016/
[2021-03-17 07:38:27]cl_getDriver.py(127): click_Success->//*[@id="base_box"]/div/div[3]/form/button
[2021-03-17 07:38:27]cl_getDriver.py(127): click_Success->//*[@id="base_box"]/div/div[3]/form/button
[2021-03-17 07:38:29]cl_getDriver.py(127): click_Success->//*[@id="base_box"]/div/div[3]/form/button
[2021-03-17 07:38:30]cl_getDriver.py(72): Open NewTab->https://kabuoji3.com/stock/4220/2006/
[2021-03-17 07:38:30]cl_getDriver.py(127): click_Success->//*[@id="base_box"]/div/div[3]/form/button
[2021-03-17 07:38:30]cl_getDriver.py(72): Open NewTab->https://kabuoji3.com/stock/4221/2015/
[2021-03-17 07:38:31]cl_getDriver.py(127): click_Success->//*[@id="base_box"]/div/div[3]/form/button
[2021-03-17 07:38:32]cl_getDriver.py(127): click_Success->//*[@id="base_box"]/div/div[3]/form/button
[2021-03-17 07:38:34]cl_getDriver.py(127): click_Success->//*[@id="base_box"]/div/div[3]/form/button
[2021-03-17 07:38:34]cl_getDriver.py(72): Open NewTab->https://kabuoji3.com/stock/4220/2005/
[2021-03-17 07:38:34]cl_getDriver.py(127): click_Success->//*[@id="base_box"]/div/div[3]/form/button
[2021-03-17 07:38:35]cl_getDriver.py(72): Open NewTab->https://kabuoji3.com/stock/4221/2014/
[2021-03-17 07:38:35]cl_getDriver.py(127): click_Success->//*[@id="base_box"]/div/div[3]/form/button
[2021-03-17 07:38:36]cl_getDriver.py(127): click_Success->//*[@id="base_box"]/div/div[3]/form/button
[2021-03-17 07:38:38]cl_getDriver.py(127): click_Success->//*[@id="base_box"]/div/div[3]/form/button
[2021-03-17 07:38:38]cl_getDriver.py(72): Open NewTab->https://kabuoji3.com/stock/4220/2004/
[2021-03-17 07:38:38]cl_getDriver.py(127): click_Success->//*[@id="base_box"]/div/div[3]/form/button
[2021-03-17 07:38:39]cl_getDriver.py(72): Open NewTab->https://kabuoji3.com/stock/4221/2013/
[2021-03-17 07:38:40]cl_getDriver.py(127): click_Success->//*[@id="base_box"]/div/div[3]/form/button
[2021-03-17 07:38:40]cl_getDriver.py(127): click_Success->//*[@id="base_box"]/div/div[3]/form/button
[2021-03-17 07:38:42]cl_getDriver.py(127): click_Success->//*[@id="base_box"]/div/div[3]/form/button
[2021-03-17 07:38:42]cl_getDriver.py(72): Open NewTab->https://kabuoji3.com/stock/4220/2003/
[2021-03-17 07:38:42]cl_getDriver.py(127): click_Success->//*[@id="base_box"]/div/div[3]/form/button
[2021-03-17 07:38:43]cl_getDriver.py(72): Open NewTab->https://kabuoji3.com/stock/4221/2012/
[2021-03-17 07:38:44]cl_getDriver.py(127): click_Success->//*[@id="base_box"]/div/div[3]/form/button
[2021-03-17 07:38:46]cl_getDriver.py(127): click_Success->//*[@id="base_box"]/div/div[3]/form/button
[2021-03-17 07:38:47]cl_getDriver.py(127): click_Success->//*[@id="base_box"]/div/div[3]/form/button
[2021-03-17 07:38:47]cl_getDriver.py(72): Open NewTab->https://kabuoji3.com/stock/4220/2002/
[2021-03-17 07:38:48]cl_getDriver.py(127): click_Success->//*[@id="base_box"]/div/div[3]/form/button
[2021-03-17 07:38:48]cl_getDriver.py(127): click_Success->//*[@id="base_box"]/div/div[3]/form/button
[2021-03-17 07:38:49]cl_getDriver.py(72): Open NewTab->https://kabuoji3.com/stock/4221/2011/
[2021-03-17 07:38:50]cl_getDriver.py(127): click_Success->//*[@id="base_box"]/div/div[3]/form/button
[2021-03-17 07:38:50]cl_getDriver.py(127): click_Success->//*[@id="base_box"]/div/div[3]/form/button
[2021-03-17 07:38:51]cl_getDriver.py(72): Open NewTab->https://kabuoji3.com/stock/4220/2001/
[2021-03-17 07:38:52]cl_getDriver.py(127): click_Success->//*[@id="base_box"]/div/div[3]/form/button
[2021-03-17 07:38:52]cl_getDriver.py(127): click_Success->//*[@id="base_box"]/div/div[3]/form/button
[2021-03-17 07:38:52]cl_getDriver.py(72): Open NewTab->https://kabuoji3.com/stock/4221/2010/
[2021-03-17 07:38:53]cl_getDriver.py(127): click_Success->//*[@id="base_box"]/div/div[3]/form/button
[2021-03-17 07:38:54]cl_getDriver.py(127): click_Success->//*[@id="base_box"]/div/div[3]/form/button
[2021-03-17 07:38:54]cl_getDriver.py(72): Open NewTab->https://kabuoji3.com/stock/4220/2000/
[2021-03-17 07:38:55]cl_getDriver.py(127): click_Success->//*[@id="base_box"]/div/div[3]/form/button
[2021-03-17 07:38:56]cl_getDriver.py(127): click_Success->//*[@id="base_box"]/div/div[3]/form/button
[2021-03-17 07:38:56]cl_getDriver.py(72): Open NewTab->https://kabuoji3.com/stock/4221/2009/
[2021-03-17 07:38:57]cl_getDriver.py(127): click_Success->//*[@id="base_box"]/div/div[3]/form/button
[2021-03-17 07:38:58]cl_getDriver.py(127): click_Success->//*[@id="base_box"]/div/div[3]/form/button
[2021-03-17 07:38:58]cl_getDriver.py(72): Open NewTab->https://kabuoji3.com/stock/4220/1999/
[2021-03-17 07:38:59]cl_getDriver.py(127): click_Success->//*[@id="base_box"]/div/div[3]/form/button
[2021-03-17 07:39:00]cl_getDriver.py(127): click_Success->//*[@id="base_box"]/div/div[3]/form/button
[2021-03-17 07:39:00]cl_getDriver.py(72): Open NewTab->https://kabuoji3.com/stock/4221/2008/
[2021-03-17 07:39:01]cl_getDriver.py(127): click_Success->//*[@id="base_box"]/div/div[3]/form/button
[2021-03-17 07:39:02]cl_getDriver.py(127): click_Success->//*[@id="base_box"]/div/div[3]/form/button
[2021-03-17 07:39:02]cl_getDriver.py(72): Open NewTab->https://kabuoji3.com/stock/4220/1998/
[2021-03-17 07:39:03]cl_getDriver.py(127): click_Success->//*[@id="base_box"]/div/div[3]/form/button
[2021-03-17 07:39:04]cl_getDriver.py(72): Open NewTab->https://kabuoji3.com/stock/4221/2007/
[2021-03-17 07:39:04]cl_getDriver.py(127): click_Success->//*[@id="base_box"]/div/div[3]/form/button
[2021-03-17 07:39:05]cl_getDriver.py(127): click_Success->//*[@id="base_box"]/div/div[3]/form/button
[2021-03-17 07:39:06]cl_getDriver.py(127): click_Success->//*[@id="base_box"]/div/div[3]/form/button
[2021-03-17 07:39:06]cl_getDriver.py(72): Open NewTab->https://kabuoji3.com/stock/4220/1997/
[2021-03-17 07:39:07]cl_getDriver.py(127): click_Success->//*[@id="base_box"]/div/div[3]/form/button
[2021-03-17 07:39:08]cl_getDriver.py(72): Open NewTab->https://kabuoji3.com/stock/4221/2006/
[2021-03-17 07:39:08]cl_getDriver.py(127): click_Success->//*[@id="base_box"]/div/div[3]/form/button
[2021-03-17 07:39:08]cl_getDriver.py(127): click_Success->//*[@id="base_box"]/div/div[3]/form/button
[2021-03-17 07:39:10]cl_getDriver.py(127): click_Success->//*[@id="base_box"]/div/div[3]/form/button
[2021-03-17 07:39:10]cl_getDriver.py(72): Open NewTab->https://kabuoji3.com/stock/4220/1996/
[2021-03-17 07:39:11]cl_getDriver.py(127): click_Success->//*[@id="base_box"]/div/div[3]/form/button
[2021-03-17 07:39:11]cl_getDriver.py(72): Open NewTab->https://kabuoji3.com/stock/4221/2005/
[2021-03-17 07:39:12]cl_getDriver.py(127): click_Success->//*[@id="base_box"]/div/div[3]/form/button
[2021-03-17 07:39:12]cl_getDriver.py(127): click_Success->//*[@id="base_box"]/div/div[3]/form/button
[2021-03-17 07:39:14]cl_getDriver.py(127): click_Success->//*[@id="base_box"]/div/div[3]/form/button
[2021-03-17 07:39:14]cl_getDriver.py(72): Open NewTab->https://kabuoji3.com/stock/4220/1995/
[2021-03-17 07:39:15]cl_getDriver.py(127): click_Success->//*[@id="base_box"]/div/div[3]/form/button
[2021-03-17 07:39:15]cl_getDriver.py(72): Open NewTab->https://kabuoji3.com/stock/4221/2004/
[2021-03-17 07:39:16]cl_getDriver.py(127): click_Success->//*[@id="base_box"]/div/div[3]/form/button
[2021-03-17 07:39:16]cl_getDriver.py(127): click_Success->//*[@id="base_box"]/div/div[3]/form/button
[2021-03-17 07:39:18]cl_getDriver.py(127): click_Success->//*[@id="base_box"]/div/div[3]/form/button
[2021-03-17 07:39:18]cl_getDriver.py(72): Open NewTab->https://kabuoji3.com/stock/4220/1994/
[2021-03-17 07:39:19]cl_getDriver.py(127): click_Success->//*[@id="base_box"]/div/div[3]/form/button
[2021-03-17 07:39:19]cl_getDriver.py(72): Open NewTab->https://kabuoji3.com/stock/4221/2003/
[2021-03-17 07:39:20]cl_getDriver.py(127): click_Success->//*[@id="base_box"]/div/div[3]/form/button
[2021-03-17 07:39:20]cl_getDriver.py(127): click_Success->//*[@id="base_box"]/div/div[3]/form/button
[2021-03-17 07:39:22]cl_getDriver.py(127): click_Success->//*[@id="base_box"]/div/div[3]/form/button
[2021-03-17 07:39:22]cl_getDriver.py(72): Open NewTab->https://kabuoji3.com/stock/4220/1993/
[2021-03-17 07:39:23]cl_getDriver.py(127): click_Success->//*[@id="base_box"]/div/div[3]/form/button
[2021-03-17 07:39:23]cl_getDriver.py(72): Open NewTab->https://kabuoji3.com/stock/4221/2002/
[2021-03-17 07:39:24]cl_getDriver.py(127): click_Success->//*[@id="base_box"]/div/div[3]/form/button
[2021-03-17 07:39:24]cl_getDriver.py(127): click_Success->//*[@id="base_box"]/div/div[3]/form/button
[2021-03-17 07:39:26]cl_getDriver.py(127): click_Success->//*[@id="base_box"]/div/div[3]/form/button
[2021-03-17 07:39:27]cl_getDriver.py(127): click_Success->//*[@id="base_box"]/div/div[3]/form/button
[2021-03-17 07:39:27]cl_getDriver.py(72): Open NewTab->https://kabuoji3.com/stock/4221/2001/
[2021-03-17 07:39:27]cl_getDriver.py(72): Open NewTab->https://kabuoji3.com/stock/4220/1992/
[2021-03-17 07:39:28]cl_getDriver.py(127): click_Success->//*[@id="base_box"]/div/div[3]/form/button
[2021-03-17 07:39:28]cl_getDriver.py(127): click_Success->//*[@id="base_box"]/div/div[3]/form/button
[2021-03-17 07:39:31]cl_getDriver.py(127): click_Success->//*[@id="base_box"]/div/div[3]/form/button
[2021-03-17 07:39:31]cl_getDriver.py(127): click_Success->//*[@id="base_box"]/div/div[3]/form/button
[2021-03-17 07:39:31]cl_getDriver.py(72): Open NewTab->https://kabuoji3.com/stock/4221/2000/
[2021-03-17 07:39:31]cl_getDriver.py(72): Open NewTab->https://kabuoji3.com/stock/4220/1991/
[2021-03-17 07:39:33]cl_getDriver.py(127): click_Success->//*[@id="base_box"]/div/div[3]/form/button
[2021-03-17 07:39:33]cl_getDriver.py(127): click_Success->//*[@id="base_box"]/div/div[3]/form/button
[2021-03-17 07:39:35]cl_getDriver.py(127): click_Success->//*[@id="base_box"]/div/div[3]/form/button
[2021-03-17 07:39:35]cl_getDriver.py(127): click_Success->//*[@id="base_box"]/div/div[3]/form/button
[2021-03-17 07:39:36]cl_getDriver.py(72): Open NewTab->https://kabuoji3.com/stock/4221/1999/
[2021-03-17 07:39:36]cl_getDriver.py(72): Open NewTab->https://kabuoji3.com/stock/4220/1990/
[2021-03-17 07:39:37]cl_getDriver.py(127): click_Success->//*[@id="base_box"]/div/div[3]/form/button
[2021-03-17 07:39:37]cl_getDriver.py(127): click_Success->//*[@id="base_box"]/div/div[3]/form/button
[2021-03-17 07:39:39]cl_getDriver.py(127): click_Success->//*[@id="base_box"]/div/div[3]/form/button
[2021-03-17 07:39:39]cl_getDriver.py(127): click_Success->//*[@id="base_box"]/div/div[3]/form/button
[2021-03-17 07:39:40]cl_getDriver.py(72): Open NewTab->https://kabuoji3.com/stock/4220/1989/
[2021-03-17 07:39:40]cl_getDriver.py(72): Open NewTab->https://kabuoji3.com/stock/4221/1998/
[2021-03-17 07:39:41]cl_getDriver.py(127): click_Success->//*[@id="base_box"]/div/div[3]/form/button
[2021-03-17 07:39:41]cl_getDriver.py(127): click_Success->//*[@id="base_box"]/div/div[3]/form/button
[2021-03-17 07:39:44]cl_getDriver.py(127): click_Success->//*[@id="base_box"]/div/div[3]/form/button
[2021-03-17 07:39:44]cl_getDriver.py(127): click_Success->//*[@id="base_box"]/div/div[3]/form/button
[2021-03-17 07:39:44]cl_getDriver.py(72): Open NewTab->https://kabuoji3.com/stock/4221/1997/
[2021-03-17 07:39:44]cl_getDriver.py(72): Open NewTab->https://kabuoji3.com/stock/4220/1988/
[2021-03-17 07:39:46]cl_getDriver.py(127): click_Success->//*[@id="base_box"]/div/div[3]/form/button
[2021-03-17 07:39:46]cl_getDriver.py(127): click_Success->//*[@id="base_box"]/div/div[3]/form/button
[2021-03-17 07:39:48]cl_getDriver.py(127): click_Success->//*[@id="base_box"]/div/div[3]/form/button
[2021-03-17 07:39:48]cl_getDriver.py(72): Open NewTab->https://kabuoji3.com/stock/4220/1987/
[2021-03-17 07:39:49]cl_getDriver.py(127): click_Success->//*[@id="base_box"]/div/div[3]/form/button
[2021-03-17 07:39:49]cl_getDriver.py(72): Open NewTab->https://kabuoji3.com/stock/4221/1996/
[2021-03-17 07:39:50]cl_getDriver.py(127): click_Success->//*[@id="base_box"]/div/div[3]/form/button
[2021-03-17 07:39:50]cl_getDriver.py(127): click_Success->//*[@id="base_box"]/div/div[3]/form/button
[2021-03-17 07:39:52]cl_getDriver.py(127): click_Success->//*[@id="base_box"]/div/div[3]/form/button
[2021-03-17 07:39:52]cl_getDriver.py(72): Open NewTab->https://kabuoji3.com/stock/4220/1986/
[2021-03-17 07:39:53]cl_getDriver.py(127): click_Success->//*[@id="base_box"]/div/div[3]/form/button
[2021-03-17 07:39:53]cl_getDriver.py(72): Open NewTab->https://kabuoji3.com/stock/4221/1995/
[2021-03-17 07:39:54]cl_getDriver.py(127): click_Success->//*[@id="base_box"]/div/div[3]/form/button
[2021-03-17 07:39:54]cl_getDriver.py(127): click_Success->//*[@id="base_box"]/div/div[3]/form/button
[2021-03-17 07:39:56]cl_getDriver.py(127): click_Success->//*[@id="base_box"]/div/div[3]/form/button
[2021-03-17 07:39:57]cl_getDriver.py(127): click_Success->//*[@id="base_box"]/div/div[3]/form/button
[2021-03-17 07:39:57]cl_getDriver.py(72): Open NewTab->https://kabuoji3.com/stock/4220/1985/
[2021-03-17 07:39:57]cl_getDriver.py(72): Open NewTab->https://kabuoji3.com/stock/4221/1994/
[2021-03-17 07:39:58]cl_getDriver.py(127): click_Success->//*[@id="base_box"]/div/div[3]/form/button
[2021-03-17 07:39:59]cl_getDriver.py(127): click_Success->//*[@id="base_box"]/div/div[3]/form/button
[2021-03-17 07:40:00]cl_getDriver.py(127): click_Success->//*[@id="base_box"]/div/div[3]/form/button
[2021-03-17 07:40:01]cl_getDriver.py(72): Open NewTab->https://kabuoji3.com/stock/4221/1993/
[2021-03-17 07:40:02]cl_getDriver.py(127): click_Success->//*[@id="base_box"]/div/div[3]/form/button
[2021-03-17 07:40:02]cl_getDriver.py(127): click_Success->//*[@id="base_box"]/div/div[3]/form/button
[2021-03-17 07:40:02]cl_getDriver.py(72): Open NewTab->https://kabuoji3.com/stock/4220/1984/
[2021-03-17 07:40:03]cl_getDriver.py(127): click_Success->//*[@id="base_box"]/div/div[3]/form/button
[2021-03-17 07:40:04]cl_getDriver.py(127): click_Success->//*[@id="base_box"]/div/div[3]/form/button
[2021-03-17 07:40:04]cl_getDriver.py(72): Open NewTab->https://kabuoji3.com/stock/4221/1992/
[2021-03-17 07:40:05]cl_getDriver.py(127): click_Success->//*[@id="base_box"]/div/div[3]/form/button
[2021-03-17 07:40:06]cl_getDriver.py(127): click_Success->//*[@id="base_box"]/div/div[3]/form/button
[2021-03-17 07:40:06]cl_getDriver.py(72): Open NewTab->https://kabuoji3.com/stock/4220/1983/
[2021-03-17 07:40:07]cl_getDriver.py(127): click_Success->//*[@id="base_box"]/div/div[3]/form/button
[2021-03-17 07:40:08]cl_getDriver.py(127): click_Success->//*[@id="base_box"]/div/div[3]/form/button
[2021-03-17 07:40:08]cl_getDriver.py(72): Open NewTab->https://kabuoji3.com/stock/4221/1991/
[2021-03-17 07:40:09]cl_getDriver.py(127): click_Success->//*[@id="base_box"]/div/div[3]/form/button
[2021-03-17 07:40:09]cl_getDriver.py(127): click_Success->//*[@id="base_box"]/div/div[3]/form/button
[2021-03-17 07:40:12]cl_getDriver.py(127): click_Success->//*[@id="base_box"]/div/div[3]/form/button
[2021-03-17 07:40:12]cl_getDriver.py(72): Open NewTab->https://kabuoji3.com/stock/4221/1990/
[2021-03-17 07:40:13]main.py(42): finished Process->https://kabuoji3.com/stock/4220/
[2021-03-17 07:40:13]main.py(15): start_Process->https://kabuoji3.com/stock/4222/
[2021-03-17 07:40:13]cl_getDriver.py(127): click_Success->//*[@id="base_box"]/div/div[3]/form/button
[2021-03-17 07:40:16]cl_getDriver.py(127): click_Success->//*[@id="base_box"]/div/div[3]/form/button
[2021-03-17 07:40:16]cl_getDriver.py(72): Open NewTab->https://kabuoji3.com/stock/4221/1989/
[2021-03-17 07:40:17]cl_getDriver.py(127): click_Success->//*[@id="base_box"]/div/div[3]/form/button
[2021-03-17 07:40:18]cl_getDriver.py(64): getURL=https://kabuoji3.com/stock/4222/
[2021-03-17 07:40:19]cl_getDriver.py(72): Open NewTab->https://kabuoji3.com/stock/4222/
[2021-03-17 07:40:19]cl_getDriver.py(130): Not Found->//*[@id="base_box"]/div/div[3]/form/button
[2021-03-17 07:40:20]cl_getDriver.py(127): click_Success->//*[@id="base_box"]/div/div[3]/form/button
[2021-03-17 07:40:20]cl_getDriver.py(72): Open NewTab->https://kabuoji3.com/stock/4221/1988/
[2021-03-17 07:40:21]cl_getDriver.py(127): click_Success->//*[@id="base_box"]/div/div[3]/form/button
[2021-03-17 07:40:21]cl_getDriver.py(130): Not Found->//*[@id="base_box"]/div/div[3]/form/button
[2021-03-17 07:40:22]cl_getDriver.py(72): Open NewTab->https://kabuoji3.com/stock/4222/2021/
[2021-03-17 07:40:23]cl_getDriver.py(127): click_Success->//*[@id="base_box"]/div/div[3]/form/button
[2021-03-17 07:40:24]cl_getDriver.py(127): click_Success->//*[@id="base_box"]/div/div[3]/form/button
[2021-03-17 07:40:24]cl_getDriver.py(72): Open NewTab->https://kabuoji3.com/stock/4221/1987/
[2021-03-17 07:40:25]cl_getDriver.py(127): click_Success->//*[@id="base_box"]/div/div[3]/form/button
[2021-03-17 07:40:25]cl_getDriver.py(127): click_Success->//*[@id="base_box"]/div/div[3]/form/button
[2021-03-17 07:40:25]cl_getDriver.py(72): Open NewTab->https://kabuoji3.com/stock/4222/2020/
[2021-03-17 07:40:26]cl_getDriver.py(127): click_Success->//*[@id="base_box"]/div/div[3]/form/button
[2021-03-17 07:40:27]cl_getDriver.py(127): click_Success->//*[@id="base_box"]/div/div[3]/form/button
[2021-03-17 07:40:28]cl_getDriver.py(72): Open NewTab->https://kabuoji3.com/stock/4221/1986/
[2021-03-17 07:40:29]cl_getDriver.py(127): click_Success->//*[@id="base_box"]/div/div[3]/form/button
[2021-03-17 07:40:29]cl_getDriver.py(127): click_Success->//*[@id="base_box"]/div/div[3]/form/button
[2021-03-17 07:40:29]cl_getDriver.py(72): Open NewTab->https://kabuoji3.com/stock/4222/2019/
[2021-03-17 07:40:30]cl_getDriver.py(127): click_Success->//*[@id="base_box"]/div/div[3]/form/button
[2021-03-17 07:40:31]cl_getDriver.py(127): click_Success->//*[@id="base_box"]/div/div[3]/form/button
[2021-03-17 07:40:31]cl_getDriver.py(72): Open NewTab->https://kabuoji3.com/stock/4221/1985/
[2021-03-17 07:40:32]cl_getDriver.py(127): click_Success->//*[@id="base_box"]/div/div[3]/form/button
[2021-03-17 07:40:33]cl_getDriver.py(127): click_Success->//*[@id="base_box"]/div/div[3]/form/button
[2021-03-17 07:40:33]cl_getDriver.py(72): Open NewTab->https://kabuoji3.com/stock/4222/2018/
[2021-03-17 07:40:34]cl_getDriver.py(127): click_Success->//*[@id="base_box"]/div/div[3]/form/button
[2021-03-17 07:40:35]cl_getDriver.py(127): click_Success->//*[@id="base_box"]/div/div[3]/form/button
[2021-03-17 07:40:35]cl_getDriver.py(72): Open NewTab->https://kabuoji3.com/stock/4221/1984/
[2021-03-17 07:40:36]cl_getDriver.py(127): click_Success->//*[@id="base_box"]/div/div[3]/form/button
[2021-03-17 07:40:36]cl_getDriver.py(127): click_Success->//*[@id="base_box"]/div/div[3]/form/button
[2021-03-17 07:40:37]cl_getDriver.py(72): Open NewTab->https://kabuoji3.com/stock/4222/2017/
[2021-03-17 07:40:38]cl_getDriver.py(127): click_Success->//*[@id="base_box"]/div/div[3]/form/button
[2021-03-17 07:40:38]cl_getDriver.py(127): click_Success->//*[@id="base_box"]/div/div[3]/form/button
[2021-03-17 07:40:39]cl_getDriver.py(72): Open NewTab->https://kabuoji3.com/stock/4221/1983/
[2021-03-17 07:40:39]cl_getDriver.py(127): click_Success->//*[@id="base_box"]/div/div[3]/form/button
[2021-03-17 07:40:40]cl_getDriver.py(127): click_Success->//*[@id="base_box"]/div/div[3]/form/button
[2021-03-17 07:40:40]cl_getDriver.py(72): Open NewTab->https://kabuoji3.com/stock/4222/2016/
[2021-03-17 07:40:41]cl_getDriver.py(127): click_Success->//*[@id="base_box"]/div/div[3]/form/button
[2021-03-17 07:40:42]cl_getDriver.py(127): click_Success->//*[@id="base_box"]/div/div[3]/form/button
[2021-03-17 07:40:44]cl_getDriver.py(127): click_Success->//*[@id="base_box"]/div/div[3]/form/button
[2021-03-17 07:40:44]cl_getDriver.py(72): Open NewTab->https://kabuoji3.com/stock/4222/2015/
[2021-03-17 07:40:45]cl_getDriver.py(127): click_Success->//*[@id="base_box"]/div/div[3]/form/button
[2021-03-17 07:40:47]main.py(42): finished Process->https://kabuoji3.com/stock/4221/
[2021-03-17 07:40:47]main.py(15): start_Process->https://kabuoji3.com/stock/4224/
[2021-03-17 07:40:47]cl_getDriver.py(127): click_Success->//*[@id="base_box"]/div/div[3]/form/button
[2021-03-17 07:40:47]cl_getDriver.py(72): Open NewTab->https://kabuoji3.com/stock/4222/2014/
[2021-03-17 07:40:48]cl_getDriver.py(127): click_Success->//*[@id="base_box"]/div/div[3]/form/button
[2021-03-17 07:40:51]cl_getDriver.py(127): click_Success->//*[@id="base_box"]/div/div[3]/form/button
[2021-03-17 07:40:51]cl_getDriver.py(72): Open NewTab->https://kabuoji3.com/stock/4222/2013/
[2021-03-17 07:40:52]cl_getDriver.py(127): click_Success->//*[@id="base_box"]/div/div[3]/form/button
[2021-03-17 07:40:53]cl_getDriver.py(64): getURL=https://kabuoji3.com/stock/4224/
[2021-03-17 07:40:54]cl_getDriver.py(72): Open NewTab->https://kabuoji3.com/stock/4224/
[2021-03-17 07:40:54]cl_getDriver.py(130): Not Found->//*[@id="base_box"]/div/div[3]/form/button
[2021-03-17 07:40:54]cl_getDriver.py(127): click_Success->//*[@id="base_box"]/div/div[3]/form/button
[2021-03-17 07:40:55]cl_getDriver.py(72): Open NewTab->https://kabuoji3.com/stock/4222/2012/
[2021-03-17 07:40:56]cl_getDriver.py(127): click_Success->//*[@id="base_box"]/div/div[3]/form/button
[2021-03-17 07:40:56]cl_getDriver.py(130): Not Found->//*[@id="base_box"]/div/div[3]/form/button
[2021-03-17 07:40:56]cl_getDriver.py(72): Open NewTab->https://kabuoji3.com/stock/4224/2021/
[2021-03-17 07:40:57]cl_getDriver.py(127): click_Success->//*[@id="base_box"]/div/div[3]/form/button
[2021-03-17 07:40:58]cl_getDriver.py(127): click_Success->//*[@id="base_box"]/div/div[3]/form/button
[2021-03-17 07:40:58]cl_getDriver.py(72): Open NewTab->https://kabuoji3.com/stock/4222/2011/
[2021-03-17 07:40:59]cl_getDriver.py(127): click_Success->//*[@id="base_box"]/div/div[3]/form/button
[2021-03-17 07:41:00]cl_getDriver.py(127): click_Success->//*[@id="base_box"]/div/div[3]/form/button
[2021-03-17 07:41:00]cl_getDriver.py(72): Open NewTab->https://kabuoji3.com/stock/4224/2020/
[2021-03-17 07:41:01]cl_getDriver.py(127): click_Success->//*[@id="base_box"]/div/div[3]/form/button
[2021-03-17 07:41:02]cl_getDriver.py(127): click_Success->//*[@id="base_box"]/div/div[3]/form/button
[2021-03-17 07:41:02]cl_getDriver.py(72): Open NewTab->https://kabuoji3.com/stock/4222/2010/
[2021-03-17 07:41:03]cl_getDriver.py(127): click_Success->//*[@id="base_box"]/div/div[3]/form/button
[2021-03-17 07:41:04]cl_getDriver.py(127): click_Success->//*[@id="base_box"]/div/div[3]/form/button
[2021-03-17 07:41:04]cl_getDriver.py(72): Open NewTab->https://kabuoji3.com/stock/4224/2019/
[2021-03-17 07:41:05]cl_getDriver.py(127): click_Success->//*[@id="base_box"]/div/div[3]/form/button
[2021-03-17 07:41:06]cl_getDriver.py(127): click_Success->//*[@id="base_box"]/div/div[3]/form/button
[2021-03-17 07:41:06]cl_getDriver.py(72): Open NewTab->https://kabuoji3.com/stock/4222/2009/
[2021-03-17 07:41:07]cl_getDriver.py(127): click_Success->//*[@id="base_box"]/div/div[3]/form/button
[2021-03-17 07:41:07]cl_getDriver.py(127): click_Success->//*[@id="base_box"]/div/div[3]/form/button
[2021-03-17 07:41:08]cl_getDriver.py(72): Open NewTab->https://kabuoji3.com/stock/4224/2018/
[2021-03-17 07:41:09]cl_getDriver.py(127): click_Success->//*[@id="base_box"]/div/div[3]/form/button
[2021-03-17 07:41:09]cl_getDriver.py(127): click_Success->//*[@id="base_box"]/div/div[3]/form/button
[2021-03-17 07:41:10]cl_getDriver.py(72): Open NewTab->https://kabuoji3.com/stock/4222/2008/
[2021-03-17 07:41:11]cl_getDriver.py(127): click_Success->//*[@id="base_box"]/div/div[3]/form/button
[2021-03-17 07:41:11]cl_getDriver.py(127): click_Success->//*[@id="base_box"]/div/div[3]/form/button
[2021-03-17 07:41:11]cl_getDriver.py(72): Open NewTab->https://kabuoji3.com/stock/4224/2017/
[2021-03-17 07:41:12]cl_getDriver.py(127): click_Success->//*[@id="base_box"]/div/div[3]/form/button
[2021-03-17 07:41:13]cl_getDriver.py(127): click_Success->//*[@id="base_box"]/div/div[3]/form/button
[2021-03-17 07:41:13]cl_getDriver.py(72): Open NewTab->https://kabuoji3.com/stock/4222/2007/
[2021-03-17 07:41:14]cl_getDriver.py(127): click_Success->//*[@id="base_box"]/div/div[3]/form/button
[2021-03-17 07:41:15]cl_getDriver.py(127): click_Success->//*[@id="base_box"]/div/div[3]/form/button
[2021-03-17 07:41:15]cl_getDriver.py(72): Open NewTab->https://kabuoji3.com/stock/4224/2016/
[2021-03-17 07:41:16]cl_getDriver.py(127): click_Success->//*[@id="base_box"]/div/div[3]/form/button
[2021-03-17 07:41:17]cl_getDriver.py(127): click_Success->//*[@id="base_box"]/div/div[3]/form/button
[2021-03-17 07:41:17]cl_getDriver.py(72): Open NewTab->https://kabuoji3.com/stock/4222/2006/
[2021-03-17 07:41:18]cl_getDriver.py(127): click_Success->//*[@id="base_box"]/div/div[3]/form/button
[2021-03-17 07:41:18]cl_getDriver.py(127): click_Success->//*[@id="base_box"]/div/div[3]/form/button
[2021-03-17 07:41:19]cl_getDriver.py(72): Open NewTab->https://kabuoji3.com/stock/4224/2015/
[2021-03-17 07:41:20]cl_getDriver.py(127): click_Success->//*[@id="base_box"]/div/div[3]/form/button
[2021-03-17 07:41:20]cl_getDriver.py(127): click_Success->//*[@id="base_box"]/div/div[3]/form/button
[2021-03-17 07:41:21]cl_getDriver.py(72): Open NewTab->https://kabuoji3.com/stock/4222/2005/
[2021-03-17 07:41:22]cl_getDriver.py(127): click_Success->//*[@id="base_box"]/div/div[3]/form/button
[2021-03-17 07:41:22]cl_getDriver.py(127): click_Success->//*[@id="base_box"]/div/div[3]/form/button
[2021-03-17 07:41:22]cl_getDriver.py(72): Open NewTab->https://kabuoji3.com/stock/4224/2014/
[2021-03-17 07:41:23]cl_getDriver.py(127): click_Success->//*[@id="base_box"]/div/div[3]/form/button
[2021-03-17 07:41:24]cl_getDriver.py(127): click_Success->//*[@id="base_box"]/div/div[3]/form/button
[2021-03-17 07:41:25]cl_getDriver.py(72): Open NewTab->https://kabuoji3.com/stock/4222/2004/
[2021-03-17 07:41:26]cl_getDriver.py(127): click_Success->//*[@id="base_box"]/div/div[3]/form/button
[2021-03-17 07:41:26]cl_getDriver.py(127): click_Success->//*[@id="base_box"]/div/div[3]/form/button
[2021-03-17 07:41:26]cl_getDriver.py(72): Open NewTab->https://kabuoji3.com/stock/4224/2013/
[2021-03-17 07:41:27]cl_getDriver.py(127): click_Success->//*[@id="base_box"]/div/div[3]/form/button
[2021-03-17 07:41:28]cl_getDriver.py(127): click_Success->//*[@id="base_box"]/div/div[3]/form/button
[2021-03-17 07:41:28]cl_getDriver.py(72): Open NewTab->https://kabuoji3.com/stock/4222/2003/
[2021-03-17 07:41:29]cl_getDriver.py(127): click_Success->//*[@id="base_box"]/div/div[3]/form/button
[2021-03-17 07:41:30]cl_getDriver.py(127): click_Success->//*[@id="base_box"]/div/div[3]/form/button
[2021-03-17 07:41:30]cl_getDriver.py(72): Open NewTab->https://kabuoji3.com/stock/4224/2012/
[2021-03-17 07:41:31]cl_getDriver.py(127): click_Success->//*[@id="base_box"]/div/div[3]/form/button
[2021-03-17 07:41:32]cl_getDriver.py(127): click_Success->//*[@id="base_box"]/div/div[3]/form/button
[2021-03-17 07:41:32]cl_getDriver.py(72): Open NewTab->https://kabuoji3.com/stock/4222/2002/
[2021-03-17 07:41:33]cl_getDriver.py(127): click_Success->//*[@id="base_box"]/div/div[3]/form/button
[2021-03-17 07:41:33]cl_getDriver.py(127): click_Success->//*[@id="base_box"]/div/div[3]/form/button
[2021-03-17 07:41:34]cl_getDriver.py(72): Open NewTab->https://kabuoji3.com/stock/4224/2011/
[2021-03-17 07:41:35]cl_getDriver.py(127): click_Success->//*[@id="base_box"]/div/div[3]/form/button
[2021-03-17 07:41:36]cl_getDriver.py(127): click_Success->//*[@id="base_box"]/div/div[3]/form/button
[2021-03-17 07:41:36]cl_getDriver.py(72): Open NewTab->https://kabuoji3.com/stock/4222/2001/
[2021-03-17 07:41:37]cl_getDriver.py(127): click_Success->//*[@id="base_box"]/div/div[3]/form/button
[2021-03-17 07:41:37]cl_getDriver.py(127): click_Success->//*[@id="base_box"]/div/div[3]/form/button
[2021-03-17 07:41:38]cl_getDriver.py(72): Open NewTab->https://kabuoji3.com/stock/4224/2010/
[2021-03-17 07:41:39]cl_getDriver.py(127): click_Success->//*[@id="base_box"]/div/div[3]/form/button
[2021-03-17 07:41:39]cl_getDriver.py(127): click_Success->//*[@id="base_box"]/div/div[3]/form/button
[2021-03-17 07:41:40]cl_getDriver.py(72): Open NewTab->https://kabuoji3.com/stock/4222/2000/
[2021-03-17 07:41:41]cl_getDriver.py(127): click_Success->//*[@id="base_box"]/div/div[3]/form/button
[2021-03-17 07:41:41]cl_getDriver.py(127): click_Success->//*[@id="base_box"]/div/div[3]/form/button
[2021-03-17 07:41:41]cl_getDriver.py(72): Open NewTab->https://kabuoji3.com/stock/4224/2009/
[2021-03-17 07:41:43]cl_getDriver.py(127): click_Success->//*[@id="base_box"]/div/div[3]/form/button
[2021-03-17 07:41:43]cl_getDriver.py(72): Open NewTab->https://kabuoji3.com/stock/4222/1999/
[2021-03-17 07:41:43]cl_getDriver.py(127): click_Success->//*[@id="base_box"]/div/div[3]/form/button
[2021-03-17 07:41:44]cl_getDriver.py(127): click_Success->//*[@id="base_box"]/div/div[3]/form/button
[2021-03-17 07:41:45]cl_getDriver.py(127): click_Success->//*[@id="base_box"]/div/div[3]/form/button
[2021-03-17 07:41:46]cl_getDriver.py(72): Open NewTab->https://kabuoji3.com/stock/4224/2008/
[2021-03-17 07:41:46]cl_getDriver.py(127): click_Success->//*[@id="base_box"]/div/div[3]/form/button
[2021-03-17 07:41:47]cl_getDriver.py(72): Open NewTab->https://kabuoji3.com/stock/4222/1998/
[2021-03-17 07:41:47]cl_getDriver.py(127): click_Success->//*[@id="base_box"]/div/div[3]/form/button
[2021-03-17 07:41:48]cl_getDriver.py(127): click_Success->//*[@id="base_box"]/div/div[3]/form/button
[2021-03-17 07:41:50]cl_getDriver.py(127): click_Success->//*[@id="base_box"]/div/div[3]/form/button
[2021-03-17 07:41:50]cl_getDriver.py(72): Open NewTab->https://kabuoji3.com/stock/4224/2007/
[2021-03-17 07:41:50]cl_getDriver.py(127): click_Success->//*[@id="base_box"]/div/div[3]/form/button
[2021-03-17 07:41:51]cl_getDriver.py(72): Open NewTab->https://kabuoji3.com/stock/4222/1997/
[2021-03-17 07:41:51]cl_getDriver.py(127): click_Success->//*[@id="base_box"]/div/div[3]/form/button
[2021-03-17 07:41:52]cl_getDriver.py(127): click_Success->//*[@id="base_box"]/div/div[3]/form/button
[2021-03-17 07:41:54]cl_getDriver.py(127): click_Success->//*[@id="base_box"]/div/div[3]/form/button
[2021-03-17 07:41:54]cl_getDriver.py(72): Open NewTab->https://kabuoji3.com/stock/4224/2006/
[2021-03-17 07:41:54]cl_getDriver.py(127): click_Success->//*[@id="base_box"]/div/div[3]/form/button
[2021-03-17 07:41:55]cl_getDriver.py(72): Open NewTab->https://kabuoji3.com/stock/4222/1996/
[2021-03-17 07:41:56]cl_getDriver.py(127): click_Success->//*[@id="base_box"]/div/div[3]/form/button
[2021-03-17 07:41:56]cl_getDriver.py(127): click_Success->//*[@id="base_box"]/div/div[3]/form/button
[2021-03-17 07:41:58]cl_getDriver.py(127): click_Success->//*[@id="base_box"]/div/div[3]/form/button
[2021-03-17 07:41:58]cl_getDriver.py(72): Open NewTab->https://kabuoji3.com/stock/4224/2005/
[2021-03-17 07:41:58]cl_getDriver.py(127): click_Success->//*[@id="base_box"]/div/div[3]/form/button
[2021-03-17 07:41:59]cl_getDriver.py(72): Open NewTab->https://kabuoji3.com/stock/4222/1995/
[2021-03-17 07:42:00]cl_getDriver.py(127): click_Success->//*[@id="base_box"]/div/div[3]/form/button
[2021-03-17 07:42:00]cl_getDriver.py(127): click_Success->//*[@id="base_box"]/div/div[3]/form/button
[2021-03-17 07:42:02]cl_getDriver.py(127): click_Success->//*[@id="base_box"]/div/div[3]/form/button
[2021-03-17 07:42:03]cl_getDriver.py(72): Open NewTab->https://kabuoji3.com/stock/4224/2004/
[2021-03-17 07:42:03]cl_getDriver.py(127): click_Success->//*[@id="base_box"]/div/div[3]/form/button
[2021-03-17 07:42:03]cl_getDriver.py(72): Open NewTab->https://kabuoji3.com/stock/4222/1994/
[2021-03-17 07:42:04]cl_getDriver.py(127): click_Success->//*[@id="base_box"]/div/div[3]/form/button
[2021-03-17 07:42:05]cl_getDriver.py(127): click_Success->//*[@id="base_box"]/div/div[3]/form/button
[2021-03-17 07:42:06]cl_getDriver.py(127): click_Success->//*[@id="base_box"]/div/div[3]/form/button
[2021-03-17 07:42:07]cl_getDriver.py(72): Open NewTab->https://kabuoji3.com/stock/4224/2003/
[2021-03-17 07:42:07]cl_getDriver.py(127): click_Success->//*[@id="base_box"]/div/div[3]/form/button
[2021-03-17 07:42:07]cl_getDriver.py(72): Open NewTab->https://kabuoji3.com/stock/4222/1993/
[2021-03-17 07:42:08]cl_getDriver.py(127): click_Success->//*[@id="base_box"]/div/div[3]/form/button
[2021-03-17 07:42:09]cl_getDriver.py(127): click_Success->//*[@id="base_box"]/div/div[3]/form/button
[2021-03-17 07:42:11]cl_getDriver.py(127): click_Success->//*[@id="base_box"]/div/div[3]/form/button
[2021-03-17 07:42:11]cl_getDriver.py(72): Open NewTab->https://kabuoji3.com/stock/4224/2002/
[2021-03-17 07:42:11]cl_getDriver.py(127): click_Success->//*[@id="base_box"]/div/div[3]/form/button
[2021-03-17 07:42:11]cl_getDriver.py(72): Open NewTab->https://kabuoji3.com/stock/4222/1992/
[2021-03-17 07:42:12]cl_getDriver.py(127): click_Success->//*[@id="base_box"]/div/div[3]/form/button
[2021-03-17 07:42:13]cl_getDriver.py(127): click_Success->//*[@id="base_box"]/div/div[3]/form/button
[2021-03-17 07:42:15]cl_getDriver.py(127): click_Success->//*[@id="base_box"]/div/div[3]/form/button
[2021-03-17 07:42:15]cl_getDriver.py(127): click_Success->//*[@id="base_box"]/div/div[3]/form/button
[2021-03-17 07:42:15]cl_getDriver.py(72): Open NewTab->https://kabuoji3.com/stock/4224/2001/
[2021-03-17 07:42:15]cl_getDriver.py(72): Open NewTab->https://kabuoji3.com/stock/4222/1991/
[2021-03-17 07:42:17]cl_getDriver.py(127): click_Success->//*[@id="base_box"]/div/div[3]/form/button
[2021-03-17 07:42:17]cl_getDriver.py(127): click_Success->//*[@id="base_box"]/div/div[3]/form/button
[2021-03-17 07:42:19]cl_getDriver.py(127): click_Success->//*[@id="base_box"]/div/div[3]/form/button
[2021-03-17 07:42:19]cl_getDriver.py(127): click_Success->//*[@id="base_box"]/div/div[3]/form/button
[2021-03-17 07:42:20]cl_getDriver.py(72): Open NewTab->https://kabuoji3.com/stock/4224/2000/
[2021-03-17 07:42:20]cl_getDriver.py(72): Open NewTab->https://kabuoji3.com/stock/4222/1990/
[2021-03-17 07:42:21]cl_getDriver.py(127): click_Success->//*[@id="base_box"]/div/div[3]/form/button
[2021-03-17 07:42:21]cl_getDriver.py(127): click_Success->//*[@id="base_box"]/div/div[3]/form/button
[2021-03-17 07:42:23]cl_getDriver.py(127): click_Success->//*[@id="base_box"]/div/div[3]/form/button
[2021-03-17 07:42:23]cl_getDriver.py(127): click_Success->//*[@id="base_box"]/div/div[3]/form/button
[2021-03-17 07:42:24]cl_getDriver.py(72): Open NewTab->https://kabuoji3.com/stock/4222/1989/
[2021-03-17 07:42:24]cl_getDriver.py(72): Open NewTab->https://kabuoji3.com/stock/4224/1999/
[2021-03-17 07:42:25]cl_getDriver.py(127): click_Success->//*[@id="base_box"]/div/div[3]/form/button
[2021-03-17 07:42:25]cl_getDriver.py(127): click_Success->//*[@id="base_box"]/div/div[3]/form/button
[2021-03-17 07:42:27]cl_getDriver.py(127): click_Success->//*[@id="base_box"]/div/div[3]/form/button
[2021-03-17 07:42:28]cl_getDriver.py(127): click_Success->//*[@id="base_box"]/div/div[3]/form/button
[2021-03-17 07:42:28]cl_getDriver.py(72): Open NewTab->https://kabuoji3.com/stock/4222/1988/
[2021-03-17 07:42:28]cl_getDriver.py(72): Open NewTab->https://kabuoji3.com/stock/4224/1998/
[2021-03-17 07:42:29]cl_getDriver.py(127): click_Success->//*[@id="base_box"]/div/div[3]/form/button
[2021-03-17 07:42:29]cl_getDriver.py(127): click_Success->//*[@id="base_box"]/div/div[3]/form/button
[2021-03-17 07:42:32]cl_getDriver.py(127): click_Success->//*[@id="base_box"]/div/div[3]/form/button
[2021-03-17 07:42:32]cl_getDriver.py(127): click_Success->//*[@id="base_box"]/div/div[3]/form/button
[2021-03-17 07:42:33]cl_getDriver.py(72): Open NewTab->https://kabuoji3.com/stock/4224/1997/
[2021-03-17 07:42:33]cl_getDriver.py(72): Open NewTab->https://kabuoji3.com/stock/4222/1987/
[2021-03-17 07:42:34]cl_getDriver.py(127): click_Success->//*[@id="base_box"]/div/div[3]/form/button
[2021-03-17 07:42:34]cl_getDriver.py(127): click_Success->//*[@id="base_box"]/div/div[3]/form/button
[2021-03-17 07:42:36]cl_getDriver.py(127): click_Success->//*[@id="base_box"]/div/div[3]/form/button
[2021-03-17 07:42:36]cl_getDriver.py(72): Open NewTab->https://kabuoji3.com/stock/4224/1996/
[2021-03-17 07:42:36]cl_getDriver.py(127): click_Success->//*[@id="base_box"]/div/div[3]/form/button
[2021-03-17 07:42:37]cl_getDriver.py(72): Open NewTab->https://kabuoji3.com/stock/4222/1986/
[2021-03-17 07:42:38]cl_getDriver.py(127): click_Success->//*[@id="base_box"]/div/div[3]/form/button
[2021-03-17 07:42:38]cl_getDriver.py(127): click_Success->//*[@id="base_box"]/div/div[3]/form/button
[2021-03-17 07:42:40]cl_getDriver.py(127): click_Success->//*[@id="base_box"]/div/div[3]/form/button
[2021-03-17 07:42:41]cl_getDriver.py(127): click_Success->//*[@id="base_box"]/div/div[3]/form/button
[2021-03-17 07:42:41]cl_getDriver.py(72): Open NewTab->https://kabuoji3.com/stock/4224/1995/
[2021-03-17 07:42:41]cl_getDriver.py(72): Open NewTab->https://kabuoji3.com/stock/4222/1985/
[2021-03-17 07:42:42]cl_getDriver.py(127): click_Success->//*[@id="base_box"]/div/div[3]/form/button
[2021-03-17 07:42:42]cl_getDriver.py(127): click_Success->//*[@id="base_box"]/div/div[3]/form/button
[2021-03-17 07:42:44]cl_getDriver.py(127): click_Success->//*[@id="base_box"]/div/div[3]/form/button
[2021-03-17 07:42:45]cl_getDriver.py(72): Open NewTab->https://kabuoji3.com/stock/4224/1994/
[2021-03-17 07:42:45]cl_getDriver.py(127): click_Success->//*[@id="base_box"]/div/div[3]/form/button
[2021-03-17 07:42:45]cl_getDriver.py(72): Open NewTab->https://kabuoji3.com/stock/4222/1984/
[2021-03-17 07:42:46]cl_getDriver.py(127): click_Success->//*[@id="base_box"]/div/div[3]/form/button
[2021-03-17 07:42:46]cl_getDriver.py(127): click_Success->//*[@id="base_box"]/div/div[3]/form/button
[2021-03-17 07:42:48]cl_getDriver.py(127): click_Success->//*[@id="base_box"]/div/div[3]/form/button
[2021-03-17 07:42:49]cl_getDriver.py(72): Open NewTab->https://kabuoji3.com/stock/4224/1993/
[2021-03-17 07:42:49]cl_getDriver.py(127): click_Success->//*[@id="base_box"]/div/div[3]/form/button
[2021-03-17 07:42:49]cl_getDriver.py(72): Open NewTab->https://kabuoji3.com/stock/4222/1983/
[2021-03-17 07:42:50]cl_getDriver.py(127): click_Success->//*[@id="base_box"]/div/div[3]/form/button
[2021-03-17 07:42:51]cl_getDriver.py(127): click_Success->//*[@id="base_box"]/div/div[3]/form/button
[2021-03-17 07:42:52]cl_getDriver.py(127): click_Success->//*[@id="base_box"]/div/div[3]/form/button
[2021-03-17 07:42:53]cl_getDriver.py(72): Open NewTab->https://kabuoji3.com/stock/4224/1992/
[2021-03-17 07:42:53]cl_getDriver.py(127): click_Success->//*[@id="base_box"]/div/div[3]/form/button
[2021-03-17 07:42:54]cl_getDriver.py(127): click_Success->//*[@id="base_box"]/div/div[3]/form/button
[2021-03-17 07:42:56]cl_getDriver.py(127): click_Success->//*[@id="base_box"]/div/div[3]/form/button
[2021-03-17 07:42:57]cl_getDriver.py(72): Open NewTab->https://kabuoji3.com/stock/4224/1991/
[2021-03-17 07:42:57]main.py(42): finished Process->https://kabuoji3.com/stock/4222/
[2021-03-17 07:42:57]main.py(15): start_Process->https://kabuoji3.com/stock/4228/
[2021-03-17 07:42:58]cl_getDriver.py(127): click_Success->//*[@id="base_box"]/div/div[3]/form/button
[2021-03-17 07:43:00]cl_getDriver.py(127): click_Success->//*[@id="base_box"]/div/div[3]/form/button
[2021-03-17 07:43:00]cl_getDriver.py(72): Open NewTab->https://kabuoji3.com/stock/4224/1990/
[2021-03-17 07:43:01]cl_getDriver.py(127): click_Success->//*[@id="base_box"]/div/div[3]/form/button
[2021-03-17 07:43:03]cl_getDriver.py(64): getURL=https://kabuoji3.com/stock/4228/
[2021-03-17 07:43:04]cl_getDriver.py(127): click_Success->//*[@id="base_box"]/div/div[3]/form/button
[2021-03-17 07:43:04]cl_getDriver.py(72): Open NewTab->https://kabuoji3.com/stock/4224/1989/
[2021-03-17 07:43:04]cl_getDriver.py(72): Open NewTab->https://kabuoji3.com/stock/4228/
[2021-03-17 07:43:05]cl_getDriver.py(127): click_Success->//*[@id="base_box"]/div/div[3]/form/button
[2021-03-17 07:43:05]cl_getDriver.py(130): Not Found->//*[@id="base_box"]/div/div[3]/form/button
[2021-03-17 07:43:07]cl_getDriver.py(130): Not Found->//*[@id="base_box"]/div/div[3]/form/button
[2021-03-17 07:43:08]cl_getDriver.py(127): click_Success->//*[@id="base_box"]/div/div[3]/form/button
[2021-03-17 07:43:08]cl_getDriver.py(72): Open NewTab->https://kabuoji3.com/stock/4228/2021/
[2021-03-17 07:43:08]cl_getDriver.py(72): Open NewTab->https://kabuoji3.com/stock/4224/1988/
[2021-03-17 07:43:09]cl_getDriver.py(127): click_Success->//*[@id="base_box"]/div/div[3]/form/button
[2021-03-17 07:43:09]cl_getDriver.py(127): click_Success->//*[@id="base_box"]/div/div[3]/form/button
[2021-03-17 07:43:11]cl_getDriver.py(127): click_Success->//*[@id="base_box"]/div/div[3]/form/button
[2021-03-17 07:43:12]cl_getDriver.py(127): click_Success->//*[@id="base_box"]/div/div[3]/form/button
[2021-03-17 07:43:12]cl_getDriver.py(72): Open NewTab->https://kabuoji3.com/stock/4228/2020/
[2021-03-17 07:43:12]cl_getDriver.py(72): Open NewTab->https://kabuoji3.com/stock/4224/1987/
[2021-03-17 07:43:13]cl_getDriver.py(127): click_Success->//*[@id="base_box"]/div/div[3]/form/button
[2021-03-17 07:43:14]cl_getDriver.py(127): click_Success->//*[@id="base_box"]/div/div[3]/form/button
[2021-03-17 07:43:16]cl_getDriver.py(127): click_Success->//*[@id="base_box"]/div/div[3]/form/button
[2021-03-17 07:43:16]cl_getDriver.py(127): click_Success->//*[@id="base_box"]/div/div[3]/form/button
[2021-03-17 07:43:17]cl_getDriver.py(72): Open NewTab->https://kabuoji3.com/stock/4228/2019/
[2021-03-17 07:43:17]cl_getDriver.py(72): Open NewTab->https://kabuoji3.com/stock/4224/1986/
[2021-03-17 07:43:18]cl_getDriver.py(127): click_Success->//*[@id="base_box"]/div/div[3]/form/button
[2021-03-17 07:43:18]cl_getDriver.py(127): click_Success->//*[@id="base_box"]/div/div[3]/form/button
[2021-03-17 07:43:20]cl_getDriver.py(127): click_Success->//*[@id="base_box"]/div/div[3]/form/button
[2021-03-17 07:43:20]cl_getDriver.py(127): click_Success->//*[@id="base_box"]/div/div[3]/form/button
[2021-03-17 07:43:21]cl_getDriver.py(72): Open NewTab->https://kabuoji3.com/stock/4228/2018/
[2021-03-17 07:43:21]cl_getDriver.py(72): Open NewTab->https://kabuoji3.com/stock/4224/1985/
[2021-03-17 07:43:22]cl_getDriver.py(127): click_Success->//*[@id="base_box"]/div/div[3]/form/button
[2021-03-17 07:43:22]cl_getDriver.py(127): click_Success->//*[@id="base_box"]/div/div[3]/form/button
[2021-03-17 07:43:25]cl_getDriver.py(127): click_Success->//*[@id="base_box"]/div/div[3]/form/button
[2021-03-17 07:43:25]cl_getDriver.py(127): click_Success->//*[@id="base_box"]/div/div[3]/form/button
[2021-03-17 07:43:26]cl_getDriver.py(72): Open NewTab->https://kabuoji3.com/stock/4224/1984/
[2021-03-17 07:43:26]cl_getDriver.py(72): Open NewTab->https://kabuoji3.com/stock/4228/2017/
[2021-03-17 07:43:27]cl_getDriver.py(127): click_Success->//*[@id="base_box"]/div/div[3]/form/button
[2021-03-17 07:43:27]cl_getDriver.py(127): click_Success->//*[@id="base_box"]/div/div[3]/form/button
[2021-03-17 07:43:29]cl_getDriver.py(127): click_Success->//*[@id="base_box"]/div/div[3]/form/button
[2021-03-17 07:43:29]cl_getDriver.py(127): click_Success->//*[@id="base_box"]/div/div[3]/form/button
[2021-03-17 07:43:30]cl_getDriver.py(72): Open NewTab->https://kabuoji3.com/stock/4228/2016/
[2021-03-17 07:43:30]cl_getDriver.py(72): Open NewTab->https://kabuoji3.com/stock/4224/1983/
[2021-03-17 07:43:31]cl_getDriver.py(127): click_Success->//*[@id="base_box"]/div/div[3]/form/button
[2021-03-17 07:43:31]cl_getDriver.py(127): click_Success->//*[@id="base_box"]/div/div[3]/form/button
[2021-03-17 07:43:33]cl_getDriver.py(127): click_Success->//*[@id="base_box"]/div/div[3]/form/button
[2021-03-17 07:43:34]cl_getDriver.py(127): click_Success->//*[@id="base_box"]/div/div[3]/form/button
[2021-03-17 07:43:34]cl_getDriver.py(72): Open NewTab->https://kabuoji3.com/stock/4228/2015/
[2021-03-17 07:43:35]cl_getDriver.py(127): click_Success->//*[@id="base_box"]/div/div[3]/form/button
[2021-03-17 07:43:36]main.py(42): finished Process->https://kabuoji3.com/stock/4224/
[2021-03-17 07:43:36]main.py(15): start_Process->https://kabuoji3.com/stock/4229/
[2021-03-17 07:43:37]cl_getDriver.py(127): click_Success->//*[@id="base_box"]/div/div[3]/form/button
[2021-03-17 07:43:38]cl_getDriver.py(72): Open NewTab->https://kabuoji3.com/stock/4228/2014/
[2021-03-17 07:43:39]cl_getDriver.py(127): click_Success->//*[@id="base_box"]/div/div[3]/form/button
[2021-03-17 07:43:41]cl_getDriver.py(127): click_Success->//*[@id="base_box"]/div/div[3]/form/button
[2021-03-17 07:43:42]cl_getDriver.py(72): Open NewTab->https://kabuoji3.com/stock/4228/2013/
[2021-03-17 07:43:43]cl_getDriver.py(64): getURL=https://kabuoji3.com/stock/4229/
[2021-03-17 07:43:43]cl_getDriver.py(127): click_Success->//*[@id="base_box"]/div/div[3]/form/button
[2021-03-17 07:43:43]cl_getDriver.py(72): Open NewTab->https://kabuoji3.com/stock/4229/
[2021-03-17 07:43:44]cl_getDriver.py(130): Not Found->//*[@id="base_box"]/div/div[3]/form/button
[2021-03-17 07:43:45]cl_getDriver.py(127): click_Success->//*[@id="base_box"]/div/div[3]/form/button
[2021-03-17 07:43:46]cl_getDriver.py(72): Open NewTab->https://kabuoji3.com/stock/4228/2012/
[2021-03-17 07:43:46]cl_getDriver.py(130): Not Found->//*[@id="base_box"]/div/div[3]/form/button
[2021-03-17 07:43:47]cl_getDriver.py(72): Open NewTab->https://kabuoji3.com/stock/4229/2021/
[2021-03-17 07:43:47]cl_getDriver.py(127): click_Success->//*[@id="base_box"]/div/div[3]/form/button
[2021-03-17 07:43:48]cl_getDriver.py(127): click_Success->//*[@id="base_box"]/div/div[3]/form/button
[2021-03-17 07:43:49]cl_getDriver.py(127): click_Success->//*[@id="base_box"]/div/div[3]/form/button
[2021-03-17 07:43:50]cl_getDriver.py(72): Open NewTab->https://kabuoji3.com/stock/4228/2011/
[2021-03-17 07:43:50]cl_getDriver.py(127): click_Success->//*[@id="base_box"]/div/div[3]/form/button
[2021-03-17 07:43:51]cl_getDriver.py(72): Open NewTab->https://kabuoji3.com/stock/4229/2020/
[2021-03-17 07:43:51]cl_getDriver.py(127): click_Success->//*[@id="base_box"]/div/div[3]/form/button
[2021-03-17 07:43:52]cl_getDriver.py(127): click_Success->//*[@id="base_box"]/div/div[3]/form/button
[2021-03-17 07:43:53]cl_getDriver.py(127): click_Success->//*[@id="base_box"]/div/div[3]/form/button
[2021-03-17 07:43:54]cl_getDriver.py(72): Open NewTab->https://kabuoji3.com/stock/4228/2010/
[2021-03-17 07:43:54]cl_getDriver.py(127): click_Success->//*[@id="base_box"]/div/div[3]/form/button
[2021-03-17 07:43:55]cl_getDriver.py(72): Open NewTab->https://kabuoji3.com/stock/4229/2019/
[2021-03-17 07:43:55]cl_getDriver.py(127): click_Success->//*[@id="base_box"]/div/div[3]/form/button
[2021-03-17 07:43:56]cl_getDriver.py(127): click_Success->//*[@id="base_box"]/div/div[3]/form/button
[2021-03-17 07:43:57]cl_getDriver.py(127): click_Success->//*[@id="base_box"]/div/div[3]/form/button
[2021-03-17 07:43:58]cl_getDriver.py(72): Open NewTab->https://kabuoji3.com/stock/4228/2009/
[2021-03-17 07:43:58]cl_getDriver.py(127): click_Success->//*[@id="base_box"]/div/div[3]/form/button
[2021-03-17 07:43:59]cl_getDriver.py(72): Open NewTab->https://kabuoji3.com/stock/4229/2018/
[2021-03-17 07:43:59]cl_getDriver.py(127): click_Success->//*[@id="base_box"]/div/div[3]/form/button
[2021-03-17 07:44:00]cl_getDriver.py(127): click_Success->//*[@id="base_box"]/div/div[3]/form/button
[2021-03-17 07:44:01]cl_getDriver.py(127): click_Success->//*[@id="base_box"]/div/div[3]/form/button
[2021-03-17 07:44:02]cl_getDriver.py(72): Open NewTab->https://kabuoji3.com/stock/4228/2008/
[2021-03-17 07:44:02]cl_getDriver.py(127): click_Success->//*[@id="base_box"]/div/div[3]/form/button
[2021-03-17 07:44:03]cl_getDriver.py(72): Open NewTab->https://kabuoji3.com/stock/4229/2017/
[2021-03-17 07:44:03]cl_getDriver.py(127): click_Success->//*[@id="base_box"]/div/div[3]/form/button
[2021-03-17 07:44:04]cl_getDriver.py(127): click_Success->//*[@id="base_box"]/div/div[3]/form/button
[2021-03-17 07:44:05]cl_getDriver.py(127): click_Success->//*[@id="base_box"]/div/div[3]/form/button
[2021-03-17 07:44:05]cl_getDriver.py(72): Open NewTab->https://kabuoji3.com/stock/4228/2007/
[2021-03-17 07:44:07]cl_getDriver.py(127): click_Success->//*[@id="base_box"]/div/div[3]/form/button
[2021-03-17 07:44:07]cl_getDriver.py(127): click_Success->//*[@id="base_box"]/div/div[3]/form/button
[2021-03-17 07:44:07]cl_getDriver.py(72): Open NewTab->https://kabuoji3.com/stock/4229/2016/
[2021-03-17 07:44:08]cl_getDriver.py(127): click_Success->//*[@id="base_box"]/div/div[3]/form/button
[2021-03-17 07:44:09]cl_getDriver.py(127): click_Success->//*[@id="base_box"]/div/div[3]/form/button
[2021-03-17 07:44:10]cl_getDriver.py(72): Open NewTab->https://kabuoji3.com/stock/4228/2006/
[2021-03-17 07:44:10]cl_getDriver.py(127): click_Success->//*[@id="base_box"]/div/div[3]/form/button
[2021-03-17 07:44:11]cl_getDriver.py(72): Open NewTab->https://kabuoji3.com/stock/4229/2015/
[2021-03-17 07:44:11]cl_getDriver.py(127): click_Success->//*[@id="base_box"]/div/div[3]/form/button
[2021-03-17 07:44:12]cl_getDriver.py(127): click_Success->//*[@id="base_box"]/div/div[3]/form/button
[2021-03-17 07:44:13]cl_getDriver.py(127): click_Success->//*[@id="base_box"]/div/div[3]/form/button
[2021-03-17 07:44:14]cl_getDriver.py(72): Open NewTab->https://kabuoji3.com/stock/4228/2005/
[2021-03-17 07:44:14]cl_getDriver.py(127): click_Success->//*[@id="base_box"]/div/div[3]/form/button
[2021-03-17 07:44:15]cl_getDriver.py(72): Open NewTab->https://kabuoji3.com/stock/4229/2014/
[2021-03-17 07:44:15]cl_getDriver.py(127): click_Success->//*[@id="base_box"]/div/div[3]/form/button
[2021-03-17 07:44:16]cl_getDriver.py(127): click_Success->//*[@id="base_box"]/div/div[3]/form/button
[2021-03-17 07:44:17]cl_getDriver.py(127): click_Success->//*[@id="base_box"]/div/div[3]/form/button
[2021-03-17 07:44:18]cl_getDriver.py(72): Open NewTab->https://kabuoji3.com/stock/4228/2004/
[2021-03-17 07:44:18]cl_getDriver.py(127): click_Success->//*[@id="base_box"]/div/div[3]/form/button
[2021-03-17 07:44:18]cl_getDriver.py(72): Open NewTab->https://kabuoji3.com/stock/4229/2013/
[2021-03-17 07:44:19]cl_getDriver.py(127): click_Success->//*[@id="base_box"]/div/div[3]/form/button
[2021-03-17 07:44:20]cl_getDriver.py(127): click_Success->//*[@id="base_box"]/div/div[3]/form/button
[2021-03-17 07:44:22]cl_getDriver.py(127): click_Success->//*[@id="base_box"]/div/div[3]/form/button
[2021-03-17 07:44:22]cl_getDriver.py(72): Open NewTab->https://kabuoji3.com/stock/4228/2003/
[2021-03-17 07:44:22]cl_getDriver.py(127): click_Success->//*[@id="base_box"]/div/div[3]/form/button
[2021-03-17 07:44:23]cl_getDriver.py(72): Open NewTab->https://kabuoji3.com/stock/4229/2012/
[2021-03-17 07:44:24]cl_getDriver.py(127): click_Success->//*[@id="base_box"]/div/div[3]/form/button
[2021-03-17 07:44:24]cl_getDriver.py(127): click_Success->//*[@id="base_box"]/div/div[3]/form/button
[2021-03-17 07:44:26]cl_getDriver.py(127): click_Success->//*[@id="base_box"]/div/div[3]/form/button
[2021-03-17 07:44:26]cl_getDriver.py(72): Open NewTab->https://kabuoji3.com/stock/4228/2002/
[2021-03-17 07:44:26]cl_getDriver.py(127): click_Success->//*[@id="base_box"]/div/div[3]/form/button
[2021-03-17 07:44:27]cl_getDriver.py(72): Open NewTab->https://kabuoji3.com/stock/4229/2011/
[2021-03-17 07:44:28]cl_getDriver.py(127): click_Success->//*[@id="base_box"]/div/div[3]/form/button
[2021-03-17 07:44:28]cl_getDriver.py(127): click_Success->//*[@id="base_box"]/div/div[3]/form/button
[2021-03-17 07:44:30]cl_getDriver.py(127): click_Success->//*[@id="base_box"]/div/div[3]/form/button
[2021-03-17 07:44:30]cl_getDriver.py(72): Open NewTab->https://kabuoji3.com/stock/4228/2001/
[2021-03-17 07:44:31]cl_getDriver.py(127): click_Success->//*[@id="base_box"]/div/div[3]/form/button
[2021-03-17 07:44:31]cl_getDriver.py(72): Open NewTab->https://kabuoji3.com/stock/4229/2010/
[2021-03-17 07:44:32]cl_getDriver.py(127): click_Success->//*[@id="base_box"]/div/div[3]/form/button
[2021-03-17 07:44:32]cl_getDriver.py(127): click_Success->//*[@id="base_box"]/div/div[3]/form/button
[2021-03-17 07:44:34]cl_getDriver.py(127): click_Success->//*[@id="base_box"]/div/div[3]/form/button
[2021-03-17 07:44:35]cl_getDriver.py(72): Open NewTab->https://kabuoji3.com/stock/4228/2000/
[2021-03-17 07:44:35]cl_getDriver.py(127): click_Success->//*[@id="base_box"]/div/div[3]/form/button
[2021-03-17 07:44:35]cl_getDriver.py(72): Open NewTab->https://kabuoji3.com/stock/4229/2009/
[2021-03-17 07:44:36]cl_getDriver.py(127): click_Success->//*[@id="base_box"]/div/div[3]/form/button
[2021-03-17 07:44:36]cl_getDriver.py(127): click_Success->//*[@id="base_box"]/div/div[3]/form/button
[2021-03-17 07:44:38]cl_getDriver.py(127): click_Success->//*[@id="base_box"]/div/div[3]/form/button
[2021-03-17 07:44:39]cl_getDriver.py(72): Open NewTab->https://kabuoji3.com/stock/4228/1999/
[2021-03-17 07:44:39]cl_getDriver.py(127): click_Success->//*[@id="base_box"]/div/div[3]/form/button
[2021-03-17 07:44:39]cl_getDriver.py(72): Open NewTab->https://kabuoji3.com/stock/4229/2008/
[2021-03-17 07:44:40]cl_getDriver.py(127): click_Success->//*[@id="base_box"]/div/div[3]/form/button
[2021-03-17 07:44:41]cl_getDriver.py(127): click_Success->//*[@id="base_box"]/div/div[3]/form/button
[2021-03-17 07:44:43]cl_getDriver.py(127): click_Success->//*[@id="base_box"]/div/div[3]/form/button
[2021-03-17 07:44:43]cl_getDriver.py(72): Open NewTab->https://kabuoji3.com/stock/4228/1998/
[2021-03-17 07:44:43]cl_getDriver.py(127): click_Success->//*[@id="base_box"]/div/div[3]/form/button
[2021-03-17 07:44:44]cl_getDriver.py(72): Open NewTab->https://kabuoji3.com/stock/4229/2007/
[2021-03-17 07:44:44]cl_getDriver.py(127): click_Success->//*[@id="base_box"]/div/div[3]/form/button
[2021-03-17 07:44:45]cl_getDriver.py(127): click_Success->//*[@id="base_box"]/div/div[3]/form/button
[2021-03-17 07:44:47]cl_getDriver.py(127): click_Success->//*[@id="base_box"]/div/div[3]/form/button
[2021-03-17 07:44:47]cl_getDriver.py(72): Open NewTab->https://kabuoji3.com/stock/4228/1997/
[2021-03-17 07:44:47]cl_getDriver.py(127): click_Success->//*[@id="base_box"]/div/div[3]/form/button
[2021-03-17 07:44:48]cl_getDriver.py(72): Open NewTab->https://kabuoji3.com/stock/4229/2006/
[2021-03-17 07:44:49]cl_getDriver.py(127): click_Success->//*[@id="base_box"]/div/div[3]/form/button
[2021-03-17 07:44:49]cl_getDriver.py(127): click_Success->//*[@id="base_box"]/div/div[3]/form/button
[2021-03-17 07:44:51]cl_getDriver.py(127): click_Success->//*[@id="base_box"]/div/div[3]/form/button
[2021-03-17 07:44:51]cl_getDriver.py(127): click_Success->//*[@id="base_box"]/div/div[3]/form/button
[2021-03-17 07:44:52]cl_getDriver.py(72): Open NewTab->https://kabuoji3.com/stock/4228/1996/
[2021-03-17 07:44:52]cl_getDriver.py(72): Open NewTab->https://kabuoji3.com/stock/4229/2005/
[2021-03-17 07:44:53]cl_getDriver.py(127): click_Success->//*[@id="base_box"]/div/div[3]/form/button
[2021-03-17 07:44:54]cl_getDriver.py(127): click_Success->//*[@id="base_box"]/div/div[3]/form/button
[2021-03-17 07:44:56]cl_getDriver.py(127): click_Success->//*[@id="base_box"]/div/div[3]/form/button
[2021-03-17 07:44:56]cl_getDriver.py(72): Open NewTab->https://kabuoji3.com/stock/4228/1995/
[2021-03-17 07:44:56]cl_getDriver.py(127): click_Success->//*[@id="base_box"]/div/div[3]/form/button
[2021-03-17 07:44:57]cl_getDriver.py(72): Open NewTab->https://kabuoji3.com/stock/4229/2004/
[2021-03-17 07:44:57]cl_getDriver.py(127): click_Success->//*[@id="base_box"]/div/div[3]/form/button
[2021-03-17 07:44:58]cl_getDriver.py(127): click_Success->//*[@id="base_box"]/div/div[3]/form/button
[2021-03-17 07:45:00]cl_getDriver.py(127): click_Success->//*[@id="base_box"]/div/div[3]/form/button
[2021-03-17 07:45:00]cl_getDriver.py(72): Open NewTab->https://kabuoji3.com/stock/4228/1994/
[2021-03-17 07:45:00]cl_getDriver.py(127): click_Success->//*[@id="base_box"]/div/div[3]/form/button
[2021-03-17 07:45:01]cl_getDriver.py(72): Open NewTab->https://kabuoji3.com/stock/4229/2003/
[2021-03-17 07:45:01]cl_getDriver.py(127): click_Success->//*[@id="base_box"]/div/div[3]/form/button
[2021-03-17 07:45:02]cl_getDriver.py(127): click_Success->//*[@id="base_box"]/div/div[3]/form/button
[2021-03-17 07:45:04]cl_getDriver.py(127): click_Success->//*[@id="base_box"]/div/div[3]/form/button
[2021-03-17 07:45:04]cl_getDriver.py(72): Open NewTab->https://kabuoji3.com/stock/4228/1993/
[2021-03-17 07:45:04]cl_getDriver.py(127): click_Success->//*[@id="base_box"]/div/div[3]/form/button
[2021-03-17 07:45:05]cl_getDriver.py(72): Open NewTab->https://kabuoji3.com/stock/4229/2002/
[2021-03-17 07:45:05]cl_getDriver.py(127): click_Success->//*[@id="base_box"]/div/div[3]/form/button
[2021-03-17 07:45:06]cl_getDriver.py(127): click_Success->//*[@id="base_box"]/div/div[3]/form/button
[2021-03-17 07:45:08]cl_getDriver.py(127): click_Success->//*[@id="base_box"]/div/div[3]/form/button
[2021-03-17 07:45:08]cl_getDriver.py(72): Open NewTab->https://kabuoji3.com/stock/4228/1992/
[2021-03-17 07:45:08]cl_getDriver.py(127): click_Success->//*[@id="base_box"]/div/div[3]/form/button
[2021-03-17 07:45:09]cl_getDriver.py(72): Open NewTab->https://kabuoji3.com/stock/4229/2001/
[2021-03-17 07:45:10]cl_getDriver.py(127): click_Success->//*[@id="base_box"]/div/div[3]/form/button
[2021-03-17 07:45:10]cl_getDriver.py(127): click_Success->//*[@id="base_box"]/div/div[3]/form/button
[2021-03-17 07:45:12]cl_getDriver.py(127): click_Success->//*[@id="base_box"]/div/div[3]/form/button
[2021-03-17 07:45:12]cl_getDriver.py(72): Open NewTab->https://kabuoji3.com/stock/4228/1991/
[2021-03-17 07:45:12]cl_getDriver.py(127): click_Success->//*[@id="base_box"]/div/div[3]/form/button
[2021-03-17 07:45:13]cl_getDriver.py(72): Open NewTab->https://kabuoji3.com/stock/4229/2000/
[2021-03-17 07:45:14]cl_getDriver.py(127): click_Success->//*[@id="base_box"]/div/div[3]/form/button
[2021-03-17 07:45:14]cl_getDriver.py(127): click_Success->//*[@id="base_box"]/div/div[3]/form/button
[2021-03-17 07:45:16]cl_getDriver.py(127): click_Success->//*[@id="base_box"]/div/div[3]/form/button
[2021-03-17 07:45:16]cl_getDriver.py(72): Open NewTab->https://kabuoji3.com/stock/4228/1990/
[2021-03-17 07:45:17]cl_getDriver.py(127): click_Success->//*[@id="base_box"]/div/div[3]/form/button
[2021-03-17 07:45:17]cl_getDriver.py(72): Open NewTab->https://kabuoji3.com/stock/4229/1999/
[2021-03-17 07:45:18]cl_getDriver.py(127): click_Success->//*[@id="base_box"]/div/div[3]/form/button
[2021-03-17 07:45:18]cl_getDriver.py(127): click_Success->//*[@id="base_box"]/div/div[3]/form/button
[2021-03-17 07:45:20]cl_getDriver.py(127): click_Success->//*[@id="base_box"]/div/div[3]/form/button
[2021-03-17 07:45:21]cl_getDriver.py(127): click_Success->//*[@id="base_box"]/div/div[3]/form/button
[2021-03-17 07:45:21]cl_getDriver.py(72): Open NewTab->https://kabuoji3.com/stock/4228/1989/
[2021-03-17 07:45:21]cl_getDriver.py(72): Open NewTab->https://kabuoji3.com/stock/4229/1998/
[2021-03-17 07:45:22]cl_getDriver.py(127): click_Success->//*[@id="base_box"]/div/div[3]/form/button
[2021-03-17 07:45:22]cl_getDriver.py(127): click_Success->//*[@id="base_box"]/div/div[3]/form/button
[2021-03-17 07:45:24]cl_getDriver.py(127): click_Success->//*[@id="base_box"]/div/div[3]/form/button
[2021-03-17 07:45:25]cl_getDriver.py(127): click_Success->//*[@id="base_box"]/div/div[3]/form/button
[2021-03-17 07:45:25]cl_getDriver.py(72): Open NewTab->https://kabuoji3.com/stock/4228/1988/
[2021-03-17 07:45:25]cl_getDriver.py(72): Open NewTab->https://kabuoji3.com/stock/4229/1997/
[2021-03-17 07:45:26]cl_getDriver.py(127): click_Success->//*[@id="base_box"]/div/div[3]/form/button
[2021-03-17 07:45:27]cl_getDriver.py(127): click_Success->//*[@id="base_box"]/div/div[3]/form/button
[2021-03-17 07:45:29]cl_getDriver.py(127): click_Success->//*[@id="base_box"]/div/div[3]/form/button
[2021-03-17 07:45:29]cl_getDriver.py(127): click_Success->//*[@id="base_box"]/div/div[3]/form/button
[2021-03-17 07:45:30]cl_getDriver.py(72): Open NewTab->https://kabuoji3.com/stock/4229/1996/
[2021-03-17 07:45:30]cl_getDriver.py(72): Open NewTab->https://kabuoji3.com/stock/4228/1987/
[2021-03-17 07:45:31]cl_getDriver.py(127): click_Success->//*[@id="base_box"]/div/div[3]/form/button
[2021-03-17 07:45:31]cl_getDriver.py(127): click_Success->//*[@id="base_box"]/div/div[3]/form/button
[2021-03-17 07:45:33]cl_getDriver.py(127): click_Success->//*[@id="base_box"]/div/div[3]/form/button
[2021-03-17 07:45:33]cl_getDriver.py(127): click_Success->//*[@id="base_box"]/div/div[3]/form/button
[2021-03-17 07:45:34]cl_getDriver.py(72): Open NewTab->https://kabuoji3.com/stock/4229/1995/
[2021-03-17 07:45:34]cl_getDriver.py(72): Open NewTab->https://kabuoji3.com/stock/4228/1986/
[2021-03-17 07:45:35]cl_getDriver.py(127): click_Success->//*[@id="base_box"]/div/div[3]/form/button
[2021-03-17 07:45:35]cl_getDriver.py(127): click_Success->//*[@id="base_box"]/div/div[3]/form/button
[2021-03-17 07:45:37]cl_getDriver.py(127): click_Success->//*[@id="base_box"]/div/div[3]/form/button
[2021-03-17 07:45:38]cl_getDriver.py(72): Open NewTab->https://kabuoji3.com/stock/4229/1994/
[2021-03-17 07:45:38]cl_getDriver.py(127): click_Success->//*[@id="base_box"]/div/div[3]/form/button
[2021-03-17 07:45:38]cl_getDriver.py(72): Open NewTab->https://kabuoji3.com/stock/4228/1985/
[2021-03-17 07:45:39]cl_getDriver.py(127): click_Success->//*[@id="base_box"]/div/div[3]/form/button
[2021-03-17 07:45:40]cl_getDriver.py(127): click_Success->//*[@id="base_box"]/div/div[3]/form/button
[2021-03-17 07:45:42]cl_getDriver.py(127): click_Success->//*[@id="base_box"]/div/div[3]/form/button
[2021-03-17 07:45:42]cl_getDriver.py(72): Open NewTab->https://kabuoji3.com/stock/4229/1993/
[2021-03-17 07:45:42]cl_getDriver.py(127): click_Success->//*[@id="base_box"]/div/div[3]/form/button
[2021-03-17 07:45:42]cl_getDriver.py(72): Open NewTab->https://kabuoji3.com/stock/4228/1984/
[2021-03-17 07:45:43]cl_getDriver.py(127): click_Success->//*[@id="base_box"]/div/div[3]/form/button
[2021-03-17 07:45:44]cl_getDriver.py(127): click_Success->//*[@id="base_box"]/div/div[3]/form/button
[2021-03-17 07:45:46]cl_getDriver.py(127): click_Success->//*[@id="base_box"]/div/div[3]/form/button
[2021-03-17 07:45:46]cl_getDriver.py(72): Open NewTab->https://kabuoji3.com/stock/4229/1992/
[2021-03-17 07:45:46]cl_getDriver.py(127): click_Success->//*[@id="base_box"]/div/div[3]/form/button
[2021-03-17 07:45:47]cl_getDriver.py(72): Open NewTab->https://kabuoji3.com/stock/4228/1983/
[2021-03-17 07:45:48]cl_getDriver.py(127): click_Success->//*[@id="base_box"]/div/div[3]/form/button
[2021-03-17 07:45:48]cl_getDriver.py(127): click_Success->//*[@id="base_box"]/div/div[3]/form/button
[2021-03-17 07:45:50]cl_getDriver.py(127): click_Success->//*[@id="base_box"]/div/div[3]/form/button
[2021-03-17 07:45:50]cl_getDriver.py(72): Open NewTab->https://kabuoji3.com/stock/4229/1991/
[2021-03-17 07:45:50]cl_getDriver.py(127): click_Success->//*[@id="base_box"]/div/div[3]/form/button
[2021-03-17 07:45:51]cl_getDriver.py(127): click_Success->//*[@id="base_box"]/div/div[3]/form/button
[2021-03-17 07:45:54]cl_getDriver.py(127): click_Success->//*[@id="base_box"]/div/div[3]/form/button
[2021-03-17 07:45:54]cl_getDriver.py(72): Open NewTab->https://kabuoji3.com/stock/4229/1990/
[2021-03-17 07:45:55]main.py(42): finished Process->https://kabuoji3.com/stock/4228/
[2021-03-17 07:45:55]main.py(15): start_Process->https://kabuoji3.com/stock/4231/
[2021-03-17 07:45:55]cl_getDriver.py(127): click_Success->//*[@id="base_box"]/div/div[3]/form/button
[2021-03-17 07:45:57]cl_getDriver.py(127): click_Success->//*[@id="base_box"]/div/div[3]/form/button
[2021-03-17 07:45:57]cl_getDriver.py(72): Open NewTab->https://kabuoji3.com/stock/4229/1989/
[2021-03-17 07:45:58]cl_getDriver.py(127): click_Success->//*[@id="base_box"]/div/div[3]/form/button
[2021-03-17 07:46:00]cl_getDriver.py(64): getURL=https://kabuoji3.com/stock/4231/
[2021-03-17 07:46:01]cl_getDriver.py(127): click_Success->//*[@id="base_box"]/div/div[3]/form/button
[2021-03-17 07:46:01]cl_getDriver.py(72): Open NewTab->https://kabuoji3.com/stock/4231/
[2021-03-17 07:46:01]cl_getDriver.py(72): Open NewTab->https://kabuoji3.com/stock/4229/1988/
[2021-03-17 07:46:02]cl_getDriver.py(130): Not Found->//*[@id="base_box"]/div/div[3]/form/button
[2021-03-17 07:46:02]cl_getDriver.py(127): click_Success->//*[@id="base_box"]/div/div[3]/form/button
[2021-03-17 07:46:04]cl_getDriver.py(130): Not Found->//*[@id="base_box"]/div/div[3]/form/button
[2021-03-17 07:46:04]cl_getDriver.py(72): Open NewTab->https://kabuoji3.com/stock/4231/2021/
[2021-03-17 07:46:05]cl_getDriver.py(127): click_Success->//*[@id="base_box"]/div/div[3]/form/button
[2021-03-17 07:46:05]cl_getDriver.py(127): click_Success->//*[@id="base_box"]/div/div[3]/form/button
[2021-03-17 07:46:05]cl_getDriver.py(72): Open NewTab->https://kabuoji3.com/stock/4229/1987/
[2021-03-17 07:46:06]cl_getDriver.py(127): click_Success->//*[@id="base_box"]/div/div[3]/form/button
[2021-03-17 07:46:07]cl_getDriver.py(127): click_Success->//*[@id="base_box"]/div/div[3]/form/button
[2021-03-17 07:46:08]cl_getDriver.py(72): Open NewTab->https://kabuoji3.com/stock/4231/2020/
[2021-03-17 07:46:09]cl_getDriver.py(127): click_Success->//*[@id="base_box"]/div/div[3]/form/button
[2021-03-17 07:46:09]cl_getDriver.py(72): Open NewTab->https://kabuoji3.com/stock/4229/1986/
[2021-03-17 07:46:09]cl_getDriver.py(127): click_Success->//*[@id="base_box"]/div/div[3]/form/button
[2021-03-17 07:46:12]cl_getDriver.py(127): click_Success->//*[@id="base_box"]/div/div[3]/form/button
[2021-03-17 07:46:12]cl_getDriver.py(127): click_Success->//*[@id="base_box"]/div/div[3]/form/button
[2021-03-17 07:46:12]cl_getDriver.py(72): Open NewTab->https://kabuoji3.com/stock/4231/2019/
[2021-03-17 07:46:13]cl_getDriver.py(127): click_Success->//*[@id="base_box"]/div/div[3]/form/button
[2021-03-17 07:46:14]cl_getDriver.py(127): click_Success->//*[@id="base_box"]/div/div[3]/form/button
[2021-03-17 07:46:14]cl_getDriver.py(72): Open NewTab->https://kabuoji3.com/stock/4229/1985/
[2021-03-17 07:46:15]cl_getDriver.py(127): click_Success->//*[@id="base_box"]/div/div[3]/form/button
[2021-03-17 07:46:16]cl_getDriver.py(127): click_Success->//*[@id="base_box"]/div/div[3]/form/button
[2021-03-17 07:46:16]cl_getDriver.py(72): Open NewTab->https://kabuoji3.com/stock/4231/2018/
[2021-03-17 07:46:18]cl_getDriver.py(127): click_Success->//*[@id="base_box"]/div/div[3]/form/button
[2021-03-17 07:46:18]cl_getDriver.py(127): click_Success->//*[@id="base_box"]/div/div[3]/form/button
[2021-03-17 07:46:18]cl_getDriver.py(72): Open NewTab->https://kabuoji3.com/stock/4229/1984/
[2021-03-17 07:46:19]cl_getDriver.py(127): click_Success->//*[@id="base_box"]/div/div[3]/form/button
[2021-03-17 07:46:20]cl_getDriver.py(127): click_Success->//*[@id="base_box"]/div/div[3]/form/button
[2021-03-17 07:46:20]cl_getDriver.py(72): Open NewTab->https://kabuoji3.com/stock/4231/2017/
[2021-03-17 07:46:21]cl_getDriver.py(127): click_Success->//*[@id="base_box"]/div/div[3]/form/button
[2021-03-17 07:46:22]cl_getDriver.py(127): click_Success->//*[@id="base_box"]/div/div[3]/form/button
[2021-03-17 07:46:22]cl_getDriver.py(72): Open NewTab->https://kabuoji3.com/stock/4229/1983/
[2021-03-17 07:46:23]cl_getDriver.py(127): click_Success->//*[@id="base_box"]/div/div[3]/form/button
[2021-03-17 07:46:24]cl_getDriver.py(127): click_Success->//*[@id="base_box"]/div/div[3]/form/button
[2021-03-17 07:46:25]cl_getDriver.py(72): Open NewTab->https://kabuoji3.com/stock/4231/2016/
[2021-03-17 07:46:25]cl_getDriver.py(127): click_Success->//*[@id="base_box"]/div/div[3]/form/button
[2021-03-17 07:46:26]cl_getDriver.py(127): click_Success->//*[@id="base_box"]/div/div[3]/form/button
[2021-03-17 07:46:28]main.py(42): finished Process->https://kabuoji3.com/stock/4229/
[2021-03-17 07:46:28]main.py(15): start_Process->https://kabuoji3.com/stock/4234/
[2021-03-17 07:46:28]cl_getDriver.py(127): click_Success->//*[@id="base_box"]/div/div[3]/form/button
[2021-03-17 07:46:28]cl_getDriver.py(72): Open NewTab->https://kabuoji3.com/stock/4231/2015/
[2021-03-17 07:46:29]cl_getDriver.py(127): click_Success->//*[@id="base_box"]/div/div[3]/form/button
[2021-03-17 07:46:32]cl_getDriver.py(127): click_Success->//*[@id="base_box"]/div/div[3]/form/button
[2021-03-17 07:46:32]cl_getDriver.py(72): Open NewTab->https://kabuoji3.com/stock/4231/2014/
[2021-03-17 07:46:34]cl_getDriver.py(127): click_Success->//*[@id="base_box"]/div/div[3]/form/button
[2021-03-17 07:46:34]cl_getDriver.py(64): getURL=https://kabuoji3.com/stock/4234/
[2021-03-17 07:46:34]cl_getDriver.py(72): Open NewTab->https://kabuoji3.com/stock/4234/
[2021-03-17 07:46:35]cl_getDriver.py(130): Not Found->//*[@id="base_box"]/div/div[3]/form/button
[2021-03-17 07:46:36]cl_getDriver.py(127): click_Success->//*[@id="base_box"]/div/div[3]/form/button
[2021-03-17 07:46:36]cl_getDriver.py(72): Open NewTab->https://kabuoji3.com/stock/4231/2013/
[2021-03-17 07:46:37]cl_getDriver.py(130): Not Found->//*[@id="base_box"]/div/div[3]/form/button
[2021-03-17 07:46:37]cl_getDriver.py(127): click_Success->//*[@id="base_box"]/div/div[3]/form/button
[2021-03-17 07:46:37]cl_getDriver.py(72): Open NewTab->https://kabuoji3.com/stock/4234/2021/
[2021-03-17 07:46:38]cl_getDriver.py(127): click_Success->//*[@id="base_box"]/div/div[3]/form/button
[2021-03-17 07:46:40]cl_getDriver.py(127): click_Success->//*[@id="base_box"]/div/div[3]/form/button
[2021-03-17 07:46:40]cl_getDriver.py(72): Open NewTab->https://kabuoji3.com/stock/4231/2012/
[2021-03-17 07:46:41]cl_getDriver.py(127): click_Success->//*[@id="base_box"]/div/div[3]/form/button
[2021-03-17 07:46:41]cl_getDriver.py(72): Open NewTab->https://kabuoji3.com/stock/4234/2020/
[2021-03-17 07:46:41]cl_getDriver.py(127): click_Success->//*[@id="base_box"]/div/div[3]/form/button
[2021-03-17 07:46:42]cl_getDriver.py(127): click_Success->//*[@id="base_box"]/div/div[3]/form/button
[2021-03-17 07:46:43]cl_getDriver.py(127): click_Success->//*[@id="base_box"]/div/div[3]/form/button
[2021-03-17 07:46:44]cl_getDriver.py(72): Open NewTab->https://kabuoji3.com/stock/4231/2011/
[2021-03-17 07:46:45]cl_getDriver.py(127): click_Success->//*[@id="base_box"]/div/div[3]/form/button
[2021-03-17 07:46:45]cl_getDriver.py(72): Open NewTab->https://kabuoji3.com/stock/4234/2019/
[2021-03-17 07:46:45]cl_getDriver.py(127): click_Success->//*[@id="base_box"]/div/div[3]/form/button
[2021-03-17 07:46:46]cl_getDriver.py(127): click_Success->//*[@id="base_box"]/div/div[3]/form/button
[2021-03-17 07:46:47]cl_getDriver.py(127): click_Success->//*[@id="base_box"]/div/div[3]/form/button
[2021-03-17 07:46:48]cl_getDriver.py(72): Open NewTab->https://kabuoji3.com/stock/4231/2010/
[2021-03-17 07:46:48]cl_getDriver.py(127): click_Success->//*[@id="base_box"]/div/div[3]/form/button
[2021-03-17 07:46:49]cl_getDriver.py(127): click_Success->//*[@id="base_box"]/div/div[3]/form/button
[2021-03-17 07:46:49]cl_getDriver.py(72): Open NewTab->https://kabuoji3.com/stock/4234/2018/
[2021-03-17 07:46:50]cl_getDriver.py(127): click_Success->//*[@id="base_box"]/div/div[3]/form/button
[2021-03-17 07:46:51]cl_getDriver.py(127): click_Success->//*[@id="base_box"]/div/div[3]/form/button
[2021-03-17 07:46:51]cl_getDriver.py(72): Open NewTab->https://kabuoji3.com/stock/4231/2009/
[2021-03-17 07:46:52]cl_getDriver.py(127): click_Success->//*[@id="base_box"]/div/div[3]/form/button
[2021-03-17 07:46:53]cl_getDriver.py(72): Open NewTab->https://kabuoji3.com/stock/4234/2017/
[2021-03-17 07:46:53]cl_getDriver.py(127): click_Success->//*[@id="base_box"]/div/div[3]/form/button
[2021-03-17 07:46:54]cl_getDriver.py(127): click_Success->//*[@id="base_box"]/div/div[3]/form/button
[2021-03-17 07:46:55]cl_getDriver.py(127): click_Success->//*[@id="base_box"]/div/div[3]/form/button
[2021-03-17 07:46:55]cl_getDriver.py(72): Open NewTab->https://kabuoji3.com/stock/4231/2008/
[2021-03-17 07:46:56]cl_getDriver.py(127): click_Success->//*[@id="base_box"]/div/div[3]/form/button
[2021-03-17 07:46:56]cl_getDriver.py(72): Open NewTab->https://kabuoji3.com/stock/4234/2016/
[2021-03-17 07:46:56]cl_getDriver.py(127): click_Success->//*[@id="base_box"]/div/div[3]/form/button
[2021-03-17 07:46:58]cl_getDriver.py(127): click_Success->//*[@id="base_box"]/div/div[3]/form/button
[2021-03-17 07:46:59]cl_getDriver.py(127): click_Success->//*[@id="base_box"]/div/div[3]/form/button
[2021-03-17 07:46:59]cl_getDriver.py(72): Open NewTab->https://kabuoji3.com/stock/4231/2007/
[2021-03-17 07:47:00]cl_getDriver.py(127): click_Success->//*[@id="base_box"]/div/div[3]/form/button
[2021-03-17 07:47:00]cl_getDriver.py(127): click_Success->//*[@id="base_box"]/div/div[3]/form/button
[2021-03-17 07:47:00]cl_getDriver.py(72): Open NewTab->https://kabuoji3.com/stock/4234/2015/
[2021-03-17 07:47:01]cl_getDriver.py(127): click_Success->//*[@id="base_box"]/div/div[3]/form/button
[2021-03-17 07:47:02]cl_getDriver.py(127): click_Success->//*[@id="base_box"]/div/div[3]/form/button
[2021-03-17 07:47:03]cl_getDriver.py(72): Open NewTab->https://kabuoji3.com/stock/4231/2006/
[2021-03-17 07:47:04]cl_getDriver.py(127): click_Success->//*[@id="base_box"]/div/div[3]/form/button
[2021-03-17 07:47:04]cl_getDriver.py(127): click_Success->//*[@id="base_box"]/div/div[3]/form/button
[2021-03-17 07:47:04]cl_getDriver.py(72): Open NewTab->https://kabuoji3.com/stock/4234/2014/
[2021-03-17 07:47:05]cl_getDriver.py(127): click_Success->//*[@id="base_box"]/div/div[3]/form/button
[2021-03-17 07:47:06]cl_getDriver.py(127): click_Success->//*[@id="base_box"]/div/div[3]/form/button
[2021-03-17 07:47:07]cl_getDriver.py(72): Open NewTab->https://kabuoji3.com/stock/4231/2005/
[2021-03-17 07:47:07]cl_getDriver.py(127): click_Success->//*[@id="base_box"]/div/div[3]/form/button
[2021-03-17 07:47:08]cl_getDriver.py(127): click_Success->//*[@id="base_box"]/div/div[3]/form/button
[2021-03-17 07:47:08]cl_getDriver.py(72): Open NewTab->https://kabuoji3.com/stock/4234/2013/
[2021-03-17 07:47:09]cl_getDriver.py(127): click_Success->//*[@id="base_box"]/div/div[3]/form/button
[2021-03-17 07:47:10]cl_getDriver.py(127): click_Success->//*[@id="base_box"]/div/div[3]/form/button
[2021-03-17 07:47:10]cl_getDriver.py(72): Open NewTab->https://kabuoji3.com/stock/4231/2004/
[2021-03-17 07:47:11]cl_getDriver.py(127): click_Success->//*[@id="base_box"]/div/div[3]/form/button
[2021-03-17 07:47:11]cl_getDriver.py(127): click_Success->//*[@id="base_box"]/div/div[3]/form/button
[2021-03-17 07:47:11]cl_getDriver.py(72): Open NewTab->https://kabuoji3.com/stock/4234/2012/
[2021-03-17 07:47:12]cl_getDriver.py(127): click_Success->//*[@id="base_box"]/div/div[3]/form/button
[2021-03-17 07:47:13]cl_getDriver.py(127): click_Success->//*[@id="base_box"]/div/div[3]/form/button
[2021-03-17 07:47:14]cl_getDriver.py(72): Open NewTab->https://kabuoji3.com/stock/4231/2003/
[2021-03-17 07:47:15]cl_getDriver.py(127): click_Success->//*[@id="base_box"]/div/div[3]/form/button
[2021-03-17 07:47:15]cl_getDriver.py(127): click_Success->//*[@id="base_box"]/div/div[3]/form/button
[2021-03-17 07:47:15]cl_getDriver.py(72): Open NewTab->https://kabuoji3.com/stock/4234/2011/
[2021-03-17 07:47:17]cl_getDriver.py(127): click_Success->//*[@id="base_box"]/div/div[3]/form/button
[2021-03-17 07:47:17]cl_getDriver.py(127): click_Success->//*[@id="base_box"]/div/div[3]/form/button
[2021-03-17 07:47:17]cl_getDriver.py(72): Open NewTab->https://kabuoji3.com/stock/4231/2002/
[2021-03-17 07:47:18]cl_getDriver.py(127): click_Success->//*[@id="base_box"]/div/div[3]/form/button
[2021-03-17 07:47:19]cl_getDriver.py(127): click_Success->//*[@id="base_box"]/div/div[3]/form/button
[2021-03-17 07:47:19]cl_getDriver.py(72): Open NewTab->https://kabuoji3.com/stock/4234/2010/
[2021-03-17 07:47:20]cl_getDriver.py(127): click_Success->//*[@id="base_box"]/div/div[3]/form/button
[2021-03-17 07:47:20]cl_getDriver.py(127): click_Success->//*[@id="base_box"]/div/div[3]/form/button
[2021-03-17 07:47:21]cl_getDriver.py(72): Open NewTab->https://kabuoji3.com/stock/4231/2001/
[2021-03-17 07:47:22]cl_getDriver.py(127): click_Success->//*[@id="base_box"]/div/div[3]/form/button
[2021-03-17 07:47:22]cl_getDriver.py(127): click_Success->//*[@id="base_box"]/div/div[3]/form/button
[2021-03-17 07:47:23]cl_getDriver.py(72): Open NewTab->https://kabuoji3.com/stock/4234/2009/
[2021-03-17 07:47:24]cl_getDriver.py(127): click_Success->//*[@id="base_box"]/div/div[3]/form/button
[2021-03-17 07:47:24]cl_getDriver.py(127): click_Success->//*[@id="base_box"]/div/div[3]/form/button
[2021-03-17 07:47:24]cl_getDriver.py(72): Open NewTab->https://kabuoji3.com/stock/4231/2000/
[2021-03-17 07:47:25]cl_getDriver.py(127): click_Success->//*[@id="base_box"]/div/div[3]/form/button
[2021-03-17 07:47:26]cl_getDriver.py(127): click_Success->//*[@id="base_box"]/div/div[3]/form/button
[2021-03-17 07:47:26]cl_getDriver.py(72): Open NewTab->https://kabuoji3.com/stock/4234/2008/
[2021-03-17 07:47:27]cl_getDriver.py(127): click_Success->//*[@id="base_box"]/div/div[3]/form/button
[2021-03-17 07:47:28]cl_getDriver.py(127): click_Success->//*[@id="base_box"]/div/div[3]/form/button
[2021-03-17 07:47:30]cl_getDriver.py(127): click_Success->//*[@id="base_box"]/div/div[3]/form/button
[2021-03-17 07:47:30]cl_getDriver.py(72): Open NewTab->https://kabuoji3.com/stock/4234/2007/
[2021-03-17 07:47:31]cl_getDriver.py(127): click_Success->//*[@id="base_box"]/div/div[3]/form/button
[2021-03-17 07:47:32]main.py(42): finished Process->https://kabuoji3.com/stock/4231/
[2021-03-17 07:47:32]main.py(15): start_Process->https://kabuoji3.com/stock/4235/
[2021-03-17 07:47:34]cl_getDriver.py(127): click_Success->//*[@id="base_box"]/div/div[3]/form/button
[2021-03-17 07:47:34]cl_getDriver.py(72): Open NewTab->https://kabuoji3.com/stock/4234/2006/
[2021-03-17 07:47:35]cl_getDriver.py(127): click_Success->//*[@id="base_box"]/div/div[3]/form/button
[2021-03-17 07:47:37]cl_getDriver.py(127): click_Success->//*[@id="base_box"]/div/div[3]/form/button
[2021-03-17 07:47:38]cl_getDriver.py(72): Open NewTab->https://kabuoji3.com/stock/4234/2005/
[2021-03-17 07:47:38]cl_getDriver.py(64): getURL=https://kabuoji3.com/stock/4235/
[2021-03-17 07:47:38]cl_getDriver.py(72): Open NewTab->https://kabuoji3.com/stock/4235/
[2021-03-17 07:47:39]cl_getDriver.py(127): click_Success->//*[@id="base_box"]/div/div[3]/form/button
[2021-03-17 07:47:39]cl_getDriver.py(130): Not Found->//*[@id="base_box"]/div/div[3]/form/button
[2021-03-17 07:47:41]cl_getDriver.py(127): click_Success->//*[@id="base_box"]/div/div[3]/form/button
[2021-03-17 07:47:41]cl_getDriver.py(130): Not Found->//*[@id="base_box"]/div/div[3]/form/button
[2021-03-17 07:47:42]cl_getDriver.py(72): Open NewTab->https://kabuoji3.com/stock/4234/2004/
[2021-03-17 07:47:42]cl_getDriver.py(72): Open NewTab->https://kabuoji3.com/stock/4235/2021/
[2021-03-17 07:47:43]cl_getDriver.py(127): click_Success->//*[@id="base_box"]/div/div[3]/form/button
[2021-03-17 07:47:43]cl_getDriver.py(127): click_Success->//*[@id="base_box"]/div/div[3]/form/button
[2021-03-17 07:47:45]cl_getDriver.py(127): click_Success->//*[@id="base_box"]/div/div[3]/form/button
[2021-03-17 07:47:45]cl_getDriver.py(127): click_Success->//*[@id="base_box"]/div/div[3]/form/button
[2021-03-17 07:47:46]cl_getDriver.py(72): Open NewTab->https://kabuoji3.com/stock/4235/2020/
[2021-03-17 07:47:46]cl_getDriver.py(72): Open NewTab->https://kabuoji3.com/stock/4234/2003/
[2021-03-17 07:47:47]cl_getDriver.py(127): click_Success->//*[@id="base_box"]/div/div[3]/form/button
[2021-03-17 07:47:47]cl_getDriver.py(127): click_Success->//*[@id="base_box"]/div/div[3]/form/button
[2021-03-17 07:47:50]cl_getDriver.py(127): click_Success->//*[@id="base_box"]/div/div[3]/form/button
[2021-03-17 07:47:50]cl_getDriver.py(127): click_Success->//*[@id="base_box"]/div/div[3]/form/button
[2021-03-17 07:47:50]cl_getDriver.py(72): Open NewTab->https://kabuoji3.com/stock/4234/2002/
[2021-03-17 07:47:50]cl_getDriver.py(72): Open NewTab->https://kabuoji3.com/stock/4235/2019/
[2021-03-17 07:47:51]cl_getDriver.py(127): click_Success->//*[@id="base_box"]/div/div[3]/form/button
[2021-03-17 07:47:52]cl_getDriver.py(127): click_Success->//*[@id="base_box"]/div/div[3]/form/button
[2021-03-17 07:47:54]cl_getDriver.py(127): click_Success->//*[@id="base_box"]/div/div[3]/form/button
[2021-03-17 07:47:54]cl_getDriver.py(127): click_Success->//*[@id="base_box"]/div/div[3]/form/button
[2021-03-17 07:47:54]cl_getDriver.py(72): Open NewTab->https://kabuoji3.com/stock/4234/2001/
[2021-03-17 07:47:55]cl_getDriver.py(72): Open NewTab->https://kabuoji3.com/stock/4235/2018/
[2021-03-17 07:47:56]cl_getDriver.py(127): click_Success->//*[@id="base_box"]/div/div[3]/form/button
[2021-03-17 07:47:56]cl_getDriver.py(127): click_Success->//*[@id="base_box"]/div/div[3]/form/button
[2021-03-17 07:47:58]cl_getDriver.py(127): click_Success->//*[@id="base_box"]/div/div[3]/form/button
[2021-03-17 07:47:58]cl_getDriver.py(127): click_Success->//*[@id="base_box"]/div/div[3]/form/button
[2021-03-17 07:47:59]cl_getDriver.py(72): Open NewTab->https://kabuoji3.com/stock/4234/2000/
[2021-03-17 07:47:59]cl_getDriver.py(72): Open NewTab->https://kabuoji3.com/stock/4235/2017/
[2021-03-17 07:48:00]cl_getDriver.py(127): click_Success->//*[@id="base_box"]/div/div[3]/form/button
[2021-03-17 07:48:00]cl_getDriver.py(127): click_Success->//*[@id="base_box"]/div/div[3]/form/button
[2021-03-17 07:48:02]cl_getDriver.py(127): click_Success->//*[@id="base_box"]/div/div[3]/form/button
[2021-03-17 07:48:02]cl_getDriver.py(127): click_Success->//*[@id="base_box"]/div/div[3]/form/button
[2021-03-17 07:48:03]cl_getDriver.py(72): Open NewTab->https://kabuoji3.com/stock/4235/2016/
[2021-03-17 07:48:04]cl_getDriver.py(127): click_Success->//*[@id="base_box"]/div/div[3]/form/button
[2021-03-17 07:48:06]cl_getDriver.py(127): click_Success->//*[@id="base_box"]/div/div[3]/form/button
[2021-03-17 07:48:06]cl_getDriver.py(72): Open NewTab->https://kabuoji3.com/stock/4235/2015/
[2021-03-17 07:48:07]main.py(42): finished Process->https://kabuoji3.com/stock/4234/
[2021-03-17 07:48:07]main.py(15): start_Process->https://kabuoji3.com/stock/4237/
[2021-03-17 07:48:07]cl_getDriver.py(127): click_Success->//*[@id="base_box"]/div/div[3]/form/button
[2021-03-17 07:48:09]cl_getDriver.py(127): click_Success->//*[@id="base_box"]/div/div[3]/form/button
[2021-03-17 07:48:10]cl_getDriver.py(72): Open NewTab->https://kabuoji3.com/stock/4235/2014/
[2021-03-17 07:48:11]cl_getDriver.py(127): click_Success->//*[@id="base_box"]/div/div[3]/form/button
[2021-03-17 07:48:11]cl_getDriver.py(64): getURL=https://kabuoji3.com/stock/4237/
[2021-03-17 07:48:12]cl_getDriver.py(72): Open NewTab->https://kabuoji3.com/stock/4237/
[2021-03-17 07:48:12]cl_getDriver.py(130): Not Found->//*[@id="base_box"]/div/div[3]/form/button
[2021-03-17 07:48:13]cl_getDriver.py(127): click_Success->//*[@id="base_box"]/div/div[3]/form/button
[2021-03-17 07:48:13]cl_getDriver.py(72): Open NewTab->https://kabuoji3.com/stock/4235/2013/
[2021-03-17 07:48:14]cl_getDriver.py(130): Not Found->//*[@id="base_box"]/div/div[3]/form/button
[2021-03-17 07:48:14]cl_getDriver.py(127): click_Success->//*[@id="base_box"]/div/div[3]/form/button
[2021-03-17 07:48:14]cl_getDriver.py(72): Open NewTab->https://kabuoji3.com/stock/4237/2021/
[2021-03-17 07:48:15]cl_getDriver.py(127): click_Success->//*[@id="base_box"]/div/div[3]/form/button
[2021-03-17 07:48:17]cl_getDriver.py(127): click_Success->//*[@id="base_box"]/div/div[3]/form/button
[2021-03-17 07:48:17]cl_getDriver.py(72): Open NewTab->https://kabuoji3.com/stock/4235/2012/
[2021-03-17 07:48:18]cl_getDriver.py(127): click_Success->//*[@id="base_box"]/div/div[3]/form/button
[2021-03-17 07:48:18]cl_getDriver.py(72): Open NewTab->https://kabuoji3.com/stock/4237/2020/
[2021-03-17 07:48:18]cl_getDriver.py(127): click_Success->//*[@id="base_box"]/div/div[3]/form/button
[2021-03-17 07:48:19]cl_getDriver.py(127): click_Success->//*[@id="base_box"]/div/div[3]/form/button
[2021-03-17 07:48:20]cl_getDriver.py(127): click_Success->//*[@id="base_box"]/div/div[3]/form/button
[2021-03-17 07:48:21]cl_getDriver.py(72): Open NewTab->https://kabuoji3.com/stock/4235/2011/
[2021-03-17 07:48:22]cl_getDriver.py(127): click_Success->//*[@id="base_box"]/div/div[3]/form/button
[2021-03-17 07:48:22]cl_getDriver.py(127): click_Success->//*[@id="base_box"]/div/div[3]/form/button
[2021-03-17 07:48:22]cl_getDriver.py(72): Open NewTab->https://kabuoji3.com/stock/4237/2019/
[2021-03-17 07:48:23]cl_getDriver.py(127): click_Success->//*[@id="base_box"]/div/div[3]/form/button
[2021-03-17 07:48:24]cl_getDriver.py(127): click_Success->//*[@id="base_box"]/div/div[3]/form/button
[2021-03-17 07:48:25]cl_getDriver.py(72): Open NewTab->https://kabuoji3.com/stock/4235/2010/
[2021-03-17 07:48:25]cl_getDriver.py(127): click_Success->//*[@id="base_box"]/div/div[3]/form/button
[2021-03-17 07:48:26]cl_getDriver.py(127): click_Success->//*[@id="base_box"]/div/div[3]/form/button
[2021-03-17 07:48:26]cl_getDriver.py(72): Open NewTab->https://kabuoji3.com/stock/4237/2018/
[2021-03-17 07:48:27]cl_getDriver.py(127): click_Success->//*[@id="base_box"]/div/div[3]/form/button
[2021-03-17 07:48:28]cl_getDriver.py(127): click_Success->//*[@id="base_box"]/div/div[3]/form/button
[2021-03-17 07:48:28]cl_getDriver.py(72): Open NewTab->https://kabuoji3.com/stock/4235/2009/
[2021-03-17 07:48:29]cl_getDriver.py(127): click_Success->//*[@id="base_box"]/div/div[3]/form/button
[2021-03-17 07:48:29]cl_getDriver.py(127): click_Success->//*[@id="base_box"]/div/div[3]/form/button
[2021-03-17 07:48:30]cl_getDriver.py(72): Open NewTab->https://kabuoji3.com/stock/4237/2017/
[2021-03-17 07:48:31]cl_getDriver.py(127): click_Success->//*[@id="base_box"]/div/div[3]/form/button
[2021-03-17 07:48:31]cl_getDriver.py(127): click_Success->//*[@id="base_box"]/div/div[3]/form/button
[2021-03-17 07:48:32]cl_getDriver.py(72): Open NewTab->https://kabuoji3.com/stock/4235/2008/
[2021-03-17 07:48:32]cl_getDriver.py(127): click_Success->//*[@id="base_box"]/div/div[3]/form/button
[2021-03-17 07:48:33]cl_getDriver.py(127): click_Success->//*[@id="base_box"]/div/div[3]/form/button
[2021-03-17 07:48:33]cl_getDriver.py(72): Open NewTab->https://kabuoji3.com/stock/4237/2016/
[2021-03-17 07:48:34]cl_getDriver.py(127): click_Success->//*[@id="base_box"]/div/div[3]/form/button
[2021-03-17 07:48:35]cl_getDriver.py(127): click_Success->//*[@id="base_box"]/div/div[3]/form/button
[2021-03-17 07:48:35]cl_getDriver.py(72): Open NewTab->https://kabuoji3.com/stock/4235/2007/
[2021-03-17 07:48:36]cl_getDriver.py(127): click_Success->//*[@id="base_box"]/div/div[3]/form/button
[2021-03-17 07:48:37]cl_getDriver.py(127): click_Success->//*[@id="base_box"]/div/div[3]/form/button
[2021-03-17 07:48:37]cl_getDriver.py(72): Open NewTab->https://kabuoji3.com/stock/4237/2015/
[2021-03-17 07:48:38]cl_getDriver.py(127): click_Success->//*[@id="base_box"]/div/div[3]/form/button
[2021-03-17 07:48:38]cl_getDriver.py(127): click_Success->//*[@id="base_box"]/div/div[3]/form/button
[2021-03-17 07:48:39]cl_getDriver.py(72): Open NewTab->https://kabuoji3.com/stock/4235/2006/
[2021-03-17 07:48:40]cl_getDriver.py(127): click_Success->//*[@id="base_box"]/div/div[3]/form/button
[2021-03-17 07:48:40]cl_getDriver.py(127): click_Success->//*[@id="base_box"]/div/div[3]/form/button
[2021-03-17 07:48:41]cl_getDriver.py(72): Open NewTab->https://kabuoji3.com/stock/4237/2014/
[2021-03-17 07:48:42]cl_getDriver.py(127): click_Success->//*[@id="base_box"]/div/div[3]/form/button
[2021-03-17 07:48:42]cl_getDriver.py(127): click_Success->//*[@id="base_box"]/div/div[3]/form/button
[2021-03-17 07:48:42]cl_getDriver.py(72): Open NewTab->https://kabuoji3.com/stock/4235/2005/
[2021-03-17 07:48:43]cl_getDriver.py(127): click_Success->//*[@id="base_box"]/div/div[3]/form/button
[2021-03-17 07:48:44]cl_getDriver.py(127): click_Success->//*[@id="base_box"]/div/div[3]/form/button
[2021-03-17 07:48:44]cl_getDriver.py(72): Open NewTab->https://kabuoji3.com/stock/4237/2013/
[2021-03-17 07:48:45]cl_getDriver.py(127): click_Success->//*[@id="base_box"]/div/div[3]/form/button
[2021-03-17 07:48:46]cl_getDriver.py(127): click_Success->//*[@id="base_box"]/div/div[3]/form/button
[2021-03-17 07:48:46]cl_getDriver.py(72): Open NewTab->https://kabuoji3.com/stock/4235/2004/
[2021-03-17 07:48:47]cl_getDriver.py(127): click_Success->//*[@id="base_box"]/div/div[3]/form/button
[2021-03-17 07:48:48]cl_getDriver.py(127): click_Success->//*[@id="base_box"]/div/div[3]/form/button
[2021-03-17 07:48:48]cl_getDriver.py(72): Open NewTab->https://kabuoji3.com/stock/4237/2012/
[2021-03-17 07:48:49]cl_getDriver.py(127): click_Success->//*[@id="base_box"]/div/div[3]/form/button
[2021-03-17 07:48:50]cl_getDriver.py(127): click_Success->//*[@id="base_box"]/div/div[3]/form/button
[2021-03-17 07:48:50]cl_getDriver.py(72): Open NewTab->https://kabuoji3.com/stock/4235/2003/
[2021-03-17 07:48:51]cl_getDriver.py(127): click_Success->//*[@id="base_box"]/div/div[3]/form/button
[2021-03-17 07:48:52]cl_getDriver.py(127): click_Success->//*[@id="base_box"]/div/div[3]/form/button
[2021-03-17 07:48:52]cl_getDriver.py(72): Open NewTab->https://kabuoji3.com/stock/4237/2011/
[2021-03-17 07:48:53]cl_getDriver.py(127): click_Success->//*[@id="base_box"]/div/div[3]/form/button
[2021-03-17 07:48:53]cl_getDriver.py(127): click_Success->//*[@id="base_box"]/div/div[3]/form/button
[2021-03-17 07:48:56]cl_getDriver.py(127): click_Success->//*[@id="base_box"]/div/div[3]/form/button
[2021-03-17 07:48:56]cl_getDriver.py(72): Open NewTab->https://kabuoji3.com/stock/4237/2010/
[2021-03-17 07:48:57]cl_getDriver.py(127): click_Success->//*[@id="base_box"]/div/div[3]/form/button
[2021-03-17 07:48:57]main.py(42): finished Process->https://kabuoji3.com/stock/4235/
[2021-03-17 07:48:57]main.py(15): start_Process->https://kabuoji3.com/stock/4238/
[2021-03-17 07:48:59]cl_getDriver.py(127): click_Success->//*[@id="base_box"]/div/div[3]/form/button
[2021-03-17 07:49:00]cl_getDriver.py(72): Open NewTab->https://kabuoji3.com/stock/4237/2009/
[2021-03-17 07:49:01]cl_getDriver.py(127): click_Success->//*[@id="base_box"]/div/div[3]/form/button
[2021-03-17 07:49:03]cl_getDriver.py(127): click_Success->//*[@id="base_box"]/div/div[3]/form/button
[2021-03-17 07:49:03]cl_getDriver.py(72): Open NewTab->https://kabuoji3.com/stock/4237/2008/
[2021-03-17 07:49:04]cl_getDriver.py(64): getURL=https://kabuoji3.com/stock/4238/
[2021-03-17 07:49:04]cl_getDriver.py(72): Open NewTab->https://kabuoji3.com/stock/4238/
[2021-03-17 07:49:04]cl_getDriver.py(127): click_Success->//*[@id="base_box"]/div/div[3]/form/button
[2021-03-17 07:49:05]cl_getDriver.py(130): Not Found->//*[@id="base_box"]/div/div[3]/form/button
[2021-03-17 07:49:07]cl_getDriver.py(127): click_Success->//*[@id="base_box"]/div/div[3]/form/button
[2021-03-17 07:49:07]cl_getDriver.py(130): Not Found->//*[@id="base_box"]/div/div[3]/form/button
[2021-03-17 07:49:07]cl_getDriver.py(72): Open NewTab->https://kabuoji3.com/stock/4237/2007/
[2021-03-17 07:49:07]cl_getDriver.py(72): Open NewTab->https://kabuoji3.com/stock/4238/2021/
[2021-03-17 07:49:08]cl_getDriver.py(127): click_Success->//*[@id="base_box"]/div/div[3]/form/button
[2021-03-17 07:49:09]cl_getDriver.py(127): click_Success->//*[@id="base_box"]/div/div[3]/form/button
[2021-03-17 07:49:11]cl_getDriver.py(127): click_Success->//*[@id="base_box"]/div/div[3]/form/button
[2021-03-17 07:49:11]cl_getDriver.py(72): Open NewTab->https://kabuoji3.com/stock/4238/2020/
[2021-03-17 07:49:11]cl_getDriver.py(127): click_Success->//*[@id="base_box"]/div/div[3]/form/button
[2021-03-17 07:49:12]cl_getDriver.py(72): Open NewTab->https://kabuoji3.com/stock/4237/2006/
[2021-03-17 07:49:13]cl_getDriver.py(127): click_Success->//*[@id="base_box"]/div/div[3]/form/button
[2021-03-17 07:49:13]cl_getDriver.py(127): click_Success->//*[@id="base_box"]/div/div[3]/form/button
[2021-03-17 07:49:15]cl_getDriver.py(127): click_Success->//*[@id="base_box"]/div/div[3]/form/button
[2021-03-17 07:49:15]cl_getDriver.py(72): Open NewTab->https://kabuoji3.com/stock/4238/2019/
[2021-03-17 07:49:15]cl_getDriver.py(127): click_Success->//*[@id="base_box"]/div/div[3]/form/button
[2021-03-17 07:49:16]cl_getDriver.py(72): Open NewTab->https://kabuoji3.com/stock/4237/2005/
[2021-03-17 07:49:17]cl_getDriver.py(127): click_Success->//*[@id="base_box"]/div/div[3]/form/button
[2021-03-17 07:49:17]cl_getDriver.py(127): click_Success->//*[@id="base_box"]/div/div[3]/form/button
[2021-03-17 07:49:19]cl_getDriver.py(127): click_Success->//*[@id="base_box"]/div/div[3]/form/button
[2021-03-17 07:49:20]cl_getDriver.py(72): Open NewTab->https://kabuoji3.com/stock/4238/2018/
[2021-03-17 07:49:20]cl_getDriver.py(127): click_Success->//*[@id="base_box"]/div/div[3]/form/button
[2021-03-17 07:49:20]cl_getDriver.py(72): Open NewTab->https://kabuoji3.com/stock/4237/2004/
[2021-03-17 07:49:21]cl_getDriver.py(127): click_Success->//*[@id="base_box"]/div/div[3]/form/button
[2021-03-17 07:49:21]cl_getDriver.py(127): click_Success->//*[@id="base_box"]/div/div[3]/form/button
[2021-03-17 07:49:23]cl_getDriver.py(127): click_Success->//*[@id="base_box"]/div/div[3]/form/button
[2021-03-17 07:49:24]cl_getDriver.py(127): click_Success->//*[@id="base_box"]/div/div[3]/form/button
[2021-03-17 07:49:24]cl_getDriver.py(72): Open NewTab->https://kabuoji3.com/stock/4238/2017/
[2021-03-17 07:49:25]cl_getDriver.py(127): click_Success->//*[@id="base_box"]/div/div[3]/form/button
[2021-03-17 07:49:26]main.py(42): finished Process->https://kabuoji3.com/stock/4237/
[2021-03-17 07:49:26]main.py(15): start_Process->https://kabuoji3.com/stock/4240/
[2021-03-17 07:49:27]cl_getDriver.py(127): click_Success->//*[@id="base_box"]/div/div[3]/form/button
[2021-03-17 07:49:27]cl_getDriver.py(72): Open NewTab->https://kabuoji3.com/stock/4238/2016/
[2021-03-17 07:49:29]cl_getDriver.py(127): click_Success->//*[@id="base_box"]/div/div[3]/form/button
[2021-03-17 07:49:31]cl_getDriver.py(127): click_Success->//*[@id="base_box"]/div/div[3]/form/button
[2021-03-17 07:49:31]cl_getDriver.py(72): Open NewTab->https://kabuoji3.com/stock/4238/2015/
[2021-03-17 07:49:33]cl_getDriver.py(127): click_Success->//*[@id="base_box"]/div/div[3]/form/button
[2021-03-17 07:49:33]cl_getDriver.py(64): getURL=https://kabuoji3.com/stock/4240/
[2021-03-17 07:49:33]cl_getDriver.py(72): Open NewTab->https://kabuoji3.com/stock/4240/
[2021-03-17 07:49:34]cl_getDriver.py(130): Not Found->//*[@id="base_box"]/div/div[3]/form/button
[2021-03-17 07:49:35]cl_getDriver.py(127): click_Success->//*[@id="base_box"]/div/div[3]/form/button
[2021-03-17 07:49:35]cl_getDriver.py(72): Open NewTab->https://kabuoji3.com/stock/4238/2014/
[2021-03-17 07:49:36]cl_getDriver.py(130): Not Found->//*[@id="base_box"]/div/div[3]/form/button
[2021-03-17 07:49:36]cl_getDriver.py(72): Open NewTab->https://kabuoji3.com/stock/4240/2021/
[2021-03-17 07:49:36]cl_getDriver.py(127): click_Success->//*[@id="base_box"]/div/div[3]/form/button
[2021-03-17 07:49:37]cl_getDriver.py(127): click_Success->//*[@id="base_box"]/div/div[3]/form/button
[2021-03-17 07:49:39]cl_getDriver.py(127): click_Success->//*[@id="base_box"]/div/div[3]/form/button
[2021-03-17 07:49:39]cl_getDriver.py(72): Open NewTab->https://kabuoji3.com/stock/4238/2013/
[2021-03-17 07:49:39]cl_getDriver.py(127): click_Success->//*[@id="base_box"]/div/div[3]/form/button
[2021-03-17 07:49:40]cl_getDriver.py(72): Open NewTab->https://kabuoji3.com/stock/4240/2020/
[2021-03-17 07:49:40]cl_getDriver.py(127): click_Success->//*[@id="base_box"]/div/div[3]/form/button
[2021-03-17 07:49:41]cl_getDriver.py(127): click_Success->//*[@id="base_box"]/div/div[3]/form/button
[2021-03-17 07:49:43]cl_getDriver.py(127): click_Success->//*[@id="base_box"]/div/div[3]/form/button
[2021-03-17 07:49:43]cl_getDriver.py(72): Open NewTab->https://kabuoji3.com/stock/4238/2012/
[2021-03-17 07:49:43]cl_getDriver.py(127): click_Success->//*[@id="base_box"]/div/div[3]/form/button
[2021-03-17 07:49:44]cl_getDriver.py(72): Open NewTab->https://kabuoji3.com/stock/4240/2019/
[2021-03-17 07:49:45]cl_getDriver.py(127): click_Success->//*[@id="base_box"]/div/div[3]/form/button
[2021-03-17 07:49:46]cl_getDriver.py(127): click_Success->//*[@id="base_box"]/div/div[3]/form/button
[2021-03-17 07:49:47]cl_getDriver.py(127): click_Success->//*[@id="base_box"]/div/div[3]/form/button
[2021-03-17 07:49:48]cl_getDriver.py(72): Open NewTab->https://kabuoji3.com/stock/4238/2011/
[2021-03-17 07:49:48]cl_getDriver.py(127): click_Success->//*[@id="base_box"]/div/div[3]/form/button
[2021-03-17 07:49:48]cl_getDriver.py(72): Open NewTab->https://kabuoji3.com/stock/4240/2018/
[2021-03-17 07:49:49]cl_getDriver.py(127): click_Success->//*[@id="base_box"]/div/div[3]/form/button
[2021-03-17 07:49:50]cl_getDriver.py(127): click_Success->//*[@id="base_box"]/div/div[3]/form/button
[2021-03-17 07:49:51]cl_getDriver.py(127): click_Success->//*[@id="base_box"]/div/div[3]/form/button
[2021-03-17 07:49:52]cl_getDriver.py(127): click_Success->//*[@id="base_box"]/div/div[3]/form/button
[2021-03-17 07:49:52]cl_getDriver.py(72): Open NewTab->https://kabuoji3.com/stock/4240/2017/
[2021-03-17 07:49:53]cl_getDriver.py(127): click_Success->//*[@id="base_box"]/div/div[3]/form/button
[2021-03-17 07:49:55]main.py(42): finished Process->https://kabuoji3.com/stock/4238/
[2021-03-17 07:49:55]main.py(15): start_Process->https://kabuoji3.com/stock/4241/
[2021-03-17 07:49:55]cl_getDriver.py(127): click_Success->//*[@id="base_box"]/div/div[3]/form/button
[2021-03-17 07:49:56]cl_getDriver.py(72): Open NewTab->https://kabuoji3.com/stock/4240/2016/
[2021-03-17 07:49:57]cl_getDriver.py(127): click_Success->//*[@id="base_box"]/div/div[3]/form/button
[2021-03-17 07:49:59]cl_getDriver.py(127): click_Success->//*[@id="base_box"]/div/div[3]/form/button
[2021-03-17 07:49:59]cl_getDriver.py(72): Open NewTab->https://kabuoji3.com/stock/4240/2015/
[2021-03-17 07:50:00]cl_getDriver.py(127): click_Success->//*[@id="base_box"]/div/div[3]/form/button
[2021-03-17 07:50:03]cl_getDriver.py(127): click_Success->//*[@id="base_box"]/div/div[3]/form/button
[2021-03-17 07:50:03]cl_getDriver.py(72): Open NewTab->https://kabuoji3.com/stock/4240/2014/
[2021-03-17 07:50:04]cl_getDriver.py(64): getURL=https://kabuoji3.com/stock/4241/
[2021-03-17 07:50:04]cl_getDriver.py(72): Open NewTab->https://kabuoji3.com/stock/4241/
[2021-03-17 07:50:04]cl_getDriver.py(130): Not Found->//*[@id="base_box"]/div/div[3]/form/button
[2021-03-17 07:50:05]cl_getDriver.py(127): click_Success->//*[@id="base_box"]/div/div[3]/form/button
[2021-03-17 07:50:07]cl_getDriver.py(130): Not Found->//*[@id="base_box"]/div/div[3]/form/button
[2021-03-17 07:50:07]cl_getDriver.py(72): Open NewTab->https://kabuoji3.com/stock/4241/2021/
[2021-03-17 07:50:07]cl_getDriver.py(127): click_Success->//*[@id="base_box"]/div/div[3]/form/button
[2021-03-17 07:50:08]cl_getDriver.py(72): Open NewTab->https://kabuoji3.com/stock/4240/2013/
[2021-03-17 07:50:08]cl_getDriver.py(127): click_Success->//*[@id="base_box"]/div/div[3]/form/button
[2021-03-17 07:50:09]cl_getDriver.py(127): click_Success->//*[@id="base_box"]/div/div[3]/form/button
[2021-03-17 07:50:10]cl_getDriver.py(127): click_Success->//*[@id="base_box"]/div/div[3]/form/button
[2021-03-17 07:50:10]cl_getDriver.py(72): Open NewTab->https://kabuoji3.com/stock/4241/2020/
[2021-03-17 07:50:11]cl_getDriver.py(127): click_Success->//*[@id="base_box"]/div/div[3]/form/button
[2021-03-17 07:50:12]cl_getDriver.py(72): Open NewTab->https://kabuoji3.com/stock/4240/2012/
[2021-03-17 07:50:12]cl_getDriver.py(127): click_Success->//*[@id="base_box"]/div/div[3]/form/button
[2021-03-17 07:50:13]cl_getDriver.py(127): click_Success->//*[@id="base_box"]/div/div[3]/form/button
[2021-03-17 07:50:14]cl_getDriver.py(127): click_Success->//*[@id="base_box"]/div/div[3]/form/button
[2021-03-17 07:50:14]cl_getDriver.py(72): Open NewTab->https://kabuoji3.com/stock/4241/2019/
[2021-03-17 07:50:15]cl_getDriver.py(127): click_Success->//*[@id="base_box"]/div/div[3]/form/button
[2021-03-17 07:50:16]cl_getDriver.py(72): Open NewTab->https://kabuoji3.com/stock/4240/2011/
[2021-03-17 07:50:16]cl_getDriver.py(127): click_Success->//*[@id="base_box"]/div/div[3]/form/button
[2021-03-17 07:50:17]cl_getDriver.py(127): click_Success->//*[@id="base_box"]/div/div[3]/form/button
[2021-03-17 07:50:19]cl_getDriver.py(127): click_Success->//*[@id="base_box"]/div/div[3]/form/button
[2021-03-17 07:50:19]cl_getDriver.py(72): Open NewTab->https://kabuoji3.com/stock/4241/2018/
[2021-03-17 07:50:19]cl_getDriver.py(127): click_Success->//*[@id="base_box"]/div/div[3]/form/button
[2021-03-17 07:50:20]cl_getDriver.py(72): Open NewTab->https://kabuoji3.com/stock/4240/2010/
[2021-03-17 07:50:20]cl_getDriver.py(127): click_Success->//*[@id="base_box"]/div/div[3]/form/button
[2021-03-17 07:50:21]cl_getDriver.py(127): click_Success->//*[@id="base_box"]/div/div[3]/form/button
[2021-03-17 07:50:23]cl_getDriver.py(127): click_Success->//*[@id="base_box"]/div/div[3]/form/button
[2021-03-17 07:50:23]cl_getDriver.py(72): Open NewTab->https://kabuoji3.com/stock/4241/2017/
[2021-03-17 07:50:23]cl_getDriver.py(127): click_Success->//*[@id="base_box"]/div/div[3]/form/button
[2021-03-17 07:50:24]cl_getDriver.py(72): Open NewTab->https://kabuoji3.com/stock/4240/2009/
[2021-03-17 07:50:24]cl_getDriver.py(127): click_Success->//*[@id="base_box"]/div/div[3]/form/button
[2021-03-17 07:50:25]cl_getDriver.py(127): click_Success->//*[@id="base_box"]/div/div[3]/form/button
[2021-03-17 07:50:27]cl_getDriver.py(127): click_Success->//*[@id="base_box"]/div/div[3]/form/button
[2021-03-17 07:50:27]cl_getDriver.py(72): Open NewTab->https://kabuoji3.com/stock/4241/2016/
[2021-03-17 07:50:27]cl_getDriver.py(127): click_Success->//*[@id="base_box"]/div/div[3]/form/button
[2021-03-17 07:50:28]cl_getDriver.py(72): Open NewTab->https://kabuoji3.com/stock/4240/2008/
[2021-03-17 07:50:29]cl_getDriver.py(127): click_Success->//*[@id="base_box"]/div/div[3]/form/button
[2021-03-17 07:50:29]cl_getDriver.py(127): click_Success->//*[@id="base_box"]/div/div[3]/form/button
[2021-03-17 07:50:31]cl_getDriver.py(127): click_Success->//*[@id="base_box"]/div/div[3]/form/button
[2021-03-17 07:50:31]cl_getDriver.py(72): Open NewTab->https://kabuoji3.com/stock/4241/2015/
[2021-03-17 07:50:31]cl_getDriver.py(127): click_Success->//*[@id="base_box"]/div/div[3]/form/button
[2021-03-17 07:50:32]cl_getDriver.py(72): Open NewTab->https://kabuoji3.com/stock/4240/2007/
[2021-03-17 07:50:33]cl_getDriver.py(127): click_Success->//*[@id="base_box"]/div/div[3]/form/button
[2021-03-17 07:50:33]cl_getDriver.py(127): click_Success->//*[@id="base_box"]/div/div[3]/form/button
[2021-03-17 07:50:35]cl_getDriver.py(127): click_Success->//*[@id="base_box"]/div/div[3]/form/button
[2021-03-17 07:50:36]cl_getDriver.py(127): click_Success->//*[@id="base_box"]/div/div[3]/form/button
[2021-03-17 07:50:36]cl_getDriver.py(72): Open NewTab->https://kabuoji3.com/stock/4241/2014/
[2021-03-17 07:50:36]cl_getDriver.py(72): Open NewTab->https://kabuoji3.com/stock/4240/2006/
[2021-03-17 07:50:38]cl_getDriver.py(127): click_Success->//*[@id="base_box"]/div/div[3]/form/button
[2021-03-17 07:50:38]cl_getDriver.py(127): click_Success->//*[@id="base_box"]/div/div[3]/form/button
[2021-03-17 07:50:40]cl_getDriver.py(127): click_Success->//*[@id="base_box"]/div/div[3]/form/button
[2021-03-17 07:50:40]cl_getDriver.py(127): click_Success->//*[@id="base_box"]/div/div[3]/form/button
[2021-03-17 07:50:40]cl_getDriver.py(72): Open NewTab->https://kabuoji3.com/stock/4241/2013/
[2021-03-17 07:50:41]cl_getDriver.py(127): click_Success->//*[@id="base_box"]/div/div[3]/form/button
[2021-03-17 07:50:44]cl_getDriver.py(127): click_Success->//*[@id="base_box"]/div/div[3]/form/button
[2021-03-17 07:50:44]cl_getDriver.py(72): Open NewTab->https://kabuoji3.com/stock/4241/2012/
[2021-03-17 07:50:44]main.py(42): finished Process->https://kabuoji3.com/stock/4240/
[2021-03-17 07:50:44]main.py(15): start_Process->https://kabuoji3.com/stock/4242/
[2021-03-17 07:50:45]cl_getDriver.py(127): click_Success->//*[@id="base_box"]/div/div[3]/form/button
[2021-03-17 07:50:47]cl_getDriver.py(127): click_Success->//*[@id="base_box"]/div/div[3]/form/button
[2021-03-17 07:50:48]cl_getDriver.py(72): Open NewTab->https://kabuoji3.com/stock/4241/2011/
[2021-03-17 07:50:49]cl_getDriver.py(127): click_Success->//*[@id="base_box"]/div/div[3]/form/button
[2021-03-17 07:50:49]cl_getDriver.py(64): getURL=https://kabuoji3.com/stock/4242/
[2021-03-17 07:50:49]cl_getDriver.py(72): Open NewTab->https://kabuoji3.com/stock/4242/
[2021-03-17 07:50:50]cl_getDriver.py(130): Not Found->//*[@id="base_box"]/div/div[3]/form/button
[2021-03-17 07:50:51]cl_getDriver.py(127): click_Success->//*[@id="base_box"]/div/div[3]/form/button
[2021-03-17 07:50:52]cl_getDriver.py(72): Open NewTab->https://kabuoji3.com/stock/4241/2010/
[2021-03-17 07:50:52]cl_getDriver.py(130): Not Found->//*[@id="base_box"]/div/div[3]/form/button
[2021-03-17 07:50:52]cl_getDriver.py(72): Open NewTab->https://kabuoji3.com/stock/4242/2021/
[2021-03-17 07:50:53]cl_getDriver.py(127): click_Success->//*[@id="base_box"]/div/div[3]/form/button
[2021-03-17 07:50:54]cl_getDriver.py(127): click_Success->//*[@id="base_box"]/div/div[3]/form/button
[2021-03-17 07:50:55]cl_getDriver.py(127): click_Success->//*[@id="base_box"]/div/div[3]/form/button
[2021-03-17 07:50:56]cl_getDriver.py(72): Open NewTab->https://kabuoji3.com/stock/4241/2009/
[2021-03-17 07:50:56]cl_getDriver.py(127): click_Success->//*[@id="base_box"]/div/div[3]/form/button
[2021-03-17 07:50:56]cl_getDriver.py(72): Open NewTab->https://kabuoji3.com/stock/4242/2020/
[2021-03-17 07:50:57]cl_getDriver.py(127): click_Success->//*[@id="base_box"]/div/div[3]/form/button
[2021-03-17 07:50:58]cl_getDriver.py(127): click_Success->//*[@id="base_box"]/div/div[3]/form/button
[2021-03-17 07:50:59]cl_getDriver.py(127): click_Success->//*[@id="base_box"]/div/div[3]/form/button
[2021-03-17 07:51:00]cl_getDriver.py(72): Open NewTab->https://kabuoji3.com/stock/4241/2008/
[2021-03-17 07:51:00]cl_getDriver.py(127): click_Success->//*[@id="base_box"]/div/div[3]/form/button
[2021-03-17 07:51:01]cl_getDriver.py(72): Open NewTab->https://kabuoji3.com/stock/4242/2019/
[2021-03-17 07:51:01]cl_getDriver.py(127): click_Success->//*[@id="base_box"]/div/div[3]/form/button
[2021-03-17 07:51:02]cl_getDriver.py(127): click_Success->//*[@id="base_box"]/div/div[3]/form/button
[2021-03-17 07:51:04]cl_getDriver.py(127): click_Success->//*[@id="base_box"]/div/div[3]/form/button
[2021-03-17 07:51:04]cl_getDriver.py(72): Open NewTab->https://kabuoji3.com/stock/4241/2007/
[2021-03-17 07:51:04]cl_getDriver.py(127): click_Success->//*[@id="base_box"]/div/div[3]/form/button
[2021-03-17 07:51:05]cl_getDriver.py(72): Open NewTab->https://kabuoji3.com/stock/4242/2018/
[2021-03-17 07:51:06]cl_getDriver.py(127): click_Success->//*[@id="base_box"]/div/div[3]/form/button
[2021-03-17 07:51:06]cl_getDriver.py(127): click_Success->//*[@id="base_box"]/div/div[3]/form/button
[2021-03-17 07:51:08]cl_getDriver.py(127): click_Success->//*[@id="base_box"]/div/div[3]/form/button
[2021-03-17 07:51:08]cl_getDriver.py(127): click_Success->//*[@id="base_box"]/div/div[3]/form/button
[2021-03-17 07:51:08]cl_getDriver.py(72): Open NewTab->https://kabuoji3.com/stock/4241/2006/
[2021-03-17 07:51:09]cl_getDriver.py(72): Open NewTab->https://kabuoji3.com/stock/4242/2017/
[2021-03-17 07:51:09]cl_getDriver.py(127): click_Success->//*[@id="base_box"]/div/div[3]/form/button
[2021-03-17 07:51:10]cl_getDriver.py(127): click_Success->//*[@id="base_box"]/div/div[3]/form/button
[2021-03-17 07:51:12]cl_getDriver.py(127): click_Success->//*[@id="base_box"]/div/div[3]/form/button
[2021-03-17 07:51:12]cl_getDriver.py(127): click_Success->//*[@id="base_box"]/div/div[3]/form/button
[2021-03-17 07:51:12]cl_getDriver.py(72): Open NewTab->https://kabuoji3.com/stock/4242/2016/
[2021-03-17 07:51:13]cl_getDriver.py(127): click_Success->//*[@id="base_box"]/div/div[3]/form/button
[2021-03-17 07:51:16]cl_getDriver.py(127): click_Success->//*[@id="base_box"]/div/div[3]/form/button
[2021-03-17 07:51:16]main.py(42): finished Process->https://kabuoji3.com/stock/4241/
[2021-03-17 07:51:16]main.py(15): start_Process->https://kabuoji3.com/stock/4243/
[2021-03-17 07:51:16]cl_getDriver.py(72): Open NewTab->https://kabuoji3.com/stock/4242/2015/
[2021-03-17 07:51:17]cl_getDriver.py(127): click_Success->//*[@id="base_box"]/div/div[3]/form/button
[2021-03-17 07:51:19]cl_getDriver.py(127): click_Success->//*[@id="base_box"]/div/div[3]/form/button
[2021-03-17 07:51:19]cl_getDriver.py(72): Open NewTab->https://kabuoji3.com/stock/4242/2014/
[2021-03-17 07:51:20]cl_getDriver.py(127): click_Success->//*[@id="base_box"]/div/div[3]/form/button
[2021-03-17 07:51:22]cl_getDriver.py(64): getURL=https://kabuoji3.com/stock/4243/
[2021-03-17 07:51:22]cl_getDriver.py(72): Open NewTab->https://kabuoji3.com/stock/4243/
[2021-03-17 07:51:23]cl_getDriver.py(127): click_Success->//*[@id="base_box"]/div/div[3]/form/button
[2021-03-17 07:51:23]cl_getDriver.py(130): Not Found->//*[@id="base_box"]/div/div[3]/form/button
[2021-03-17 07:51:23]cl_getDriver.py(72): Open NewTab->https://kabuoji3.com/stock/4242/2013/
[2021-03-17 07:51:24]cl_getDriver.py(127): click_Success->//*[@id="base_box"]/div/div[3]/form/button
[2021-03-17 07:51:25]cl_getDriver.py(130): Not Found->//*[@id="base_box"]/div/div[3]/form/button
[2021-03-17 07:51:25]cl_getDriver.py(72): Open NewTab->https://kabuoji3.com/stock/4243/2021/
[2021-03-17 07:51:26]cl_getDriver.py(127): click_Success->//*[@id="base_box"]/div/div[3]/form/button
[2021-03-17 07:51:27]cl_getDriver.py(127): click_Success->//*[@id="base_box"]/div/div[3]/form/button
[2021-03-17 07:51:27]cl_getDriver.py(72): Open NewTab->https://kabuoji3.com/stock/4242/2012/
[2021-03-17 07:51:28]cl_getDriver.py(127): click_Success->//*[@id="base_box"]/div/div[3]/form/button
[2021-03-17 07:51:28]cl_getDriver.py(127): click_Success->//*[@id="base_box"]/div/div[3]/form/button
[2021-03-17 07:51:29]cl_getDriver.py(72): Open NewTab->https://kabuoji3.com/stock/4243/2020/
[2021-03-17 07:51:30]cl_getDriver.py(127): click_Success->//*[@id="base_box"]/div/div[3]/form/button
[2021-03-17 07:51:30]cl_getDriver.py(127): click_Success->//*[@id="base_box"]/div/div[3]/form/button
[2021-03-17 07:51:30]cl_getDriver.py(72): Open NewTab->https://kabuoji3.com/stock/4242/2011/
[2021-03-17 07:51:31]cl_getDriver.py(127): click_Success->//*[@id="base_box"]/div/div[3]/form/button
[2021-03-17 07:51:32]cl_getDriver.py(127): click_Success->//*[@id="base_box"]/div/div[3]/form/button
[2021-03-17 07:51:33]cl_getDriver.py(72): Open NewTab->https://kabuoji3.com/stock/4243/2019/
[2021-03-17 07:51:34]cl_getDriver.py(127): click_Success->//*[@id="base_box"]/div/div[3]/form/button
[2021-03-17 07:51:34]cl_getDriver.py(127): click_Success->//*[@id="base_box"]/div/div[3]/form/button
[2021-03-17 07:51:34]cl_getDriver.py(72): Open NewTab->https://kabuoji3.com/stock/4242/2010/
[2021-03-17 07:51:35]cl_getDriver.py(127): click_Success->//*[@id="base_box"]/div/div[3]/form/button
[2021-03-17 07:51:36]cl_getDriver.py(127): click_Success->//*[@id="base_box"]/div/div[3]/form/button
[2021-03-17 07:51:36]cl_getDriver.py(72): Open NewTab->https://kabuoji3.com/stock/4243/2018/
[2021-03-17 07:51:37]cl_getDriver.py(127): click_Success->//*[@id="base_box"]/div/div[3]/form/button
[2021-03-17 07:51:38]cl_getDriver.py(127): click_Success->//*[@id="base_box"]/div/div[3]/form/button
[2021-03-17 07:51:38]cl_getDriver.py(72): Open NewTab->https://kabuoji3.com/stock/4242/2009/
[2021-03-17 07:51:39]cl_getDriver.py(127): click_Success->//*[@id="base_box"]/div/div[3]/form/button
[2021-03-17 07:51:40]cl_getDriver.py(127): click_Success->//*[@id="base_box"]/div/div[3]/form/button
[2021-03-17 07:51:40]cl_getDriver.py(72): Open NewTab->https://kabuoji3.com/stock/4243/2017/
[2021-03-17 07:51:41]cl_getDriver.py(127): click_Success->//*[@id="base_box"]/div/div[3]/form/button
[2021-03-17 07:51:41]cl_getDriver.py(127): click_Success->//*[@id="base_box"]/div/div[3]/form/button
[2021-03-17 07:51:42]cl_getDriver.py(72): Open NewTab->https://kabuoji3.com/stock/4242/2008/
[2021-03-17 07:51:43]cl_getDriver.py(127): click_Success->//*[@id="base_box"]/div/div[3]/form/button
[2021-03-17 07:51:44]cl_getDriver.py(127): click_Success->//*[@id="base_box"]/div/div[3]/form/button
[2021-03-17 07:51:44]cl_getDriver.py(72): Open NewTab->https://kabuoji3.com/stock/4243/2016/
[2021-03-17 07:51:45]cl_getDriver.py(127): click_Success->//*[@id="base_box"]/div/div[3]/form/button
[2021-03-17 07:51:45]cl_getDriver.py(127): click_Success->//*[@id="base_box"]/div/div[3]/form/button
[2021-03-17 07:51:45]cl_getDriver.py(72): Open NewTab->https://kabuoji3.com/stock/4242/2007/
[2021-03-17 07:51:46]cl_getDriver.py(127): click_Success->//*[@id="base_box"]/div/div[3]/form/button
[2021-03-17 07:51:47]cl_getDriver.py(127): click_Success->//*[@id="base_box"]/div/div[3]/form/button
[2021-03-17 07:51:48]cl_getDriver.py(72): Open NewTab->https://kabuoji3.com/stock/4243/2015/
[2021-03-17 07:51:49]cl_getDriver.py(127): click_Success->//*[@id="base_box"]/div/div[3]/form/button
[2021-03-17 07:51:49]cl_getDriver.py(127): click_Success->//*[@id="base_box"]/div/div[3]/form/button
[2021-03-17 07:51:51]cl_getDriver.py(127): click_Success->//*[@id="base_box"]/div/div[3]/form/button
[2021-03-17 07:51:52]cl_getDriver.py(72): Open NewTab->https://kabuoji3.com/stock/4243/2014/
[2021-03-17 07:51:52]cl_getDriver.py(127): click_Success->//*[@id="base_box"]/div/div[3]/form/button
[2021-03-17 07:51:53]main.py(42): finished Process->https://kabuoji3.com/stock/4242/
[2021-03-17 07:51:53]main.py(15): start_Process->https://kabuoji3.com/stock/4245/
[2021-03-17 07:51:55]cl_getDriver.py(127): click_Success->//*[@id="base_box"]/div/div[3]/form/button
[2021-03-17 07:51:55]cl_getDriver.py(72): Open NewTab->https://kabuoji3.com/stock/4243/2013/
[2021-03-17 07:51:56]cl_getDriver.py(127): click_Success->//*[@id="base_box"]/div/div[3]/form/button
[2021-03-17 07:51:58]cl_getDriver.py(64): getURL=https://kabuoji3.com/stock/4245/
[2021-03-17 07:51:58]cl_getDriver.py(72): Open NewTab->https://kabuoji3.com/stock/4245/
[2021-03-17 07:51:58]cl_getDriver.py(127): click_Success->//*[@id="base_box"]/div/div[3]/form/button
[2021-03-17 07:51:59]cl_getDriver.py(72): Open NewTab->https://kabuoji3.com/stock/4243/2012/
[2021-03-17 07:52:00]cl_getDriver.py(130): Not Found->//*[@id="base_box"]/div/div[3]/form/button
[2021-03-17 07:52:00]cl_getDriver.py(127): click_Success->//*[@id="base_box"]/div/div[3]/form/button
[2021-03-17 07:52:02]cl_getDriver.py(130): Not Found->//*[@id="base_box"]/div/div[3]/form/button
[2021-03-17 07:52:02]cl_getDriver.py(72): Open NewTab->https://kabuoji3.com/stock/4245/2021/
[2021-03-17 07:52:02]cl_getDriver.py(127): click_Success->//*[@id="base_box"]/div/div[3]/form/button
[2021-03-17 07:52:03]cl_getDriver.py(72): Open NewTab->https://kabuoji3.com/stock/4243/2011/
[2021-03-17 07:52:03]cl_getDriver.py(127): click_Success->//*[@id="base_box"]/div/div[3]/form/button
[2021-03-17 07:52:04]cl_getDriver.py(127): click_Success->//*[@id="base_box"]/div/div[3]/form/button
[2021-03-17 07:52:06]cl_getDriver.py(127): click_Success->//*[@id="base_box"]/div/div[3]/form/button
[2021-03-17 07:52:06]cl_getDriver.py(72): Open NewTab->https://kabuoji3.com/stock/4245/2020/
[2021-03-17 07:52:06]cl_getDriver.py(127): click_Success->//*[@id="base_box"]/div/div[3]/form/button
[2021-03-17 07:52:07]cl_getDriver.py(72): Open NewTab->https://kabuoji3.com/stock/4243/2010/
[2021-03-17 07:52:08]cl_getDriver.py(127): click_Success->//*[@id="base_box"]/div/div[3]/form/button
[2021-03-17 07:52:08]cl_getDriver.py(127): click_Success->//*[@id="base_box"]/div/div[3]/form/button
[2021-03-17 07:52:10]cl_getDriver.py(127): click_Success->//*[@id="base_box"]/div/div[3]/form/button
[2021-03-17 07:52:10]cl_getDriver.py(72): Open NewTab->https://kabuoji3.com/stock/4245/2019/
[2021-03-17 07:52:10]cl_getDriver.py(127): click_Success->//*[@id="base_box"]/div/div[3]/form/button
[2021-03-17 07:52:11]cl_getDriver.py(72): Open NewTab->https://kabuoji3.com/stock/4243/2009/
[2021-03-17 07:52:12]cl_getDriver.py(127): click_Success->//*[@id="base_box"]/div/div[3]/form/button
[2021-03-17 07:52:12]cl_getDriver.py(127): click_Success->//*[@id="base_box"]/div/div[3]/form/button
[2021-03-17 07:52:14]cl_getDriver.py(127): click_Success->//*[@id="base_box"]/div/div[3]/form/button
[2021-03-17 07:52:14]cl_getDriver.py(127): click_Success->//*[@id="base_box"]/div/div[3]/form/button
[2021-03-17 07:52:15]cl_getDriver.py(72): Open NewTab->https://kabuoji3.com/stock/4245/2018/
[2021-03-17 07:52:15]cl_getDriver.py(72): Open NewTab->https://kabuoji3.com/stock/4243/2008/
[2021-03-17 07:52:16]cl_getDriver.py(127): click_Success->//*[@id="base_box"]/div/div[3]/form/button
[2021-03-17 07:52:16]cl_getDriver.py(127): click_Success->//*[@id="base_box"]/div/div[3]/form/button
[2021-03-17 07:52:18]cl_getDriver.py(127): click_Success->//*[@id="base_box"]/div/div[3]/form/button
[2021-03-17 07:52:19]cl_getDriver.py(127): click_Success->//*[@id="base_box"]/div/div[3]/form/button
[2021-03-17 07:52:19]cl_getDriver.py(72): Open NewTab->https://kabuoji3.com/stock/4243/2007/
[2021-03-17 07:52:19]cl_getDriver.py(72): Open NewTab->https://kabuoji3.com/stock/4245/2017/
[2021-03-17 07:52:20]cl_getDriver.py(127): click_Success->//*[@id="base_box"]/div/div[3]/form/button
[2021-03-17 07:52:20]cl_getDriver.py(127): click_Success->//*[@id="base_box"]/div/div[3]/form/button
[2021-03-17 07:52:22]cl_getDriver.py(127): click_Success->//*[@id="base_box"]/div/div[3]/form/button
[2021-03-17 07:52:23]cl_getDriver.py(127): click_Success->//*[@id="base_box"]/div/div[3]/form/button
[2021-03-17 07:52:23]cl_getDriver.py(72): Open NewTab->https://kabuoji3.com/stock/4245/2016/
[2021-03-17 07:52:24]cl_getDriver.py(127): click_Success->//*[@id="base_box"]/div/div[3]/form/button
[2021-03-17 07:52:25]main.py(42): finished Process->https://kabuoji3.com/stock/4243/
[2021-03-17 07:52:25]main.py(15): start_Process->https://kabuoji3.com/stock/4246/
[2021-03-17 07:52:26]cl_getDriver.py(127): click_Success->//*[@id="base_box"]/div/div[3]/form/button
[2021-03-17 07:52:27]cl_getDriver.py(72): Open NewTab->https://kabuoji3.com/stock/4245/2015/
[2021-03-17 07:52:28]cl_getDriver.py(127): click_Success->//*[@id="base_box"]/div/div[3]/form/button
[2021-03-17 07:52:30]cl_getDriver.py(64): getURL=https://kabuoji3.com/stock/4246/
[2021-03-17 07:52:30]cl_getDriver.py(72): Open NewTab->https://kabuoji3.com/stock/4246/
[2021-03-17 07:52:30]cl_getDriver.py(127): click_Success->//*[@id="base_box"]/div/div[3]/form/button
[2021-03-17 07:52:31]cl_getDriver.py(72): Open NewTab->https://kabuoji3.com/stock/4245/2014/
[2021-03-17 07:52:31]cl_getDriver.py(130): Not Found->//*[@id="base_box"]/div/div[3]/form/button
[2021-03-17 07:52:32]cl_getDriver.py(127): click_Success->//*[@id="base_box"]/div/div[3]/form/button
[2021-03-17 07:52:33]cl_getDriver.py(130): Not Found->//*[@id="base_box"]/div/div[3]/form/button
[2021-03-17 07:52:33]cl_getDriver.py(72): Open NewTab->https://kabuoji3.com/stock/4246/2021/
[2021-03-17 07:52:34]cl_getDriver.py(127): click_Success->//*[@id="base_box"]/div/div[3]/form/button
[2021-03-17 07:52:34]cl_getDriver.py(127): click_Success->//*[@id="base_box"]/div/div[3]/form/button
[2021-03-17 07:52:35]cl_getDriver.py(72): Open NewTab->https://kabuoji3.com/stock/4245/2013/
[2021-03-17 07:52:35]cl_getDriver.py(127): click_Success->//*[@id="base_box"]/div/div[3]/form/button
[2021-03-17 07:52:37]cl_getDriver.py(127): click_Success->//*[@id="base_box"]/div/div[3]/form/button
[2021-03-17 07:52:37]cl_getDriver.py(72): Open NewTab->https://kabuoji3.com/stock/4246/2020/
[2021-03-17 07:52:38]cl_getDriver.py(127): click_Success->//*[@id="base_box"]/div/div[3]/form/button
[2021-03-17 07:52:38]cl_getDriver.py(127): click_Success->//*[@id="base_box"]/div/div[3]/form/button
[2021-03-17 07:52:41]main.py(42): finished Process->https://kabuoji3.com/stock/4245/
[2021-03-17 07:52:41]main.py(15): start_Process->https://kabuoji3.com/stock/4248/
[2021-03-17 07:52:41]cl_getDriver.py(127): click_Success->//*[@id="base_box"]/div/div[3]/form/button
[2021-03-17 07:52:41]cl_getDriver.py(72): Open NewTab->https://kabuoji3.com/stock/4246/2019/
[2021-03-17 07:52:42]cl_getDriver.py(127): click_Success->//*[@id="base_box"]/div/div[3]/form/button
[2021-03-17 07:52:44]cl_getDriver.py(127): click_Success->//*[@id="base_box"]/div/div[3]/form/button
[2021-03-17 07:52:45]cl_getDriver.py(72): Open NewTab->https://kabuoji3.com/stock/4246/2018/
[2021-03-17 07:52:46]cl_getDriver.py(127): click_Success->//*[@id="base_box"]/div/div[3]/form/button
[2021-03-17 07:52:47]cl_getDriver.py(64): getURL=https://kabuoji3.com/stock/4248/
[2021-03-17 07:52:47]cl_getDriver.py(72): Open NewTab->https://kabuoji3.com/stock/4248/
[2021-03-17 07:52:48]cl_getDriver.py(130): Not Found->//*[@id="base_box"]/div/div[3]/form/button
[2021-03-17 07:52:48]cl_getDriver.py(127): click_Success->//*[@id="base_box"]/div/div[3]/form/button
[2021-03-17 07:52:48]cl_getDriver.py(72): Open NewTab->https://kabuoji3.com/stock/4246/2017/
[2021-03-17 07:52:50]cl_getDriver.py(127): click_Success->//*[@id="base_box"]/div/div[3]/form/button
[2021-03-17 07:52:50]cl_getDriver.py(130): Not Found->//*[@id="base_box"]/div/div[3]/form/button
[2021-03-17 07:52:50]cl_getDriver.py(72): Open NewTab->https://kabuoji3.com/stock/4248/2021/
[2021-03-17 07:52:51]cl_getDriver.py(127): click_Success->//*[@id="base_box"]/div/div[3]/form/button
[2021-03-17 07:52:52]cl_getDriver.py(127): click_Success->//*[@id="base_box"]/div/div[3]/form/button
[2021-03-17 07:52:52]cl_getDriver.py(72): Open NewTab->https://kabuoji3.com/stock/4246/2016/
[2021-03-17 07:52:53]cl_getDriver.py(127): click_Success->//*[@id="base_box"]/div/div[3]/form/button
[2021-03-17 07:52:53]cl_getDriver.py(127): click_Success->//*[@id="base_box"]/div/div[3]/form/button
[2021-03-17 07:52:54]cl_getDriver.py(72): Open NewTab->https://kabuoji3.com/stock/4248/2020/
[2021-03-17 07:52:55]cl_getDriver.py(127): click_Success->//*[@id="base_box"]/div/div[3]/form/button
[2021-03-17 07:52:56]cl_getDriver.py(127): click_Success->//*[@id="base_box"]/div/div[3]/form/button
[2021-03-17 07:52:56]cl_getDriver.py(72): Open NewTab->https://kabuoji3.com/stock/4246/2015/
[2021-03-17 07:52:57]cl_getDriver.py(127): click_Success->//*[@id="base_box"]/div/div[3]/form/button
[2021-03-17 07:52:57]cl_getDriver.py(127): click_Success->//*[@id="base_box"]/div/div[3]/form/button
[2021-03-17 07:52:57]cl_getDriver.py(72): Open NewTab->https://kabuoji3.com/stock/4248/2019/
[2021-03-17 07:52:58]cl_getDriver.py(127): click_Success->//*[@id="base_box"]/div/div[3]/form/button
[2021-03-17 07:53:00]cl_getDriver.py(127): click_Success->//*[@id="base_box"]/div/div[3]/form/button
[2021-03-17 07:53:00]cl_getDriver.py(72): Open NewTab->https://kabuoji3.com/stock/4246/2014/
[2021-03-17 07:53:01]cl_getDriver.py(127): click_Success->//*[@id="base_box"]/div/div[3]/form/button
[2021-03-17 07:53:01]cl_getDriver.py(127): click_Success->//*[@id="base_box"]/div/div[3]/form/button
[2021-03-17 07:53:01]cl_getDriver.py(72): Open NewTab->https://kabuoji3.com/stock/4248/2018/
[2021-03-17 07:53:02]cl_getDriver.py(127): click_Success->//*[@id="base_box"]/div/div[3]/form/button
[2021-03-17 07:53:04]cl_getDriver.py(127): click_Success->//*[@id="base_box"]/div/div[3]/form/button
[2021-03-17 07:53:05]cl_getDriver.py(127): click_Success->//*[@id="base_box"]/div/div[3]/form/button
[2021-03-17 07:53:05]cl_getDriver.py(72): Open NewTab->https://kabuoji3.com/stock/4248/2017/
[2021-03-17 07:53:06]cl_getDriver.py(127): click_Success->//*[@id="base_box"]/div/div[3]/form/button
[2021-03-17 07:53:08]main.py(42): finished Process->https://kabuoji3.com/stock/4246/
[2021-03-17 07:53:08]main.py(15): start_Process->https://kabuoji3.com/stock/4249/
[2021-03-17 07:53:08]cl_getDriver.py(127): click_Success->//*[@id="base_box"]/div/div[3]/form/button
[2021-03-17 07:53:08]cl_getDriver.py(72): Open NewTab->https://kabuoji3.com/stock/4248/2016/
[2021-03-17 07:53:09]cl_getDriver.py(127): click_Success->//*[@id="base_box"]/div/div[3]/form/button
[2021-03-17 07:53:12]cl_getDriver.py(127): click_Success->//*[@id="base_box"]/div/div[3]/form/button
[2021-03-17 07:53:12]cl_getDriver.py(72): Open NewTab->https://kabuoji3.com/stock/4248/2015/
[2021-03-17 07:53:13]cl_getDriver.py(127): click_Success->//*[@id="base_box"]/div/div[3]/form/button
[2021-03-17 07:53:14]cl_getDriver.py(64): getURL=https://kabuoji3.com/stock/4249/
[2021-03-17 07:53:14]cl_getDriver.py(72): Open NewTab->https://kabuoji3.com/stock/4249/
[2021-03-17 07:53:15]cl_getDriver.py(130): Not Found->//*[@id="base_box"]/div/div[3]/form/button
[2021-03-17 07:53:15]cl_getDriver.py(127): click_Success->//*[@id="base_box"]/div/div[3]/form/button
[2021-03-17 07:53:15]cl_getDriver.py(72): Open NewTab->https://kabuoji3.com/stock/4248/2014/
[2021-03-17 07:53:16]cl_getDriver.py(127): click_Success->//*[@id="base_box"]/div/div[3]/form/button
[2021-03-17 07:53:17]cl_getDriver.py(130): Not Found->//*[@id="base_box"]/div/div[3]/form/button
[2021-03-17 07:53:17]cl_getDriver.py(72): Open NewTab->https://kabuoji3.com/stock/4249/2021/
[2021-03-17 07:53:19]cl_getDriver.py(127): click_Success->//*[@id="base_box"]/div/div[3]/form/button
[2021-03-17 07:53:19]cl_getDriver.py(127): click_Success->//*[@id="base_box"]/div/div[3]/form/button
[2021-03-17 07:53:21]cl_getDriver.py(127): click_Success->//*[@id="base_box"]/div/div[3]/form/button
[2021-03-17 07:53:21]cl_getDriver.py(72): Open NewTab->https://kabuoji3.com/stock/4249/2020/
[2021-03-17 07:53:22]cl_getDriver.py(127): click_Success->//*[@id="base_box"]/div/div[3]/form/button
[2021-03-17 07:53:23]main.py(42): finished Process->https://kabuoji3.com/stock/4248/
[2021-03-17 07:53:23]main.py(15): start_Process->https://kabuoji3.com/stock/4250/
[2021-03-17 07:53:25]cl_getDriver.py(127): click_Success->//*[@id="base_box"]/div/div[3]/form/button
[2021-03-17 07:53:25]cl_getDriver.py(72): Open NewTab->https://kabuoji3.com/stock/4249/2019/
[2021-03-17 07:53:26]cl_getDriver.py(127): click_Success->//*[@id="base_box"]/div/div[3]/form/button
[2021-03-17 07:53:28]cl_getDriver.py(64): getURL=https://kabuoji3.com/stock/4250/
[2021-03-17 07:53:28]cl_getDriver.py(127): click_Success->//*[@id="base_box"]/div/div[3]/form/button
[2021-03-17 07:53:29]cl_getDriver.py(72): Open NewTab->https://kabuoji3.com/stock/4249/2018/
[2021-03-17 07:53:30]cl_getDriver.py(127): click_Success->//*[@id="base_box"]/div/div[3]/form/button
[2021-03-17 07:53:30]main.py(42): finished Process->https://kabuoji3.com/stock/4250/
[2021-03-17 07:53:30]main.py(15): start_Process->https://kabuoji3.com/stock/4251/
[2021-03-17 07:53:32]cl_getDriver.py(127): click_Success->//*[@id="base_box"]/div/div[3]/form/button
[2021-03-17 07:53:32]cl_getDriver.py(72): Open NewTab->https://kabuoji3.com/stock/4249/2017/
[2021-03-17 07:53:33]cl_getDriver.py(127): click_Success->//*[@id="base_box"]/div/div[3]/form/button
[2021-03-17 07:53:36]cl_getDriver.py(127): click_Success->//*[@id="base_box"]/div/div[3]/form/button
[2021-03-17 07:53:37]cl_getDriver.py(64): getURL=https://kabuoji3.com/stock/4251/
[2021-03-17 07:53:37]cl_getDriver.py(72): Open NewTab->https://kabuoji3.com/stock/4251/
[2021-03-17 07:53:37]cl_getDriver.py(130): Not Found->//*[@id="base_box"]/div/div[3]/form/button
[2021-03-17 07:53:39]cl_getDriver.py(130): Not Found->//*[@id="base_box"]/div/div[3]/form/button
[2021-03-17 07:53:39]cl_getDriver.py(72): Open NewTab->https://kabuoji3.com/stock/4251/2021/
[2021-03-17 07:53:40]main.py(42): finished Process->https://kabuoji3.com/stock/4249/
[2021-03-17 07:53:40]main.py(15): start_Process->https://kabuoji3.com/stock/4272/
[2021-03-17 07:53:40]cl_getDriver.py(127): click_Success->//*[@id="base_box"]/div/div[3]/form/button
[2021-03-17 07:53:42]cl_getDriver.py(127): click_Success->//*[@id="base_box"]/div/div[3]/form/button
[2021-03-17 07:53:43]cl_getDriver.py(72): Open NewTab->https://kabuoji3.com/stock/4251/2020/
[2021-03-17 07:53:44]cl_getDriver.py(127): click_Success->//*[@id="base_box"]/div/div[3]/form/button
[2021-03-17 07:53:45]cl_getDriver.py(64): getURL=https://kabuoji3.com/stock/4272/
[2021-03-17 07:53:45]cl_getDriver.py(72): Open NewTab->https://kabuoji3.com/stock/4272/
[2021-03-17 07:53:46]cl_getDriver.py(130): Not Found->//*[@id="base_box"]/div/div[3]/form/button
[2021-03-17 07:53:46]cl_getDriver.py(127): click_Success->//*[@id="base_box"]/div/div[3]/form/button
[2021-03-17 07:53:47]cl_getDriver.py(72): Open NewTab->https://kabuoji3.com/stock/4251/2019/
[2021-03-17 07:53:47]cl_getDriver.py(127): click_Success->//*[@id="base_box"]/div/div[3]/form/button
[2021-03-17 07:53:48]cl_getDriver.py(130): Not Found->//*[@id="base_box"]/div/div[3]/form/button
[2021-03-17 07:53:48]cl_getDriver.py(72): Open NewTab->https://kabuoji3.com/stock/4272/2021/
[2021-03-17 07:53:49]cl_getDriver.py(127): click_Success->//*[@id="base_box"]/div/div[3]/form/button
[2021-03-17 07:53:50]cl_getDriver.py(127): click_Success->//*[@id="base_box"]/div/div[3]/form/button
[2021-03-17 07:53:51]cl_getDriver.py(127): click_Success->//*[@id="base_box"]/div/div[3]/form/button
[2021-03-17 07:53:52]cl_getDriver.py(72): Open NewTab->https://kabuoji3.com/stock/4272/2020/
[2021-03-17 07:53:53]cl_getDriver.py(127): click_Success->//*[@id="base_box"]/div/div[3]/form/button
[2021-03-17 07:53:54]main.py(42): finished Process->https://kabuoji3.com/stock/4251/
[2021-03-17 07:53:54]main.py(15): start_Process->https://kabuoji3.com/stock/4274/
[2021-03-17 07:53:55]cl_getDriver.py(127): click_Success->//*[@id="base_box"]/div/div[3]/form/button
[2021-03-17 07:53:56]cl_getDriver.py(72): Open NewTab->https://kabuoji3.com/stock/4272/2019/
[2021-03-17 07:53:57]cl_getDriver.py(127): click_Success->//*[@id="base_box"]/div/div[3]/form/button
[2021-03-17 07:53:59]cl_getDriver.py(64): getURL=https://kabuoji3.com/stock/4274/
[2021-03-17 07:53:59]cl_getDriver.py(127): click_Success->//*[@id="base_box"]/div/div[3]/form/button
[2021-03-17 07:54:00]cl_getDriver.py(72): Open NewTab->https://kabuoji3.com/stock/4272/2018/
[2021-03-17 07:54:00]cl_getDriver.py(72): Open NewTab->https://kabuoji3.com/stock/4274/
[2021-03-17 07:54:01]cl_getDriver.py(127): click_Success->//*[@id="base_box"]/div/div[3]/form/button
[2021-03-17 07:54:01]cl_getDriver.py(130): Not Found->//*[@id="base_box"]/div/div[3]/form/button
[2021-03-17 07:54:03]cl_getDriver.py(130): Not Found->//*[@id="base_box"]/div/div[3]/form/button
[2021-03-17 07:54:03]cl_getDriver.py(72): Open NewTab->https://kabuoji3.com/stock/4274/2021/
[2021-03-17 07:54:03]cl_getDriver.py(127): click_Success->//*[@id="base_box"]/div/div[3]/form/button
[2021-03-17 07:54:04]cl_getDriver.py(72): Open NewTab->https://kabuoji3.com/stock/4272/2017/
[2021-03-17 07:54:04]cl_getDriver.py(127): click_Success->//*[@id="base_box"]/div/div[3]/form/button
[2021-03-17 07:54:05]cl_getDriver.py(127): click_Success->//*[@id="base_box"]/div/div[3]/form/button
[2021-03-17 07:54:07]cl_getDriver.py(127): click_Success->//*[@id="base_box"]/div/div[3]/form/button
[2021-03-17 07:54:07]cl_getDriver.py(72): Open NewTab->https://kabuoji3.com/stock/4274/2020/
[2021-03-17 07:54:07]cl_getDriver.py(127): click_Success->//*[@id="base_box"]/div/div[3]/form/button
[2021-03-17 07:54:08]cl_getDriver.py(72): Open NewTab->https://kabuoji3.com/stock/4272/2016/
[2021-03-17 07:54:09]cl_getDriver.py(127): click_Success->//*[@id="base_box"]/div/div[3]/form/button
[2021-03-17 07:54:09]cl_getDriver.py(127): click_Success->//*[@id="base_box"]/div/div[3]/form/button
[2021-03-17 07:54:11]cl_getDriver.py(127): click_Success->//*[@id="base_box"]/div/div[3]/form/button
[2021-03-17 07:54:11]cl_getDriver.py(72): Open NewTab->https://kabuoji3.com/stock/4274/2019/
[2021-03-17 07:54:11]cl_getDriver.py(127): click_Success->//*[@id="base_box"]/div/div[3]/form/button
[2021-03-17 07:54:12]cl_getDriver.py(72): Open NewTab->https://kabuoji3.com/stock/4272/2015/
[2021-03-17 07:54:13]cl_getDriver.py(127): click_Success->//*[@id="base_box"]/div/div[3]/form/button
[2021-03-17 07:54:13]cl_getDriver.py(127): click_Success->//*[@id="base_box"]/div/div[3]/form/button
[2021-03-17 07:54:15]cl_getDriver.py(127): click_Success->//*[@id="base_box"]/div/div[3]/form/button
[2021-03-17 07:54:15]cl_getDriver.py(127): click_Success->//*[@id="base_box"]/div/div[3]/form/button
[2021-03-17 07:54:16]cl_getDriver.py(72): Open NewTab->https://kabuoji3.com/stock/4274/2018/
[2021-03-17 07:54:16]cl_getDriver.py(72): Open NewTab->https://kabuoji3.com/stock/4272/2014/
[2021-03-17 07:54:17]cl_getDriver.py(127): click_Success->//*[@id="base_box"]/div/div[3]/form/button
[2021-03-17 07:54:17]cl_getDriver.py(127): click_Success->//*[@id="base_box"]/div/div[3]/form/button
[2021-03-17 07:54:19]cl_getDriver.py(127): click_Success->//*[@id="base_box"]/div/div[3]/form/button
[2021-03-17 07:54:19]cl_getDriver.py(127): click_Success->//*[@id="base_box"]/div/div[3]/form/button
[2021-03-17 07:54:20]cl_getDriver.py(72): Open NewTab->https://kabuoji3.com/stock/4274/2017/
[2021-03-17 07:54:20]cl_getDriver.py(72): Open NewTab->https://kabuoji3.com/stock/4272/2013/
[2021-03-17 07:54:21]cl_getDriver.py(127): click_Success->//*[@id="base_box"]/div/div[3]/form/button
[2021-03-17 07:54:21]cl_getDriver.py(127): click_Success->//*[@id="base_box"]/div/div[3]/form/button
[2021-03-17 07:54:23]cl_getDriver.py(127): click_Success->//*[@id="base_box"]/div/div[3]/form/button
[2021-03-17 07:54:24]cl_getDriver.py(127): click_Success->//*[@id="base_box"]/div/div[3]/form/button
[2021-03-17 07:54:24]cl_getDriver.py(72): Open NewTab->https://kabuoji3.com/stock/4274/2016/
[2021-03-17 07:54:24]cl_getDriver.py(72): Open NewTab->https://kabuoji3.com/stock/4272/2012/
[2021-03-17 07:54:25]cl_getDriver.py(127): click_Success->//*[@id="base_box"]/div/div[3]/form/button
[2021-03-17 07:54:25]cl_getDriver.py(127): click_Success->//*[@id="base_box"]/div/div[3]/form/button
[2021-03-17 07:54:28]cl_getDriver.py(127): click_Success->//*[@id="base_box"]/div/div[3]/form/button
[2021-03-17 07:54:28]cl_getDriver.py(127): click_Success->//*[@id="base_box"]/div/div[3]/form/button
[2021-03-17 07:54:28]cl_getDriver.py(72): Open NewTab->https://kabuoji3.com/stock/4274/2015/
[2021-03-17 07:54:28]cl_getDriver.py(72): Open NewTab->https://kabuoji3.com/stock/4272/2011/
[2021-03-17 07:54:30]cl_getDriver.py(127): click_Success->//*[@id="base_box"]/div/div[3]/form/button
[2021-03-17 07:54:30]cl_getDriver.py(127): click_Success->//*[@id="base_box"]/div/div[3]/form/button
[2021-03-17 07:54:32]cl_getDriver.py(127): click_Success->//*[@id="base_box"]/div/div[3]/form/button
[2021-03-17 07:54:32]cl_getDriver.py(127): click_Success->//*[@id="base_box"]/div/div[3]/form/button
[2021-03-17 07:54:33]cl_getDriver.py(72): Open NewTab->https://kabuoji3.com/stock/4274/2014/
[2021-03-17 07:54:33]cl_getDriver.py(72): Open NewTab->https://kabuoji3.com/stock/4272/2010/
[2021-03-17 07:54:34]cl_getDriver.py(127): click_Success->//*[@id="base_box"]/div/div[3]/form/button
[2021-03-17 07:54:34]cl_getDriver.py(127): click_Success->//*[@id="base_box"]/div/div[3]/form/button
[2021-03-17 07:54:36]cl_getDriver.py(127): click_Success->//*[@id="base_box"]/div/div[3]/form/button
[2021-03-17 07:54:36]cl_getDriver.py(127): click_Success->//*[@id="base_box"]/div/div[3]/form/button
[2021-03-17 07:54:37]cl_getDriver.py(72): Open NewTab->https://kabuoji3.com/stock/4274/2013/
[2021-03-17 07:54:37]cl_getDriver.py(72): Open NewTab->https://kabuoji3.com/stock/4272/2009/
[2021-03-17 07:54:38]cl_getDriver.py(127): click_Success->//*[@id="base_box"]/div/div[3]/form/button
[2021-03-17 07:54:38]cl_getDriver.py(127): click_Success->//*[@id="base_box"]/div/div[3]/form/button
[2021-03-17 07:54:40]cl_getDriver.py(127): click_Success->//*[@id="base_box"]/div/div[3]/form/button
[2021-03-17 07:54:40]cl_getDriver.py(127): click_Success->//*[@id="base_box"]/div/div[3]/form/button
[2021-03-17 07:54:41]cl_getDriver.py(72): Open NewTab->https://kabuoji3.com/stock/4272/2008/
[2021-03-17 07:54:41]cl_getDriver.py(72): Open NewTab->https://kabuoji3.com/stock/4274/2012/
[2021-03-17 07:54:43]cl_getDriver.py(127): click_Success->//*[@id="base_box"]/div/div[3]/form/button
[2021-03-17 07:54:43]cl_getDriver.py(127): click_Success->//*[@id="base_box"]/div/div[3]/form/button
[2021-03-17 07:54:45]cl_getDriver.py(127): click_Success->//*[@id="base_box"]/div/div[3]/form/button
[2021-03-17 07:54:45]cl_getDriver.py(127): click_Success->//*[@id="base_box"]/div/div[3]/form/button
[2021-03-17 07:54:45]cl_getDriver.py(72): Open NewTab->https://kabuoji3.com/stock/4274/2011/
[2021-03-17 07:54:46]cl_getDriver.py(72): Open NewTab->https://kabuoji3.com/stock/4272/2007/
[2021-03-17 07:54:47]cl_getDriver.py(127): click_Success->//*[@id="base_box"]/div/div[3]/form/button
[2021-03-17 07:54:47]cl_getDriver.py(127): click_Success->//*[@id="base_box"]/div/div[3]/form/button
[2021-03-17 07:54:49]cl_getDriver.py(127): click_Success->//*[@id="base_box"]/div/div[3]/form/button
[2021-03-17 07:54:49]cl_getDriver.py(72): Open NewTab->https://kabuoji3.com/stock/4274/2010/
[2021-03-17 07:54:49]cl_getDriver.py(127): click_Success->//*[@id="base_box"]/div/div[3]/form/button
[2021-03-17 07:54:50]cl_getDriver.py(72): Open NewTab->https://kabuoji3.com/stock/4272/2006/
[2021-03-17 07:54:50]cl_getDriver.py(127): click_Success->//*[@id="base_box"]/div/div[3]/form/button
[2021-03-17 07:54:51]cl_getDriver.py(127): click_Success->//*[@id="base_box"]/div/div[3]/form/button
[2021-03-17 07:54:53]cl_getDriver.py(127): click_Success->//*[@id="base_box"]/div/div[3]/form/button
[2021-03-17 07:54:53]cl_getDriver.py(72): Open NewTab->https://kabuoji3.com/stock/4274/2009/
[2021-03-17 07:54:53]cl_getDriver.py(127): click_Success->//*[@id="base_box"]/div/div[3]/form/button
[2021-03-17 07:54:54]cl_getDriver.py(72): Open NewTab->https://kabuoji3.com/stock/4272/2005/
[2021-03-17 07:54:54]cl_getDriver.py(127): click_Success->//*[@id="base_box"]/div/div[3]/form/button
[2021-03-17 07:54:55]cl_getDriver.py(127): click_Success->//*[@id="base_box"]/div/div[3]/form/button
[2021-03-17 07:54:57]cl_getDriver.py(127): click_Success->//*[@id="base_box"]/div/div[3]/form/button
[2021-03-17 07:54:57]cl_getDriver.py(72): Open NewTab->https://kabuoji3.com/stock/4274/2008/
[2021-03-17 07:54:57]cl_getDriver.py(127): click_Success->//*[@id="base_box"]/div/div[3]/form/button
[2021-03-17 07:54:58]cl_getDriver.py(72): Open NewTab->https://kabuoji3.com/stock/4272/2004/
[2021-03-17 07:54:58]cl_getDriver.py(127): click_Success->//*[@id="base_box"]/div/div[3]/form/button
[2021-03-17 07:54:59]cl_getDriver.py(127): click_Success->//*[@id="base_box"]/div/div[3]/form/button
[2021-03-17 07:55:00]cl_getDriver.py(127): click_Success->//*[@id="base_box"]/div/div[3]/form/button
[2021-03-17 07:55:01]cl_getDriver.py(72): Open NewTab->https://kabuoji3.com/stock/4274/2007/
[2021-03-17 07:55:01]cl_getDriver.py(127): click_Success->//*[@id="base_box"]/div/div[3]/form/button
[2021-03-17 07:55:02]cl_getDriver.py(72): Open NewTab->https://kabuoji3.com/stock/4272/2003/
[2021-03-17 07:55:02]cl_getDriver.py(127): click_Success->//*[@id="base_box"]/div/div[3]/form/button
[2021-03-17 07:55:03]cl_getDriver.py(127): click_Success->//*[@id="base_box"]/div/div[3]/form/button
[2021-03-17 07:55:04]cl_getDriver.py(127): click_Success->//*[@id="base_box"]/div/div[3]/form/button
[2021-03-17 07:55:05]cl_getDriver.py(72): Open NewTab->https://kabuoji3.com/stock/4274/2006/
[2021-03-17 07:55:05]cl_getDriver.py(127): click_Success->//*[@id="base_box"]/div/div[3]/form/button
[2021-03-17 07:55:06]cl_getDriver.py(72): Open NewTab->https://kabuoji3.com/stock/4272/2002/
[2021-03-17 07:55:06]cl_getDriver.py(127): click_Success->//*[@id="base_box"]/div/div[3]/form/button
[2021-03-17 07:55:07]cl_getDriver.py(127): click_Success->//*[@id="base_box"]/div/div[3]/form/button
[2021-03-17 07:55:08]cl_getDriver.py(127): click_Success->//*[@id="base_box"]/div/div[3]/form/button
[2021-03-17 07:55:09]cl_getDriver.py(72): Open NewTab->https://kabuoji3.com/stock/4274/2005/
[2021-03-17 07:55:09]cl_getDriver.py(127): click_Success->//*[@id="base_box"]/div/div[3]/form/button
[2021-03-17 07:55:10]cl_getDriver.py(72): Open NewTab->https://kabuoji3.com/stock/4272/2001/
[2021-03-17 07:55:10]cl_getDriver.py(127): click_Success->//*[@id="base_box"]/div/div[3]/form/button
[2021-03-17 07:55:11]cl_getDriver.py(127): click_Success->//*[@id="base_box"]/div/div[3]/form/button
[2021-03-17 07:55:12]cl_getDriver.py(127): click_Success->//*[@id="base_box"]/div/div[3]/form/button
[2021-03-17 07:55:13]cl_getDriver.py(72): Open NewTab->https://kabuoji3.com/stock/4274/2004/
[2021-03-17 07:55:13]cl_getDriver.py(127): click_Success->//*[@id="base_box"]/div/div[3]/form/button
[2021-03-17 07:55:14]cl_getDriver.py(72): Open NewTab->https://kabuoji3.com/stock/4272/2000/
[2021-03-17 07:55:14]cl_getDriver.py(127): click_Success->//*[@id="base_box"]/div/div[3]/form/button
[2021-03-17 07:55:15]cl_getDriver.py(127): click_Success->//*[@id="base_box"]/div/div[3]/form/button
[2021-03-17 07:55:16]cl_getDriver.py(127): click_Success->//*[@id="base_box"]/div/div[3]/form/button
[2021-03-17 07:55:17]cl_getDriver.py(72): Open NewTab->https://kabuoji3.com/stock/4274/2003/
[2021-03-17 07:55:17]cl_getDriver.py(127): click_Success->//*[@id="base_box"]/div/div[3]/form/button
[2021-03-17 07:55:17]cl_getDriver.py(72): Open NewTab->https://kabuoji3.com/stock/4272/1999/
[2021-03-17 07:55:18]cl_getDriver.py(127): click_Success->//*[@id="base_box"]/div/div[3]/form/button
[2021-03-17 07:55:19]cl_getDriver.py(127): click_Success->//*[@id="base_box"]/div/div[3]/form/button
[2021-03-17 07:55:20]cl_getDriver.py(127): click_Success->//*[@id="base_box"]/div/div[3]/form/button
[2021-03-17 07:55:21]cl_getDriver.py(72): Open NewTab->https://kabuoji3.com/stock/4274/2002/
[2021-03-17 07:55:21]cl_getDriver.py(127): click_Success->//*[@id="base_box"]/div/div[3]/form/button
[2021-03-17 07:55:21]cl_getDriver.py(72): Open NewTab->https://kabuoji3.com/stock/4272/1998/
[2021-03-17 07:55:22]cl_getDriver.py(127): click_Success->//*[@id="base_box"]/div/div[3]/form/button
[2021-03-17 07:55:23]cl_getDriver.py(127): click_Success->//*[@id="base_box"]/div/div[3]/form/button
[2021-03-17 07:55:24]cl_getDriver.py(127): click_Success->//*[@id="base_box"]/div/div[3]/form/button
[2021-03-17 07:55:25]cl_getDriver.py(72): Open NewTab->https://kabuoji3.com/stock/4274/2001/
[2021-03-17 07:55:25]cl_getDriver.py(127): click_Success->//*[@id="base_box"]/div/div[3]/form/button
[2021-03-17 07:55:25]cl_getDriver.py(72): Open NewTab->https://kabuoji3.com/stock/4272/1997/
[2021-03-17 07:55:26]cl_getDriver.py(127): click_Success->//*[@id="base_box"]/div/div[3]/form/button
[2021-03-17 07:55:27]cl_getDriver.py(127): click_Success->//*[@id="base_box"]/div/div[3]/form/button
[2021-03-17 07:55:28]cl_getDriver.py(127): click_Success->//*[@id="base_box"]/div/div[3]/form/button
[2021-03-17 07:55:29]cl_getDriver.py(72): Open NewTab->https://kabuoji3.com/stock/4274/2000/
[2021-03-17 07:55:29]cl_getDriver.py(127): click_Success->//*[@id="base_box"]/div/div[3]/form/button
[2021-03-17 07:55:30]cl_getDriver.py(72): Open NewTab->https://kabuoji3.com/stock/4272/1996/
[2021-03-17 07:55:30]cl_getDriver.py(127): click_Success->//*[@id="base_box"]/div/div[3]/form/button
[2021-03-17 07:55:31]cl_getDriver.py(127): click_Success->//*[@id="base_box"]/div/div[3]/form/button
[2021-03-17 07:55:32]cl_getDriver.py(127): click_Success->//*[@id="base_box"]/div/div[3]/form/button
[2021-03-17 07:55:33]cl_getDriver.py(72): Open NewTab->https://kabuoji3.com/stock/4274/1999/
[2021-03-17 07:55:33]cl_getDriver.py(127): click_Success->//*[@id="base_box"]/div/div[3]/form/button
[2021-03-17 07:55:34]cl_getDriver.py(72): Open NewTab->https://kabuoji3.com/stock/4272/1995/
[2021-03-17 07:55:34]cl_getDriver.py(127): click_Success->//*[@id="base_box"]/div/div[3]/form/button
[2021-03-17 07:55:35]cl_getDriver.py(127): click_Success->//*[@id="base_box"]/div/div[3]/form/button
[2021-03-17 07:55:36]cl_getDriver.py(127): click_Success->//*[@id="base_box"]/div/div[3]/form/button
[2021-03-17 07:55:37]cl_getDriver.py(72): Open NewTab->https://kabuoji3.com/stock/4274/1998/
[2021-03-17 07:55:37]cl_getDriver.py(127): click_Success->//*[@id="base_box"]/div/div[3]/form/button
[2021-03-17 07:55:37]cl_getDriver.py(72): Open NewTab->https://kabuoji3.com/stock/4272/1994/
[2021-03-17 07:55:38]cl_getDriver.py(127): click_Success->//*[@id="base_box"]/div/div[3]/form/button
[2021-03-17 07:55:39]cl_getDriver.py(127): click_Success->//*[@id="base_box"]/div/div[3]/form/button
[2021-03-17 07:55:40]cl_getDriver.py(127): click_Success->//*[@id="base_box"]/div/div[3]/form/button
[2021-03-17 07:55:40]cl_getDriver.py(72): Open NewTab->https://kabuoji3.com/stock/4274/1997/
[2021-03-17 07:55:41]cl_getDriver.py(127): click_Success->//*[@id="base_box"]/div/div[3]/form/button
[2021-03-17 07:55:41]cl_getDriver.py(72): Open NewTab->https://kabuoji3.com/stock/4272/1993/
[2021-03-17 07:55:42]cl_getDriver.py(127): click_Success->//*[@id="base_box"]/div/div[3]/form/button
[2021-03-17 07:55:43]cl_getDriver.py(127): click_Success->//*[@id="base_box"]/div/div[3]/form/button
[2021-03-17 07:55:44]cl_getDriver.py(127): click_Success->//*[@id="base_box"]/div/div[3]/form/button
[2021-03-17 07:55:44]cl_getDriver.py(72): Open NewTab->https://kabuoji3.com/stock/4274/1996/
[2021-03-17 07:55:45]cl_getDriver.py(127): click_Success->//*[@id="base_box"]/div/div[3]/form/button
[2021-03-17 07:55:45]cl_getDriver.py(72): Open NewTab->https://kabuoji3.com/stock/4272/1992/
[2021-03-17 07:55:45]cl_getDriver.py(127): click_Success->//*[@id="base_box"]/div/div[3]/form/button
[2021-03-17 07:55:46]cl_getDriver.py(127): click_Success->//*[@id="base_box"]/div/div[3]/form/button
[2021-03-17 07:55:48]cl_getDriver.py(127): click_Success->//*[@id="base_box"]/div/div[3]/form/button
[2021-03-17 07:55:48]cl_getDriver.py(72): Open NewTab->https://kabuoji3.com/stock/4274/1995/
[2021-03-17 07:55:49]cl_getDriver.py(127): click_Success->//*[@id="base_box"]/div/div[3]/form/button
[2021-03-17 07:55:49]cl_getDriver.py(72): Open NewTab->https://kabuoji3.com/stock/4272/1991/
[2021-03-17 07:55:50]cl_getDriver.py(127): click_Success->//*[@id="base_box"]/div/div[3]/form/button
[2021-03-17 07:55:50]cl_getDriver.py(127): click_Success->//*[@id="base_box"]/div/div[3]/form/button
[2021-03-17 07:55:52]cl_getDriver.py(127): click_Success->//*[@id="base_box"]/div/div[3]/form/button
[2021-03-17 07:55:53]cl_getDriver.py(72): Open NewTab->https://kabuoji3.com/stock/4272/1990/
[2021-03-17 07:55:53]cl_getDriver.py(127): click_Success->//*[@id="base_box"]/div/div[3]/form/button
[2021-03-17 07:55:53]cl_getDriver.py(72): Open NewTab->https://kabuoji3.com/stock/4274/1994/
[2021-03-17 07:55:54]cl_getDriver.py(127): click_Success->//*[@id="base_box"]/div/div[3]/form/button
[2021-03-17 07:55:54]cl_getDriver.py(127): click_Success->//*[@id="base_box"]/div/div[3]/form/button
[2021-03-17 07:55:57]cl_getDriver.py(127): click_Success->//*[@id="base_box"]/div/div[3]/form/button
[2021-03-17 07:55:57]cl_getDriver.py(127): click_Success->//*[@id="base_box"]/div/div[3]/form/button
[2021-03-17 07:55:57]cl_getDriver.py(72): Open NewTab->https://kabuoji3.com/stock/4274/1993/
[2021-03-17 07:55:57]cl_getDriver.py(72): Open NewTab->https://kabuoji3.com/stock/4272/1989/
[2021-03-17 07:55:58]cl_getDriver.py(127): click_Success->//*[@id="base_box"]/div/div[3]/form/button
[2021-03-17 07:55:59]cl_getDriver.py(127): click_Success->//*[@id="base_box"]/div/div[3]/form/button
[2021-03-17 07:56:01]cl_getDriver.py(127): click_Success->//*[@id="base_box"]/div/div[3]/form/button
[2021-03-17 07:56:01]cl_getDriver.py(127): click_Success->//*[@id="base_box"]/div/div[3]/form/button
[2021-03-17 07:56:01]cl_getDriver.py(72): Open NewTab->https://kabuoji3.com/stock/4274/1992/
[2021-03-17 07:56:01]cl_getDriver.py(72): Open NewTab->https://kabuoji3.com/stock/4272/1988/
[2021-03-17 07:56:02]cl_getDriver.py(127): click_Success->//*[@id="base_box"]/div/div[3]/form/button
[2021-03-17 07:56:03]cl_getDriver.py(127): click_Success->//*[@id="base_box"]/div/div[3]/form/button
[2021-03-17 07:56:05]cl_getDriver.py(127): click_Success->//*[@id="base_box"]/div/div[3]/form/button
[2021-03-17 07:56:05]cl_getDriver.py(72): Open NewTab->https://kabuoji3.com/stock/4274/1991/
[2021-03-17 07:56:05]cl_getDriver.py(127): click_Success->//*[@id="base_box"]/div/div[3]/form/button
[2021-03-17 07:56:06]cl_getDriver.py(72): Open NewTab->https://kabuoji3.com/stock/4272/1987/
[2021-03-17 07:56:06]cl_getDriver.py(127): click_Success->//*[@id="base_box"]/div/div[3]/form/button
[2021-03-17 07:56:07]cl_getDriver.py(127): click_Success->//*[@id="base_box"]/div/div[3]/form/button
[2021-03-17 07:56:09]cl_getDriver.py(127): click_Success->//*[@id="base_box"]/div/div[3]/form/button
[2021-03-17 07:56:09]cl_getDriver.py(72): Open NewTab->https://kabuoji3.com/stock/4274/1990/
[2021-03-17 07:56:09]cl_getDriver.py(127): click_Success->//*[@id="base_box"]/div/div[3]/form/button
[2021-03-17 07:56:10]cl_getDriver.py(72): Open NewTab->https://kabuoji3.com/stock/4272/1986/
[2021-03-17 07:56:10]cl_getDriver.py(127): click_Success->//*[@id="base_box"]/div/div[3]/form/button
[2021-03-17 07:56:11]cl_getDriver.py(127): click_Success->//*[@id="base_box"]/div/div[3]/form/button
[2021-03-17 07:56:13]cl_getDriver.py(127): click_Success->//*[@id="base_box"]/div/div[3]/form/button
[2021-03-17 07:56:13]cl_getDriver.py(72): Open NewTab->https://kabuoji3.com/stock/4274/1989/
[2021-03-17 07:56:13]cl_getDriver.py(127): click_Success->//*[@id="base_box"]/div/div[3]/form/button
[2021-03-17 07:56:14]cl_getDriver.py(72): Open NewTab->https://kabuoji3.com/stock/4272/1985/
[2021-03-17 07:56:14]cl_getDriver.py(127): click_Success->//*[@id="base_box"]/div/div[3]/form/button
[2021-03-17 07:56:15]cl_getDriver.py(127): click_Success->//*[@id="base_box"]/div/div[3]/form/button
[2021-03-17 07:56:16]cl_getDriver.py(127): click_Success->//*[@id="base_box"]/div/div[3]/form/button
[2021-03-17 07:56:17]cl_getDriver.py(72): Open NewTab->https://kabuoji3.com/stock/4274/1988/
[2021-03-17 07:56:17]cl_getDriver.py(127): click_Success->//*[@id="base_box"]/div/div[3]/form/button
[2021-03-17 07:56:18]cl_getDriver.py(72): Open NewTab->https://kabuoji3.com/stock/4272/1984/
[2021-03-17 07:56:18]cl_getDriver.py(127): click_Success->//*[@id="base_box"]/div/div[3]/form/button
[2021-03-17 07:56:19]cl_getDriver.py(127): click_Success->//*[@id="base_box"]/div/div[3]/form/button
[2021-03-17 07:56:20]cl_getDriver.py(127): click_Success->//*[@id="base_box"]/div/div[3]/form/button
[2021-03-17 07:56:20]cl_getDriver.py(72): Open NewTab->https://kabuoji3.com/stock/4274/1987/
[2021-03-17 07:56:21]cl_getDriver.py(127): click_Success->//*[@id="base_box"]/div/div[3]/form/button
[2021-03-17 07:56:21]cl_getDriver.py(72): Open NewTab->https://kabuoji3.com/stock/4272/1983/
[2021-03-17 07:56:22]cl_getDriver.py(127): click_Success->//*[@id="base_box"]/div/div[3]/form/button
[2021-03-17 07:56:22]cl_getDriver.py(127): click_Success->//*[@id="base_box"]/div/div[3]/form/button
[2021-03-17 07:56:24]cl_getDriver.py(127): click_Success->//*[@id="base_box"]/div/div[3]/form/button
[2021-03-17 07:56:25]cl_getDriver.py(127): click_Success->//*[@id="base_box"]/div/div[3]/form/button
[2021-03-17 07:56:29]main.py(42): finished Process->https://kabuoji3.com/stock/4272/
[2021-03-17 07:56:29]main.py(42): finished Process->https://kabuoji3.com/stock/4274/
[2021-03-17 07:56:29]main.py(15): start_Process->https://kabuoji3.com/stock/4275/
[2021-03-17 07:56:29]main.py(15): start_Process->https://kabuoji3.com/stock/4361/
[2021-03-17 07:56:35]cl_getDriver.py(64): getURL=https://kabuoji3.com/stock/4361/
[2021-03-17 07:56:35]cl_getDriver.py(72): Open NewTab->https://kabuoji3.com/stock/4361/
[2021-03-17 07:56:36]cl_getDriver.py(130): Not Found->//*[@id="base_box"]/div/div[3]/form/button
[2021-03-17 07:56:37]cl_getDriver.py(64): getURL=https://kabuoji3.com/stock/4275/
[2021-03-17 07:56:37]cl_getDriver.py(72): Open NewTab->https://kabuoji3.com/stock/4275/
[2021-03-17 07:56:38]cl_getDriver.py(130): Not Found->//*[@id="base_box"]/div/div[3]/form/button
[2021-03-17 07:56:38]cl_getDriver.py(130): Not Found->//*[@id="base_box"]/div/div[3]/form/button
[2021-03-17 07:56:38]cl_getDriver.py(72): Open NewTab->https://kabuoji3.com/stock/4361/2021/
[2021-03-17 07:56:39]cl_getDriver.py(127): click_Success->//*[@id="base_box"]/div/div[3]/form/button
[2021-03-17 07:56:40]cl_getDriver.py(130): Not Found->//*[@id="base_box"]/div/div[3]/form/button
[2021-03-17 07:56:40]cl_getDriver.py(72): Open NewTab->https://kabuoji3.com/stock/4275/2021/
[2021-03-17 07:56:41]cl_getDriver.py(127): click_Success->//*[@id="base_box"]/div/div[3]/form/button
[2021-03-17 07:56:41]cl_getDriver.py(127): click_Success->//*[@id="base_box"]/div/div[3]/form/button
[2021-03-17 07:56:42]cl_getDriver.py(72): Open NewTab->https://kabuoji3.com/stock/4361/2020/
[2021-03-17 07:56:43]cl_getDriver.py(127): click_Success->//*[@id="base_box"]/div/div[3]/form/button
[2021-03-17 07:56:43]cl_getDriver.py(127): click_Success->//*[@id="base_box"]/div/div[3]/form/button
[2021-03-17 07:56:44]cl_getDriver.py(72): Open NewTab->https://kabuoji3.com/stock/4275/2020/
[2021-03-17 07:56:45]cl_getDriver.py(127): click_Success->//*[@id="base_box"]/div/div[3]/form/button
[2021-03-17 07:56:45]cl_getDriver.py(127): click_Success->//*[@id="base_box"]/div/div[3]/form/button
[2021-03-17 07:56:45]cl_getDriver.py(72): Open NewTab->https://kabuoji3.com/stock/4361/2019/
[2021-03-17 07:56:47]cl_getDriver.py(127): click_Success->//*[@id="base_box"]/div/div[3]/form/button
[2021-03-17 07:56:47]cl_getDriver.py(127): click_Success->//*[@id="base_box"]/div/div[3]/form/button
[2021-03-17 07:56:47]cl_getDriver.py(72): Open NewTab->https://kabuoji3.com/stock/4275/2019/
[2021-03-17 07:56:48]cl_getDriver.py(127): click_Success->//*[@id="base_box"]/div/div[3]/form/button
[2021-03-17 07:56:49]cl_getDriver.py(127): click_Success->//*[@id="base_box"]/div/div[3]/form/button
[2021-03-17 07:56:49]cl_getDriver.py(72): Open NewTab->https://kabuoji3.com/stock/4361/2018/
[2021-03-17 07:56:50]cl_getDriver.py(127): click_Success->//*[@id="base_box"]/div/div[3]/form/button
[2021-03-17 07:56:51]cl_getDriver.py(127): click_Success->//*[@id="base_box"]/div/div[3]/form/button
[2021-03-17 07:56:51]cl_getDriver.py(72): Open NewTab->https://kabuoji3.com/stock/4275/2018/
[2021-03-17 07:56:52]cl_getDriver.py(127): click_Success->//*[@id="base_box"]/div/div[3]/form/button
[2021-03-17 07:56:52]cl_getDriver.py(127): click_Success->//*[@id="base_box"]/div/div[3]/form/button
[2021-03-17 07:56:53]cl_getDriver.py(72): Open NewTab->https://kabuoji3.com/stock/4361/2017/
[2021-03-17 07:56:54]cl_getDriver.py(127): click_Success->//*[@id="base_box"]/div/div[3]/form/button
[2021-03-17 07:56:54]cl_getDriver.py(127): click_Success->//*[@id="base_box"]/div/div[3]/form/button
[2021-03-17 07:56:54]cl_getDriver.py(72): Open NewTab->https://kabuoji3.com/stock/4275/2017/
[2021-03-17 07:56:55]cl_getDriver.py(127): click_Success->//*[@id="base_box"]/div/div[3]/form/button
[2021-03-17 07:56:56]cl_getDriver.py(127): click_Success->//*[@id="base_box"]/div/div[3]/form/button
[2021-03-17 07:56:56]cl_getDriver.py(72): Open NewTab->https://kabuoji3.com/stock/4361/2016/
[2021-03-17 07:56:57]cl_getDriver.py(127): click_Success->//*[@id="base_box"]/div/div[3]/form/button
[2021-03-17 07:56:58]cl_getDriver.py(127): click_Success->//*[@id="base_box"]/div/div[3]/form/button
[2021-03-17 07:56:58]cl_getDriver.py(72): Open NewTab->https://kabuoji3.com/stock/4275/2016/
[2021-03-17 07:56:59]cl_getDriver.py(127): click_Success->//*[@id="base_box"]/div/div[3]/form/button
[2021-03-17 07:57:00]cl_getDriver.py(127): click_Success->//*[@id="base_box"]/div/div[3]/form/button
[2021-03-17 07:57:00]cl_getDriver.py(72): Open NewTab->https://kabuoji3.com/stock/4361/2015/
[2021-03-17 07:57:01]cl_getDriver.py(127): click_Success->//*[@id="base_box"]/div/div[3]/form/button
[2021-03-17 07:57:01]cl_getDriver.py(127): click_Success->//*[@id="base_box"]/div/div[3]/form/button
[2021-03-17 07:57:02]cl_getDriver.py(72): Open NewTab->https://kabuoji3.com/stock/4275/2015/
[2021-03-17 07:57:03]cl_getDriver.py(127): click_Success->//*[@id="base_box"]/div/div[3]/form/button
[2021-03-17 07:57:03]cl_getDriver.py(127): click_Success->//*[@id="base_box"]/div/div[3]/form/button
[2021-03-17 07:57:04]cl_getDriver.py(72): Open NewTab->https://kabuoji3.com/stock/4361/2014/
[2021-03-17 07:57:04]cl_getDriver.py(127): click_Success->//*[@id="base_box"]/div/div[3]/form/button
[2021-03-17 07:57:05]cl_getDriver.py(127): click_Success->//*[@id="base_box"]/div/div[3]/form/button
[2021-03-17 07:57:05]cl_getDriver.py(72): Open NewTab->https://kabuoji3.com/stock/4275/2014/
[2021-03-17 07:57:06]cl_getDriver.py(127): click_Success->//*[@id="base_box"]/div/div[3]/form/button
[2021-03-17 07:57:07]cl_getDriver.py(127): click_Success->//*[@id="base_box"]/div/div[3]/form/button
[2021-03-17 07:57:07]cl_getDriver.py(72): Open NewTab->https://kabuoji3.com/stock/4361/2013/
[2021-03-17 07:57:08]cl_getDriver.py(127): click_Success->//*[@id="base_box"]/div/div[3]/form/button
[2021-03-17 07:57:09]cl_getDriver.py(127): click_Success->//*[@id="base_box"]/div/div[3]/form/button
[2021-03-17 07:57:09]cl_getDriver.py(72): Open NewTab->https://kabuoji3.com/stock/4275/2013/
[2021-03-17 07:57:10]cl_getDriver.py(127): click_Success->//*[@id="base_box"]/div/div[3]/form/button
[2021-03-17 07:57:10]cl_getDriver.py(127): click_Success->//*[@id="base_box"]/div/div[3]/form/button
[2021-03-17 07:57:11]cl_getDriver.py(72): Open NewTab->https://kabuoji3.com/stock/4361/2012/
[2021-03-17 07:57:12]cl_getDriver.py(127): click_Success->//*[@id="base_box"]/div/div[3]/form/button
[2021-03-17 07:57:12]cl_getDriver.py(127): click_Success->//*[@id="base_box"]/div/div[3]/form/button
[2021-03-17 07:57:14]cl_getDriver.py(127): click_Success->//*[@id="base_box"]/div/div[3]/form/button
[2021-03-17 07:57:14]cl_getDriver.py(72): Open NewTab->https://kabuoji3.com/stock/4361/2011/
[2021-03-17 07:57:15]cl_getDriver.py(127): click_Success->//*[@id="base_box"]/div/div[3]/form/button
[2021-03-17 07:57:16]main.py(42): finished Process->https://kabuoji3.com/stock/4275/
[2021-03-17 07:57:16]main.py(15): start_Process->https://kabuoji3.com/stock/4362/
[2021-03-17 07:57:18]cl_getDriver.py(127): click_Success->//*[@id="base_box"]/div/div[3]/form/button
[2021-03-17 07:57:18]cl_getDriver.py(72): Open NewTab->https://kabuoji3.com/stock/4361/2010/
[2021-03-17 07:57:19]cl_getDriver.py(127): click_Success->//*[@id="base_box"]/div/div[3]/form/button
[2021-03-17 07:57:22]cl_getDriver.py(127): click_Success->//*[@id="base_box"]/div/div[3]/form/button
[2021-03-17 07:57:22]cl_getDriver.py(72): Open NewTab->https://kabuoji3.com/stock/4361/2009/
[2021-03-17 07:57:22]cl_getDriver.py(64): getURL=https://kabuoji3.com/stock/4362/
[2021-03-17 07:57:23]cl_getDriver.py(72): Open NewTab->https://kabuoji3.com/stock/4362/
[2021-03-17 07:57:23]cl_getDriver.py(127): click_Success->//*[@id="base_box"]/div/div[3]/form/button
[2021-03-17 07:57:24]cl_getDriver.py(130): Not Found->//*[@id="base_box"]/div/div[3]/form/button
[2021-03-17 07:57:25]cl_getDriver.py(127): click_Success->//*[@id="base_box"]/div/div[3]/form/button
[2021-03-17 07:57:26]cl_getDriver.py(130): Not Found->//*[@id="base_box"]/div/div[3]/form/button
[2021-03-17 07:57:26]cl_getDriver.py(72): Open NewTab->https://kabuoji3.com/stock/4361/2008/
[2021-03-17 07:57:26]cl_getDriver.py(72): Open NewTab->https://kabuoji3.com/stock/4362/2021/
[2021-03-17 07:57:27]cl_getDriver.py(127): click_Success->//*[@id="base_box"]/div/div[3]/form/button
[2021-03-17 07:57:27]cl_getDriver.py(127): click_Success->//*[@id="base_box"]/div/div[3]/form/button
[2021-03-17 07:57:29]cl_getDriver.py(127): click_Success->//*[@id="base_box"]/div/div[3]/form/button
[2021-03-17 07:57:30]cl_getDriver.py(127): click_Success->//*[@id="base_box"]/div/div[3]/form/button
[2021-03-17 07:57:30]cl_getDriver.py(72): Open NewTab->https://kabuoji3.com/stock/4362/2020/
[2021-03-17 07:57:31]cl_getDriver.py(72): Open NewTab->https://kabuoji3.com/stock/4361/2007/
[2021-03-17 07:57:31]cl_getDriver.py(127): click_Success->//*[@id="base_box"]/div/div[3]/form/button
[2021-03-17 07:57:32]cl_getDriver.py(127): click_Success->//*[@id="base_box"]/div/div[3]/form/button
[2021-03-17 07:57:34]cl_getDriver.py(127): click_Success->//*[@id="base_box"]/div/div[3]/form/button
[2021-03-17 07:57:34]cl_getDriver.py(72): Open NewTab->https://kabuoji3.com/stock/4362/2019/
[2021-03-17 07:57:34]cl_getDriver.py(127): click_Success->//*[@id="base_box"]/div/div[3]/form/button
[2021-03-17 07:57:35]cl_getDriver.py(72): Open NewTab->https://kabuoji3.com/stock/4361/2006/
[2021-03-17 07:57:36]cl_getDriver.py(127): click_Success->//*[@id="base_box"]/div/div[3]/form/button
[2021-03-17 07:57:36]cl_getDriver.py(127): click_Success->//*[@id="base_box"]/div/div[3]/form/button
[2021-03-17 07:57:38]cl_getDriver.py(127): click_Success->//*[@id="base_box"]/div/div[3]/form/button
[2021-03-17 07:57:38]cl_getDriver.py(72): Open NewTab->https://kabuoji3.com/stock/4362/2018/
[2021-03-17 07:57:39]cl_getDriver.py(127): click_Success->//*[@id="base_box"]/div/div[3]/form/button
[2021-03-17 07:57:39]cl_getDriver.py(72): Open NewTab->https://kabuoji3.com/stock/4361/2005/
[2021-03-17 07:57:40]cl_getDriver.py(127): click_Success->//*[@id="base_box"]/div/div[3]/form/button
[2021-03-17 07:57:40]cl_getDriver.py(127): click_Success->//*[@id="base_box"]/div/div[3]/form/button
[2021-03-17 07:57:42]cl_getDriver.py(127): click_Success->//*[@id="base_box"]/div/div[3]/form/button
[2021-03-17 07:57:42]cl_getDriver.py(72): Open NewTab->https://kabuoji3.com/stock/4362/2017/
[2021-03-17 07:57:42]cl_getDriver.py(127): click_Success->//*[@id="base_box"]/div/div[3]/form/button
[2021-03-17 07:57:43]cl_getDriver.py(72): Open NewTab->https://kabuoji3.com/stock/4361/2004/
[2021-03-17 07:57:44]cl_getDriver.py(127): click_Success->//*[@id="base_box"]/div/div[3]/form/button
[2021-03-17 07:57:44]cl_getDriver.py(127): click_Success->//*[@id="base_box"]/div/div[3]/form/button
[2021-03-17 07:57:46]cl_getDriver.py(127): click_Success->//*[@id="base_box"]/div/div[3]/form/button
[2021-03-17 07:57:46]cl_getDriver.py(72): Open NewTab->https://kabuoji3.com/stock/4362/2016/
[2021-03-17 07:57:47]cl_getDriver.py(127): click_Success->//*[@id="base_box"]/div/div[3]/form/button
[2021-03-17 07:57:47]cl_getDriver.py(72): Open NewTab->https://kabuoji3.com/stock/4361/2003/
[2021-03-17 07:57:48]cl_getDriver.py(127): click_Success->//*[@id="base_box"]/div/div[3]/form/button
[2021-03-17 07:57:49]cl_getDriver.py(127): click_Success->//*[@id="base_box"]/div/div[3]/form/button
[2021-03-17 07:57:51]cl_getDriver.py(127): click_Success->//*[@id="base_box"]/div/div[3]/form/button
[2021-03-17 07:57:51]cl_getDriver.py(72): Open NewTab->https://kabuoji3.com/stock/4361/2002/
[2021-03-17 07:57:52]cl_getDriver.py(127): click_Success->//*[@id="base_box"]/div/div[3]/form/button
[2021-03-17 07:57:52]cl_getDriver.py(72): Open NewTab->https://kabuoji3.com/stock/4362/2015/
[2021-03-17 07:57:52]cl_getDriver.py(127): click_Success->//*[@id="base_box"]/div/div[3]/form/button
[2021-03-17 07:57:53]cl_getDriver.py(127): click_Success->//*[@id="base_box"]/div/div[3]/form/button
[2021-03-17 07:57:55]cl_getDriver.py(127): click_Success->//*[@id="base_box"]/div/div[3]/form/button
[2021-03-17 07:57:55]cl_getDriver.py(72): Open NewTab->https://kabuoji3.com/stock/4361/2001/
[2021-03-17 07:57:56]cl_getDriver.py(127): click_Success->//*[@id="base_box"]/div/div[3]/form/button
[2021-03-17 07:57:56]cl_getDriver.py(72): Open NewTab->https://kabuoji3.com/stock/4362/2014/
[2021-03-17 07:57:57]cl_getDriver.py(127): click_Success->//*[@id="base_box"]/div/div[3]/form/button
[2021-03-17 07:57:57]cl_getDriver.py(127): click_Success->//*[@id="base_box"]/div/div[3]/form/button
[2021-03-17 07:57:59]cl_getDriver.py(127): click_Success->//*[@id="base_box"]/div/div[3]/form/button
[2021-03-17 07:57:59]cl_getDriver.py(72): Open NewTab->https://kabuoji3.com/stock/4361/2000/
[2021-03-17 07:57:59]cl_getDriver.py(127): click_Success->//*[@id="base_box"]/div/div[3]/form/button
[2021-03-17 07:58:00]cl_getDriver.py(72): Open NewTab->https://kabuoji3.com/stock/4362/2013/
[2021-03-17 07:58:00]cl_getDriver.py(127): click_Success->//*[@id="base_box"]/div/div[3]/form/button
[2021-03-17 07:58:01]cl_getDriver.py(127): click_Success->//*[@id="base_box"]/div/div[3]/form/button
[2021-03-17 07:58:03]cl_getDriver.py(127): click_Success->//*[@id="base_box"]/div/div[3]/form/button
[2021-03-17 07:58:03]cl_getDriver.py(72): Open NewTab->https://kabuoji3.com/stock/4361/1999/
[2021-03-17 07:58:03]cl_getDriver.py(127): click_Success->//*[@id="base_box"]/div/div[3]/form/button
[2021-03-17 07:58:04]cl_getDriver.py(72): Open NewTab->https://kabuoji3.com/stock/4362/2012/
[2021-03-17 07:58:05]cl_getDriver.py(127): click_Success->//*[@id="base_box"]/div/div[3]/form/button
[2021-03-17 07:58:06]cl_getDriver.py(127): click_Success->//*[@id="base_box"]/div/div[3]/form/button
[2021-03-17 07:58:07]cl_getDriver.py(127): click_Success->//*[@id="base_box"]/div/div[3]/form/button
[2021-03-17 07:58:07]cl_getDriver.py(72): Open NewTab->https://kabuoji3.com/stock/4361/1998/
[2021-03-17 07:58:08]cl_getDriver.py(127): click_Success->//*[@id="base_box"]/div/div[3]/form/button
[2021-03-17 07:58:08]cl_getDriver.py(72): Open NewTab->https://kabuoji3.com/stock/4362/2011/
[2021-03-17 07:58:08]cl_getDriver.py(127): click_Success->//*[@id="base_box"]/div/div[3]/form/button
[2021-03-17 07:58:09]cl_getDriver.py(127): click_Success->//*[@id="base_box"]/div/div[3]/form/button
[2021-03-17 07:58:11]cl_getDriver.py(127): click_Success->//*[@id="base_box"]/div/div[3]/form/button
[2021-03-17 07:58:11]cl_getDriver.py(72): Open NewTab->https://kabuoji3.com/stock/4361/1997/
[2021-03-17 07:58:12]cl_getDriver.py(127): click_Success->//*[@id="base_box"]/div/div[3]/form/button
[2021-03-17 07:58:12]cl_getDriver.py(72): Open NewTab->https://kabuoji3.com/stock/4362/2010/
[2021-03-17 07:58:12]cl_getDriver.py(127): click_Success->//*[@id="base_box"]/div/div[3]/form/button
[2021-03-17 07:58:13]cl_getDriver.py(127): click_Success->//*[@id="base_box"]/div/div[3]/form/button
[2021-03-17 07:58:15]cl_getDriver.py(127): click_Success->//*[@id="base_box"]/div/div[3]/form/button
[2021-03-17 07:58:15]cl_getDriver.py(72): Open NewTab->https://kabuoji3.com/stock/4361/1996/
[2021-03-17 07:58:15]cl_getDriver.py(127): click_Success->//*[@id="base_box"]/div/div[3]/form/button
[2021-03-17 07:58:16]cl_getDriver.py(72): Open NewTab->https://kabuoji3.com/stock/4362/2009/
[2021-03-17 07:58:16]cl_getDriver.py(127): click_Success->//*[@id="base_box"]/div/div[3]/form/button
[2021-03-17 07:58:17]cl_getDriver.py(127): click_Success->//*[@id="base_box"]/div/div[3]/form/button
[2021-03-17 07:58:19]cl_getDriver.py(127): click_Success->//*[@id="base_box"]/div/div[3]/form/button
[2021-03-17 07:58:19]cl_getDriver.py(72): Open NewTab->https://kabuoji3.com/stock/4361/1995/
[2021-03-17 07:58:19]cl_getDriver.py(127): click_Success->//*[@id="base_box"]/div/div[3]/form/button
[2021-03-17 07:58:20]cl_getDriver.py(72): Open NewTab->https://kabuoji3.com/stock/4362/2008/
[2021-03-17 07:58:21]cl_getDriver.py(127): click_Success->//*[@id="base_box"]/div/div[3]/form/button
[2021-03-17 07:58:21]cl_getDriver.py(127): click_Success->//*[@id="base_box"]/div/div[3]/form/button
[2021-03-17 07:58:23]cl_getDriver.py(127): click_Success->//*[@id="base_box"]/div/div[3]/form/button
[2021-03-17 07:58:23]cl_getDriver.py(72): Open NewTab->https://kabuoji3.com/stock/4361/1994/
[2021-03-17 07:58:24]cl_getDriver.py(127): click_Success->//*[@id="base_box"]/div/div[3]/form/button
[2021-03-17 07:58:24]cl_getDriver.py(72): Open NewTab->https://kabuoji3.com/stock/4362/2007/
[2021-03-17 07:58:25]cl_getDriver.py(127): click_Success->//*[@id="base_box"]/div/div[3]/form/button
[2021-03-17 07:58:25]cl_getDriver.py(127): click_Success->//*[@id="base_box"]/div/div[3]/form/button
[2021-03-17 07:58:27]cl_getDriver.py(127): click_Success->//*[@id="base_box"]/div/div[3]/form/button
[2021-03-17 07:58:27]cl_getDriver.py(72): Open NewTab->https://kabuoji3.com/stock/4361/1993/
[2021-03-17 07:58:28]cl_getDriver.py(127): click_Success->//*[@id="base_box"]/div/div[3]/form/button
[2021-03-17 07:58:28]cl_getDriver.py(72): Open NewTab->https://kabuoji3.com/stock/4362/2006/
[2021-03-17 07:58:29]cl_getDriver.py(127): click_Success->//*[@id="base_box"]/div/div[3]/form/button
[2021-03-17 07:58:29]cl_getDriver.py(127): click_Success->//*[@id="base_box"]/div/div[3]/form/button
[2021-03-17 07:58:31]cl_getDriver.py(127): click_Success->//*[@id="base_box"]/div/div[3]/form/button
[2021-03-17 07:58:31]cl_getDriver.py(72): Open NewTab->https://kabuoji3.com/stock/4361/1992/
[2021-03-17 07:58:32]cl_getDriver.py(127): click_Success->//*[@id="base_box"]/div/div[3]/form/button
[2021-03-17 07:58:32]cl_getDriver.py(72): Open NewTab->https://kabuoji3.com/stock/4362/2005/
[2021-03-17 07:58:32]cl_getDriver.py(127): click_Success->//*[@id="base_box"]/div/div[3]/form/button
[2021-03-17 07:58:33]cl_getDriver.py(127): click_Success->//*[@id="base_box"]/div/div[3]/form/button
[2021-03-17 07:58:35]cl_getDriver.py(127): click_Success->//*[@id="base_box"]/div/div[3]/form/button
[2021-03-17 07:58:35]cl_getDriver.py(72): Open NewTab->https://kabuoji3.com/stock/4361/1991/
[2021-03-17 07:58:36]cl_getDriver.py(127): click_Success->//*[@id="base_box"]/div/div[3]/form/button
[2021-03-17 07:58:36]cl_getDriver.py(72): Open NewTab->https://kabuoji3.com/stock/4362/2004/
[2021-03-17 07:58:37]cl_getDriver.py(127): click_Success->//*[@id="base_box"]/div/div[3]/form/button
[2021-03-17 07:58:37]cl_getDriver.py(127): click_Success->//*[@id="base_box"]/div/div[3]/form/button
[2021-03-17 07:58:39]cl_getDriver.py(127): click_Success->//*[@id="base_box"]/div/div[3]/form/button
[2021-03-17 07:58:39]cl_getDriver.py(72): Open NewTab->https://kabuoji3.com/stock/4361/1990/
[2021-03-17 07:58:40]cl_getDriver.py(127): click_Success->//*[@id="base_box"]/div/div[3]/form/button
[2021-03-17 07:58:40]cl_getDriver.py(72): Open NewTab->https://kabuoji3.com/stock/4362/2003/
[2021-03-17 07:58:41]cl_getDriver.py(127): click_Success->//*[@id="base_box"]/div/div[3]/form/button
[2021-03-17 07:58:41]cl_getDriver.py(127): click_Success->//*[@id="base_box"]/div/div[3]/form/button
[2021-03-17 07:58:43]cl_getDriver.py(127): click_Success->//*[@id="base_box"]/div/div[3]/form/button
[2021-03-17 07:58:43]cl_getDriver.py(72): Open NewTab->https://kabuoji3.com/stock/4361/1989/
[2021-03-17 07:58:44]cl_getDriver.py(127): click_Success->//*[@id="base_box"]/div/div[3]/form/button
[2021-03-17 07:58:44]cl_getDriver.py(72): Open NewTab->https://kabuoji3.com/stock/4362/2002/
[2021-03-17 07:58:45]cl_getDriver.py(127): click_Success->//*[@id="base_box"]/div/div[3]/form/button
[2021-03-17 07:58:45]cl_getDriver.py(127): click_Success->//*[@id="base_box"]/div/div[3]/form/button
[2021-03-17 07:58:47]cl_getDriver.py(127): click_Success->//*[@id="base_box"]/div/div[3]/form/button
[2021-03-17 07:58:47]cl_getDriver.py(72): Open NewTab->https://kabuoji3.com/stock/4361/1988/
[2021-03-17 07:58:48]cl_getDriver.py(127): click_Success->//*[@id="base_box"]/div/div[3]/form/button
[2021-03-17 07:58:48]cl_getDriver.py(72): Open NewTab->https://kabuoji3.com/stock/4362/2001/
[2021-03-17 07:58:49]cl_getDriver.py(127): click_Success->//*[@id="base_box"]/div/div[3]/form/button
[2021-03-17 07:58:49]cl_getDriver.py(127): click_Success->//*[@id="base_box"]/div/div[3]/form/button
[2021-03-17 07:58:51]cl_getDriver.py(127): click_Success->//*[@id="base_box"]/div/div[3]/form/button
[2021-03-17 07:58:52]cl_getDriver.py(72): Open NewTab->https://kabuoji3.com/stock/4361/1987/
[2021-03-17 07:58:52]cl_getDriver.py(127): click_Success->//*[@id="base_box"]/div/div[3]/form/button
[2021-03-17 07:58:52]cl_getDriver.py(72): Open NewTab->https://kabuoji3.com/stock/4362/2000/
[2021-03-17 07:58:53]cl_getDriver.py(127): click_Success->//*[@id="base_box"]/div/div[3]/form/button
[2021-03-17 07:58:53]cl_getDriver.py(127): click_Success->//*[@id="base_box"]/div/div[3]/form/button
[2021-03-17 07:58:55]cl_getDriver.py(127): click_Success->//*[@id="base_box"]/div/div[3]/form/button
[2021-03-17 07:58:56]cl_getDriver.py(127): click_Success->//*[@id="base_box"]/div/div[3]/form/button
[2021-03-17 07:58:56]cl_getDriver.py(72): Open NewTab->https://kabuoji3.com/stock/4361/1986/
[2021-03-17 07:58:56]cl_getDriver.py(72): Open NewTab->https://kabuoji3.com/stock/4362/1999/
[2021-03-17 07:58:57]cl_getDriver.py(127): click_Success->//*[@id="base_box"]/div/div[3]/form/button
[2021-03-17 07:58:57]cl_getDriver.py(127): click_Success->//*[@id="base_box"]/div/div[3]/form/button
[2021-03-17 07:58:59]cl_getDriver.py(127): click_Success->//*[@id="base_box"]/div/div[3]/form/button
[2021-03-17 07:59:00]cl_getDriver.py(127): click_Success->//*[@id="base_box"]/div/div[3]/form/button
[2021-03-17 07:59:00]cl_getDriver.py(72): Open NewTab->https://kabuoji3.com/stock/4362/1998/
[2021-03-17 07:59:00]cl_getDriver.py(72): Open NewTab->https://kabuoji3.com/stock/4361/1985/
[2021-03-17 07:59:01]cl_getDriver.py(127): click_Success->//*[@id="base_box"]/div/div[3]/form/button
[2021-03-17 07:59:01]cl_getDriver.py(127): click_Success->//*[@id="base_box"]/div/div[3]/form/button
[2021-03-17 07:59:04]cl_getDriver.py(127): click_Success->//*[@id="base_box"]/div/div[3]/form/button
[2021-03-17 07:59:04]cl_getDriver.py(127): click_Success->//*[@id="base_box"]/div/div[3]/form/button
[2021-03-17 07:59:04]cl_getDriver.py(72): Open NewTab->https://kabuoji3.com/stock/4361/1984/
[2021-03-17 07:59:04]cl_getDriver.py(72): Open NewTab->https://kabuoji3.com/stock/4362/1997/
[2021-03-17 07:59:05]cl_getDriver.py(127): click_Success->//*[@id="base_box"]/div/div[3]/form/button
[2021-03-17 07:59:06]cl_getDriver.py(127): click_Success->//*[@id="base_box"]/div/div[3]/form/button
[2021-03-17 07:59:08]cl_getDriver.py(127): click_Success->//*[@id="base_box"]/div/div[3]/form/button
[2021-03-17 07:59:08]cl_getDriver.py(127): click_Success->//*[@id="base_box"]/div/div[3]/form/button
[2021-03-17 07:59:08]cl_getDriver.py(72): Open NewTab->https://kabuoji3.com/stock/4361/1983/
[2021-03-17 07:59:10]cl_getDriver.py(127): click_Success->//*[@id="base_box"]/div/div[3]/form/button
[2021-03-17 07:59:12]cl_getDriver.py(127): click_Success->//*[@id="base_box"]/div/div[3]/form/button
[2021-03-17 07:59:12]main.py(42): finished Process->https://kabuoji3.com/stock/4362/
[2021-03-17 07:59:12]main.py(15): start_Process->https://kabuoji3.com/stock/4364/
[2021-03-17 07:59:17]main.py(42): finished Process->https://kabuoji3.com/stock/4361/
[2021-03-17 07:59:17]main.py(15): start_Process->https://kabuoji3.com/stock/4365/
[2021-03-17 07:59:18]cl_getDriver.py(64): getURL=https://kabuoji3.com/stock/4364/
[2021-03-17 07:59:18]cl_getDriver.py(72): Open NewTab->https://kabuoji3.com/stock/4364/
[2021-03-17 07:59:18]cl_getDriver.py(130): Not Found->//*[@id="base_box"]/div/div[3]/form/button
[2021-03-17 07:59:20]cl_getDriver.py(130): Not Found->//*[@id="base_box"]/div/div[3]/form/button
[2021-03-17 07:59:21]cl_getDriver.py(72): Open NewTab->https://kabuoji3.com/stock/4364/2021/
[2021-03-17 07:59:21]cl_getDriver.py(127): click_Success->//*[@id="base_box"]/div/div[3]/form/button
[2021-03-17 07:59:22]cl_getDriver.py(64): getURL=https://kabuoji3.com/stock/4365/
[2021-03-17 07:59:23]cl_getDriver.py(72): Open NewTab->https://kabuoji3.com/stock/4365/
[2021-03-17 07:59:23]cl_getDriver.py(130): Not Found->//*[@id="base_box"]/div/div[3]/form/button
[2021-03-17 07:59:24]cl_getDriver.py(127): click_Success->//*[@id="base_box"]/div/div[3]/form/button
[2021-03-17 07:59:24]cl_getDriver.py(72): Open NewTab->https://kabuoji3.com/stock/4364/2020/
[2021-03-17 07:59:25]cl_getDriver.py(127): click_Success->//*[@id="base_box"]/div/div[3]/form/button
[2021-03-17 07:59:25]cl_getDriver.py(130): Not Found->//*[@id="base_box"]/div/div[3]/form/button
[2021-03-17 07:59:25]cl_getDriver.py(72): Open NewTab->https://kabuoji3.com/stock/4365/2021/
[2021-03-17 07:59:26]cl_getDriver.py(127): click_Success->//*[@id="base_box"]/div/div[3]/form/button
[2021-03-17 07:59:27]cl_getDriver.py(127): click_Success->//*[@id="base_box"]/div/div[3]/form/button
[2021-03-17 07:59:28]cl_getDriver.py(72): Open NewTab->https://kabuoji3.com/stock/4364/2019/
[2021-03-17 07:59:29]cl_getDriver.py(127): click_Success->//*[@id="base_box"]/div/div[3]/form/button
[2021-03-17 07:59:29]cl_getDriver.py(127): click_Success->//*[@id="base_box"]/div/div[3]/form/button
[2021-03-17 07:59:29]cl_getDriver.py(72): Open NewTab->https://kabuoji3.com/stock/4365/2020/
[2021-03-17 07:59:30]cl_getDriver.py(127): click_Success->//*[@id="base_box"]/div/div[3]/form/button
[2021-03-17 07:59:31]cl_getDriver.py(127): click_Success->//*[@id="base_box"]/div/div[3]/form/button
[2021-03-17 07:59:31]cl_getDriver.py(72): Open NewTab->https://kabuoji3.com/stock/4364/2018/
[2021-03-17 07:59:32]cl_getDriver.py(127): click_Success->//*[@id="base_box"]/div/div[3]/form/button
[2021-03-17 07:59:32]cl_getDriver.py(127): click_Success->//*[@id="base_box"]/div/div[3]/form/button
[2021-03-17 07:59:33]cl_getDriver.py(72): Open NewTab->https://kabuoji3.com/stock/4365/2019/
[2021-03-17 07:59:34]cl_getDriver.py(127): click_Success->//*[@id="base_box"]/div/div[3]/form/button
[2021-03-17 07:59:35]cl_getDriver.py(127): click_Success->//*[@id="base_box"]/div/div[3]/form/button
[2021-03-17 07:59:35]cl_getDriver.py(72): Open NewTab->https://kabuoji3.com/stock/4364/2017/
[2021-03-17 07:59:36]cl_getDriver.py(127): click_Success->//*[@id="base_box"]/div/div[3]/form/button
[2021-03-17 07:59:36]cl_getDriver.py(127): click_Success->//*[@id="base_box"]/div/div[3]/form/button
[2021-03-17 07:59:36]cl_getDriver.py(72): Open NewTab->https://kabuoji3.com/stock/4365/2018/
[2021-03-17 07:59:37]cl_getDriver.py(127): click_Success->//*[@id="base_box"]/div/div[3]/form/button
[2021-03-17 07:59:39]cl_getDriver.py(127): click_Success->//*[@id="base_box"]/div/div[3]/form/button
[2021-03-17 07:59:39]cl_getDriver.py(72): Open NewTab->https://kabuoji3.com/stock/4364/2016/
[2021-03-17 07:59:40]cl_getDriver.py(127): click_Success->//*[@id="base_box"]/div/div[3]/form/button
[2021-03-17 07:59:40]cl_getDriver.py(127): click_Success->//*[@id="base_box"]/div/div[3]/form/button
[2021-03-17 07:59:40]cl_getDriver.py(72): Open NewTab->https://kabuoji3.com/stock/4365/2017/
[2021-03-17 07:59:41]cl_getDriver.py(127): click_Success->//*[@id="base_box"]/div/div[3]/form/button
[2021-03-17 07:59:43]cl_getDriver.py(127): click_Success->//*[@id="base_box"]/div/div[3]/form/button
[2021-03-17 07:59:43]cl_getDriver.py(72): Open NewTab->https://kabuoji3.com/stock/4364/2015/
[2021-03-17 07:59:43]cl_getDriver.py(127): click_Success->//*[@id="base_box"]/div/div[3]/form/button
[2021-03-17 07:59:44]cl_getDriver.py(72): Open NewTab->https://kabuoji3.com/stock/4365/2016/
[2021-03-17 07:59:44]cl_getDriver.py(127): click_Success->//*[@id="base_box"]/div/div[3]/form/button
[2021-03-17 07:59:45]cl_getDriver.py(127): click_Success->//*[@id="base_box"]/div/div[3]/form/button
[2021-03-17 07:59:47]cl_getDriver.py(127): click_Success->//*[@id="base_box"]/div/div[3]/form/button
[2021-03-17 07:59:47]cl_getDriver.py(72): Open NewTab->https://kabuoji3.com/stock/4364/2014/
[2021-03-17 07:59:47]cl_getDriver.py(127): click_Success->//*[@id="base_box"]/div/div[3]/form/button
[2021-03-17 07:59:48]cl_getDriver.py(72): Open NewTab->https://kabuoji3.com/stock/4365/2015/
[2021-03-17 07:59:48]cl_getDriver.py(127): click_Success->//*[@id="base_box"]/div/div[3]/form/button
[2021-03-17 07:59:49]cl_getDriver.py(127): click_Success->//*[@id="base_box"]/div/div[3]/form/button
[2021-03-17 07:59:51]cl_getDriver.py(127): click_Success->//*[@id="base_box"]/div/div[3]/form/button
[2021-03-17 07:59:51]cl_getDriver.py(72): Open NewTab->https://kabuoji3.com/stock/4364/2013/
[2021-03-17 07:59:51]cl_getDriver.py(127): click_Success->//*[@id="base_box"]/div/div[3]/form/button
[2021-03-17 07:59:52]cl_getDriver.py(72): Open NewTab->https://kabuoji3.com/stock/4365/2014/
[2021-03-17 07:59:52]cl_getDriver.py(127): click_Success->//*[@id="base_box"]/div/div[3]/form/button
[2021-03-17 07:59:53]cl_getDriver.py(127): click_Success->//*[@id="base_box"]/div/div[3]/form/button
[2021-03-17 07:59:55]cl_getDriver.py(127): click_Success->//*[@id="base_box"]/div/div[3]/form/button
[2021-03-17 07:59:55]cl_getDriver.py(127): click_Success->//*[@id="base_box"]/div/div[3]/form/button
[2021-03-17 07:59:55]cl_getDriver.py(72): Open NewTab->https://kabuoji3.com/stock/4364/2012/
[2021-03-17 07:59:55]cl_getDriver.py(72): Open NewTab->https://kabuoji3.com/stock/4365/2013/
[2021-03-17 07:59:56]cl_getDriver.py(127): click_Success->//*[@id="base_box"]/div/div[3]/form/button
[2021-03-17 07:59:56]cl_getDriver.py(127): click_Success->//*[@id="base_box"]/div/div[3]/form/button
[2021-03-17 07:59:59]cl_getDriver.py(127): click_Success->//*[@id="base_box"]/div/div[3]/form/button
[2021-03-17 07:59:59]cl_getDriver.py(127): click_Success->//*[@id="base_box"]/div/div[3]/form/button
[2021-03-17 07:59:59]cl_getDriver.py(72): Open NewTab->https://kabuoji3.com/stock/4364/2011/
[2021-03-17 07:59:59]cl_getDriver.py(72): Open NewTab->https://kabuoji3.com/stock/4365/2012/
[2021-03-17 08:00:01]cl_getDriver.py(127): click_Success->//*[@id="base_box"]/div/div[3]/form/button
[2021-03-17 08:00:02]cl_getDriver.py(127): click_Success->//*[@id="base_box"]/div/div[3]/form/button
[2021-03-17 08:00:03]cl_getDriver.py(127): click_Success->//*[@id="base_box"]/div/div[3]/form/button
[2021-03-17 08:00:03]cl_getDriver.py(72): Open NewTab->https://kabuoji3.com/stock/4365/2011/
[2021-03-17 08:00:04]cl_getDriver.py(127): click_Success->//*[@id="base_box"]/div/div[3]/form/button
[2021-03-17 08:00:04]cl_getDriver.py(127): click_Success->//*[@id="base_box"]/div/div[3]/form/button
[2021-03-17 08:00:05]cl_getDriver.py(72): Open NewTab->https://kabuoji3.com/stock/4364/2010/
[2021-03-17 08:00:06]cl_getDriver.py(127): click_Success->//*[@id="base_box"]/div/div[3]/form/button
[2021-03-17 08:00:06]cl_getDriver.py(127): click_Success->//*[@id="base_box"]/div/div[3]/form/button
[2021-03-17 08:00:07]cl_getDriver.py(72): Open NewTab->https://kabuoji3.com/stock/4365/2010/
[2021-03-17 08:00:07]cl_getDriver.py(127): click_Success->//*[@id="base_box"]/div/div[3]/form/button
[2021-03-17 08:00:09]cl_getDriver.py(127): click_Success->//*[@id="base_box"]/div/div[3]/form/button
[2021-03-17 08:00:09]cl_getDriver.py(72): Open NewTab->https://kabuoji3.com/stock/4364/2009/
[2021-03-17 08:00:10]cl_getDriver.py(127): click_Success->//*[@id="base_box"]/div/div[3]/form/button
[2021-03-17 08:00:10]cl_getDriver.py(127): click_Success->//*[@id="base_box"]/div/div[3]/form/button
[2021-03-17 08:00:10]cl_getDriver.py(72): Open NewTab->https://kabuoji3.com/stock/4365/2009/
[2021-03-17 08:00:11]cl_getDriver.py(127): click_Success->//*[@id="base_box"]/div/div[3]/form/button
[2021-03-17 08:00:12]cl_getDriver.py(127): click_Success->//*[@id="base_box"]/div/div[3]/form/button
[2021-03-17 08:00:12]cl_getDriver.py(72): Open NewTab->https://kabuoji3.com/stock/4364/2008/
[2021-03-17 08:00:13]cl_getDriver.py(127): click_Success->//*[@id="base_box"]/div/div[3]/form/button
[2021-03-17 08:00:13]cl_getDriver.py(127): click_Success->//*[@id="base_box"]/div/div[3]/form/button
[2021-03-17 08:00:14]cl_getDriver.py(72): Open NewTab->https://kabuoji3.com/stock/4365/2008/
[2021-03-17 08:00:15]cl_getDriver.py(127): click_Success->//*[@id="base_box"]/div/div[3]/form/button
[2021-03-17 08:00:16]cl_getDriver.py(127): click_Success->//*[@id="base_box"]/div/div[3]/form/button
[2021-03-17 08:00:16]cl_getDriver.py(72): Open NewTab->https://kabuoji3.com/stock/4364/2007/
[2021-03-17 08:00:17]cl_getDriver.py(127): click_Success->//*[@id="base_box"]/div/div[3]/form/button
[2021-03-17 08:00:18]cl_getDriver.py(72): Open NewTab->https://kabuoji3.com/stock/4365/2007/
[2021-03-17 08:00:18]cl_getDriver.py(127): click_Success->//*[@id="base_box"]/div/div[3]/form/button
[2021-03-17 08:00:18]cl_getDriver.py(127): click_Success->//*[@id="base_box"]/div/div[3]/form/button
[2021-03-17 08:00:20]cl_getDriver.py(127): click_Success->//*[@id="base_box"]/div/div[3]/form/button
[2021-03-17 08:00:20]cl_getDriver.py(72): Open NewTab->https://kabuoji3.com/stock/4364/2006/
[2021-03-17 08:00:21]cl_getDriver.py(127): click_Success->//*[@id="base_box"]/div/div[3]/form/button
[2021-03-17 08:00:21]cl_getDriver.py(72): Open NewTab->https://kabuoji3.com/stock/4365/2006/
[2021-03-17 08:00:21]cl_getDriver.py(127): click_Success->//*[@id="base_box"]/div/div[3]/form/button
[2021-03-17 08:00:22]cl_getDriver.py(127): click_Success->//*[@id="base_box"]/div/div[3]/form/button
[2021-03-17 08:00:24]cl_getDriver.py(127): click_Success->//*[@id="base_box"]/div/div[3]/form/button
[2021-03-17 08:00:24]cl_getDriver.py(72): Open NewTab->https://kabuoji3.com/stock/4364/2005/
[2021-03-17 08:00:25]cl_getDriver.py(127): click_Success->//*[@id="base_box"]/div/div[3]/form/button
[2021-03-17 08:00:25]cl_getDriver.py(72): Open NewTab->https://kabuoji3.com/stock/4365/2005/
[2021-03-17 08:00:25]cl_getDriver.py(127): click_Success->//*[@id="base_box"]/div/div[3]/form/button
[2021-03-17 08:00:26]cl_getDriver.py(127): click_Success->//*[@id="base_box"]/div/div[3]/form/button
[2021-03-17 08:00:28]cl_getDriver.py(127): click_Success->//*[@id="base_box"]/div/div[3]/form/button
[2021-03-17 08:00:28]cl_getDriver.py(72): Open NewTab->https://kabuoji3.com/stock/4364/2004/
[2021-03-17 08:00:29]cl_getDriver.py(127): click_Success->//*[@id="base_box"]/div/div[3]/form/button
[2021-03-17 08:00:29]cl_getDriver.py(72): Open NewTab->https://kabuoji3.com/stock/4365/2004/
[2021-03-17 08:00:29]cl_getDriver.py(127): click_Success->//*[@id="base_box"]/div/div[3]/form/button
[2021-03-17 08:00:30]cl_getDriver.py(127): click_Success->//*[@id="base_box"]/div/div[3]/form/button
[2021-03-17 08:00:31]cl_getDriver.py(127): click_Success->//*[@id="base_box"]/div/div[3]/form/button
[2021-03-17 08:00:32]cl_getDriver.py(72): Open NewTab->https://kabuoji3.com/stock/4364/2003/
[2021-03-17 08:00:32]cl_getDriver.py(127): click_Success->//*[@id="base_box"]/div/div[3]/form/button
[2021-03-17 08:00:33]cl_getDriver.py(72): Open NewTab->https://kabuoji3.com/stock/4365/2003/
[2021-03-17 08:00:33]cl_getDriver.py(127): click_Success->//*[@id="base_box"]/div/div[3]/form/button
[2021-03-17 08:00:34]cl_getDriver.py(127): click_Success->//*[@id="base_box"]/div/div[3]/form/button
[2021-03-17 08:00:35]cl_getDriver.py(127): click_Success->//*[@id="base_box"]/div/div[3]/form/button
[2021-03-17 08:00:36]cl_getDriver.py(72): Open NewTab->https://kabuoji3.com/stock/4364/2002/
[2021-03-17 08:00:36]cl_getDriver.py(127): click_Success->//*[@id="base_box"]/div/div[3]/form/button
[2021-03-17 08:00:37]cl_getDriver.py(72): Open NewTab->https://kabuoji3.com/stock/4365/2002/
[2021-03-17 08:00:37]cl_getDriver.py(127): click_Success->//*[@id="base_box"]/div/div[3]/form/button
[2021-03-17 08:00:38]cl_getDriver.py(127): click_Success->//*[@id="base_box"]/div/div[3]/form/button
[2021-03-17 08:00:39]cl_getDriver.py(127): click_Success->//*[@id="base_box"]/div/div[3]/form/button
[2021-03-17 08:00:40]cl_getDriver.py(72): Open NewTab->https://kabuoji3.com/stock/4364/2001/
[2021-03-17 08:00:40]cl_getDriver.py(127): click_Success->//*[@id="base_box"]/div/div[3]/form/button
[2021-03-17 08:00:41]cl_getDriver.py(127): click_Success->//*[@id="base_box"]/div/div[3]/form/button
[2021-03-17 08:00:41]cl_getDriver.py(72): Open NewTab->https://kabuoji3.com/stock/4365/2001/
[2021-03-17 08:00:42]cl_getDriver.py(127): click_Success->//*[@id="base_box"]/div/div[3]/form/button
[2021-03-17 08:00:43]cl_getDriver.py(127): click_Success->//*[@id="base_box"]/div/div[3]/form/button
[2021-03-17 08:00:43]cl_getDriver.py(72): Open NewTab->https://kabuoji3.com/stock/4364/2000/
[2021-03-17 08:00:44]cl_getDriver.py(127): click_Success->//*[@id="base_box"]/div/div[3]/form/button
[2021-03-17 08:00:45]cl_getDriver.py(72): Open NewTab->https://kabuoji3.com/stock/4365/2000/
[2021-03-17 08:00:45]cl_getDriver.py(127): click_Success->//*[@id="base_box"]/div/div[3]/form/button
[2021-03-17 08:00:46]cl_getDriver.py(127): click_Success->//*[@id="base_box"]/div/div[3]/form/button
[2021-03-17 08:00:48]cl_getDriver.py(127): click_Success->//*[@id="base_box"]/div/div[3]/form/button
[2021-03-17 08:00:48]cl_getDriver.py(127): click_Success->//*[@id="base_box"]/div/div[3]/form/button
[2021-03-17 08:00:48]cl_getDriver.py(72): Open NewTab->https://kabuoji3.com/stock/4365/1999/
[2021-03-17 08:00:49]cl_getDriver.py(127): click_Success->//*[@id="base_box"]/div/div[3]/form/button
[2021-03-17 08:00:51]cl_getDriver.py(127): click_Success->//*[@id="base_box"]/div/div[3]/form/button
[2021-03-17 08:00:52]main.py(42): finished Process->https://kabuoji3.com/stock/4364/
[2021-03-17 08:00:52]main.py(15): start_Process->https://kabuoji3.com/stock/4366/
[2021-03-17 08:00:52]cl_getDriver.py(72): Open NewTab->https://kabuoji3.com/stock/4365/1998/
[2021-03-17 08:00:53]cl_getDriver.py(127): click_Success->//*[@id="base_box"]/div/div[3]/form/button
[2021-03-17 08:00:55]cl_getDriver.py(127): click_Success->//*[@id="base_box"]/div/div[3]/form/button
[2021-03-17 08:00:55]cl_getDriver.py(72): Open NewTab->https://kabuoji3.com/stock/4365/1997/
[2021-03-17 08:00:57]cl_getDriver.py(127): click_Success->//*[@id="base_box"]/div/div[3]/form/button
[2021-03-17 08:00:57]cl_getDriver.py(64): getURL=https://kabuoji3.com/stock/4366/
[2021-03-17 08:00:57]cl_getDriver.py(72): Open NewTab->https://kabuoji3.com/stock/4366/
[2021-03-17 08:00:58]cl_getDriver.py(130): Not Found->//*[@id="base_box"]/div/div[3]/form/button
[2021-03-17 08:00:59]cl_getDriver.py(127): click_Success->//*[@id="base_box"]/div/div[3]/form/button
[2021-03-17 08:00:59]cl_getDriver.py(72): Open NewTab->https://kabuoji3.com/stock/4365/1996/
[2021-03-17 08:01:00]cl_getDriver.py(130): Not Found->//*[@id="base_box"]/div/div[3]/form/button
[2021-03-17 08:01:00]cl_getDriver.py(127): click_Success->//*[@id="base_box"]/div/div[3]/form/button
[2021-03-17 08:01:00]cl_getDriver.py(72): Open NewTab->https://kabuoji3.com/stock/4366/2021/
[2021-03-17 08:01:01]cl_getDriver.py(127): click_Success->//*[@id="base_box"]/div/div[3]/form/button
[2021-03-17 08:01:03]cl_getDriver.py(127): click_Success->//*[@id="base_box"]/div/div[3]/form/button
[2021-03-17 08:01:03]cl_getDriver.py(72): Open NewTab->https://kabuoji3.com/stock/4365/1995/
[2021-03-17 08:01:04]cl_getDriver.py(127): click_Success->//*[@id="base_box"]/div/div[3]/form/button
[2021-03-17 08:01:04]cl_getDriver.py(127): click_Success->//*[@id="base_box"]/div/div[3]/form/button
[2021-03-17 08:01:04]cl_getDriver.py(72): Open NewTab->https://kabuoji3.com/stock/4366/2020/
[2021-03-17 08:01:05]cl_getDriver.py(127): click_Success->//*[@id="base_box"]/div/div[3]/form/button
[2021-03-17 08:01:06]cl_getDriver.py(127): click_Success->//*[@id="base_box"]/div/div[3]/form/button
[2021-03-17 08:01:07]cl_getDriver.py(72): Open NewTab->https://kabuoji3.com/stock/4365/1994/
[2021-03-17 08:01:07]cl_getDriver.py(127): click_Success->//*[@id="base_box"]/div/div[3]/form/button
[2021-03-17 08:01:08]cl_getDriver.py(72): Open NewTab->https://kabuoji3.com/stock/4366/2019/
[2021-03-17 08:01:08]cl_getDriver.py(127): click_Success->//*[@id="base_box"]/div/div[3]/form/button
[2021-03-17 08:01:09]cl_getDriver.py(127): click_Success->//*[@id="base_box"]/div/div[3]/form/button
[2021-03-17 08:01:10]cl_getDriver.py(127): click_Success->//*[@id="base_box"]/div/div[3]/form/button
[2021-03-17 08:01:11]cl_getDriver.py(72): Open NewTab->https://kabuoji3.com/stock/4365/1993/
[2021-03-17 08:01:11]cl_getDriver.py(127): click_Success->//*[@id="base_box"]/div/div[3]/form/button
[2021-03-17 08:01:12]cl_getDriver.py(72): Open NewTab->https://kabuoji3.com/stock/4366/2018/
[2021-03-17 08:01:12]cl_getDriver.py(127): click_Success->//*[@id="base_box"]/div/div[3]/form/button
[2021-03-17 08:01:13]cl_getDriver.py(127): click_Success->//*[@id="base_box"]/div/div[3]/form/button
[2021-03-17 08:01:14]cl_getDriver.py(127): click_Success->//*[@id="base_box"]/div/div[3]/form/button
[2021-03-17 08:01:14]cl_getDriver.py(72): Open NewTab->https://kabuoji3.com/stock/4365/1992/
[2021-03-17 08:01:15]cl_getDriver.py(127): click_Success->//*[@id="base_box"]/div/div[3]/form/button
[2021-03-17 08:01:15]cl_getDriver.py(72): Open NewTab->https://kabuoji3.com/stock/4366/2017/
[2021-03-17 08:01:15]cl_getDriver.py(127): click_Success->//*[@id="base_box"]/div/div[3]/form/button
[2021-03-17 08:01:16]cl_getDriver.py(127): click_Success->//*[@id="base_box"]/div/div[3]/form/button
[2021-03-17 08:01:18]cl_getDriver.py(127): click_Success->//*[@id="base_box"]/div/div[3]/form/button
[2021-03-17 08:01:18]cl_getDriver.py(72): Open NewTab->https://kabuoji3.com/stock/4365/1991/
[2021-03-17 08:01:19]cl_getDriver.py(127): click_Success->//*[@id="base_box"]/div/div[3]/form/button
[2021-03-17 08:01:19]cl_getDriver.py(127): click_Success->//*[@id="base_box"]/div/div[3]/form/button
[2021-03-17 08:01:19]cl_getDriver.py(72): Open NewTab->https://kabuoji3.com/stock/4366/2016/
[2021-03-17 08:01:20]cl_getDriver.py(127): click_Success->//*[@id="base_box"]/div/div[3]/form/button
[2021-03-17 08:01:22]cl_getDriver.py(127): click_Success->//*[@id="base_box"]/div/div[3]/form/button
[2021-03-17 08:01:23]cl_getDriver.py(127): click_Success->//*[@id="base_box"]/div/div[3]/form/button
[2021-03-17 08:01:23]cl_getDriver.py(72): Open NewTab->https://kabuoji3.com/stock/4366/2015/
[2021-03-17 08:01:24]cl_getDriver.py(127): click_Success->//*[@id="base_box"]/div/div[3]/form/button
[2021-03-17 08:01:26]main.py(42): finished Process->https://kabuoji3.com/stock/4365/
[2021-03-17 08:01:26]main.py(15): start_Process->https://kabuoji3.com/stock/4367/
[2021-03-17 08:01:26]cl_getDriver.py(127): click_Success->//*[@id="base_box"]/div/div[3]/form/button
[2021-03-17 08:01:26]cl_getDriver.py(72): Open NewTab->https://kabuoji3.com/stock/4366/2014/
[2021-03-17 08:01:27]cl_getDriver.py(127): click_Success->//*[@id="base_box"]/div/div[3]/form/button
[2021-03-17 08:01:31]cl_getDriver.py(127): click_Success->//*[@id="base_box"]/div/div[3]/form/button
[2021-03-17 08:01:31]cl_getDriver.py(72): Open NewTab->https://kabuoji3.com/stock/4366/2013/
[2021-03-17 08:01:32]cl_getDriver.py(127): click_Success->//*[@id="base_box"]/div/div[3]/form/button
[2021-03-17 08:01:33]cl_getDriver.py(64): getURL=https://kabuoji3.com/stock/4367/
[2021-03-17 08:01:33]cl_getDriver.py(72): Open NewTab->https://kabuoji3.com/stock/4367/
[2021-03-17 08:01:34]cl_getDriver.py(130): Not Found->//*[@id="base_box"]/div/div[3]/form/button
[2021-03-17 08:01:34]cl_getDriver.py(127): click_Success->//*[@id="base_box"]/div/div[3]/form/button
[2021-03-17 08:01:35]cl_getDriver.py(72): Open NewTab->https://kabuoji3.com/stock/4366/2012/
[2021-03-17 08:01:36]cl_getDriver.py(127): click_Success->//*[@id="base_box"]/div/div[3]/form/button
[2021-03-17 08:01:36]cl_getDriver.py(130): Not Found->//*[@id="base_box"]/div/div[3]/form/button
[2021-03-17 08:01:36]cl_getDriver.py(72): Open NewTab->https://kabuoji3.com/stock/4367/2021/
[2021-03-17 08:01:37]cl_getDriver.py(127): click_Success->//*[@id="base_box"]/div/div[3]/form/button
[2021-03-17 08:01:38]cl_getDriver.py(127): click_Success->//*[@id="base_box"]/div/div[3]/form/button
[2021-03-17 08:01:38]cl_getDriver.py(72): Open NewTab->https://kabuoji3.com/stock/4366/2011/
[2021-03-17 08:01:39]cl_getDriver.py(127): click_Success->//*[@id="base_box"]/div/div[3]/form/button
[2021-03-17 08:01:40]cl_getDriver.py(72): Open NewTab->https://kabuoji3.com/stock/4367/2020/
[2021-03-17 08:01:40]cl_getDriver.py(127): click_Success->//*[@id="base_box"]/div/div[3]/form/button
[2021-03-17 08:01:41]cl_getDriver.py(127): click_Success->//*[@id="base_box"]/div/div[3]/form/button
[2021-03-17 08:01:42]cl_getDriver.py(127): click_Success->//*[@id="base_box"]/div/div[3]/form/button
[2021-03-17 08:01:42]cl_getDriver.py(72): Open NewTab->https://kabuoji3.com/stock/4366/2010/
[2021-03-17 08:01:43]cl_getDriver.py(127): click_Success->//*[@id="base_box"]/div/div[3]/form/button
[2021-03-17 08:01:43]cl_getDriver.py(127): click_Success->//*[@id="base_box"]/div/div[3]/form/button
[2021-03-17 08:01:44]cl_getDriver.py(72): Open NewTab->https://kabuoji3.com/stock/4367/2019/
[2021-03-17 08:01:45]cl_getDriver.py(127): click_Success->//*[@id="base_box"]/div/div[3]/form/button
[2021-03-17 08:01:46]cl_getDriver.py(127): click_Success->//*[@id="base_box"]/div/div[3]/form/button
[2021-03-17 08:01:46]cl_getDriver.py(72): Open NewTab->https://kabuoji3.com/stock/4366/2009/
[2021-03-17 08:01:47]cl_getDriver.py(127): click_Success->//*[@id="base_box"]/div/div[3]/form/button
[2021-03-17 08:01:47]cl_getDriver.py(127): click_Success->//*[@id="base_box"]/div/div[3]/form/button
[2021-03-17 08:01:47]cl_getDriver.py(72): Open NewTab->https://kabuoji3.com/stock/4367/2018/
[2021-03-17 08:01:48]cl_getDriver.py(127): click_Success->//*[@id="base_box"]/div/div[3]/form/button
[2021-03-17 08:01:49]cl_getDriver.py(127): click_Success->//*[@id="base_box"]/div/div[3]/form/button
[2021-03-17 08:01:49]cl_getDriver.py(72): Open NewTab->https://kabuoji3.com/stock/4366/2008/
[2021-03-17 08:01:50]cl_getDriver.py(127): click_Success->//*[@id="base_box"]/div/div[3]/form/button
[2021-03-17 08:01:50]cl_getDriver.py(127): click_Success->//*[@id="base_box"]/div/div[3]/form/button
[2021-03-17 08:01:51]cl_getDriver.py(72): Open NewTab->https://kabuoji3.com/stock/4367/2017/
[2021-03-17 08:01:52]cl_getDriver.py(127): click_Success->//*[@id="base_box"]/div/div[3]/form/button
[2021-03-17 08:01:53]cl_getDriver.py(127): click_Success->//*[@id="base_box"]/div/div[3]/form/button
[2021-03-17 08:01:53]cl_getDriver.py(72): Open NewTab->https://kabuoji3.com/stock/4366/2007/
[2021-03-17 08:01:54]cl_getDriver.py(127): click_Success->//*[@id="base_box"]/div/div[3]/form/button
[2021-03-17 08:01:54]cl_getDriver.py(127): click_Success->//*[@id="base_box"]/div/div[3]/form/button
[2021-03-17 08:01:55]cl_getDriver.py(72): Open NewTab->https://kabuoji3.com/stock/4367/2016/
[2021-03-17 08:01:56]cl_getDriver.py(127): click_Success->//*[@id="base_box"]/div/div[3]/form/button
[2021-03-17 08:01:56]cl_getDriver.py(127): click_Success->//*[@id="base_box"]/div/div[3]/form/button
[2021-03-17 08:01:57]cl_getDriver.py(72): Open NewTab->https://kabuoji3.com/stock/4366/2006/
[2021-03-17 08:01:58]cl_getDriver.py(127): click_Success->//*[@id="base_box"]/div/div[3]/form/button
[2021-03-17 08:01:58]cl_getDriver.py(127): click_Success->//*[@id="base_box"]/div/div[3]/form/button
[2021-03-17 08:01:58]cl_getDriver.py(72): Open NewTab->https://kabuoji3.com/stock/4367/2015/
[2021-03-17 08:01:59]cl_getDriver.py(127): click_Success->//*[@id="base_box"]/div/div[3]/form/button
[2021-03-17 08:02:00]cl_getDriver.py(127): click_Success->//*[@id="base_box"]/div/div[3]/form/button
[2021-03-17 08:02:00]cl_getDriver.py(72): Open NewTab->https://kabuoji3.com/stock/4366/2005/
[2021-03-17 08:02:01]cl_getDriver.py(127): click_Success->//*[@id="base_box"]/div/div[3]/form/button
[2021-03-17 08:02:01]cl_getDriver.py(127): click_Success->//*[@id="base_box"]/div/div[3]/form/button
[2021-03-17 08:02:02]cl_getDriver.py(72): Open NewTab->https://kabuoji3.com/stock/4367/2014/
[2021-03-17 08:02:03]cl_getDriver.py(127): click_Success->//*[@id="base_box"]/div/div[3]/form/button
[2021-03-17 08:02:03]cl_getDriver.py(127): click_Success->//*[@id="base_box"]/div/div[3]/form/button
[2021-03-17 08:02:04]cl_getDriver.py(72): Open NewTab->https://kabuoji3.com/stock/4366/2004/
[2021-03-17 08:02:05]cl_getDriver.py(127): click_Success->//*[@id="base_box"]/div/div[3]/form/button
[2021-03-17 08:02:05]cl_getDriver.py(127): click_Success->//*[@id="base_box"]/div/div[3]/form/button
[2021-03-17 08:02:05]cl_getDriver.py(72): Open NewTab->https://kabuoji3.com/stock/4367/2013/
[2021-03-17 08:02:06]cl_getDriver.py(127): click_Success->//*[@id="base_box"]/div/div[3]/form/button
[2021-03-17 08:02:07]cl_getDriver.py(127): click_Success->//*[@id="base_box"]/div/div[3]/form/button
[2021-03-17 08:02:07]cl_getDriver.py(72): Open NewTab->https://kabuoji3.com/stock/4366/2003/
[2021-03-17 08:02:08]cl_getDriver.py(127): click_Success->//*[@id="base_box"]/div/div[3]/form/button
[2021-03-17 08:02:09]cl_getDriver.py(127): click_Success->//*[@id="base_box"]/div/div[3]/form/button
[2021-03-17 08:02:09]cl_getDriver.py(72): Open NewTab->https://kabuoji3.com/stock/4367/2012/
[2021-03-17 08:02:10]cl_getDriver.py(127): click_Success->//*[@id="base_box"]/div/div[3]/form/button
[2021-03-17 08:02:11]cl_getDriver.py(127): click_Success->//*[@id="base_box"]/div/div[3]/form/button
[2021-03-17 08:02:11]cl_getDriver.py(72): Open NewTab->https://kabuoji3.com/stock/4366/2002/
[2021-03-17 08:02:12]cl_getDriver.py(127): click_Success->//*[@id="base_box"]/div/div[3]/form/button
[2021-03-17 08:02:12]cl_getDriver.py(127): click_Success->//*[@id="base_box"]/div/div[3]/form/button
[2021-03-17 08:02:12]cl_getDriver.py(72): Open NewTab->https://kabuoji3.com/stock/4367/2011/
[2021-03-17 08:02:14]cl_getDriver.py(127): click_Success->//*[@id="base_box"]/div/div[3]/form/button
[2021-03-17 08:02:14]cl_getDriver.py(127): click_Success->//*[@id="base_box"]/div/div[3]/form/button
[2021-03-17 08:02:15]cl_getDriver.py(72): Open NewTab->https://kabuoji3.com/stock/4366/2001/
[2021-03-17 08:02:15]cl_getDriver.py(127): click_Success->//*[@id="base_box"]/div/div[3]/form/button
[2021-03-17 08:02:16]cl_getDriver.py(127): click_Success->//*[@id="base_box"]/div/div[3]/form/button
[2021-03-17 08:02:16]cl_getDriver.py(72): Open NewTab->https://kabuoji3.com/stock/4367/2010/
[2021-03-17 08:02:18]cl_getDriver.py(127): click_Success->//*[@id="base_box"]/div/div[3]/form/button
[2021-03-17 08:02:18]cl_getDriver.py(72): Open NewTab->https://kabuoji3.com/stock/4366/2000/
[2021-03-17 08:02:19]cl_getDriver.py(127): click_Success->//*[@id="base_box"]/div/div[3]/form/button
[2021-03-17 08:02:19]cl_getDriver.py(127): click_Success->//*[@id="base_box"]/div/div[3]/form/button
[2021-03-17 08:02:21]cl_getDriver.py(127): click_Success->//*[@id="base_box"]/div/div[3]/form/button
[2021-03-17 08:02:21]cl_getDriver.py(72): Open NewTab->https://kabuoji3.com/stock/4367/2009/
[2021-03-17 08:02:21]cl_getDriver.py(127): click_Success->//*[@id="base_box"]/div/div[3]/form/button
[2021-03-17 08:02:22]cl_getDriver.py(72): Open NewTab->https://kabuoji3.com/stock/4366/1999/
[2021-03-17 08:02:23]cl_getDriver.py(127): click_Success->//*[@id="base_box"]/div/div[3]/form/button
[2021-03-17 08:02:23]cl_getDriver.py(127): click_Success->//*[@id="base_box"]/div/div[3]/form/button
[2021-03-17 08:02:25]cl_getDriver.py(127): click_Success->//*[@id="base_box"]/div/div[3]/form/button
[2021-03-17 08:02:25]cl_getDriver.py(127): click_Success->//*[@id="base_box"]/div/div[3]/form/button
[2021-03-17 08:02:26]cl_getDriver.py(72): Open NewTab->https://kabuoji3.com/stock/4367/2008/
[2021-03-17 08:02:26]cl_getDriver.py(72): Open NewTab->https://kabuoji3.com/stock/4366/1998/
[2021-03-17 08:02:27]cl_getDriver.py(127): click_Success->//*[@id="base_box"]/div/div[3]/form/button
[2021-03-17 08:02:27]cl_getDriver.py(127): click_Success->//*[@id="base_box"]/div/div[3]/form/button
[2021-03-17 08:02:29]cl_getDriver.py(127): click_Success->//*[@id="base_box"]/div/div[3]/form/button
[2021-03-17 08:02:29]cl_getDriver.py(127): click_Success->//*[@id="base_box"]/div/div[3]/form/button
[2021-03-17 08:02:30]cl_getDriver.py(72): Open NewTab->https://kabuoji3.com/stock/4367/2007/
[2021-03-17 08:02:30]cl_getDriver.py(72): Open NewTab->https://kabuoji3.com/stock/4366/1997/
[2021-03-17 08:02:31]cl_getDriver.py(127): click_Success->//*[@id="base_box"]/div/div[3]/form/button
[2021-03-17 08:02:31]cl_getDriver.py(127): click_Success->//*[@id="base_box"]/div/div[3]/form/button
[2021-03-17 08:02:34]cl_getDriver.py(127): click_Success->//*[@id="base_box"]/div/div[3]/form/button
[2021-03-17 08:02:34]cl_getDriver.py(127): click_Success->//*[@id="base_box"]/div/div[3]/form/button
[2021-03-17 08:02:34]cl_getDriver.py(72): Open NewTab->https://kabuoji3.com/stock/4367/2006/
[2021-03-17 08:02:34]cl_getDriver.py(72): Open NewTab->https://kabuoji3.com/stock/4366/1996/
[2021-03-17 08:02:35]cl_getDriver.py(127): click_Success->//*[@id="base_box"]/div/div[3]/form/button
[2021-03-17 08:02:35]cl_getDriver.py(127): click_Success->//*[@id="base_box"]/div/div[3]/form/button
[2021-03-17 08:02:38]cl_getDriver.py(127): click_Success->//*[@id="base_box"]/div/div[3]/form/button
[2021-03-17 08:02:38]cl_getDriver.py(127): click_Success->//*[@id="base_box"]/div/div[3]/form/button
[2021-03-17 08:02:38]cl_getDriver.py(72): Open NewTab->https://kabuoji3.com/stock/4367/2005/
[2021-03-17 08:02:39]cl_getDriver.py(127): click_Success->//*[@id="base_box"]/div/div[3]/form/button
[2021-03-17 08:02:41]cl_getDriver.py(127): click_Success->//*[@id="base_box"]/div/div[3]/form/button
[2021-03-17 08:02:42]cl_getDriver.py(72): Open NewTab->https://kabuoji3.com/stock/4367/2004/
[2021-03-17 08:02:42]main.py(42): finished Process->https://kabuoji3.com/stock/4366/
[2021-03-17 08:02:42]main.py(15): start_Process->https://kabuoji3.com/stock/4368/
[2021-03-17 08:02:42]cl_getDriver.py(127): click_Success->//*[@id="base_box"]/div/div[3]/form/button
[2021-03-17 08:02:45]cl_getDriver.py(127): click_Success->//*[@id="base_box"]/div/div[3]/form/button
[2021-03-17 08:02:45]cl_getDriver.py(72): Open NewTab->https://kabuoji3.com/stock/4367/2003/
[2021-03-17 08:02:46]cl_getDriver.py(127): click_Success->//*[@id="base_box"]/div/div[3]/form/button
[2021-03-17 08:02:47]cl_getDriver.py(64): getURL=https://kabuoji3.com/stock/4368/
[2021-03-17 08:02:47]cl_getDriver.py(72): Open NewTab->https://kabuoji3.com/stock/4368/
[2021-03-17 08:02:48]cl_getDriver.py(130): Not Found->//*[@id="base_box"]/div/div[3]/form/button
[2021-03-17 08:02:48]cl_getDriver.py(127): click_Success->//*[@id="base_box"]/div/div[3]/form/button
[2021-03-17 08:02:49]cl_getDriver.py(72): Open NewTab->https://kabuoji3.com/stock/4367/2002/
[2021-03-17 08:02:50]cl_getDriver.py(130): Not Found->//*[@id="base_box"]/div/div[3]/form/button
[2021-03-17 08:02:50]cl_getDriver.py(72): Open NewTab->https://kabuoji3.com/stock/4368/2021/
[2021-03-17 08:02:51]cl_getDriver.py(127): click_Success->//*[@id="base_box"]/div/div[3]/form/button
[2021-03-17 08:02:51]cl_getDriver.py(127): click_Success->//*[@id="base_box"]/div/div[3]/form/button
[2021-03-17 08:02:53]cl_getDriver.py(127): click_Success->//*[@id="base_box"]/div/div[3]/form/button
[2021-03-17 08:02:53]cl_getDriver.py(127): click_Success->//*[@id="base_box"]/div/div[3]/form/button
[2021-03-17 08:02:53]cl_getDriver.py(72): Open NewTab->https://kabuoji3.com/stock/4367/2001/
[2021-03-17 08:02:54]cl_getDriver.py(72): Open NewTab->https://kabuoji3.com/stock/4368/2020/
[2021-03-17 08:02:55]cl_getDriver.py(127): click_Success->//*[@id="base_box"]/div/div[3]/form/button
[2021-03-17 08:02:55]cl_getDriver.py(127): click_Success->//*[@id="base_box"]/div/div[3]/form/button
[2021-03-17 08:02:57]cl_getDriver.py(127): click_Success->//*[@id="base_box"]/div/div[3]/form/button
[2021-03-17 08:02:57]cl_getDriver.py(127): click_Success->//*[@id="base_box"]/div/div[3]/form/button
[2021-03-17 08:02:58]cl_getDriver.py(72): Open NewTab->https://kabuoji3.com/stock/4367/2000/
[2021-03-17 08:02:58]cl_getDriver.py(72): Open NewTab->https://kabuoji3.com/stock/4368/2019/
[2021-03-17 08:02:59]cl_getDriver.py(127): click_Success->//*[@id="base_box"]/div/div[3]/form/button
[2021-03-17 08:02:59]cl_getDriver.py(127): click_Success->//*[@id="base_box"]/div/div[3]/form/button
[2021-03-17 08:03:01]cl_getDriver.py(127): click_Success->//*[@id="base_box"]/div/div[3]/form/button
[2021-03-17 08:03:02]cl_getDriver.py(72): Open NewTab->https://kabuoji3.com/stock/4367/1999/
[2021-03-17 08:03:02]cl_getDriver.py(127): click_Success->//*[@id="base_box"]/div/div[3]/form/button
[2021-03-17 08:03:02]cl_getDriver.py(72): Open NewTab->https://kabuoji3.com/stock/4368/2018/
[2021-03-17 08:03:03]cl_getDriver.py(127): click_Success->//*[@id="base_box"]/div/div[3]/form/button
[2021-03-17 08:03:03]cl_getDriver.py(127): click_Success->//*[@id="base_box"]/div/div[3]/form/button
[2021-03-17 08:03:05]cl_getDriver.py(127): click_Success->//*[@id="base_box"]/div/div[3]/form/button
[2021-03-17 08:03:05]cl_getDriver.py(72): Open NewTab->https://kabuoji3.com/stock/4367/1998/
[2021-03-17 08:03:06]cl_getDriver.py(127): click_Success->//*[@id="base_box"]/div/div[3]/form/button
[2021-03-17 08:03:06]cl_getDriver.py(72): Open NewTab->https://kabuoji3.com/stock/4368/2017/
[2021-03-17 08:03:07]cl_getDriver.py(127): click_Success->//*[@id="base_box"]/div/div[3]/form/button
[2021-03-17 08:03:07]cl_getDriver.py(127): click_Success->//*[@id="base_box"]/div/div[3]/form/button
[2021-03-17 08:03:09]cl_getDriver.py(127): click_Success->//*[@id="base_box"]/div/div[3]/form/button
[2021-03-17 08:03:10]cl_getDriver.py(127): click_Success->//*[@id="base_box"]/div/div[3]/form/button
[2021-03-17 08:03:10]cl_getDriver.py(72): Open NewTab->https://kabuoji3.com/stock/4367/1997/
[2021-03-17 08:03:10]cl_getDriver.py(72): Open NewTab->https://kabuoji3.com/stock/4368/2016/
[2021-03-17 08:03:11]cl_getDriver.py(127): click_Success->//*[@id="base_box"]/div/div[3]/form/button
[2021-03-17 08:03:11]cl_getDriver.py(127): click_Success->//*[@id="base_box"]/div/div[3]/form/button
[2021-03-17 08:03:13]cl_getDriver.py(127): click_Success->//*[@id="base_box"]/div/div[3]/form/button
[2021-03-17 08:03:14]cl_getDriver.py(127): click_Success->//*[@id="base_box"]/div/div[3]/form/button
[2021-03-17 08:03:14]cl_getDriver.py(72): Open NewTab->https://kabuoji3.com/stock/4368/2015/
[2021-03-17 08:03:15]cl_getDriver.py(127): click_Success->//*[@id="base_box"]/div/div[3]/form/button
[2021-03-17 08:03:16]main.py(42): finished Process->https://kabuoji3.com/stock/4367/
[2021-03-17 08:03:16]main.py(15): start_Process->https://kabuoji3.com/stock/4369/
[2021-03-17 08:03:17]cl_getDriver.py(127): click_Success->//*[@id="base_box"]/div/div[3]/form/button
[2021-03-17 08:03:17]cl_getDriver.py(72): Open NewTab->https://kabuoji3.com/stock/4368/2014/
[2021-03-17 08:03:19]cl_getDriver.py(127): click_Success->//*[@id="base_box"]/div/div[3]/form/button
[2021-03-17 08:03:23]cl_getDriver.py(127): click_Success->//*[@id="base_box"]/div/div[3]/form/button
[2021-03-17 08:03:23]cl_getDriver.py(72): Open NewTab->https://kabuoji3.com/stock/4368/2013/
[2021-03-17 08:03:24]cl_getDriver.py(64): getURL=https://kabuoji3.com/stock/4369/
[2021-03-17 08:03:24]cl_getDriver.py(72): Open NewTab->https://kabuoji3.com/stock/4369/
[2021-03-17 08:03:24]cl_getDriver.py(127): click_Success->//*[@id="base_box"]/div/div[3]/form/button
[2021-03-17 08:03:25]cl_getDriver.py(130): Not Found->//*[@id="base_box"]/div/div[3]/form/button
[2021-03-17 08:03:26]cl_getDriver.py(127): click_Success->//*[@id="base_box"]/div/div[3]/form/button
[2021-03-17 08:03:27]cl_getDriver.py(72): Open NewTab->https://kabuoji3.com/stock/4368/2012/
[2021-03-17 08:03:27]cl_getDriver.py(130): Not Found->//*[@id="base_box"]/div/div[3]/form/button
[2021-03-17 08:03:27]cl_getDriver.py(72): Open NewTab->https://kabuoji3.com/stock/4369/2021/
[2021-03-17 08:03:28]cl_getDriver.py(127): click_Success->//*[@id="base_box"]/div/div[3]/form/button
[2021-03-17 08:03:28]cl_getDriver.py(127): click_Success->//*[@id="base_box"]/div/div[3]/form/button
[2021-03-17 08:03:31]cl_getDriver.py(127): click_Success->//*[@id="base_box"]/div/div[3]/form/button
[2021-03-17 08:03:31]cl_getDriver.py(127): click_Success->//*[@id="base_box"]/div/div[3]/form/button
[2021-03-17 08:03:31]cl_getDriver.py(72): Open NewTab->https://kabuoji3.com/stock/4368/2011/
[2021-03-17 08:03:31]cl_getDriver.py(72): Open NewTab->https://kabuoji3.com/stock/4369/2020/
[2021-03-17 08:03:33]cl_getDriver.py(127): click_Success->//*[@id="base_box"]/div/div[3]/form/button
[2021-03-17 08:03:33]cl_getDriver.py(127): click_Success->//*[@id="base_box"]/div/div[3]/form/button
[2021-03-17 08:03:35]cl_getDriver.py(127): click_Success->//*[@id="base_box"]/div/div[3]/form/button
[2021-03-17 08:03:35]cl_getDriver.py(127): click_Success->//*[@id="base_box"]/div/div[3]/form/button
[2021-03-17 08:03:36]cl_getDriver.py(72): Open NewTab->https://kabuoji3.com/stock/4368/2010/
[2021-03-17 08:03:36]cl_getDriver.py(72): Open NewTab->https://kabuoji3.com/stock/4369/2019/
[2021-03-17 08:03:37]cl_getDriver.py(127): click_Success->//*[@id="base_box"]/div/div[3]/form/button
[2021-03-17 08:03:37]cl_getDriver.py(127): click_Success->//*[@id="base_box"]/div/div[3]/form/button
[2021-03-17 08:03:39]cl_getDriver.py(127): click_Success->//*[@id="base_box"]/div/div[3]/form/button
[2021-03-17 08:03:39]cl_getDriver.py(127): click_Success->//*[@id="base_box"]/div/div[3]/form/button
[2021-03-17 08:03:40]cl_getDriver.py(72): Open NewTab->https://kabuoji3.com/stock/4369/2018/
[2021-03-17 08:03:40]cl_getDriver.py(72): Open NewTab->https://kabuoji3.com/stock/4368/2009/
[2021-03-17 08:03:41]cl_getDriver.py(127): click_Success->//*[@id="base_box"]/div/div[3]/form/button
[2021-03-17 08:03:41]cl_getDriver.py(127): click_Success->//*[@id="base_box"]/div/div[3]/form/button
[2021-03-17 08:03:43]cl_getDriver.py(127): click_Success->//*[@id="base_box"]/div/div[3]/form/button
[2021-03-17 08:03:43]cl_getDriver.py(127): click_Success->//*[@id="base_box"]/div/div[3]/form/button
[2021-03-17 08:03:44]cl_getDriver.py(72): Open NewTab->https://kabuoji3.com/stock/4369/2017/
[2021-03-17 08:03:44]cl_getDriver.py(72): Open NewTab->https://kabuoji3.com/stock/4368/2008/
[2021-03-17 08:03:45]cl_getDriver.py(127): click_Success->//*[@id="base_box"]/div/div[3]/form/button
[2021-03-17 08:03:45]cl_getDriver.py(127): click_Success->//*[@id="base_box"]/div/div[3]/form/button
[2021-03-17 08:03:48]cl_getDriver.py(127): click_Success->//*[@id="base_box"]/div/div[3]/form/button
[2021-03-17 08:03:48]cl_getDriver.py(127): click_Success->//*[@id="base_box"]/div/div[3]/form/button
[2021-03-17 08:03:48]cl_getDriver.py(72): Open NewTab->https://kabuoji3.com/stock/4368/2007/
[2021-03-17 08:03:48]cl_getDriver.py(72): Open NewTab->https://kabuoji3.com/stock/4369/2016/
[2021-03-17 08:03:50]cl_getDriver.py(127): click_Success->//*[@id="base_box"]/div/div[3]/form/button
[2021-03-17 08:03:50]cl_getDriver.py(127): click_Success->//*[@id="base_box"]/div/div[3]/form/button
[2021-03-17 08:03:52]cl_getDriver.py(127): click_Success->//*[@id="base_box"]/div/div[3]/form/button
[2021-03-17 08:03:52]cl_getDriver.py(127): click_Success->//*[@id="base_box"]/div/div[3]/form/button
[2021-03-17 08:03:53]cl_getDriver.py(72): Open NewTab->https://kabuoji3.com/stock/4369/2015/
[2021-03-17 08:03:53]cl_getDriver.py(72): Open NewTab->https://kabuoji3.com/stock/4368/2006/
[2021-03-17 08:03:54]cl_getDriver.py(127): click_Success->//*[@id="base_box"]/div/div[3]/form/button
[2021-03-17 08:03:54]cl_getDriver.py(127): click_Success->//*[@id="base_box"]/div/div[3]/form/button
[2021-03-17 08:03:57]cl_getDriver.py(127): click_Success->//*[@id="base_box"]/div/div[3]/form/button
[2021-03-17 08:03:57]cl_getDriver.py(127): click_Success->//*[@id="base_box"]/div/div[3]/form/button
[2021-03-17 08:03:57]cl_getDriver.py(72): Open NewTab->https://kabuoji3.com/stock/4369/2014/
[2021-03-17 08:03:57]cl_getDriver.py(72): Open NewTab->https://kabuoji3.com/stock/4368/2005/
[2021-03-17 08:03:59]cl_getDriver.py(127): click_Success->//*[@id="base_box"]/div/div[3]/form/button
[2021-03-17 08:03:59]cl_getDriver.py(127): click_Success->//*[@id="base_box"]/div/div[3]/form/button
[2021-03-17 08:04:01]cl_getDriver.py(127): click_Success->//*[@id="base_box"]/div/div[3]/form/button
[2021-03-17 08:04:01]cl_getDriver.py(127): click_Success->//*[@id="base_box"]/div/div[3]/form/button
[2021-03-17 08:04:02]cl_getDriver.py(72): Open NewTab->https://kabuoji3.com/stock/4368/2004/
[2021-03-17 08:04:02]cl_getDriver.py(72): Open NewTab->https://kabuoji3.com/stock/4369/2013/
[2021-03-17 08:04:03]cl_getDriver.py(127): click_Success->//*[@id="base_box"]/div/div[3]/form/button
[2021-03-17 08:04:03]cl_getDriver.py(127): click_Success->//*[@id="base_box"]/div/div[3]/form/button
[2021-03-17 08:04:05]cl_getDriver.py(127): click_Success->//*[@id="base_box"]/div/div[3]/form/button
[2021-03-17 08:04:06]cl_getDriver.py(72): Open NewTab->https://kabuoji3.com/stock/4368/2003/
[2021-03-17 08:04:06]cl_getDriver.py(127): click_Success->//*[@id="base_box"]/div/div[3]/form/button
[2021-03-17 08:04:06]cl_getDriver.py(72): Open NewTab->https://kabuoji3.com/stock/4369/2012/
[2021-03-17 08:04:07]cl_getDriver.py(127): click_Success->//*[@id="base_box"]/div/div[3]/form/button
[2021-03-17 08:04:07]cl_getDriver.py(127): click_Success->//*[@id="base_box"]/div/div[3]/form/button
[2021-03-17 08:04:09]cl_getDriver.py(127): click_Success->//*[@id="base_box"]/div/div[3]/form/button
[2021-03-17 08:04:10]cl_getDriver.py(127): click_Success->//*[@id="base_box"]/div/div[3]/form/button
[2021-03-17 08:04:10]cl_getDriver.py(72): Open NewTab->https://kabuoji3.com/stock/4368/2002/
[2021-03-17 08:04:10]cl_getDriver.py(72): Open NewTab->https://kabuoji3.com/stock/4369/2011/
[2021-03-17 08:04:11]cl_getDriver.py(127): click_Success->//*[@id="base_box"]/div/div[3]/form/button
[2021-03-17 08:04:11]cl_getDriver.py(127): click_Success->//*[@id="base_box"]/div/div[3]/form/button
[2021-03-17 08:04:13]cl_getDriver.py(127): click_Success->//*[@id="base_box"]/div/div[3]/form/button
[2021-03-17 08:04:14]cl_getDriver.py(127): click_Success->//*[@id="base_box"]/div/div[3]/form/button
[2021-03-17 08:04:14]cl_getDriver.py(72): Open NewTab->https://kabuoji3.com/stock/4368/2001/
[2021-03-17 08:04:14]cl_getDriver.py(72): Open NewTab->https://kabuoji3.com/stock/4369/2010/
[2021-03-17 08:04:15]cl_getDriver.py(127): click_Success->//*[@id="base_box"]/div/div[3]/form/button
[2021-03-17 08:04:15]cl_getDriver.py(127): click_Success->//*[@id="base_box"]/div/div[3]/form/button
[2021-03-17 08:04:17]cl_getDriver.py(127): click_Success->//*[@id="base_box"]/div/div[3]/form/button
[2021-03-17 08:04:18]cl_getDriver.py(127): click_Success->//*[@id="base_box"]/div/div[3]/form/button
[2021-03-17 08:04:18]cl_getDriver.py(72): Open NewTab->https://kabuoji3.com/stock/4369/2009/
[2021-03-17 08:04:19]cl_getDriver.py(127): click_Success->//*[@id="base_box"]/div/div[3]/form/button
[2021-03-17 08:04:22]cl_getDriver.py(127): click_Success->//*[@id="base_box"]/div/div[3]/form/button
[2021-03-17 08:04:22]main.py(42): finished Process->https://kabuoji3.com/stock/4368/
[2021-03-17 08:04:22]main.py(15): start_Process->https://kabuoji3.com/stock/4401/
[2021-03-17 08:04:22]cl_getDriver.py(72): Open NewTab->https://kabuoji3.com/stock/4369/2008/
[2021-03-17 08:04:23]cl_getDriver.py(127): click_Success->//*[@id="base_box"]/div/div[3]/form/button
[2021-03-17 08:04:25]cl_getDriver.py(127): click_Success->//*[@id="base_box"]/div/div[3]/form/button
[2021-03-17 08:04:25]cl_getDriver.py(72): Open NewTab->https://kabuoji3.com/stock/4369/2007/
[2021-03-17 08:04:26]cl_getDriver.py(127): click_Success->//*[@id="base_box"]/div/div[3]/form/button
[2021-03-17 08:04:27]cl_getDriver.py(64): getURL=https://kabuoji3.com/stock/4401/
[2021-03-17 08:04:28]cl_getDriver.py(72): Open NewTab->https://kabuoji3.com/stock/4401/
[2021-03-17 08:04:28]cl_getDriver.py(130): Not Found->//*[@id="base_box"]/div/div[3]/form/button
[2021-03-17 08:04:29]cl_getDriver.py(127): click_Success->//*[@id="base_box"]/div/div[3]/form/button
[2021-03-17 08:04:30]cl_getDriver.py(130): Not Found->//*[@id="base_box"]/div/div[3]/form/button
[2021-03-17 08:04:30]cl_getDriver.py(72): Open NewTab->https://kabuoji3.com/stock/4401/2021/
[2021-03-17 08:04:31]cl_getDriver.py(127): click_Success->//*[@id="base_box"]/div/div[3]/form/button
[2021-03-17 08:04:33]main.py(42): finished Process->https://kabuoji3.com/stock/4369/
[2021-03-17 08:04:33]main.py(15): start_Process->https://kabuoji3.com/stock/4403/
[2021-03-17 08:04:33]cl_getDriver.py(127): click_Success->//*[@id="base_box"]/div/div[3]/form/button
[2021-03-17 08:04:34]cl_getDriver.py(72): Open NewTab->https://kabuoji3.com/stock/4401/2020/
[2021-03-17 08:04:35]cl_getDriver.py(127): click_Success->//*[@id="base_box"]/div/div[3]/form/button
[2021-03-17 08:04:37]cl_getDriver.py(127): click_Success->//*[@id="base_box"]/div/div[3]/form/button
[2021-03-17 08:04:37]cl_getDriver.py(72): Open NewTab->https://kabuoji3.com/stock/4401/2019/
[2021-03-17 08:04:39]cl_getDriver.py(127): click_Success->//*[@id="base_box"]/div/div[3]/form/button
[2021-03-17 08:04:39]cl_getDriver.py(64): getURL=https://kabuoji3.com/stock/4403/
[2021-03-17 08:04:40]cl_getDriver.py(72): Open NewTab->https://kabuoji3.com/stock/4403/
[2021-03-17 08:04:40]cl_getDriver.py(130): Not Found->//*[@id="base_box"]/div/div[3]/form/button
[2021-03-17 08:04:41]cl_getDriver.py(127): click_Success->//*[@id="base_box"]/div/div[3]/form/button
[2021-03-17 08:04:41]cl_getDriver.py(72): Open NewTab->https://kabuoji3.com/stock/4401/2018/
[2021-03-17 08:04:42]cl_getDriver.py(130): Not Found->//*[@id="base_box"]/div/div[3]/form/button
[2021-03-17 08:04:43]cl_getDriver.py(72): Open NewTab->https://kabuoji3.com/stock/4403/2021/
[2021-03-17 08:04:43]cl_getDriver.py(127): click_Success->//*[@id="base_box"]/div/div[3]/form/button
[2021-03-17 08:04:43]cl_getDriver.py(127): click_Success->//*[@id="base_box"]/div/div[3]/form/button
[2021-03-17 08:04:45]cl_getDriver.py(127): click_Success->//*[@id="base_box"]/div/div[3]/form/button
[2021-03-17 08:04:45]cl_getDriver.py(72): Open NewTab->https://kabuoji3.com/stock/4401/2017/
[2021-03-17 08:04:46]cl_getDriver.py(127): click_Success->//*[@id="base_box"]/div/div[3]/form/button
[2021-03-17 08:04:46]cl_getDriver.py(72): Open NewTab->https://kabuoji3.com/stock/4403/2020/
[2021-03-17 08:04:47]cl_getDriver.py(127): click_Success->//*[@id="base_box"]/div/div[3]/form/button
[2021-03-17 08:04:47]cl_getDriver.py(127): click_Success->//*[@id="base_box"]/div/div[3]/form/button
[2021-03-17 08:04:49]cl_getDriver.py(127): click_Success->//*[@id="base_box"]/div/div[3]/form/button
[2021-03-17 08:04:49]cl_getDriver.py(72): Open NewTab->https://kabuoji3.com/stock/4401/2016/
[2021-03-17 08:04:50]cl_getDriver.py(127): click_Success->//*[@id="base_box"]/div/div[3]/form/button
[2021-03-17 08:04:50]cl_getDriver.py(72): Open NewTab->https://kabuoji3.com/stock/4403/2019/
[2021-03-17 08:04:51]cl_getDriver.py(127): click_Success->//*[@id="base_box"]/div/div[3]/form/button
[2021-03-17 08:04:51]cl_getDriver.py(127): click_Success->//*[@id="base_box"]/div/div[3]/form/button
[2021-03-17 08:04:53]cl_getDriver.py(127): click_Success->//*[@id="base_box"]/div/div[3]/form/button
[2021-03-17 08:04:54]cl_getDriver.py(72): Open NewTab->https://kabuoji3.com/stock/4401/2015/
[2021-03-17 08:04:54]cl_getDriver.py(127): click_Success->//*[@id="base_box"]/div/div[3]/form/button
[2021-03-17 08:04:54]cl_getDriver.py(72): Open NewTab->https://kabuoji3.com/stock/4403/2018/
[2021-03-17 08:04:55]cl_getDriver.py(127): click_Success->//*[@id="base_box"]/div/div[3]/form/button
[2021-03-17 08:04:55]cl_getDriver.py(127): click_Success->//*[@id="base_box"]/div/div[3]/form/button
[2021-03-17 08:04:57]cl_getDriver.py(127): click_Success->//*[@id="base_box"]/div/div[3]/form/button
[2021-03-17 08:04:58]cl_getDriver.py(72): Open NewTab->https://kabuoji3.com/stock/4401/2014/
[2021-03-17 08:04:58]cl_getDriver.py(127): click_Success->//*[@id="base_box"]/div/div[3]/form/button
[2021-03-17 08:04:58]cl_getDriver.py(72): Open NewTab->https://kabuoji3.com/stock/4403/2017/
[2021-03-17 08:04:59]cl_getDriver.py(127): click_Success->//*[@id="base_box"]/div/div[3]/form/button
[2021-03-17 08:04:59]cl_getDriver.py(127): click_Success->//*[@id="base_box"]/div/div[3]/form/button
[2021-03-17 08:05:01]cl_getDriver.py(127): click_Success->//*[@id="base_box"]/div/div[3]/form/button
[2021-03-17 08:05:02]cl_getDriver.py(127): click_Success->//*[@id="base_box"]/div/div[3]/form/button
[2021-03-17 08:05:02]cl_getDriver.py(72): Open NewTab->https://kabuoji3.com/stock/4401/2013/
[2021-03-17 08:05:02]cl_getDriver.py(72): Open NewTab->https://kabuoji3.com/stock/4403/2016/
[2021-03-17 08:05:04]cl_getDriver.py(127): click_Success->//*[@id="base_box"]/div/div[3]/form/button
[2021-03-17 08:05:04]cl_getDriver.py(127): click_Success->//*[@id="base_box"]/div/div[3]/form/button
[2021-03-17 08:05:06]cl_getDriver.py(127): click_Success->//*[@id="base_box"]/div/div[3]/form/button
[2021-03-17 08:05:06]cl_getDriver.py(127): click_Success->//*[@id="base_box"]/div/div[3]/form/button
[2021-03-17 08:05:07]cl_getDriver.py(72): Open NewTab->https://kabuoji3.com/stock/4403/2015/
[2021-03-17 08:05:07]cl_getDriver.py(72): Open NewTab->https://kabuoji3.com/stock/4401/2012/
[2021-03-17 08:05:08]cl_getDriver.py(127): click_Success->//*[@id="base_box"]/div/div[3]/form/button
[2021-03-17 08:05:08]cl_getDriver.py(127): click_Success->//*[@id="base_box"]/div/div[3]/form/button
[2021-03-17 08:05:10]cl_getDriver.py(127): click_Success->//*[@id="base_box"]/div/div[3]/form/button
[2021-03-17 08:05:10]cl_getDriver.py(127): click_Success->//*[@id="base_box"]/div/div[3]/form/button
[2021-03-17 08:05:11]cl_getDriver.py(72): Open NewTab->https://kabuoji3.com/stock/4401/2011/
[2021-03-17 08:05:11]cl_getDriver.py(72): Open NewTab->https://kabuoji3.com/stock/4403/2014/
[2021-03-17 08:05:13]cl_getDriver.py(127): click_Success->//*[@id="base_box"]/div/div[3]/form/button
[2021-03-17 08:05:13]cl_getDriver.py(127): click_Success->//*[@id="base_box"]/div/div[3]/form/button
[2021-03-17 08:05:15]cl_getDriver.py(127): click_Success->//*[@id="base_box"]/div/div[3]/form/button
[2021-03-17 08:05:15]cl_getDriver.py(127): click_Success->//*[@id="base_box"]/div/div[3]/form/button
[2021-03-17 08:05:15]cl_getDriver.py(72): Open NewTab->https://kabuoji3.com/stock/4403/2013/
[2021-03-17 08:05:15]cl_getDriver.py(72): Open NewTab->https://kabuoji3.com/stock/4401/2010/
[2021-03-17 08:05:17]cl_getDriver.py(127): click_Success->//*[@id="base_box"]/div/div[3]/form/button
[2021-03-17 08:05:17]cl_getDriver.py(127): click_Success->//*[@id="base_box"]/div/div[3]/form/button
[2021-03-17 08:05:19]cl_getDriver.py(127): click_Success->//*[@id="base_box"]/div/div[3]/form/button
[2021-03-17 08:05:19]cl_getDriver.py(127): click_Success->//*[@id="base_box"]/div/div[3]/form/button
[2021-03-17 08:05:20]cl_getDriver.py(72): Open NewTab->https://kabuoji3.com/stock/4403/2012/
[2021-03-17 08:05:20]cl_getDriver.py(72): Open NewTab->https://kabuoji3.com/stock/4401/2009/
[2021-03-17 08:05:21]cl_getDriver.py(127): click_Success->//*[@id="base_box"]/div/div[3]/form/button
[2021-03-17 08:05:21]cl_getDriver.py(127): click_Success->//*[@id="base_box"]/div/div[3]/form/button
[2021-03-17 08:05:23]cl_getDriver.py(127): click_Success->//*[@id="base_box"]/div/div[3]/form/button
[2021-03-17 08:05:24]cl_getDriver.py(72): Open NewTab->https://kabuoji3.com/stock/4403/2011/
[2021-03-17 08:05:24]cl_getDriver.py(127): click_Success->//*[@id="base_box"]/div/div[3]/form/button
[2021-03-17 08:05:24]cl_getDriver.py(72): Open NewTab->https://kabuoji3.com/stock/4401/2008/
[2021-03-17 08:05:25]cl_getDriver.py(127): click_Success->//*[@id="base_box"]/div/div[3]/form/button
[2021-03-17 08:05:26]cl_getDriver.py(127): click_Success->//*[@id="base_box"]/div/div[3]/form/button
[2021-03-17 08:05:28]cl_getDriver.py(127): click_Success->//*[@id="base_box"]/div/div[3]/form/button
[2021-03-17 08:05:28]cl_getDriver.py(72): Open NewTab->https://kabuoji3.com/stock/4403/2010/
[2021-03-17 08:05:28]cl_getDriver.py(127): click_Success->//*[@id="base_box"]/div/div[3]/form/button
[2021-03-17 08:05:28]cl_getDriver.py(72): Open NewTab->https://kabuoji3.com/stock/4401/2007/
[2021-03-17 08:05:29]cl_getDriver.py(127): click_Success->//*[@id="base_box"]/div/div[3]/form/button
[2021-03-17 08:05:30]cl_getDriver.py(127): click_Success->//*[@id="base_box"]/div/div[3]/form/button
[2021-03-17 08:05:32]cl_getDriver.py(127): click_Success->//*[@id="base_box"]/div/div[3]/form/button
[2021-03-17 08:05:32]cl_getDriver.py(72): Open NewTab->https://kabuoji3.com/stock/4403/2009/
[2021-03-17 08:05:32]cl_getDriver.py(127): click_Success->//*[@id="base_box"]/div/div[3]/form/button
[2021-03-17 08:05:33]cl_getDriver.py(72): Open NewTab->https://kabuoji3.com/stock/4401/2006/
[2021-03-17 08:05:34]cl_getDriver.py(127): click_Success->//*[@id="base_box"]/div/div[3]/form/button
[2021-03-17 08:05:34]cl_getDriver.py(127): click_Success->//*[@id="base_box"]/div/div[3]/form/button
[2021-03-17 08:05:36]cl_getDriver.py(127): click_Success->//*[@id="base_box"]/div/div[3]/form/button
[2021-03-17 08:05:36]cl_getDriver.py(127): click_Success->//*[@id="base_box"]/div/div[3]/form/button
[2021-03-17 08:05:36]cl_getDriver.py(72): Open NewTab->https://kabuoji3.com/stock/4403/2008/
[2021-03-17 08:05:37]cl_getDriver.py(72): Open NewTab->https://kabuoji3.com/stock/4401/2005/
[2021-03-17 08:05:38]cl_getDriver.py(127): click_Success->//*[@id="base_box"]/div/div[3]/form/button
[2021-03-17 08:05:38]cl_getDriver.py(127): click_Success->//*[@id="base_box"]/div/div[3]/form/button
[2021-03-17 08:05:40]cl_getDriver.py(127): click_Success->//*[@id="base_box"]/div/div[3]/form/button
[2021-03-17 08:05:41]cl_getDriver.py(127): click_Success->//*[@id="base_box"]/div/div[3]/form/button
[2021-03-17 08:05:41]cl_getDriver.py(72): Open NewTab->https://kabuoji3.com/stock/4403/2007/
[2021-03-17 08:05:41]cl_getDriver.py(72): Open NewTab->https://kabuoji3.com/stock/4401/2004/
[2021-03-17 08:05:42]cl_getDriver.py(127): click_Success->//*[@id="base_box"]/div/div[3]/form/button
[2021-03-17 08:05:42]cl_getDriver.py(127): click_Success->//*[@id="base_box"]/div/div[3]/form/button
[2021-03-17 08:05:45]cl_getDriver.py(127): click_Success->//*[@id="base_box"]/div/div[3]/form/button
[2021-03-17 08:05:45]cl_getDriver.py(127): click_Success->//*[@id="base_box"]/div/div[3]/form/button
[2021-03-17 08:05:45]cl_getDriver.py(72): Open NewTab->https://kabuoji3.com/stock/4403/2006/
[2021-03-17 08:05:45]cl_getDriver.py(72): Open NewTab->https://kabuoji3.com/stock/4401/2003/
[2021-03-17 08:05:47]cl_getDriver.py(127): click_Success->//*[@id="base_box"]/div/div[3]/form/button
[2021-03-17 08:05:47]cl_getDriver.py(127): click_Success->//*[@id="base_box"]/div/div[3]/form/button
[2021-03-17 08:05:49]cl_getDriver.py(127): click_Success->//*[@id="base_box"]/div/div[3]/form/button
[2021-03-17 08:05:49]cl_getDriver.py(127): click_Success->//*[@id="base_box"]/div/div[3]/form/button
[2021-03-17 08:05:50]cl_getDriver.py(72): Open NewTab->https://kabuoji3.com/stock/4403/2005/
[2021-03-17 08:05:50]cl_getDriver.py(72): Open NewTab->https://kabuoji3.com/stock/4401/2002/
[2021-03-17 08:05:51]cl_getDriver.py(127): click_Success->//*[@id="base_box"]/div/div[3]/form/button
[2021-03-17 08:05:51]cl_getDriver.py(127): click_Success->//*[@id="base_box"]/div/div[3]/form/button
[2021-03-17 08:05:54]cl_getDriver.py(127): click_Success->//*[@id="base_box"]/div/div[3]/form/button
[2021-03-17 08:05:54]cl_getDriver.py(127): click_Success->//*[@id="base_box"]/div/div[3]/form/button
[2021-03-17 08:05:54]cl_getDriver.py(72): Open NewTab->https://kabuoji3.com/stock/4401/2001/
[2021-03-17 08:05:54]cl_getDriver.py(72): Open NewTab->https://kabuoji3.com/stock/4403/2004/
[2021-03-17 08:05:55]cl_getDriver.py(127): click_Success->//*[@id="base_box"]/div/div[3]/form/button
[2021-03-17 08:05:55]cl_getDriver.py(127): click_Success->//*[@id="base_box"]/div/div[3]/form/button
[2021-03-17 08:05:58]cl_getDriver.py(127): click_Success->//*[@id="base_box"]/div/div[3]/form/button
[2021-03-17 08:05:58]cl_getDriver.py(127): click_Success->//*[@id="base_box"]/div/div[3]/form/button
[2021-03-17 08:05:58]cl_getDriver.py(72): Open NewTab->https://kabuoji3.com/stock/4403/2003/
[2021-03-17 08:05:58]cl_getDriver.py(72): Open NewTab->https://kabuoji3.com/stock/4401/2000/
[2021-03-17 08:06:00]cl_getDriver.py(127): click_Success->//*[@id="base_box"]/div/div[3]/form/button
[2021-03-17 08:06:00]cl_getDriver.py(127): click_Success->//*[@id="base_box"]/div/div[3]/form/button
[2021-03-17 08:06:02]cl_getDriver.py(127): click_Success->//*[@id="base_box"]/div/div[3]/form/button
[2021-03-17 08:06:02]cl_getDriver.py(127): click_Success->//*[@id="base_box"]/div/div[3]/form/button
[2021-03-17 08:06:03]cl_getDriver.py(72): Open NewTab->https://kabuoji3.com/stock/4403/2002/
[2021-03-17 08:06:03]cl_getDriver.py(72): Open NewTab->https://kabuoji3.com/stock/4401/1999/
[2021-03-17 08:06:04]cl_getDriver.py(127): click_Success->//*[@id="base_box"]/div/div[3]/form/button
[2021-03-17 08:06:04]cl_getDriver.py(127): click_Success->//*[@id="base_box"]/div/div[3]/form/button
[2021-03-17 08:06:06]cl_getDriver.py(127): click_Success->//*[@id="base_box"]/div/div[3]/form/button
[2021-03-17 08:06:06]cl_getDriver.py(127): click_Success->//*[@id="base_box"]/div/div[3]/form/button
[2021-03-17 08:06:07]cl_getDriver.py(72): Open NewTab->https://kabuoji3.com/stock/4403/2001/
[2021-03-17 08:06:07]cl_getDriver.py(72): Open NewTab->https://kabuoji3.com/stock/4401/1998/
[2021-03-17 08:06:08]cl_getDriver.py(127): click_Success->//*[@id="base_box"]/div/div[3]/form/button
[2021-03-17 08:06:08]cl_getDriver.py(127): click_Success->//*[@id="base_box"]/div/div[3]/form/button
[2021-03-17 08:06:11]cl_getDriver.py(127): click_Success->//*[@id="base_box"]/div/div[3]/form/button
[2021-03-17 08:06:11]cl_getDriver.py(127): click_Success->//*[@id="base_box"]/div/div[3]/form/button
[2021-03-17 08:06:11]cl_getDriver.py(72): Open NewTab->https://kabuoji3.com/stock/4401/1997/
[2021-03-17 08:06:11]cl_getDriver.py(72): Open NewTab->https://kabuoji3.com/stock/4403/2000/
[2021-03-17 08:06:13]cl_getDriver.py(127): click_Success->//*[@id="base_box"]/div/div[3]/form/button
[2021-03-17 08:06:13]cl_getDriver.py(127): click_Success->//*[@id="base_box"]/div/div[3]/form/button
[2021-03-17 08:06:15]cl_getDriver.py(127): click_Success->//*[@id="base_box"]/div/div[3]/form/button
[2021-03-17 08:06:15]cl_getDriver.py(127): click_Success->//*[@id="base_box"]/div/div[3]/form/button
[2021-03-17 08:06:16]cl_getDriver.py(72): Open NewTab->https://kabuoji3.com/stock/4401/1996/
[2021-03-17 08:06:16]cl_getDriver.py(72): Open NewTab->https://kabuoji3.com/stock/4403/1999/
[2021-03-17 08:06:17]cl_getDriver.py(127): click_Success->//*[@id="base_box"]/div/div[3]/form/button
[2021-03-17 08:06:17]cl_getDriver.py(127): click_Success->//*[@id="base_box"]/div/div[3]/form/button
[2021-03-17 08:06:19]cl_getDriver.py(127): click_Success->//*[@id="base_box"]/div/div[3]/form/button
[2021-03-17 08:06:19]cl_getDriver.py(127): click_Success->//*[@id="base_box"]/div/div[3]/form/button
[2021-03-17 08:06:20]cl_getDriver.py(72): Open NewTab->https://kabuoji3.com/stock/4403/1998/
[2021-03-17 08:06:20]cl_getDriver.py(72): Open NewTab->https://kabuoji3.com/stock/4401/1995/
[2021-03-17 08:06:21]cl_getDriver.py(127): click_Success->//*[@id="base_box"]/div/div[3]/form/button
[2021-03-17 08:06:21]cl_getDriver.py(127): click_Success->//*[@id="base_box"]/div/div[3]/form/button
[2021-03-17 08:06:24]cl_getDriver.py(127): click_Success->//*[@id="base_box"]/div/div[3]/form/button
[2021-03-17 08:06:24]cl_getDriver.py(127): click_Success->//*[@id="base_box"]/div/div[3]/form/button
[2021-03-17 08:06:24]cl_getDriver.py(72): Open NewTab->https://kabuoji3.com/stock/4401/1994/
[2021-03-17 08:06:24]cl_getDriver.py(72): Open NewTab->https://kabuoji3.com/stock/4403/1997/
[2021-03-17 08:06:25]cl_getDriver.py(127): click_Success->//*[@id="base_box"]/div/div[3]/form/button
[2021-03-17 08:06:26]cl_getDriver.py(127): click_Success->//*[@id="base_box"]/div/div[3]/form/button
[2021-03-17 08:06:28]cl_getDriver.py(127): click_Success->//*[@id="base_box"]/div/div[3]/form/button
[2021-03-17 08:06:28]cl_getDriver.py(127): click_Success->//*[@id="base_box"]/div/div[3]/form/button
[2021-03-17 08:06:28]cl_getDriver.py(72): Open NewTab->https://kabuoji3.com/stock/4401/1993/
[2021-03-17 08:06:28]cl_getDriver.py(72): Open NewTab->https://kabuoji3.com/stock/4403/1996/
[2021-03-17 08:06:30]cl_getDriver.py(127): click_Success->//*[@id="base_box"]/div/div[3]/form/button
[2021-03-17 08:06:30]cl_getDriver.py(127): click_Success->//*[@id="base_box"]/div/div[3]/form/button
[2021-03-17 08:06:32]cl_getDriver.py(127): click_Success->//*[@id="base_box"]/div/div[3]/form/button
[2021-03-17 08:06:32]cl_getDriver.py(127): click_Success->//*[@id="base_box"]/div/div[3]/form/button
[2021-03-17 08:06:33]cl_getDriver.py(72): Open NewTab->https://kabuoji3.com/stock/4401/1992/
[2021-03-17 08:06:33]cl_getDriver.py(72): Open NewTab->https://kabuoji3.com/stock/4403/1995/
[2021-03-17 08:06:34]cl_getDriver.py(127): click_Success->//*[@id="base_box"]/div/div[3]/form/button
[2021-03-17 08:06:34]cl_getDriver.py(127): click_Success->//*[@id="base_box"]/div/div[3]/form/button
[2021-03-17 08:06:37]cl_getDriver.py(127): click_Success->//*[@id="base_box"]/div/div[3]/form/button
[2021-03-17 08:06:37]cl_getDriver.py(127): click_Success->//*[@id="base_box"]/div/div[3]/form/button
[2021-03-17 08:06:37]cl_getDriver.py(72): Open NewTab->https://kabuoji3.com/stock/4401/1991/
[2021-03-17 08:06:37]cl_getDriver.py(72): Open NewTab->https://kabuoji3.com/stock/4403/1994/
[2021-03-17 08:06:39]cl_getDriver.py(127): click_Success->//*[@id="base_box"]/div/div[3]/form/button
[2021-03-17 08:06:39]cl_getDriver.py(127): click_Success->//*[@id="base_box"]/div/div[3]/form/button
[2021-03-17 08:06:41]cl_getDriver.py(127): click_Success->//*[@id="base_box"]/div/div[3]/form/button
[2021-03-17 08:06:41]cl_getDriver.py(127): click_Success->//*[@id="base_box"]/div/div[3]/form/button
[2021-03-17 08:06:42]cl_getDriver.py(72): Open NewTab->https://kabuoji3.com/stock/4401/1990/
[2021-03-17 08:06:42]cl_getDriver.py(72): Open NewTab->https://kabuoji3.com/stock/4403/1993/
[2021-03-17 08:06:43]cl_getDriver.py(127): click_Success->//*[@id="base_box"]/div/div[3]/form/button
[2021-03-17 08:06:43]cl_getDriver.py(127): click_Success->//*[@id="base_box"]/div/div[3]/form/button
[2021-03-17 08:06:45]cl_getDriver.py(127): click_Success->//*[@id="base_box"]/div/div[3]/form/button
[2021-03-17 08:06:45]cl_getDriver.py(127): click_Success->//*[@id="base_box"]/div/div[3]/form/button
[2021-03-17 08:06:46]cl_getDriver.py(72): Open NewTab->https://kabuoji3.com/stock/4401/1989/
[2021-03-17 08:06:46]cl_getDriver.py(72): Open NewTab->https://kabuoji3.com/stock/4403/1992/
[2021-03-17 08:06:47]cl_getDriver.py(127): click_Success->//*[@id="base_box"]/div/div[3]/form/button
[2021-03-17 08:06:47]cl_getDriver.py(127): click_Success->//*[@id="base_box"]/div/div[3]/form/button
[2021-03-17 08:06:50]cl_getDriver.py(127): click_Success->//*[@id="base_box"]/div/div[3]/form/button
[2021-03-17 08:06:50]cl_getDriver.py(127): click_Success->//*[@id="base_box"]/div/div[3]/form/button
[2021-03-17 08:06:50]cl_getDriver.py(72): Open NewTab->https://kabuoji3.com/stock/4403/1991/
[2021-03-17 08:06:50]cl_getDriver.py(72): Open NewTab->https://kabuoji3.com/stock/4401/1988/
[2021-03-17 08:06:52]cl_getDriver.py(127): click_Success->//*[@id="base_box"]/div/div[3]/form/button
[2021-03-17 08:06:52]cl_getDriver.py(127): click_Success->//*[@id="base_box"]/div/div[3]/form/button
[2021-03-17 08:06:54]cl_getDriver.py(127): click_Success->//*[@id="base_box"]/div/div[3]/form/button
[2021-03-17 08:06:54]cl_getDriver.py(127): click_Success->//*[@id="base_box"]/div/div[3]/form/button
[2021-03-17 08:06:55]cl_getDriver.py(72): Open NewTab->https://kabuoji3.com/stock/4403/1990/
[2021-03-17 08:06:55]cl_getDriver.py(72): Open NewTab->https://kabuoji3.com/stock/4401/1987/
[2021-03-17 08:06:56]cl_getDriver.py(127): click_Success->//*[@id="base_box"]/div/div[3]/form/button
[2021-03-17 08:06:56]cl_getDriver.py(127): click_Success->//*[@id="base_box"]/div/div[3]/form/button
[2021-03-17 08:06:58]cl_getDriver.py(127): click_Success->//*[@id="base_box"]/div/div[3]/form/button
[2021-03-17 08:06:58]cl_getDriver.py(72): Open NewTab->https://kabuoji3.com/stock/4403/1989/
[2021-03-17 08:06:59]cl_getDriver.py(127): click_Success->//*[@id="base_box"]/div/div[3]/form/button
[2021-03-17 08:06:59]cl_getDriver.py(72): Open NewTab->https://kabuoji3.com/stock/4401/1986/
[2021-03-17 08:07:00]cl_getDriver.py(127): click_Success->//*[@id="base_box"]/div/div[3]/form/button
[2021-03-17 08:07:00]cl_getDriver.py(127): click_Success->//*[@id="base_box"]/div/div[3]/form/button
[2021-03-17 08:07:02]cl_getDriver.py(127): click_Success->//*[@id="base_box"]/div/div[3]/form/button
[2021-03-17 08:07:02]cl_getDriver.py(72): Open NewTab->https://kabuoji3.com/stock/4403/1988/
[2021-03-17 08:07:03]cl_getDriver.py(127): click_Success->//*[@id="base_box"]/div/div[3]/form/button
[2021-03-17 08:07:03]cl_getDriver.py(72): Open NewTab->https://kabuoji3.com/stock/4401/1985/
[2021-03-17 08:07:04]cl_getDriver.py(127): click_Success->//*[@id="base_box"]/div/div[3]/form/button
[2021-03-17 08:07:05]cl_getDriver.py(127): click_Success->//*[@id="base_box"]/div/div[3]/form/button
[2021-03-17 08:07:06]cl_getDriver.py(127): click_Success->//*[@id="base_box"]/div/div[3]/form/button
[2021-03-17 08:07:06]cl_getDriver.py(72): Open NewTab->https://kabuoji3.com/stock/4403/1987/
[2021-03-17 08:07:07]cl_getDriver.py(127): click_Success->//*[@id="base_box"]/div/div[3]/form/button
[2021-03-17 08:07:07]cl_getDriver.py(72): Open NewTab->https://kabuoji3.com/stock/4401/1984/
[2021-03-17 08:07:08]cl_getDriver.py(127): click_Success->//*[@id="base_box"]/div/div[3]/form/button
[2021-03-17 08:07:09]cl_getDriver.py(127): click_Success->//*[@id="base_box"]/div/div[3]/form/button
[2021-03-17 08:07:10]cl_getDriver.py(127): click_Success->//*[@id="base_box"]/div/div[3]/form/button
[2021-03-17 08:07:11]cl_getDriver.py(72): Open NewTab->https://kabuoji3.com/stock/4403/1986/
[2021-03-17 08:07:11]cl_getDriver.py(127): click_Success->//*[@id="base_box"]/div/div[3]/form/button
[2021-03-17 08:07:11]cl_getDriver.py(72): Open NewTab->https://kabuoji3.com/stock/4401/1983/
[2021-03-17 08:07:12]cl_getDriver.py(127): click_Success->//*[@id="base_box"]/div/div[3]/form/button
[2021-03-17 08:07:13]cl_getDriver.py(127): click_Success->//*[@id="base_box"]/div/div[3]/form/button
[2021-03-17 08:07:14]cl_getDriver.py(127): click_Success->//*[@id="base_box"]/div/div[3]/form/button
[2021-03-17 08:07:15]cl_getDriver.py(72): Open NewTab->https://kabuoji3.com/stock/4403/1985/
[2021-03-17 08:07:15]cl_getDriver.py(127): click_Success->//*[@id="base_box"]/div/div[3]/form/button
[2021-03-17 08:07:16]cl_getDriver.py(127): click_Success->//*[@id="base_box"]/div/div[3]/form/button
[2021-03-17 08:07:18]cl_getDriver.py(127): click_Success->//*[@id="base_box"]/div/div[3]/form/button
[2021-03-17 08:07:19]cl_getDriver.py(72): Open NewTab->https://kabuoji3.com/stock/4403/1984/
[2021-03-17 08:07:19]main.py(42): finished Process->https://kabuoji3.com/stock/4401/
[2021-03-17 08:07:19]main.py(15): start_Process->https://kabuoji3.com/stock/4406/
[2021-03-17 08:07:20]cl_getDriver.py(127): click_Success->//*[@id="base_box"]/div/div[3]/form/button
[2021-03-17 08:07:22]cl_getDriver.py(127): click_Success->//*[@id="base_box"]/div/div[3]/form/button
[2021-03-17 08:07:22]cl_getDriver.py(72): Open NewTab->https://kabuoji3.com/stock/4403/1983/
[2021-03-17 08:07:23]cl_getDriver.py(127): click_Success->//*[@id="base_box"]/div/div[3]/form/button
[2021-03-17 08:07:24]cl_getDriver.py(64): getURL=https://kabuoji3.com/stock/4406/
[2021-03-17 08:07:25]cl_getDriver.py(72): Open NewTab->https://kabuoji3.com/stock/4406/
[2021-03-17 08:07:25]cl_getDriver.py(130): Not Found->//*[@id="base_box"]/div/div[3]/form/button
[2021-03-17 08:07:25]cl_getDriver.py(127): click_Success->//*[@id="base_box"]/div/div[3]/form/button
[2021-03-17 08:07:27]cl_getDriver.py(130): Not Found->//*[@id="base_box"]/div/div[3]/form/button
[2021-03-17 08:07:27]cl_getDriver.py(72): Open NewTab->https://kabuoji3.com/stock/4406/2021/
[2021-03-17 08:07:28]cl_getDriver.py(127): click_Success->//*[@id="base_box"]/div/div[3]/form/button
[2021-03-17 08:07:30]main.py(42): finished Process->https://kabuoji3.com/stock/4403/
[2021-03-17 08:07:30]main.py(15): start_Process->https://kabuoji3.com/stock/4409/
[2021-03-17 08:07:30]cl_getDriver.py(127): click_Success->//*[@id="base_box"]/div/div[3]/form/button
[2021-03-17 08:07:31]cl_getDriver.py(72): Open NewTab->https://kabuoji3.com/stock/4406/2020/
[2021-03-17 08:07:32]cl_getDriver.py(127): click_Success->//*[@id="base_box"]/div/div[3]/form/button
[2021-03-17 08:07:34]cl_getDriver.py(127): click_Success->//*[@id="base_box"]/div/div[3]/form/button
[2021-03-17 08:07:35]cl_getDriver.py(72): Open NewTab->https://kabuoji3.com/stock/4406/2019/
[2021-03-17 08:07:36]cl_getDriver.py(127): click_Success->//*[@id="base_box"]/div/div[3]/form/button
[2021-03-17 08:07:36]cl_getDriver.py(64): getURL=https://kabuoji3.com/stock/4409/
[2021-03-17 08:07:37]cl_getDriver.py(72): Open NewTab->https://kabuoji3.com/stock/4409/
[2021-03-17 08:07:38]cl_getDriver.py(130): Not Found->//*[@id="base_box"]/div/div[3]/form/button
[2021-03-17 08:07:38]cl_getDriver.py(127): click_Success->//*[@id="base_box"]/div/div[3]/form/button
[2021-03-17 08:07:39]cl_getDriver.py(72): Open NewTab->https://kabuoji3.com/stock/4406/2018/
[2021-03-17 08:07:39]cl_getDriver.py(127): click_Success->//*[@id="base_box"]/div/div[3]/form/button
[2021-03-17 08:07:40]cl_getDriver.py(130): Not Found->//*[@id="base_box"]/div/div[3]/form/button
[2021-03-17 08:07:40]cl_getDriver.py(72): Open NewTab->https://kabuoji3.com/stock/4409/2021/
[2021-03-17 08:07:41]cl_getDriver.py(127): click_Success->//*[@id="base_box"]/div/div[3]/form/button
[2021-03-17 08:07:42]cl_getDriver.py(127): click_Success->//*[@id="base_box"]/div/div[3]/form/button
[2021-03-17 08:07:42]cl_getDriver.py(72): Open NewTab->https://kabuoji3.com/stock/4406/2017/
[2021-03-17 08:07:43]cl_getDriver.py(127): click_Success->//*[@id="base_box"]/div/div[3]/form/button
[2021-03-17 08:07:43]cl_getDriver.py(127): click_Success->//*[@id="base_box"]/div/div[3]/form/button
[2021-03-17 08:07:43]cl_getDriver.py(72): Open NewTab->https://kabuoji3.com/stock/4409/2020/
[2021-03-17 08:07:44]cl_getDriver.py(127): click_Success->//*[@id="base_box"]/div/div[3]/form/button
[2021-03-17 08:07:45]cl_getDriver.py(127): click_Success->//*[@id="base_box"]/div/div[3]/form/button
[2021-03-17 08:07:46]cl_getDriver.py(72): Open NewTab->https://kabuoji3.com/stock/4406/2016/
[2021-03-17 08:07:47]cl_getDriver.py(127): click_Success->//*[@id="base_box"]/div/div[3]/form/button
[2021-03-17 08:07:47]cl_getDriver.py(72): Open NewTab->https://kabuoji3.com/stock/4409/2019/
[2021-03-17 08:07:47]cl_getDriver.py(127): click_Success->//*[@id="base_box"]/div/div[3]/form/button
[2021-03-17 08:07:48]cl_getDriver.py(127): click_Success->//*[@id="base_box"]/div/div[3]/form/button
[2021-03-17 08:07:49]cl_getDriver.py(127): click_Success->//*[@id="base_box"]/div/div[3]/form/button
[2021-03-17 08:07:50]cl_getDriver.py(72): Open NewTab->https://kabuoji3.com/stock/4406/2015/
[2021-03-17 08:07:50]cl_getDriver.py(127): click_Success->//*[@id="base_box"]/div/div[3]/form/button
[2021-03-17 08:07:51]cl_getDriver.py(127): click_Success->//*[@id="base_box"]/div/div[3]/form/button
[2021-03-17 08:07:51]cl_getDriver.py(72): Open NewTab->https://kabuoji3.com/stock/4409/2018/
[2021-03-17 08:07:52]cl_getDriver.py(127): click_Success->//*[@id="base_box"]/div/div[3]/form/button
[2021-03-17 08:07:53]cl_getDriver.py(127): click_Success->//*[@id="base_box"]/div/div[3]/form/button
[2021-03-17 08:07:54]cl_getDriver.py(72): Open NewTab->https://kabuoji3.com/stock/4406/2014/
[2021-03-17 08:07:54]cl_getDriver.py(127): click_Success->//*[@id="base_box"]/div/div[3]/form/button
[2021-03-17 08:07:55]cl_getDriver.py(72): Open NewTab->https://kabuoji3.com/stock/4409/2017/
[2021-03-17 08:07:55]cl_getDriver.py(127): click_Success->//*[@id="base_box"]/div/div[3]/form/button
[2021-03-17 08:07:56]cl_getDriver.py(127): click_Success->//*[@id="base_box"]/div/div[3]/form/button
[2021-03-17 08:07:57]cl_getDriver.py(127): click_Success->//*[@id="base_box"]/div/div[3]/form/button
[2021-03-17 08:07:58]cl_getDriver.py(72): Open NewTab->https://kabuoji3.com/stock/4406/2013/
[2021-03-17 08:07:58]cl_getDriver.py(127): click_Success->//*[@id="base_box"]/div/div[3]/form/button
[2021-03-17 08:07:59]cl_getDriver.py(72): Open NewTab->https://kabuoji3.com/stock/4409/2016/
[2021-03-17 08:07:59]cl_getDriver.py(127): click_Success->//*[@id="base_box"]/div/div[3]/form/button
[2021-03-17 08:08:00]cl_getDriver.py(127): click_Success->//*[@id="base_box"]/div/div[3]/form/button
[2021-03-17 08:08:01]cl_getDriver.py(127): click_Success->//*[@id="base_box"]/div/div[3]/form/button
[2021-03-17 08:08:01]cl_getDriver.py(72): Open NewTab->https://kabuoji3.com/stock/4406/2012/
[2021-03-17 08:08:02]cl_getDriver.py(127): click_Success->//*[@id="base_box"]/div/div[3]/form/button
[2021-03-17 08:08:02]cl_getDriver.py(72): Open NewTab->https://kabuoji3.com/stock/4409/2015/
[2021-03-17 08:08:03]cl_getDriver.py(127): click_Success->//*[@id="base_box"]/div/div[3]/form/button
[2021-03-17 08:08:03]cl_getDriver.py(127): click_Success->//*[@id="base_box"]/div/div[3]/form/button
[2021-03-17 08:08:05]cl_getDriver.py(127): click_Success->//*[@id="base_box"]/div/div[3]/form/button
[2021-03-17 08:08:05]cl_getDriver.py(72): Open NewTab->https://kabuoji3.com/stock/4406/2011/
[2021-03-17 08:08:06]cl_getDriver.py(127): click_Success->//*[@id="base_box"]/div/div[3]/form/button
[2021-03-17 08:08:06]cl_getDriver.py(72): Open NewTab->https://kabuoji3.com/stock/4409/2014/
[2021-03-17 08:08:07]cl_getDriver.py(127): click_Success->//*[@id="base_box"]/div/div[3]/form/button
[2021-03-17 08:08:08]cl_getDriver.py(127): click_Success->//*[@id="base_box"]/div/div[3]/form/button
[2021-03-17 08:08:10]cl_getDriver.py(127): click_Success->//*[@id="base_box"]/div/div[3]/form/button
[2021-03-17 08:08:10]cl_getDriver.py(127): click_Success->//*[@id="base_box"]/div/div[3]/form/button
[2021-03-17 08:08:10]cl_getDriver.py(72): Open NewTab->https://kabuoji3.com/stock/4406/2010/
[2021-03-17 08:08:10]cl_getDriver.py(72): Open NewTab->https://kabuoji3.com/stock/4409/2013/
[2021-03-17 08:08:11]cl_getDriver.py(127): click_Success->//*[@id="base_box"]/div/div[3]/form/button
[2021-03-17 08:08:12]cl_getDriver.py(127): click_Success->//*[@id="base_box"]/div/div[3]/form/button
[2021-03-17 08:08:14]cl_getDriver.py(127): click_Success->//*[@id="base_box"]/div/div[3]/form/button
[2021-03-17 08:08:14]cl_getDriver.py(127): click_Success->//*[@id="base_box"]/div/div[3]/form/button
[2021-03-17 08:08:14]cl_getDriver.py(72): Open NewTab->https://kabuoji3.com/stock/4406/2009/
[2021-03-17 08:08:14]cl_getDriver.py(72): Open NewTab->https://kabuoji3.com/stock/4409/2012/
[2021-03-17 08:08:18]cl_getDriver.py(127): click_Success->//*[@id="base_box"]/div/div[3]/form/button
[2021-03-17 08:08:18]cl_getDriver.py(127): click_Success->//*[@id="base_box"]/div/div[3]/form/button
[2021-03-17 08:08:20]cl_getDriver.py(127): click_Success->//*[@id="base_box"]/div/div[3]/form/button
[2021-03-17 08:08:20]cl_getDriver.py(127): click_Success->//*[@id="base_box"]/div/div[3]/form/button
[2021-03-17 08:08:21]cl_getDriver.py(72): Open NewTab->https://kabuoji3.com/stock/4409/2011/
[2021-03-17 08:08:21]cl_getDriver.py(72): Open NewTab->https://kabuoji3.com/stock/4406/2008/
[2021-03-17 08:08:22]cl_getDriver.py(127): click_Success->//*[@id="base_box"]/div/div[3]/form/button
[2021-03-17 08:08:22]cl_getDriver.py(127): click_Success->//*[@id="base_box"]/div/div[3]/form/button
[2021-03-17 08:08:24]cl_getDriver.py(127): click_Success->//*[@id="base_box"]/div/div[3]/form/button
[2021-03-17 08:08:24]cl_getDriver.py(127): click_Success->//*[@id="base_box"]/div/div[3]/form/button
[2021-03-17 08:08:25]cl_getDriver.py(72): Open NewTab->https://kabuoji3.com/stock/4406/2007/
[2021-03-17 08:08:25]cl_getDriver.py(72): Open NewTab->https://kabuoji3.com/stock/4409/2010/
[2021-03-17 08:08:26]cl_getDriver.py(127): click_Success->//*[@id="base_box"]/div/div[3]/form/button
[2021-03-17 08:08:26]cl_getDriver.py(127): click_Success->//*[@id="base_box"]/div/div[3]/form/button
[2021-03-17 08:08:29]cl_getDriver.py(127): click_Success->//*[@id="base_box"]/div/div[3]/form/button
[2021-03-17 08:08:29]cl_getDriver.py(127): click_Success->//*[@id="base_box"]/div/div[3]/form/button
[2021-03-17 08:08:29]cl_getDriver.py(72): Open NewTab->https://kabuoji3.com/stock/4409/2009/
[2021-03-17 08:08:29]cl_getDriver.py(72): Open NewTab->https://kabuoji3.com/stock/4406/2006/
[2021-03-17 08:08:30]cl_getDriver.py(127): click_Success->//*[@id="base_box"]/div/div[3]/form/button
[2021-03-17 08:08:31]cl_getDriver.py(127): click_Success->//*[@id="base_box"]/div/div[3]/form/button
[2021-03-17 08:08:33]cl_getDriver.py(127): click_Success->//*[@id="base_box"]/div/div[3]/form/button
[2021-03-17 08:08:33]cl_getDriver.py(127): click_Success->//*[@id="base_box"]/div/div[3]/form/button
[2021-03-17 08:08:33]cl_getDriver.py(72): Open NewTab->https://kabuoji3.com/stock/4409/2008/
[2021-03-17 08:08:33]cl_getDriver.py(72): Open NewTab->https://kabuoji3.com/stock/4406/2005/
[2021-03-17 08:08:35]cl_getDriver.py(127): click_Success->//*[@id="base_box"]/div/div[3]/form/button
[2021-03-17 08:08:35]cl_getDriver.py(127): click_Success->//*[@id="base_box"]/div/div[3]/form/button
[2021-03-17 08:08:37]cl_getDriver.py(127): click_Success->//*[@id="base_box"]/div/div[3]/form/button
[2021-03-17 08:08:37]cl_getDriver.py(127): click_Success->//*[@id="base_box"]/div/div[3]/form/button
[2021-03-17 08:08:38]cl_getDriver.py(72): Open NewTab->https://kabuoji3.com/stock/4409/2007/
[2021-03-17 08:08:38]cl_getDriver.py(72): Open NewTab->https://kabuoji3.com/stock/4406/2004/
[2021-03-17 08:08:39]cl_getDriver.py(127): click_Success->//*[@id="base_box"]/div/div[3]/form/button
[2021-03-17 08:08:39]cl_getDriver.py(127): click_Success->//*[@id="base_box"]/div/div[3]/form/button
[2021-03-17 08:08:41]cl_getDriver.py(127): click_Success->//*[@id="base_box"]/div/div[3]/form/button
[2021-03-17 08:08:42]cl_getDriver.py(127): click_Success->//*[@id="base_box"]/div/div[3]/form/button
[2021-03-17 08:08:42]cl_getDriver.py(72): Open NewTab->https://kabuoji3.com/stock/4406/2003/
[2021-03-17 08:08:42]cl_getDriver.py(72): Open NewTab->https://kabuoji3.com/stock/4409/2006/
[2021-03-17 08:08:43]cl_getDriver.py(127): click_Success->//*[@id="base_box"]/div/div[3]/form/button
[2021-03-17 08:08:43]cl_getDriver.py(127): click_Success->//*[@id="base_box"]/div/div[3]/form/button
[2021-03-17 08:08:46]cl_getDriver.py(127): click_Success->//*[@id="base_box"]/div/div[3]/form/button
[2021-03-17 08:08:46]cl_getDriver.py(127): click_Success->//*[@id="base_box"]/div/div[3]/form/button
[2021-03-17 08:08:46]cl_getDriver.py(72): Open NewTab->https://kabuoji3.com/stock/4409/2005/
[2021-03-17 08:08:46]cl_getDriver.py(72): Open NewTab->https://kabuoji3.com/stock/4406/2002/
[2021-03-17 08:08:48]cl_getDriver.py(127): click_Success->//*[@id="base_box"]/div/div[3]/form/button
[2021-03-17 08:08:48]cl_getDriver.py(127): click_Success->//*[@id="base_box"]/div/div[3]/form/button
[2021-03-17 08:08:50]cl_getDriver.py(127): click_Success->//*[@id="base_box"]/div/div[3]/form/button
[2021-03-17 08:08:50]cl_getDriver.py(127): click_Success->//*[@id="base_box"]/div/div[3]/form/button
[2021-03-17 08:08:50]cl_getDriver.py(72): Open NewTab->https://kabuoji3.com/stock/4406/2001/
[2021-03-17 08:08:51]cl_getDriver.py(72): Open NewTab->https://kabuoji3.com/stock/4409/2004/
[2021-03-17 08:08:52]cl_getDriver.py(127): click_Success->//*[@id="base_box"]/div/div[3]/form/button
[2021-03-17 08:08:52]cl_getDriver.py(127): click_Success->//*[@id="base_box"]/div/div[3]/form/button
[2021-03-17 08:08:54]cl_getDriver.py(127): click_Success->//*[@id="base_box"]/div/div[3]/form/button
[2021-03-17 08:08:54]cl_getDriver.py(127): click_Success->//*[@id="base_box"]/div/div[3]/form/button
[2021-03-17 08:08:55]cl_getDriver.py(72): Open NewTab->https://kabuoji3.com/stock/4406/2000/
[2021-03-17 08:08:55]cl_getDriver.py(72): Open NewTab->https://kabuoji3.com/stock/4409/2003/
[2021-03-17 08:08:56]cl_getDriver.py(127): click_Success->//*[@id="base_box"]/div/div[3]/form/button
[2021-03-17 08:08:56]cl_getDriver.py(127): click_Success->//*[@id="base_box"]/div/div[3]/form/button
[2021-03-17 08:08:58]cl_getDriver.py(127): click_Success->//*[@id="base_box"]/div/div[3]/form/button
[2021-03-17 08:08:58]cl_getDriver.py(127): click_Success->//*[@id="base_box"]/div/div[3]/form/button
[2021-03-17 08:08:59]cl_getDriver.py(72): Open NewTab->https://kabuoji3.com/stock/4406/1999/
[2021-03-17 08:08:59]cl_getDriver.py(72): Open NewTab->https://kabuoji3.com/stock/4409/2002/
[2021-03-17 08:09:00]cl_getDriver.py(127): click_Success->//*[@id="base_box"]/div/div[3]/form/button
[2021-03-17 08:09:00]cl_getDriver.py(127): click_Success->//*[@id="base_box"]/div/div[3]/form/button
[2021-03-17 08:09:03]cl_getDriver.py(127): click_Success->//*[@id="base_box"]/div/div[3]/form/button
[2021-03-17 08:09:03]cl_getDriver.py(127): click_Success->//*[@id="base_box"]/div/div[3]/form/button
[2021-03-17 08:09:03]cl_getDriver.py(72): Open NewTab->https://kabuoji3.com/stock/4406/1998/
[2021-03-17 08:09:03]cl_getDriver.py(72): Open NewTab->https://kabuoji3.com/stock/4409/2001/
[2021-03-17 08:09:05]cl_getDriver.py(127): click_Success->//*[@id="base_box"]/div/div[3]/form/button
[2021-03-17 08:09:05]cl_getDriver.py(127): click_Success->//*[@id="base_box"]/div/div[3]/form/button
[2021-03-17 08:09:07]cl_getDriver.py(127): click_Success->//*[@id="base_box"]/div/div[3]/form/button
[2021-03-17 08:09:07]cl_getDriver.py(127): click_Success->//*[@id="base_box"]/div/div[3]/form/button
[2021-03-17 08:09:08]cl_getDriver.py(72): Open NewTab->https://kabuoji3.com/stock/4406/1997/
[2021-03-17 08:09:08]cl_getDriver.py(72): Open NewTab->https://kabuoji3.com/stock/4409/2000/
[2021-03-17 08:09:09]cl_getDriver.py(127): click_Success->//*[@id="base_box"]/div/div[3]/form/button
[2021-03-17 08:09:09]cl_getDriver.py(127): click_Success->//*[@id="base_box"]/div/div[3]/form/button
[2021-03-17 08:09:11]cl_getDriver.py(127): click_Success->//*[@id="base_box"]/div/div[3]/form/button
[2021-03-17 08:09:11]cl_getDriver.py(127): click_Success->//*[@id="base_box"]/div/div[3]/form/button
[2021-03-17 08:09:12]cl_getDriver.py(72): Open NewTab->https://kabuoji3.com/stock/4406/1996/
[2021-03-17 08:09:12]cl_getDriver.py(72): Open NewTab->https://kabuoji3.com/stock/4409/1999/
[2021-03-17 08:09:13]cl_getDriver.py(127): click_Success->//*[@id="base_box"]/div/div[3]/form/button
[2021-03-17 08:09:13]cl_getDriver.py(127): click_Success->//*[@id="base_box"]/div/div[3]/form/button
[2021-03-17 08:09:16]cl_getDriver.py(127): click_Success->//*[@id="base_box"]/div/div[3]/form/button
[2021-03-17 08:09:16]cl_getDriver.py(127): click_Success->//*[@id="base_box"]/div/div[3]/form/button
[2021-03-17 08:09:16]cl_getDriver.py(72): Open NewTab->https://kabuoji3.com/stock/4409/1998/
[2021-03-17 08:09:16]cl_getDriver.py(72): Open NewTab->https://kabuoji3.com/stock/4406/1995/
[2021-03-17 08:09:18]cl_getDriver.py(127): click_Success->//*[@id="base_box"]/div/div[3]/form/button
[2021-03-17 08:09:18]cl_getDriver.py(127): click_Success->//*[@id="base_box"]/div/div[3]/form/button
[2021-03-17 08:09:20]cl_getDriver.py(127): click_Success->//*[@id="base_box"]/div/div[3]/form/button
[2021-03-17 08:09:20]cl_getDriver.py(127): click_Success->//*[@id="base_box"]/div/div[3]/form/button
[2021-03-17 08:09:21]cl_getDriver.py(72): Open NewTab->https://kabuoji3.com/stock/4406/1994/
[2021-03-17 08:09:21]cl_getDriver.py(72): Open NewTab->https://kabuoji3.com/stock/4409/1997/
[2021-03-17 08:09:22]cl_getDriver.py(127): click_Success->//*[@id="base_box"]/div/div[3]/form/button
[2021-03-17 08:09:22]cl_getDriver.py(127): click_Success->//*[@id="base_box"]/div/div[3]/form/button
[2021-03-17 08:09:24]cl_getDriver.py(127): click_Success->//*[@id="base_box"]/div/div[3]/form/button
[2021-03-17 08:09:24]cl_getDriver.py(127): click_Success->//*[@id="base_box"]/div/div[3]/form/button
[2021-03-17 08:09:25]cl_getDriver.py(72): Open NewTab->https://kabuoji3.com/stock/4409/1996/
[2021-03-17 08:09:25]cl_getDriver.py(72): Open NewTab->https://kabuoji3.com/stock/4406/1993/
[2021-03-17 08:09:26]cl_getDriver.py(127): click_Success->//*[@id="base_box"]/div/div[3]/form/button
[2021-03-17 08:09:26]cl_getDriver.py(127): click_Success->//*[@id="base_box"]/div/div[3]/form/button
[2021-03-17 08:09:28]cl_getDriver.py(127): click_Success->//*[@id="base_box"]/div/div[3]/form/button
[2021-03-17 08:09:29]cl_getDriver.py(127): click_Success->//*[@id="base_box"]/div/div[3]/form/button
[2021-03-17 08:09:29]cl_getDriver.py(72): Open NewTab->https://kabuoji3.com/stock/4406/1992/
[2021-03-17 08:09:29]cl_getDriver.py(72): Open NewTab->https://kabuoji3.com/stock/4409/1995/
[2021-03-17 08:09:30]cl_getDriver.py(127): click_Success->//*[@id="base_box"]/div/div[3]/form/button
[2021-03-17 08:09:31]cl_getDriver.py(127): click_Success->//*[@id="base_box"]/div/div[3]/form/button
[2021-03-17 08:09:33]cl_getDriver.py(127): click_Success->//*[@id="base_box"]/div/div[3]/form/button
[2021-03-17 08:09:33]cl_getDriver.py(72): Open NewTab->https://kabuoji3.com/stock/4409/1994/
[2021-03-17 08:09:34]cl_getDriver.py(127): click_Success->//*[@id="base_box"]/div/div[3]/form/button
[2021-03-17 08:09:34]cl_getDriver.py(127): click_Success->//*[@id="base_box"]/div/div[3]/form/button
[2021-03-17 08:09:34]cl_getDriver.py(72): Open NewTab->https://kabuoji3.com/stock/4406/1991/
[2021-03-17 08:09:35]cl_getDriver.py(127): click_Success->//*[@id="base_box"]/div/div[3]/form/button
[2021-03-17 08:09:36]cl_getDriver.py(127): click_Success->//*[@id="base_box"]/div/div[3]/form/button
[2021-03-17 08:09:37]cl_getDriver.py(72): Open NewTab->https://kabuoji3.com/stock/4409/1993/
[2021-03-17 08:09:37]cl_getDriver.py(127): click_Success->//*[@id="base_box"]/div/div[3]/form/button
[2021-03-17 08:09:38]cl_getDriver.py(127): click_Success->//*[@id="base_box"]/div/div[3]/form/button
[2021-03-17 08:09:38]cl_getDriver.py(72): Open NewTab->https://kabuoji3.com/stock/4406/1990/
[2021-03-17 08:09:39]cl_getDriver.py(127): click_Success->//*[@id="base_box"]/div/div[3]/form/button
[2021-03-17 08:09:40]cl_getDriver.py(127): click_Success->//*[@id="base_box"]/div/div[3]/form/button
[2021-03-17 08:09:41]cl_getDriver.py(72): Open NewTab->https://kabuoji3.com/stock/4409/1992/
[2021-03-17 08:09:41]cl_getDriver.py(127): click_Success->//*[@id="base_box"]/div/div[3]/form/button
[2021-03-17 08:09:42]cl_getDriver.py(127): click_Success->//*[@id="base_box"]/div/div[3]/form/button
[2021-03-17 08:09:42]cl_getDriver.py(72): Open NewTab->https://kabuoji3.com/stock/4406/1989/
[2021-03-17 08:09:43]cl_getDriver.py(127): click_Success->//*[@id="base_box"]/div/div[3]/form/button
[2021-03-17 08:09:44]cl_getDriver.py(127): click_Success->//*[@id="base_box"]/div/div[3]/form/button
[2021-03-17 08:09:44]cl_getDriver.py(72): Open NewTab->https://kabuoji3.com/stock/4409/1991/
[2021-03-17 08:09:45]cl_getDriver.py(127): click_Success->//*[@id="base_box"]/div/div[3]/form/button
[2021-03-17 08:09:45]cl_getDriver.py(72): Open NewTab->https://kabuoji3.com/stock/4406/1988/
[2021-03-17 08:09:46]cl_getDriver.py(127): click_Success->//*[@id="base_box"]/div/div[3]/form/button
[2021-03-17 08:09:46]cl_getDriver.py(127): click_Success->//*[@id="base_box"]/div/div[3]/form/button
[2021-03-17 08:09:48]cl_getDriver.py(127): click_Success->//*[@id="base_box"]/div/div[3]/form/button
[2021-03-17 08:09:48]cl_getDriver.py(72): Open NewTab->https://kabuoji3.com/stock/4409/1990/
[2021-03-17 08:09:49]cl_getDriver.py(127): click_Success->//*[@id="base_box"]/div/div[3]/form/button
[2021-03-17 08:09:49]cl_getDriver.py(72): Open NewTab->https://kabuoji3.com/stock/4406/1987/
[2021-03-17 08:09:49]cl_getDriver.py(127): click_Success->//*[@id="base_box"]/div/div[3]/form/button
[2021-03-17 08:09:50]cl_getDriver.py(127): click_Success->//*[@id="base_box"]/div/div[3]/form/button
[2021-03-17 08:09:52]cl_getDriver.py(127): click_Success->//*[@id="base_box"]/div/div[3]/form/button
[2021-03-17 08:09:52]cl_getDriver.py(72): Open NewTab->https://kabuoji3.com/stock/4409/1989/
[2021-03-17 08:09:53]cl_getDriver.py(127): click_Success->//*[@id="base_box"]/div/div[3]/form/button
[2021-03-17 08:09:53]cl_getDriver.py(72): Open NewTab->https://kabuoji3.com/stock/4406/1986/
[2021-03-17 08:09:53]cl_getDriver.py(127): click_Success->//*[@id="base_box"]/div/div[3]/form/button
[2021-03-17 08:09:54]cl_getDriver.py(127): click_Success->//*[@id="base_box"]/div/div[3]/form/button
[2021-03-17 08:09:56]cl_getDriver.py(127): click_Success->//*[@id="base_box"]/div/div[3]/form/button
[2021-03-17 08:09:56]cl_getDriver.py(72): Open NewTab->https://kabuoji3.com/stock/4409/1988/
[2021-03-17 08:09:56]cl_getDriver.py(127): click_Success->//*[@id="base_box"]/div/div[3]/form/button
[2021-03-17 08:09:57]cl_getDriver.py(72): Open NewTab->https://kabuoji3.com/stock/4406/1985/
[2021-03-17 08:09:58]cl_getDriver.py(127): click_Success->//*[@id="base_box"]/div/div[3]/form/button
[2021-03-17 08:09:58]cl_getDriver.py(127): click_Success->//*[@id="base_box"]/div/div[3]/form/button
[2021-03-17 08:10:00]cl_getDriver.py(127): click_Success->//*[@id="base_box"]/div/div[3]/form/button
[2021-03-17 08:10:00]cl_getDriver.py(72): Open NewTab->https://kabuoji3.com/stock/4409/1987/
[2021-03-17 08:10:00]cl_getDriver.py(127): click_Success->//*[@id="base_box"]/div/div[3]/form/button
[2021-03-17 08:10:01]cl_getDriver.py(72): Open NewTab->https://kabuoji3.com/stock/4406/1984/
[2021-03-17 08:10:02]cl_getDriver.py(127): click_Success->//*[@id="base_box"]/div/div[3]/form/button
[2021-03-17 08:10:02]cl_getDriver.py(127): click_Success->//*[@id="base_box"]/div/div[3]/form/button
[2021-03-17 08:10:04]cl_getDriver.py(127): click_Success->//*[@id="base_box"]/div/div[3]/form/button
[2021-03-17 08:10:04]cl_getDriver.py(127): click_Success->//*[@id="base_box"]/div/div[3]/form/button
[2021-03-17 08:10:05]cl_getDriver.py(72): Open NewTab->https://kabuoji3.com/stock/4409/1986/
[2021-03-17 08:10:05]cl_getDriver.py(72): Open NewTab->https://kabuoji3.com/stock/4406/1983/
[2021-03-17 08:10:06]cl_getDriver.py(127): click_Success->//*[@id="base_box"]/div/div[3]/form/button
[2021-03-17 08:10:06]cl_getDriver.py(127): click_Success->//*[@id="base_box"]/div/div[3]/form/button
[2021-03-17 08:10:08]cl_getDriver.py(127): click_Success->//*[@id="base_box"]/div/div[3]/form/button
[2021-03-17 08:10:09]cl_getDriver.py(127): click_Success->//*[@id="base_box"]/div/div[3]/form/button
[2021-03-17 08:10:09]cl_getDriver.py(72): Open NewTab->https://kabuoji3.com/stock/4409/1985/
[2021-03-17 08:10:10]cl_getDriver.py(127): click_Success->//*[@id="base_box"]/div/div[3]/form/button
[2021-03-17 08:10:12]cl_getDriver.py(127): click_Success->//*[@id="base_box"]/div/div[3]/form/button
[2021-03-17 08:10:12]cl_getDriver.py(72): Open NewTab->https://kabuoji3.com/stock/4409/1984/
[2021-03-17 08:10:13]main.py(42): finished Process->https://kabuoji3.com/stock/4406/
[2021-03-17 08:10:13]main.py(15): start_Process->https://kabuoji3.com/stock/4410/
[2021-03-17 08:10:13]cl_getDriver.py(127): click_Success->//*[@id="base_box"]/div/div[3]/form/button
[2021-03-17 08:10:16]cl_getDriver.py(127): click_Success->//*[@id="base_box"]/div/div[3]/form/button
[2021-03-17 08:10:16]cl_getDriver.py(72): Open NewTab->https://kabuoji3.com/stock/4409/1983/
[2021-03-17 08:10:17]cl_getDriver.py(127): click_Success->//*[@id="base_box"]/div/div[3]/form/button
[2021-03-17 08:10:18]cl_getDriver.py(64): getURL=https://kabuoji3.com/stock/4410/
[2021-03-17 08:10:18]cl_getDriver.py(72): Open NewTab->https://kabuoji3.com/stock/4410/
[2021-03-17 08:10:19]cl_getDriver.py(130): Not Found->//*[@id="base_box"]/div/div[3]/form/button
[2021-03-17 08:10:20]cl_getDriver.py(127): click_Success->//*[@id="base_box"]/div/div[3]/form/button
[2021-03-17 08:10:21]cl_getDriver.py(130): Not Found->//*[@id="base_box"]/div/div[3]/form/button
[2021-03-17 08:10:21]cl_getDriver.py(72): Open NewTab->https://kabuoji3.com/stock/4410/2021/
[2021-03-17 08:10:22]cl_getDriver.py(127): click_Success->//*[@id="base_box"]/div/div[3]/form/button
[2021-03-17 08:10:24]main.py(42): finished Process->https://kabuoji3.com/stock/4409/
[2021-03-17 08:10:24]main.py(15): start_Process->https://kabuoji3.com/stock/4452/
[2021-03-17 08:10:24]cl_getDriver.py(127): click_Success->//*[@id="base_box"]/div/div[3]/form/button
[2021-03-17 08:10:24]cl_getDriver.py(72): Open NewTab->https://kabuoji3.com/stock/4410/2020/
[2021-03-17 08:10:25]cl_getDriver.py(127): click_Success->//*[@id="base_box"]/div/div[3]/form/button
[2021-03-17 08:10:28]cl_getDriver.py(127): click_Success->//*[@id="base_box"]/div/div[3]/form/button
[2021-03-17 08:10:28]cl_getDriver.py(72): Open NewTab->https://kabuoji3.com/stock/4410/2019/
[2021-03-17 08:10:29]cl_getDriver.py(127): click_Success->//*[@id="base_box"]/div/div[3]/form/button
[2021-03-17 08:10:30]cl_getDriver.py(64): getURL=https://kabuoji3.com/stock/4452/
[2021-03-17 08:10:31]cl_getDriver.py(72): Open NewTab->https://kabuoji3.com/stock/4452/
[2021-03-17 08:10:32]cl_getDriver.py(130): Not Found->//*[@id="base_box"]/div/div[3]/form/button
[2021-03-17 08:10:32]cl_getDriver.py(127): click_Success->//*[@id="base_box"]/div/div[3]/form/button
[2021-03-17 08:10:32]cl_getDriver.py(72): Open NewTab->https://kabuoji3.com/stock/4410/2018/
[2021-03-17 08:10:33]cl_getDriver.py(127): click_Success->//*[@id="base_box"]/div/div[3]/form/button
[2021-03-17 08:10:34]cl_getDriver.py(130): Not Found->//*[@id="base_box"]/div/div[3]/form/button
[2021-03-17 08:10:34]cl_getDriver.py(72): Open NewTab->https://kabuoji3.com/stock/4452/2021/
[2021-03-17 08:10:35]cl_getDriver.py(127): click_Success->//*[@id="base_box"]/div/div[3]/form/button
[2021-03-17 08:10:35]cl_getDriver.py(127): click_Success->//*[@id="base_box"]/div/div[3]/form/button
[2021-03-17 08:10:36]cl_getDriver.py(72): Open NewTab->https://kabuoji3.com/stock/4410/2017/
[2021-03-17 08:10:37]cl_getDriver.py(127): click_Success->//*[@id="base_box"]/div/div[3]/form/button
[2021-03-17 08:10:37]cl_getDriver.py(127): click_Success->//*[@id="base_box"]/div/div[3]/form/button
[2021-03-17 08:10:37]cl_getDriver.py(72): Open NewTab->https://kabuoji3.com/stock/4452/2020/
[2021-03-17 08:10:38]cl_getDriver.py(127): click_Success->//*[@id="base_box"]/div/div[3]/form/button
[2021-03-17 08:10:39]cl_getDriver.py(127): click_Success->//*[@id="base_box"]/div/div[3]/form/button
[2021-03-17 08:10:40]cl_getDriver.py(72): Open NewTab->https://kabuoji3.com/stock/4410/2016/
[2021-03-17 08:10:41]cl_getDriver.py(127): click_Success->//*[@id="base_box"]/div/div[3]/form/button
[2021-03-17 08:10:41]cl_getDriver.py(127): click_Success->//*[@id="base_box"]/div/div[3]/form/button
[2021-03-17 08:10:41]cl_getDriver.py(72): Open NewTab->https://kabuoji3.com/stock/4452/2019/
[2021-03-17 08:10:42]cl_getDriver.py(127): click_Success->//*[@id="base_box"]/div/div[3]/form/button
[2021-03-17 08:10:43]cl_getDriver.py(127): click_Success->//*[@id="base_box"]/div/div[3]/form/button
[2021-03-17 08:10:43]cl_getDriver.py(72): Open NewTab->https://kabuoji3.com/stock/4410/2015/
[2021-03-17 08:10:44]cl_getDriver.py(127): click_Success->//*[@id="base_box"]/div/div[3]/form/button
[2021-03-17 08:10:45]cl_getDriver.py(127): click_Success->//*[@id="base_box"]/div/div[3]/form/button
[2021-03-17 08:10:45]cl_getDriver.py(72): Open NewTab->https://kabuoji3.com/stock/4452/2018/
[2021-03-17 08:10:46]cl_getDriver.py(127): click_Success->//*[@id="base_box"]/div/div[3]/form/button
[2021-03-17 08:10:47]cl_getDriver.py(127): click_Success->//*[@id="base_box"]/div/div[3]/form/button
[2021-03-17 08:10:47]cl_getDriver.py(72): Open NewTab->https://kabuoji3.com/stock/4410/2014/
[2021-03-17 08:10:48]cl_getDriver.py(127): click_Success->//*[@id="base_box"]/div/div[3]/form/button
[2021-03-17 08:10:48]cl_getDriver.py(127): click_Success->//*[@id="base_box"]/div/div[3]/form/button
[2021-03-17 08:10:48]cl_getDriver.py(72): Open NewTab->https://kabuoji3.com/stock/4452/2017/
[2021-03-17 08:10:49]cl_getDriver.py(127): click_Success->//*[@id="base_box"]/div/div[3]/form/button
[2021-03-17 08:10:50]cl_getDriver.py(127): click_Success->//*[@id="base_box"]/div/div[3]/form/button
[2021-03-17 08:10:51]cl_getDriver.py(72): Open NewTab->https://kabuoji3.com/stock/4410/2013/
[2021-03-17 08:10:52]cl_getDriver.py(127): click_Success->//*[@id="base_box"]/div/div[3]/form/button
[2021-03-17 08:10:52]cl_getDriver.py(127): click_Success->//*[@id="base_box"]/div/div[3]/form/button
[2021-03-17 08:10:52]cl_getDriver.py(72): Open NewTab->https://kabuoji3.com/stock/4452/2016/
[2021-03-17 08:10:53]cl_getDriver.py(127): click_Success->//*[@id="base_box"]/div/div[3]/form/button
[2021-03-17 08:10:54]cl_getDriver.py(127): click_Success->//*[@id="base_box"]/div/div[3]/form/button
[2021-03-17 08:10:54]cl_getDriver.py(72): Open NewTab->https://kabuoji3.com/stock/4410/2012/
[2021-03-17 08:10:55]cl_getDriver.py(127): click_Success->//*[@id="base_box"]/div/div[3]/form/button
[2021-03-17 08:10:55]cl_getDriver.py(127): click_Success->//*[@id="base_box"]/div/div[3]/form/button
[2021-03-17 08:10:56]cl_getDriver.py(72): Open NewTab->https://kabuoji3.com/stock/4452/2015/
[2021-03-17 08:10:57]cl_getDriver.py(127): click_Success->//*[@id="base_box"]/div/div[3]/form/button
[2021-03-17 08:10:58]cl_getDriver.py(127): click_Success->//*[@id="base_box"]/div/div[3]/form/button
[2021-03-17 08:10:58]cl_getDriver.py(72): Open NewTab->https://kabuoji3.com/stock/4410/2011/
[2021-03-17 08:10:59]cl_getDriver.py(127): click_Success->//*[@id="base_box"]/div/div[3]/form/button
[2021-03-17 08:10:59]cl_getDriver.py(127): click_Success->//*[@id="base_box"]/div/div[3]/form/button
[2021-03-17 08:10:59]cl_getDriver.py(72): Open NewTab->https://kabuoji3.com/stock/4452/2014/
[2021-03-17 08:11:00]cl_getDriver.py(127): click_Success->//*[@id="base_box"]/div/div[3]/form/button
[2021-03-17 08:11:01]cl_getDriver.py(127): click_Success->//*[@id="base_box"]/div/div[3]/form/button
[2021-03-17 08:11:02]cl_getDriver.py(72): Open NewTab->https://kabuoji3.com/stock/4410/2010/
[2021-03-17 08:11:03]cl_getDriver.py(127): click_Success->//*[@id="base_box"]/div/div[3]/form/button
[2021-03-17 08:11:03]cl_getDriver.py(127): click_Success->//*[@id="base_box"]/div/div[3]/form/button
[2021-03-17 08:11:03]cl_getDriver.py(72): Open NewTab->https://kabuoji3.com/stock/4452/2013/
[2021-03-17 08:11:04]cl_getDriver.py(127): click_Success->//*[@id="base_box"]/div/div[3]/form/button
[2021-03-17 08:11:05]cl_getDriver.py(127): click_Success->//*[@id="base_box"]/div/div[3]/form/button
[2021-03-17 08:11:05]cl_getDriver.py(72): Open NewTab->https://kabuoji3.com/stock/4410/2009/
[2021-03-17 08:11:06]cl_getDriver.py(127): click_Success->//*[@id="base_box"]/div/div[3]/form/button
[2021-03-17 08:11:06]cl_getDriver.py(127): click_Success->//*[@id="base_box"]/div/div[3]/form/button
[2021-03-17 08:11:07]cl_getDriver.py(72): Open NewTab->https://kabuoji3.com/stock/4452/2012/
[2021-03-17 08:11:08]cl_getDriver.py(127): click_Success->//*[@id="base_box"]/div/div[3]/form/button
[2021-03-17 08:11:08]cl_getDriver.py(127): click_Success->//*[@id="base_box"]/div/div[3]/form/button
[2021-03-17 08:11:09]cl_getDriver.py(72): Open NewTab->https://kabuoji3.com/stock/4410/2008/
[2021-03-17 08:11:10]cl_getDriver.py(127): click_Success->//*[@id="base_box"]/div/div[3]/form/button
[2021-03-17 08:11:10]cl_getDriver.py(127): click_Success->//*[@id="base_box"]/div/div[3]/form/button
[2021-03-17 08:11:10]cl_getDriver.py(72): Open NewTab->https://kabuoji3.com/stock/4452/2011/
[2021-03-17 08:11:12]cl_getDriver.py(127): click_Success->//*[@id="base_box"]/div/div[3]/form/button
[2021-03-17 08:11:12]cl_getDriver.py(127): click_Success->//*[@id="base_box"]/div/div[3]/form/button
[2021-03-17 08:11:13]cl_getDriver.py(72): Open NewTab->https://kabuoji3.com/stock/4410/2007/
[2021-03-17 08:11:13]cl_getDriver.py(127): click_Success->//*[@id="base_box"]/div/div[3]/form/button
[2021-03-17 08:11:14]cl_getDriver.py(127): click_Success->//*[@id="base_box"]/div/div[3]/form/button
[2021-03-17 08:11:14]cl_getDriver.py(72): Open NewTab->https://kabuoji3.com/stock/4452/2010/
[2021-03-17 08:11:15]cl_getDriver.py(127): click_Success->//*[@id="base_box"]/div/div[3]/form/button
[2021-03-17 08:11:16]cl_getDriver.py(127): click_Success->//*[@id="base_box"]/div/div[3]/form/button
[2021-03-17 08:11:16]cl_getDriver.py(72): Open NewTab->https://kabuoji3.com/stock/4410/2006/
[2021-03-17 08:11:17]cl_getDriver.py(127): click_Success->//*[@id="base_box"]/div/div[3]/form/button
[2021-03-17 08:11:18]cl_getDriver.py(127): click_Success->//*[@id="base_box"]/div/div[3]/form/button
[2021-03-17 08:11:18]cl_getDriver.py(72): Open NewTab->https://kabuoji3.com/stock/4452/2009/
[2021-03-17 08:11:19]cl_getDriver.py(127): click_Success->//*[@id="base_box"]/div/div[3]/form/button
[2021-03-17 08:11:20]cl_getDriver.py(127): click_Success->//*[@id="base_box"]/div/div[3]/form/button
[2021-03-17 08:11:20]cl_getDriver.py(72): Open NewTab->https://kabuoji3.com/stock/4410/2005/
[2021-03-17 08:11:21]cl_getDriver.py(127): click_Success->//*[@id="base_box"]/div/div[3]/form/button
[2021-03-17 08:11:21]cl_getDriver.py(127): click_Success->//*[@id="base_box"]/div/div[3]/form/button
[2021-03-17 08:11:22]cl_getDriver.py(72): Open NewTab->https://kabuoji3.com/stock/4452/2008/
[2021-03-17 08:11:23]cl_getDriver.py(127): click_Success->//*[@id="base_box"]/div/div[3]/form/button
[2021-03-17 08:11:23]cl_getDriver.py(127): click_Success->//*[@id="base_box"]/div/div[3]/form/button
[2021-03-17 08:11:24]cl_getDriver.py(72): Open NewTab->https://kabuoji3.com/stock/4410/2004/
[2021-03-17 08:11:24]cl_getDriver.py(127): click_Success->//*[@id="base_box"]/div/div[3]/form/button
[2021-03-17 08:11:25]cl_getDriver.py(127): click_Success->//*[@id="base_box"]/div/div[3]/form/button
[2021-03-17 08:11:25]cl_getDriver.py(72): Open NewTab->https://kabuoji3.com/stock/4452/2007/
[2021-03-17 08:11:26]cl_getDriver.py(127): click_Success->//*[@id="base_box"]/div/div[3]/form/button
[2021-03-17 08:11:27]cl_getDriver.py(127): click_Success->//*[@id="base_box"]/div/div[3]/form/button
[2021-03-17 08:11:27]cl_getDriver.py(72): Open NewTab->https://kabuoji3.com/stock/4410/2003/
[2021-03-17 08:11:28]cl_getDriver.py(127): click_Success->//*[@id="base_box"]/div/div[3]/form/button
[2021-03-17 08:11:29]cl_getDriver.py(127): click_Success->//*[@id="base_box"]/div/div[3]/form/button
[2021-03-17 08:11:29]cl_getDriver.py(72): Open NewTab->https://kabuoji3.com/stock/4452/2006/
[2021-03-17 08:11:30]cl_getDriver.py(127): click_Success->//*[@id="base_box"]/div/div[3]/form/button
[2021-03-17 08:11:30]cl_getDriver.py(127): click_Success->//*[@id="base_box"]/div/div[3]/form/button
[2021-03-17 08:11:31]cl_getDriver.py(72): Open NewTab->https://kabuoji3.com/stock/4410/2002/
[2021-03-17 08:11:32]cl_getDriver.py(127): click_Success->//*[@id="base_box"]/div/div[3]/form/button
[2021-03-17 08:11:32]cl_getDriver.py(127): click_Success->//*[@id="base_box"]/div/div[3]/form/button
[2021-03-17 08:11:33]cl_getDriver.py(72): Open NewTab->https://kabuoji3.com/stock/4452/2005/
[2021-03-17 08:11:34]cl_getDriver.py(127): click_Success->//*[@id="base_box"]/div/div[3]/form/button
[2021-03-17 08:11:34]cl_getDriver.py(127): click_Success->//*[@id="base_box"]/div/div[3]/form/button
[2021-03-17 08:11:34]cl_getDriver.py(72): Open NewTab->https://kabuoji3.com/stock/4410/2001/
[2021-03-17 08:11:35]cl_getDriver.py(127): click_Success->//*[@id="base_box"]/div/div[3]/form/button
[2021-03-17 08:11:36]cl_getDriver.py(127): click_Success->//*[@id="base_box"]/div/div[3]/form/button
[2021-03-17 08:11:36]cl_getDriver.py(72): Open NewTab->https://kabuoji3.com/stock/4452/2004/
[2021-03-17 08:11:37]cl_getDriver.py(127): click_Success->//*[@id="base_box"]/div/div[3]/form/button
[2021-03-17 08:11:38]cl_getDriver.py(127): click_Success->//*[@id="base_box"]/div/div[3]/form/button
[2021-03-17 08:11:38]cl_getDriver.py(72): Open NewTab->https://kabuoji3.com/stock/4410/2000/
[2021-03-17 08:11:39]cl_getDriver.py(127): click_Success->//*[@id="base_box"]/div/div[3]/form/button
[2021-03-17 08:11:40]cl_getDriver.py(127): click_Success->//*[@id="base_box"]/div/div[3]/form/button
[2021-03-17 08:11:40]cl_getDriver.py(72): Open NewTab->https://kabuoji3.com/stock/4452/2003/
[2021-03-17 08:11:41]cl_getDriver.py(127): click_Success->//*[@id="base_box"]/div/div[3]/form/button
[2021-03-17 08:11:41]cl_getDriver.py(127): click_Success->//*[@id="base_box"]/div/div[3]/form/button
[2021-03-17 08:11:42]cl_getDriver.py(72): Open NewTab->https://kabuoji3.com/stock/4410/1999/
[2021-03-17 08:11:43]cl_getDriver.py(127): click_Success->//*[@id="base_box"]/div/div[3]/form/button
[2021-03-17 08:11:43]cl_getDriver.py(127): click_Success->//*[@id="base_box"]/div/div[3]/form/button
[2021-03-17 08:11:44]cl_getDriver.py(72): Open NewTab->https://kabuoji3.com/stock/4452/2002/
[2021-03-17 08:11:45]cl_getDriver.py(127): click_Success->//*[@id="base_box"]/div/div[3]/form/button
[2021-03-17 08:11:45]cl_getDriver.py(127): click_Success->//*[@id="base_box"]/div/div[3]/form/button
[2021-03-17 08:11:45]cl_getDriver.py(72): Open NewTab->https://kabuoji3.com/stock/4410/1998/
[2021-03-17 08:11:46]cl_getDriver.py(127): click_Success->//*[@id="base_box"]/div/div[3]/form/button
[2021-03-17 08:11:47]cl_getDriver.py(127): click_Success->//*[@id="base_box"]/div/div[3]/form/button
[2021-03-17 08:11:47]cl_getDriver.py(72): Open NewTab->https://kabuoji3.com/stock/4452/2001/
[2021-03-17 08:11:48]cl_getDriver.py(127): click_Success->//*[@id="base_box"]/div/div[3]/form/button
[2021-03-17 08:11:48]cl_getDriver.py(127): click_Success->//*[@id="base_box"]/div/div[3]/form/button
[2021-03-17 08:11:49]cl_getDriver.py(72): Open NewTab->https://kabuoji3.com/stock/4410/1997/
[2021-03-17 08:11:50]cl_getDriver.py(127): click_Success->//*[@id="base_box"]/div/div[3]/form/button
[2021-03-17 08:11:50]cl_getDriver.py(127): click_Success->//*[@id="base_box"]/div/div[3]/form/button
[2021-03-17 08:11:51]cl_getDriver.py(72): Open NewTab->https://kabuoji3.com/stock/4452/2000/
[2021-03-17 08:11:52]cl_getDriver.py(127): click_Success->//*[@id="base_box"]/div/div[3]/form/button
[2021-03-17 08:11:52]cl_getDriver.py(127): click_Success->//*[@id="base_box"]/div/div[3]/form/button
[2021-03-17 08:11:52]cl_getDriver.py(72): Open NewTab->https://kabuoji3.com/stock/4410/1996/
[2021-03-17 08:11:53]cl_getDriver.py(127): click_Success->//*[@id="base_box"]/div/div[3]/form/button
[2021-03-17 08:11:54]cl_getDriver.py(127): click_Success->//*[@id="base_box"]/div/div[3]/form/button
[2021-03-17 08:11:54]cl_getDriver.py(72): Open NewTab->https://kabuoji3.com/stock/4452/1999/
[2021-03-17 08:11:55]cl_getDriver.py(127): click_Success->//*[@id="base_box"]/div/div[3]/form/button
[2021-03-17 08:11:56]cl_getDriver.py(127): click_Success->//*[@id="base_box"]/div/div[3]/form/button
[2021-03-17 08:11:56]cl_getDriver.py(72): Open NewTab->https://kabuoji3.com/stock/4410/1995/
[2021-03-17 08:11:57]cl_getDriver.py(127): click_Success->//*[@id="base_box"]/div/div[3]/form/button
[2021-03-17 08:11:58]cl_getDriver.py(127): click_Success->//*[@id="base_box"]/div/div[3]/form/button
[2021-03-17 08:11:58]cl_getDriver.py(72): Open NewTab->https://kabuoji3.com/stock/4452/1998/
[2021-03-17 08:11:59]cl_getDriver.py(127): click_Success->//*[@id="base_box"]/div/div[3]/form/button
[2021-03-17 08:11:59]cl_getDriver.py(127): click_Success->//*[@id="base_box"]/div/div[3]/form/button
[2021-03-17 08:11:59]cl_getDriver.py(72): Open NewTab->https://kabuoji3.com/stock/4410/1994/
[2021-03-17 08:12:01]cl_getDriver.py(127): click_Success->//*[@id="base_box"]/div/div[3]/form/button
[2021-03-17 08:12:01]cl_getDriver.py(127): click_Success->//*[@id="base_box"]/div/div[3]/form/button
[2021-03-17 08:12:01]cl_getDriver.py(72): Open NewTab->https://kabuoji3.com/stock/4452/1997/
[2021-03-17 08:12:02]cl_getDriver.py(127): click_Success->//*[@id="base_box"]/div/div[3]/form/button
[2021-03-17 08:12:03]cl_getDriver.py(127): click_Success->//*[@id="base_box"]/div/div[3]/form/button
[2021-03-17 08:12:03]cl_getDriver.py(72): Open NewTab->https://kabuoji3.com/stock/4410/1993/
[2021-03-17 08:12:04]cl_getDriver.py(127): click_Success->//*[@id="base_box"]/div/div[3]/form/button
[2021-03-17 08:12:05]cl_getDriver.py(127): click_Success->//*[@id="base_box"]/div/div[3]/form/button
[2021-03-17 08:12:05]cl_getDriver.py(72): Open NewTab->https://kabuoji3.com/stock/4452/1996/
[2021-03-17 08:12:06]cl_getDriver.py(127): click_Success->//*[@id="base_box"]/div/div[3]/form/button
[2021-03-17 08:12:06]cl_getDriver.py(127): click_Success->//*[@id="base_box"]/div/div[3]/form/button
[2021-03-17 08:12:07]cl_getDriver.py(72): Open NewTab->https://kabuoji3.com/stock/4410/1992/
[2021-03-17 08:12:08]cl_getDriver.py(127): click_Success->//*[@id="base_box"]/div/div[3]/form/button
[2021-03-17 08:12:08]cl_getDriver.py(127): click_Success->//*[@id="base_box"]/div/div[3]/form/button
[2021-03-17 08:12:09]cl_getDriver.py(72): Open NewTab->https://kabuoji3.com/stock/4452/1995/
[2021-03-17 08:12:10]cl_getDriver.py(127): click_Success->//*[@id="base_box"]/div/div[3]/form/button
[2021-03-17 08:12:10]cl_getDriver.py(127): click_Success->//*[@id="base_box"]/div/div[3]/form/button
[2021-03-17 08:12:10]cl_getDriver.py(72): Open NewTab->https://kabuoji3.com/stock/4410/1991/
[2021-03-17 08:12:11]cl_getDriver.py(127): click_Success->//*[@id="base_box"]/div/div[3]/form/button
[2021-03-17 08:12:12]cl_getDriver.py(127): click_Success->//*[@id="base_box"]/div/div[3]/form/button
[2021-03-17 08:12:12]cl_getDriver.py(72): Open NewTab->https://kabuoji3.com/stock/4452/1994/
[2021-03-17 08:12:13]cl_getDriver.py(127): click_Success->//*[@id="base_box"]/div/div[3]/form/button
[2021-03-17 08:12:14]cl_getDriver.py(127): click_Success->//*[@id="base_box"]/div/div[3]/form/button
[2021-03-17 08:12:14]cl_getDriver.py(72): Open NewTab->https://kabuoji3.com/stock/4410/1990/
[2021-03-17 08:12:15]cl_getDriver.py(127): click_Success->//*[@id="base_box"]/div/div[3]/form/button
[2021-03-17 08:12:15]cl_getDriver.py(127): click_Success->//*[@id="base_box"]/div/div[3]/form/button
[2021-03-17 08:12:16]cl_getDriver.py(72): Open NewTab->https://kabuoji3.com/stock/4452/1993/
[2021-03-17 08:12:17]cl_getDriver.py(127): click_Success->//*[@id="base_box"]/div/div[3]/form/button
[2021-03-17 08:12:17]cl_getDriver.py(127): click_Success->//*[@id="base_box"]/div/div[3]/form/button
[2021-03-17 08:12:18]cl_getDriver.py(72): Open NewTab->https://kabuoji3.com/stock/4410/1989/
[2021-03-17 08:12:19]cl_getDriver.py(127): click_Success->//*[@id="base_box"]/div/div[3]/form/button
[2021-03-17 08:12:19]cl_getDriver.py(127): click_Success->//*[@id="base_box"]/div/div[3]/form/button
[2021-03-17 08:12:19]cl_getDriver.py(72): Open NewTab->https://kabuoji3.com/stock/4452/1992/
[2021-03-17 08:12:20]cl_getDriver.py(127): click_Success->//*[@id="base_box"]/div/div[3]/form/button
[2021-03-17 08:12:21]cl_getDriver.py(127): click_Success->//*[@id="base_box"]/div/div[3]/form/button
[2021-03-17 08:12:23]cl_getDriver.py(127): click_Success->//*[@id="base_box"]/div/div[3]/form/button
[2021-03-17 08:12:23]cl_getDriver.py(72): Open NewTab->https://kabuoji3.com/stock/4452/1991/
[2021-03-17 08:12:24]cl_getDriver.py(127): click_Success->//*[@id="base_box"]/div/div[3]/form/button
[2021-03-17 08:12:25]main.py(42): finished Process->https://kabuoji3.com/stock/4410/
[2021-03-17 08:12:25]main.py(15): start_Process->https://kabuoji3.com/stock/4461/
[2021-03-17 08:12:26]cl_getDriver.py(127): click_Success->//*[@id="base_box"]/div/div[3]/form/button
[2021-03-17 08:12:26]cl_getDriver.py(72): Open NewTab->https://kabuoji3.com/stock/4452/1990/
[2021-03-17 08:12:28]cl_getDriver.py(127): click_Success->//*[@id="base_box"]/div/div[3]/form/button
[2021-03-17 08:12:30]cl_getDriver.py(127): click_Success->//*[@id="base_box"]/div/div[3]/form/button
[2021-03-17 08:12:31]cl_getDriver.py(72): Open NewTab->https://kabuoji3.com/stock/4452/1989/
[2021-03-17 08:12:31]cl_getDriver.py(64): getURL=https://kabuoji3.com/stock/4461/
[2021-03-17 08:12:32]cl_getDriver.py(72): Open NewTab->https://kabuoji3.com/stock/4461/
[2021-03-17 08:12:32]cl_getDriver.py(127): click_Success->//*[@id="base_box"]/div/div[3]/form/button
[2021-03-17 08:12:33]cl_getDriver.py(130): Not Found->//*[@id="base_box"]/div/div[3]/form/button
[2021-03-17 08:12:34]cl_getDriver.py(127): click_Success->//*[@id="base_box"]/div/div[3]/form/button
[2021-03-17 08:12:35]cl_getDriver.py(130): Not Found->//*[@id="base_box"]/div/div[3]/form/button
[2021-03-17 08:12:35]cl_getDriver.py(72): Open NewTab->https://kabuoji3.com/stock/4452/1988/
[2021-03-17 08:12:35]cl_getDriver.py(72): Open NewTab->https://kabuoji3.com/stock/4461/2021/
[2021-03-17 08:12:36]cl_getDriver.py(127): click_Success->//*[@id="base_box"]/div/div[3]/form/button
[2021-03-17 08:12:36]cl_getDriver.py(127): click_Success->//*[@id="base_box"]/div/div[3]/form/button
[2021-03-17 08:12:38]cl_getDriver.py(127): click_Success->//*[@id="base_box"]/div/div[3]/form/button
[2021-03-17 08:12:39]cl_getDriver.py(72): Open NewTab->https://kabuoji3.com/stock/4461/2020/
[2021-03-17 08:12:39]cl_getDriver.py(127): click_Success->//*[@id="base_box"]/div/div[3]/form/button
[2021-03-17 08:12:39]cl_getDriver.py(72): Open NewTab->https://kabuoji3.com/stock/4452/1987/
[2021-03-17 08:12:40]cl_getDriver.py(127): click_Success->//*[@id="base_box"]/div/div[3]/form/button
[2021-03-17 08:12:41]cl_getDriver.py(127): click_Success->//*[@id="base_box"]/div/div[3]/form/button
[2021-03-17 08:12:42]cl_getDriver.py(127): click_Success->//*[@id="base_box"]/div/div[3]/form/button
[2021-03-17 08:12:43]cl_getDriver.py(72): Open NewTab->https://kabuoji3.com/stock/4461/2019/
[2021-03-17 08:12:43]cl_getDriver.py(127): click_Success->//*[@id="base_box"]/div/div[3]/form/button
[2021-03-17 08:12:44]cl_getDriver.py(72): Open NewTab->https://kabuoji3.com/stock/4452/1986/
[2021-03-17 08:12:44]cl_getDriver.py(127): click_Success->//*[@id="base_box"]/div/div[3]/form/button
[2021-03-17 08:12:45]cl_getDriver.py(127): click_Success->//*[@id="base_box"]/div/div[3]/form/button
[2021-03-17 08:12:46]cl_getDriver.py(127): click_Success->//*[@id="base_box"]/div/div[3]/form/button
[2021-03-17 08:12:47]cl_getDriver.py(72): Open NewTab->https://kabuoji3.com/stock/4461/2018/
[2021-03-17 08:12:47]cl_getDriver.py(127): click_Success->//*[@id="base_box"]/div/div[3]/form/button
[2021-03-17 08:12:47]cl_getDriver.py(72): Open NewTab->https://kabuoji3.com/stock/4452/1985/
[2021-03-17 08:12:48]cl_getDriver.py(127): click_Success->//*[@id="base_box"]/div/div[3]/form/button
[2021-03-17 08:12:49]cl_getDriver.py(127): click_Success->//*[@id="base_box"]/div/div[3]/form/button
[2021-03-17 08:12:51]cl_getDriver.py(127): click_Success->//*[@id="base_box"]/div/div[3]/form/button
[2021-03-17 08:12:51]cl_getDriver.py(72): Open NewTab->https://kabuoji3.com/stock/4452/1984/
[2021-03-17 08:12:51]cl_getDriver.py(127): click_Success->//*[@id="base_box"]/div/div[3]/form/button
[2021-03-17 08:12:52]cl_getDriver.py(72): Open NewTab->https://kabuoji3.com/stock/4461/2017/
[2021-03-17 08:12:53]cl_getDriver.py(127): click_Success->//*[@id="base_box"]/div/div[3]/form/button
[2021-03-17 08:12:53]cl_getDriver.py(127): click_Success->//*[@id="base_box"]/div/div[3]/form/button
[2021-03-17 08:12:55]cl_getDriver.py(127): click_Success->//*[@id="base_box"]/div/div[3]/form/button
[2021-03-17 08:12:55]cl_getDriver.py(72): Open NewTab->https://kabuoji3.com/stock/4452/1983/
[2021-03-17 08:12:56]cl_getDriver.py(127): click_Success->//*[@id="base_box"]/div/div[3]/form/button
[2021-03-17 08:12:56]cl_getDriver.py(72): Open NewTab->https://kabuoji3.com/stock/4461/2016/
[2021-03-17 08:12:57]cl_getDriver.py(127): click_Success->//*[@id="base_box"]/div/div[3]/form/button
[2021-03-17 08:12:57]cl_getDriver.py(127): click_Success->//*[@id="base_box"]/div/div[3]/form/button
[2021-03-17 08:12:59]cl_getDriver.py(127): click_Success->//*[@id="base_box"]/div/div[3]/form/button
[2021-03-17 08:12:59]cl_getDriver.py(127): click_Success->//*[@id="base_box"]/div/div[3]/form/button
[2021-03-17 08:13:00]cl_getDriver.py(72): Open NewTab->https://kabuoji3.com/stock/4461/2015/
[2021-03-17 08:13:01]cl_getDriver.py(127): click_Success->//*[@id="base_box"]/div/div[3]/form/button
[2021-03-17 08:13:03]cl_getDriver.py(127): click_Success->//*[@id="base_box"]/div/div[3]/form/button
[2021-03-17 08:13:03]cl_getDriver.py(72): Open NewTab->https://kabuoji3.com/stock/4461/2014/
[2021-03-17 08:13:04]main.py(42): finished Process->https://kabuoji3.com/stock/4452/
[2021-03-17 08:13:04]main.py(15): start_Process->https://kabuoji3.com/stock/4462/
[2021-03-17 08:13:04]cl_getDriver.py(127): click_Success->//*[@id="base_box"]/div/div[3]/form/button
[2021-03-17 08:13:06]cl_getDriver.py(127): click_Success->//*[@id="base_box"]/div/div[3]/form/button
[2021-03-17 08:13:07]cl_getDriver.py(72): Open NewTab->https://kabuoji3.com/stock/4461/2013/
[2021-03-17 08:13:08]cl_getDriver.py(127): click_Success->//*[@id="base_box"]/div/div[3]/form/button
[2021-03-17 08:13:08]cl_getDriver.py(64): getURL=https://kabuoji3.com/stock/4462/
[2021-03-17 08:13:09]cl_getDriver.py(72): Open NewTab->https://kabuoji3.com/stock/4462/
[2021-03-17 08:13:09]cl_getDriver.py(130): Not Found->//*[@id="base_box"]/div/div[3]/form/button
[2021-03-17 08:13:10]cl_getDriver.py(127): click_Success->//*[@id="base_box"]/div/div[3]/form/button
[2021-03-17 08:13:10]cl_getDriver.py(72): Open NewTab->https://kabuoji3.com/stock/4461/2012/
[2021-03-17 08:13:11]cl_getDriver.py(130): Not Found->//*[@id="base_box"]/div/div[3]/form/button
[2021-03-17 08:13:11]cl_getDriver.py(127): click_Success->//*[@id="base_box"]/div/div[3]/form/button
[2021-03-17 08:13:12]cl_getDriver.py(72): Open NewTab->https://kabuoji3.com/stock/4462/2021/
[2021-03-17 08:13:12]cl_getDriver.py(127): click_Success->//*[@id="base_box"]/div/div[3]/form/button
[2021-03-17 08:13:14]cl_getDriver.py(127): click_Success->//*[@id="base_box"]/div/div[3]/form/button
[2021-03-17 08:13:14]cl_getDriver.py(72): Open NewTab->https://kabuoji3.com/stock/4461/2011/
[2021-03-17 08:13:15]cl_getDriver.py(127): click_Success->//*[@id="base_box"]/div/div[3]/form/button
[2021-03-17 08:13:15]cl_getDriver.py(72): Open NewTab->https://kabuoji3.com/stock/4462/2020/
[2021-03-17 08:13:16]cl_getDriver.py(127): click_Success->//*[@id="base_box"]/div/div[3]/form/button
[2021-03-17 08:13:17]cl_getDriver.py(127): click_Success->//*[@id="base_box"]/div/div[3]/form/button
[2021-03-17 08:13:18]cl_getDriver.py(127): click_Success->//*[@id="base_box"]/div/div[3]/form/button
[2021-03-17 08:13:19]cl_getDriver.py(72): Open NewTab->https://kabuoji3.com/stock/4461/2010/
[2021-03-17 08:13:19]cl_getDriver.py(127): click_Success->//*[@id="base_box"]/div/div[3]/form/button
[2021-03-17 08:13:20]cl_getDriver.py(72): Open NewTab->https://kabuoji3.com/stock/4462/2019/
[2021-03-17 08:13:20]cl_getDriver.py(127): click_Success->//*[@id="base_box"]/div/div[3]/form/button
[2021-03-17 08:13:21]cl_getDriver.py(127): click_Success->//*[@id="base_box"]/div/div[3]/form/button
[2021-03-17 08:13:23]cl_getDriver.py(127): click_Success->//*[@id="base_box"]/div/div[3]/form/button
[2021-03-17 08:13:23]cl_getDriver.py(72): Open NewTab->https://kabuoji3.com/stock/4461/2009/
[2021-03-17 08:13:23]cl_getDriver.py(127): click_Success->//*[@id="base_box"]/div/div[3]/form/button
[2021-03-17 08:13:24]cl_getDriver.py(72): Open NewTab->https://kabuoji3.com/stock/4462/2018/
[2021-03-17 08:13:25]cl_getDriver.py(127): click_Success->//*[@id="base_box"]/div/div[3]/form/button
[2021-03-17 08:13:25]cl_getDriver.py(127): click_Success->//*[@id="base_box"]/div/div[3]/form/button
[2021-03-17 08:13:27]cl_getDriver.py(127): click_Success->//*[@id="base_box"]/div/div[3]/form/button
[2021-03-17 08:13:27]cl_getDriver.py(127): click_Success->//*[@id="base_box"]/div/div[3]/form/button
[2021-03-17 08:13:27]cl_getDriver.py(72): Open NewTab->https://kabuoji3.com/stock/4461/2008/
[2021-03-17 08:13:28]cl_getDriver.py(72): Open NewTab->https://kabuoji3.com/stock/4462/2017/
[2021-03-17 08:13:29]cl_getDriver.py(127): click_Success->//*[@id="base_box"]/div/div[3]/form/button
[2021-03-17 08:13:29]cl_getDriver.py(127): click_Success->//*[@id="base_box"]/div/div[3]/form/button
[2021-03-17 08:13:31]cl_getDriver.py(127): click_Success->//*[@id="base_box"]/div/div[3]/form/button
[2021-03-17 08:13:31]cl_getDriver.py(72): Open NewTab->https://kabuoji3.com/stock/4461/2007/
[2021-03-17 08:13:31]cl_getDriver.py(127): click_Success->//*[@id="base_box"]/div/div[3]/form/button
[2021-03-17 08:13:32]cl_getDriver.py(72): Open NewTab->https://kabuoji3.com/stock/4462/2016/
[2021-03-17 08:13:33]cl_getDriver.py(127): click_Success->//*[@id="base_box"]/div/div[3]/form/button
[2021-03-17 08:13:33]cl_getDriver.py(127): click_Success->//*[@id="base_box"]/div/div[3]/form/button
[2021-03-17 08:13:35]cl_getDriver.py(127): click_Success->//*[@id="base_box"]/div/div[3]/form/button
[2021-03-17 08:13:35]cl_getDriver.py(127): click_Success->//*[@id="base_box"]/div/div[3]/form/button
[2021-03-17 08:13:36]cl_getDriver.py(72): Open NewTab->https://kabuoji3.com/stock/4461/2006/
[2021-03-17 08:13:36]cl_getDriver.py(72): Open NewTab->https://kabuoji3.com/stock/4462/2015/
[2021-03-17 08:13:37]cl_getDriver.py(127): click_Success->//*[@id="base_box"]/div/div[3]/form/button
[2021-03-17 08:13:37]cl_getDriver.py(127): click_Success->//*[@id="base_box"]/div/div[3]/form/button
[2021-03-17 08:13:40]cl_getDriver.py(127): click_Success->//*[@id="base_box"]/div/div[3]/form/button
[2021-03-17 08:13:40]cl_getDriver.py(127): click_Success->//*[@id="base_box"]/div/div[3]/form/button
[2021-03-17 08:13:40]cl_getDriver.py(72): Open NewTab->https://kabuoji3.com/stock/4462/2014/
[2021-03-17 08:13:40]cl_getDriver.py(72): Open NewTab->https://kabuoji3.com/stock/4461/2005/
[2021-03-17 08:13:41]cl_getDriver.py(127): click_Success->//*[@id="base_box"]/div/div[3]/form/button
[2021-03-17 08:13:42]cl_getDriver.py(127): click_Success->//*[@id="base_box"]/div/div[3]/form/button
[2021-03-17 08:13:44]cl_getDriver.py(127): click_Success->//*[@id="base_box"]/div/div[3]/form/button
[2021-03-17 08:13:44]cl_getDriver.py(72): Open NewTab->https://kabuoji3.com/stock/4462/2013/
[2021-03-17 08:13:45]cl_getDriver.py(127): click_Success->//*[@id="base_box"]/div/div[3]/form/button
[2021-03-17 08:13:45]cl_getDriver.py(127): click_Success->//*[@id="base_box"]/div/div[3]/form/button
[2021-03-17 08:13:45]cl_getDriver.py(72): Open NewTab->https://kabuoji3.com/stock/4461/2004/
[2021-03-17 08:13:46]cl_getDriver.py(127): click_Success->//*[@id="base_box"]/div/div[3]/form/button
[2021-03-17 08:13:47]cl_getDriver.py(127): click_Success->//*[@id="base_box"]/div/div[3]/form/button
[2021-03-17 08:13:48]cl_getDriver.py(72): Open NewTab->https://kabuoji3.com/stock/4462/2012/
[2021-03-17 08:13:48]cl_getDriver.py(127): click_Success->//*[@id="base_box"]/div/div[3]/form/button
[2021-03-17 08:13:49]cl_getDriver.py(127): click_Success->//*[@id="base_box"]/div/div[3]/form/button
[2021-03-17 08:13:49]cl_getDriver.py(72): Open NewTab->https://kabuoji3.com/stock/4461/2003/
[2021-03-17 08:13:50]cl_getDriver.py(127): click_Success->//*[@id="base_box"]/div/div[3]/form/button
[2021-03-17 08:13:51]cl_getDriver.py(127): click_Success->//*[@id="base_box"]/div/div[3]/form/button
[2021-03-17 08:13:52]cl_getDriver.py(72): Open NewTab->https://kabuoji3.com/stock/4462/2011/
[2021-03-17 08:13:53]cl_getDriver.py(127): click_Success->//*[@id="base_box"]/div/div[3]/form/button
[2021-03-17 08:13:53]cl_getDriver.py(127): click_Success->//*[@id="base_box"]/div/div[3]/form/button
[2021-03-17 08:13:53]cl_getDriver.py(72): Open NewTab->https://kabuoji3.com/stock/4461/2002/
[2021-03-17 08:13:54]cl_getDriver.py(127): click_Success->//*[@id="base_box"]/div/div[3]/form/button
[2021-03-17 08:13:55]cl_getDriver.py(127): click_Success->//*[@id="base_box"]/div/div[3]/form/button
[2021-03-17 08:13:56]cl_getDriver.py(127): click_Success->//*[@id="base_box"]/div/div[3]/form/button
[2021-03-17 08:13:57]cl_getDriver.py(72): Open NewTab->https://kabuoji3.com/stock/4461/2001/
[2021-03-17 08:13:58]cl_getDriver.py(127): click_Success->//*[@id="base_box"]/div/div[3]/form/button
[2021-03-17 08:13:59]main.py(42): finished Process->https://kabuoji3.com/stock/4462/
[2021-03-17 08:13:59]main.py(15): start_Process->https://kabuoji3.com/stock/4463/
[2021-03-17 08:14:00]cl_getDriver.py(127): click_Success->//*[@id="base_box"]/div/div[3]/form/button
[2021-03-17 08:14:00]cl_getDriver.py(72): Open NewTab->https://kabuoji3.com/stock/4461/2000/
[2021-03-17 08:14:05]cl_getDriver.py(64): getURL=https://kabuoji3.com/stock/4463/
[2021-03-17 08:14:06]cl_getDriver.py(72): Open NewTab->https://kabuoji3.com/stock/4463/
[2021-03-17 08:14:06]cl_getDriver.py(127): click_Success->//*[@id="base_box"]/div/div[3]/form/button
[2021-03-17 08:14:07]cl_getDriver.py(130): Not Found->//*[@id="base_box"]/div/div[3]/form/button
[2021-03-17 08:14:09]cl_getDriver.py(127): click_Success->//*[@id="base_box"]/div/div[3]/form/button
[2021-03-17 08:14:09]cl_getDriver.py(130): Not Found->//*[@id="base_box"]/div/div[3]/form/button
[2021-03-17 08:14:09]cl_getDriver.py(72): Open NewTab->https://kabuoji3.com/stock/4463/2021/
[2021-03-17 08:14:09]cl_getDriver.py(72): Open NewTab->https://kabuoji3.com/stock/4461/1999/
[2021-03-17 08:14:10]cl_getDriver.py(127): click_Success->//*[@id="base_box"]/div/div[3]/form/button
[2021-03-17 08:14:10]cl_getDriver.py(127): click_Success->//*[@id="base_box"]/div/div[3]/form/button
[2021-03-17 08:14:13]cl_getDriver.py(127): click_Success->//*[@id="base_box"]/div/div[3]/form/button
[2021-03-17 08:14:13]cl_getDriver.py(127): click_Success->//*[@id="base_box"]/div/div[3]/form/button
[2021-03-17 08:14:13]cl_getDriver.py(72): Open NewTab->https://kabuoji3.com/stock/4463/2020/
[2021-03-17 08:14:13]cl_getDriver.py(72): Open NewTab->https://kabuoji3.com/stock/4461/1998/
[2021-03-17 08:14:15]cl_getDriver.py(127): click_Success->//*[@id="base_box"]/div/div[3]/form/button
[2021-03-17 08:14:15]cl_getDriver.py(127): click_Success->//*[@id="base_box"]/div/div[3]/form/button
[2021-03-17 08:14:17]cl_getDriver.py(127): click_Success->//*[@id="base_box"]/div/div[3]/form/button
[2021-03-17 08:14:17]cl_getDriver.py(127): click_Success->//*[@id="base_box"]/div/div[3]/form/button
[2021-03-17 08:14:18]cl_getDriver.py(72): Open NewTab->https://kabuoji3.com/stock/4461/1997/
[2021-03-17 08:14:18]cl_getDriver.py(72): Open NewTab->https://kabuoji3.com/stock/4463/2019/
[2021-03-17 08:14:19]cl_getDriver.py(127): click_Success->//*[@id="base_box"]/div/div[3]/form/button
[2021-03-17 08:14:19]cl_getDriver.py(127): click_Success->//*[@id="base_box"]/div/div[3]/form/button
[2021-03-17 08:14:21]cl_getDriver.py(127): click_Success->//*[@id="base_box"]/div/div[3]/form/button
[2021-03-17 08:14:21]cl_getDriver.py(127): click_Success->//*[@id="base_box"]/div/div[3]/form/button
[2021-03-17 08:14:22]cl_getDriver.py(72): Open NewTab->https://kabuoji3.com/stock/4461/1996/
[2021-03-17 08:14:22]cl_getDriver.py(72): Open NewTab->https://kabuoji3.com/stock/4463/2018/
[2021-03-17 08:14:23]cl_getDriver.py(127): click_Success->//*[@id="base_box"]/div/div[3]/form/button
[2021-03-17 08:14:23]cl_getDriver.py(127): click_Success->//*[@id="base_box"]/div/div[3]/form/button
[2021-03-17 08:14:25]cl_getDriver.py(127): click_Success->//*[@id="base_box"]/div/div[3]/form/button
[2021-03-17 08:14:25]cl_getDriver.py(127): click_Success->//*[@id="base_box"]/div/div[3]/form/button
[2021-03-17 08:14:26]cl_getDriver.py(72): Open NewTab->https://kabuoji3.com/stock/4463/2017/
[2021-03-17 08:14:26]cl_getDriver.py(72): Open NewTab->https://kabuoji3.com/stock/4461/1995/
[2021-03-17 08:14:27]cl_getDriver.py(127): click_Success->//*[@id="base_box"]/div/div[3]/form/button
[2021-03-17 08:14:27]cl_getDriver.py(127): click_Success->//*[@id="base_box"]/div/div[3]/form/button
[2021-03-17 08:14:30]cl_getDriver.py(127): click_Success->//*[@id="base_box"]/div/div[3]/form/button
[2021-03-17 08:14:30]cl_getDriver.py(127): click_Success->//*[@id="base_box"]/div/div[3]/form/button
[2021-03-17 08:14:30]cl_getDriver.py(72): Open NewTab->https://kabuoji3.com/stock/4463/2016/
[2021-03-17 08:14:30]cl_getDriver.py(72): Open NewTab->https://kabuoji3.com/stock/4461/1994/
[2021-03-17 08:14:32]cl_getDriver.py(127): click_Success->//*[@id="base_box"]/div/div[3]/form/button
[2021-03-17 08:14:32]cl_getDriver.py(127): click_Success->//*[@id="base_box"]/div/div[3]/form/button
[2021-03-17 08:14:34]cl_getDriver.py(127): click_Success->//*[@id="base_box"]/div/div[3]/form/button
[2021-03-17 08:14:34]cl_getDriver.py(127): click_Success->//*[@id="base_box"]/div/div[3]/form/button
[2021-03-17 08:14:35]cl_getDriver.py(72): Open NewTab->https://kabuoji3.com/stock/4463/2015/
[2021-03-17 08:14:35]cl_getDriver.py(72): Open NewTab->https://kabuoji3.com/stock/4461/1993/
[2021-03-17 08:14:36]cl_getDriver.py(127): click_Success->//*[@id="base_box"]/div/div[3]/form/button
[2021-03-17 08:14:36]cl_getDriver.py(127): click_Success->//*[@id="base_box"]/div/div[3]/form/button
[2021-03-17 08:14:38]cl_getDriver.py(127): click_Success->//*[@id="base_box"]/div/div[3]/form/button
[2021-03-17 08:14:38]cl_getDriver.py(127): click_Success->//*[@id="base_box"]/div/div[3]/form/button
[2021-03-17 08:14:39]cl_getDriver.py(72): Open NewTab->https://kabuoji3.com/stock/4461/1992/
[2021-03-17 08:14:40]cl_getDriver.py(127): click_Success->//*[@id="base_box"]/div/div[3]/form/button
[2021-03-17 08:14:42]cl_getDriver.py(127): click_Success->//*[@id="base_box"]/div/div[3]/form/button
[2021-03-17 08:14:42]main.py(42): finished Process->https://kabuoji3.com/stock/4463/
[2021-03-17 08:14:42]main.py(15): start_Process->https://kabuoji3.com/stock/4464/
[2021-03-17 08:14:42]cl_getDriver.py(72): Open NewTab->https://kabuoji3.com/stock/4461/1991/
[2021-03-17 08:14:43]cl_getDriver.py(127): click_Success->//*[@id="base_box"]/div/div[3]/form/button
[2021-03-17 08:14:46]cl_getDriver.py(127): click_Success->//*[@id="base_box"]/div/div[3]/form/button
[2021-03-17 08:14:46]cl_getDriver.py(72): Open NewTab->https://kabuoji3.com/stock/4461/1990/
[2021-03-17 08:14:47]cl_getDriver.py(127): click_Success->//*[@id="base_box"]/div/div[3]/form/button
[2021-03-17 08:14:47]cl_getDriver.py(64): getURL=https://kabuoji3.com/stock/4464/
[2021-03-17 08:14:48]cl_getDriver.py(72): Open NewTab->https://kabuoji3.com/stock/4464/
[2021-03-17 08:14:48]cl_getDriver.py(130): Not Found->//*[@id="base_box"]/div/div[3]/form/button
[2021-03-17 08:14:49]cl_getDriver.py(127): click_Success->//*[@id="base_box"]/div/div[3]/form/button
[2021-03-17 08:14:50]cl_getDriver.py(72): Open NewTab->https://kabuoji3.com/stock/4461/1989/
[2021-03-17 08:14:50]cl_getDriver.py(130): Not Found->//*[@id="base_box"]/div/div[3]/form/button
[2021-03-17 08:14:51]cl_getDriver.py(72): Open NewTab->https://kabuoji3.com/stock/4464/2021/
[2021-03-17 08:14:51]cl_getDriver.py(127): click_Success->//*[@id="base_box"]/div/div[3]/form/button
[2021-03-17 08:14:52]cl_getDriver.py(127): click_Success->//*[@id="base_box"]/div/div[3]/form/button
[2021-03-17 08:14:53]cl_getDriver.py(127): click_Success->//*[@id="base_box"]/div/div[3]/form/button
[2021-03-17 08:14:53]cl_getDriver.py(72): Open NewTab->https://kabuoji3.com/stock/4461/1988/
[2021-03-17 08:14:54]cl_getDriver.py(127): click_Success->//*[@id="base_box"]/div/div[3]/form/button
[2021-03-17 08:14:54]cl_getDriver.py(72): Open NewTab->https://kabuoji3.com/stock/4464/2020/
[2021-03-17 08:14:55]cl_getDriver.py(127): click_Success->//*[@id="base_box"]/div/div[3]/form/button
[2021-03-17 08:14:56]cl_getDriver.py(127): click_Success->//*[@id="base_box"]/div/div[3]/form/button
[2021-03-17 08:14:57]cl_getDriver.py(127): click_Success->//*[@id="base_box"]/div/div[3]/form/button
[2021-03-17 08:14:57]cl_getDriver.py(72): Open NewTab->https://kabuoji3.com/stock/4461/1987/
[2021-03-17 08:14:58]cl_getDriver.py(127): click_Success->//*[@id="base_box"]/div/div[3]/form/button
[2021-03-17 08:14:58]cl_getDriver.py(72): Open NewTab->https://kabuoji3.com/stock/4464/2019/
[2021-03-17 08:14:59]cl_getDriver.py(127): click_Success->//*[@id="base_box"]/div/div[3]/form/button
[2021-03-17 08:15:01]cl_getDriver.py(127): click_Success->//*[@id="base_box"]/div/div[3]/form/button
[2021-03-17 08:15:01]cl_getDriver.py(127): click_Success->//*[@id="base_box"]/div/div[3]/form/button
[2021-03-17 08:15:01]cl_getDriver.py(72): Open NewTab->https://kabuoji3.com/stock/4461/1986/
[2021-03-17 08:15:02]cl_getDriver.py(127): click_Success->//*[@id="base_box"]/div/div[3]/form/button
[2021-03-17 08:15:03]cl_getDriver.py(127): click_Success->//*[@id="base_box"]/div/div[3]/form/button
[2021-03-17 08:15:03]cl_getDriver.py(72): Open NewTab->https://kabuoji3.com/stock/4464/2018/
[2021-03-17 08:15:04]cl_getDriver.py(127): click_Success->//*[@id="base_box"]/div/div[3]/form/button
[2021-03-17 08:15:05]cl_getDriver.py(127): click_Success->//*[@id="base_box"]/div/div[3]/form/button
[2021-03-17 08:15:05]cl_getDriver.py(72): Open NewTab->https://kabuoji3.com/stock/4461/1985/
[2021-03-17 08:15:06]cl_getDriver.py(127): click_Success->//*[@id="base_box"]/div/div[3]/form/button
[2021-03-17 08:15:06]cl_getDriver.py(127): click_Success->//*[@id="base_box"]/div/div[3]/form/button
[2021-03-17 08:15:07]cl_getDriver.py(72): Open NewTab->https://kabuoji3.com/stock/4464/2017/
[2021-03-17 08:15:07]cl_getDriver.py(127): click_Success->//*[@id="base_box"]/div/div[3]/form/button
[2021-03-17 08:15:08]cl_getDriver.py(127): click_Success->//*[@id="base_box"]/div/div[3]/form/button
[2021-03-17 08:15:09]cl_getDriver.py(72): Open NewTab->https://kabuoji3.com/stock/4461/1984/
[2021-03-17 08:15:10]cl_getDriver.py(127): click_Success->//*[@id="base_box"]/div/div[3]/form/button
[2021-03-17 08:15:10]cl_getDriver.py(127): click_Success->//*[@id="base_box"]/div/div[3]/form/button
[2021-03-17 08:15:10]cl_getDriver.py(72): Open NewTab->https://kabuoji3.com/stock/4464/2016/
[2021-03-17 08:15:11]cl_getDriver.py(127): click_Success->//*[@id="base_box"]/div/div[3]/form/button
[2021-03-17 08:15:12]cl_getDriver.py(127): click_Success->//*[@id="base_box"]/div/div[3]/form/button
[2021-03-17 08:15:12]cl_getDriver.py(72): Open NewTab->https://kabuoji3.com/stock/4461/1983/
[2021-03-17 08:15:13]cl_getDriver.py(127): click_Success->//*[@id="base_box"]/div/div[3]/form/button
[2021-03-17 08:15:13]cl_getDriver.py(127): click_Success->//*[@id="base_box"]/div/div[3]/form/button
[2021-03-17 08:15:14]cl_getDriver.py(72): Open NewTab->https://kabuoji3.com/stock/4464/2015/
[2021-03-17 08:15:15]cl_getDriver.py(127): click_Success->//*[@id="base_box"]/div/div[3]/form/button
[2021-03-17 08:15:15]cl_getDriver.py(127): click_Success->//*[@id="base_box"]/div/div[3]/form/button
[2021-03-17 08:15:17]cl_getDriver.py(127): click_Success->//*[@id="base_box"]/div/div[3]/form/button
[2021-03-17 08:15:17]cl_getDriver.py(72): Open NewTab->https://kabuoji3.com/stock/4464/2014/
[2021-03-17 08:15:18]cl_getDriver.py(127): click_Success->//*[@id="base_box"]/div/div[3]/form/button
[2021-03-17 08:15:20]main.py(42): finished Process->https://kabuoji3.com/stock/4461/
[2021-03-17 08:15:20]main.py(15): start_Process->https://kabuoji3.com/stock/4465/
[2021-03-17 08:15:20]cl_getDriver.py(127): click_Success->//*[@id="base_box"]/div/div[3]/form/button
[2021-03-17 08:15:21]cl_getDriver.py(72): Open NewTab->https://kabuoji3.com/stock/4464/2013/
[2021-03-17 08:15:22]cl_getDriver.py(127): click_Success->//*[@id="base_box"]/div/div[3]/form/button
[2021-03-17 08:15:25]cl_getDriver.py(127): click_Success->//*[@id="base_box"]/div/div[3]/form/button
[2021-03-17 08:15:25]cl_getDriver.py(72): Open NewTab->https://kabuoji3.com/stock/4464/2012/
[2021-03-17 08:15:25]cl_getDriver.py(64): getURL=https://kabuoji3.com/stock/4465/
[2021-03-17 08:15:26]cl_getDriver.py(72): Open NewTab->https://kabuoji3.com/stock/4465/
[2021-03-17 08:15:26]cl_getDriver.py(127): click_Success->//*[@id="base_box"]/div/div[3]/form/button
[2021-03-17 08:15:27]cl_getDriver.py(130): Not Found->//*[@id="base_box"]/div/div[3]/form/button
[2021-03-17 08:15:29]cl_getDriver.py(130): Not Found->//*[@id="base_box"]/div/div[3]/form/button
[2021-03-17 08:15:29]cl_getDriver.py(127): click_Success->//*[@id="base_box"]/div/div[3]/form/button
[2021-03-17 08:15:29]cl_getDriver.py(72): Open NewTab->https://kabuoji3.com/stock/4465/2021/
[2021-03-17 08:15:29]cl_getDriver.py(72): Open NewTab->https://kabuoji3.com/stock/4464/2011/
[2021-03-17 08:15:31]cl_getDriver.py(127): click_Success->//*[@id="base_box"]/div/div[3]/form/button
[2021-03-17 08:15:31]cl_getDriver.py(127): click_Success->//*[@id="base_box"]/div/div[3]/form/button
[2021-03-17 08:15:33]cl_getDriver.py(127): click_Success->//*[@id="base_box"]/div/div[3]/form/button
[2021-03-17 08:15:33]cl_getDriver.py(127): click_Success->//*[@id="base_box"]/div/div[3]/form/button
[2021-03-17 08:15:34]cl_getDriver.py(72): Open NewTab->https://kabuoji3.com/stock/4464/2010/
[2021-03-17 08:15:34]cl_getDriver.py(72): Open NewTab->https://kabuoji3.com/stock/4465/2020/
[2021-03-17 08:15:36]cl_getDriver.py(127): click_Success->//*[@id="base_box"]/div/div[3]/form/button
[2021-03-17 08:15:36]cl_getDriver.py(127): click_Success->//*[@id="base_box"]/div/div[3]/form/button
[2021-03-17 08:15:38]cl_getDriver.py(127): click_Success->//*[@id="base_box"]/div/div[3]/form/button
[2021-03-17 08:15:38]cl_getDriver.py(127): click_Success->//*[@id="base_box"]/div/div[3]/form/button
[2021-03-17 08:15:39]cl_getDriver.py(72): Open NewTab->https://kabuoji3.com/stock/4465/2019/
[2021-03-17 08:15:39]cl_getDriver.py(72): Open NewTab->https://kabuoji3.com/stock/4464/2009/
[2021-03-17 08:15:40]cl_getDriver.py(127): click_Success->//*[@id="base_box"]/div/div[3]/form/button
[2021-03-17 08:15:40]cl_getDriver.py(127): click_Success->//*[@id="base_box"]/div/div[3]/form/button
[2021-03-17 08:15:42]cl_getDriver.py(127): click_Success->//*[@id="base_box"]/div/div[3]/form/button
[2021-03-17 08:15:42]cl_getDriver.py(127): click_Success->//*[@id="base_box"]/div/div[3]/form/button
[2021-03-17 08:15:43]cl_getDriver.py(72): Open NewTab->https://kabuoji3.com/stock/4465/2018/
[2021-03-17 08:15:43]cl_getDriver.py(72): Open NewTab->https://kabuoji3.com/stock/4464/2008/
[2021-03-17 08:15:44]cl_getDriver.py(127): click_Success->//*[@id="base_box"]/div/div[3]/form/button
[2021-03-17 08:15:44]cl_getDriver.py(127): click_Success->//*[@id="base_box"]/div/div[3]/form/button
[2021-03-17 08:15:47]cl_getDriver.py(127): click_Success->//*[@id="base_box"]/div/div[3]/form/button
[2021-03-17 08:15:47]cl_getDriver.py(127): click_Success->//*[@id="base_box"]/div/div[3]/form/button
[2021-03-17 08:15:47]cl_getDriver.py(72): Open NewTab->https://kabuoji3.com/stock/4465/2017/
[2021-03-17 08:15:47]cl_getDriver.py(72): Open NewTab->https://kabuoji3.com/stock/4464/2007/
[2021-03-17 08:15:49]cl_getDriver.py(127): click_Success->//*[@id="base_box"]/div/div[3]/form/button
[2021-03-17 08:15:49]cl_getDriver.py(127): click_Success->//*[@id="base_box"]/div/div[3]/form/button
[2021-03-17 08:15:51]cl_getDriver.py(127): click_Success->//*[@id="base_box"]/div/div[3]/form/button
[2021-03-17 08:15:51]cl_getDriver.py(127): click_Success->//*[@id="base_box"]/div/div[3]/form/button
[2021-03-17 08:15:52]cl_getDriver.py(72): Open NewTab->https://kabuoji3.com/stock/4464/2006/
[2021-03-17 08:15:52]cl_getDriver.py(72): Open NewTab->https://kabuoji3.com/stock/4465/2016/
[2021-03-17 08:15:53]cl_getDriver.py(127): click_Success->//*[@id="base_box"]/div/div[3]/form/button
[2021-03-17 08:15:53]cl_getDriver.py(127): click_Success->//*[@id="base_box"]/div/div[3]/form/button
[2021-03-17 08:15:55]cl_getDriver.py(127): click_Success->//*[@id="base_box"]/div/div[3]/form/button
[2021-03-17 08:15:56]cl_getDriver.py(127): click_Success->//*[@id="base_box"]/div/div[3]/form/button
[2021-03-17 08:15:56]cl_getDriver.py(72): Open NewTab->https://kabuoji3.com/stock/4465/2015/
[2021-03-17 08:15:56]cl_getDriver.py(72): Open NewTab->https://kabuoji3.com/stock/4464/2005/
[2021-03-17 08:15:58]cl_getDriver.py(127): click_Success->//*[@id="base_box"]/div/div[3]/form/button
[2021-03-17 08:15:58]cl_getDriver.py(127): click_Success->//*[@id="base_box"]/div/div[3]/form/button
[2021-03-17 08:16:00]cl_getDriver.py(127): click_Success->//*[@id="base_box"]/div/div[3]/form/button
[2021-03-17 08:16:00]cl_getDriver.py(127): click_Success->//*[@id="base_box"]/div/div[3]/form/button
[2021-03-17 08:16:01]cl_getDriver.py(72): Open NewTab->https://kabuoji3.com/stock/4464/2004/
[2021-03-17 08:16:01]cl_getDriver.py(72): Open NewTab->https://kabuoji3.com/stock/4465/2014/
[2021-03-17 08:16:02]cl_getDriver.py(127): click_Success->//*[@id="base_box"]/div/div[3]/form/button
[2021-03-17 08:16:02]cl_getDriver.py(127): click_Success->//*[@id="base_box"]/div/div[3]/form/button
[2021-03-17 08:16:04]cl_getDriver.py(127): click_Success->//*[@id="base_box"]/div/div[3]/form/button
[2021-03-17 08:16:04]cl_getDriver.py(127): click_Success->//*[@id="base_box"]/div/div[3]/form/button
[2021-03-17 08:16:05]cl_getDriver.py(72): Open NewTab->https://kabuoji3.com/stock/4465/2013/
[2021-03-17 08:16:05]cl_getDriver.py(72): Open NewTab->https://kabuoji3.com/stock/4464/2003/
[2021-03-17 08:16:06]cl_getDriver.py(127): click_Success->//*[@id="base_box"]/div/div[3]/form/button
[2021-03-17 08:16:06]cl_getDriver.py(127): click_Success->//*[@id="base_box"]/div/div[3]/form/button
[2021-03-17 08:16:09]cl_getDriver.py(127): click_Success->//*[@id="base_box"]/div/div[3]/form/button
[2021-03-17 08:16:09]cl_getDriver.py(127): click_Success->//*[@id="base_box"]/div/div[3]/form/button
[2021-03-17 08:16:09]cl_getDriver.py(72): Open NewTab->https://kabuoji3.com/stock/4464/2002/
[2021-03-17 08:16:09]cl_getDriver.py(72): Open NewTab->https://kabuoji3.com/stock/4465/2012/
[2021-03-17 08:16:11]cl_getDriver.py(127): click_Success->//*[@id="base_box"]/div/div[3]/form/button
[2021-03-17 08:16:11]cl_getDriver.py(127): click_Success->//*[@id="base_box"]/div/div[3]/form/button
[2021-03-17 08:16:13]cl_getDriver.py(127): click_Success->//*[@id="base_box"]/div/div[3]/form/button
[2021-03-17 08:16:13]cl_getDriver.py(127): click_Success->//*[@id="base_box"]/div/div[3]/form/button
[2021-03-17 08:16:14]cl_getDriver.py(72): Open NewTab->https://kabuoji3.com/stock/4464/2001/
[2021-03-17 08:16:14]cl_getDriver.py(72): Open NewTab->https://kabuoji3.com/stock/4465/2011/
[2021-03-17 08:16:15]cl_getDriver.py(127): click_Success->//*[@id="base_box"]/div/div[3]/form/button
[2021-03-17 08:16:15]cl_getDriver.py(127): click_Success->//*[@id="base_box"]/div/div[3]/form/button
[2021-03-17 08:16:17]cl_getDriver.py(127): click_Success->//*[@id="base_box"]/div/div[3]/form/button
[2021-03-17 08:16:17]cl_getDriver.py(127): click_Success->//*[@id="base_box"]/div/div[3]/form/button
[2021-03-17 08:16:18]cl_getDriver.py(72): Open NewTab->https://kabuoji3.com/stock/4465/2010/
[2021-03-17 08:16:19]cl_getDriver.py(127): click_Success->//*[@id="base_box"]/div/div[3]/form/button
[2021-03-17 08:16:21]cl_getDriver.py(127): click_Success->//*[@id="base_box"]/div/div[3]/form/button
[2021-03-17 08:16:21]cl_getDriver.py(72): Open NewTab->https://kabuoji3.com/stock/4465/2009/
[2021-03-17 08:16:22]main.py(42): finished Process->https://kabuoji3.com/stock/4464/
[2021-03-17 08:16:22]main.py(15): start_Process->https://kabuoji3.com/stock/4471/
[2021-03-17 08:16:22]cl_getDriver.py(127): click_Success->//*[@id="base_box"]/div/div[3]/form/button
[2021-03-17 08:16:24]cl_getDriver.py(127): click_Success->//*[@id="base_box"]/div/div[3]/form/button
[2021-03-17 08:16:25]cl_getDriver.py(72): Open NewTab->https://kabuoji3.com/stock/4465/2008/
[2021-03-17 08:16:26]cl_getDriver.py(127): click_Success->//*[@id="base_box"]/div/div[3]/form/button
[2021-03-17 08:16:28]cl_getDriver.py(64): getURL=https://kabuoji3.com/stock/4471/
[2021-03-17 08:16:28]cl_getDriver.py(72): Open NewTab->https://kabuoji3.com/stock/4471/
[2021-03-17 08:16:28]cl_getDriver.py(127): click_Success->//*[@id="base_box"]/div/div[3]/form/button
[2021-03-17 08:16:29]cl_getDriver.py(72): Open NewTab->https://kabuoji3.com/stock/4465/2007/
[2021-03-17 08:16:29]cl_getDriver.py(130): Not Found->//*[@id="base_box"]/div/div[3]/form/button
[2021-03-17 08:16:30]cl_getDriver.py(127): click_Success->//*[@id="base_box"]/div/div[3]/form/button
[2021-03-17 08:16:31]cl_getDriver.py(130): Not Found->//*[@id="base_box"]/div/div[3]/form/button
[2021-03-17 08:16:32]cl_getDriver.py(72): Open NewTab->https://kabuoji3.com/stock/4471/2021/
[2021-03-17 08:16:32]cl_getDriver.py(127): click_Success->//*[@id="base_box"]/div/div[3]/form/button
[2021-03-17 08:16:33]cl_getDriver.py(127): click_Success->//*[@id="base_box"]/div/div[3]/form/button
[2021-03-17 08:16:33]cl_getDriver.py(72): Open NewTab->https://kabuoji3.com/stock/4465/2006/
[2021-03-17 08:16:34]cl_getDriver.py(127): click_Success->//*[@id="base_box"]/div/div[3]/form/button
[2021-03-17 08:16:35]cl_getDriver.py(127): click_Success->//*[@id="base_box"]/div/div[3]/form/button
[2021-03-17 08:16:35]cl_getDriver.py(72): Open NewTab->https://kabuoji3.com/stock/4471/2020/
[2021-03-17 08:16:36]cl_getDriver.py(127): click_Success->//*[@id="base_box"]/div/div[3]/form/button
[2021-03-17 08:16:37]cl_getDriver.py(72): Open NewTab->https://kabuoji3.com/stock/4465/2005/
[2021-03-17 08:16:37]cl_getDriver.py(127): click_Success->//*[@id="base_box"]/div/div[3]/form/button
[2021-03-17 08:16:38]cl_getDriver.py(127): click_Success->//*[@id="base_box"]/div/div[3]/form/button
[2021-03-17 08:16:39]cl_getDriver.py(127): click_Success->//*[@id="base_box"]/div/div[3]/form/button
[2021-03-17 08:16:39]cl_getDriver.py(72): Open NewTab->https://kabuoji3.com/stock/4471/2019/
[2021-03-17 08:16:40]cl_getDriver.py(127): click_Success->//*[@id="base_box"]/div/div[3]/form/button
[2021-03-17 08:16:41]cl_getDriver.py(72): Open NewTab->https://kabuoji3.com/stock/4465/2004/
[2021-03-17 08:16:41]cl_getDriver.py(127): click_Success->//*[@id="base_box"]/div/div[3]/form/button
[2021-03-17 08:16:42]cl_getDriver.py(127): click_Success->//*[@id="base_box"]/div/div[3]/form/button
[2021-03-17 08:16:43]cl_getDriver.py(127): click_Success->//*[@id="base_box"]/div/div[3]/form/button
[2021-03-17 08:16:43]cl_getDriver.py(72): Open NewTab->https://kabuoji3.com/stock/4471/2018/
[2021-03-17 08:16:44]cl_getDriver.py(127): click_Success->//*[@id="base_box"]/div/div[3]/form/button
[2021-03-17 08:16:44]cl_getDriver.py(72): Open NewTab->https://kabuoji3.com/stock/4465/2003/
[2021-03-17 08:16:44]cl_getDriver.py(127): click_Success->//*[@id="base_box"]/div/div[3]/form/button
[2021-03-17 08:16:45]cl_getDriver.py(127): click_Success->//*[@id="base_box"]/div/div[3]/form/button
[2021-03-17 08:16:47]cl_getDriver.py(127): click_Success->//*[@id="base_box"]/div/div[3]/form/button
[2021-03-17 08:16:47]cl_getDriver.py(72): Open NewTab->https://kabuoji3.com/stock/4471/2017/
[2021-03-17 08:16:48]cl_getDriver.py(127): click_Success->//*[@id="base_box"]/div/div[3]/form/button
[2021-03-17 08:16:49]cl_getDriver.py(127): click_Success->//*[@id="base_box"]/div/div[3]/form/button
[2021-03-17 08:16:51]cl_getDriver.py(127): click_Success->//*[@id="base_box"]/div/div[3]/form/button
[2021-03-17 08:16:51]cl_getDriver.py(72): Open NewTab->https://kabuoji3.com/stock/4471/2016/
[2021-03-17 08:16:52]main.py(42): finished Process->https://kabuoji3.com/stock/4465/
[2021-03-17 08:16:52]main.py(15): start_Process->https://kabuoji3.com/stock/4531/
[2021-03-17 08:16:52]cl_getDriver.py(127): click_Success->//*[@id="base_box"]/div/div[3]/form/button
[2021-03-17 08:16:55]cl_getDriver.py(127): click_Success->//*[@id="base_box"]/div/div[3]/form/button
[2021-03-17 08:16:55]cl_getDriver.py(72): Open NewTab->https://kabuoji3.com/stock/4471/2015/
[2021-03-17 08:16:56]cl_getDriver.py(127): click_Success->//*[@id="base_box"]/div/div[3]/form/button
[2021-03-17 08:16:57]cl_getDriver.py(64): getURL=https://kabuoji3.com/stock/4531/
[2021-03-17 08:16:57]cl_getDriver.py(72): Open NewTab->https://kabuoji3.com/stock/4531/
[2021-03-17 08:16:58]cl_getDriver.py(130): Not Found->//*[@id="base_box"]/div/div[3]/form/button
[2021-03-17 08:16:58]cl_getDriver.py(127): click_Success->//*[@id="base_box"]/div/div[3]/form/button
[2021-03-17 08:16:59]cl_getDriver.py(72): Open NewTab->https://kabuoji3.com/stock/4471/2014/
[2021-03-17 08:16:59]cl_getDriver.py(127): click_Success->//*[@id="base_box"]/div/div[3]/form/button
[2021-03-17 08:17:00]cl_getDriver.py(130): Not Found->//*[@id="base_box"]/div/div[3]/form/button
[2021-03-17 08:17:00]cl_getDriver.py(72): Open NewTab->https://kabuoji3.com/stock/4531/2021/
[2021-03-17 08:17:01]cl_getDriver.py(127): click_Success->//*[@id="base_box"]/div/div[3]/form/button
[2021-03-17 08:17:02]cl_getDriver.py(127): click_Success->//*[@id="base_box"]/div/div[3]/form/button
[2021-03-17 08:17:02]cl_getDriver.py(72): Open NewTab->https://kabuoji3.com/stock/4471/2013/
[2021-03-17 08:17:03]cl_getDriver.py(127): click_Success->//*[@id="base_box"]/div/div[3]/form/button
[2021-03-17 08:17:03]cl_getDriver.py(127): click_Success->//*[@id="base_box"]/div/div[3]/form/button
[2021-03-17 08:17:04]cl_getDriver.py(72): Open NewTab->https://kabuoji3.com/stock/4531/2020/
[2021-03-17 08:17:05]cl_getDriver.py(127): click_Success->//*[@id="base_box"]/div/div[3]/form/button
[2021-03-17 08:17:05]cl_getDriver.py(127): click_Success->//*[@id="base_box"]/div/div[3]/form/button
[2021-03-17 08:17:05]cl_getDriver.py(72): Open NewTab->https://kabuoji3.com/stock/4471/2012/
[2021-03-17 08:17:06]cl_getDriver.py(127): click_Success->//*[@id="base_box"]/div/div[3]/form/button
[2021-03-17 08:17:07]cl_getDriver.py(127): click_Success->//*[@id="base_box"]/div/div[3]/form/button
[2021-03-17 08:17:07]cl_getDriver.py(72): Open NewTab->https://kabuoji3.com/stock/4531/2019/
[2021-03-17 08:17:08]cl_getDriver.py(127): click_Success->//*[@id="base_box"]/div/div[3]/form/button
[2021-03-17 08:17:09]cl_getDriver.py(127): click_Success->//*[@id="base_box"]/div/div[3]/form/button
[2021-03-17 08:17:09]cl_getDriver.py(72): Open NewTab->https://kabuoji3.com/stock/4471/2011/
[2021-03-17 08:17:10]cl_getDriver.py(127): click_Success->//*[@id="base_box"]/div/div[3]/form/button
[2021-03-17 08:17:11]cl_getDriver.py(127): click_Success->//*[@id="base_box"]/div/div[3]/form/button
[2021-03-17 08:17:11]cl_getDriver.py(72): Open NewTab->https://kabuoji3.com/stock/4531/2018/
[2021-03-17 08:17:12]cl_getDriver.py(127): click_Success->//*[@id="base_box"]/div/div[3]/form/button
[2021-03-17 08:17:12]cl_getDriver.py(127): click_Success->//*[@id="base_box"]/div/div[3]/form/button
[2021-03-17 08:17:13]cl_getDriver.py(72): Open NewTab->https://kabuoji3.com/stock/4471/2010/
[2021-03-17 08:17:14]cl_getDriver.py(127): click_Success->//*[@id="base_box"]/div/div[3]/form/button
[2021-03-17 08:17:14]cl_getDriver.py(127): click_Success->//*[@id="base_box"]/div/div[3]/form/button
[2021-03-17 08:17:14]cl_getDriver.py(72): Open NewTab->https://kabuoji3.com/stock/4531/2017/
[2021-03-17 08:17:15]cl_getDriver.py(127): click_Success->//*[@id="base_box"]/div/div[3]/form/button
[2021-03-17 08:17:16]cl_getDriver.py(127): click_Success->//*[@id="base_box"]/div/div[3]/form/button
[2021-03-17 08:17:16]cl_getDriver.py(72): Open NewTab->https://kabuoji3.com/stock/4471/2009/
[2021-03-17 08:17:18]cl_getDriver.py(127): click_Success->//*[@id="base_box"]/div/div[3]/form/button
[2021-03-17 08:17:18]cl_getDriver.py(127): click_Success->//*[@id="base_box"]/div/div[3]/form/button
[2021-03-17 08:17:18]cl_getDriver.py(72): Open NewTab->https://kabuoji3.com/stock/4531/2016/
[2021-03-17 08:17:19]cl_getDriver.py(127): click_Success->//*[@id="base_box"]/div/div[3]/form/button
[2021-03-17 08:17:20]cl_getDriver.py(127): click_Success->//*[@id="base_box"]/div/div[3]/form/button
[2021-03-17 08:17:21]cl_getDriver.py(72): Open NewTab->https://kabuoji3.com/stock/4471/2008/
[2021-03-17 08:17:21]cl_getDriver.py(127): click_Success->//*[@id="base_box"]/div/div[3]/form/button
[2021-03-17 08:17:22]cl_getDriver.py(72): Open NewTab->https://kabuoji3.com/stock/4531/2015/
[2021-03-17 08:17:22]cl_getDriver.py(127): click_Success->//*[@id="base_box"]/div/div[3]/form/button
[2021-03-17 08:17:23]cl_getDriver.py(127): click_Success->//*[@id="base_box"]/div/div[3]/form/button
[2021-03-17 08:17:24]cl_getDriver.py(127): click_Success->//*[@id="base_box"]/div/div[3]/form/button
[2021-03-17 08:17:25]cl_getDriver.py(72): Open NewTab->https://kabuoji3.com/stock/4471/2007/
[2021-03-17 08:17:25]cl_getDriver.py(127): click_Success->//*[@id="base_box"]/div/div[3]/form/button
[2021-03-17 08:17:26]cl_getDriver.py(72): Open NewTab->https://kabuoji3.com/stock/4531/2014/
[2021-03-17 08:17:26]cl_getDriver.py(127): click_Success->//*[@id="base_box"]/div/div[3]/form/button
[2021-03-17 08:17:27]cl_getDriver.py(127): click_Success->//*[@id="base_box"]/div/div[3]/form/button
[2021-03-17 08:17:28]cl_getDriver.py(127): click_Success->//*[@id="base_box"]/div/div[3]/form/button
[2021-03-17 08:17:29]cl_getDriver.py(72): Open NewTab->https://kabuoji3.com/stock/4471/2006/
[2021-03-17 08:17:29]cl_getDriver.py(127): click_Success->//*[@id="base_box"]/div/div[3]/form/button
[2021-03-17 08:17:29]cl_getDriver.py(72): Open NewTab->https://kabuoji3.com/stock/4531/2013/
[2021-03-17 08:17:30]cl_getDriver.py(127): click_Success->//*[@id="base_box"]/div/div[3]/form/button
[2021-03-17 08:17:31]cl_getDriver.py(127): click_Success->//*[@id="base_box"]/div/div[3]/form/button
[2021-03-17 08:17:33]cl_getDriver.py(127): click_Success->//*[@id="base_box"]/div/div[3]/form/button
[2021-03-17 08:17:33]cl_getDriver.py(72): Open NewTab->https://kabuoji3.com/stock/4471/2005/
[2021-03-17 08:17:33]cl_getDriver.py(127): click_Success->//*[@id="base_box"]/div/div[3]/form/button
[2021-03-17 08:17:34]cl_getDriver.py(72): Open NewTab->https://kabuoji3.com/stock/4531/2012/
[2021-03-17 08:17:34]cl_getDriver.py(127): click_Success->//*[@id="base_box"]/div/div[3]/form/button
[2021-03-17 08:17:35]cl_getDriver.py(127): click_Success->//*[@id="base_box"]/div/div[3]/form/button
[2021-03-17 08:17:37]cl_getDriver.py(127): click_Success->//*[@id="base_box"]/div/div[3]/form/button
[2021-03-17 08:17:37]cl_getDriver.py(127): click_Success->//*[@id="base_box"]/div/div[3]/form/button
[2021-03-17 08:17:37]cl_getDriver.py(72): Open NewTab->https://kabuoji3.com/stock/4471/2004/
[2021-03-17 08:17:38]cl_getDriver.py(72): Open NewTab->https://kabuoji3.com/stock/4531/2011/
[2021-03-17 08:17:39]cl_getDriver.py(127): click_Success->//*[@id="base_box"]/div/div[3]/form/button
[2021-03-17 08:17:39]cl_getDriver.py(127): click_Success->//*[@id="base_box"]/div/div[3]/form/button
[2021-03-17 08:17:41]cl_getDriver.py(127): click_Success->//*[@id="base_box"]/div/div[3]/form/button
[2021-03-17 08:17:42]cl_getDriver.py(72): Open NewTab->https://kabuoji3.com/stock/4471/2003/
[2021-03-17 08:17:42]cl_getDriver.py(127): click_Success->//*[@id="base_box"]/div/div[3]/form/button
[2021-03-17 08:17:42]cl_getDriver.py(72): Open NewTab->https://kabuoji3.com/stock/4531/2010/
[2021-03-17 08:17:43]cl_getDriver.py(127): click_Success->//*[@id="base_box"]/div/div[3]/form/button
[2021-03-17 08:17:43]cl_getDriver.py(127): click_Success->//*[@id="base_box"]/div/div[3]/form/button
[2021-03-17 08:17:45]cl_getDriver.py(127): click_Success->//*[@id="base_box"]/div/div[3]/form/button
[2021-03-17 08:17:46]cl_getDriver.py(72): Open NewTab->https://kabuoji3.com/stock/4471/2002/
[2021-03-17 08:17:46]cl_getDriver.py(127): click_Success->//*[@id="base_box"]/div/div[3]/form/button
[2021-03-17 08:17:46]cl_getDriver.py(72): Open NewTab->https://kabuoji3.com/stock/4531/2009/
[2021-03-17 08:17:47]cl_getDriver.py(127): click_Success->//*[@id="base_box"]/div/div[3]/form/button
[2021-03-17 08:17:47]cl_getDriver.py(127): click_Success->//*[@id="base_box"]/div/div[3]/form/button
[2021-03-17 08:17:49]cl_getDriver.py(127): click_Success->//*[@id="base_box"]/div/div[3]/form/button
[2021-03-17 08:17:50]cl_getDriver.py(127): click_Success->//*[@id="base_box"]/div/div[3]/form/button
[2021-03-17 08:17:50]cl_getDriver.py(72): Open NewTab->https://kabuoji3.com/stock/4471/2001/
[2021-03-17 08:17:50]cl_getDriver.py(72): Open NewTab->https://kabuoji3.com/stock/4531/2008/
[2021-03-17 08:17:51]cl_getDriver.py(127): click_Success->//*[@id="base_box"]/div/div[3]/form/button
[2021-03-17 08:17:51]cl_getDriver.py(127): click_Success->//*[@id="base_box"]/div/div[3]/form/button
[2021-03-17 08:17:53]cl_getDriver.py(127): click_Success->//*[@id="base_box"]/div/div[3]/form/button
[2021-03-17 08:17:54]cl_getDriver.py(127): click_Success->//*[@id="base_box"]/div/div[3]/form/button
[2021-03-17 08:17:54]cl_getDriver.py(72): Open NewTab->https://kabuoji3.com/stock/4471/2000/
[2021-03-17 08:17:54]cl_getDriver.py(72): Open NewTab->https://kabuoji3.com/stock/4531/2007/
[2021-03-17 08:17:56]cl_getDriver.py(127): click_Success->//*[@id="base_box"]/div/div[3]/form/button
[2021-03-17 08:17:56]cl_getDriver.py(127): click_Success->//*[@id="base_box"]/div/div[3]/form/button
[2021-03-17 08:17:58]cl_getDriver.py(127): click_Success->//*[@id="base_box"]/div/div[3]/form/button
[2021-03-17 08:17:58]cl_getDriver.py(127): click_Success->//*[@id="base_box"]/div/div[3]/form/button
[2021-03-17 08:17:59]cl_getDriver.py(72): Open NewTab->https://kabuoji3.com/stock/4531/2006/
[2021-03-17 08:17:59]cl_getDriver.py(72): Open NewTab->https://kabuoji3.com/stock/4471/1999/
[2021-03-17 08:18:00]cl_getDriver.py(127): click_Success->//*[@id="base_box"]/div/div[3]/form/button
[2021-03-17 08:18:00]cl_getDriver.py(127): click_Success->//*[@id="base_box"]/div/div[3]/form/button
[2021-03-17 08:18:02]cl_getDriver.py(127): click_Success->//*[@id="base_box"]/div/div[3]/form/button
[2021-03-17 08:18:03]cl_getDriver.py(127): click_Success->//*[@id="base_box"]/div/div[3]/form/button
[2021-03-17 08:18:03]cl_getDriver.py(72): Open NewTab->https://kabuoji3.com/stock/4471/1998/
[2021-03-17 08:18:03]cl_getDriver.py(72): Open NewTab->https://kabuoji3.com/stock/4531/2005/
[2021-03-17 08:18:05]cl_getDriver.py(127): click_Success->//*[@id="base_box"]/div/div[3]/form/button
[2021-03-17 08:18:05]cl_getDriver.py(127): click_Success->//*[@id="base_box"]/div/div[3]/form/button
[2021-03-17 08:18:07]cl_getDriver.py(127): click_Success->//*[@id="base_box"]/div/div[3]/form/button
[2021-03-17 08:18:07]cl_getDriver.py(127): click_Success->//*[@id="base_box"]/div/div[3]/form/button
[2021-03-17 08:18:08]cl_getDriver.py(72): Open NewTab->https://kabuoji3.com/stock/4471/1997/
[2021-03-17 08:18:08]cl_getDriver.py(72): Open NewTab->https://kabuoji3.com/stock/4531/2004/
[2021-03-17 08:18:09]cl_getDriver.py(127): click_Success->//*[@id="base_box"]/div/div[3]/form/button
[2021-03-17 08:18:09]cl_getDriver.py(127): click_Success->//*[@id="base_box"]/div/div[3]/form/button
[2021-03-17 08:18:11]cl_getDriver.py(127): click_Success->//*[@id="base_box"]/div/div[3]/form/button
[2021-03-17 08:18:12]cl_getDriver.py(127): click_Success->//*[@id="base_box"]/div/div[3]/form/button
[2021-03-17 08:18:12]cl_getDriver.py(72): Open NewTab->https://kabuoji3.com/stock/4471/1996/
[2021-03-17 08:18:12]cl_getDriver.py(72): Open NewTab->https://kabuoji3.com/stock/4531/2003/
[2021-03-17 08:18:13]cl_getDriver.py(127): click_Success->//*[@id="base_box"]/div/div[3]/form/button
[2021-03-17 08:18:13]cl_getDriver.py(127): click_Success->//*[@id="base_box"]/div/div[3]/form/button
[2021-03-17 08:18:16]cl_getDriver.py(127): click_Success->//*[@id="base_box"]/div/div[3]/form/button
[2021-03-17 08:18:16]cl_getDriver.py(127): click_Success->//*[@id="base_box"]/div/div[3]/form/button
[2021-03-17 08:18:16]cl_getDriver.py(72): Open NewTab->https://kabuoji3.com/stock/4471/1995/
[2021-03-17 08:18:16]cl_getDriver.py(72): Open NewTab->https://kabuoji3.com/stock/4531/2002/
[2021-03-17 08:18:18]cl_getDriver.py(127): click_Success->//*[@id="base_box"]/div/div[3]/form/button
[2021-03-17 08:18:18]cl_getDriver.py(127): click_Success->//*[@id="base_box"]/div/div[3]/form/button
[2021-03-17 08:18:20]cl_getDriver.py(127): click_Success->//*[@id="base_box"]/div/div[3]/form/button
[2021-03-17 08:18:20]cl_getDriver.py(127): click_Success->//*[@id="base_box"]/div/div[3]/form/button
[2021-03-17 08:18:21]cl_getDriver.py(72): Open NewTab->https://kabuoji3.com/stock/4531/2001/
[2021-03-17 08:18:21]cl_getDriver.py(72): Open NewTab->https://kabuoji3.com/stock/4471/1994/
[2021-03-17 08:18:22]cl_getDriver.py(127): click_Success->//*[@id="base_box"]/div/div[3]/form/button
[2021-03-17 08:18:22]cl_getDriver.py(127): click_Success->//*[@id="base_box"]/div/div[3]/form/button
[2021-03-17 08:18:25]cl_getDriver.py(127): click_Success->//*[@id="base_box"]/div/div[3]/form/button
[2021-03-17 08:18:25]cl_getDriver.py(127): click_Success->//*[@id="base_box"]/div/div[3]/form/button
[2021-03-17 08:18:25]cl_getDriver.py(72): Open NewTab->https://kabuoji3.com/stock/4471/1993/
[2021-03-17 08:18:25]cl_getDriver.py(72): Open NewTab->https://kabuoji3.com/stock/4531/2000/
[2021-03-17 08:18:26]cl_getDriver.py(127): click_Success->//*[@id="base_box"]/div/div[3]/form/button
[2021-03-17 08:18:26]cl_getDriver.py(127): click_Success->//*[@id="base_box"]/div/div[3]/form/button
[2021-03-17 08:18:29]cl_getDriver.py(127): click_Success->//*[@id="base_box"]/div/div[3]/form/button
[2021-03-17 08:18:29]cl_getDriver.py(127): click_Success->//*[@id="base_box"]/div/div[3]/form/button
[2021-03-17 08:18:29]cl_getDriver.py(72): Open NewTab->https://kabuoji3.com/stock/4531/1999/
[2021-03-17 08:18:29]cl_getDriver.py(72): Open NewTab->https://kabuoji3.com/stock/4471/1992/
[2021-03-17 08:18:31]cl_getDriver.py(127): click_Success->//*[@id="base_box"]/div/div[3]/form/button
[2021-03-17 08:18:31]cl_getDriver.py(127): click_Success->//*[@id="base_box"]/div/div[3]/form/button
[2021-03-17 08:18:33]cl_getDriver.py(127): click_Success->//*[@id="base_box"]/div/div[3]/form/button
[2021-03-17 08:18:33]cl_getDriver.py(127): click_Success->//*[@id="base_box"]/div/div[3]/form/button
[2021-03-17 08:18:33]cl_getDriver.py(72): Open NewTab->https://kabuoji3.com/stock/4531/1998/
[2021-03-17 08:18:34]cl_getDriver.py(72): Open NewTab->https://kabuoji3.com/stock/4471/1991/
[2021-03-17 08:18:35]cl_getDriver.py(127): click_Success->//*[@id="base_box"]/div/div[3]/form/button
[2021-03-17 08:18:35]cl_getDriver.py(127): click_Success->//*[@id="base_box"]/div/div[3]/form/button
[2021-03-17 08:18:37]cl_getDriver.py(127): click_Success->//*[@id="base_box"]/div/div[3]/form/button
[2021-03-17 08:18:37]cl_getDriver.py(127): click_Success->//*[@id="base_box"]/div/div[3]/form/button
[2021-03-17 08:18:38]cl_getDriver.py(72): Open NewTab->https://kabuoji3.com/stock/4471/1990/
[2021-03-17 08:18:38]cl_getDriver.py(72): Open NewTab->https://kabuoji3.com/stock/4531/1997/
[2021-03-17 08:18:39]cl_getDriver.py(127): click_Success->//*[@id="base_box"]/div/div[3]/form/button
[2021-03-17 08:18:40]cl_getDriver.py(127): click_Success->//*[@id="base_box"]/div/div[3]/form/button
[2021-03-17 08:18:42]cl_getDriver.py(127): click_Success->//*[@id="base_box"]/div/div[3]/form/button
[2021-03-17 08:18:42]cl_getDriver.py(127): click_Success->//*[@id="base_box"]/div/div[3]/form/button
[2021-03-17 08:18:42]cl_getDriver.py(72): Open NewTab->https://kabuoji3.com/stock/4531/1996/
[2021-03-17 08:18:42]cl_getDriver.py(72): Open NewTab->https://kabuoji3.com/stock/4471/1989/
[2021-03-17 08:18:44]cl_getDriver.py(127): click_Success->//*[@id="base_box"]/div/div[3]/form/button
[2021-03-17 08:18:44]cl_getDriver.py(127): click_Success->//*[@id="base_box"]/div/div[3]/form/button
[2021-03-17 08:18:46]cl_getDriver.py(127): click_Success->//*[@id="base_box"]/div/div[3]/form/button
[2021-03-17 08:18:46]cl_getDriver.py(127): click_Success->//*[@id="base_box"]/div/div[3]/form/button
[2021-03-17 08:18:47]cl_getDriver.py(72): Open NewTab->https://kabuoji3.com/stock/4471/1988/
[2021-03-17 08:18:47]cl_getDriver.py(72): Open NewTab->https://kabuoji3.com/stock/4531/1995/
[2021-03-17 08:18:48]cl_getDriver.py(127): click_Success->//*[@id="base_box"]/div/div[3]/form/button
[2021-03-17 08:18:48]cl_getDriver.py(127): click_Success->//*[@id="base_box"]/div/div[3]/form/button
[2021-03-17 08:18:50]cl_getDriver.py(127): click_Success->//*[@id="base_box"]/div/div[3]/form/button
[2021-03-17 08:18:50]cl_getDriver.py(127): click_Success->//*[@id="base_box"]/div/div[3]/form/button
[2021-03-17 08:18:51]cl_getDriver.py(72): Open NewTab->https://kabuoji3.com/stock/4531/1994/
[2021-03-17 08:18:51]cl_getDriver.py(72): Open NewTab->https://kabuoji3.com/stock/4471/1987/
[2021-03-17 08:18:52]cl_getDriver.py(127): click_Success->//*[@id="base_box"]/div/div[3]/form/button
[2021-03-17 08:18:52]cl_getDriver.py(127): click_Success->//*[@id="base_box"]/div/div[3]/form/button
[2021-03-17 08:18:54]cl_getDriver.py(127): click_Success->//*[@id="base_box"]/div/div[3]/form/button
[2021-03-17 08:18:55]cl_getDriver.py(72): Open NewTab->https://kabuoji3.com/stock/4531/1993/
[2021-03-17 08:18:55]cl_getDriver.py(127): click_Success->//*[@id="base_box"]/div/div[3]/form/button
[2021-03-17 08:18:55]cl_getDriver.py(72): Open NewTab->https://kabuoji3.com/stock/4471/1986/
[2021-03-17 08:18:56]cl_getDriver.py(127): click_Success->//*[@id="base_box"]/div/div[3]/form/button
[2021-03-17 08:18:57]cl_getDriver.py(127): click_Success->//*[@id="base_box"]/div/div[3]/form/button
[2021-03-17 08:18:58]cl_getDriver.py(127): click_Success->//*[@id="base_box"]/div/div[3]/form/button
[2021-03-17 08:18:59]cl_getDriver.py(72): Open NewTab->https://kabuoji3.com/stock/4531/1992/
[2021-03-17 08:18:59]cl_getDriver.py(127): click_Success->//*[@id="base_box"]/div/div[3]/form/button
[2021-03-17 08:18:59]cl_getDriver.py(72): Open NewTab->https://kabuoji3.com/stock/4471/1985/
[2021-03-17 08:19:00]cl_getDriver.py(127): click_Success->//*[@id="base_box"]/div/div[3]/form/button
[2021-03-17 08:19:01]cl_getDriver.py(127): click_Success->//*[@id="base_box"]/div/div[3]/form/button
[2021-03-17 08:19:02]cl_getDriver.py(127): click_Success->//*[@id="base_box"]/div/div[3]/form/button
[2021-03-17 08:19:03]cl_getDriver.py(72): Open NewTab->https://kabuoji3.com/stock/4531/1991/
[2021-03-17 08:19:03]cl_getDriver.py(127): click_Success->//*[@id="base_box"]/div/div[3]/form/button
[2021-03-17 08:19:03]cl_getDriver.py(72): Open NewTab->https://kabuoji3.com/stock/4471/1984/
[2021-03-17 08:19:04]cl_getDriver.py(127): click_Success->//*[@id="base_box"]/div/div[3]/form/button
[2021-03-17 08:19:05]cl_getDriver.py(127): click_Success->//*[@id="base_box"]/div/div[3]/form/button
[2021-03-17 08:19:06]cl_getDriver.py(127): click_Success->//*[@id="base_box"]/div/div[3]/form/button
[2021-03-17 08:19:07]cl_getDriver.py(72): Open NewTab->https://kabuoji3.com/stock/4531/1990/
[2021-03-17 08:19:07]cl_getDriver.py(127): click_Success->//*[@id="base_box"]/div/div[3]/form/button
[2021-03-17 08:19:07]cl_getDriver.py(72): Open NewTab->https://kabuoji3.com/stock/4471/1983/
[2021-03-17 08:19:08]cl_getDriver.py(127): click_Success->//*[@id="base_box"]/div/div[3]/form/button
[2021-03-17 08:19:09]cl_getDriver.py(127): click_Success->//*[@id="base_box"]/div/div[3]/form/button
[2021-03-17 08:19:10]cl_getDriver.py(127): click_Success->//*[@id="base_box"]/div/div[3]/form/button
[2021-03-17 08:19:11]cl_getDriver.py(72): Open NewTab->https://kabuoji3.com/stock/4531/1989/
[2021-03-17 08:19:11]cl_getDriver.py(127): click_Success->//*[@id="base_box"]/div/div[3]/form/button
[2021-03-17 08:19:12]cl_getDriver.py(127): click_Success->//*[@id="base_box"]/div/div[3]/form/button
[2021-03-17 08:19:14]cl_getDriver.py(127): click_Success->//*[@id="base_box"]/div/div[3]/form/button
[2021-03-17 08:19:14]cl_getDriver.py(72): Open NewTab->https://kabuoji3.com/stock/4531/1988/
[2021-03-17 08:19:15]main.py(42): finished Process->https://kabuoji3.com/stock/4471/
[2021-03-17 08:19:15]main.py(15): start_Process->https://kabuoji3.com/stock/4611/
[2021-03-17 08:19:15]cl_getDriver.py(127): click_Success->//*[@id="base_box"]/div/div[3]/form/button
[2021-03-17 08:19:18]cl_getDriver.py(127): click_Success->//*[@id="base_box"]/div/div[3]/form/button
[2021-03-17 08:19:18]cl_getDriver.py(72): Open NewTab->https://kabuoji3.com/stock/4531/1987/
[2021-03-17 08:19:19]cl_getDriver.py(127): click_Success->//*[@id="base_box"]/div/div[3]/form/button
[2021-03-17 08:19:20]cl_getDriver.py(64): getURL=https://kabuoji3.com/stock/4611/
[2021-03-17 08:19:21]cl_getDriver.py(72): Open NewTab->https://kabuoji3.com/stock/4611/
[2021-03-17 08:19:21]cl_getDriver.py(130): Not Found->//*[@id="base_box"]/div/div[3]/form/button
[2021-03-17 08:19:21]cl_getDriver.py(127): click_Success->//*[@id="base_box"]/div/div[3]/form/button
[2021-03-17 08:19:22]cl_getDriver.py(72): Open NewTab->https://kabuoji3.com/stock/4531/1986/
[2021-03-17 08:19:23]cl_getDriver.py(127): click_Success->//*[@id="base_box"]/div/div[3]/form/button
[2021-03-17 08:19:23]cl_getDriver.py(130): Not Found->//*[@id="base_box"]/div/div[3]/form/button
[2021-03-17 08:19:24]cl_getDriver.py(72): Open NewTab->https://kabuoji3.com/stock/4611/2021/
[2021-03-17 08:19:24]cl_getDriver.py(127): click_Success->//*[@id="base_box"]/div/div[3]/form/button
[2021-03-17 08:19:25]cl_getDriver.py(127): click_Success->//*[@id="base_box"]/div/div[3]/form/button
[2021-03-17 08:19:25]cl_getDriver.py(72): Open NewTab->https://kabuoji3.com/stock/4531/1985/
[2021-03-17 08:19:26]cl_getDriver.py(127): click_Success->//*[@id="base_box"]/div/div[3]/form/button
[2021-03-17 08:19:27]cl_getDriver.py(127): click_Success->//*[@id="base_box"]/div/div[3]/form/button
[2021-03-17 08:19:27]cl_getDriver.py(72): Open NewTab->https://kabuoji3.com/stock/4611/2020/
[2021-03-17 08:19:28]cl_getDriver.py(127): click_Success->//*[@id="base_box"]/div/div[3]/form/button
[2021-03-17 08:19:28]cl_getDriver.py(127): click_Success->//*[@id="base_box"]/div/div[3]/form/button
[2021-03-17 08:19:29]cl_getDriver.py(72): Open NewTab->https://kabuoji3.com/stock/4531/1984/
[2021-03-17 08:19:30]cl_getDriver.py(127): click_Success->//*[@id="base_box"]/div/div[3]/form/button
[2021-03-17 08:19:30]cl_getDriver.py(127): click_Success->//*[@id="base_box"]/div/div[3]/form/button
[2021-03-17 08:19:31]cl_getDriver.py(72): Open NewTab->https://kabuoji3.com/stock/4611/2019/
[2021-03-17 08:19:32]cl_getDriver.py(127): click_Success->//*[@id="base_box"]/div/div[3]/form/button
[2021-03-17 08:19:32]cl_getDriver.py(127): click_Success->//*[@id="base_box"]/div/div[3]/form/button
[2021-03-17 08:19:32]cl_getDriver.py(72): Open NewTab->https://kabuoji3.com/stock/4531/1983/
[2021-03-17 08:19:34]cl_getDriver.py(127): click_Success->//*[@id="base_box"]/div/div[3]/form/button
[2021-03-17 08:19:34]cl_getDriver.py(127): click_Success->//*[@id="base_box"]/div/div[3]/form/button
[2021-03-17 08:19:34]cl_getDriver.py(72): Open NewTab->https://kabuoji3.com/stock/4611/2018/
[2021-03-17 08:19:35]cl_getDriver.py(127): click_Success->//*[@id="base_box"]/div/div[3]/form/button
[2021-03-17 08:19:36]cl_getDriver.py(127): click_Success->//*[@id="base_box"]/div/div[3]/form/button
[2021-03-17 08:19:38]cl_getDriver.py(127): click_Success->//*[@id="base_box"]/div/div[3]/form/button
[2021-03-17 08:19:38]cl_getDriver.py(72): Open NewTab->https://kabuoji3.com/stock/4611/2017/
[2021-03-17 08:19:39]cl_getDriver.py(127): click_Success->//*[@id="base_box"]/div/div[3]/form/button
[2021-03-17 08:19:40]main.py(42): finished Process->https://kabuoji3.com/stock/4531/
[2021-03-17 08:19:40]main.py(15): start_Process->https://kabuoji3.com/stock/4612/
[2021-03-17 08:19:41]cl_getDriver.py(127): click_Success->//*[@id="base_box"]/div/div[3]/form/button
[2021-03-17 08:19:41]cl_getDriver.py(72): Open NewTab->https://kabuoji3.com/stock/4611/2016/
[2021-03-17 08:19:43]cl_getDriver.py(127): click_Success->//*[@id="base_box"]/div/div[3]/form/button
[2021-03-17 08:19:45]cl_getDriver.py(127): click_Success->//*[@id="base_box"]/div/div[3]/form/button
[2021-03-17 08:19:45]cl_getDriver.py(72): Open NewTab->https://kabuoji3.com/stock/4611/2015/
[2021-03-17 08:19:46]cl_getDriver.py(64): getURL=https://kabuoji3.com/stock/4612/
[2021-03-17 08:19:46]cl_getDriver.py(127): click_Success->//*[@id="base_box"]/div/div[3]/form/button
[2021-03-17 08:19:47]cl_getDriver.py(72): Open NewTab->https://kabuoji3.com/stock/4612/
[2021-03-17 08:19:48]cl_getDriver.py(130): Not Found->//*[@id="base_box"]/div/div[3]/form/button
[2021-03-17 08:19:49]cl_getDriver.py(127): click_Success->//*[@id="base_box"]/div/div[3]/form/button
[2021-03-17 08:19:49]cl_getDriver.py(72): Open NewTab->https://kabuoji3.com/stock/4611/2014/
[2021-03-17 08:19:50]cl_getDriver.py(130): Not Found->//*[@id="base_box"]/div/div[3]/form/button
[2021-03-17 08:19:50]cl_getDriver.py(72): Open NewTab->https://kabuoji3.com/stock/4612/2021/
[2021-03-17 08:19:50]cl_getDriver.py(127): click_Success->//*[@id="base_box"]/div/div[3]/form/button
[2021-03-17 08:19:51]cl_getDriver.py(127): click_Success->//*[@id="base_box"]/div/div[3]/form/button
[2021-03-17 08:19:52]cl_getDriver.py(127): click_Success->//*[@id="base_box"]/div/div[3]/form/button
[2021-03-17 08:19:53]cl_getDriver.py(72): Open NewTab->https://kabuoji3.com/stock/4611/2013/
[2021-03-17 08:19:53]cl_getDriver.py(127): click_Success->//*[@id="base_box"]/div/div[3]/form/button
[2021-03-17 08:19:53]cl_getDriver.py(72): Open NewTab->https://kabuoji3.com/stock/4612/2020/
[2021-03-17 08:19:54]cl_getDriver.py(127): click_Success->//*[@id="base_box"]/div/div[3]/form/button
[2021-03-17 08:19:55]cl_getDriver.py(127): click_Success->//*[@id="base_box"]/div/div[3]/form/button
[2021-03-17 08:19:57]cl_getDriver.py(127): click_Success->//*[@id="base_box"]/div/div[3]/form/button
[2021-03-17 08:19:57]cl_getDriver.py(127): click_Success->//*[@id="base_box"]/div/div[3]/form/button
[2021-03-17 08:19:57]cl_getDriver.py(72): Open NewTab->https://kabuoji3.com/stock/4611/2012/
[2021-03-17 08:19:58]cl_getDriver.py(72): Open NewTab->https://kabuoji3.com/stock/4612/2019/
[2021-03-17 08:19:58]cl_getDriver.py(127): click_Success->//*[@id="base_box"]/div/div[3]/form/button
[2021-03-17 08:19:59]cl_getDriver.py(127): click_Success->//*[@id="base_box"]/div/div[3]/form/button
[2021-03-17 08:20:01]cl_getDriver.py(127): click_Success->//*[@id="base_box"]/div/div[3]/form/button
[2021-03-17 08:20:01]cl_getDriver.py(127): click_Success->//*[@id="base_box"]/div/div[3]/form/button
[2021-03-17 08:20:01]cl_getDriver.py(72): Open NewTab->https://kabuoji3.com/stock/4611/2011/
[2021-03-17 08:20:01]cl_getDriver.py(72): Open NewTab->https://kabuoji3.com/stock/4612/2018/
[2021-03-17 08:20:03]cl_getDriver.py(127): click_Success->//*[@id="base_box"]/div/div[3]/form/button
[2021-03-17 08:20:03]cl_getDriver.py(127): click_Success->//*[@id="base_box"]/div/div[3]/form/button
[2021-03-17 08:20:05]cl_getDriver.py(127): click_Success->//*[@id="base_box"]/div/div[3]/form/button
[2021-03-17 08:20:05]cl_getDriver.py(127): click_Success->//*[@id="base_box"]/div/div[3]/form/button
[2021-03-17 08:20:06]cl_getDriver.py(72): Open NewTab->https://kabuoji3.com/stock/4611/2010/
[2021-03-17 08:20:06]cl_getDriver.py(72): Open NewTab->https://kabuoji3.com/stock/4612/2017/
[2021-03-17 08:20:07]cl_getDriver.py(127): click_Success->//*[@id="base_box"]/div/div[3]/form/button
[2021-03-17 08:20:07]cl_getDriver.py(127): click_Success->//*[@id="base_box"]/div/div[3]/form/button
[2021-03-17 08:20:10]cl_getDriver.py(127): click_Success->//*[@id="base_box"]/div/div[3]/form/button
[2021-03-17 08:20:10]cl_getDriver.py(127): click_Success->//*[@id="base_box"]/div/div[3]/form/button
[2021-03-17 08:20:10]cl_getDriver.py(72): Open NewTab->https://kabuoji3.com/stock/4611/2009/
[2021-03-17 08:20:10]cl_getDriver.py(72): Open NewTab->https://kabuoji3.com/stock/4612/2016/
[2021-03-17 08:20:12]cl_getDriver.py(127): click_Success->//*[@id="base_box"]/div/div[3]/form/button
[2021-03-17 08:20:12]cl_getDriver.py(127): click_Success->//*[@id="base_box"]/div/div[3]/form/button
[2021-03-17 08:20:14]cl_getDriver.py(127): click_Success->//*[@id="base_box"]/div/div[3]/form/button
[2021-03-17 08:20:14]cl_getDriver.py(127): click_Success->//*[@id="base_box"]/div/div[3]/form/button
[2021-03-17 08:20:15]cl_getDriver.py(72): Open NewTab->https://kabuoji3.com/stock/4612/2015/
[2021-03-17 08:20:15]cl_getDriver.py(72): Open NewTab->https://kabuoji3.com/stock/4611/2008/
[2021-03-17 08:20:16]cl_getDriver.py(127): click_Success->//*[@id="base_box"]/div/div[3]/form/button
[2021-03-17 08:20:16]cl_getDriver.py(127): click_Success->//*[@id="base_box"]/div/div[3]/form/button
[2021-03-17 08:20:18]cl_getDriver.py(127): click_Success->//*[@id="base_box"]/div/div[3]/form/button
[2021-03-17 08:20:18]cl_getDriver.py(127): click_Success->//*[@id="base_box"]/div/div[3]/form/button
[2021-03-17 08:20:19]cl_getDriver.py(72): Open NewTab->https://kabuoji3.com/stock/4612/2014/
[2021-03-17 08:20:19]cl_getDriver.py(72): Open NewTab->https://kabuoji3.com/stock/4611/2007/
[2021-03-17 08:20:20]cl_getDriver.py(127): click_Success->//*[@id="base_box"]/div/div[3]/form/button
[2021-03-17 08:20:20]cl_getDriver.py(127): click_Success->//*[@id="base_box"]/div/div[3]/form/button
[2021-03-17 08:20:22]cl_getDriver.py(127): click_Success->//*[@id="base_box"]/div/div[3]/form/button
[2021-03-17 08:20:22]cl_getDriver.py(127): click_Success->//*[@id="base_box"]/div/div[3]/form/button
[2021-03-17 08:20:23]cl_getDriver.py(72): Open NewTab->https://kabuoji3.com/stock/4612/2013/
[2021-03-17 08:20:23]cl_getDriver.py(72): Open NewTab->https://kabuoji3.com/stock/4611/2006/
[2021-03-17 08:20:24]cl_getDriver.py(127): click_Success->//*[@id="base_box"]/div/div[3]/form/button
[2021-03-17 08:20:25]cl_getDriver.py(127): click_Success->//*[@id="base_box"]/div/div[3]/form/button
[2021-03-17 08:20:27]cl_getDriver.py(127): click_Success->//*[@id="base_box"]/div/div[3]/form/button
[2021-03-17 08:20:27]cl_getDriver.py(127): click_Success->//*[@id="base_box"]/div/div[3]/form/button
[2021-03-17 08:20:27]cl_getDriver.py(72): Open NewTab->https://kabuoji3.com/stock/4611/2005/
[2021-03-17 08:20:27]cl_getDriver.py(72): Open NewTab->https://kabuoji3.com/stock/4612/2012/
[2021-03-17 08:20:29]cl_getDriver.py(127): click_Success->//*[@id="base_box"]/div/div[3]/form/button
[2021-03-17 08:20:29]cl_getDriver.py(127): click_Success->//*[@id="base_box"]/div/div[3]/form/button
[2021-03-17 08:20:31]cl_getDriver.py(127): click_Success->//*[@id="base_box"]/div/div[3]/form/button
[2021-03-17 08:20:31]cl_getDriver.py(127): click_Success->//*[@id="base_box"]/div/div[3]/form/button
[2021-03-17 08:20:32]cl_getDriver.py(72): Open NewTab->https://kabuoji3.com/stock/4612/2011/
[2021-03-17 08:20:32]cl_getDriver.py(72): Open NewTab->https://kabuoji3.com/stock/4611/2004/
[2021-03-17 08:20:33]cl_getDriver.py(127): click_Success->//*[@id="base_box"]/div/div[3]/form/button
[2021-03-17 08:20:34]cl_getDriver.py(127): click_Success->//*[@id="base_box"]/div/div[3]/form/button
[2021-03-17 08:20:36]cl_getDriver.py(127): click_Success->//*[@id="base_box"]/div/div[3]/form/button
[2021-03-17 08:20:36]cl_getDriver.py(72): Open NewTab->https://kabuoji3.com/stock/4612/2010/
[2021-03-17 08:20:36]cl_getDriver.py(127): click_Success->//*[@id="base_box"]/div/div[3]/form/button
[2021-03-17 08:20:36]cl_getDriver.py(72): Open NewTab->https://kabuoji3.com/stock/4611/2003/
[2021-03-17 08:20:37]cl_getDriver.py(127): click_Success->//*[@id="base_box"]/div/div[3]/form/button
[2021-03-17 08:20:38]cl_getDriver.py(127): click_Success->//*[@id="base_box"]/div/div[3]/form/button
[2021-03-17 08:20:40]cl_getDriver.py(127): click_Success->//*[@id="base_box"]/div/div[3]/form/button
[2021-03-17 08:20:40]cl_getDriver.py(127): click_Success->//*[@id="base_box"]/div/div[3]/form/button
[2021-03-17 08:20:40]cl_getDriver.py(72): Open NewTab->https://kabuoji3.com/stock/4612/2009/
[2021-03-17 08:20:40]cl_getDriver.py(72): Open NewTab->https://kabuoji3.com/stock/4611/2002/
[2021-03-17 08:20:42]cl_getDriver.py(127): click_Success->//*[@id="base_box"]/div/div[3]/form/button
[2021-03-17 08:20:42]cl_getDriver.py(127): click_Success->//*[@id="base_box"]/div/div[3]/form/button
[2021-03-17 08:20:44]cl_getDriver.py(127): click_Success->//*[@id="base_box"]/div/div[3]/form/button
[2021-03-17 08:20:44]cl_getDriver.py(127): click_Success->//*[@id="base_box"]/div/div[3]/form/button
[2021-03-17 08:20:45]cl_getDriver.py(72): Open NewTab->https://kabuoji3.com/stock/4612/2008/
[2021-03-17 08:20:45]cl_getDriver.py(72): Open NewTab->https://kabuoji3.com/stock/4611/2001/
[2021-03-17 08:20:46]cl_getDriver.py(127): click_Success->//*[@id="base_box"]/div/div[3]/form/button
[2021-03-17 08:20:46]cl_getDriver.py(127): click_Success->//*[@id="base_box"]/div/div[3]/form/button
[2021-03-17 08:20:48]cl_getDriver.py(127): click_Success->//*[@id="base_box"]/div/div[3]/form/button
[2021-03-17 08:20:49]cl_getDriver.py(127): click_Success->//*[@id="base_box"]/div/div[3]/form/button
[2021-03-17 08:20:49]cl_getDriver.py(72): Open NewTab->https://kabuoji3.com/stock/4611/2000/
[2021-03-17 08:20:49]cl_getDriver.py(72): Open NewTab->https://kabuoji3.com/stock/4612/2007/
[2021-03-17 08:20:50]cl_getDriver.py(127): click_Success->//*[@id="base_box"]/div/div[3]/form/button
[2021-03-17 08:20:50]cl_getDriver.py(127): click_Success->//*[@id="base_box"]/div/div[3]/form/button
[2021-03-17 08:20:53]cl_getDriver.py(127): click_Success->//*[@id="base_box"]/div/div[3]/form/button
[2021-03-17 08:20:53]cl_getDriver.py(127): click_Success->//*[@id="base_box"]/div/div[3]/form/button
[2021-03-17 08:20:53]cl_getDriver.py(72): Open NewTab->https://kabuoji3.com/stock/4611/1999/
[2021-03-17 08:20:53]cl_getDriver.py(72): Open NewTab->https://kabuoji3.com/stock/4612/2006/
[2021-03-17 08:20:55]cl_getDriver.py(127): click_Success->//*[@id="base_box"]/div/div[3]/form/button
[2021-03-17 08:20:55]cl_getDriver.py(127): click_Success->//*[@id="base_box"]/div/div[3]/form/button
[2021-03-17 08:20:57]cl_getDriver.py(127): click_Success->//*[@id="base_box"]/div/div[3]/form/button
[2021-03-17 08:20:57]cl_getDriver.py(127): click_Success->//*[@id="base_box"]/div/div[3]/form/button
[2021-03-17 08:20:58]cl_getDriver.py(72): Open NewTab->https://kabuoji3.com/stock/4611/1998/
[2021-03-17 08:20:58]cl_getDriver.py(72): Open NewTab->https://kabuoji3.com/stock/4612/2005/
[2021-03-17 08:20:59]cl_getDriver.py(127): click_Success->//*[@id="base_box"]/div/div[3]/form/button
[2021-03-17 08:20:59]cl_getDriver.py(127): click_Success->//*[@id="base_box"]/div/div[3]/form/button
[2021-03-17 08:21:01]cl_getDriver.py(127): click_Success->//*[@id="base_box"]/div/div[3]/form/button
[2021-03-17 08:21:01]cl_getDriver.py(127): click_Success->//*[@id="base_box"]/div/div[3]/form/button
[2021-03-17 08:21:02]cl_getDriver.py(72): Open NewTab->https://kabuoji3.com/stock/4611/1997/
[2021-03-17 08:21:02]cl_getDriver.py(72): Open NewTab->https://kabuoji3.com/stock/4612/2004/
[2021-03-17 08:21:04]cl_getDriver.py(127): click_Success->//*[@id="base_box"]/div/div[3]/form/button
[2021-03-17 08:21:04]cl_getDriver.py(127): click_Success->//*[@id="base_box"]/div/div[3]/form/button
[2021-03-17 08:21:06]cl_getDriver.py(127): click_Success->//*[@id="base_box"]/div/div[3]/form/button
[2021-03-17 08:21:06]cl_getDriver.py(127): click_Success->//*[@id="base_box"]/div/div[3]/form/button
[2021-03-17 08:21:07]cl_getDriver.py(72): Open NewTab->https://kabuoji3.com/stock/4612/2003/
[2021-03-17 08:21:07]cl_getDriver.py(72): Open NewTab->https://kabuoji3.com/stock/4611/1996/
[2021-03-17 08:21:08]cl_getDriver.py(127): click_Success->//*[@id="base_box"]/div/div[3]/form/button
[2021-03-17 08:21:08]cl_getDriver.py(127): click_Success->//*[@id="base_box"]/div/div[3]/form/button
[2021-03-17 08:21:10]cl_getDriver.py(127): click_Success->//*[@id="base_box"]/div/div[3]/form/button
[2021-03-17 08:21:11]cl_getDriver.py(127): click_Success->//*[@id="base_box"]/div/div[3]/form/button
[2021-03-17 08:21:11]cl_getDriver.py(72): Open NewTab->https://kabuoji3.com/stock/4611/1995/
[2021-03-17 08:21:11]cl_getDriver.py(72): Open NewTab->https://kabuoji3.com/stock/4612/2002/
[2021-03-17 08:21:12]cl_getDriver.py(127): click_Success->//*[@id="base_box"]/div/div[3]/form/button
[2021-03-17 08:21:12]cl_getDriver.py(127): click_Success->//*[@id="base_box"]/div/div[3]/form/button
[2021-03-17 08:21:15]cl_getDriver.py(127): click_Success->//*[@id="base_box"]/div/div[3]/form/button
[2021-03-17 08:21:15]cl_getDriver.py(127): click_Success->//*[@id="base_box"]/div/div[3]/form/button
[2021-03-17 08:21:15]cl_getDriver.py(72): Open NewTab->https://kabuoji3.com/stock/4612/2001/
[2021-03-17 08:21:15]cl_getDriver.py(72): Open NewTab->https://kabuoji3.com/stock/4611/1994/
[2021-03-17 08:21:17]cl_getDriver.py(127): click_Success->//*[@id="base_box"]/div/div[3]/form/button
[2021-03-17 08:21:17]cl_getDriver.py(127): click_Success->//*[@id="base_box"]/div/div[3]/form/button
[2021-03-17 08:21:19]cl_getDriver.py(127): click_Success->//*[@id="base_box"]/div/div[3]/form/button
[2021-03-17 08:21:19]cl_getDriver.py(127): click_Success->//*[@id="base_box"]/div/div[3]/form/button
[2021-03-17 08:21:19]cl_getDriver.py(72): Open NewTab->https://kabuoji3.com/stock/4612/2000/
[2021-03-17 08:21:20]cl_getDriver.py(72): Open NewTab->https://kabuoji3.com/stock/4611/1993/
[2021-03-17 08:21:21]cl_getDriver.py(127): click_Success->//*[@id="base_box"]/div/div[3]/form/button
[2021-03-17 08:21:21]cl_getDriver.py(127): click_Success->//*[@id="base_box"]/div/div[3]/form/button
[2021-03-17 08:21:23]cl_getDriver.py(127): click_Success->//*[@id="base_box"]/div/div[3]/form/button
[2021-03-17 08:21:24]cl_getDriver.py(72): Open NewTab->https://kabuoji3.com/stock/4612/1999/
[2021-03-17 08:21:24]cl_getDriver.py(127): click_Success->//*[@id="base_box"]/div/div[3]/form/button
[2021-03-17 08:21:24]cl_getDriver.py(72): Open NewTab->https://kabuoji3.com/stock/4611/1992/
[2021-03-17 08:21:25]cl_getDriver.py(127): click_Success->//*[@id="base_box"]/div/div[3]/form/button
[2021-03-17 08:21:25]cl_getDriver.py(127): click_Success->//*[@id="base_box"]/div/div[3]/form/button
[2021-03-17 08:21:27]cl_getDriver.py(127): click_Success->//*[@id="base_box"]/div/div[3]/form/button
[2021-03-17 08:21:28]cl_getDriver.py(72): Open NewTab->https://kabuoji3.com/stock/4612/1998/
[2021-03-17 08:21:28]cl_getDriver.py(127): click_Success->//*[@id="base_box"]/div/div[3]/form/button
[2021-03-17 08:21:28]cl_getDriver.py(72): Open NewTab->https://kabuoji3.com/stock/4611/1991/
[2021-03-17 08:21:29]cl_getDriver.py(127): click_Success->//*[@id="base_box"]/div/div[3]/form/button
[2021-03-17 08:21:29]cl_getDriver.py(127): click_Success->//*[@id="base_box"]/div/div[3]/form/button
[2021-03-17 08:21:31]cl_getDriver.py(127): click_Success->//*[@id="base_box"]/div/div[3]/form/button
[2021-03-17 08:21:32]cl_getDriver.py(72): Open NewTab->https://kabuoji3.com/stock/4612/1997/
[2021-03-17 08:21:32]cl_getDriver.py(127): click_Success->//*[@id="base_box"]/div/div[3]/form/button
[2021-03-17 08:21:32]cl_getDriver.py(72): Open NewTab->https://kabuoji3.com/stock/4611/1990/
[2021-03-17 08:21:34]cl_getDriver.py(127): click_Success->//*[@id="base_box"]/div/div[3]/form/button
[2021-03-17 08:21:34]cl_getDriver.py(127): click_Success->//*[@id="base_box"]/div/div[3]/form/button
[2021-03-17 08:21:36]cl_getDriver.py(127): click_Success->//*[@id="base_box"]/div/div[3]/form/button
[2021-03-17 08:21:36]cl_getDriver.py(72): Open NewTab->https://kabuoji3.com/stock/4612/1996/
[2021-03-17 08:21:37]cl_getDriver.py(127): click_Success->//*[@id="base_box"]/div/div[3]/form/button
[2021-03-17 08:21:37]cl_getDriver.py(72): Open NewTab->https://kabuoji3.com/stock/4611/1989/
[2021-03-17 08:21:38]cl_getDriver.py(127): click_Success->//*[@id="base_box"]/div/div[3]/form/button
[2021-03-17 08:21:38]cl_getDriver.py(127): click_Success->//*[@id="base_box"]/div/div[3]/form/button
[2021-03-17 08:21:40]cl_getDriver.py(127): click_Success->//*[@id="base_box"]/div/div[3]/form/button
[2021-03-17 08:21:41]cl_getDriver.py(72): Open NewTab->https://kabuoji3.com/stock/4612/1995/
[2021-03-17 08:21:41]cl_getDriver.py(127): click_Success->//*[@id="base_box"]/div/div[3]/form/button
[2021-03-17 08:21:41]cl_getDriver.py(72): Open NewTab->https://kabuoji3.com/stock/4611/1988/
[2021-03-17 08:21:42]cl_getDriver.py(127): click_Success->//*[@id="base_box"]/div/div[3]/form/button
[2021-03-17 08:21:43]cl_getDriver.py(127): click_Success->//*[@id="base_box"]/div/div[3]/form/button
[2021-03-17 08:21:44]cl_getDriver.py(127): click_Success->//*[@id="base_box"]/div/div[3]/form/button
[2021-03-17 08:21:45]cl_getDriver.py(72): Open NewTab->https://kabuoji3.com/stock/4612/1994/
[2021-03-17 08:21:45]cl_getDriver.py(127): click_Success->//*[@id="base_box"]/div/div[3]/form/button
[2021-03-17 08:21:45]cl_getDriver.py(72): Open NewTab->https://kabuoji3.com/stock/4611/1987/
[2021-03-17 08:21:46]cl_getDriver.py(127): click_Success->//*[@id="base_box"]/div/div[3]/form/button
[2021-03-17 08:21:47]cl_getDriver.py(127): click_Success->//*[@id="base_box"]/div/div[3]/form/button
[2021-03-17 08:21:49]cl_getDriver.py(127): click_Success->//*[@id="base_box"]/div/div[3]/form/button
[2021-03-17 08:21:49]cl_getDriver.py(72): Open NewTab->https://kabuoji3.com/stock/4612/1993/
[2021-03-17 08:21:49]cl_getDriver.py(127): click_Success->//*[@id="base_box"]/div/div[3]/form/button
[2021-03-17 08:21:50]cl_getDriver.py(72): Open NewTab->https://kabuoji3.com/stock/4611/1986/
[2021-03-17 08:21:50]cl_getDriver.py(127): click_Success->//*[@id="base_box"]/div/div[3]/form/button
[2021-03-17 08:21:51]cl_getDriver.py(127): click_Success->//*[@id="base_box"]/div/div[3]/form/button
[2021-03-17 08:21:53]cl_getDriver.py(127): click_Success->//*[@id="base_box"]/div/div[3]/form/button
[2021-03-17 08:21:53]cl_getDriver.py(72): Open NewTab->https://kabuoji3.com/stock/4612/1992/
[2021-03-17 08:21:53]cl_getDriver.py(127): click_Success->//*[@id="base_box"]/div/div[3]/form/button
[2021-03-17 08:21:54]cl_getDriver.py(72): Open NewTab->https://kabuoji3.com/stock/4611/1985/
[2021-03-17 08:21:55]cl_getDriver.py(127): click_Success->//*[@id="base_box"]/div/div[3]/form/button
[2021-03-17 08:21:55]cl_getDriver.py(127): click_Success->//*[@id="base_box"]/div/div[3]/form/button
[2021-03-17 08:21:57]cl_getDriver.py(127): click_Success->//*[@id="base_box"]/div/div[3]/form/button
[2021-03-17 08:21:58]cl_getDriver.py(72): Open NewTab->https://kabuoji3.com/stock/4612/1991/
[2021-03-17 08:21:58]cl_getDriver.py(127): click_Success->//*[@id="base_box"]/div/div[3]/form/button
[2021-03-17 08:21:58]cl_getDriver.py(72): Open NewTab->https://kabuoji3.com/stock/4611/1984/
[2021-03-17 08:21:59]cl_getDriver.py(127): click_Success->//*[@id="base_box"]/div/div[3]/form/button
[2021-03-17 08:21:59]cl_getDriver.py(127): click_Success->//*[@id="base_box"]/div/div[3]/form/button
[2021-03-17 08:22:02]cl_getDriver.py(127): click_Success->//*[@id="base_box"]/div/div[3]/form/button
[2021-03-17 08:22:02]cl_getDriver.py(127): click_Success->//*[@id="base_box"]/div/div[3]/form/button
[2021-03-17 08:22:02]cl_getDriver.py(72): Open NewTab->https://kabuoji3.com/stock/4611/1983/
[2021-03-17 08:22:02]cl_getDriver.py(72): Open NewTab->https://kabuoji3.com/stock/4612/1990/
[2021-03-17 08:22:04]cl_getDriver.py(127): click_Success->//*[@id="base_box"]/div/div[3]/form/button
[2021-03-17 08:22:04]cl_getDriver.py(127): click_Success->//*[@id="base_box"]/div/div[3]/form/button
[2021-03-17 08:22:06]cl_getDriver.py(127): click_Success->//*[@id="base_box"]/div/div[3]/form/button
[2021-03-17 08:22:06]cl_getDriver.py(127): click_Success->//*[@id="base_box"]/div/div[3]/form/button
[2021-03-17 08:22:07]cl_getDriver.py(72): Open NewTab->https://kabuoji3.com/stock/4612/1989/
[2021-03-17 08:22:08]cl_getDriver.py(127): click_Success->//*[@id="base_box"]/div/div[3]/form/button
[2021-03-17 08:22:10]cl_getDriver.py(127): click_Success->//*[@id="base_box"]/div/div[3]/form/button
[2021-03-17 08:22:10]cl_getDriver.py(72): Open NewTab->https://kabuoji3.com/stock/4612/1988/
[2021-03-17 08:22:11]main.py(42): finished Process->https://kabuoji3.com/stock/4611/
[2021-03-17 08:22:11]main.py(15): start_Process->https://kabuoji3.com/stock/4613/
[2021-03-17 08:22:11]cl_getDriver.py(127): click_Success->//*[@id="base_box"]/div/div[3]/form/button
[2021-03-17 08:22:13]cl_getDriver.py(127): click_Success->//*[@id="base_box"]/div/div[3]/form/button
[2021-03-17 08:22:14]cl_getDriver.py(72): Open NewTab->https://kabuoji3.com/stock/4612/1987/
[2021-03-17 08:22:15]cl_getDriver.py(127): click_Success->//*[@id="base_box"]/div/div[3]/form/button
[2021-03-17 08:22:16]cl_getDriver.py(64): getURL=https://kabuoji3.com/stock/4613/
[2021-03-17 08:22:16]cl_getDriver.py(72): Open NewTab->https://kabuoji3.com/stock/4613/
[2021-03-17 08:22:17]cl_getDriver.py(127): click_Success->//*[@id="base_box"]/div/div[3]/form/button
[2021-03-17 08:22:17]cl_getDriver.py(130): Not Found->//*[@id="base_box"]/div/div[3]/form/button
[2021-03-17 08:22:18]cl_getDriver.py(72): Open NewTab->https://kabuoji3.com/stock/4612/1986/
[2021-03-17 08:22:19]cl_getDriver.py(127): click_Success->//*[@id="base_box"]/div/div[3]/form/button
[2021-03-17 08:22:19]cl_getDriver.py(130): Not Found->//*[@id="base_box"]/div/div[3]/form/button
[2021-03-17 08:22:19]cl_getDriver.py(72): Open NewTab->https://kabuoji3.com/stock/4613/2021/
[2021-03-17 08:22:20]cl_getDriver.py(127): click_Success->//*[@id="base_box"]/div/div[3]/form/button
[2021-03-17 08:22:21]cl_getDriver.py(127): click_Success->//*[@id="base_box"]/div/div[3]/form/button
[2021-03-17 08:22:21]cl_getDriver.py(72): Open NewTab->https://kabuoji3.com/stock/4612/1985/
[2021-03-17 08:22:22]cl_getDriver.py(127): click_Success->//*[@id="base_box"]/div/div[3]/form/button
[2021-03-17 08:22:23]cl_getDriver.py(127): click_Success->//*[@id="base_box"]/div/div[3]/form/button
[2021-03-17 08:22:23]cl_getDriver.py(72): Open NewTab->https://kabuoji3.com/stock/4613/2020/
[2021-03-17 08:22:24]cl_getDriver.py(127): click_Success->//*[@id="base_box"]/div/div[3]/form/button
[2021-03-17 08:22:24]cl_getDriver.py(127): click_Success->//*[@id="base_box"]/div/div[3]/form/button
[2021-03-17 08:22:25]cl_getDriver.py(72): Open NewTab->https://kabuoji3.com/stock/4612/1984/
[2021-03-17 08:22:26]cl_getDriver.py(127): click_Success->//*[@id="base_box"]/div/div[3]/form/button
[2021-03-17 08:22:26]cl_getDriver.py(127): click_Success->//*[@id="base_box"]/div/div[3]/form/button
[2021-03-17 08:22:27]cl_getDriver.py(72): Open NewTab->https://kabuoji3.com/stock/4613/2019/
[2021-03-17 08:22:28]cl_getDriver.py(127): click_Success->//*[@id="base_box"]/div/div[3]/form/button
[2021-03-17 08:22:28]cl_getDriver.py(127): click_Success->//*[@id="base_box"]/div/div[3]/form/button
[2021-03-17 08:22:29]cl_getDriver.py(72): Open NewTab->https://kabuoji3.com/stock/4612/1983/
[2021-03-17 08:22:30]cl_getDriver.py(127): click_Success->//*[@id="base_box"]/div/div[3]/form/button
[2021-03-17 08:22:30]cl_getDriver.py(127): click_Success->//*[@id="base_box"]/div/div[3]/form/button
[2021-03-17 08:22:30]cl_getDriver.py(72): Open NewTab->https://kabuoji3.com/stock/4613/2018/
[2021-03-17 08:22:31]cl_getDriver.py(127): click_Success->//*[@id="base_box"]/div/div[3]/form/button
[2021-03-17 08:22:32]cl_getDriver.py(127): click_Success->//*[@id="base_box"]/div/div[3]/form/button
[2021-03-17 08:22:33]cl_getDriver.py(127): click_Success->//*[@id="base_box"]/div/div[3]/form/button
[2021-03-17 08:22:34]cl_getDriver.py(72): Open NewTab->https://kabuoji3.com/stock/4613/2017/
[2021-03-17 08:22:35]cl_getDriver.py(127): click_Success->//*[@id="base_box"]/div/div[3]/form/button
[2021-03-17 08:22:36]main.py(42): finished Process->https://kabuoji3.com/stock/4612/
[2021-03-17 08:22:36]main.py(15): start_Process->https://kabuoji3.com/stock/4615/
[2021-03-17 08:22:37]cl_getDriver.py(127): click_Success->//*[@id="base_box"]/div/div[3]/form/button
[2021-03-17 08:22:37]cl_getDriver.py(72): Open NewTab->https://kabuoji3.com/stock/4613/2016/
[2021-03-17 08:22:39]cl_getDriver.py(127): click_Success->//*[@id="base_box"]/div/div[3]/form/button
[2021-03-17 08:22:41]cl_getDriver.py(127): click_Success->//*[@id="base_box"]/div/div[3]/form/button
[2021-03-17 08:22:41]cl_getDriver.py(72): Open NewTab->https://kabuoji3.com/stock/4613/2015/
[2021-03-17 08:22:42]cl_getDriver.py(127): click_Success->//*[@id="base_box"]/div/div[3]/form/button
[2021-03-17 08:22:43]cl_getDriver.py(64): getURL=https://kabuoji3.com/stock/4615/
[2021-03-17 08:22:43]cl_getDriver.py(72): Open NewTab->https://kabuoji3.com/stock/4615/
[2021-03-17 08:22:44]cl_getDriver.py(130): Not Found->//*[@id="base_box"]/div/div[3]/form/button
[2021-03-17 08:22:45]cl_getDriver.py(127): click_Success->//*[@id="base_box"]/div/div[3]/form/button
[2021-03-17 08:22:45]cl_getDriver.py(72): Open NewTab->https://kabuoji3.com/stock/4613/2014/
[2021-03-17 08:22:46]cl_getDriver.py(127): click_Success->//*[@id="base_box"]/div/div[3]/form/button
[2021-03-17 08:22:46]cl_getDriver.py(130): Not Found->//*[@id="base_box"]/div/div[3]/form/button
[2021-03-17 08:22:46]cl_getDriver.py(72): Open NewTab->https://kabuoji3.com/stock/4615/2021/
[2021-03-17 08:22:47]cl_getDriver.py(127): click_Success->//*[@id="base_box"]/div/div[3]/form/button
[2021-03-17 08:22:48]cl_getDriver.py(127): click_Success->//*[@id="base_box"]/div/div[3]/form/button
[2021-03-17 08:22:48]cl_getDriver.py(72): Open NewTab->https://kabuoji3.com/stock/4613/2013/
[2021-03-17 08:22:49]cl_getDriver.py(127): click_Success->//*[@id="base_box"]/div/div[3]/form/button
[2021-03-17 08:22:50]cl_getDriver.py(127): click_Success->//*[@id="base_box"]/div/div[3]/form/button
[2021-03-17 08:22:50]cl_getDriver.py(72): Open NewTab->https://kabuoji3.com/stock/4615/2020/
[2021-03-17 08:22:51]cl_getDriver.py(127): click_Success->//*[@id="base_box"]/div/div[3]/form/button
[2021-03-17 08:22:52]cl_getDriver.py(127): click_Success->//*[@id="base_box"]/div/div[3]/form/button
[2021-03-17 08:22:52]cl_getDriver.py(72): Open NewTab->https://kabuoji3.com/stock/4613/2012/
[2021-03-17 08:22:53]cl_getDriver.py(127): click_Success->//*[@id="base_box"]/div/div[3]/form/button
[2021-03-17 08:22:53]cl_getDriver.py(127): click_Success->//*[@id="base_box"]/div/div[3]/form/button
[2021-03-17 08:22:54]cl_getDriver.py(72): Open NewTab->https://kabuoji3.com/stock/4615/2019/
[2021-03-17 08:22:55]cl_getDriver.py(127): click_Success->//*[@id="base_box"]/div/div[3]/form/button
[2021-03-17 08:22:56]cl_getDriver.py(127): click_Success->//*[@id="base_box"]/div/div[3]/form/button
[2021-03-17 08:22:56]cl_getDriver.py(72): Open NewTab->https://kabuoji3.com/stock/4613/2011/
[2021-03-17 08:22:57]cl_getDriver.py(127): click_Success->//*[@id="base_box"]/div/div[3]/form/button
[2021-03-17 08:22:57]cl_getDriver.py(127): click_Success->//*[@id="base_box"]/div/div[3]/form/button
[2021-03-17 08:22:57]cl_getDriver.py(72): Open NewTab->https://kabuoji3.com/stock/4615/2018/
[2021-03-17 08:22:59]cl_getDriver.py(127): click_Success->//*[@id="base_box"]/div/div[3]/form/button
[2021-03-17 08:22:59]cl_getDriver.py(127): click_Success->//*[@id="base_box"]/div/div[3]/form/button
[2021-03-17 08:23:00]cl_getDriver.py(72): Open NewTab->https://kabuoji3.com/stock/4613/2010/
[2021-03-17 08:23:00]cl_getDriver.py(127): click_Success->//*[@id="base_box"]/div/div[3]/form/button
[2021-03-17 08:23:01]cl_getDriver.py(127): click_Success->//*[@id="base_box"]/div/div[3]/form/button
[2021-03-17 08:23:01]cl_getDriver.py(72): Open NewTab->https://kabuoji3.com/stock/4615/2017/
[2021-03-17 08:23:02]cl_getDriver.py(127): click_Success->//*[@id="base_box"]/div/div[3]/form/button
[2021-03-17 08:23:03]cl_getDriver.py(127): click_Success->//*[@id="base_box"]/div/div[3]/form/button
[2021-03-17 08:23:03]cl_getDriver.py(72): Open NewTab->https://kabuoji3.com/stock/4613/2009/
[2021-03-17 08:23:04]cl_getDriver.py(127): click_Success->//*[@id="base_box"]/div/div[3]/form/button
[2021-03-17 08:23:04]cl_getDriver.py(127): click_Success->//*[@id="base_box"]/div/div[3]/form/button
[2021-03-17 08:23:05]cl_getDriver.py(72): Open NewTab->https://kabuoji3.com/stock/4615/2016/
[2021-03-17 08:23:06]cl_getDriver.py(127): click_Success->//*[@id="base_box"]/div/div[3]/form/button
[2021-03-17 08:23:06]cl_getDriver.py(127): click_Success->//*[@id="base_box"]/div/div[3]/form/button
[2021-03-17 08:23:07]cl_getDriver.py(72): Open NewTab->https://kabuoji3.com/stock/4613/2008/
[2021-03-17 08:23:08]cl_getDriver.py(127): click_Success->//*[@id="base_box"]/div/div[3]/form/button
[2021-03-17 08:23:08]cl_getDriver.py(127): click_Success->//*[@id="base_box"]/div/div[3]/form/button
[2021-03-17 08:23:09]cl_getDriver.py(72): Open NewTab->https://kabuoji3.com/stock/4615/2015/
[2021-03-17 08:23:10]cl_getDriver.py(127): click_Success->//*[@id="base_box"]/div/div[3]/form/button
[2021-03-17 08:23:10]cl_getDriver.py(127): click_Success->//*[@id="base_box"]/div/div[3]/form/button
[2021-03-17 08:23:10]cl_getDriver.py(72): Open NewTab->https://kabuoji3.com/stock/4613/2007/
[2021-03-17 08:23:11]cl_getDriver.py(127): click_Success->//*[@id="base_box"]/div/div[3]/form/button
[2021-03-17 08:23:12]cl_getDriver.py(127): click_Success->//*[@id="base_box"]/div/div[3]/form/button
[2021-03-17 08:23:12]cl_getDriver.py(72): Open NewTab->https://kabuoji3.com/stock/4615/2014/
[2021-03-17 08:23:14]cl_getDriver.py(127): click_Success->//*[@id="base_box"]/div/div[3]/form/button
[2021-03-17 08:23:14]cl_getDriver.py(127): click_Success->//*[@id="base_box"]/div/div[3]/form/button
[2021-03-17 08:23:14]cl_getDriver.py(72): Open NewTab->https://kabuoji3.com/stock/4613/2006/
[2021-03-17 08:23:15]cl_getDriver.py(127): click_Success->//*[@id="base_box"]/div/div[3]/form/button
[2021-03-17 08:23:16]cl_getDriver.py(127): click_Success->//*[@id="base_box"]/div/div[3]/form/button
[2021-03-17 08:23:16]cl_getDriver.py(72): Open NewTab->https://kabuoji3.com/stock/4615/2013/
[2021-03-17 08:23:17]cl_getDriver.py(127): click_Success->//*[@id="base_box"]/div/div[3]/form/button
[2021-03-17 08:23:17]cl_getDriver.py(127): click_Success->//*[@id="base_box"]/div/div[3]/form/button
[2021-03-17 08:23:18]cl_getDriver.py(72): Open NewTab->https://kabuoji3.com/stock/4613/2005/
[2021-03-17 08:23:19]cl_getDriver.py(127): click_Success->//*[@id="base_box"]/div/div[3]/form/button
[2021-03-17 08:23:19]cl_getDriver.py(127): click_Success->//*[@id="base_box"]/div/div[3]/form/button
[2021-03-17 08:23:20]cl_getDriver.py(72): Open NewTab->https://kabuoji3.com/stock/4615/2012/
[2021-03-17 08:23:21]cl_getDriver.py(127): click_Success->//*[@id="base_box"]/div/div[3]/form/button
[2021-03-17 08:23:21]cl_getDriver.py(127): click_Success->//*[@id="base_box"]/div/div[3]/form/button
[2021-03-17 08:23:21]cl_getDriver.py(72): Open NewTab->https://kabuoji3.com/stock/4613/2004/
[2021-03-17 08:23:22]cl_getDriver.py(127): click_Success->//*[@id="base_box"]/div/div[3]/form/button
[2021-03-17 08:23:23]cl_getDriver.py(127): click_Success->//*[@id="base_box"]/div/div[3]/form/button
[2021-03-17 08:23:24]cl_getDriver.py(72): Open NewTab->https://kabuoji3.com/stock/4615/2011/
[2021-03-17 08:23:25]cl_getDriver.py(127): click_Success->//*[@id="base_box"]/div/div[3]/form/button
[2021-03-17 08:23:25]cl_getDriver.py(127): click_Success->//*[@id="base_box"]/div/div[3]/form/button
[2021-03-17 08:23:25]cl_getDriver.py(72): Open NewTab->https://kabuoji3.com/stock/4613/2003/
[2021-03-17 08:23:26]cl_getDriver.py(127): click_Success->//*[@id="base_box"]/div/div[3]/form/button
[2021-03-17 08:23:27]cl_getDriver.py(127): click_Success->//*[@id="base_box"]/div/div[3]/form/button
[2021-03-17 08:23:28]cl_getDriver.py(72): Open NewTab->https://kabuoji3.com/stock/4615/2010/
[2021-03-17 08:23:28]cl_getDriver.py(127): click_Success->//*[@id="base_box"]/div/div[3]/form/button
[2021-03-17 08:23:29]cl_getDriver.py(127): click_Success->//*[@id="base_box"]/div/div[3]/form/button
[2021-03-17 08:23:29]cl_getDriver.py(72): Open NewTab->https://kabuoji3.com/stock/4613/2002/
[2021-03-17 08:23:30]cl_getDriver.py(127): click_Success->//*[@id="base_box"]/div/div[3]/form/button
[2021-03-17 08:23:31]cl_getDriver.py(127): click_Success->//*[@id="base_box"]/div/div[3]/form/button
[2021-03-17 08:23:31]cl_getDriver.py(72): Open NewTab->https://kabuoji3.com/stock/4615/2009/
[2021-03-17 08:23:32]cl_getDriver.py(127): click_Success->//*[@id="base_box"]/div/div[3]/form/button
[2021-03-17 08:23:32]cl_getDriver.py(127): click_Success->//*[@id="base_box"]/div/div[3]/form/button
[2021-03-17 08:23:33]cl_getDriver.py(72): Open NewTab->https://kabuoji3.com/stock/4613/2001/
[2021-03-17 08:23:34]cl_getDriver.py(127): click_Success->//*[@id="base_box"]/div/div[3]/form/button
[2021-03-17 08:23:34]cl_getDriver.py(127): click_Success->//*[@id="base_box"]/div/div[3]/form/button
[2021-03-17 08:23:35]cl_getDriver.py(72): Open NewTab->https://kabuoji3.com/stock/4615/2008/
[2021-03-17 08:23:36]cl_getDriver.py(127): click_Success->//*[@id="base_box"]/div/div[3]/form/button
[2021-03-17 08:23:36]cl_getDriver.py(127): click_Success->//*[@id="base_box"]/div/div[3]/form/button
[2021-03-17 08:23:36]cl_getDriver.py(72): Open NewTab->https://kabuoji3.com/stock/4613/2000/
[2021-03-17 08:23:37]cl_getDriver.py(127): click_Success->//*[@id="base_box"]/div/div[3]/form/button
[2021-03-17 08:23:38]cl_getDriver.py(127): click_Success->//*[@id="base_box"]/div/div[3]/form/button
[2021-03-17 08:23:38]cl_getDriver.py(72): Open NewTab->https://kabuoji3.com/stock/4615/2007/
[2021-03-17 08:23:39]cl_getDriver.py(127): click_Success->//*[@id="base_box"]/div/div[3]/form/button
[2021-03-17 08:23:40]cl_getDriver.py(127): click_Success->//*[@id="base_box"]/div/div[3]/form/button
[2021-03-17 08:23:40]cl_getDriver.py(72): Open NewTab->https://kabuoji3.com/stock/4613/1999/
[2021-03-17 08:23:41]cl_getDriver.py(127): click_Success->//*[@id="base_box"]/div/div[3]/form/button
[2021-03-17 08:23:42]cl_getDriver.py(127): click_Success->//*[@id="base_box"]/div/div[3]/form/button
[2021-03-17 08:23:42]cl_getDriver.py(72): Open NewTab->https://kabuoji3.com/stock/4615/2006/
[2021-03-17 08:23:43]cl_getDriver.py(127): click_Success->//*[@id="base_box"]/div/div[3]/form/button
[2021-03-17 08:23:43]cl_getDriver.py(127): click_Success->//*[@id="base_box"]/div/div[3]/form/button
[2021-03-17 08:23:44]cl_getDriver.py(72): Open NewTab->https://kabuoji3.com/stock/4613/1998/
[2021-03-17 08:23:45]cl_getDriver.py(127): click_Success->//*[@id="base_box"]/div/div[3]/form/button
[2021-03-17 08:23:45]cl_getDriver.py(127): click_Success->//*[@id="base_box"]/div/div[3]/form/button
[2021-03-17 08:23:46]cl_getDriver.py(72): Open NewTab->https://kabuoji3.com/stock/4615/2005/
[2021-03-17 08:23:47]cl_getDriver.py(127): click_Success->//*[@id="base_box"]/div/div[3]/form/button
[2021-03-17 08:23:47]cl_getDriver.py(127): click_Success->//*[@id="base_box"]/div/div[3]/form/button
[2021-03-17 08:23:47]cl_getDriver.py(72): Open NewTab->https://kabuoji3.com/stock/4613/1997/
[2021-03-17 08:23:48]cl_getDriver.py(127): click_Success->//*[@id="base_box"]/div/div[3]/form/button
[2021-03-17 08:23:49]cl_getDriver.py(127): click_Success->//*[@id="base_box"]/div/div[3]/form/button
[2021-03-17 08:23:49]cl_getDriver.py(72): Open NewTab->https://kabuoji3.com/stock/4615/2004/
[2021-03-17 08:23:50]cl_getDriver.py(127): click_Success->//*[@id="base_box"]/div/div[3]/form/button
[2021-03-17 08:23:51]cl_getDriver.py(127): click_Success->//*[@id="base_box"]/div/div[3]/form/button
[2021-03-17 08:23:51]cl_getDriver.py(72): Open NewTab->https://kabuoji3.com/stock/4613/1996/
[2021-03-17 08:23:52]cl_getDriver.py(127): click_Success->//*[@id="base_box"]/div/div[3]/form/button
[2021-03-17 08:23:53]cl_getDriver.py(127): click_Success->//*[@id="base_box"]/div/div[3]/form/button
[2021-03-17 08:23:53]cl_getDriver.py(72): Open NewTab->https://kabuoji3.com/stock/4615/2003/
[2021-03-17 08:23:54]cl_getDriver.py(127): click_Success->//*[@id="base_box"]/div/div[3]/form/button
[2021-03-17 08:23:54]cl_getDriver.py(127): click_Success->//*[@id="base_box"]/div/div[3]/form/button
[2021-03-17 08:23:55]cl_getDriver.py(72): Open NewTab->https://kabuoji3.com/stock/4613/1995/
[2021-03-17 08:23:55]cl_getDriver.py(127): click_Success->//*[@id="base_box"]/div/div[3]/form/button
[2021-03-17 08:23:56]cl_getDriver.py(127): click_Success->//*[@id="base_box"]/div/div[3]/form/button
[2021-03-17 08:23:57]cl_getDriver.py(72): Open NewTab->https://kabuoji3.com/stock/4615/2002/
[2021-03-17 08:23:57]cl_getDriver.py(127): click_Success->//*[@id="base_box"]/div/div[3]/form/button
[2021-03-17 08:23:58]cl_getDriver.py(127): click_Success->//*[@id="base_box"]/div/div[3]/form/button
[2021-03-17 08:23:58]cl_getDriver.py(72): Open NewTab->https://kabuoji3.com/stock/4613/1994/
[2021-03-17 08:23:59]cl_getDriver.py(127): click_Success->//*[@id="base_box"]/div/div[3]/form/button
[2021-03-17 08:24:00]cl_getDriver.py(127): click_Success->//*[@id="base_box"]/div/div[3]/form/button
[2021-03-17 08:24:00]cl_getDriver.py(72): Open NewTab->https://kabuoji3.com/stock/4615/2001/
[2021-03-17 08:24:01]cl_getDriver.py(127): click_Success->//*[@id="base_box"]/div/div[3]/form/button
[2021-03-17 08:24:01]cl_getDriver.py(127): click_Success->//*[@id="base_box"]/div/div[3]/form/button
[2021-03-17 08:24:02]cl_getDriver.py(72): Open NewTab->https://kabuoji3.com/stock/4613/1993/
[2021-03-17 08:24:03]cl_getDriver.py(127): click_Success->//*[@id="base_box"]/div/div[3]/form/button
[2021-03-17 08:24:03]cl_getDriver.py(127): click_Success->//*[@id="base_box"]/div/div[3]/form/button
[2021-03-17 08:24:04]cl_getDriver.py(72): Open NewTab->https://kabuoji3.com/stock/4615/2000/
[2021-03-17 08:24:05]cl_getDriver.py(127): click_Success->//*[@id="base_box"]/div/div[3]/form/button
[2021-03-17 08:24:05]cl_getDriver.py(127): click_Success->//*[@id="base_box"]/div/div[3]/form/button
[2021-03-17 08:24:05]cl_getDriver.py(72): Open NewTab->https://kabuoji3.com/stock/4613/1992/
[2021-03-17 08:24:06]cl_getDriver.py(127): click_Success->//*[@id="base_box"]/div/div[3]/form/button
[2021-03-17 08:24:07]cl_getDriver.py(127): click_Success->//*[@id="base_box"]/div/div[3]/form/button
[2021-03-17 08:24:07]cl_getDriver.py(72): Open NewTab->https://kabuoji3.com/stock/4615/1999/
[2021-03-17 08:24:08]cl_getDriver.py(127): click_Success->//*[@id="base_box"]/div/div[3]/form/button
[2021-03-17 08:24:08]cl_getDriver.py(127): click_Success->//*[@id="base_box"]/div/div[3]/form/button
[2021-03-17 08:24:09]cl_getDriver.py(72): Open NewTab->https://kabuoji3.com/stock/4613/1991/
[2021-03-17 08:24:10]cl_getDriver.py(127): click_Success->//*[@id="base_box"]/div/div[3]/form/button
[2021-03-17 08:24:10]cl_getDriver.py(127): click_Success->//*[@id="base_box"]/div/div[3]/form/button
[2021-03-17 08:24:11]cl_getDriver.py(72): Open NewTab->https://kabuoji3.com/stock/4615/1998/
[2021-03-17 08:24:12]cl_getDriver.py(127): click_Success->//*[@id="base_box"]/div/div[3]/form/button
[2021-03-17 08:24:12]cl_getDriver.py(127): click_Success->//*[@id="base_box"]/div/div[3]/form/button
[2021-03-17 08:24:12]cl_getDriver.py(72): Open NewTab->https://kabuoji3.com/stock/4613/1990/
[2021-03-17 08:24:13]cl_getDriver.py(127): click_Success->//*[@id="base_box"]/div/div[3]/form/button
[2021-03-17 08:24:14]cl_getDriver.py(127): click_Success->//*[@id="base_box"]/div/div[3]/form/button
[2021-03-17 08:24:14]cl_getDriver.py(72): Open NewTab->https://kabuoji3.com/stock/4615/1997/
[2021-03-17 08:24:15]cl_getDriver.py(127): click_Success->//*[@id="base_box"]/div/div[3]/form/button
[2021-03-17 08:24:16]cl_getDriver.py(127): click_Success->//*[@id="base_box"]/div/div[3]/form/button
[2021-03-17 08:24:16]cl_getDriver.py(72): Open NewTab->https://kabuoji3.com/stock/4613/1989/
[2021-03-17 08:24:17]cl_getDriver.py(127): click_Success->//*[@id="base_box"]/div/div[3]/form/button
[2021-03-17 08:24:18]cl_getDriver.py(127): click_Success->//*[@id="base_box"]/div/div[3]/form/button
[2021-03-17 08:24:18]cl_getDriver.py(72): Open NewTab->https://kabuoji3.com/stock/4615/1996/
[2021-03-17 08:24:19]cl_getDriver.py(127): click_Success->//*[@id="base_box"]/div/div[3]/form/button
[2021-03-17 08:24:19]cl_getDriver.py(127): click_Success->//*[@id="base_box"]/div/div[3]/form/button
[2021-03-17 08:24:20]cl_getDriver.py(72): Open NewTab->https://kabuoji3.com/stock/4613/1988/
[2021-03-17 08:24:21]cl_getDriver.py(127): click_Success->//*[@id="base_box"]/div/div[3]/form/button
[2021-03-17 08:24:21]cl_getDriver.py(127): click_Success->//*[@id="base_box"]/div/div[3]/form/button
[2021-03-17 08:24:21]cl_getDriver.py(72): Open NewTab->https://kabuoji3.com/stock/4615/1995/
[2021-03-17 08:24:22]cl_getDriver.py(127): click_Success->//*[@id="base_box"]/div/div[3]/form/button
[2021-03-17 08:24:23]cl_getDriver.py(127): click_Success->//*[@id="base_box"]/div/div[3]/form/button
[2021-03-17 08:24:23]cl_getDriver.py(72): Open NewTab->https://kabuoji3.com/stock/4613/1987/
[2021-03-17 08:24:24]cl_getDriver.py(127): click_Success->//*[@id="base_box"]/div/div[3]/form/button
[2021-03-17 08:24:25]cl_getDriver.py(127): click_Success->//*[@id="base_box"]/div/div[3]/form/button
[2021-03-17 08:24:25]cl_getDriver.py(72): Open NewTab->https://kabuoji3.com/stock/4615/1994/
[2021-03-17 08:24:26]cl_getDriver.py(127): click_Success->//*[@id="base_box"]/div/div[3]/form/button
[2021-03-17 08:24:26]cl_getDriver.py(127): click_Success->//*[@id="base_box"]/div/div[3]/form/button
[2021-03-17 08:24:27]cl_getDriver.py(72): Open NewTab->https://kabuoji3.com/stock/4613/1986/
[2021-03-17 08:24:28]cl_getDriver.py(127): click_Success->//*[@id="base_box"]/div/div[3]/form/button
[2021-03-17 08:24:28]cl_getDriver.py(127): click_Success->//*[@id="base_box"]/div/div[3]/form/button
[2021-03-17 08:24:29]cl_getDriver.py(72): Open NewTab->https://kabuoji3.com/stock/4615/1993/
[2021-03-17 08:24:29]cl_getDriver.py(127): click_Success->//*[@id="base_box"]/div/div[3]/form/button
[2021-03-17 08:24:30]cl_getDriver.py(127): click_Success->//*[@id="base_box"]/div/div[3]/form/button
[2021-03-17 08:24:30]cl_getDriver.py(72): Open NewTab->https://kabuoji3.com/stock/4613/1985/
[2021-03-17 08:24:31]cl_getDriver.py(127): click_Success->//*[@id="base_box"]/div/div[3]/form/button
[2021-03-17 08:24:32]cl_getDriver.py(127): click_Success->//*[@id="base_box"]/div/div[3]/form/button
[2021-03-17 08:24:32]cl_getDriver.py(72): Open NewTab->https://kabuoji3.com/stock/4615/1992/
[2021-03-17 08:24:33]cl_getDriver.py(127): click_Success->//*[@id="base_box"]/div/div[3]/form/button
[2021-03-17 08:24:34]cl_getDriver.py(127): click_Success->//*[@id="base_box"]/div/div[3]/form/button
[2021-03-17 08:24:34]cl_getDriver.py(72): Open NewTab->https://kabuoji3.com/stock/4613/1984/
[2021-03-17 08:24:35]cl_getDriver.py(127): click_Success->//*[@id="base_box"]/div/div[3]/form/button
[2021-03-17 08:24:35]cl_getDriver.py(127): click_Success->//*[@id="base_box"]/div/div[3]/form/button
[2021-03-17 08:24:36]cl_getDriver.py(72): Open NewTab->https://kabuoji3.com/stock/4615/1991/
[2021-03-17 08:24:37]cl_getDriver.py(127): click_Success->//*[@id="base_box"]/div/div[3]/form/button
[2021-03-17 08:24:37]cl_getDriver.py(127): click_Success->//*[@id="base_box"]/div/div[3]/form/button
[2021-03-17 08:24:38]cl_getDriver.py(72): Open NewTab->https://kabuoji3.com/stock/4613/1983/
[2021-03-17 08:24:39]cl_getDriver.py(127): click_Success->//*[@id="base_box"]/div/div[3]/form/button
[2021-03-17 08:24:39]cl_getDriver.py(127): click_Success->//*[@id="base_box"]/div/div[3]/form/button
[2021-03-17 08:24:39]cl_getDriver.py(72): Open NewTab->https://kabuoji3.com/stock/4615/1990/
[2021-03-17 08:24:40]cl_getDriver.py(127): click_Success->//*[@id="base_box"]/div/div[3]/form/button
[2021-03-17 08:24:41]cl_getDriver.py(127): click_Success->//*[@id="base_box"]/div/div[3]/form/button
[2021-03-17 08:24:42]cl_getDriver.py(127): click_Success->//*[@id="base_box"]/div/div[3]/form/button
[2021-03-17 08:24:43]cl_getDriver.py(72): Open NewTab->https://kabuoji3.com/stock/4615/1989/
[2021-03-17 08:24:44]cl_getDriver.py(127): click_Success->//*[@id="base_box"]/div/div[3]/form/button
[2021-03-17 08:24:45]main.py(42): finished Process->https://kabuoji3.com/stock/4613/
[2021-03-17 08:24:45]main.py(15): start_Process->https://kabuoji3.com/stock/4616/
[2021-03-17 08:24:46]cl_getDriver.py(127): click_Success->//*[@id="base_box"]/div/div[3]/form/button
[2021-03-17 08:24:46]cl_getDriver.py(72): Open NewTab->https://kabuoji3.com/stock/4615/1988/
[2021-03-17 08:24:47]cl_getDriver.py(127): click_Success->//*[@id="base_box"]/div/div[3]/form/button
[2021-03-17 08:24:50]cl_getDriver.py(127): click_Success->//*[@id="base_box"]/div/div[3]/form/button
[2021-03-17 08:24:50]cl_getDriver.py(72): Open NewTab->https://kabuoji3.com/stock/4615/1987/
[2021-03-17 08:24:51]cl_getDriver.py(64): getURL=https://kabuoji3.com/stock/4616/
[2021-03-17 08:24:51]cl_getDriver.py(127): click_Success->//*[@id="base_box"]/div/div[3]/form/button
[2021-03-17 08:24:52]cl_getDriver.py(72): Open NewTab->https://kabuoji3.com/stock/4616/
[2021-03-17 08:24:52]cl_getDriver.py(130): Not Found->//*[@id="base_box"]/div/div[3]/form/button
[2021-03-17 08:24:54]cl_getDriver.py(127): click_Success->//*[@id="base_box"]/div/div[3]/form/button
[2021-03-17 08:24:54]cl_getDriver.py(72): Open NewTab->https://kabuoji3.com/stock/4615/1986/
[2021-03-17 08:24:54]cl_getDriver.py(130): Not Found->//*[@id="base_box"]/div/div[3]/form/button
[2021-03-17 08:24:55]cl_getDriver.py(72): Open NewTab->https://kabuoji3.com/stock/4616/2021/
[2021-03-17 08:24:56]cl_getDriver.py(127): click_Success->//*[@id="base_box"]/div/div[3]/form/button
[2021-03-17 08:24:56]cl_getDriver.py(127): click_Success->//*[@id="base_box"]/div/div[3]/form/button
[2021-03-17 08:24:58]cl_getDriver.py(127): click_Success->//*[@id="base_box"]/div/div[3]/form/button
[2021-03-17 08:24:58]cl_getDriver.py(127): click_Success->//*[@id="base_box"]/div/div[3]/form/button
[2021-03-17 08:24:59]cl_getDriver.py(72): Open NewTab->https://kabuoji3.com/stock/4615/1985/
[2021-03-17 08:24:59]cl_getDriver.py(72): Open NewTab->https://kabuoji3.com/stock/4616/2020/
[2021-03-17 08:25:00]cl_getDriver.py(127): click_Success->//*[@id="base_box"]/div/div[3]/form/button
[2021-03-17 08:25:00]cl_getDriver.py(127): click_Success->//*[@id="base_box"]/div/div[3]/form/button
[2021-03-17 08:25:02]cl_getDriver.py(127): click_Success->//*[@id="base_box"]/div/div[3]/form/button
[2021-03-17 08:25:03]cl_getDriver.py(127): click_Success->//*[@id="base_box"]/div/div[3]/form/button
[2021-03-17 08:25:03]cl_getDriver.py(72): Open NewTab->https://kabuoji3.com/stock/4615/1984/
[2021-03-17 08:25:03]cl_getDriver.py(72): Open NewTab->https://kabuoji3.com/stock/4616/2019/
[2021-03-17 08:25:04]cl_getDriver.py(127): click_Success->//*[@id="base_box"]/div/div[3]/form/button
[2021-03-17 08:25:05]cl_getDriver.py(127): click_Success->//*[@id="base_box"]/div/div[3]/form/button
[2021-03-17 08:25:07]cl_getDriver.py(127): click_Success->//*[@id="base_box"]/div/div[3]/form/button
[2021-03-17 08:25:07]cl_getDriver.py(127): click_Success->//*[@id="base_box"]/div/div[3]/form/button
[2021-03-17 08:25:07]cl_getDriver.py(72): Open NewTab->https://kabuoji3.com/stock/4616/2018/
[2021-03-17 08:25:07]cl_getDriver.py(72): Open NewTab->https://kabuoji3.com/stock/4615/1983/
[2021-03-17 08:25:09]cl_getDriver.py(127): click_Success->//*[@id="base_box"]/div/div[3]/form/button
[2021-03-17 08:25:09]cl_getDriver.py(127): click_Success->//*[@id="base_box"]/div/div[3]/form/button
[2021-03-17 08:25:11]cl_getDriver.py(127): click_Success->//*[@id="base_box"]/div/div[3]/form/button
[2021-03-17 08:25:11]cl_getDriver.py(127): click_Success->//*[@id="base_box"]/div/div[3]/form/button
[2021-03-17 08:25:12]cl_getDriver.py(72): Open NewTab->https://kabuoji3.com/stock/4616/2017/
[2021-03-17 08:25:13]cl_getDriver.py(127): click_Success->//*[@id="base_box"]/div/div[3]/form/button
[2021-03-17 08:25:14]main.py(42): finished Process->https://kabuoji3.com/stock/4615/
[2021-03-17 08:25:14]main.py(15): start_Process->https://kabuoji3.com/stock/4617/
[2021-03-17 08:25:15]cl_getDriver.py(127): click_Success->//*[@id="base_box"]/div/div[3]/form/button
[2021-03-17 08:25:15]cl_getDriver.py(72): Open NewTab->https://kabuoji3.com/stock/4616/2016/
[2021-03-17 08:25:16]cl_getDriver.py(127): click_Success->//*[@id="base_box"]/div/div[3]/form/button
[2021-03-17 08:25:18]cl_getDriver.py(127): click_Success->//*[@id="base_box"]/div/div[3]/form/button
[2021-03-17 08:25:19]cl_getDriver.py(72): Open NewTab->https://kabuoji3.com/stock/4616/2015/
[2021-03-17 08:25:20]cl_getDriver.py(127): click_Success->//*[@id="base_box"]/div/div[3]/form/button
[2021-03-17 08:25:21]cl_getDriver.py(64): getURL=https://kabuoji3.com/stock/4617/
[2021-03-17 08:25:22]cl_getDriver.py(72): Open NewTab->https://kabuoji3.com/stock/4617/
[2021-03-17 08:25:22]cl_getDriver.py(127): click_Success->//*[@id="base_box"]/div/div[3]/form/button
[2021-03-17 08:25:23]cl_getDriver.py(130): Not Found->//*[@id="base_box"]/div/div[3]/form/button
[2021-03-17 08:25:23]cl_getDriver.py(72): Open NewTab->https://kabuoji3.com/stock/4616/2014/
[2021-03-17 08:25:24]cl_getDriver.py(127): click_Success->//*[@id="base_box"]/div/div[3]/form/button
[2021-03-17 08:25:25]cl_getDriver.py(130): Not Found->//*[@id="base_box"]/div/div[3]/form/button
[2021-03-17 08:25:25]cl_getDriver.py(72): Open NewTab->https://kabuoji3.com/stock/4617/2021/
[2021-03-17 08:25:26]cl_getDriver.py(127): click_Success->//*[@id="base_box"]/div/div[3]/form/button
[2021-03-17 08:25:26]cl_getDriver.py(127): click_Success->//*[@id="base_box"]/div/div[3]/form/button
[2021-03-17 08:25:26]cl_getDriver.py(72): Open NewTab->https://kabuoji3.com/stock/4616/2013/
[2021-03-17 08:25:27]cl_getDriver.py(127): click_Success->//*[@id="base_box"]/div/div[3]/form/button
[2021-03-17 08:25:28]cl_getDriver.py(127): click_Success->//*[@id="base_box"]/div/div[3]/form/button
[2021-03-17 08:25:28]cl_getDriver.py(72): Open NewTab->https://kabuoji3.com/stock/4617/2020/
[2021-03-17 08:25:29]cl_getDriver.py(127): click_Success->//*[@id="base_box"]/div/div[3]/form/button
[2021-03-17 08:25:29]cl_getDriver.py(127): click_Success->//*[@id="base_box"]/div/div[3]/form/button
[2021-03-17 08:25:30]cl_getDriver.py(72): Open NewTab->https://kabuoji3.com/stock/4616/2012/
[2021-03-17 08:25:31]cl_getDriver.py(127): click_Success->//*[@id="base_box"]/div/div[3]/form/button
[2021-03-17 08:25:32]cl_getDriver.py(127): click_Success->//*[@id="base_box"]/div/div[3]/form/button
[2021-03-17 08:25:32]cl_getDriver.py(72): Open NewTab->https://kabuoji3.com/stock/4617/2019/
[2021-03-17 08:25:33]cl_getDriver.py(127): click_Success->//*[@id="base_box"]/div/div[3]/form/button
[2021-03-17 08:25:34]cl_getDriver.py(127): click_Success->//*[@id="base_box"]/div/div[3]/form/button
[2021-03-17 08:25:34]cl_getDriver.py(72): Open NewTab->https://kabuoji3.com/stock/4616/2011/
[2021-03-17 08:25:35]cl_getDriver.py(127): click_Success->//*[@id="base_box"]/div/div[3]/form/button
[2021-03-17 08:25:36]cl_getDriver.py(127): click_Success->//*[@id="base_box"]/div/div[3]/form/button
[2021-03-17 08:25:36]cl_getDriver.py(72): Open NewTab->https://kabuoji3.com/stock/4617/2018/
[2021-03-17 08:25:37]cl_getDriver.py(127): click_Success->//*[@id="base_box"]/div/div[3]/form/button
[2021-03-17 08:25:37]cl_getDriver.py(127): click_Success->//*[@id="base_box"]/div/div[3]/form/button
[2021-03-17 08:25:38]cl_getDriver.py(72): Open NewTab->https://kabuoji3.com/stock/4616/2010/
[2021-03-17 08:25:39]cl_getDriver.py(127): click_Success->//*[@id="base_box"]/div/div[3]/form/button
[2021-03-17 08:25:40]cl_getDriver.py(127): click_Success->//*[@id="base_box"]/div/div[3]/form/button
[2021-03-17 08:25:40]cl_getDriver.py(72): Open NewTab->https://kabuoji3.com/stock/4617/2017/
[2021-03-17 08:25:41]cl_getDriver.py(127): click_Success->//*[@id="base_box"]/div/div[3]/form/button
[2021-03-17 08:25:41]cl_getDriver.py(127): click_Success->//*[@id="base_box"]/div/div[3]/form/button
[2021-03-17 08:25:41]cl_getDriver.py(72): Open NewTab->https://kabuoji3.com/stock/4616/2009/
[2021-03-17 08:25:42]cl_getDriver.py(127): click_Success->//*[@id="base_box"]/div/div[3]/form/button
[2021-03-17 08:25:43]cl_getDriver.py(127): click_Success->//*[@id="base_box"]/div/div[3]/form/button
[2021-03-17 08:25:43]cl_getDriver.py(72): Open NewTab->https://kabuoji3.com/stock/4617/2016/
[2021-03-17 08:25:44]cl_getDriver.py(127): click_Success->//*[@id="base_box"]/div/div[3]/form/button
[2021-03-17 08:25:45]cl_getDriver.py(127): click_Success->//*[@id="base_box"]/div/div[3]/form/button
[2021-03-17 08:25:45]cl_getDriver.py(72): Open NewTab->https://kabuoji3.com/stock/4616/2008/
[2021-03-17 08:25:46]cl_getDriver.py(127): click_Success->//*[@id="base_box"]/div/div[3]/form/button
[2021-03-17 08:25:47]cl_getDriver.py(127): click_Success->//*[@id="base_box"]/div/div[3]/form/button
[2021-03-17 08:25:47]cl_getDriver.py(72): Open NewTab->https://kabuoji3.com/stock/4617/2015/
[2021-03-17 08:25:48]cl_getDriver.py(127): click_Success->//*[@id="base_box"]/div/div[3]/form/button
[2021-03-17 08:25:48]cl_getDriver.py(127): click_Success->//*[@id="base_box"]/div/div[3]/form/button
[2021-03-17 08:25:49]cl_getDriver.py(72): Open NewTab->https://kabuoji3.com/stock/4616/2007/
[2021-03-17 08:25:50]cl_getDriver.py(127): click_Success->//*[@id="base_box"]/div/div[3]/form/button
[2021-03-17 08:25:50]cl_getDriver.py(127): click_Success->//*[@id="base_box"]/div/div[3]/form/button
[2021-03-17 08:25:51]cl_getDriver.py(72): Open NewTab->https://kabuoji3.com/stock/4617/2014/
[2021-03-17 08:25:52]cl_getDriver.py(127): click_Success->//*[@id="base_box"]/div/div[3]/form/button
[2021-03-17 08:25:52]cl_getDriver.py(127): click_Success->//*[@id="base_box"]/div/div[3]/form/button
[2021-03-17 08:25:52]cl_getDriver.py(72): Open NewTab->https://kabuoji3.com/stock/4616/2006/
[2021-03-17 08:25:53]cl_getDriver.py(127): click_Success->//*[@id="base_box"]/div/div[3]/form/button
[2021-03-17 08:25:54]cl_getDriver.py(127): click_Success->//*[@id="base_box"]/div/div[3]/form/button
[2021-03-17 08:25:54]cl_getDriver.py(72): Open NewTab->https://kabuoji3.com/stock/4617/2013/
[2021-03-17 08:25:55]cl_getDriver.py(127): click_Success->//*[@id="base_box"]/div/div[3]/form/button
[2021-03-17 08:25:57]cl_getDriver.py(127): click_Success->//*[@id="base_box"]/div/div[3]/form/button
[2021-03-17 08:25:58]cl_getDriver.py(72): Open NewTab->https://kabuoji3.com/stock/4617/2012/
[2021-03-17 08:25:59]cl_getDriver.py(127): click_Success->//*[@id="base_box"]/div/div[3]/form/button
[2021-03-17 08:26:01]cl_getDriver.py(127): click_Success->//*[@id="base_box"]/div/div[3]/form/button
[2021-03-17 08:26:01]cl_getDriver.py(72): Open NewTab->https://kabuoji3.com/stock/4616/2005/
[2021-03-17 08:26:01]cl_getDriver.py(127): click_Success->//*[@id="base_box"]/div/div[3]/form/button
[2021-03-17 08:26:02]cl_getDriver.py(72): Open NewTab->https://kabuoji3.com/stock/4617/2011/
[2021-03-17 08:26:03]cl_getDriver.py(127): click_Success->//*[@id="base_box"]/div/div[3]/form/button
[2021-03-17 08:26:04]cl_getDriver.py(127): click_Success->//*[@id="base_box"]/div/div[3]/form/button
[2021-03-17 08:26:05]cl_getDriver.py(127): click_Success->//*[@id="base_box"]/div/div[3]/form/button
[2021-03-17 08:26:06]cl_getDriver.py(72): Open NewTab->https://kabuoji3.com/stock/4616/2004/
[2021-03-17 08:26:06]cl_getDriver.py(127): click_Success->//*[@id="base_box"]/div/div[3]/form/button
[2021-03-17 08:26:07]cl_getDriver.py(72): Open NewTab->https://kabuoji3.com/stock/4617/2010/
[2021-03-17 08:26:07]cl_getDriver.py(127): click_Success->//*[@id="base_box"]/div/div[3]/form/button
[2021-03-17 08:26:08]cl_getDriver.py(127): click_Success->//*[@id="base_box"]/div/div[3]/form/button
[2021-03-17 08:26:09]cl_getDriver.py(127): click_Success->//*[@id="base_box"]/div/div[3]/form/button
[2021-03-17 08:26:10]cl_getDriver.py(72): Open NewTab->https://kabuoji3.com/stock/4616/2003/
[2021-03-17 08:26:10]cl_getDriver.py(127): click_Success->//*[@id="base_box"]/div/div[3]/form/button
[2021-03-17 08:26:10]cl_getDriver.py(72): Open NewTab->https://kabuoji3.com/stock/4617/2009/
[2021-03-17 08:26:11]cl_getDriver.py(127): click_Success->//*[@id="base_box"]/div/div[3]/form/button
[2021-03-17 08:26:12]cl_getDriver.py(127): click_Success->//*[@id="base_box"]/div/div[3]/form/button
[2021-03-17 08:26:13]cl_getDriver.py(127): click_Success->//*[@id="base_box"]/div/div[3]/form/button
[2021-03-17 08:26:14]cl_getDriver.py(72): Open NewTab->https://kabuoji3.com/stock/4616/2002/
[2021-03-17 08:26:14]cl_getDriver.py(127): click_Success->//*[@id="base_box"]/div/div[3]/form/button
[2021-03-17 08:26:14]cl_getDriver.py(72): Open NewTab->https://kabuoji3.com/stock/4617/2008/
[2021-03-17 08:26:15]cl_getDriver.py(127): click_Success->//*[@id="base_box"]/div/div[3]/form/button
[2021-03-17 08:26:15]cl_getDriver.py(127): click_Success->//*[@id="base_box"]/div/div[3]/form/button
[2021-03-17 08:26:17]cl_getDriver.py(127): click_Success->//*[@id="base_box"]/div/div[3]/form/button
[2021-03-17 08:26:18]cl_getDriver.py(72): Open NewTab->https://kabuoji3.com/stock/4616/2001/
[2021-03-17 08:26:18]cl_getDriver.py(127): click_Success->//*[@id="base_box"]/div/div[3]/form/button
[2021-03-17 08:26:18]cl_getDriver.py(72): Open NewTab->https://kabuoji3.com/stock/4617/2007/
[2021-03-17 08:26:19]cl_getDriver.py(127): click_Success->//*[@id="base_box"]/div/div[3]/form/button
[2021-03-17 08:26:20]cl_getDriver.py(127): click_Success->//*[@id="base_box"]/div/div[3]/form/button
[2021-03-17 08:26:21]cl_getDriver.py(127): click_Success->//*[@id="base_box"]/div/div[3]/form/button
[2021-03-17 08:26:22]cl_getDriver.py(72): Open NewTab->https://kabuoji3.com/stock/4616/2000/
[2021-03-17 08:26:23]cl_getDriver.py(127): click_Success->//*[@id="base_box"]/div/div[3]/form/button
[2021-03-17 08:26:23]cl_getDriver.py(127): click_Success->//*[@id="base_box"]/div/div[3]/form/button
[2021-03-17 08:26:23]cl_getDriver.py(72): Open NewTab->https://kabuoji3.com/stock/4617/2006/
[2021-03-17 08:26:24]cl_getDriver.py(127): click_Success->//*[@id="base_box"]/div/div[3]/form/button
[2021-03-17 08:26:25]cl_getDriver.py(127): click_Success->//*[@id="base_box"]/div/div[3]/form/button
[2021-03-17 08:26:25]cl_getDriver.py(72): Open NewTab->https://kabuoji3.com/stock/4616/1999/
[2021-03-17 08:26:26]cl_getDriver.py(127): click_Success->//*[@id="base_box"]/div/div[3]/form/button
[2021-03-17 08:26:26]cl_getDriver.py(127): click_Success->//*[@id="base_box"]/div/div[3]/form/button
[2021-03-17 08:26:27]cl_getDriver.py(72): Open NewTab->https://kabuoji3.com/stock/4617/2005/
[2021-03-17 08:26:28]cl_getDriver.py(127): click_Success->//*[@id="base_box"]/div/div[3]/form/button
[2021-03-17 08:26:29]cl_getDriver.py(127): click_Success->//*[@id="base_box"]/div/div[3]/form/button
[2021-03-17 08:26:29]cl_getDriver.py(72): Open NewTab->https://kabuoji3.com/stock/4616/1998/
[2021-03-17 08:26:30]cl_getDriver.py(127): click_Success->//*[@id="base_box"]/div/div[3]/form/button
[2021-03-17 08:26:30]cl_getDriver.py(127): click_Success->//*[@id="base_box"]/div/div[3]/form/button
[2021-03-17 08:26:31]cl_getDriver.py(72): Open NewTab->https://kabuoji3.com/stock/4617/2004/
[2021-03-17 08:26:32]cl_getDriver.py(127): click_Success->//*[@id="base_box"]/div/div[3]/form/button
[2021-03-17 08:26:32]cl_getDriver.py(127): click_Success->//*[@id="base_box"]/div/div[3]/form/button
[2021-03-17 08:26:32]cl_getDriver.py(72): Open NewTab->https://kabuoji3.com/stock/4616/1997/
[2021-03-17 08:26:33]cl_getDriver.py(127): click_Success->//*[@id="base_box"]/div/div[3]/form/button
[2021-03-17 08:26:34]cl_getDriver.py(127): click_Success->//*[@id="base_box"]/div/div[3]/form/button
[2021-03-17 08:26:35]cl_getDriver.py(72): Open NewTab->https://kabuoji3.com/stock/4617/2003/
[2021-03-17 08:26:35]cl_getDriver.py(127): click_Success->//*[@id="base_box"]/div/div[3]/form/button
[2021-03-17 08:26:36]cl_getDriver.py(127): click_Success->//*[@id="base_box"]/div/div[3]/form/button
[2021-03-17 08:26:36]cl_getDriver.py(72): Open NewTab->https://kabuoji3.com/stock/4616/1996/
[2021-03-17 08:26:37]cl_getDriver.py(127): click_Success->//*[@id="base_box"]/div/div[3]/form/button
[2021-03-17 08:26:38]cl_getDriver.py(127): click_Success->//*[@id="base_box"]/div/div[3]/form/button
[2021-03-17 08:26:38]cl_getDriver.py(72): Open NewTab->https://kabuoji3.com/stock/4617/2002/
[2021-03-17 08:26:39]cl_getDriver.py(127): click_Success->//*[@id="base_box"]/div/div[3]/form/button
[2021-03-17 08:26:39]cl_getDriver.py(127): click_Success->//*[@id="base_box"]/div/div[3]/form/button
[2021-03-17 08:26:40]cl_getDriver.py(72): Open NewTab->https://kabuoji3.com/stock/4616/1995/
[2021-03-17 08:26:41]cl_getDriver.py(127): click_Success->//*[@id="base_box"]/div/div[3]/form/button
[2021-03-17 08:26:41]cl_getDriver.py(127): click_Success->//*[@id="base_box"]/div/div[3]/form/button
[2021-03-17 08:26:42]cl_getDriver.py(72): Open NewTab->https://kabuoji3.com/stock/4617/2001/
[2021-03-17 08:26:43]cl_getDriver.py(127): click_Success->//*[@id="base_box"]/div/div[3]/form/button
[2021-03-17 08:26:43]cl_getDriver.py(127): click_Success->//*[@id="base_box"]/div/div[3]/form/button
[2021-03-17 08:26:43]cl_getDriver.py(72): Open NewTab->https://kabuoji3.com/stock/4616/1994/
[2021-03-17 08:26:44]cl_getDriver.py(127): click_Success->//*[@id="base_box"]/div/div[3]/form/button
[2021-03-17 08:26:45]cl_getDriver.py(127): click_Success->//*[@id="base_box"]/div/div[3]/form/button
[2021-03-17 08:26:45]cl_getDriver.py(72): Open NewTab->https://kabuoji3.com/stock/4617/2000/
[2021-03-17 08:26:46]cl_getDriver.py(127): click_Success->//*[@id="base_box"]/div/div[3]/form/button
[2021-03-17 08:26:47]cl_getDriver.py(127): click_Success->//*[@id="base_box"]/div/div[3]/form/button
[2021-03-17 08:26:47]cl_getDriver.py(72): Open NewTab->https://kabuoji3.com/stock/4616/1993/
[2021-03-17 08:26:48]cl_getDriver.py(127): click_Success->//*[@id="base_box"]/div/div[3]/form/button
[2021-03-17 08:26:49]cl_getDriver.py(127): click_Success->//*[@id="base_box"]/div/div[3]/form/button
[2021-03-17 08:26:49]cl_getDriver.py(72): Open NewTab->https://kabuoji3.com/stock/4617/1999/
[2021-03-17 08:26:50]cl_getDriver.py(127): click_Success->//*[@id="base_box"]/div/div[3]/form/button
[2021-03-17 08:26:50]cl_getDriver.py(127): click_Success->//*[@id="base_box"]/div/div[3]/form/button
[2021-03-17 08:26:50]cl_getDriver.py(72): Open NewTab->https://kabuoji3.com/stock/4616/1992/
[2021-03-17 08:26:51]cl_getDriver.py(127): click_Success->//*[@id="base_box"]/div/div[3]/form/button
[2021-03-17 08:26:53]cl_getDriver.py(127): click_Success->//*[@id="base_box"]/div/div[3]/form/button
[2021-03-17 08:26:53]cl_getDriver.py(72): Open NewTab->https://kabuoji3.com/stock/4617/1998/
[2021-03-17 08:26:54]cl_getDriver.py(127): click_Success->//*[@id="base_box"]/div/div[3]/form/button
[2021-03-17 08:26:54]cl_getDriver.py(72): Open NewTab->https://kabuoji3.com/stock/4616/1991/
[2021-03-17 08:26:55]cl_getDriver.py(127): click_Success->//*[@id="base_box"]/div/div[3]/form/button
[2021-03-17 08:26:55]cl_getDriver.py(127): click_Success->//*[@id="base_box"]/div/div[3]/form/button
[2021-03-17 08:26:57]cl_getDriver.py(127): click_Success->//*[@id="base_box"]/div/div[3]/form/button
[2021-03-17 08:26:57]cl_getDriver.py(72): Open NewTab->https://kabuoji3.com/stock/4617/1997/
[2021-03-17 08:26:57]cl_getDriver.py(127): click_Success->//*[@id="base_box"]/div/div[3]/form/button
[2021-03-17 08:26:58]cl_getDriver.py(72): Open NewTab->https://kabuoji3.com/stock/4616/1990/
[2021-03-17 08:26:59]cl_getDriver.py(127): click_Success->//*[@id="base_box"]/div/div[3]/form/button
[2021-03-17 08:26:59]cl_getDriver.py(127): click_Success->//*[@id="base_box"]/div/div[3]/form/button
[2021-03-17 08:27:01]cl_getDriver.py(127): click_Success->//*[@id="base_box"]/div/div[3]/form/button
[2021-03-17 08:27:01]cl_getDriver.py(72): Open NewTab->https://kabuoji3.com/stock/4617/1996/
[2021-03-17 08:27:01]cl_getDriver.py(127): click_Success->//*[@id="base_box"]/div/div[3]/form/button
[2021-03-17 08:27:02]cl_getDriver.py(72): Open NewTab->https://kabuoji3.com/stock/4616/1989/
[2021-03-17 08:27:03]cl_getDriver.py(127): click_Success->//*[@id="base_box"]/div/div[3]/form/button
[2021-03-17 08:27:03]cl_getDriver.py(127): click_Success->//*[@id="base_box"]/div/div[3]/form/button
[2021-03-17 08:27:05]cl_getDriver.py(127): click_Success->//*[@id="base_box"]/div/div[3]/form/button
[2021-03-17 08:27:05]cl_getDriver.py(72): Open NewTab->https://kabuoji3.com/stock/4617/1995/
[2021-03-17 08:27:05]cl_getDriver.py(127): click_Success->//*[@id="base_box"]/div/div[3]/form/button
[2021-03-17 08:27:06]cl_getDriver.py(72): Open NewTab->https://kabuoji3.com/stock/4616/1988/
[2021-03-17 08:27:07]cl_getDriver.py(127): click_Success->//*[@id="base_box"]/div/div[3]/form/button
[2021-03-17 08:27:07]cl_getDriver.py(127): click_Success->//*[@id="base_box"]/div/div[3]/form/button
[2021-03-17 08:27:09]cl_getDriver.py(127): click_Success->//*[@id="base_box"]/div/div[3]/form/button
[2021-03-17 08:27:09]cl_getDriver.py(72): Open NewTab->https://kabuoji3.com/stock/4617/1994/
[2021-03-17 08:27:09]cl_getDriver.py(127): click_Success->//*[@id="base_box"]/div/div[3]/form/button
[2021-03-17 08:27:10]cl_getDriver.py(72): Open NewTab->https://kabuoji3.com/stock/4616/1987/
[2021-03-17 08:27:11]cl_getDriver.py(127): click_Success->//*[@id="base_box"]/div/div[3]/form/button
[2021-03-17 08:27:11]cl_getDriver.py(127): click_Success->//*[@id="base_box"]/div/div[3]/form/button
[2021-03-17 08:27:13]cl_getDriver.py(127): click_Success->//*[@id="base_box"]/div/div[3]/form/button
[2021-03-17 08:27:13]cl_getDriver.py(72): Open NewTab->https://kabuoji3.com/stock/4617/1993/
[2021-03-17 08:27:13]cl_getDriver.py(127): click_Success->//*[@id="base_box"]/div/div[3]/form/button
[2021-03-17 08:27:14]cl_getDriver.py(72): Open NewTab->https://kabuoji3.com/stock/4616/1986/
[2021-03-17 08:27:15]cl_getDriver.py(127): click_Success->//*[@id="base_box"]/div/div[3]/form/button
[2021-03-17 08:27:15]cl_getDriver.py(127): click_Success->//*[@id="base_box"]/div/div[3]/form/button
[2021-03-17 08:27:17]cl_getDriver.py(127): click_Success->//*[@id="base_box"]/div/div[3]/form/button
[2021-03-17 08:27:17]cl_getDriver.py(72): Open NewTab->https://kabuoji3.com/stock/4617/1992/
[2021-03-17 08:27:18]cl_getDriver.py(127): click_Success->//*[@id="base_box"]/div/div[3]/form/button
[2021-03-17 08:27:18]cl_getDriver.py(72): Open NewTab->https://kabuoji3.com/stock/4616/1985/
[2021-03-17 08:27:19]cl_getDriver.py(127): click_Success->//*[@id="base_box"]/div/div[3]/form/button
[2021-03-17 08:27:19]cl_getDriver.py(127): click_Success->//*[@id="base_box"]/div/div[3]/form/button
[2021-03-17 08:27:21]cl_getDriver.py(127): click_Success->//*[@id="base_box"]/div/div[3]/form/button
[2021-03-17 08:27:21]cl_getDriver.py(72): Open NewTab->https://kabuoji3.com/stock/4617/1991/
[2021-03-17 08:27:22]cl_getDriver.py(127): click_Success->//*[@id="base_box"]/div/div[3]/form/button
[2021-03-17 08:27:22]cl_getDriver.py(72): Open NewTab->https://kabuoji3.com/stock/4616/1984/
[2021-03-17 08:27:23]cl_getDriver.py(127): click_Success->//*[@id="base_box"]/div/div[3]/form/button
[2021-03-17 08:27:23]cl_getDriver.py(127): click_Success->//*[@id="base_box"]/div/div[3]/form/button
[2021-03-17 08:27:25]cl_getDriver.py(127): click_Success->//*[@id="base_box"]/div/div[3]/form/button
[2021-03-17 08:27:25]cl_getDriver.py(72): Open NewTab->https://kabuoji3.com/stock/4617/1990/
[2021-03-17 08:27:26]cl_getDriver.py(127): click_Success->//*[@id="base_box"]/div/div[3]/form/button
[2021-03-17 08:27:26]cl_getDriver.py(72): Open NewTab->https://kabuoji3.com/stock/4616/1983/
[2021-03-17 08:27:27]cl_getDriver.py(127): click_Success->//*[@id="base_box"]/div/div[3]/form/button
[2021-03-17 08:27:27]cl_getDriver.py(127): click_Success->//*[@id="base_box"]/div/div[3]/form/button
[2021-03-17 08:27:29]cl_getDriver.py(127): click_Success->//*[@id="base_box"]/div/div[3]/form/button
[2021-03-17 08:27:29]cl_getDriver.py(72): Open NewTab->https://kabuoji3.com/stock/4617/1989/
[2021-03-17 08:27:30]cl_getDriver.py(127): click_Success->//*[@id="base_box"]/div/div[3]/form/button
[2021-03-17 08:27:31]cl_getDriver.py(127): click_Success->//*[@id="base_box"]/div/div[3]/form/button
[2021-03-17 08:27:33]cl_getDriver.py(127): click_Success->//*[@id="base_box"]/div/div[3]/form/button
[2021-03-17 08:27:33]cl_getDriver.py(72): Open NewTab->https://kabuoji3.com/stock/4617/1988/
[2021-03-17 08:27:34]main.py(42): finished Process->https://kabuoji3.com/stock/4616/
[2021-03-17 08:27:34]main.py(15): start_Process->https://kabuoji3.com/stock/4619/
[2021-03-17 08:27:34]cl_getDriver.py(127): click_Success->//*[@id="base_box"]/div/div[3]/form/button
[2021-03-17 08:27:36]cl_getDriver.py(127): click_Success->//*[@id="base_box"]/div/div[3]/form/button
[2021-03-17 08:27:37]cl_getDriver.py(72): Open NewTab->https://kabuoji3.com/stock/4617/1987/
[2021-03-17 08:27:38]cl_getDriver.py(127): click_Success->//*[@id="base_box"]/div/div[3]/form/button
[2021-03-17 08:27:39]cl_getDriver.py(64): getURL=https://kabuoji3.com/stock/4619/
[2021-03-17 08:27:40]cl_getDriver.py(72): Open NewTab->https://kabuoji3.com/stock/4619/
[2021-03-17 08:27:40]cl_getDriver.py(127): click_Success->//*[@id="base_box"]/div/div[3]/form/button
[2021-03-17 08:27:40]cl_getDriver.py(72): Open NewTab->https://kabuoji3.com/stock/4617/1986/
[2021-03-17 08:27:41]cl_getDriver.py(130): Not Found->//*[@id="base_box"]/div/div[3]/form/button
[2021-03-17 08:27:42]cl_getDriver.py(127): click_Success->//*[@id="base_box"]/div/div[3]/form/button
[2021-03-17 08:27:43]cl_getDriver.py(130): Not Found->//*[@id="base_box"]/div/div[3]/form/button
[2021-03-17 08:27:43]cl_getDriver.py(72): Open NewTab->https://kabuoji3.com/stock/4619/2021/
[2021-03-17 08:27:44]cl_getDriver.py(127): click_Success->//*[@id="base_box"]/div/div[3]/form/button
[2021-03-17 08:27:44]cl_getDriver.py(127): click_Success->//*[@id="base_box"]/div/div[3]/form/button
[2021-03-17 08:27:44]cl_getDriver.py(72): Open NewTab->https://kabuoji3.com/stock/4617/1985/
[2021-03-17 08:27:45]cl_getDriver.py(127): click_Success->//*[@id="base_box"]/div/div[3]/form/button
[2021-03-17 08:27:47]cl_getDriver.py(127): click_Success->//*[@id="base_box"]/div/div[3]/form/button
[2021-03-17 08:27:47]cl_getDriver.py(72): Open NewTab->https://kabuoji3.com/stock/4619/2020/
[2021-03-17 08:27:48]cl_getDriver.py(127): click_Success->//*[@id="base_box"]/div/div[3]/form/button
[2021-03-17 08:27:48]cl_getDriver.py(72): Open NewTab->https://kabuoji3.com/stock/4617/1984/
[2021-03-17 08:27:48]cl_getDriver.py(127): click_Success->//*[@id="base_box"]/div/div[3]/form/button
[2021-03-17 08:27:49]cl_getDriver.py(127): click_Success->//*[@id="base_box"]/div/div[3]/form/button
[2021-03-17 08:27:51]cl_getDriver.py(127): click_Success->//*[@id="base_box"]/div/div[3]/form/button
[2021-03-17 08:27:51]cl_getDriver.py(72): Open NewTab->https://kabuoji3.com/stock/4619/2019/
[2021-03-17 08:27:52]cl_getDriver.py(127): click_Success->//*[@id="base_box"]/div/div[3]/form/button
[2021-03-17 08:27:52]cl_getDriver.py(127): click_Success->//*[@id="base_box"]/div/div[3]/form/button
[2021-03-17 08:27:52]cl_getDriver.py(72): Open NewTab->https://kabuoji3.com/stock/4617/1983/
[2021-03-17 08:27:53]cl_getDriver.py(127): click_Success->//*[@id="base_box"]/div/div[3]/form/button
[2021-03-17 08:27:54]cl_getDriver.py(127): click_Success->//*[@id="base_box"]/div/div[3]/form/button
[2021-03-17 08:27:55]cl_getDriver.py(72): Open NewTab->https://kabuoji3.com/stock/4619/2018/
[2021-03-17 08:27:55]cl_getDriver.py(127): click_Success->//*[@id="base_box"]/div/div[3]/form/button
[2021-03-17 08:27:56]cl_getDriver.py(127): click_Success->//*[@id="base_box"]/div/div[3]/form/button
[2021-03-17 08:27:58]cl_getDriver.py(127): click_Success->//*[@id="base_box"]/div/div[3]/form/button
[2021-03-17 08:27:58]cl_getDriver.py(72): Open NewTab->https://kabuoji3.com/stock/4619/2017/
[2021-03-17 08:27:59]cl_getDriver.py(127): click_Success->//*[@id="base_box"]/div/div[3]/form/button
[2021-03-17 08:28:00]main.py(42): finished Process->https://kabuoji3.com/stock/4617/
[2021-03-17 08:28:00]main.py(15): start_Process->https://kabuoji3.com/stock/4620/
[2021-03-17 08:28:02]cl_getDriver.py(127): click_Success->//*[@id="base_box"]/div/div[3]/form/button
[2021-03-17 08:28:02]cl_getDriver.py(72): Open NewTab->https://kabuoji3.com/stock/4619/2016/
[2021-03-17 08:28:03]cl_getDriver.py(127): click_Success->//*[@id="base_box"]/div/div[3]/form/button
[2021-03-17 08:28:05]cl_getDriver.py(64): getURL=https://kabuoji3.com/stock/4620/
[2021-03-17 08:28:05]cl_getDriver.py(72): Open NewTab->https://kabuoji3.com/stock/4620/
[2021-03-17 08:28:06]cl_getDriver.py(127): click_Success->//*[@id="base_box"]/div/div[3]/form/button
[2021-03-17 08:28:06]cl_getDriver.py(72): Open NewTab->https://kabuoji3.com/stock/4619/2015/
[2021-03-17 08:28:06]cl_getDriver.py(130): Not Found->//*[@id="base_box"]/div/div[3]/form/button
[2021-03-17 08:28:07]cl_getDriver.py(127): click_Success->//*[@id="base_box"]/div/div[3]/form/button
[2021-03-17 08:28:08]cl_getDriver.py(130): Not Found->//*[@id="base_box"]/div/div[3]/form/button
[2021-03-17 08:28:09]cl_getDriver.py(72): Open NewTab->https://kabuoji3.com/stock/4620/2021/
[2021-03-17 08:28:10]cl_getDriver.py(127): click_Success->//*[@id="base_box"]/div/div[3]/form/button
[2021-03-17 08:28:10]cl_getDriver.py(127): click_Success->//*[@id="base_box"]/div/div[3]/form/button
[2021-03-17 08:28:10]cl_getDriver.py(72): Open NewTab->https://kabuoji3.com/stock/4619/2014/
[2021-03-17 08:28:11]cl_getDriver.py(127): click_Success->//*[@id="base_box"]/div/div[3]/form/button
[2021-03-17 08:28:12]cl_getDriver.py(127): click_Success->//*[@id="base_box"]/div/div[3]/form/button
[2021-03-17 08:28:12]cl_getDriver.py(72): Open NewTab->https://kabuoji3.com/stock/4620/2020/
[2021-03-17 08:28:13]cl_getDriver.py(127): click_Success->//*[@id="base_box"]/div/div[3]/form/button
[2021-03-17 08:28:13]cl_getDriver.py(127): click_Success->//*[@id="base_box"]/div/div[3]/form/button
[2021-03-17 08:28:14]cl_getDriver.py(72): Open NewTab->https://kabuoji3.com/stock/4619/2013/
[2021-03-17 08:28:14]cl_getDriver.py(127): click_Success->//*[@id="base_box"]/div/div[3]/form/button
[2021-03-17 08:28:15]cl_getDriver.py(127): click_Success->//*[@id="base_box"]/div/div[3]/form/button
[2021-03-17 08:28:16]cl_getDriver.py(72): Open NewTab->https://kabuoji3.com/stock/4620/2019/
[2021-03-17 08:28:17]cl_getDriver.py(127): click_Success->//*[@id="base_box"]/div/div[3]/form/button
[2021-03-17 08:28:17]cl_getDriver.py(127): click_Success->//*[@id="base_box"]/div/div[3]/form/button
[2021-03-17 08:28:17]cl_getDriver.py(72): Open NewTab->https://kabuoji3.com/stock/4619/2012/
[2021-03-17 08:28:18]cl_getDriver.py(127): click_Success->//*[@id="base_box"]/div/div[3]/form/button
[2021-03-17 08:28:19]cl_getDriver.py(127): click_Success->//*[@id="base_box"]/div/div[3]/form/button
[2021-03-17 08:28:19]cl_getDriver.py(72): Open NewTab->https://kabuoji3.com/stock/4620/2018/
[2021-03-17 08:28:20]cl_getDriver.py(127): click_Success->//*[@id="base_box"]/div/div[3]/form/button
[2021-03-17 08:28:20]cl_getDriver.py(127): click_Success->//*[@id="base_box"]/div/div[3]/form/button
[2021-03-17 08:28:21]cl_getDriver.py(72): Open NewTab->https://kabuoji3.com/stock/4619/2011/
[2021-03-17 08:28:22]cl_getDriver.py(127): click_Success->//*[@id="base_box"]/div/div[3]/form/button
[2021-03-17 08:28:23]cl_getDriver.py(127): click_Success->//*[@id="base_box"]/div/div[3]/form/button
[2021-03-17 08:28:23]cl_getDriver.py(72): Open NewTab->https://kabuoji3.com/stock/4620/2017/
[2021-03-17 08:28:24]cl_getDriver.py(127): click_Success->//*[@id="base_box"]/div/div[3]/form/button
[2021-03-17 08:28:24]cl_getDriver.py(127): click_Success->//*[@id="base_box"]/div/div[3]/form/button
[2021-03-17 08:28:25]cl_getDriver.py(72): Open NewTab->https://kabuoji3.com/stock/4619/2010/
[2021-03-17 08:28:26]cl_getDriver.py(127): click_Success->//*[@id="base_box"]/div/div[3]/form/button
[2021-03-17 08:28:26]cl_getDriver.py(127): click_Success->//*[@id="base_box"]/div/div[3]/form/button
[2021-03-17 08:28:27]cl_getDriver.py(72): Open NewTab->https://kabuoji3.com/stock/4620/2016/
[2021-03-17 08:28:28]cl_getDriver.py(127): click_Success->//*[@id="base_box"]/div/div[3]/form/button
[2021-03-17 08:28:28]cl_getDriver.py(127): click_Success->//*[@id="base_box"]/div/div[3]/form/button
[2021-03-17 08:28:28]cl_getDriver.py(72): Open NewTab->https://kabuoji3.com/stock/4619/2009/
[2021-03-17 08:28:29]cl_getDriver.py(127): click_Success->//*[@id="base_box"]/div/div[3]/form/button
[2021-03-17 08:28:30]cl_getDriver.py(127): click_Success->//*[@id="base_box"]/div/div[3]/form/button
[2021-03-17 08:28:30]cl_getDriver.py(72): Open NewTab->https://kabuoji3.com/stock/4620/2015/
[2021-03-17 08:28:31]cl_getDriver.py(127): click_Success->//*[@id="base_box"]/div/div[3]/form/button
[2021-03-17 08:28:32]cl_getDriver.py(127): click_Success->//*[@id="base_box"]/div/div[3]/form/button
[2021-03-17 08:28:32]cl_getDriver.py(72): Open NewTab->https://kabuoji3.com/stock/4619/2008/
[2021-03-17 08:28:33]cl_getDriver.py(127): click_Success->//*[@id="base_box"]/div/div[3]/form/button
[2021-03-17 08:28:34]cl_getDriver.py(127): click_Success->//*[@id="base_box"]/div/div[3]/form/button
[2021-03-17 08:28:34]cl_getDriver.py(72): Open NewTab->https://kabuoji3.com/stock/4620/2014/
[2021-03-17 08:28:35]cl_getDriver.py(127): click_Success->//*[@id="base_box"]/div/div[3]/form/button
[2021-03-17 08:28:35]cl_getDriver.py(127): click_Success->//*[@id="base_box"]/div/div[3]/form/button
[2021-03-17 08:28:36]cl_getDriver.py(72): Open NewTab->https://kabuoji3.com/stock/4619/2007/
[2021-03-17 08:28:37]cl_getDriver.py(127): click_Success->//*[@id="base_box"]/div/div[3]/form/button
[2021-03-17 08:28:37]cl_getDriver.py(127): click_Success->//*[@id="base_box"]/div/div[3]/form/button
[2021-03-17 08:28:38]cl_getDriver.py(72): Open NewTab->https://kabuoji3.com/stock/4620/2013/
[2021-03-17 08:28:39]cl_getDriver.py(127): click_Success->//*[@id="base_box"]/div/div[3]/form/button
[2021-03-17 08:28:39]cl_getDriver.py(127): click_Success->//*[@id="base_box"]/div/div[3]/form/button
[2021-03-17 08:28:39]cl_getDriver.py(72): Open NewTab->https://kabuoji3.com/stock/4619/2006/
[2021-03-17 08:28:40]cl_getDriver.py(127): click_Success->//*[@id="base_box"]/div/div[3]/form/button
[2021-03-17 08:28:41]cl_getDriver.py(127): click_Success->//*[@id="base_box"]/div/div[3]/form/button
[2021-03-17 08:28:41]cl_getDriver.py(72): Open NewTab->https://kabuoji3.com/stock/4620/2012/
[2021-03-17 08:28:42]cl_getDriver.py(127): click_Success->//*[@id="base_box"]/div/div[3]/form/button
[2021-03-17 08:28:43]cl_getDriver.py(127): click_Success->//*[@id="base_box"]/div/div[3]/form/button
[2021-03-17 08:28:43]cl_getDriver.py(72): Open NewTab->https://kabuoji3.com/stock/4619/2005/
[2021-03-17 08:28:44]cl_getDriver.py(127): click_Success->//*[@id="base_box"]/div/div[3]/form/button
[2021-03-17 08:28:45]cl_getDriver.py(72): Open NewTab->https://kabuoji3.com/stock/4620/2011/
[2021-03-17 08:28:45]cl_getDriver.py(127): click_Success->//*[@id="base_box"]/div/div[3]/form/button
[2021-03-17 08:28:46]cl_getDriver.py(127): click_Success->//*[@id="base_box"]/div/div[3]/form/button
[2021-03-17 08:28:47]cl_getDriver.py(127): click_Success->//*[@id="base_box"]/div/div[3]/form/button
[2021-03-17 08:28:48]cl_getDriver.py(72): Open NewTab->https://kabuoji3.com/stock/4619/2004/
[2021-03-17 08:28:48]cl_getDriver.py(127): click_Success->//*[@id="base_box"]/div/div[3]/form/button
[2021-03-17 08:28:49]cl_getDriver.py(72): Open NewTab->https://kabuoji3.com/stock/4620/2010/
[2021-03-17 08:28:49]cl_getDriver.py(127): click_Success->//*[@id="base_box"]/div/div[3]/form/button
[2021-03-17 08:28:50]cl_getDriver.py(127): click_Success->//*[@id="base_box"]/div/div[3]/form/button
[2021-03-17 08:28:52]cl_getDriver.py(127): click_Success->//*[@id="base_box"]/div/div[3]/form/button
[2021-03-17 08:28:52]cl_getDriver.py(72): Open NewTab->https://kabuoji3.com/stock/4619/2003/
[2021-03-17 08:28:52]cl_getDriver.py(127): click_Success->//*[@id="base_box"]/div/div[3]/form/button
[2021-03-17 08:28:53]cl_getDriver.py(72): Open NewTab->https://kabuoji3.com/stock/4620/2009/
[2021-03-17 08:28:53]cl_getDriver.py(127): click_Success->//*[@id="base_box"]/div/div[3]/form/button
[2021-03-17 08:28:54]cl_getDriver.py(127): click_Success->//*[@id="base_box"]/div/div[3]/form/button
[2021-03-17 08:28:56]cl_getDriver.py(127): click_Success->//*[@id="base_box"]/div/div[3]/form/button
[2021-03-17 08:28:56]cl_getDriver.py(72): Open NewTab->https://kabuoji3.com/stock/4619/2002/
[2021-03-17 08:28:56]cl_getDriver.py(127): click_Success->//*[@id="base_box"]/div/div[3]/form/button
[2021-03-17 08:28:57]cl_getDriver.py(72): Open NewTab->https://kabuoji3.com/stock/4620/2008/
[2021-03-17 08:28:58]cl_getDriver.py(127): click_Success->//*[@id="base_box"]/div/div[3]/form/button
[2021-03-17 08:28:58]cl_getDriver.py(127): click_Success->//*[@id="base_box"]/div/div[3]/form/button
[2021-03-17 08:29:00]cl_getDriver.py(127): click_Success->//*[@id="base_box"]/div/div[3]/form/button
[2021-03-17 08:29:00]cl_getDriver.py(72): Open NewTab->https://kabuoji3.com/stock/4619/2001/
[2021-03-17 08:29:00]cl_getDriver.py(127): click_Success->//*[@id="base_box"]/div/div[3]/form/button
[2021-03-17 08:29:01]cl_getDriver.py(72): Open NewTab->https://kabuoji3.com/stock/4620/2007/
[2021-03-17 08:29:02]cl_getDriver.py(127): click_Success->//*[@id="base_box"]/div/div[3]/form/button
[2021-03-17 08:29:02]cl_getDriver.py(127): click_Success->//*[@id="base_box"]/div/div[3]/form/button
[2021-03-17 08:29:04]cl_getDriver.py(127): click_Success->//*[@id="base_box"]/div/div[3]/form/button
[2021-03-17 08:29:04]cl_getDriver.py(72): Open NewTab->https://kabuoji3.com/stock/4619/2000/
[2021-03-17 08:29:05]cl_getDriver.py(127): click_Success->//*[@id="base_box"]/div/div[3]/form/button
[2021-03-17 08:29:05]cl_getDriver.py(72): Open NewTab->https://kabuoji3.com/stock/4620/2006/
[2021-03-17 08:29:06]cl_getDriver.py(127): click_Success->//*[@id="base_box"]/div/div[3]/form/button
[2021-03-17 08:29:06]cl_getDriver.py(127): click_Success->//*[@id="base_box"]/div/div[3]/form/button
[2021-03-17 08:29:08]cl_getDriver.py(127): click_Success->//*[@id="base_box"]/div/div[3]/form/button
[2021-03-17 08:29:09]cl_getDriver.py(72): Open NewTab->https://kabuoji3.com/stock/4619/1999/
[2021-03-17 08:29:09]cl_getDriver.py(127): click_Success->//*[@id="base_box"]/div/div[3]/form/button
[2021-03-17 08:29:09]cl_getDriver.py(72): Open NewTab->https://kabuoji3.com/stock/4620/2005/
[2021-03-17 08:29:10]cl_getDriver.py(127): click_Success->//*[@id="base_box"]/div/div[3]/form/button
[2021-03-17 08:29:10]cl_getDriver.py(127): click_Success->//*[@id="base_box"]/div/div[3]/form/button
[2021-03-17 08:29:12]cl_getDriver.py(127): click_Success->//*[@id="base_box"]/div/div[3]/form/button
[2021-03-17 08:29:13]cl_getDriver.py(72): Open NewTab->https://kabuoji3.com/stock/4619/1998/
[2021-03-17 08:29:13]cl_getDriver.py(127): click_Success->//*[@id="base_box"]/div/div[3]/form/button
[2021-03-17 08:29:13]cl_getDriver.py(72): Open NewTab->https://kabuoji3.com/stock/4620/2004/
[2021-03-17 08:29:14]cl_getDriver.py(127): click_Success->//*[@id="base_box"]/div/div[3]/form/button
[2021-03-17 08:29:15]cl_getDriver.py(127): click_Success->//*[@id="base_box"]/div/div[3]/form/button
[2021-03-17 08:29:16]cl_getDriver.py(127): click_Success->//*[@id="base_box"]/div/div[3]/form/button
[2021-03-17 08:29:17]cl_getDriver.py(72): Open NewTab->https://kabuoji3.com/stock/4619/1997/
[2021-03-17 08:29:17]cl_getDriver.py(127): click_Success->//*[@id="base_box"]/div/div[3]/form/button
[2021-03-17 08:29:17]cl_getDriver.py(72): Open NewTab->https://kabuoji3.com/stock/4620/2003/
[2021-03-17 08:29:18]cl_getDriver.py(127): click_Success->//*[@id="base_box"]/div/div[3]/form/button
[2021-03-17 08:29:19]cl_getDriver.py(127): click_Success->//*[@id="base_box"]/div/div[3]/form/button
[2021-03-17 08:29:21]cl_getDriver.py(127): click_Success->//*[@id="base_box"]/div/div[3]/form/button
[2021-03-17 08:29:21]cl_getDriver.py(72): Open NewTab->https://kabuoji3.com/stock/4619/1996/
[2021-03-17 08:29:21]cl_getDriver.py(127): click_Success->//*[@id="base_box"]/div/div[3]/form/button
[2021-03-17 08:29:22]cl_getDriver.py(72): Open NewTab->https://kabuoji3.com/stock/4620/2002/
[2021-03-17 08:29:22]cl_getDriver.py(127): click_Success->//*[@id="base_box"]/div/div[3]/form/button
[2021-03-17 08:29:23]cl_getDriver.py(127): click_Success->//*[@id="base_box"]/div/div[3]/form/button
[2021-03-17 08:29:25]cl_getDriver.py(127): click_Success->//*[@id="base_box"]/div/div[3]/form/button
[2021-03-17 08:29:25]cl_getDriver.py(72): Open NewTab->https://kabuoji3.com/stock/4619/1995/
[2021-03-17 08:29:25]cl_getDriver.py(127): click_Success->//*[@id="base_box"]/div/div[3]/form/button
[2021-03-17 08:29:26]cl_getDriver.py(72): Open NewTab->https://kabuoji3.com/stock/4620/2001/
[2021-03-17 08:29:27]cl_getDriver.py(127): click_Success->//*[@id="base_box"]/div/div[3]/form/button
[2021-03-17 08:29:27]cl_getDriver.py(127): click_Success->//*[@id="base_box"]/div/div[3]/form/button
[2021-03-17 08:29:29]cl_getDriver.py(127): click_Success->//*[@id="base_box"]/div/div[3]/form/button
[2021-03-17 08:29:29]cl_getDriver.py(72): Open NewTab->https://kabuoji3.com/stock/4619/1994/
[2021-03-17 08:29:29]cl_getDriver.py(127): click_Success->//*[@id="base_box"]/div/div[3]/form/button
[2021-03-17 08:29:30]cl_getDriver.py(72): Open NewTab->https://kabuoji3.com/stock/4620/2000/
[2021-03-17 08:29:31]cl_getDriver.py(127): click_Success->//*[@id="base_box"]/div/div[3]/form/button
[2021-03-17 08:29:32]cl_getDriver.py(127): click_Success->//*[@id="base_box"]/div/div[3]/form/button
[2021-03-17 08:29:33]cl_getDriver.py(127): click_Success->//*[@id="base_box"]/div/div[3]/form/button
[2021-03-17 08:29:33]cl_getDriver.py(72): Open NewTab->https://kabuoji3.com/stock/4620/1999/
[2021-03-17 08:29:34]cl_getDriver.py(127): click_Success->//*[@id="base_box"]/div/div[3]/form/button
[2021-03-17 08:29:35]cl_getDriver.py(127): click_Success->//*[@id="base_box"]/div/div[3]/form/button
[2021-03-17 08:29:35]cl_getDriver.py(72): Open NewTab->https://kabuoji3.com/stock/4619/1993/
[2021-03-17 08:29:36]cl_getDriver.py(127): click_Success->//*[@id="base_box"]/div/div[3]/form/button
[2021-03-17 08:29:37]cl_getDriver.py(127): click_Success->//*[@id="base_box"]/div/div[3]/form/button
[2021-03-17 08:29:37]cl_getDriver.py(72): Open NewTab->https://kabuoji3.com/stock/4620/1998/
[2021-03-17 08:29:38]cl_getDriver.py(127): click_Success->//*[@id="base_box"]/div/div[3]/form/button
[2021-03-17 08:29:39]cl_getDriver.py(72): Open NewTab->https://kabuoji3.com/stock/4619/1992/
[2021-03-17 08:29:39]cl_getDriver.py(127): click_Success->//*[@id="base_box"]/div/div[3]/form/button
[2021-03-17 08:29:40]cl_getDriver.py(127): click_Success->//*[@id="base_box"]/div/div[3]/form/button
[2021-03-17 08:29:41]cl_getDriver.py(127): click_Success->//*[@id="base_box"]/div/div[3]/form/button
[2021-03-17 08:29:41]cl_getDriver.py(72): Open NewTab->https://kabuoji3.com/stock/4620/1997/
[2021-03-17 08:29:42]cl_getDriver.py(127): click_Success->//*[@id="base_box"]/div/div[3]/form/button
[2021-03-17 08:29:42]cl_getDriver.py(72): Open NewTab->https://kabuoji3.com/stock/4619/1991/
[2021-03-17 08:29:42]cl_getDriver.py(127): click_Success->//*[@id="base_box"]/div/div[3]/form/button
[2021-03-17 08:29:43]cl_getDriver.py(127): click_Success->//*[@id="base_box"]/div/div[3]/form/button
[2021-03-17 08:29:45]cl_getDriver.py(127): click_Success->//*[@id="base_box"]/div/div[3]/form/button
[2021-03-17 08:29:45]cl_getDriver.py(72): Open NewTab->https://kabuoji3.com/stock/4620/1996/
[2021-03-17 08:29:46]cl_getDriver.py(127): click_Success->//*[@id="base_box"]/div/div[3]/form/button
[2021-03-17 08:29:46]cl_getDriver.py(72): Open NewTab->https://kabuoji3.com/stock/4619/1990/
[2021-03-17 08:29:46]cl_getDriver.py(127): click_Success->//*[@id="base_box"]/div/div[3]/form/button
[2021-03-17 08:29:47]cl_getDriver.py(127): click_Success->//*[@id="base_box"]/div/div[3]/form/button
[2021-03-17 08:29:49]cl_getDriver.py(127): click_Success->//*[@id="base_box"]/div/div[3]/form/button
[2021-03-17 08:29:49]cl_getDriver.py(72): Open NewTab->https://kabuoji3.com/stock/4620/1995/
[2021-03-17 08:29:50]cl_getDriver.py(127): click_Success->//*[@id="base_box"]/div/div[3]/form/button
[2021-03-17 08:29:50]cl_getDriver.py(72): Open NewTab->https://kabuoji3.com/stock/4619/1989/
[2021-03-17 08:29:50]cl_getDriver.py(127): click_Success->//*[@id="base_box"]/div/div[3]/form/button
[2021-03-17 08:29:51]cl_getDriver.py(127): click_Success->//*[@id="base_box"]/div/div[3]/form/button
[2021-03-17 08:29:53]cl_getDriver.py(127): click_Success->//*[@id="base_box"]/div/div[3]/form/button
[2021-03-17 08:29:53]cl_getDriver.py(72): Open NewTab->https://kabuoji3.com/stock/4620/1994/
[2021-03-17 08:29:53]cl_getDriver.py(127): click_Success->//*[@id="base_box"]/div/div[3]/form/button
[2021-03-17 08:29:54]cl_getDriver.py(72): Open NewTab->https://kabuoji3.com/stock/4619/1988/
[2021-03-17 08:29:55]cl_getDriver.py(127): click_Success->//*[@id="base_box"]/div/div[3]/form/button
[2021-03-17 08:29:55]cl_getDriver.py(127): click_Success->//*[@id="base_box"]/div/div[3]/form/button
[2021-03-17 08:29:57]cl_getDriver.py(127): click_Success->//*[@id="base_box"]/div/div[3]/form/button
[2021-03-17 08:29:57]cl_getDriver.py(127): click_Success->//*[@id="base_box"]/div/div[3]/form/button
[2021-03-17 08:29:57]cl_getDriver.py(72): Open NewTab->https://kabuoji3.com/stock/4620/1993/
[2021-03-17 08:29:58]cl_getDriver.py(72): Open NewTab->https://kabuoji3.com/stock/4619/1987/
[2021-03-17 08:29:59]cl_getDriver.py(127): click_Success->//*[@id="base_box"]/div/div[3]/form/button
[2021-03-17 08:29:59]cl_getDriver.py(127): click_Success->//*[@id="base_box"]/div/div[3]/form/button
[2021-03-17 08:30:01]cl_getDriver.py(127): click_Success->//*[@id="base_box"]/div/div[3]/form/button
[2021-03-17 08:30:01]cl_getDriver.py(127): click_Success->//*[@id="base_box"]/div/div[3]/form/button
[2021-03-17 08:30:02]cl_getDriver.py(72): Open NewTab->https://kabuoji3.com/stock/4620/1992/
[2021-03-17 08:30:02]cl_getDriver.py(72): Open NewTab->https://kabuoji3.com/stock/4619/1986/
[2021-03-17 08:30:03]cl_getDriver.py(127): click_Success->//*[@id="base_box"]/div/div[3]/form/button
[2021-03-17 08:30:03]cl_getDriver.py(127): click_Success->//*[@id="base_box"]/div/div[3]/form/button
[2021-03-17 08:30:05]cl_getDriver.py(127): click_Success->//*[@id="base_box"]/div/div[3]/form/button
[2021-03-17 08:30:05]cl_getDriver.py(127): click_Success->//*[@id="base_box"]/div/div[3]/form/button
[2021-03-17 08:30:06]cl_getDriver.py(72): Open NewTab->https://kabuoji3.com/stock/4620/1991/
[2021-03-17 08:30:06]cl_getDriver.py(72): Open NewTab->https://kabuoji3.com/stock/4619/1985/
[2021-03-17 08:30:07]cl_getDriver.py(127): click_Success->//*[@id="base_box"]/div/div[3]/form/button
[2021-03-17 08:30:07]cl_getDriver.py(127): click_Success->//*[@id="base_box"]/div/div[3]/form/button
[2021-03-17 08:30:10]cl_getDriver.py(127): click_Success->//*[@id="base_box"]/div/div[3]/form/button
[2021-03-17 08:30:10]cl_getDriver.py(127): click_Success->//*[@id="base_box"]/div/div[3]/form/button
[2021-03-17 08:30:10]cl_getDriver.py(72): Open NewTab->https://kabuoji3.com/stock/4619/1984/
[2021-03-17 08:30:10]cl_getDriver.py(72): Open NewTab->https://kabuoji3.com/stock/4620/1990/
[2021-03-17 08:30:12]cl_getDriver.py(127): click_Success->//*[@id="base_box"]/div/div[3]/form/button
[2021-03-17 08:30:12]cl_getDriver.py(127): click_Success->//*[@id="base_box"]/div/div[3]/form/button
[2021-03-17 08:30:14]cl_getDriver.py(127): click_Success->//*[@id="base_box"]/div/div[3]/form/button
[2021-03-17 08:30:14]cl_getDriver.py(127): click_Success->//*[@id="base_box"]/div/div[3]/form/button
[2021-03-17 08:30:15]cl_getDriver.py(72): Open NewTab->https://kabuoji3.com/stock/4619/1983/
[2021-03-17 08:30:15]cl_getDriver.py(72): Open NewTab->https://kabuoji3.com/stock/4620/1989/
[2021-03-17 08:30:16]cl_getDriver.py(127): click_Success->//*[@id="base_box"]/div/div[3]/form/button
[2021-03-17 08:30:16]cl_getDriver.py(127): click_Success->//*[@id="base_box"]/div/div[3]/form/button
[2021-03-17 08:30:18]cl_getDriver.py(127): click_Success->//*[@id="base_box"]/div/div[3]/form/button
[2021-03-17 08:30:18]cl_getDriver.py(127): click_Success->//*[@id="base_box"]/div/div[3]/form/button
[2021-03-17 08:30:19]cl_getDriver.py(72): Open NewTab->https://kabuoji3.com/stock/4620/1988/
[2021-03-17 08:30:20]cl_getDriver.py(127): click_Success->//*[@id="base_box"]/div/div[3]/form/button
[2021-03-17 08:30:21]main.py(42): finished Process->https://kabuoji3.com/stock/4619/
[2021-03-17 08:30:21]main.py(15): start_Process->https://kabuoji3.com/stock/4621/
[2021-03-17 08:30:22]cl_getDriver.py(127): click_Success->//*[@id="base_box"]/div/div[3]/form/button
[2021-03-17 08:30:22]cl_getDriver.py(72): Open NewTab->https://kabuoji3.com/stock/4620/1987/
[2021-03-17 08:30:24]cl_getDriver.py(127): click_Success->//*[@id="base_box"]/div/div[3]/form/button
[2021-03-17 08:30:28]cl_getDriver.py(64): getURL=https://kabuoji3.com/stock/4621/
[2021-03-17 08:30:28]cl_getDriver.py(72): Open NewTab->https://kabuoji3.com/stock/4621/
[2021-03-17 08:30:29]cl_getDriver.py(127): click_Success->//*[@id="base_box"]/div/div[3]/form/button
[2021-03-17 08:30:29]cl_getDriver.py(72): Open NewTab->https://kabuoji3.com/stock/4620/1986/
[2021-03-17 08:30:29]cl_getDriver.py(130): Not Found->//*[@id="base_box"]/div/div[3]/form/button
[2021-03-17 08:30:30]cl_getDriver.py(127): click_Success->//*[@id="base_box"]/div/div[3]/form/button
[2021-03-17 08:30:31]cl_getDriver.py(130): Not Found->//*[@id="base_box"]/div/div[3]/form/button
[2021-03-17 08:30:31]cl_getDriver.py(72): Open NewTab->https://kabuoji3.com/stock/4621/2021/
[2021-03-17 08:30:32]cl_getDriver.py(127): click_Success->//*[@id="base_box"]/div/div[3]/form/button
[2021-03-17 08:30:32]cl_getDriver.py(127): click_Success->//*[@id="base_box"]/div/div[3]/form/button
[2021-03-17 08:30:33]cl_getDriver.py(72): Open NewTab->https://kabuoji3.com/stock/4620/1985/
[2021-03-17 08:30:34]cl_getDriver.py(127): click_Success->//*[@id="base_box"]/div/div[3]/form/button
[2021-03-17 08:30:34]cl_getDriver.py(127): click_Success->//*[@id="base_box"]/div/div[3]/form/button
[2021-03-17 08:30:35]cl_getDriver.py(72): Open NewTab->https://kabuoji3.com/stock/4621/2020/
[2021-03-17 08:30:36]cl_getDriver.py(127): click_Success->//*[@id="base_box"]/div/div[3]/form/button
[2021-03-17 08:30:36]cl_getDriver.py(127): click_Success->//*[@id="base_box"]/div/div[3]/form/button
[2021-03-17 08:30:37]cl_getDriver.py(72): Open NewTab->https://kabuoji3.com/stock/4620/1984/
[2021-03-17 08:30:38]cl_getDriver.py(127): click_Success->//*[@id="base_box"]/div/div[3]/form/button
[2021-03-17 08:30:38]cl_getDriver.py(127): click_Success->//*[@id="base_box"]/div/div[3]/form/button
[2021-03-17 08:30:38]cl_getDriver.py(72): Open NewTab->https://kabuoji3.com/stock/4621/2019/
[2021-03-17 08:30:40]cl_getDriver.py(127): click_Success->//*[@id="base_box"]/div/div[3]/form/button
[2021-03-17 08:30:40]cl_getDriver.py(127): click_Success->//*[@id="base_box"]/div/div[3]/form/button
[2021-03-17 08:30:40]cl_getDriver.py(72): Open NewTab->https://kabuoji3.com/stock/4620/1983/
[2021-03-17 08:30:41]cl_getDriver.py(127): click_Success->//*[@id="base_box"]/div/div[3]/form/button
[2021-03-17 08:30:42]cl_getDriver.py(127): click_Success->//*[@id="base_box"]/div/div[3]/form/button
[2021-03-17 08:30:42]cl_getDriver.py(72): Open NewTab->https://kabuoji3.com/stock/4621/2018/
[2021-03-17 08:30:43]cl_getDriver.py(127): click_Success->//*[@id="base_box"]/div/div[3]/form/button
[2021-03-17 08:30:44]cl_getDriver.py(127): click_Success->//*[@id="base_box"]/div/div[3]/form/button
[2021-03-17 08:30:45]cl_getDriver.py(127): click_Success->//*[@id="base_box"]/div/div[3]/form/button
[2021-03-17 08:30:46]cl_getDriver.py(72): Open NewTab->https://kabuoji3.com/stock/4621/2017/
[2021-03-17 08:30:47]cl_getDriver.py(127): click_Success->//*[@id="base_box"]/div/div[3]/form/button
[2021-03-17 08:30:48]main.py(42): finished Process->https://kabuoji3.com/stock/4620/
[2021-03-17 08:30:48]main.py(15): start_Process->https://kabuoji3.com/stock/4623/
[2021-03-17 08:30:49]cl_getDriver.py(127): click_Success->//*[@id="base_box"]/div/div[3]/form/button
[2021-03-17 08:30:50]cl_getDriver.py(72): Open NewTab->https://kabuoji3.com/stock/4621/2016/
[2021-03-17 08:30:51]cl_getDriver.py(127): click_Success->//*[@id="base_box"]/div/div[3]/form/button
[2021-03-17 08:30:53]cl_getDriver.py(127): click_Success->//*[@id="base_box"]/div/div[3]/form/button
[2021-03-17 08:30:54]cl_getDriver.py(72): Open NewTab->https://kabuoji3.com/stock/4621/2015/
[2021-03-17 08:30:54]cl_getDriver.py(64): getURL=https://kabuoji3.com/stock/4623/
[2021-03-17 08:30:54]cl_getDriver.py(72): Open NewTab->https://kabuoji3.com/stock/4623/
[2021-03-17 08:30:55]cl_getDriver.py(127): click_Success->//*[@id="base_box"]/div/div[3]/form/button
[2021-03-17 08:30:55]cl_getDriver.py(130): Not Found->//*[@id="base_box"]/div/div[3]/form/button
[2021-03-17 08:30:57]cl_getDriver.py(127): click_Success->//*[@id="base_box"]/div/div[3]/form/button
[2021-03-17 08:30:57]cl_getDriver.py(130): Not Found->//*[@id="base_box"]/div/div[3]/form/button
[2021-03-17 08:30:57]cl_getDriver.py(72): Open NewTab->https://kabuoji3.com/stock/4621/2014/
[2021-03-17 08:30:57]cl_getDriver.py(72): Open NewTab->https://kabuoji3.com/stock/4623/2021/
[2021-03-17 08:30:59]cl_getDriver.py(127): click_Success->//*[@id="base_box"]/div/div[3]/form/button
[2021-03-17 08:30:59]cl_getDriver.py(127): click_Success->//*[@id="base_box"]/div/div[3]/form/button
[2021-03-17 08:31:01]cl_getDriver.py(127): click_Success->//*[@id="base_box"]/div/div[3]/form/button
[2021-03-17 08:31:01]cl_getDriver.py(127): click_Success->//*[@id="base_box"]/div/div[3]/form/button
[2021-03-17 08:31:01]cl_getDriver.py(72): Open NewTab->https://kabuoji3.com/stock/4623/2020/
[2021-03-17 08:31:02]cl_getDriver.py(72): Open NewTab->https://kabuoji3.com/stock/4621/2013/
[2021-03-17 08:31:03]cl_getDriver.py(127): click_Success->//*[@id="base_box"]/div/div[3]/form/button
[2021-03-17 08:31:03]cl_getDriver.py(127): click_Success->//*[@id="base_box"]/div/div[3]/form/button
[2021-03-17 08:31:05]cl_getDriver.py(127): click_Success->//*[@id="base_box"]/div/div[3]/form/button
[2021-03-17 08:31:05]cl_getDriver.py(127): click_Success->//*[@id="base_box"]/div/div[3]/form/button
[2021-03-17 08:31:06]cl_getDriver.py(72): Open NewTab->https://kabuoji3.com/stock/4621/2012/
[2021-03-17 08:31:06]cl_getDriver.py(72): Open NewTab->https://kabuoji3.com/stock/4623/2019/
[2021-03-17 08:31:07]cl_getDriver.py(127): click_Success->//*[@id="base_box"]/div/div[3]/form/button
[2021-03-17 08:31:07]cl_getDriver.py(127): click_Success->//*[@id="base_box"]/div/div[3]/form/button
[2021-03-17 08:31:09]cl_getDriver.py(127): click_Success->//*[@id="base_box"]/div/div[3]/form/button
[2021-03-17 08:31:09]cl_getDriver.py(127): click_Success->//*[@id="base_box"]/div/div[3]/form/button
[2021-03-17 08:31:10]cl_getDriver.py(72): Open NewTab->https://kabuoji3.com/stock/4621/2011/
[2021-03-17 08:31:10]cl_getDriver.py(72): Open NewTab->https://kabuoji3.com/stock/4623/2018/
[2021-03-17 08:31:11]cl_getDriver.py(127): click_Success->//*[@id="base_box"]/div/div[3]/form/button
[2021-03-17 08:31:11]cl_getDriver.py(127): click_Success->//*[@id="base_box"]/div/div[3]/form/button
[2021-03-17 08:31:14]cl_getDriver.py(127): click_Success->//*[@id="base_box"]/div/div[3]/form/button
[2021-03-17 08:31:14]cl_getDriver.py(127): click_Success->//*[@id="base_box"]/div/div[3]/form/button
[2021-03-17 08:31:14]cl_getDriver.py(72): Open NewTab->https://kabuoji3.com/stock/4621/2010/
[2021-03-17 08:31:14]cl_getDriver.py(72): Open NewTab->https://kabuoji3.com/stock/4623/2017/
[2021-03-17 08:31:15]cl_getDriver.py(127): click_Success->//*[@id="base_box"]/div/div[3]/form/button
[2021-03-17 08:31:16]cl_getDriver.py(127): click_Success->//*[@id="base_box"]/div/div[3]/form/button
[2021-03-17 08:31:18]cl_getDriver.py(127): click_Success->//*[@id="base_box"]/div/div[3]/form/button
[2021-03-17 08:31:18]cl_getDriver.py(72): Open NewTab->https://kabuoji3.com/stock/4621/2009/
[2021-03-17 08:31:18]cl_getDriver.py(127): click_Success->//*[@id="base_box"]/div/div[3]/form/button
[2021-03-17 08:31:19]cl_getDriver.py(72): Open NewTab->https://kabuoji3.com/stock/4623/2016/
[2021-03-17 08:31:19]cl_getDriver.py(127): click_Success->//*[@id="base_box"]/div/div[3]/form/button
[2021-03-17 08:31:20]cl_getDriver.py(127): click_Success->//*[@id="base_box"]/div/div[3]/form/button
[2021-03-17 08:31:22]cl_getDriver.py(127): click_Success->//*[@id="base_box"]/div/div[3]/form/button
[2021-03-17 08:31:22]cl_getDriver.py(72): Open NewTab->https://kabuoji3.com/stock/4621/2008/
[2021-03-17 08:31:22]cl_getDriver.py(127): click_Success->//*[@id="base_box"]/div/div[3]/form/button
[2021-03-17 08:31:23]cl_getDriver.py(72): Open NewTab->https://kabuoji3.com/stock/4623/2015/
[2021-03-17 08:31:23]cl_getDriver.py(127): click_Success->//*[@id="base_box"]/div/div[3]/form/button
[2021-03-17 08:31:24]cl_getDriver.py(127): click_Success->//*[@id="base_box"]/div/div[3]/form/button
[2021-03-17 08:31:26]cl_getDriver.py(127): click_Success->//*[@id="base_box"]/div/div[3]/form/button
[2021-03-17 08:31:26]cl_getDriver.py(72): Open NewTab->https://kabuoji3.com/stock/4621/2007/
[2021-03-17 08:31:26]cl_getDriver.py(127): click_Success->//*[@id="base_box"]/div/div[3]/form/button
[2021-03-17 08:31:27]cl_getDriver.py(72): Open NewTab->https://kabuoji3.com/stock/4623/2014/
[2021-03-17 08:31:27]cl_getDriver.py(127): click_Success->//*[@id="base_box"]/div/div[3]/form/button
[2021-03-17 08:31:28]cl_getDriver.py(127): click_Success->//*[@id="base_box"]/div/div[3]/form/button
[2021-03-17 08:31:29]cl_getDriver.py(127): click_Success->//*[@id="base_box"]/div/div[3]/form/button
[2021-03-17 08:31:30]cl_getDriver.py(72): Open NewTab->https://kabuoji3.com/stock/4621/2006/
[2021-03-17 08:31:31]cl_getDriver.py(127): click_Success->//*[@id="base_box"]/div/div[3]/form/button
[2021-03-17 08:31:31]cl_getDriver.py(127): click_Success->//*[@id="base_box"]/div/div[3]/form/button
[2021-03-17 08:31:31]cl_getDriver.py(72): Open NewTab->https://kabuoji3.com/stock/4623/2013/
[2021-03-17 08:31:32]cl_getDriver.py(127): click_Success->//*[@id="base_box"]/div/div[3]/form/button
[2021-03-17 08:31:33]cl_getDriver.py(127): click_Success->//*[@id="base_box"]/div/div[3]/form/button
[2021-03-17 08:31:34]cl_getDriver.py(72): Open NewTab->https://kabuoji3.com/stock/4621/2005/
[2021-03-17 08:31:34]cl_getDriver.py(127): click_Success->//*[@id="base_box"]/div/div[3]/form/button
[2021-03-17 08:31:35]cl_getDriver.py(72): Open NewTab->https://kabuoji3.com/stock/4623/2012/
[2021-03-17 08:31:35]cl_getDriver.py(127): click_Success->//*[@id="base_box"]/div/div[3]/form/button
[2021-03-17 08:31:37]cl_getDriver.py(127): click_Success->//*[@id="base_box"]/div/div[3]/form/button
[2021-03-17 08:31:37]cl_getDriver.py(127): click_Success->//*[@id="base_box"]/div/div[3]/form/button
[2021-03-17 08:31:38]cl_getDriver.py(72): Open NewTab->https://kabuoji3.com/stock/4621/2004/
[2021-03-17 08:31:38]cl_getDriver.py(127): click_Success->//*[@id="base_box"]/div/div[3]/form/button
[2021-03-17 08:31:39]cl_getDriver.py(127): click_Success->//*[@id="base_box"]/div/div[3]/form/button
[2021-03-17 08:31:40]cl_getDriver.py(72): Open NewTab->https://kabuoji3.com/stock/4623/2011/
[2021-03-17 08:31:40]cl_getDriver.py(127): click_Success->//*[@id="base_box"]/div/div[3]/form/button
[2021-03-17 08:31:41]cl_getDriver.py(127): click_Success->//*[@id="base_box"]/div/div[3]/form/button
[2021-03-17 08:31:41]cl_getDriver.py(72): Open NewTab->https://kabuoji3.com/stock/4621/2003/
[2021-03-17 08:31:42]cl_getDriver.py(127): click_Success->//*[@id="base_box"]/div/div[3]/form/button
[2021-03-17 08:31:43]cl_getDriver.py(127): click_Success->//*[@id="base_box"]/div/div[3]/form/button
[2021-03-17 08:31:43]cl_getDriver.py(72): Open NewTab->https://kabuoji3.com/stock/4623/2010/
[2021-03-17 08:31:44]cl_getDriver.py(127): click_Success->//*[@id="base_box"]/div/div[3]/form/button
[2021-03-17 08:31:44]cl_getDriver.py(127): click_Success->//*[@id="base_box"]/div/div[3]/form/button
[2021-03-17 08:31:45]cl_getDriver.py(72): Open NewTab->https://kabuoji3.com/stock/4621/2002/
[2021-03-17 08:31:46]cl_getDriver.py(127): click_Success->//*[@id="base_box"]/div/div[3]/form/button
[2021-03-17 08:31:46]cl_getDriver.py(127): click_Success->//*[@id="base_box"]/div/div[3]/form/button
[2021-03-17 08:31:47]cl_getDriver.py(72): Open NewTab->https://kabuoji3.com/stock/4623/2009/
[2021-03-17 08:31:48]cl_getDriver.py(127): click_Success->//*[@id="base_box"]/div/div[3]/form/button
[2021-03-17 08:31:48]cl_getDriver.py(127): click_Success->//*[@id="base_box"]/div/div[3]/form/button
[2021-03-17 08:31:48]cl_getDriver.py(72): Open NewTab->https://kabuoji3.com/stock/4621/2001/
[2021-03-17 08:31:49]cl_getDriver.py(127): click_Success->//*[@id="base_box"]/div/div[3]/form/button
[2021-03-17 08:31:50]cl_getDriver.py(127): click_Success->//*[@id="base_box"]/div/div[3]/form/button
[2021-03-17 08:31:51]cl_getDriver.py(72): Open NewTab->https://kabuoji3.com/stock/4623/2008/
[2021-03-17 08:31:52]cl_getDriver.py(127): click_Success->//*[@id="base_box"]/div/div[3]/form/button
[2021-03-17 08:31:52]cl_getDriver.py(127): click_Success->//*[@id="base_box"]/div/div[3]/form/button
[2021-03-17 08:31:52]cl_getDriver.py(72): Open NewTab->https://kabuoji3.com/stock/4621/2000/
[2021-03-17 08:31:53]cl_getDriver.py(127): click_Success->//*[@id="base_box"]/div/div[3]/form/button
[2021-03-17 08:31:55]cl_getDriver.py(127): click_Success->//*[@id="base_box"]/div/div[3]/form/button
[2021-03-17 08:31:55]cl_getDriver.py(72): Open NewTab->https://kabuoji3.com/stock/4623/2007/
[2021-03-17 08:31:55]cl_getDriver.py(127): click_Success->//*[@id="base_box"]/div/div[3]/form/button
[2021-03-17 08:31:56]cl_getDriver.py(72): Open NewTab->https://kabuoji3.com/stock/4621/1999/
[2021-03-17 08:31:56]cl_getDriver.py(127): click_Success->//*[@id="base_box"]/div/div[3]/form/button
[2021-03-17 08:31:58]cl_getDriver.py(127): click_Success->//*[@id="base_box"]/div/div[3]/form/button
[2021-03-17 08:31:59]cl_getDriver.py(127): click_Success->//*[@id="base_box"]/div/div[3]/form/button
[2021-03-17 08:31:59]cl_getDriver.py(72): Open NewTab->https://kabuoji3.com/stock/4623/2006/
[2021-03-17 08:32:00]cl_getDriver.py(127): click_Success->//*[@id="base_box"]/div/div[3]/form/button
[2021-03-17 08:32:00]cl_getDriver.py(127): click_Success->//*[@id="base_box"]/div/div[3]/form/button
[2021-03-17 08:32:00]cl_getDriver.py(72): Open NewTab->https://kabuoji3.com/stock/4621/1998/
[2021-03-17 08:32:01]cl_getDriver.py(127): click_Success->//*[@id="base_box"]/div/div[3]/form/button
[2021-03-17 08:32:02]cl_getDriver.py(127): click_Success->//*[@id="base_box"]/div/div[3]/form/button
[2021-03-17 08:32:03]cl_getDriver.py(72): Open NewTab->https://kabuoji3.com/stock/4623/2005/
[2021-03-17 08:32:04]cl_getDriver.py(127): click_Success->//*[@id="base_box"]/div/div[3]/form/button
[2021-03-17 08:32:04]cl_getDriver.py(127): click_Success->//*[@id="base_box"]/div/div[3]/form/button
[2021-03-17 08:32:04]cl_getDriver.py(72): Open NewTab->https://kabuoji3.com/stock/4621/1997/
[2021-03-17 08:32:05]cl_getDriver.py(127): click_Success->//*[@id="base_box"]/div/div[3]/form/button
[2021-03-17 08:32:06]cl_getDriver.py(127): click_Success->//*[@id="base_box"]/div/div[3]/form/button
[2021-03-17 08:32:07]cl_getDriver.py(72): Open NewTab->https://kabuoji3.com/stock/4623/2004/
[2021-03-17 08:32:07]cl_getDriver.py(127): click_Success->//*[@id="base_box"]/div/div[3]/form/button
[2021-03-17 08:32:08]cl_getDriver.py(72): Open NewTab->https://kabuoji3.com/stock/4621/1996/
[2021-03-17 08:32:08]cl_getDriver.py(127): click_Success->//*[@id="base_box"]/div/div[3]/form/button
[2021-03-17 08:32:09]cl_getDriver.py(127): click_Success->//*[@id="base_box"]/div/div[3]/form/button
[2021-03-17 08:32:10]cl_getDriver.py(127): click_Success->//*[@id="base_box"]/div/div[3]/form/button
[2021-03-17 08:32:10]cl_getDriver.py(72): Open NewTab->https://kabuoji3.com/stock/4623/2003/
[2021-03-17 08:32:11]cl_getDriver.py(127): click_Success->//*[@id="base_box"]/div/div[3]/form/button
[2021-03-17 08:32:12]cl_getDriver.py(72): Open NewTab->https://kabuoji3.com/stock/4621/1995/
[2021-03-17 08:32:12]cl_getDriver.py(127): click_Success->//*[@id="base_box"]/div/div[3]/form/button
[2021-03-17 08:32:13]cl_getDriver.py(127): click_Success->//*[@id="base_box"]/div/div[3]/form/button
[2021-03-17 08:32:14]cl_getDriver.py(127): click_Success->//*[@id="base_box"]/div/div[3]/form/button
[2021-03-17 08:32:14]cl_getDriver.py(72): Open NewTab->https://kabuoji3.com/stock/4623/2002/
[2021-03-17 08:32:15]cl_getDriver.py(127): click_Success->//*[@id="base_box"]/div/div[3]/form/button
[2021-03-17 08:32:15]cl_getDriver.py(72): Open NewTab->https://kabuoji3.com/stock/4621/1994/
[2021-03-17 08:32:16]cl_getDriver.py(127): click_Success->//*[@id="base_box"]/div/div[3]/form/button
[2021-03-17 08:32:16]cl_getDriver.py(127): click_Success->//*[@id="base_box"]/div/div[3]/form/button
[2021-03-17 08:32:18]cl_getDriver.py(127): click_Success->//*[@id="base_box"]/div/div[3]/form/button
[2021-03-17 08:32:18]cl_getDriver.py(127): click_Success->//*[@id="base_box"]/div/div[3]/form/button
[2021-03-17 08:32:19]cl_getDriver.py(72): Open NewTab->https://kabuoji3.com/stock/4623/2001/
[2021-03-17 08:32:19]cl_getDriver.py(72): Open NewTab->https://kabuoji3.com/stock/4621/1993/
[2021-03-17 08:32:20]cl_getDriver.py(127): click_Success->//*[@id="base_box"]/div/div[3]/form/button
[2021-03-17 08:32:20]cl_getDriver.py(127): click_Success->//*[@id="base_box"]/div/div[3]/form/button
[2021-03-17 08:32:23]cl_getDriver.py(127): click_Success->//*[@id="base_box"]/div/div[3]/form/button
[2021-03-17 08:32:23]cl_getDriver.py(127): click_Success->//*[@id="base_box"]/div/div[3]/form/button
[2021-03-17 08:32:23]cl_getDriver.py(72): Open NewTab->https://kabuoji3.com/stock/4623/2000/
[2021-03-17 08:32:23]cl_getDriver.py(72): Open NewTab->https://kabuoji3.com/stock/4621/1992/
[2021-03-17 08:32:25]cl_getDriver.py(127): click_Success->//*[@id="base_box"]/div/div[3]/form/button
[2021-03-17 08:32:25]cl_getDriver.py(127): click_Success->//*[@id="base_box"]/div/div[3]/form/button
[2021-03-17 08:32:27]cl_getDriver.py(127): click_Success->//*[@id="base_box"]/div/div[3]/form/button
[2021-03-17 08:32:27]cl_getDriver.py(127): click_Success->//*[@id="base_box"]/div/div[3]/form/button
[2021-03-17 08:32:27]cl_getDriver.py(72): Open NewTab->https://kabuoji3.com/stock/4621/1991/
[2021-03-17 08:32:28]cl_getDriver.py(72): Open NewTab->https://kabuoji3.com/stock/4623/1999/
[2021-03-17 08:32:29]cl_getDriver.py(127): click_Success->//*[@id="base_box"]/div/div[3]/form/button
[2021-03-17 08:32:29]cl_getDriver.py(127): click_Success->//*[@id="base_box"]/div/div[3]/form/button
[2021-03-17 08:32:31]cl_getDriver.py(127): click_Success->//*[@id="base_box"]/div/div[3]/form/button
[2021-03-17 08:32:31]cl_getDriver.py(72): Open NewTab->https://kabuoji3.com/stock/4621/1990/
[2021-03-17 08:32:31]cl_getDriver.py(127): click_Success->//*[@id="base_box"]/div/div[3]/form/button
[2021-03-17 08:32:32]cl_getDriver.py(72): Open NewTab->https://kabuoji3.com/stock/4623/1998/
[2021-03-17 08:32:32]cl_getDriver.py(127): click_Success->//*[@id="base_box"]/div/div[3]/form/button
[2021-03-17 08:32:33]cl_getDriver.py(127): click_Success->//*[@id="base_box"]/div/div[3]/form/button
[2021-03-17 08:32:35]cl_getDriver.py(127): click_Success->//*[@id="base_box"]/div/div[3]/form/button
[2021-03-17 08:32:35]cl_getDriver.py(72): Open NewTab->https://kabuoji3.com/stock/4621/1989/
[2021-03-17 08:32:35]cl_getDriver.py(127): click_Success->//*[@id="base_box"]/div/div[3]/form/button
[2021-03-17 08:32:36]cl_getDriver.py(72): Open NewTab->https://kabuoji3.com/stock/4623/1997/
[2021-03-17 08:32:36]cl_getDriver.py(127): click_Success->//*[@id="base_box"]/div/div[3]/form/button
[2021-03-17 08:32:37]cl_getDriver.py(127): click_Success->//*[@id="base_box"]/div/div[3]/form/button
[2021-03-17 08:32:39]cl_getDriver.py(127): click_Success->//*[@id="base_box"]/div/div[3]/form/button
[2021-03-17 08:32:39]cl_getDriver.py(72): Open NewTab->https://kabuoji3.com/stock/4621/1988/
[2021-03-17 08:32:39]cl_getDriver.py(127): click_Success->//*[@id="base_box"]/div/div[3]/form/button
[2021-03-17 08:32:40]cl_getDriver.py(72): Open NewTab->https://kabuoji3.com/stock/4623/1996/
[2021-03-17 08:32:40]cl_getDriver.py(127): click_Success->//*[@id="base_box"]/div/div[3]/form/button
[2021-03-17 08:32:41]cl_getDriver.py(127): click_Success->//*[@id="base_box"]/div/div[3]/form/button
[2021-03-17 08:32:43]cl_getDriver.py(127): click_Success->//*[@id="base_box"]/div/div[3]/form/button
[2021-03-17 08:32:43]cl_getDriver.py(72): Open NewTab->https://kabuoji3.com/stock/4621/1987/
[2021-03-17 08:32:43]cl_getDriver.py(127): click_Success->//*[@id="base_box"]/div/div[3]/form/button
[2021-03-17 08:32:44]cl_getDriver.py(72): Open NewTab->https://kabuoji3.com/stock/4623/1995/
[2021-03-17 08:32:44]cl_getDriver.py(127): click_Success->//*[@id="base_box"]/div/div[3]/form/button
[2021-03-17 08:32:45]cl_getDriver.py(127): click_Success->//*[@id="base_box"]/div/div[3]/form/button
[2021-03-17 08:32:47]cl_getDriver.py(127): click_Success->//*[@id="base_box"]/div/div[3]/form/button
[2021-03-17 08:32:47]cl_getDriver.py(72): Open NewTab->https://kabuoji3.com/stock/4621/1986/
[2021-03-17 08:32:47]cl_getDriver.py(127): click_Success->//*[@id="base_box"]/div/div[3]/form/button
[2021-03-17 08:32:48]cl_getDriver.py(72): Open NewTab->https://kabuoji3.com/stock/4623/1994/
[2021-03-17 08:32:49]cl_getDriver.py(127): click_Success->//*[@id="base_box"]/div/div[3]/form/button
[2021-03-17 08:32:49]cl_getDriver.py(127): click_Success->//*[@id="base_box"]/div/div[3]/form/button
[2021-03-17 08:32:51]cl_getDriver.py(127): click_Success->//*[@id="base_box"]/div/div[3]/form/button
[2021-03-17 08:32:51]cl_getDriver.py(72): Open NewTab->https://kabuoji3.com/stock/4621/1985/
[2021-03-17 08:32:51]cl_getDriver.py(127): click_Success->//*[@id="base_box"]/div/div[3]/form/button
[2021-03-17 08:32:52]cl_getDriver.py(72): Open NewTab->https://kabuoji3.com/stock/4623/1993/
[2021-03-17 08:32:53]cl_getDriver.py(127): click_Success->//*[@id="base_box"]/div/div[3]/form/button
[2021-03-17 08:32:53]cl_getDriver.py(127): click_Success->//*[@id="base_box"]/div/div[3]/form/button
[2021-03-17 08:32:55]cl_getDriver.py(127): click_Success->//*[@id="base_box"]/div/div[3]/form/button
[2021-03-17 08:32:55]cl_getDriver.py(72): Open NewTab->https://kabuoji3.com/stock/4621/1984/
[2021-03-17 08:32:55]cl_getDriver.py(127): click_Success->//*[@id="base_box"]/div/div[3]/form/button
[2021-03-17 08:32:56]cl_getDriver.py(72): Open NewTab->https://kabuoji3.com/stock/4623/1992/
[2021-03-17 08:32:56]cl_getDriver.py(127): click_Success->//*[@id="base_box"]/div/div[3]/form/button
[2021-03-17 08:32:57]cl_getDriver.py(127): click_Success->//*[@id="base_box"]/div/div[3]/form/button
[2021-03-17 08:32:59]cl_getDriver.py(127): click_Success->//*[@id="base_box"]/div/div[3]/form/button
[2021-03-17 08:32:59]cl_getDriver.py(72): Open NewTab->https://kabuoji3.com/stock/4621/1983/
[2021-03-17 08:33:00]cl_getDriver.py(127): click_Success->//*[@id="base_box"]/div/div[3]/form/button
[2021-03-17 08:33:00]cl_getDriver.py(72): Open NewTab->https://kabuoji3.com/stock/4623/1991/
[2021-03-17 08:33:00]cl_getDriver.py(127): click_Success->//*[@id="base_box"]/div/div[3]/form/button
[2021-03-17 08:33:01]cl_getDriver.py(127): click_Success->//*[@id="base_box"]/div/div[3]/form/button
[2021-03-17 08:33:03]cl_getDriver.py(127): click_Success->//*[@id="base_box"]/div/div[3]/form/button
[2021-03-17 08:33:04]cl_getDriver.py(127): click_Success->//*[@id="base_box"]/div/div[3]/form/button
[2021-03-17 08:33:04]cl_getDriver.py(72): Open NewTab->https://kabuoji3.com/stock/4623/1990/
[2021-03-17 08:33:05]cl_getDriver.py(127): click_Success->//*[@id="base_box"]/div/div[3]/form/button
[2021-03-17 08:33:07]main.py(42): finished Process->https://kabuoji3.com/stock/4621/
[2021-03-17 08:33:07]main.py(15): start_Process->https://kabuoji3.com/stock/4624/
[2021-03-17 08:33:07]cl_getDriver.py(127): click_Success->//*[@id="base_box"]/div/div[3]/form/button
[2021-03-17 08:33:08]cl_getDriver.py(72): Open NewTab->https://kabuoji3.com/stock/4623/1989/
[2021-03-17 08:33:09]cl_getDriver.py(127): click_Success->//*[@id="base_box"]/div/div[3]/form/button
[2021-03-17 08:33:11]cl_getDriver.py(127): click_Success->//*[@id="base_box"]/div/div[3]/form/button
[2021-03-17 08:33:11]cl_getDriver.py(72): Open NewTab->https://kabuoji3.com/stock/4623/1988/
[2021-03-17 08:33:12]cl_getDriver.py(64): getURL=https://kabuoji3.com/stock/4624/
[2021-03-17 08:33:13]cl_getDriver.py(127): click_Success->//*[@id="base_box"]/div/div[3]/form/button
[2021-03-17 08:33:13]cl_getDriver.py(72): Open NewTab->https://kabuoji3.com/stock/4624/
[2021-03-17 08:33:14]cl_getDriver.py(130): Not Found->//*[@id="base_box"]/div/div[3]/form/button
[2021-03-17 08:33:15]cl_getDriver.py(127): click_Success->//*[@id="base_box"]/div/div[3]/form/button
[2021-03-17 08:33:15]cl_getDriver.py(72): Open NewTab->https://kabuoji3.com/stock/4623/1987/
[2021-03-17 08:33:16]cl_getDriver.py(130): Not Found->//*[@id="base_box"]/div/div[3]/form/button
[2021-03-17 08:33:16]cl_getDriver.py(72): Open NewTab->https://kabuoji3.com/stock/4624/2021/
[2021-03-17 08:33:17]cl_getDriver.py(127): click_Success->//*[@id="base_box"]/div/div[3]/form/button
[2021-03-17 08:33:17]cl_getDriver.py(127): click_Success->//*[@id="base_box"]/div/div[3]/form/button
[2021-03-17 08:33:19]cl_getDriver.py(127): click_Success->//*[@id="base_box"]/div/div[3]/form/button
[2021-03-17 08:33:19]cl_getDriver.py(72): Open NewTab->https://kabuoji3.com/stock/4623/1986/
[2021-03-17 08:33:20]cl_getDriver.py(127): click_Success->//*[@id="base_box"]/div/div[3]/form/button
[2021-03-17 08:33:20]cl_getDriver.py(72): Open NewTab->https://kabuoji3.com/stock/4624/2020/
[2021-03-17 08:33:21]cl_getDriver.py(127): click_Success->//*[@id="base_box"]/div/div[3]/form/button
[2021-03-17 08:33:21]cl_getDriver.py(127): click_Success->//*[@id="base_box"]/div/div[3]/form/button
[2021-03-17 08:33:23]cl_getDriver.py(127): click_Success->//*[@id="base_box"]/div/div[3]/form/button
[2021-03-17 08:33:24]cl_getDriver.py(72): Open NewTab->https://kabuoji3.com/stock/4623/1985/
[2021-03-17 08:33:24]cl_getDriver.py(127): click_Success->//*[@id="base_box"]/div/div[3]/form/button
[2021-03-17 08:33:24]cl_getDriver.py(72): Open NewTab->https://kabuoji3.com/stock/4624/2019/
[2021-03-17 08:33:25]cl_getDriver.py(127): click_Success->//*[@id="base_box"]/div/div[3]/form/button
[2021-03-17 08:33:25]cl_getDriver.py(127): click_Success->//*[@id="base_box"]/div/div[3]/form/button
[2021-03-17 08:33:28]cl_getDriver.py(127): click_Success->//*[@id="base_box"]/div/div[3]/form/button
[2021-03-17 08:33:28]cl_getDriver.py(127): click_Success->//*[@id="base_box"]/div/div[3]/form/button
[2021-03-17 08:33:28]cl_getDriver.py(72): Open NewTab->https://kabuoji3.com/stock/4623/1984/
[2021-03-17 08:33:28]cl_getDriver.py(72): Open NewTab->https://kabuoji3.com/stock/4624/2018/
[2021-03-17 08:33:30]cl_getDriver.py(127): click_Success->//*[@id="base_box"]/div/div[3]/form/button
[2021-03-17 08:33:30]cl_getDriver.py(127): click_Success->//*[@id="base_box"]/div/div[3]/form/button
[2021-03-17 08:33:32]cl_getDriver.py(127): click_Success->//*[@id="base_box"]/div/div[3]/form/button
[2021-03-17 08:33:32]cl_getDriver.py(127): click_Success->//*[@id="base_box"]/div/div[3]/form/button
[2021-03-17 08:33:32]cl_getDriver.py(72): Open NewTab->https://kabuoji3.com/stock/4624/2017/
[2021-03-17 08:33:32]cl_getDriver.py(72): Open NewTab->https://kabuoji3.com/stock/4623/1983/
[2021-03-17 08:33:34]cl_getDriver.py(127): click_Success->//*[@id="base_box"]/div/div[3]/form/button
[2021-03-17 08:33:34]cl_getDriver.py(127): click_Success->//*[@id="base_box"]/div/div[3]/form/button
[2021-03-17 08:33:36]cl_getDriver.py(127): click_Success->//*[@id="base_box"]/div/div[3]/form/button
[2021-03-17 08:33:36]cl_getDriver.py(127): click_Success->//*[@id="base_box"]/div/div[3]/form/button
[2021-03-17 08:33:37]cl_getDriver.py(72): Open NewTab->https://kabuoji3.com/stock/4624/2016/
[2021-03-17 08:33:37]cl_getDriver.py(127): click_Success->//*[@id="base_box"]/div/div[3]/form/button
[2021-03-17 08:33:39]main.py(42): finished Process->https://kabuoji3.com/stock/4623/
[2021-03-17 08:33:39]main.py(15): start_Process->https://kabuoji3.com/stock/4625/
[2021-03-17 08:33:40]cl_getDriver.py(127): click_Success->//*[@id="base_box"]/div/div[3]/form/button
[2021-03-17 08:33:40]cl_getDriver.py(72): Open NewTab->https://kabuoji3.com/stock/4624/2015/
[2021-03-17 08:33:41]cl_getDriver.py(127): click_Success->//*[@id="base_box"]/div/div[3]/form/button
[2021-03-17 08:33:43]cl_getDriver.py(127): click_Success->//*[@id="base_box"]/div/div[3]/form/button
[2021-03-17 08:33:44]cl_getDriver.py(72): Open NewTab->https://kabuoji3.com/stock/4624/2014/
[2021-03-17 08:33:45]cl_getDriver.py(64): getURL=https://kabuoji3.com/stock/4625/
[2021-03-17 08:33:45]cl_getDriver.py(127): click_Success->//*[@id="base_box"]/div/div[3]/form/button
[2021-03-17 08:33:45]cl_getDriver.py(72): Open NewTab->https://kabuoji3.com/stock/4625/
[2021-03-17 08:33:46]cl_getDriver.py(130): Not Found->//*[@id="base_box"]/div/div[3]/form/button
[2021-03-17 08:33:47]cl_getDriver.py(127): click_Success->//*[@id="base_box"]/div/div[3]/form/button
[2021-03-17 08:33:48]cl_getDriver.py(72): Open NewTab->https://kabuoji3.com/stock/4624/2013/
[2021-03-17 08:33:48]cl_getDriver.py(130): Not Found->//*[@id="base_box"]/div/div[3]/form/button
[2021-03-17 08:33:48]cl_getDriver.py(72): Open NewTab->https://kabuoji3.com/stock/4625/2021/
[2021-03-17 08:33:49]cl_getDriver.py(127): click_Success->//*[@id="base_box"]/div/div[3]/form/button
[2021-03-17 08:33:49]cl_getDriver.py(127): click_Success->//*[@id="base_box"]/div/div[3]/form/button
[2021-03-17 08:33:51]cl_getDriver.py(127): click_Success->//*[@id="base_box"]/div/div[3]/form/button
[2021-03-17 08:33:51]cl_getDriver.py(72): Open NewTab->https://kabuoji3.com/stock/4624/2012/
[2021-03-17 08:33:52]cl_getDriver.py(127): click_Success->//*[@id="base_box"]/div/div[3]/form/button
[2021-03-17 08:33:52]cl_getDriver.py(72): Open NewTab->https://kabuoji3.com/stock/4625/2020/
[2021-03-17 08:33:53]cl_getDriver.py(127): click_Success->//*[@id="base_box"]/div/div[3]/form/button
[2021-03-17 08:33:53]cl_getDriver.py(127): click_Success->//*[@id="base_box"]/div/div[3]/form/button
[2021-03-17 08:33:55]cl_getDriver.py(127): click_Success->//*[@id="base_box"]/div/div[3]/form/button
[2021-03-17 08:33:55]cl_getDriver.py(72): Open NewTab->https://kabuoji3.com/stock/4624/2011/
[2021-03-17 08:33:56]cl_getDriver.py(127): click_Success->//*[@id="base_box"]/div/div[3]/form/button
[2021-03-17 08:33:56]cl_getDriver.py(72): Open NewTab->https://kabuoji3.com/stock/4625/2019/
[2021-03-17 08:33:57]cl_getDriver.py(127): click_Success->//*[@id="base_box"]/div/div[3]/form/button
[2021-03-17 08:33:58]cl_getDriver.py(127): click_Success->//*[@id="base_box"]/div/div[3]/form/button
[2021-03-17 08:33:59]cl_getDriver.py(127): click_Success->//*[@id="base_box"]/div/div[3]/form/button
[2021-03-17 08:34:00]cl_getDriver.py(72): Open NewTab->https://kabuoji3.com/stock/4624/2010/
[2021-03-17 08:34:00]cl_getDriver.py(127): click_Success->//*[@id="base_box"]/div/div[3]/form/button
[2021-03-17 08:34:00]cl_getDriver.py(72): Open NewTab->https://kabuoji3.com/stock/4625/2018/
[2021-03-17 08:34:01]cl_getDriver.py(127): click_Success->//*[@id="base_box"]/div/div[3]/form/button
[2021-03-17 08:34:01]cl_getDriver.py(127): click_Success->//*[@id="base_box"]/div/div[3]/form/button
[2021-03-17 08:34:03]cl_getDriver.py(127): click_Success->//*[@id="base_box"]/div/div[3]/form/button
[2021-03-17 08:34:03]cl_getDriver.py(72): Open NewTab->https://kabuoji3.com/stock/4624/2009/
[2021-03-17 08:34:04]cl_getDriver.py(127): click_Success->//*[@id="base_box"]/div/div[3]/form/button
[2021-03-17 08:34:04]cl_getDriver.py(72): Open NewTab->https://kabuoji3.com/stock/4625/2017/
[2021-03-17 08:34:05]cl_getDriver.py(127): click_Success->//*[@id="base_box"]/div/div[3]/form/button
[2021-03-17 08:34:05]cl_getDriver.py(127): click_Success->//*[@id="base_box"]/div/div[3]/form/button
[2021-03-17 08:34:07]cl_getDriver.py(127): click_Success->//*[@id="base_box"]/div/div[3]/form/button
[2021-03-17 08:34:07]cl_getDriver.py(72): Open NewTab->https://kabuoji3.com/stock/4624/2008/
[2021-03-17 08:34:08]cl_getDriver.py(127): click_Success->//*[@id="base_box"]/div/div[3]/form/button
[2021-03-17 08:34:08]cl_getDriver.py(72): Open NewTab->https://kabuoji3.com/stock/4625/2016/
[2021-03-17 08:34:09]cl_getDriver.py(127): click_Success->//*[@id="base_box"]/div/div[3]/form/button
[2021-03-17 08:34:09]cl_getDriver.py(127): click_Success->//*[@id="base_box"]/div/div[3]/form/button
[2021-03-17 08:34:11]cl_getDriver.py(127): click_Success->//*[@id="base_box"]/div/div[3]/form/button
[2021-03-17 08:34:11]cl_getDriver.py(72): Open NewTab->https://kabuoji3.com/stock/4624/2007/
[2021-03-17 08:34:12]cl_getDriver.py(127): click_Success->//*[@id="base_box"]/div/div[3]/form/button
[2021-03-17 08:34:12]cl_getDriver.py(72): Open NewTab->https://kabuoji3.com/stock/4625/2015/
[2021-03-17 08:34:13]cl_getDriver.py(127): click_Success->//*[@id="base_box"]/div/div[3]/form/button
[2021-03-17 08:34:13]cl_getDriver.py(127): click_Success->//*[@id="base_box"]/div/div[3]/form/button
[2021-03-17 08:34:15]cl_getDriver.py(127): click_Success->//*[@id="base_box"]/div/div[3]/form/button
[2021-03-17 08:34:15]cl_getDriver.py(72): Open NewTab->https://kabuoji3.com/stock/4624/2006/
[2021-03-17 08:34:15]cl_getDriver.py(127): click_Success->//*[@id="base_box"]/div/div[3]/form/button
[2021-03-17 08:34:16]cl_getDriver.py(72): Open NewTab->https://kabuoji3.com/stock/4625/2014/
[2021-03-17 08:34:17]cl_getDriver.py(127): click_Success->//*[@id="base_box"]/div/div[3]/form/button
[2021-03-17 08:34:17]cl_getDriver.py(127): click_Success->//*[@id="base_box"]/div/div[3]/form/button
[2021-03-17 08:34:19]cl_getDriver.py(127): click_Success->//*[@id="base_box"]/div/div[3]/form/button
[2021-03-17 08:34:20]cl_getDriver.py(72): Open NewTab->https://kabuoji3.com/stock/4624/2005/
[2021-03-17 08:34:20]cl_getDriver.py(127): click_Success->//*[@id="base_box"]/div/div[3]/form/button
[2021-03-17 08:34:20]cl_getDriver.py(72): Open NewTab->https://kabuoji3.com/stock/4625/2013/
[2021-03-17 08:34:21]cl_getDriver.py(127): click_Success->//*[@id="base_box"]/div/div[3]/form/button
[2021-03-17 08:34:21]cl_getDriver.py(127): click_Success->//*[@id="base_box"]/div/div[3]/form/button
[2021-03-17 08:34:23]cl_getDriver.py(127): click_Success->//*[@id="base_box"]/div/div[3]/form/button
[2021-03-17 08:34:24]cl_getDriver.py(127): click_Success->//*[@id="base_box"]/div/div[3]/form/button
[2021-03-17 08:34:24]cl_getDriver.py(72): Open NewTab->https://kabuoji3.com/stock/4624/2004/
[2021-03-17 08:34:24]cl_getDriver.py(72): Open NewTab->https://kabuoji3.com/stock/4625/2012/
[2021-03-17 08:34:25]cl_getDriver.py(127): click_Success->//*[@id="base_box"]/div/div[3]/form/button
[2021-03-17 08:34:26]cl_getDriver.py(127): click_Success->//*[@id="base_box"]/div/div[3]/form/button
[2021-03-17 08:34:28]cl_getDriver.py(127): click_Success->//*[@id="base_box"]/div/div[3]/form/button
[2021-03-17 08:34:28]cl_getDriver.py(127): click_Success->//*[@id="base_box"]/div/div[3]/form/button
[2021-03-17 08:34:29]cl_getDriver.py(72): Open NewTab->https://kabuoji3.com/stock/4624/2003/
[2021-03-17 08:34:29]cl_getDriver.py(72): Open NewTab->https://kabuoji3.com/stock/4625/2011/
[2021-03-17 08:34:30]cl_getDriver.py(127): click_Success->//*[@id="base_box"]/div/div[3]/form/button
[2021-03-17 08:34:30]cl_getDriver.py(127): click_Success->//*[@id="base_box"]/div/div[3]/form/button
[2021-03-17 08:34:32]cl_getDriver.py(127): click_Success->//*[@id="base_box"]/div/div[3]/form/button
[2021-03-17 08:34:32]cl_getDriver.py(127): click_Success->//*[@id="base_box"]/div/div[3]/form/button
[2021-03-17 08:34:33]cl_getDriver.py(72): Open NewTab->https://kabuoji3.com/stock/4624/2002/
[2021-03-17 08:34:33]cl_getDriver.py(72): Open NewTab->https://kabuoji3.com/stock/4625/2010/
[2021-03-17 08:34:34]cl_getDriver.py(127): click_Success->//*[@id="base_box"]/div/div[3]/form/button
[2021-03-17 08:34:34]cl_getDriver.py(127): click_Success->//*[@id="base_box"]/div/div[3]/form/button
[2021-03-17 08:34:36]cl_getDriver.py(127): click_Success->//*[@id="base_box"]/div/div[3]/form/button
[2021-03-17 08:34:37]cl_getDriver.py(127): click_Success->//*[@id="base_box"]/div/div[3]/form/button
[2021-03-17 08:34:37]cl_getDriver.py(72): Open NewTab->https://kabuoji3.com/stock/4625/2009/
[2021-03-17 08:34:37]cl_getDriver.py(72): Open NewTab->https://kabuoji3.com/stock/4624/2001/
[2021-03-17 08:34:38]cl_getDriver.py(127): click_Success->//*[@id="base_box"]/div/div[3]/form/button
[2021-03-17 08:34:38]cl_getDriver.py(127): click_Success->//*[@id="base_box"]/div/div[3]/form/button
[2021-03-17 08:34:41]cl_getDriver.py(127): click_Success->//*[@id="base_box"]/div/div[3]/form/button
[2021-03-17 08:34:41]cl_getDriver.py(127): click_Success->//*[@id="base_box"]/div/div[3]/form/button
[2021-03-17 08:34:41]cl_getDriver.py(72): Open NewTab->https://kabuoji3.com/stock/4625/2008/
[2021-03-17 08:34:41]cl_getDriver.py(72): Open NewTab->https://kabuoji3.com/stock/4624/2000/
[2021-03-17 08:34:43]cl_getDriver.py(127): click_Success->//*[@id="base_box"]/div/div[3]/form/button
[2021-03-17 08:34:43]cl_getDriver.py(127): click_Success->//*[@id="base_box"]/div/div[3]/form/button
[2021-03-17 08:34:45]cl_getDriver.py(127): click_Success->//*[@id="base_box"]/div/div[3]/form/button
[2021-03-17 08:34:45]cl_getDriver.py(127): click_Success->//*[@id="base_box"]/div/div[3]/form/button
[2021-03-17 08:34:46]cl_getDriver.py(72): Open NewTab->https://kabuoji3.com/stock/4625/2007/
[2021-03-17 08:34:46]cl_getDriver.py(72): Open NewTab->https://kabuoji3.com/stock/4624/1999/
[2021-03-17 08:34:47]cl_getDriver.py(127): click_Success->//*[@id="base_box"]/div/div[3]/form/button
[2021-03-17 08:34:47]cl_getDriver.py(127): click_Success->//*[@id="base_box"]/div/div[3]/form/button
[2021-03-17 08:34:49]cl_getDriver.py(127): click_Success->//*[@id="base_box"]/div/div[3]/form/button
[2021-03-17 08:34:49]cl_getDriver.py(127): click_Success->//*[@id="base_box"]/div/div[3]/form/button
[2021-03-17 08:34:50]cl_getDriver.py(72): Open NewTab->https://kabuoji3.com/stock/4625/2006/
[2021-03-17 08:34:50]cl_getDriver.py(72): Open NewTab->https://kabuoji3.com/stock/4624/1998/
[2021-03-17 08:34:51]cl_getDriver.py(127): click_Success->//*[@id="base_box"]/div/div[3]/form/button
[2021-03-17 08:34:53]cl_getDriver.py(127): click_Success->//*[@id="base_box"]/div/div[3]/form/button
[2021-03-17 08:34:54]cl_getDriver.py(127): click_Success->//*[@id="base_box"]/div/div[3]/form/button
[2021-03-17 08:34:54]cl_getDriver.py(72): Open NewTab->https://kabuoji3.com/stock/4624/1997/
[2021-03-17 08:34:55]cl_getDriver.py(127): click_Success->//*[@id="base_box"]/div/div[3]/form/button
[2021-03-17 08:34:56]cl_getDriver.py(72): Open NewTab->https://kabuoji3.com/stock/4625/2005/
[2021-03-17 08:34:56]cl_getDriver.py(127): click_Success->//*[@id="base_box"]/div/div[3]/form/button
[2021-03-17 08:34:57]cl_getDriver.py(127): click_Success->//*[@id="base_box"]/div/div[3]/form/button
[2021-03-17 08:34:59]cl_getDriver.py(127): click_Success->//*[@id="base_box"]/div/div[3]/form/button
[2021-03-17 08:34:59]cl_getDriver.py(72): Open NewTab->https://kabuoji3.com/stock/4624/1996/
[2021-03-17 08:34:59]cl_getDriver.py(127): click_Success->//*[@id="base_box"]/div/div[3]/form/button
[2021-03-17 08:35:00]cl_getDriver.py(72): Open NewTab->https://kabuoji3.com/stock/4625/2004/
[2021-03-17 08:35:01]cl_getDriver.py(127): click_Success->//*[@id="base_box"]/div/div[3]/form/button
[2021-03-17 08:35:02]cl_getDriver.py(127): click_Success->//*[@id="base_box"]/div/div[3]/form/button
[2021-03-17 08:35:04]cl_getDriver.py(127): click_Success->//*[@id="base_box"]/div/div[3]/form/button
[2021-03-17 08:35:05]cl_getDriver.py(72): Open NewTab->https://kabuoji3.com/stock/4625/2003/
[2021-03-17 08:35:06]cl_getDriver.py(127): click_Success->//*[@id="base_box"]/div/div[3]/form/button
[2021-03-17 08:35:06]cl_getDriver.py(127): click_Success->//*[@id="base_box"]/div/div[3]/form/button
[2021-03-17 08:35:06]cl_getDriver.py(72): Open NewTab->https://kabuoji3.com/stock/4624/1995/
[2021-03-17 08:35:07]cl_getDriver.py(127): click_Success->//*[@id="base_box"]/div/div[3]/form/button
[2021-03-17 08:35:08]cl_getDriver.py(127): click_Success->//*[@id="base_box"]/div/div[3]/form/button
[2021-03-17 08:35:08]cl_getDriver.py(72): Open NewTab->https://kabuoji3.com/stock/4625/2002/
[2021-03-17 08:35:09]cl_getDriver.py(127): click_Success->//*[@id="base_box"]/div/div[3]/form/button
[2021-03-17 08:35:10]cl_getDriver.py(127): click_Success->//*[@id="base_box"]/div/div[3]/form/button
[2021-03-17 08:35:10]cl_getDriver.py(72): Open NewTab->https://kabuoji3.com/stock/4624/1994/
[2021-03-17 08:35:11]cl_getDriver.py(127): click_Success->//*[@id="base_box"]/div/div[3]/form/button
[2021-03-17 08:35:12]cl_getDriver.py(127): click_Success->//*[@id="base_box"]/div/div[3]/form/button
[2021-03-17 08:35:12]cl_getDriver.py(72): Open NewTab->https://kabuoji3.com/stock/4625/2001/
[2021-03-17 08:35:13]cl_getDriver.py(127): click_Success->//*[@id="base_box"]/div/div[3]/form/button
[2021-03-17 08:35:13]cl_getDriver.py(127): click_Success->//*[@id="base_box"]/div/div[3]/form/button
[2021-03-17 08:35:14]cl_getDriver.py(72): Open NewTab->https://kabuoji3.com/stock/4624/1993/
[2021-03-17 08:35:15]cl_getDriver.py(127): click_Success->//*[@id="base_box"]/div/div[3]/form/button
[2021-03-17 08:35:15]cl_getDriver.py(127): click_Success->//*[@id="base_box"]/div/div[3]/form/button
[2021-03-17 08:35:15]cl_getDriver.py(72): Open NewTab->https://kabuoji3.com/stock/4625/2000/
[2021-03-17 08:35:17]cl_getDriver.py(127): click_Success->//*[@id="base_box"]/div/div[3]/form/button
[2021-03-17 08:35:17]cl_getDriver.py(127): click_Success->//*[@id="base_box"]/div/div[3]/form/button
[2021-03-17 08:35:17]cl_getDriver.py(72): Open NewTab->https://kabuoji3.com/stock/4624/1992/
[2021-03-17 08:35:18]cl_getDriver.py(127): click_Success->//*[@id="base_box"]/div/div[3]/form/button
[2021-03-17 08:35:19]cl_getDriver.py(127): click_Success->//*[@id="base_box"]/div/div[3]/form/button
[2021-03-17 08:35:19]cl_getDriver.py(72): Open NewTab->https://kabuoji3.com/stock/4625/1999/
[2021-03-17 08:35:20]cl_getDriver.py(127): click_Success->//*[@id="base_box"]/div/div[3]/form/button
[2021-03-17 08:35:21]cl_getDriver.py(127): click_Success->//*[@id="base_box"]/div/div[3]/form/button
[2021-03-17 08:35:21]cl_getDriver.py(72): Open NewTab->https://kabuoji3.com/stock/4624/1991/
[2021-03-17 08:35:22]cl_getDriver.py(127): click_Success->//*[@id="base_box"]/div/div[3]/form/button
[2021-03-17 08:35:22]cl_getDriver.py(127): click_Success->//*[@id="base_box"]/div/div[3]/form/button
[2021-03-17 08:35:23]cl_getDriver.py(72): Open NewTab->https://kabuoji3.com/stock/4625/1998/
[2021-03-17 08:35:23]cl_getDriver.py(127): click_Success->//*[@id="base_box"]/div/div[3]/form/button
[2021-03-17 08:35:24]cl_getDriver.py(127): click_Success->//*[@id="base_box"]/div/div[3]/form/button
[2021-03-17 08:35:24]cl_getDriver.py(72): Open NewTab->https://kabuoji3.com/stock/4624/1990/
[2021-03-17 08:35:25]cl_getDriver.py(127): click_Success->//*[@id="base_box"]/div/div[3]/form/button
[2021-03-17 08:35:26]cl_getDriver.py(127): click_Success->//*[@id="base_box"]/div/div[3]/form/button
[2021-03-17 08:35:26]cl_getDriver.py(72): Open NewTab->https://kabuoji3.com/stock/4625/1997/
[2021-03-17 08:35:27]cl_getDriver.py(127): click_Success->//*[@id="base_box"]/div/div[3]/form/button
[2021-03-17 08:35:28]cl_getDriver.py(127): click_Success->//*[@id="base_box"]/div/div[3]/form/button
[2021-03-17 08:35:28]cl_getDriver.py(72): Open NewTab->https://kabuoji3.com/stock/4624/1989/
[2021-03-17 08:35:29]cl_getDriver.py(127): click_Success->//*[@id="base_box"]/div/div[3]/form/button
[2021-03-17 08:35:29]cl_getDriver.py(127): click_Success->//*[@id="base_box"]/div/div[3]/form/button
[2021-03-17 08:35:29]cl_getDriver.py(72): Open NewTab->https://kabuoji3.com/stock/4625/1996/
[2021-03-17 08:35:30]cl_getDriver.py(127): click_Success->//*[@id="base_box"]/div/div[3]/form/button
[2021-03-17 08:35:31]cl_getDriver.py(127): click_Success->//*[@id="base_box"]/div/div[3]/form/button
[2021-03-17 08:35:31]cl_getDriver.py(72): Open NewTab->https://kabuoji3.com/stock/4624/1988/
[2021-03-17 08:35:32]cl_getDriver.py(127): click_Success->//*[@id="base_box"]/div/div[3]/form/button
[2021-03-17 08:35:33]cl_getDriver.py(127): click_Success->//*[@id="base_box"]/div/div[3]/form/button
[2021-03-17 08:35:33]cl_getDriver.py(72): Open NewTab->https://kabuoji3.com/stock/4625/1995/
[2021-03-17 08:35:34]cl_getDriver.py(127): click_Success->//*[@id="base_box"]/div/div[3]/form/button
[2021-03-17 08:35:35]cl_getDriver.py(127): click_Success->//*[@id="base_box"]/div/div[3]/form/button
[2021-03-17 08:35:35]cl_getDriver.py(72): Open NewTab->https://kabuoji3.com/stock/4624/1987/
[2021-03-17 08:35:36]cl_getDriver.py(127): click_Success->//*[@id="base_box"]/div/div[3]/form/button
[2021-03-17 08:35:36]cl_getDriver.py(127): click_Success->//*[@id="base_box"]/div/div[3]/form/button
[2021-03-17 08:35:37]cl_getDriver.py(72): Open NewTab->https://kabuoji3.com/stock/4625/1994/
[2021-03-17 08:35:37]cl_getDriver.py(127): click_Success->//*[@id="base_box"]/div/div[3]/form/button
[2021-03-17 08:35:38]cl_getDriver.py(127): click_Success->//*[@id="base_box"]/div/div[3]/form/button
[2021-03-17 08:35:39]cl_getDriver.py(72): Open NewTab->https://kabuoji3.com/stock/4624/1986/
[2021-03-17 08:35:40]cl_getDriver.py(127): click_Success->//*[@id="base_box"]/div/div[3]/form/button
[2021-03-17 08:35:40]cl_getDriver.py(127): click_Success->//*[@id="base_box"]/div/div[3]/form/button
[2021-03-17 08:35:40]cl_getDriver.py(72): Open NewTab->https://kabuoji3.com/stock/4625/1993/
[2021-03-17 08:35:41]cl_getDriver.py(127): click_Success->//*[@id="base_box"]/div/div[3]/form/button
[2021-03-17 08:35:42]cl_getDriver.py(127): click_Success->//*[@id="base_box"]/div/div[3]/form/button
[2021-03-17 08:35:42]cl_getDriver.py(72): Open NewTab->https://kabuoji3.com/stock/4624/1985/
[2021-03-17 08:35:43]cl_getDriver.py(127): click_Success->//*[@id="base_box"]/div/div[3]/form/button
[2021-03-17 08:35:43]cl_getDriver.py(127): click_Success->//*[@id="base_box"]/div/div[3]/form/button
[2021-03-17 08:35:44]cl_getDriver.py(72): Open NewTab->https://kabuoji3.com/stock/4625/1992/
[2021-03-17 08:35:44]cl_getDriver.py(127): click_Success->//*[@id="base_box"]/div/div[3]/form/button
[2021-03-17 08:35:45]cl_getDriver.py(127): click_Success->//*[@id="base_box"]/div/div[3]/form/button
[2021-03-17 08:35:46]cl_getDriver.py(72): Open NewTab->https://kabuoji3.com/stock/4624/1984/
[2021-03-17 08:35:47]cl_getDriver.py(127): click_Success->//*[@id="base_box"]/div/div[3]/form/button
[2021-03-17 08:35:47]cl_getDriver.py(127): click_Success->//*[@id="base_box"]/div/div[3]/form/button
[2021-03-17 08:35:47]cl_getDriver.py(72): Open NewTab->https://kabuoji3.com/stock/4625/1991/
[2021-03-17 08:35:48]cl_getDriver.py(127): click_Success->//*[@id="base_box"]/div/div[3]/form/button
[2021-03-17 08:35:49]cl_getDriver.py(127): click_Success->//*[@id="base_box"]/div/div[3]/form/button
[2021-03-17 08:35:50]cl_getDriver.py(127): click_Success->//*[@id="base_box"]/div/div[3]/form/button
[2021-03-17 08:35:51]cl_getDriver.py(72): Open NewTab->https://kabuoji3.com/stock/4625/1990/
[2021-03-17 08:35:51]cl_getDriver.py(127): click_Success->//*[@id="base_box"]/div/div[3]/form/button
[2021-03-17 08:35:53]main.py(42): finished Process->https://kabuoji3.com/stock/4624/
[2021-03-17 08:35:53]main.py(15): start_Process->https://kabuoji3.com/stock/4626/
[2021-03-17 08:35:54]cl_getDriver.py(127): click_Success->//*[@id="base_box"]/div/div[3]/form/button
[2021-03-17 08:35:54]cl_getDriver.py(72): Open NewTab->https://kabuoji3.com/stock/4625/1989/
[2021-03-17 08:35:55]cl_getDriver.py(127): click_Success->//*[@id="base_box"]/div/div[3]/form/button
[2021-03-17 08:35:57]cl_getDriver.py(127): click_Success->//*[@id="base_box"]/div/div[3]/form/button
[2021-03-17 08:35:58]cl_getDriver.py(72): Open NewTab->https://kabuoji3.com/stock/4625/1988/
[2021-03-17 08:35:59]cl_getDriver.py(127): click_Success->//*[@id="base_box"]/div/div[3]/form/button
[2021-03-17 08:35:59]cl_getDriver.py(64): getURL=https://kabuoji3.com/stock/4626/
[2021-03-17 08:36:00]cl_getDriver.py(72): Open NewTab->https://kabuoji3.com/stock/4626/
[2021-03-17 08:36:00]cl_getDriver.py(130): Not Found->//*[@id="base_box"]/div/div[3]/form/button
[2021-03-17 08:36:01]cl_getDriver.py(127): click_Success->//*[@id="base_box"]/div/div[3]/form/button
[2021-03-17 08:36:02]cl_getDriver.py(130): Not Found->//*[@id="base_box"]/div/div[3]/form/button
[2021-03-17 08:36:03]cl_getDriver.py(72): Open NewTab->https://kabuoji3.com/stock/4626/2021/
[2021-03-17 08:36:03]cl_getDriver.py(127): click_Success->//*[@id="base_box"]/div/div[3]/form/button
[2021-03-17 08:36:05]main.py(42): finished Process->https://kabuoji3.com/stock/4625/
[2021-03-17 08:36:05]main.py(15): start_Process->https://kabuoji3.com/stock/4627/
[2021-03-17 08:36:06]cl_getDriver.py(127): click_Success->//*[@id="base_box"]/div/div[3]/form/button
[2021-03-17 08:36:06]cl_getDriver.py(72): Open NewTab->https://kabuoji3.com/stock/4626/2020/
[2021-03-17 08:36:07]cl_getDriver.py(127): click_Success->//*[@id="base_box"]/div/div[3]/form/button
[2021-03-17 08:36:10]cl_getDriver.py(127): click_Success->//*[@id="base_box"]/div/div[3]/form/button
[2021-03-17 08:36:10]cl_getDriver.py(72): Open NewTab->https://kabuoji3.com/stock/4626/2019/
[2021-03-17 08:36:12]cl_getDriver.py(127): click_Success->//*[@id="base_box"]/div/div[3]/form/button
[2021-03-17 08:36:12]cl_getDriver.py(64): getURL=https://kabuoji3.com/stock/4627/
[2021-03-17 08:36:13]cl_getDriver.py(72): Open NewTab->https://kabuoji3.com/stock/4627/
[2021-03-17 08:36:13]cl_getDriver.py(130): Not Found->//*[@id="base_box"]/div/div[3]/form/button
[2021-03-17 08:36:14]cl_getDriver.py(127): click_Success->//*[@id="base_box"]/div/div[3]/form/button
[2021-03-17 08:36:14]cl_getDriver.py(72): Open NewTab->https://kabuoji3.com/stock/4626/2018/
[2021-03-17 08:36:15]cl_getDriver.py(130): Not Found->//*[@id="base_box"]/div/div[3]/form/button
[2021-03-17 08:36:16]cl_getDriver.py(72): Open NewTab->https://kabuoji3.com/stock/4627/2021/
[2021-03-17 08:36:16]cl_getDriver.py(127): click_Success->//*[@id="base_box"]/div/div[3]/form/button
[2021-03-17 08:36:17]cl_getDriver.py(127): click_Success->//*[@id="base_box"]/div/div[3]/form/button
[2021-03-17 08:36:18]cl_getDriver.py(127): click_Success->//*[@id="base_box"]/div/div[3]/form/button
[2021-03-17 08:36:19]cl_getDriver.py(72): Open NewTab->https://kabuoji3.com/stock/4626/2017/
[2021-03-17 08:36:19]cl_getDriver.py(127): click_Success->//*[@id="base_box"]/div/div[3]/form/button
[2021-03-17 08:36:20]cl_getDriver.py(72): Open NewTab->https://kabuoji3.com/stock/4627/2020/
[2021-03-17 08:36:22]cl_getDriver.py(127): click_Success->//*[@id="base_box"]/div/div[3]/form/button
[2021-03-17 08:36:23]cl_getDriver.py(127): click_Success->//*[@id="base_box"]/div/div[3]/form/button
[2021-03-17 08:36:24]cl_getDriver.py(127): click_Success->//*[@id="base_box"]/div/div[3]/form/button
[2021-03-17 08:36:25]cl_getDriver.py(72): Open NewTab->https://kabuoji3.com/stock/4626/2016/
[2021-03-17 08:36:26]cl_getDriver.py(127): click_Success->//*[@id="base_box"]/div/div[3]/form/button
[2021-03-17 08:36:26]cl_getDriver.py(72): Open NewTab->https://kabuoji3.com/stock/4627/2019/
[2021-03-17 08:36:26]cl_getDriver.py(127): click_Success->//*[@id="base_box"]/div/div[3]/form/button
[2021-03-17 08:36:27]cl_getDriver.py(127): click_Success->//*[@id="base_box"]/div/div[3]/form/button
[2021-03-17 08:36:29]cl_getDriver.py(127): click_Success->//*[@id="base_box"]/div/div[3]/form/button
[2021-03-17 08:36:29]cl_getDriver.py(72): Open NewTab->https://kabuoji3.com/stock/4626/2015/
[2021-03-17 08:36:29]cl_getDriver.py(127): click_Success->//*[@id="base_box"]/div/div[3]/form/button
[2021-03-17 08:36:30]cl_getDriver.py(72): Open NewTab->https://kabuoji3.com/stock/4627/2018/
[2021-03-17 08:36:30]cl_getDriver.py(127): click_Success->//*[@id="base_box"]/div/div[3]/form/button
[2021-03-17 08:36:31]cl_getDriver.py(127): click_Success->//*[@id="base_box"]/div/div[3]/form/button
[2021-03-17 08:36:32]cl_getDriver.py(127): click_Success->//*[@id="base_box"]/div/div[3]/form/button
[2021-03-17 08:36:33]cl_getDriver.py(72): Open NewTab->https://kabuoji3.com/stock/4626/2014/
[2021-03-17 08:36:33]cl_getDriver.py(127): click_Success->//*[@id="base_box"]/div/div[3]/form/button
[2021-03-17 08:36:34]cl_getDriver.py(72): Open NewTab->https://kabuoji3.com/stock/4627/2017/
[2021-03-17 08:36:34]cl_getDriver.py(127): click_Success->//*[@id="base_box"]/div/div[3]/form/button
[2021-03-17 08:36:35]cl_getDriver.py(127): click_Success->//*[@id="base_box"]/div/div[3]/form/button
[2021-03-17 08:36:37]cl_getDriver.py(127): click_Success->//*[@id="base_box"]/div/div[3]/form/button
[2021-03-17 08:36:37]cl_getDriver.py(72): Open NewTab->https://kabuoji3.com/stock/4626/2013/
[2021-03-17 08:36:37]cl_getDriver.py(127): click_Success->//*[@id="base_box"]/div/div[3]/form/button
[2021-03-17 08:36:38]cl_getDriver.py(72): Open NewTab->https://kabuoji3.com/stock/4627/2016/
[2021-03-17 08:36:38]cl_getDriver.py(127): click_Success->//*[@id="base_box"]/div/div[3]/form/button
[2021-03-17 08:36:39]cl_getDriver.py(127): click_Success->//*[@id="base_box"]/div/div[3]/form/button
[2021-03-17 08:36:40]cl_getDriver.py(127): click_Success->//*[@id="base_box"]/div/div[3]/form/button
[2021-03-17 08:36:41]cl_getDriver.py(72): Open NewTab->https://kabuoji3.com/stock/4626/2012/
[2021-03-17 08:36:41]cl_getDriver.py(127): click_Success->//*[@id="base_box"]/div/div[3]/form/button
[2021-03-17 08:36:42]cl_getDriver.py(72): Open NewTab->https://kabuoji3.com/stock/4627/2015/
[2021-03-17 08:36:43]cl_getDriver.py(127): click_Success->//*[@id="base_box"]/div/div[3]/form/button
[2021-03-17 08:36:44]cl_getDriver.py(127): click_Success->//*[@id="base_box"]/div/div[3]/form/button
[2021-03-17 08:36:45]cl_getDriver.py(127): click_Success->//*[@id="base_box"]/div/div[3]/form/button
[2021-03-17 08:36:45]cl_getDriver.py(72): Open NewTab->https://kabuoji3.com/stock/4626/2011/
[2021-03-17 08:36:46]cl_getDriver.py(127): click_Success->//*[@id="base_box"]/div/div[3]/form/button
[2021-03-17 08:36:46]cl_getDriver.py(127): click_Success->//*[@id="base_box"]/div/div[3]/form/button
[2021-03-17 08:36:47]cl_getDriver.py(72): Open NewTab->https://kabuoji3.com/stock/4627/2014/
[2021-03-17 08:36:48]cl_getDriver.py(127): click_Success->//*[@id="base_box"]/div/div[3]/form/button
[2021-03-17 08:36:48]cl_getDriver.py(127): click_Success->//*[@id="base_box"]/div/div[3]/form/button
[2021-03-17 08:36:49]cl_getDriver.py(72): Open NewTab->https://kabuoji3.com/stock/4626/2010/
[2021-03-17 08:36:50]cl_getDriver.py(127): click_Success->//*[@id="base_box"]/div/div[3]/form/button
[2021-03-17 08:36:50]cl_getDriver.py(127): click_Success->//*[@id="base_box"]/div/div[3]/form/button
[2021-03-17 08:36:50]cl_getDriver.py(72): Open NewTab->https://kabuoji3.com/stock/4627/2013/
[2021-03-17 08:36:51]cl_getDriver.py(127): click_Success->//*[@id="base_box"]/div/div[3]/form/button
[2021-03-17 08:36:52]cl_getDriver.py(127): click_Success->//*[@id="base_box"]/div/div[3]/form/button
[2021-03-17 08:36:53]cl_getDriver.py(72): Open NewTab->https://kabuoji3.com/stock/4626/2009/
[2021-03-17 08:36:54]cl_getDriver.py(127): click_Success->//*[@id="base_box"]/div/div[3]/form/button
[2021-03-17 08:36:54]cl_getDriver.py(127): click_Success->//*[@id="base_box"]/div/div[3]/form/button
[2021-03-17 08:36:54]cl_getDriver.py(72): Open NewTab->https://kabuoji3.com/stock/4627/2012/
[2021-03-17 08:36:55]cl_getDriver.py(127): click_Success->//*[@id="base_box"]/div/div[3]/form/button
[2021-03-17 08:36:56]cl_getDriver.py(127): click_Success->//*[@id="base_box"]/div/div[3]/form/button
[2021-03-17 08:36:56]cl_getDriver.py(72): Open NewTab->https://kabuoji3.com/stock/4626/2008/
[2021-03-17 08:36:57]cl_getDriver.py(127): click_Success->//*[@id="base_box"]/div/div[3]/form/button
[2021-03-17 08:36:58]cl_getDriver.py(127): click_Success->//*[@id="base_box"]/div/div[3]/form/button
[2021-03-17 08:36:58]cl_getDriver.py(72): Open NewTab->https://kabuoji3.com/stock/4627/2011/
[2021-03-17 08:36:59]cl_getDriver.py(127): click_Success->//*[@id="base_box"]/div/div[3]/form/button
[2021-03-17 08:36:59]cl_getDriver.py(127): click_Success->//*[@id="base_box"]/div/div[3]/form/button
[2021-03-17 08:37:00]cl_getDriver.py(72): Open NewTab->https://kabuoji3.com/stock/4626/2007/
[2021-03-17 08:37:01]cl_getDriver.py(127): click_Success->//*[@id="base_box"]/div/div[3]/form/button
[2021-03-17 08:37:01]cl_getDriver.py(127): click_Success->//*[@id="base_box"]/div/div[3]/form/button
[2021-03-17 08:37:01]cl_getDriver.py(72): Open NewTab->https://kabuoji3.com/stock/4627/2010/
[2021-03-17 08:37:02]cl_getDriver.py(127): click_Success->//*[@id="base_box"]/div/div[3]/form/button
[2021-03-17 08:37:03]cl_getDriver.py(127): click_Success->//*[@id="base_box"]/div/div[3]/form/button
[2021-03-17 08:37:04]cl_getDriver.py(72): Open NewTab->https://kabuoji3.com/stock/4626/2006/
[2021-03-17 08:37:05]cl_getDriver.py(127): click_Success->//*[@id="base_box"]/div/div[3]/form/button
[2021-03-17 08:37:05]cl_getDriver.py(127): click_Success->//*[@id="base_box"]/div/div[3]/form/button
[2021-03-17 08:37:05]cl_getDriver.py(72): Open NewTab->https://kabuoji3.com/stock/4627/2009/
[2021-03-17 08:37:06]cl_getDriver.py(127): click_Success->//*[@id="base_box"]/div/div[3]/form/button
[2021-03-17 08:37:07]cl_getDriver.py(127): click_Success->//*[@id="base_box"]/div/div[3]/form/button
[2021-03-17 08:37:07]cl_getDriver.py(72): Open NewTab->https://kabuoji3.com/stock/4626/2005/
[2021-03-17 08:37:08]cl_getDriver.py(127): click_Success->//*[@id="base_box"]/div/div[3]/form/button
[2021-03-17 08:37:08]cl_getDriver.py(127): click_Success->//*[@id="base_box"]/div/div[3]/form/button
[2021-03-17 08:37:09]cl_getDriver.py(72): Open NewTab->https://kabuoji3.com/stock/4627/2008/
[2021-03-17 08:37:10]cl_getDriver.py(127): click_Success->//*[@id="base_box"]/div/div[3]/form/button
[2021-03-17 08:37:10]cl_getDriver.py(127): click_Success->//*[@id="base_box"]/div/div[3]/form/button
[2021-03-17 08:37:11]cl_getDriver.py(72): Open NewTab->https://kabuoji3.com/stock/4626/2004/
[2021-03-17 08:37:12]cl_getDriver.py(127): click_Success->//*[@id="base_box"]/div/div[3]/form/button
[2021-03-17 08:37:12]cl_getDriver.py(127): click_Success->//*[@id="base_box"]/div/div[3]/form/button
[2021-03-17 08:37:13]cl_getDriver.py(72): Open NewTab->https://kabuoji3.com/stock/4627/2007/
[2021-03-17 08:37:14]cl_getDriver.py(127): click_Success->//*[@id="base_box"]/div/div[3]/form/button
[2021-03-17 08:37:14]cl_getDriver.py(127): click_Success->//*[@id="base_box"]/div/div[3]/form/button
[2021-03-17 08:37:15]cl_getDriver.py(72): Open NewTab->https://kabuoji3.com/stock/4626/2003/
[2021-03-17 08:37:16]cl_getDriver.py(127): click_Success->//*[@id="base_box"]/div/div[3]/form/button
[2021-03-17 08:37:16]cl_getDriver.py(127): click_Success->//*[@id="base_box"]/div/div[3]/form/button
[2021-03-17 08:37:16]cl_getDriver.py(72): Open NewTab->https://kabuoji3.com/stock/4627/2006/
[2021-03-17 08:37:17]cl_getDriver.py(127): click_Success->//*[@id="base_box"]/div/div[3]/form/button
[2021-03-17 08:37:18]cl_getDriver.py(127): click_Success->//*[@id="base_box"]/div/div[3]/form/button
[2021-03-17 08:37:18]cl_getDriver.py(72): Open NewTab->https://kabuoji3.com/stock/4626/2002/
[2021-03-17 08:37:19]cl_getDriver.py(127): click_Success->//*[@id="base_box"]/div/div[3]/form/button
[2021-03-17 08:37:20]cl_getDriver.py(127): click_Success->//*[@id="base_box"]/div/div[3]/form/button
[2021-03-17 08:37:20]cl_getDriver.py(72): Open NewTab->https://kabuoji3.com/stock/4627/2005/
[2021-03-17 08:37:21]cl_getDriver.py(127): click_Success->//*[@id="base_box"]/div/div[3]/form/button
[2021-03-17 08:37:21]cl_getDriver.py(127): click_Success->//*[@id="base_box"]/div/div[3]/form/button
[2021-03-17 08:37:22]cl_getDriver.py(72): Open NewTab->https://kabuoji3.com/stock/4626/2001/
[2021-03-17 08:37:23]cl_getDriver.py(127): click_Success->//*[@id="base_box"]/div/div[3]/form/button
[2021-03-17 08:37:23]cl_getDriver.py(127): click_Success->//*[@id="base_box"]/div/div[3]/form/button
[2021-03-17 08:37:24]cl_getDriver.py(72): Open NewTab->https://kabuoji3.com/stock/4627/2004/
[2021-03-17 08:37:25]cl_getDriver.py(127): click_Success->//*[@id="base_box"]/div/div[3]/form/button
[2021-03-17 08:37:25]cl_getDriver.py(127): click_Success->//*[@id="base_box"]/div/div[3]/form/button
[2021-03-17 08:37:27]cl_getDriver.py(127): click_Success->//*[@id="base_box"]/div/div[3]/form/button
[2021-03-17 08:37:27]cl_getDriver.py(72): Open NewTab->https://kabuoji3.com/stock/4627/2003/
[2021-03-17 08:37:28]cl_getDriver.py(127): click_Success->//*[@id="base_box"]/div/div[3]/form/button
[2021-03-17 08:37:29]main.py(42): finished Process->https://kabuoji3.com/stock/4626/
[2021-03-17 08:37:29]main.py(15): start_Process->https://kabuoji3.com/stock/4628/
[2021-03-17 08:37:31]cl_getDriver.py(127): click_Success->//*[@id="base_box"]/div/div[3]/form/button
[2021-03-17 08:37:31]cl_getDriver.py(72): Open NewTab->https://kabuoji3.com/stock/4627/2002/
[2021-03-17 08:37:32]cl_getDriver.py(127): click_Success->//*[@id="base_box"]/div/div[3]/form/button
[2021-03-17 08:37:35]cl_getDriver.py(127): click_Success->//*[@id="base_box"]/div/div[3]/form/button
[2021-03-17 08:37:35]cl_getDriver.py(64): getURL=https://kabuoji3.com/stock/4628/
[2021-03-17 08:37:35]cl_getDriver.py(72): Open NewTab->https://kabuoji3.com/stock/4627/2001/
[2021-03-17 08:37:35]cl_getDriver.py(72): Open NewTab->https://kabuoji3.com/stock/4628/
[2021-03-17 08:37:36]cl_getDriver.py(127): click_Success->//*[@id="base_box"]/div/div[3]/form/button
[2021-03-17 08:37:36]cl_getDriver.py(130): Not Found->//*[@id="base_box"]/div/div[3]/form/button
[2021-03-17 08:37:38]cl_getDriver.py(130): Not Found->//*[@id="base_box"]/div/div[3]/form/button
[2021-03-17 08:37:38]cl_getDriver.py(127): click_Success->//*[@id="base_box"]/div/div[3]/form/button
[2021-03-17 08:37:38]cl_getDriver.py(72): Open NewTab->https://kabuoji3.com/stock/4628/2021/
[2021-03-17 08:37:39]cl_getDriver.py(72): Open NewTab->https://kabuoji3.com/stock/4627/2000/
[2021-03-17 08:37:40]cl_getDriver.py(127): click_Success->//*[@id="base_box"]/div/div[3]/form/button
[2021-03-17 08:37:40]cl_getDriver.py(127): click_Success->//*[@id="base_box"]/div/div[3]/form/button
[2021-03-17 08:37:42]cl_getDriver.py(127): click_Success->//*[@id="base_box"]/div/div[3]/form/button
[2021-03-17 08:37:42]cl_getDriver.py(72): Open NewTab->https://kabuoji3.com/stock/4628/2020/
[2021-03-17 08:37:42]cl_getDriver.py(127): click_Success->//*[@id="base_box"]/div/div[3]/form/button
[2021-03-17 08:37:43]cl_getDriver.py(72): Open NewTab->https://kabuoji3.com/stock/4627/1999/
[2021-03-17 08:37:44]cl_getDriver.py(127): click_Success->//*[@id="base_box"]/div/div[3]/form/button
[2021-03-17 08:37:44]cl_getDriver.py(127): click_Success->//*[@id="base_box"]/div/div[3]/form/button
[2021-03-17 08:37:46]cl_getDriver.py(127): click_Success->//*[@id="base_box"]/div/div[3]/form/button
[2021-03-17 08:37:46]cl_getDriver.py(72): Open NewTab->https://kabuoji3.com/stock/4628/2019/
[2021-03-17 08:37:47]cl_getDriver.py(127): click_Success->//*[@id="base_box"]/div/div[3]/form/button
[2021-03-17 08:37:47]cl_getDriver.py(72): Open NewTab->https://kabuoji3.com/stock/4627/1998/
[2021-03-17 08:37:48]cl_getDriver.py(127): click_Success->//*[@id="base_box"]/div/div[3]/form/button
[2021-03-17 08:37:48]cl_getDriver.py(127): click_Success->//*[@id="base_box"]/div/div[3]/form/button
[2021-03-17 08:37:50]cl_getDriver.py(127): click_Success->//*[@id="base_box"]/div/div[3]/form/button
[2021-03-17 08:37:50]cl_getDriver.py(127): click_Success->//*[@id="base_box"]/div/div[3]/form/button
[2021-03-17 08:37:51]cl_getDriver.py(72): Open NewTab->https://kabuoji3.com/stock/4628/2018/
[2021-03-17 08:37:51]cl_getDriver.py(72): Open NewTab->https://kabuoji3.com/stock/4627/1997/
[2021-03-17 08:37:52]cl_getDriver.py(127): click_Success->//*[@id="base_box"]/div/div[3]/form/button
[2021-03-17 08:37:52]cl_getDriver.py(127): click_Success->//*[@id="base_box"]/div/div[3]/form/button
[2021-03-17 08:37:54]cl_getDriver.py(127): click_Success->//*[@id="base_box"]/div/div[3]/form/button
[2021-03-17 08:37:54]cl_getDriver.py(127): click_Success->//*[@id="base_box"]/div/div[3]/form/button
[2021-03-17 08:37:55]cl_getDriver.py(72): Open NewTab->https://kabuoji3.com/stock/4627/1996/
[2021-03-17 08:37:55]cl_getDriver.py(72): Open NewTab->https://kabuoji3.com/stock/4628/2017/
[2021-03-17 08:37:56]cl_getDriver.py(127): click_Success->//*[@id="base_box"]/div/div[3]/form/button
[2021-03-17 08:37:56]cl_getDriver.py(127): click_Success->//*[@id="base_box"]/div/div[3]/form/button
[2021-03-17 08:37:58]cl_getDriver.py(127): click_Success->//*[@id="base_box"]/div/div[3]/form/button
[2021-03-17 08:37:58]cl_getDriver.py(127): click_Success->//*[@id="base_box"]/div/div[3]/form/button
[2021-03-17 08:37:59]cl_getDriver.py(72): Open NewTab->https://kabuoji3.com/stock/4627/1995/
[2021-03-17 08:37:59]cl_getDriver.py(72): Open NewTab->https://kabuoji3.com/stock/4628/2016/
[2021-03-17 08:38:00]cl_getDriver.py(127): click_Success->//*[@id="base_box"]/div/div[3]/form/button
[2021-03-17 08:38:00]cl_getDriver.py(127): click_Success->//*[@id="base_box"]/div/div[3]/form/button
[2021-03-17 08:38:02]cl_getDriver.py(127): click_Success->//*[@id="base_box"]/div/div[3]/form/button
[2021-03-17 08:38:03]cl_getDriver.py(127): click_Success->//*[@id="base_box"]/div/div[3]/form/button
[2021-03-17 08:38:03]cl_getDriver.py(72): Open NewTab->https://kabuoji3.com/stock/4627/1994/
[2021-03-17 08:38:03]cl_getDriver.py(72): Open NewTab->https://kabuoji3.com/stock/4628/2015/
[2021-03-17 08:38:04]cl_getDriver.py(127): click_Success->//*[@id="base_box"]/div/div[3]/form/button
[2021-03-17 08:38:04]cl_getDriver.py(127): click_Success->//*[@id="base_box"]/div/div[3]/form/button
[2021-03-17 08:38:06]cl_getDriver.py(127): click_Success->//*[@id="base_box"]/div/div[3]/form/button
[2021-03-17 08:38:06]cl_getDriver.py(127): click_Success->//*[@id="base_box"]/div/div[3]/form/button
[2021-03-17 08:38:07]cl_getDriver.py(72): Open NewTab->https://kabuoji3.com/stock/4627/1993/
[2021-03-17 08:38:07]cl_getDriver.py(72): Open NewTab->https://kabuoji3.com/stock/4628/2014/
[2021-03-17 08:38:08]cl_getDriver.py(127): click_Success->//*[@id="base_box"]/div/div[3]/form/button
[2021-03-17 08:38:08]cl_getDriver.py(127): click_Success->//*[@id="base_box"]/div/div[3]/form/button
[2021-03-17 08:38:10]cl_getDriver.py(127): click_Success->//*[@id="base_box"]/div/div[3]/form/button
[2021-03-17 08:38:11]cl_getDriver.py(127): click_Success->//*[@id="base_box"]/div/div[3]/form/button
[2021-03-17 08:38:11]cl_getDriver.py(72): Open NewTab->https://kabuoji3.com/stock/4628/2013/
[2021-03-17 08:38:12]cl_getDriver.py(127): click_Success->//*[@id="base_box"]/div/div[3]/form/button
[2021-03-17 08:38:14]cl_getDriver.py(127): click_Success->//*[@id="base_box"]/div/div[3]/form/button
[2021-03-17 08:38:15]cl_getDriver.py(72): Open NewTab->https://kabuoji3.com/stock/4628/2012/
[2021-03-17 08:38:15]main.py(42): finished Process->https://kabuoji3.com/stock/4627/
[2021-03-17 08:38:15]main.py(15): start_Process->https://kabuoji3.com/stock/4629/
[2021-03-17 08:38:15]cl_getDriver.py(127): click_Success->//*[@id="base_box"]/div/div[3]/form/button
[2021-03-17 08:38:18]cl_getDriver.py(127): click_Success->//*[@id="base_box"]/div/div[3]/form/button
[2021-03-17 08:38:18]cl_getDriver.py(72): Open NewTab->https://kabuoji3.com/stock/4628/2011/
[2021-03-17 08:38:21]cl_getDriver.py(127): click_Success->//*[@id="base_box"]/div/div[3]/form/button
[2021-03-17 08:38:23]cl_getDriver.py(127): click_Success->//*[@id="base_box"]/div/div[3]/form/button
[2021-03-17 08:38:23]cl_getDriver.py(72): Open NewTab->https://kabuoji3.com/stock/4628/2010/
[2021-03-17 08:38:24]cl_getDriver.py(127): click_Success->//*[@id="base_box"]/div/div[3]/form/button
[2021-03-17 08:38:25]cl_getDriver.py(64): getURL=https://kabuoji3.com/stock/4629/
[2021-03-17 08:38:25]cl_getDriver.py(72): Open NewTab->https://kabuoji3.com/stock/4629/
[2021-03-17 08:38:26]cl_getDriver.py(130): Not Found->//*[@id="base_box"]/div/div[3]/form/button
[2021-03-17 08:38:27]cl_getDriver.py(127): click_Success->//*[@id="base_box"]/div/div[3]/form/button
[2021-03-17 08:38:27]cl_getDriver.py(72): Open NewTab->https://kabuoji3.com/stock/4628/2009/
[2021-03-17 08:38:28]cl_getDriver.py(130): Not Found->//*[@id="base_box"]/div/div[3]/form/button
[2021-03-17 08:38:28]cl_getDriver.py(72): Open NewTab->https://kabuoji3.com/stock/4629/2021/
[2021-03-17 08:38:28]cl_getDriver.py(127): click_Success->//*[@id="base_box"]/div/div[3]/form/button
[2021-03-17 08:38:29]cl_getDriver.py(127): click_Success->//*[@id="base_box"]/div/div[3]/form/button
[2021-03-17 08:38:30]cl_getDriver.py(127): click_Success->//*[@id="base_box"]/div/div[3]/form/button
[2021-03-17 08:38:31]cl_getDriver.py(72): Open NewTab->https://kabuoji3.com/stock/4628/2008/
[2021-03-17 08:38:31]cl_getDriver.py(127): click_Success->//*[@id="base_box"]/div/div[3]/form/button
[2021-03-17 08:38:31]cl_getDriver.py(72): Open NewTab->https://kabuoji3.com/stock/4629/2020/
[2021-03-17 08:38:32]cl_getDriver.py(127): click_Success->//*[@id="base_box"]/div/div[3]/form/button
[2021-03-17 08:38:33]cl_getDriver.py(127): click_Success->//*[@id="base_box"]/div/div[3]/form/button
[2021-03-17 08:38:35]cl_getDriver.py(127): click_Success->//*[@id="base_box"]/div/div[3]/form/button
[2021-03-17 08:38:35]cl_getDriver.py(72): Open NewTab->https://kabuoji3.com/stock/4628/2007/
[2021-03-17 08:38:35]cl_getDriver.py(127): click_Success->//*[@id="base_box"]/div/div[3]/form/button
[2021-03-17 08:38:36]cl_getDriver.py(72): Open NewTab->https://kabuoji3.com/stock/4629/2019/
[2021-03-17 08:38:36]cl_getDriver.py(127): click_Success->//*[@id="base_box"]/div/div[3]/form/button
[2021-03-17 08:38:37]cl_getDriver.py(127): click_Success->//*[@id="base_box"]/div/div[3]/form/button
[2021-03-17 08:38:39]cl_getDriver.py(127): click_Success->//*[@id="base_box"]/div/div[3]/form/button
[2021-03-17 08:38:39]cl_getDriver.py(72): Open NewTab->https://kabuoji3.com/stock/4628/2006/
[2021-03-17 08:38:39]cl_getDriver.py(127): click_Success->//*[@id="base_box"]/div/div[3]/form/button
[2021-03-17 08:38:40]cl_getDriver.py(72): Open NewTab->https://kabuoji3.com/stock/4629/2018/
[2021-03-17 08:38:41]cl_getDriver.py(127): click_Success->//*[@id="base_box"]/div/div[3]/form/button
[2021-03-17 08:38:41]cl_getDriver.py(127): click_Success->//*[@id="base_box"]/div/div[3]/form/button
[2021-03-17 08:38:43]cl_getDriver.py(127): click_Success->//*[@id="base_box"]/div/div[3]/form/button
[2021-03-17 08:38:43]cl_getDriver.py(72): Open NewTab->https://kabuoji3.com/stock/4628/2005/
[2021-03-17 08:38:43]cl_getDriver.py(127): click_Success->//*[@id="base_box"]/div/div[3]/form/button
[2021-03-17 08:38:44]cl_getDriver.py(72): Open NewTab->https://kabuoji3.com/stock/4629/2017/
[2021-03-17 08:38:45]cl_getDriver.py(127): click_Success->//*[@id="base_box"]/div/div[3]/form/button
[2021-03-17 08:38:45]cl_getDriver.py(127): click_Success->//*[@id="base_box"]/div/div[3]/form/button
[2021-03-17 08:38:47]cl_getDriver.py(127): click_Success->//*[@id="base_box"]/div/div[3]/form/button
[2021-03-17 08:38:47]cl_getDriver.py(72): Open NewTab->https://kabuoji3.com/stock/4628/2004/
[2021-03-17 08:38:48]cl_getDriver.py(127): click_Success->//*[@id="base_box"]/div/div[3]/form/button
[2021-03-17 08:38:48]cl_getDriver.py(72): Open NewTab->https://kabuoji3.com/stock/4629/2016/
[2021-03-17 08:38:49]cl_getDriver.py(127): click_Success->//*[@id="base_box"]/div/div[3]/form/button
[2021-03-17 08:38:49]cl_getDriver.py(127): click_Success->//*[@id="base_box"]/div/div[3]/form/button
[2021-03-17 08:38:51]cl_getDriver.py(127): click_Success->//*[@id="base_box"]/div/div[3]/form/button
[2021-03-17 08:38:51]cl_getDriver.py(72): Open NewTab->https://kabuoji3.com/stock/4628/2003/
[2021-03-17 08:38:52]cl_getDriver.py(127): click_Success->//*[@id="base_box"]/div/div[3]/form/button
[2021-03-17 08:38:52]cl_getDriver.py(72): Open NewTab->https://kabuoji3.com/stock/4629/2015/
[2021-03-17 08:38:53]cl_getDriver.py(127): click_Success->//*[@id="base_box"]/div/div[3]/form/button
[2021-03-17 08:38:53]cl_getDriver.py(127): click_Success->//*[@id="base_box"]/div/div[3]/form/button
[2021-03-17 08:38:55]cl_getDriver.py(127): click_Success->//*[@id="base_box"]/div/div[3]/form/button
[2021-03-17 08:38:55]cl_getDriver.py(72): Open NewTab->https://kabuoji3.com/stock/4628/2002/
[2021-03-17 08:38:55]cl_getDriver.py(127): click_Success->//*[@id="base_box"]/div/div[3]/form/button
[2021-03-17 08:38:56]cl_getDriver.py(72): Open NewTab->https://kabuoji3.com/stock/4629/2014/
[2021-03-17 08:38:57]cl_getDriver.py(127): click_Success->//*[@id="base_box"]/div/div[3]/form/button
[2021-03-17 08:38:57]cl_getDriver.py(127): click_Success->//*[@id="base_box"]/div/div[3]/form/button
[2021-03-17 08:38:59]cl_getDriver.py(127): click_Success->//*[@id="base_box"]/div/div[3]/form/button
[2021-03-17 08:38:59]cl_getDriver.py(127): click_Success->//*[@id="base_box"]/div/div[3]/form/button
[2021-03-17 08:39:00]cl_getDriver.py(72): Open NewTab->https://kabuoji3.com/stock/4628/2001/
[2021-03-17 08:39:00]cl_getDriver.py(72): Open NewTab->https://kabuoji3.com/stock/4629/2013/
[2021-03-17 08:39:01]cl_getDriver.py(127): click_Success->//*[@id="base_box"]/div/div[3]/form/button
[2021-03-17 08:39:01]cl_getDriver.py(127): click_Success->//*[@id="base_box"]/div/div[3]/form/button
[2021-03-17 08:39:03]cl_getDriver.py(127): click_Success->//*[@id="base_box"]/div/div[3]/form/button
[2021-03-17 08:39:03]cl_getDriver.py(127): click_Success->//*[@id="base_box"]/div/div[3]/form/button
[2021-03-17 08:39:04]cl_getDriver.py(72): Open NewTab->https://kabuoji3.com/stock/4628/2000/
[2021-03-17 08:39:04]cl_getDriver.py(72): Open NewTab->https://kabuoji3.com/stock/4629/2012/
[2021-03-17 08:39:05]cl_getDriver.py(127): click_Success->//*[@id="base_box"]/div/div[3]/form/button
[2021-03-17 08:39:05]cl_getDriver.py(127): click_Success->//*[@id="base_box"]/div/div[3]/form/button
[2021-03-17 08:39:08]cl_getDriver.py(127): click_Success->//*[@id="base_box"]/div/div[3]/form/button
[2021-03-17 08:39:08]cl_getDriver.py(127): click_Success->//*[@id="base_box"]/div/div[3]/form/button
[2021-03-17 08:39:08]cl_getDriver.py(72): Open NewTab->https://kabuoji3.com/stock/4629/2011/
[2021-03-17 08:39:08]cl_getDriver.py(72): Open NewTab->https://kabuoji3.com/stock/4628/1999/
[2021-03-17 08:39:09]cl_getDriver.py(127): click_Success->//*[@id="base_box"]/div/div[3]/form/button
[2021-03-17 08:39:09]cl_getDriver.py(127): click_Success->//*[@id="base_box"]/div/div[3]/form/button
[2021-03-17 08:39:12]cl_getDriver.py(127): click_Success->//*[@id="base_box"]/div/div[3]/form/button
[2021-03-17 08:39:12]cl_getDriver.py(127): click_Success->//*[@id="base_box"]/div/div[3]/form/button
[2021-03-17 08:39:12]cl_getDriver.py(72): Open NewTab->https://kabuoji3.com/stock/4629/2010/
[2021-03-17 08:39:12]cl_getDriver.py(72): Open NewTab->https://kabuoji3.com/stock/4628/1998/
[2021-03-17 08:39:14]cl_getDriver.py(127): click_Success->//*[@id="base_box"]/div/div[3]/form/button
[2021-03-17 08:39:14]cl_getDriver.py(127): click_Success->//*[@id="base_box"]/div/div[3]/form/button
[2021-03-17 08:39:16]cl_getDriver.py(127): click_Success->//*[@id="base_box"]/div/div[3]/form/button
[2021-03-17 08:39:16]cl_getDriver.py(127): click_Success->//*[@id="base_box"]/div/div[3]/form/button
[2021-03-17 08:39:17]cl_getDriver.py(72): Open NewTab->https://kabuoji3.com/stock/4629/2009/
[2021-03-17 08:39:17]cl_getDriver.py(72): Open NewTab->https://kabuoji3.com/stock/4628/1997/
[2021-03-17 08:39:18]cl_getDriver.py(127): click_Success->//*[@id="base_box"]/div/div[3]/form/button
[2021-03-17 08:39:18]cl_getDriver.py(127): click_Success->//*[@id="base_box"]/div/div[3]/form/button
[2021-03-17 08:39:20]cl_getDriver.py(127): click_Success->//*[@id="base_box"]/div/div[3]/form/button
[2021-03-17 08:39:20]cl_getDriver.py(127): click_Success->//*[@id="base_box"]/div/div[3]/form/button
[2021-03-17 08:39:21]cl_getDriver.py(72): Open NewTab->https://kabuoji3.com/stock/4629/2008/
[2021-03-17 08:39:21]cl_getDriver.py(72): Open NewTab->https://kabuoji3.com/stock/4628/1996/
[2021-03-17 08:39:22]cl_getDriver.py(127): click_Success->//*[@id="base_box"]/div/div[3]/form/button
[2021-03-17 08:39:22]cl_getDriver.py(127): click_Success->//*[@id="base_box"]/div/div[3]/form/button
[2021-03-17 08:39:24]cl_getDriver.py(127): click_Success->//*[@id="base_box"]/div/div[3]/form/button
[2021-03-17 08:39:25]cl_getDriver.py(127): click_Success->//*[@id="base_box"]/div/div[3]/form/button
[2021-03-17 08:39:25]cl_getDriver.py(72): Open NewTab->https://kabuoji3.com/stock/4629/2007/
[2021-03-17 08:39:25]cl_getDriver.py(72): Open NewTab->https://kabuoji3.com/stock/4628/1995/
[2021-03-17 08:39:26]cl_getDriver.py(127): click_Success->//*[@id="base_box"]/div/div[3]/form/button
[2021-03-17 08:39:27]cl_getDriver.py(127): click_Success->//*[@id="base_box"]/div/div[3]/form/button
[2021-03-17 08:39:29]cl_getDriver.py(127): click_Success->//*[@id="base_box"]/div/div[3]/form/button
[2021-03-17 08:39:29]cl_getDriver.py(127): click_Success->//*[@id="base_box"]/div/div[3]/form/button
[2021-03-17 08:39:29]cl_getDriver.py(72): Open NewTab->https://kabuoji3.com/stock/4629/2006/
[2021-03-17 08:39:29]cl_getDriver.py(72): Open NewTab->https://kabuoji3.com/stock/4628/1994/
[2021-03-17 08:39:30]cl_getDriver.py(127): click_Success->//*[@id="base_box"]/div/div[3]/form/button
[2021-03-17 08:39:30]cl_getDriver.py(127): click_Success->//*[@id="base_box"]/div/div[3]/form/button
[2021-03-17 08:39:33]cl_getDriver.py(127): click_Success->//*[@id="base_box"]/div/div[3]/form/button
[2021-03-17 08:39:33]cl_getDriver.py(127): click_Success->//*[@id="base_box"]/div/div[3]/form/button
[2021-03-17 08:39:33]cl_getDriver.py(72): Open NewTab->https://kabuoji3.com/stock/4629/2005/
[2021-03-17 08:39:34]cl_getDriver.py(127): click_Success->//*[@id="base_box"]/div/div[3]/form/button
[2021-03-17 08:39:36]cl_getDriver.py(127): click_Success->//*[@id="base_box"]/div/div[3]/form/button
[2021-03-17 08:39:37]cl_getDriver.py(72): Open NewTab->https://kabuoji3.com/stock/4629/2004/
[2021-03-17 08:39:37]main.py(42): finished Process->https://kabuoji3.com/stock/4628/
[2021-03-17 08:39:37]main.py(15): start_Process->https://kabuoji3.com/stock/4631/
[2021-03-17 08:39:38]cl_getDriver.py(127): click_Success->//*[@id="base_box"]/div/div[3]/form/button
[2021-03-17 08:39:40]cl_getDriver.py(127): click_Success->//*[@id="base_box"]/div/div[3]/form/button
[2021-03-17 08:39:40]cl_getDriver.py(72): Open NewTab->https://kabuoji3.com/stock/4629/2003/
[2021-03-17 08:39:41]cl_getDriver.py(127): click_Success->//*[@id="base_box"]/div/div[3]/form/button
[2021-03-17 08:39:42]cl_getDriver.py(64): getURL=https://kabuoji3.com/stock/4631/
[2021-03-17 08:39:43]cl_getDriver.py(72): Open NewTab->https://kabuoji3.com/stock/4631/
[2021-03-17 08:39:43]cl_getDriver.py(130): Not Found->//*[@id="base_box"]/div/div[3]/form/button
[2021-03-17 08:39:43]cl_getDriver.py(127): click_Success->//*[@id="base_box"]/div/div[3]/form/button
[2021-03-17 08:39:44]cl_getDriver.py(72): Open NewTab->https://kabuoji3.com/stock/4629/2002/
[2021-03-17 08:39:45]cl_getDriver.py(127): click_Success->//*[@id="base_box"]/div/div[3]/form/button
[2021-03-17 08:39:45]cl_getDriver.py(130): Not Found->//*[@id="base_box"]/div/div[3]/form/button
[2021-03-17 08:39:45]cl_getDriver.py(72): Open NewTab->https://kabuoji3.com/stock/4631/2021/
[2021-03-17 08:39:46]cl_getDriver.py(127): click_Success->//*[@id="base_box"]/div/div[3]/form/button
[2021-03-17 08:39:47]cl_getDriver.py(127): click_Success->//*[@id="base_box"]/div/div[3]/form/button
[2021-03-17 08:39:47]cl_getDriver.py(72): Open NewTab->https://kabuoji3.com/stock/4629/2001/
[2021-03-17 08:39:48]cl_getDriver.py(127): click_Success->//*[@id="base_box"]/div/div[3]/form/button
[2021-03-17 08:39:48]cl_getDriver.py(127): click_Success->//*[@id="base_box"]/div/div[3]/form/button
[2021-03-17 08:39:49]cl_getDriver.py(72): Open NewTab->https://kabuoji3.com/stock/4631/2020/
[2021-03-17 08:39:50]cl_getDriver.py(127): click_Success->//*[@id="base_box"]/div/div[3]/form/button
[2021-03-17 08:39:50]cl_getDriver.py(127): click_Success->//*[@id="base_box"]/div/div[3]/form/button
[2021-03-17 08:39:51]cl_getDriver.py(72): Open NewTab->https://kabuoji3.com/stock/4629/2000/
[2021-03-17 08:39:52]cl_getDriver.py(127): click_Success->//*[@id="base_box"]/div/div[3]/form/button
[2021-03-17 08:39:52]cl_getDriver.py(127): click_Success->//*[@id="base_box"]/div/div[3]/form/button
[2021-03-17 08:39:52]cl_getDriver.py(72): Open NewTab->https://kabuoji3.com/stock/4631/2019/
[2021-03-17 08:39:53]cl_getDriver.py(127): click_Success->//*[@id="base_box"]/div/div[3]/form/button
[2021-03-17 08:39:54]cl_getDriver.py(127): click_Success->//*[@id="base_box"]/div/div[3]/form/button
[2021-03-17 08:39:54]cl_getDriver.py(72): Open NewTab->https://kabuoji3.com/stock/4629/1999/
[2021-03-17 08:39:55]cl_getDriver.py(127): click_Success->//*[@id="base_box"]/div/div[3]/form/button
[2021-03-17 08:39:56]cl_getDriver.py(127): click_Success->//*[@id="base_box"]/div/div[3]/form/button
[2021-03-17 08:39:56]cl_getDriver.py(72): Open NewTab->https://kabuoji3.com/stock/4631/2018/
[2021-03-17 08:39:57]cl_getDriver.py(127): click_Success->//*[@id="base_box"]/div/div[3]/form/button
[2021-03-17 08:39:57]cl_getDriver.py(127): click_Success->//*[@id="base_box"]/div/div[3]/form/button
[2021-03-17 08:39:58]cl_getDriver.py(72): Open NewTab->https://kabuoji3.com/stock/4629/1998/
[2021-03-17 08:39:59]cl_getDriver.py(127): click_Success->//*[@id="base_box"]/div/div[3]/form/button
[2021-03-17 08:39:59]cl_getDriver.py(127): click_Success->//*[@id="base_box"]/div/div[3]/form/button
[2021-03-17 08:40:00]cl_getDriver.py(72): Open NewTab->https://kabuoji3.com/stock/4631/2017/
[2021-03-17 08:40:01]cl_getDriver.py(127): click_Success->//*[@id="base_box"]/div/div[3]/form/button
[2021-03-17 08:40:01]cl_getDriver.py(127): click_Success->//*[@id="base_box"]/div/div[3]/form/button
[2021-03-17 08:40:01]cl_getDriver.py(72): Open NewTab->https://kabuoji3.com/stock/4629/1997/
[2021-03-17 08:40:02]cl_getDriver.py(127): click_Success->//*[@id="base_box"]/div/div[3]/form/button
[2021-03-17 08:40:03]cl_getDriver.py(127): click_Success->//*[@id="base_box"]/div/div[3]/form/button
[2021-03-17 08:40:03]cl_getDriver.py(72): Open NewTab->https://kabuoji3.com/stock/4631/2016/
[2021-03-17 08:40:04]cl_getDriver.py(127): click_Success->//*[@id="base_box"]/div/div[3]/form/button
[2021-03-17 08:40:05]cl_getDriver.py(72): Open NewTab->https://kabuoji3.com/stock/4629/1996/
[2021-03-17 08:40:06]cl_getDriver.py(127): click_Success->//*[@id="base_box"]/div/div[3]/form/button
[2021-03-17 08:40:06]cl_getDriver.py(127): click_Success->//*[@id="base_box"]/div/div[3]/form/button
[2021-03-17 08:40:08]cl_getDriver.py(127): click_Success->//*[@id="base_box"]/div/div[3]/form/button
[2021-03-17 08:40:08]cl_getDriver.py(127): click_Success->//*[@id="base_box"]/div/div[3]/form/button
[2021-03-17 08:40:09]cl_getDriver.py(72): Open NewTab->https://kabuoji3.com/stock/4631/2015/
[2021-03-17 08:40:09]cl_getDriver.py(72): Open NewTab->https://kabuoji3.com/stock/4629/1995/
[2021-03-17 08:40:10]cl_getDriver.py(127): click_Success->//*[@id="base_box"]/div/div[3]/form/button
[2021-03-17 08:40:10]cl_getDriver.py(127): click_Success->//*[@id="base_box"]/div/div[3]/form/button
[2021-03-17 08:40:12]cl_getDriver.py(127): click_Success->//*[@id="base_box"]/div/div[3]/form/button
[2021-03-17 08:40:12]cl_getDriver.py(127): click_Success->//*[@id="base_box"]/div/div[3]/form/button
[2021-03-17 08:40:13]cl_getDriver.py(72): Open NewTab->https://kabuoji3.com/stock/4631/2014/
[2021-03-17 08:40:14]cl_getDriver.py(127): click_Success->//*[@id="base_box"]/div/div[3]/form/button
[2021-03-17 08:40:16]cl_getDriver.py(127): click_Success->//*[@id="base_box"]/div/div[3]/form/button
[2021-03-17 08:40:16]cl_getDriver.py(72): Open NewTab->https://kabuoji3.com/stock/4631/2013/
[2021-03-17 08:40:16]main.py(42): finished Process->https://kabuoji3.com/stock/4629/
[2021-03-17 08:40:16]main.py(15): start_Process->https://kabuoji3.com/stock/4633/
[2021-03-17 08:40:17]cl_getDriver.py(127): click_Success->//*[@id="base_box"]/div/div[3]/form/button
[2021-03-17 08:40:19]cl_getDriver.py(127): click_Success->//*[@id="base_box"]/div/div[3]/form/button
[2021-03-17 08:40:20]cl_getDriver.py(72): Open NewTab->https://kabuoji3.com/stock/4631/2012/
[2021-03-17 08:40:21]cl_getDriver.py(127): click_Success->//*[@id="base_box"]/div/div[3]/form/button
[2021-03-17 08:40:22]cl_getDriver.py(64): getURL=https://kabuoji3.com/stock/4633/
[2021-03-17 08:40:23]cl_getDriver.py(72): Open NewTab->https://kabuoji3.com/stock/4633/
[2021-03-17 08:40:23]cl_getDriver.py(127): click_Success->//*[@id="base_box"]/div/div[3]/form/button
[2021-03-17 08:40:23]cl_getDriver.py(72): Open NewTab->https://kabuoji3.com/stock/4631/2011/
[2021-03-17 08:40:23]cl_getDriver.py(130): Not Found->//*[@id="base_box"]/div/div[3]/form/button
[2021-03-17 08:40:25]cl_getDriver.py(127): click_Success->//*[@id="base_box"]/div/div[3]/form/button
[2021-03-17 08:40:26]cl_getDriver.py(130): Not Found->//*[@id="base_box"]/div/div[3]/form/button
[2021-03-17 08:40:26]cl_getDriver.py(72): Open NewTab->https://kabuoji3.com/stock/4633/2021/
[2021-03-17 08:40:26]cl_getDriver.py(127): click_Success->//*[@id="base_box"]/div/div[3]/form/button
[2021-03-17 08:40:27]cl_getDriver.py(127): click_Success->//*[@id="base_box"]/div/div[3]/form/button
[2021-03-17 08:40:27]cl_getDriver.py(72): Open NewTab->https://kabuoji3.com/stock/4631/2010/
[2021-03-17 08:40:28]cl_getDriver.py(127): click_Success->//*[@id="base_box"]/div/div[3]/form/button
[2021-03-17 08:40:29]cl_getDriver.py(127): click_Success->//*[@id="base_box"]/div/div[3]/form/button
[2021-03-17 08:40:29]cl_getDriver.py(72): Open NewTab->https://kabuoji3.com/stock/4633/2020/
[2021-03-17 08:40:30]cl_getDriver.py(127): click_Success->//*[@id="base_box"]/div/div[3]/form/button
[2021-03-17 08:40:31]cl_getDriver.py(127): click_Success->//*[@id="base_box"]/div/div[3]/form/button
[2021-03-17 08:40:31]cl_getDriver.py(72): Open NewTab->https://kabuoji3.com/stock/4631/2009/
[2021-03-17 08:40:32]cl_getDriver.py(127): click_Success->//*[@id="base_box"]/div/div[3]/form/button
[2021-03-17 08:40:32]cl_getDriver.py(127): click_Success->//*[@id="base_box"]/div/div[3]/form/button
[2021-03-17 08:40:33]cl_getDriver.py(72): Open NewTab->https://kabuoji3.com/stock/4633/2019/
[2021-03-17 08:40:34]cl_getDriver.py(127): click_Success->//*[@id="base_box"]/div/div[3]/form/button
[2021-03-17 08:40:34]cl_getDriver.py(127): click_Success->//*[@id="base_box"]/div/div[3]/form/button
[2021-03-17 08:40:35]cl_getDriver.py(72): Open NewTab->https://kabuoji3.com/stock/4631/2008/
[2021-03-17 08:40:36]cl_getDriver.py(127): click_Success->//*[@id="base_box"]/div/div[3]/form/button
[2021-03-17 08:40:36]cl_getDriver.py(127): click_Success->//*[@id="base_box"]/div/div[3]/form/button
[2021-03-17 08:40:37]cl_getDriver.py(72): Open NewTab->https://kabuoji3.com/stock/4633/2018/
[2021-03-17 08:40:38]cl_getDriver.py(127): click_Success->//*[@id="base_box"]/div/div[3]/form/button
[2021-03-17 08:40:38]cl_getDriver.py(127): click_Success->//*[@id="base_box"]/div/div[3]/form/button
[2021-03-17 08:40:39]cl_getDriver.py(72): Open NewTab->https://kabuoji3.com/stock/4631/2007/
[2021-03-17 08:40:40]cl_getDriver.py(127): click_Success->//*[@id="base_box"]/div/div[3]/form/button
[2021-03-17 08:40:40]cl_getDriver.py(127): click_Success->//*[@id="base_box"]/div/div[3]/form/button
[2021-03-17 08:40:41]cl_getDriver.py(72): Open NewTab->https://kabuoji3.com/stock/4633/2017/
[2021-03-17 08:40:42]cl_getDriver.py(127): click_Success->//*[@id="base_box"]/div/div[3]/form/button
[2021-03-17 08:40:42]cl_getDriver.py(127): click_Success->//*[@id="base_box"]/div/div[3]/form/button
[2021-03-17 08:40:43]cl_getDriver.py(72): Open NewTab->https://kabuoji3.com/stock/4631/2006/
[2021-03-17 08:40:43]cl_getDriver.py(127): click_Success->//*[@id="base_box"]/div/div[3]/form/button
[2021-03-17 08:40:44]cl_getDriver.py(127): click_Success->//*[@id="base_box"]/div/div[3]/form/button
[2021-03-17 08:40:44]cl_getDriver.py(72): Open NewTab->https://kabuoji3.com/stock/4633/2016/
[2021-03-17 08:40:45]cl_getDriver.py(127): click_Success->//*[@id="base_box"]/div/div[3]/form/button
[2021-03-17 08:40:46]cl_getDriver.py(127): click_Success->//*[@id="base_box"]/div/div[3]/form/button
[2021-03-17 08:40:46]cl_getDriver.py(72): Open NewTab->https://kabuoji3.com/stock/4631/2005/
[2021-03-17 08:40:47]cl_getDriver.py(127): click_Success->//*[@id="base_box"]/div/div[3]/form/button
[2021-03-17 08:40:48]cl_getDriver.py(127): click_Success->//*[@id="base_box"]/div/div[3]/form/button
[2021-03-17 08:40:48]cl_getDriver.py(72): Open NewTab->https://kabuoji3.com/stock/4633/2015/
[2021-03-17 08:40:49]cl_getDriver.py(127): click_Success->//*[@id="base_box"]/div/div[3]/form/button
[2021-03-17 08:40:50]cl_getDriver.py(72): Open NewTab->https://kabuoji3.com/stock/4631/2004/
[2021-03-17 08:40:51]cl_getDriver.py(127): click_Success->//*[@id="base_box"]/div/div[3]/form/button
[2021-03-17 08:40:51]cl_getDriver.py(127): click_Success->//*[@id="base_box"]/div/div[3]/form/button
[2021-03-17 08:40:53]cl_getDriver.py(127): click_Success->//*[@id="base_box"]/div/div[3]/form/button
[2021-03-17 08:40:53]cl_getDriver.py(127): click_Success->//*[@id="base_box"]/div/div[3]/form/button
[2021-03-17 08:40:54]cl_getDriver.py(72): Open NewTab->https://kabuoji3.com/stock/4633/2014/
[2021-03-17 08:40:54]cl_getDriver.py(72): Open NewTab->https://kabuoji3.com/stock/4631/2003/
[2021-03-17 08:40:55]cl_getDriver.py(127): click_Success->//*[@id="base_box"]/div/div[3]/form/button
[2021-03-17 08:40:55]cl_getDriver.py(127): click_Success->//*[@id="base_box"]/div/div[3]/form/button
[2021-03-17 08:40:58]cl_getDriver.py(127): click_Success->//*[@id="base_box"]/div/div[3]/form/button
[2021-03-17 08:40:58]cl_getDriver.py(127): click_Success->//*[@id="base_box"]/div/div[3]/form/button
[2021-03-17 08:40:58]cl_getDriver.py(72): Open NewTab->https://kabuoji3.com/stock/4633/2013/
[2021-03-17 08:40:58]cl_getDriver.py(72): Open NewTab->https://kabuoji3.com/stock/4631/2002/
[2021-03-17 08:40:59]cl_getDriver.py(127): click_Success->//*[@id="base_box"]/div/div[3]/form/button
[2021-03-17 08:40:59]cl_getDriver.py(127): click_Success->//*[@id="base_box"]/div/div[3]/form/button
[2021-03-17 08:41:02]cl_getDriver.py(127): click_Success->//*[@id="base_box"]/div/div[3]/form/button
[2021-03-17 08:41:02]cl_getDriver.py(127): click_Success->//*[@id="base_box"]/div/div[3]/form/button
[2021-03-17 08:41:02]cl_getDriver.py(72): Open NewTab->https://kabuoji3.com/stock/4633/2012/
[2021-03-17 08:41:02]cl_getDriver.py(72): Open NewTab->https://kabuoji3.com/stock/4631/2001/
[2021-03-17 08:41:04]cl_getDriver.py(127): click_Success->//*[@id="base_box"]/div/div[3]/form/button
[2021-03-17 08:41:04]cl_getDriver.py(127): click_Success->//*[@id="base_box"]/div/div[3]/form/button
[2021-03-17 08:41:06]cl_getDriver.py(127): click_Success->//*[@id="base_box"]/div/div[3]/form/button
[2021-03-17 08:41:06]cl_getDriver.py(127): click_Success->//*[@id="base_box"]/div/div[3]/form/button
[2021-03-17 08:41:07]cl_getDriver.py(72): Open NewTab->https://kabuoji3.com/stock/4633/2011/
[2021-03-17 08:41:07]cl_getDriver.py(72): Open NewTab->https://kabuoji3.com/stock/4631/2000/
[2021-03-17 08:41:08]cl_getDriver.py(127): click_Success->//*[@id="base_box"]/div/div[3]/form/button
[2021-03-17 08:41:08]cl_getDriver.py(127): click_Success->//*[@id="base_box"]/div/div[3]/form/button
[2021-03-17 08:41:11]cl_getDriver.py(127): click_Success->//*[@id="base_box"]/div/div[3]/form/button
[2021-03-17 08:41:11]cl_getDriver.py(127): click_Success->//*[@id="base_box"]/div/div[3]/form/button
[2021-03-17 08:41:11]cl_getDriver.py(72): Open NewTab->https://kabuoji3.com/stock/4631/1999/
[2021-03-17 08:41:11]cl_getDriver.py(72): Open NewTab->https://kabuoji3.com/stock/4633/2010/
[2021-03-17 08:41:12]cl_getDriver.py(127): click_Success->//*[@id="base_box"]/div/div[3]/form/button
[2021-03-17 08:41:13]cl_getDriver.py(127): click_Success->//*[@id="base_box"]/div/div[3]/form/button
[2021-03-17 08:41:15]cl_getDriver.py(127): click_Success->//*[@id="base_box"]/div/div[3]/form/button
[2021-03-17 08:41:15]cl_getDriver.py(127): click_Success->//*[@id="base_box"]/div/div[3]/form/button
[2021-03-17 08:41:16]cl_getDriver.py(72): Open NewTab->https://kabuoji3.com/stock/4633/2009/
[2021-03-17 08:41:16]cl_getDriver.py(72): Open NewTab->https://kabuoji3.com/stock/4631/1998/
[2021-03-17 08:41:17]cl_getDriver.py(127): click_Success->//*[@id="base_box"]/div/div[3]/form/button
[2021-03-17 08:41:17]cl_getDriver.py(127): click_Success->//*[@id="base_box"]/div/div[3]/form/button
[2021-03-17 08:41:19]cl_getDriver.py(127): click_Success->//*[@id="base_box"]/div/div[3]/form/button
[2021-03-17 08:41:19]cl_getDriver.py(127): click_Success->//*[@id="base_box"]/div/div[3]/form/button
[2021-03-17 08:41:20]cl_getDriver.py(72): Open NewTab->https://kabuoji3.com/stock/4633/2008/
[2021-03-17 08:41:20]cl_getDriver.py(72): Open NewTab->https://kabuoji3.com/stock/4631/1997/
[2021-03-17 08:41:21]cl_getDriver.py(127): click_Success->//*[@id="base_box"]/div/div[3]/form/button
[2021-03-17 08:41:21]cl_getDriver.py(127): click_Success->//*[@id="base_box"]/div/div[3]/form/button
[2021-03-17 08:41:24]cl_getDriver.py(127): click_Success->//*[@id="base_box"]/div/div[3]/form/button
[2021-03-17 08:41:24]cl_getDriver.py(127): click_Success->//*[@id="base_box"]/div/div[3]/form/button
[2021-03-17 08:41:24]cl_getDriver.py(72): Open NewTab->https://kabuoji3.com/stock/4631/1996/
[2021-03-17 08:41:24]cl_getDriver.py(72): Open NewTab->https://kabuoji3.com/stock/4633/2007/
[2021-03-17 08:41:26]cl_getDriver.py(127): click_Success->//*[@id="base_box"]/div/div[3]/form/button
[2021-03-17 08:41:26]cl_getDriver.py(127): click_Success->//*[@id="base_box"]/div/div[3]/form/button
[2021-03-17 08:41:28]cl_getDriver.py(127): click_Success->//*[@id="base_box"]/div/div[3]/form/button
[2021-03-17 08:41:28]cl_getDriver.py(127): click_Success->//*[@id="base_box"]/div/div[3]/form/button
[2021-03-17 08:41:29]cl_getDriver.py(72): Open NewTab->https://kabuoji3.com/stock/4631/1995/
[2021-03-17 08:41:29]cl_getDriver.py(72): Open NewTab->https://kabuoji3.com/stock/4633/2006/
[2021-03-17 08:41:30]cl_getDriver.py(127): click_Success->//*[@id="base_box"]/div/div[3]/form/button
[2021-03-17 08:41:30]cl_getDriver.py(127): click_Success->//*[@id="base_box"]/div/div[3]/form/button
[2021-03-17 08:41:33]cl_getDriver.py(127): click_Success->//*[@id="base_box"]/div/div[3]/form/button
[2021-03-17 08:41:33]cl_getDriver.py(127): click_Success->//*[@id="base_box"]/div/div[3]/form/button
[2021-03-17 08:41:33]cl_getDriver.py(72): Open NewTab->https://kabuoji3.com/stock/4631/1994/
[2021-03-17 08:41:33]cl_getDriver.py(72): Open NewTab->https://kabuoji3.com/stock/4633/2005/
[2021-03-17 08:41:34]cl_getDriver.py(127): click_Success->//*[@id="base_box"]/div/div[3]/form/button
[2021-03-17 08:41:36]cl_getDriver.py(127): click_Success->//*[@id="base_box"]/div/div[3]/form/button
[2021-03-17 08:41:37]cl_getDriver.py(127): click_Success->//*[@id="base_box"]/div/div[3]/form/button
[2021-03-17 08:41:37]cl_getDriver.py(72): Open NewTab->https://kabuoji3.com/stock/4631/1993/
[2021-03-17 08:41:38]cl_getDriver.py(127): click_Success->//*[@id="base_box"]/div/div[3]/form/button
[2021-03-17 08:41:38]cl_getDriver.py(127): click_Success->//*[@id="base_box"]/div/div[3]/form/button
[2021-03-17 08:41:38]cl_getDriver.py(72): Open NewTab->https://kabuoji3.com/stock/4633/2004/
[2021-03-17 08:41:39]cl_getDriver.py(127): click_Success->//*[@id="base_box"]/div/div[3]/form/button
[2021-03-17 08:41:40]cl_getDriver.py(127): click_Success->//*[@id="base_box"]/div/div[3]/form/button
[2021-03-17 08:41:40]cl_getDriver.py(72): Open NewTab->https://kabuoji3.com/stock/4631/1992/
[2021-03-17 08:41:41]cl_getDriver.py(127): click_Success->//*[@id="base_box"]/div/div[3]/form/button
[2021-03-17 08:41:42]cl_getDriver.py(127): click_Success->//*[@id="base_box"]/div/div[3]/form/button
[2021-03-17 08:41:42]cl_getDriver.py(72): Open NewTab->https://kabuoji3.com/stock/4633/2003/
[2021-03-17 08:41:43]cl_getDriver.py(127): click_Success->//*[@id="base_box"]/div/div[3]/form/button
[2021-03-17 08:41:44]cl_getDriver.py(127): click_Success->//*[@id="base_box"]/div/div[3]/form/button
[2021-03-17 08:41:44]cl_getDriver.py(72): Open NewTab->https://kabuoji3.com/stock/4631/1991/
[2021-03-17 08:41:45]cl_getDriver.py(127): click_Success->//*[@id="base_box"]/div/div[3]/form/button
[2021-03-17 08:41:45]cl_getDriver.py(127): click_Success->//*[@id="base_box"]/div/div[3]/form/button
[2021-03-17 08:41:46]cl_getDriver.py(72): Open NewTab->https://kabuoji3.com/stock/4633/2002/
[2021-03-17 08:41:47]cl_getDriver.py(127): click_Success->//*[@id="base_box"]/div/div[3]/form/button
[2021-03-17 08:41:47]cl_getDriver.py(127): click_Success->//*[@id="base_box"]/div/div[3]/form/button
[2021-03-17 08:41:47]cl_getDriver.py(72): Open NewTab->https://kabuoji3.com/stock/4631/1990/
[2021-03-17 08:41:48]cl_getDriver.py(127): click_Success->//*[@id="base_box"]/div/div[3]/form/button
[2021-03-17 08:41:49]cl_getDriver.py(127): click_Success->//*[@id="base_box"]/div/div[3]/form/button
[2021-03-17 08:41:49]cl_getDriver.py(72): Open NewTab->https://kabuoji3.com/stock/4633/2001/
[2021-03-17 08:41:50]cl_getDriver.py(127): click_Success->//*[@id="base_box"]/div/div[3]/form/button
[2021-03-17 08:41:51]cl_getDriver.py(127): click_Success->//*[@id="base_box"]/div/div[3]/form/button
[2021-03-17 08:41:51]cl_getDriver.py(72): Open NewTab->https://kabuoji3.com/stock/4631/1989/
[2021-03-17 08:41:52]cl_getDriver.py(127): click_Success->//*[@id="base_box"]/div/div[3]/form/button
[2021-03-17 08:41:52]cl_getDriver.py(127): click_Success->//*[@id="base_box"]/div/div[3]/form/button
[2021-03-17 08:41:53]cl_getDriver.py(72): Open NewTab->https://kabuoji3.com/stock/4633/2000/
[2021-03-17 08:41:54]cl_getDriver.py(127): click_Success->//*[@id="base_box"]/div/div[3]/form/button
[2021-03-17 08:41:54]cl_getDriver.py(127): click_Success->//*[@id="base_box"]/div/div[3]/form/button
[2021-03-17 08:41:55]cl_getDriver.py(72): Open NewTab->https://kabuoji3.com/stock/4631/1988/
[2021-03-17 08:41:56]cl_getDriver.py(127): click_Success->//*[@id="base_box"]/div/div[3]/form/button
[2021-03-17 08:41:56]cl_getDriver.py(127): click_Success->//*[@id="base_box"]/div/div[3]/form/button
[2021-03-17 08:41:56]cl_getDriver.py(72): Open NewTab->https://kabuoji3.com/stock/4633/1999/
[2021-03-17 08:41:57]cl_getDriver.py(127): click_Success->//*[@id="base_box"]/div/div[3]/form/button
[2021-03-17 08:41:58]cl_getDriver.py(127): click_Success->//*[@id="base_box"]/div/div[3]/form/button
[2021-03-17 08:41:58]cl_getDriver.py(72): Open NewTab->https://kabuoji3.com/stock/4631/1987/
[2021-03-17 08:41:59]cl_getDriver.py(127): click_Success->//*[@id="base_box"]/div/div[3]/form/button
[2021-03-17 08:42:02]cl_getDriver.py(127): click_Success->//*[@id="base_box"]/div/div[3]/form/button
[2021-03-17 08:42:02]cl_getDriver.py(72): Open NewTab->https://kabuoji3.com/stock/4631/1986/
[2021-03-17 08:42:03]cl_getDriver.py(127): click_Success->//*[@id="base_box"]/div/div[3]/form/button
[2021-03-17 08:42:05]cl_getDriver.py(127): click_Success->//*[@id="base_box"]/div/div[3]/form/button
[2021-03-17 08:42:05]cl_getDriver.py(72): Open NewTab->https://kabuoji3.com/stock/4631/1985/
[2021-03-17 08:42:07]cl_getDriver.py(127): click_Success->//*[@id="base_box"]/div/div[3]/form/button
[2021-03-17 08:42:07]cl_getDriver.py(72): Open NewTab->https://kabuoji3.com/stock/4633/1998/
[2021-03-17 08:42:07]cl_getDriver.py(127): click_Success->//*[@id="base_box"]/div/div[3]/form/button
[2021-03-17 08:42:08]cl_getDriver.py(127): click_Success->//*[@id="base_box"]/div/div[3]/form/button
[2021-03-17 08:42:09]cl_getDriver.py(127): click_Success->//*[@id="base_box"]/div/div[3]/form/button
[2021-03-17 08:42:10]cl_getDriver.py(72): Open NewTab->https://kabuoji3.com/stock/4631/1984/
[2021-03-17 08:42:10]cl_getDriver.py(127): click_Success->//*[@id="base_box"]/div/div[3]/form/button
[2021-03-17 08:42:11]cl_getDriver.py(72): Open NewTab->https://kabuoji3.com/stock/4633/1997/
[2021-03-17 08:42:11]cl_getDriver.py(127): click_Success->//*[@id="base_box"]/div/div[3]/form/button
[2021-03-17 08:42:12]cl_getDriver.py(127): click_Success->//*[@id="base_box"]/div/div[3]/form/button
[2021-03-17 08:42:13]cl_getDriver.py(127): click_Success->//*[@id="base_box"]/div/div[3]/form/button
[2021-03-17 08:42:14]cl_getDriver.py(72): Open NewTab->https://kabuoji3.com/stock/4631/1983/
[2021-03-17 08:42:14]cl_getDriver.py(127): click_Success->//*[@id="base_box"]/div/div[3]/form/button
[2021-03-17 08:42:15]cl_getDriver.py(72): Open NewTab->https://kabuoji3.com/stock/4633/1996/
[2021-03-17 08:42:15]cl_getDriver.py(127): click_Success->//*[@id="base_box"]/div/div[3]/form/button
[2021-03-17 08:42:16]cl_getDriver.py(127): click_Success->//*[@id="base_box"]/div/div[3]/form/button
[2021-03-17 08:42:18]cl_getDriver.py(127): click_Success->//*[@id="base_box"]/div/div[3]/form/button
[2021-03-17 08:42:18]cl_getDriver.py(127): click_Success->//*[@id="base_box"]/div/div[3]/form/button
[2021-03-17 08:42:18]cl_getDriver.py(72): Open NewTab->https://kabuoji3.com/stock/4633/1995/
[2021-03-17 08:42:19]cl_getDriver.py(127): click_Success->//*[@id="base_box"]/div/div[3]/form/button
[2021-03-17 08:42:22]cl_getDriver.py(127): click_Success->//*[@id="base_box"]/div/div[3]/form/button
[2021-03-17 08:42:22]main.py(42): finished Process->https://kabuoji3.com/stock/4631/
[2021-03-17 08:42:22]main.py(15): start_Process->https://kabuoji3.com/stock/4634/
[2021-03-17 08:42:22]cl_getDriver.py(72): Open NewTab->https://kabuoji3.com/stock/4633/1994/
[2021-03-17 08:42:23]cl_getDriver.py(127): click_Success->//*[@id="base_box"]/div/div[3]/form/button
[2021-03-17 08:42:25]cl_getDriver.py(127): click_Success->//*[@id="base_box"]/div/div[3]/form/button
[2021-03-17 08:42:26]cl_getDriver.py(72): Open NewTab->https://kabuoji3.com/stock/4633/1993/
[2021-03-17 08:42:27]cl_getDriver.py(127): click_Success->//*[@id="base_box"]/div/div[3]/form/button
[2021-03-17 08:42:27]cl_getDriver.py(64): getURL=https://kabuoji3.com/stock/4634/
[2021-03-17 08:42:28]cl_getDriver.py(72): Open NewTab->https://kabuoji3.com/stock/4634/
[2021-03-17 08:42:28]cl_getDriver.py(130): Not Found->//*[@id="base_box"]/div/div[3]/form/button
[2021-03-17 08:42:29]cl_getDriver.py(127): click_Success->//*[@id="base_box"]/div/div[3]/form/button
[2021-03-17 08:42:29]cl_getDriver.py(72): Open NewTab->https://kabuoji3.com/stock/4633/1992/
[2021-03-17 08:42:30]cl_getDriver.py(127): click_Success->//*[@id="base_box"]/div/div[3]/form/button
[2021-03-17 08:42:30]cl_getDriver.py(130): Not Found->//*[@id="base_box"]/div/div[3]/form/button
[2021-03-17 08:42:31]cl_getDriver.py(72): Open NewTab->https://kabuoji3.com/stock/4634/2021/
[2021-03-17 08:42:32]cl_getDriver.py(127): click_Success->//*[@id="base_box"]/div/div[3]/form/button
[2021-03-17 08:42:32]cl_getDriver.py(127): click_Success->//*[@id="base_box"]/div/div[3]/form/button
[2021-03-17 08:42:33]cl_getDriver.py(72): Open NewTab->https://kabuoji3.com/stock/4633/1991/
[2021-03-17 08:42:34]cl_getDriver.py(127): click_Success->//*[@id="base_box"]/div/div[3]/form/button
[2021-03-17 08:42:34]cl_getDriver.py(127): click_Success->//*[@id="base_box"]/div/div[3]/form/button
[2021-03-17 08:42:34]cl_getDriver.py(72): Open NewTab->https://kabuoji3.com/stock/4634/2020/
[2021-03-17 08:42:35]cl_getDriver.py(127): click_Success->//*[@id="base_box"]/div/div[3]/form/button
[2021-03-17 08:42:36]cl_getDriver.py(127): click_Success->//*[@id="base_box"]/div/div[3]/form/button
[2021-03-17 08:42:36]cl_getDriver.py(72): Open NewTab->https://kabuoji3.com/stock/4633/1990/
[2021-03-17 08:42:37]cl_getDriver.py(127): click_Success->//*[@id="base_box"]/div/div[3]/form/button
[2021-03-17 08:42:37]cl_getDriver.py(127): click_Success->//*[@id="base_box"]/div/div[3]/form/button
[2021-03-17 08:42:38]cl_getDriver.py(72): Open NewTab->https://kabuoji3.com/stock/4634/2019/
[2021-03-17 08:42:39]cl_getDriver.py(127): click_Success->//*[@id="base_box"]/div/div[3]/form/button
[2021-03-17 08:42:40]cl_getDriver.py(127): click_Success->//*[@id="base_box"]/div/div[3]/form/button
[2021-03-17 08:42:40]cl_getDriver.py(72): Open NewTab->https://kabuoji3.com/stock/4633/1989/
[2021-03-17 08:42:41]cl_getDriver.py(127): click_Success->//*[@id="base_box"]/div/div[3]/form/button
[2021-03-17 08:42:41]cl_getDriver.py(127): click_Success->//*[@id="base_box"]/div/div[3]/form/button
[2021-03-17 08:42:41]cl_getDriver.py(72): Open NewTab->https://kabuoji3.com/stock/4634/2018/
[2021-03-17 08:42:42]cl_getDriver.py(127): click_Success->//*[@id="base_box"]/div/div[3]/form/button
[2021-03-17 08:42:43]cl_getDriver.py(127): click_Success->//*[@id="base_box"]/div/div[3]/form/button
[2021-03-17 08:42:43]cl_getDriver.py(72): Open NewTab->https://kabuoji3.com/stock/4633/1988/
[2021-03-17 08:42:44]cl_getDriver.py(127): click_Success->//*[@id="base_box"]/div/div[3]/form/button
[2021-03-17 08:42:45]cl_getDriver.py(127): click_Success->//*[@id="base_box"]/div/div[3]/form/button
[2021-03-17 08:42:45]cl_getDriver.py(72): Open NewTab->https://kabuoji3.com/stock/4634/2017/
[2021-03-17 08:42:46]cl_getDriver.py(127): click_Success->//*[@id="base_box"]/div/div[3]/form/button
[2021-03-17 08:42:46]cl_getDriver.py(127): click_Success->//*[@id="base_box"]/div/div[3]/form/button
[2021-03-17 08:42:48]cl_getDriver.py(127): click_Success->//*[@id="base_box"]/div/div[3]/form/button
[2021-03-17 08:42:48]cl_getDriver.py(72): Open NewTab->https://kabuoji3.com/stock/4634/2016/
[2021-03-17 08:42:49]cl_getDriver.py(127): click_Success->//*[@id="base_box"]/div/div[3]/form/button
[2021-03-17 08:42:51]main.py(42): finished Process->https://kabuoji3.com/stock/4633/
[2021-03-17 08:42:51]main.py(15): start_Process->https://kabuoji3.com/stock/4635/
[2021-03-17 08:42:52]cl_getDriver.py(127): click_Success->//*[@id="base_box"]/div/div[3]/form/button
[2021-03-17 08:42:52]cl_getDriver.py(72): Open NewTab->https://kabuoji3.com/stock/4634/2015/
[2021-03-17 08:42:53]cl_getDriver.py(127): click_Success->//*[@id="base_box"]/div/div[3]/form/button
[2021-03-17 08:42:55]cl_getDriver.py(127): click_Success->//*[@id="base_box"]/div/div[3]/form/button
[2021-03-17 08:42:56]cl_getDriver.py(72): Open NewTab->https://kabuoji3.com/stock/4634/2014/
[2021-03-17 08:42:57]cl_getDriver.py(64): getURL=https://kabuoji3.com/stock/4635/
[2021-03-17 08:42:57]cl_getDriver.py(127): click_Success->//*[@id="base_box"]/div/div[3]/form/button
[2021-03-17 08:42:57]cl_getDriver.py(72): Open NewTab->https://kabuoji3.com/stock/4635/
[2021-03-17 08:42:58]cl_getDriver.py(130): Not Found->//*[@id="base_box"]/div/div[3]/form/button
[2021-03-17 08:42:59]cl_getDriver.py(127): click_Success->//*[@id="base_box"]/div/div[3]/form/button
[2021-03-17 08:43:00]cl_getDriver.py(72): Open NewTab->https://kabuoji3.com/stock/4634/2013/
[2021-03-17 08:43:00]cl_getDriver.py(130): Not Found->//*[@id="base_box"]/div/div[3]/form/button
[2021-03-17 08:43:00]cl_getDriver.py(72): Open NewTab->https://kabuoji3.com/stock/4635/2021/
[2021-03-17 08:43:01]cl_getDriver.py(127): click_Success->//*[@id="base_box"]/div/div[3]/form/button
[2021-03-17 08:43:01]cl_getDriver.py(127): click_Success->//*[@id="base_box"]/div/div[3]/form/button
[2021-03-17 08:43:03]cl_getDriver.py(127): click_Success->//*[@id="base_box"]/div/div[3]/form/button
[2021-03-17 08:43:04]cl_getDriver.py(127): click_Success->//*[@id="base_box"]/div/div[3]/form/button
[2021-03-17 08:43:04]cl_getDriver.py(72): Open NewTab->https://kabuoji3.com/stock/4634/2012/
[2021-03-17 08:43:04]cl_getDriver.py(72): Open NewTab->https://kabuoji3.com/stock/4635/2020/
[2021-03-17 08:43:05]cl_getDriver.py(127): click_Success->//*[@id="base_box"]/div/div[3]/form/button
[2021-03-17 08:43:06]cl_getDriver.py(127): click_Success->//*[@id="base_box"]/div/div[3]/form/button
[2021-03-17 08:43:08]cl_getDriver.py(127): click_Success->//*[@id="base_box"]/div/div[3]/form/button
[2021-03-17 08:43:08]cl_getDriver.py(127): click_Success->//*[@id="base_box"]/div/div[3]/form/button
[2021-03-17 08:43:08]cl_getDriver.py(72): Open NewTab->https://kabuoji3.com/stock/4634/2011/
[2021-03-17 08:43:09]cl_getDriver.py(72): Open NewTab->https://kabuoji3.com/stock/4635/2019/
[2021-03-17 08:43:10]cl_getDriver.py(127): click_Success->//*[@id="base_box"]/div/div[3]/form/button
[2021-03-17 08:43:10]cl_getDriver.py(127): click_Success->//*[@id="base_box"]/div/div[3]/form/button
[2021-03-17 08:43:12]cl_getDriver.py(127): click_Success->//*[@id="base_box"]/div/div[3]/form/button
[2021-03-17 08:43:12]cl_getDriver.py(127): click_Success->//*[@id="base_box"]/div/div[3]/form/button
[2021-03-17 08:43:13]cl_getDriver.py(72): Open NewTab->https://kabuoji3.com/stock/4634/2010/
[2021-03-17 08:43:13]cl_getDriver.py(72): Open NewTab->https://kabuoji3.com/stock/4635/2018/
[2021-03-17 08:43:14]cl_getDriver.py(127): click_Success->//*[@id="base_box"]/div/div[3]/form/button
[2021-03-17 08:43:14]cl_getDriver.py(127): click_Success->//*[@id="base_box"]/div/div[3]/form/button
[2021-03-17 08:43:17]cl_getDriver.py(127): click_Success->//*[@id="base_box"]/div/div[3]/form/button
[2021-03-17 08:43:17]cl_getDriver.py(127): click_Success->//*[@id="base_box"]/div/div[3]/form/button
[2021-03-17 08:43:17]cl_getDriver.py(72): Open NewTab->https://kabuoji3.com/stock/4635/2017/
[2021-03-17 08:43:17]cl_getDriver.py(72): Open NewTab->https://kabuoji3.com/stock/4634/2009/
[2021-03-17 08:43:19]cl_getDriver.py(127): click_Success->//*[@id="base_box"]/div/div[3]/form/button
[2021-03-17 08:43:19]cl_getDriver.py(127): click_Success->//*[@id="base_box"]/div/div[3]/form/button
[2021-03-17 08:43:21]cl_getDriver.py(127): click_Success->//*[@id="base_box"]/div/div[3]/form/button
[2021-03-17 08:43:21]cl_getDriver.py(127): click_Success->//*[@id="base_box"]/div/div[3]/form/button
[2021-03-17 08:43:22]cl_getDriver.py(72): Open NewTab->https://kabuoji3.com/stock/4634/2008/
[2021-03-17 08:43:22]cl_getDriver.py(72): Open NewTab->https://kabuoji3.com/stock/4635/2016/
[2021-03-17 08:43:23]cl_getDriver.py(127): click_Success->//*[@id="base_box"]/div/div[3]/form/button
[2021-03-17 08:43:23]cl_getDriver.py(127): click_Success->//*[@id="base_box"]/div/div[3]/form/button
[2021-03-17 08:43:25]cl_getDriver.py(127): click_Success->//*[@id="base_box"]/div/div[3]/form/button
[2021-03-17 08:43:26]cl_getDriver.py(127): click_Success->//*[@id="base_box"]/div/div[3]/form/button
[2021-03-17 08:43:26]cl_getDriver.py(72): Open NewTab->https://kabuoji3.com/stock/4634/2007/
[2021-03-17 08:43:26]cl_getDriver.py(72): Open NewTab->https://kabuoji3.com/stock/4635/2015/
[2021-03-17 08:43:27]cl_getDriver.py(127): click_Success->//*[@id="base_box"]/div/div[3]/form/button
[2021-03-17 08:43:28]cl_getDriver.py(127): click_Success->//*[@id="base_box"]/div/div[3]/form/button
[2021-03-17 08:43:30]cl_getDriver.py(127): click_Success->//*[@id="base_box"]/div/div[3]/form/button
[2021-03-17 08:43:30]cl_getDriver.py(72): Open NewTab->https://kabuoji3.com/stock/4634/2006/
[2021-03-17 08:43:30]cl_getDriver.py(127): click_Success->//*[@id="base_box"]/div/div[3]/form/button
[2021-03-17 08:43:31]cl_getDriver.py(72): Open NewTab->https://kabuoji3.com/stock/4635/2014/
[2021-03-17 08:43:31]cl_getDriver.py(127): click_Success->//*[@id="base_box"]/div/div[3]/form/button
[2021-03-17 08:43:32]cl_getDriver.py(127): click_Success->//*[@id="base_box"]/div/div[3]/form/button
[2021-03-17 08:43:34]cl_getDriver.py(127): click_Success->//*[@id="base_box"]/div/div[3]/form/button
[2021-03-17 08:43:34]cl_getDriver.py(72): Open NewTab->https://kabuoji3.com/stock/4634/2005/
[2021-03-17 08:43:34]cl_getDriver.py(127): click_Success->//*[@id="base_box"]/div/div[3]/form/button
[2021-03-17 08:43:35]cl_getDriver.py(72): Open NewTab->https://kabuoji3.com/stock/4635/2013/
[2021-03-17 08:43:35]cl_getDriver.py(127): click_Success->//*[@id="base_box"]/div/div[3]/form/button
[2021-03-17 08:43:36]cl_getDriver.py(127): click_Success->//*[@id="base_box"]/div/div[3]/form/button
[2021-03-17 08:43:38]cl_getDriver.py(127): click_Success->//*[@id="base_box"]/div/div[3]/form/button
[2021-03-17 08:43:38]cl_getDriver.py(72): Open NewTab->https://kabuoji3.com/stock/4634/2004/
[2021-03-17 08:43:38]cl_getDriver.py(127): click_Success->//*[@id="base_box"]/div/div[3]/form/button
[2021-03-17 08:43:39]cl_getDriver.py(72): Open NewTab->https://kabuoji3.com/stock/4635/2012/
[2021-03-17 08:43:40]cl_getDriver.py(127): click_Success->//*[@id="base_box"]/div/div[3]/form/button
[2021-03-17 08:43:40]cl_getDriver.py(127): click_Success->//*[@id="base_box"]/div/div[3]/form/button
[2021-03-17 08:43:42]cl_getDriver.py(127): click_Success->//*[@id="base_box"]/div/div[3]/form/button
[2021-03-17 08:43:42]cl_getDriver.py(72): Open NewTab->https://kabuoji3.com/stock/4634/2003/
[2021-03-17 08:43:43]cl_getDriver.py(127): click_Success->//*[@id="base_box"]/div/div[3]/form/button
[2021-03-17 08:43:43]cl_getDriver.py(72): Open NewTab->https://kabuoji3.com/stock/4635/2011/
[2021-03-17 08:43:44]cl_getDriver.py(127): click_Success->//*[@id="base_box"]/div/div[3]/form/button
[2021-03-17 08:43:44]cl_getDriver.py(127): click_Success->//*[@id="base_box"]/div/div[3]/form/button
[2021-03-17 08:43:46]cl_getDriver.py(127): click_Success->//*[@id="base_box"]/div/div[3]/form/button
[2021-03-17 08:43:46]cl_getDriver.py(72): Open NewTab->https://kabuoji3.com/stock/4634/2002/
[2021-03-17 08:43:46]cl_getDriver.py(127): click_Success->//*[@id="base_box"]/div/div[3]/form/button
[2021-03-17 08:43:47]cl_getDriver.py(72): Open NewTab->https://kabuoji3.com/stock/4635/2010/
[2021-03-17 08:43:48]cl_getDriver.py(127): click_Success->//*[@id="base_box"]/div/div[3]/form/button
[2021-03-17 08:43:48]cl_getDriver.py(127): click_Success->//*[@id="base_box"]/div/div[3]/form/button
[2021-03-17 08:43:50]cl_getDriver.py(127): click_Success->//*[@id="base_box"]/div/div[3]/form/button
[2021-03-17 08:43:50]cl_getDriver.py(72): Open NewTab->https://kabuoji3.com/stock/4634/2001/
[2021-03-17 08:43:51]cl_getDriver.py(127): click_Success->//*[@id="base_box"]/div/div[3]/form/button
[2021-03-17 08:43:51]cl_getDriver.py(72): Open NewTab->https://kabuoji3.com/stock/4635/2009/
[2021-03-17 08:43:52]cl_getDriver.py(127): click_Success->//*[@id="base_box"]/div/div[3]/form/button
[2021-03-17 08:43:52]cl_getDriver.py(127): click_Success->//*[@id="base_box"]/div/div[3]/form/button
[2021-03-17 08:43:54]cl_getDriver.py(127): click_Success->//*[@id="base_box"]/div/div[3]/form/button
[2021-03-17 08:43:55]cl_getDriver.py(72): Open NewTab->https://kabuoji3.com/stock/4634/2000/
[2021-03-17 08:43:55]cl_getDriver.py(127): click_Success->//*[@id="base_box"]/div/div[3]/form/button
[2021-03-17 08:43:55]cl_getDriver.py(72): Open NewTab->https://kabuoji3.com/stock/4635/2008/
[2021-03-17 08:43:56]cl_getDriver.py(127): click_Success->//*[@id="base_box"]/div/div[3]/form/button
[2021-03-17 08:43:56]cl_getDriver.py(127): click_Success->//*[@id="base_box"]/div/div[3]/form/button
[2021-03-17 08:43:58]cl_getDriver.py(127): click_Success->//*[@id="base_box"]/div/div[3]/form/button
[2021-03-17 08:43:59]cl_getDriver.py(127): click_Success->//*[@id="base_box"]/div/div[3]/form/button
[2021-03-17 08:43:59]cl_getDriver.py(72): Open NewTab->https://kabuoji3.com/stock/4634/1999/
[2021-03-17 08:43:59]cl_getDriver.py(72): Open NewTab->https://kabuoji3.com/stock/4635/2007/
[2021-03-17 08:44:00]cl_getDriver.py(127): click_Success->//*[@id="base_box"]/div/div[3]/form/button
[2021-03-17 08:44:00]cl_getDriver.py(127): click_Success->//*[@id="base_box"]/div/div[3]/form/button
[2021-03-17 08:44:02]cl_getDriver.py(127): click_Success->//*[@id="base_box"]/div/div[3]/form/button
[2021-03-17 08:44:03]cl_getDriver.py(127): click_Success->//*[@id="base_box"]/div/div[3]/form/button
[2021-03-17 08:44:03]cl_getDriver.py(72): Open NewTab->https://kabuoji3.com/stock/4634/1998/
[2021-03-17 08:44:03]cl_getDriver.py(72): Open NewTab->https://kabuoji3.com/stock/4635/2006/
[2021-03-17 08:44:04]cl_getDriver.py(127): click_Success->//*[@id="base_box"]/div/div[3]/form/button
[2021-03-17 08:44:05]cl_getDriver.py(127): click_Success->//*[@id="base_box"]/div/div[3]/form/button
[2021-03-17 08:44:07]cl_getDriver.py(127): click_Success->//*[@id="base_box"]/div/div[3]/form/button
[2021-03-17 08:44:07]cl_getDriver.py(127): click_Success->//*[@id="base_box"]/div/div[3]/form/button
[2021-03-17 08:44:07]cl_getDriver.py(72): Open NewTab->https://kabuoji3.com/stock/4635/2005/
[2021-03-17 08:44:07]cl_getDriver.py(72): Open NewTab->https://kabuoji3.com/stock/4634/1997/
[2021-03-17 08:44:09]cl_getDriver.py(127): click_Success->//*[@id="base_box"]/div/div[3]/form/button
[2021-03-17 08:44:09]cl_getDriver.py(127): click_Success->//*[@id="base_box"]/div/div[3]/form/button
[2021-03-17 08:44:11]cl_getDriver.py(127): click_Success->//*[@id="base_box"]/div/div[3]/form/button
[2021-03-17 08:44:12]cl_getDriver.py(127): click_Success->//*[@id="base_box"]/div/div[3]/form/button
[2021-03-17 08:44:12]cl_getDriver.py(72): Open NewTab->https://kabuoji3.com/stock/4635/2004/
[2021-03-17 08:44:12]cl_getDriver.py(72): Open NewTab->https://kabuoji3.com/stock/4634/1996/
[2021-03-17 08:44:13]cl_getDriver.py(127): click_Success->//*[@id="base_box"]/div/div[3]/form/button
[2021-03-17 08:44:13]cl_getDriver.py(127): click_Success->//*[@id="base_box"]/div/div[3]/form/button
[2021-03-17 08:44:16]cl_getDriver.py(127): click_Success->//*[@id="base_box"]/div/div[3]/form/button
[2021-03-17 08:44:16]cl_getDriver.py(127): click_Success->//*[@id="base_box"]/div/div[3]/form/button
[2021-03-17 08:44:16]cl_getDriver.py(72): Open NewTab->https://kabuoji3.com/stock/4634/1995/
[2021-03-17 08:44:16]cl_getDriver.py(72): Open NewTab->https://kabuoji3.com/stock/4635/2003/
[2021-03-17 08:44:18]cl_getDriver.py(127): click_Success->//*[@id="base_box"]/div/div[3]/form/button
[2021-03-17 08:44:18]cl_getDriver.py(127): click_Success->//*[@id="base_box"]/div/div[3]/form/button
[2021-03-17 08:44:20]cl_getDriver.py(127): click_Success->//*[@id="base_box"]/div/div[3]/form/button
[2021-03-17 08:44:20]cl_getDriver.py(127): click_Success->//*[@id="base_box"]/div/div[3]/form/button
[2021-03-17 08:44:21]cl_getDriver.py(72): Open NewTab->https://kabuoji3.com/stock/4635/2002/
[2021-03-17 08:44:21]cl_getDriver.py(72): Open NewTab->https://kabuoji3.com/stock/4634/1994/
[2021-03-17 08:44:22]cl_getDriver.py(127): click_Success->//*[@id="base_box"]/div/div[3]/form/button
[2021-03-17 08:44:22]cl_getDriver.py(127): click_Success->//*[@id="base_box"]/div/div[3]/form/button
[2021-03-17 08:44:24]cl_getDriver.py(127): click_Success->//*[@id="base_box"]/div/div[3]/form/button
[2021-03-17 08:44:25]cl_getDriver.py(127): click_Success->//*[@id="base_box"]/div/div[3]/form/button
[2021-03-17 08:44:25]cl_getDriver.py(72): Open NewTab->https://kabuoji3.com/stock/4635/2001/
[2021-03-17 08:44:25]cl_getDriver.py(72): Open NewTab->https://kabuoji3.com/stock/4634/1993/
[2021-03-17 08:44:27]cl_getDriver.py(127): click_Success->//*[@id="base_box"]/div/div[3]/form/button
[2021-03-17 08:44:27]cl_getDriver.py(127): click_Success->//*[@id="base_box"]/div/div[3]/form/button
[2021-03-17 08:44:29]cl_getDriver.py(127): click_Success->//*[@id="base_box"]/div/div[3]/form/button
[2021-03-17 08:44:29]cl_getDriver.py(127): click_Success->//*[@id="base_box"]/div/div[3]/form/button
[2021-03-17 08:44:29]cl_getDriver.py(72): Open NewTab->https://kabuoji3.com/stock/4634/1992/
[2021-03-17 08:44:30]cl_getDriver.py(72): Open NewTab->https://kabuoji3.com/stock/4635/2000/
[2021-03-17 08:44:31]cl_getDriver.py(127): click_Success->//*[@id="base_box"]/div/div[3]/form/button
[2021-03-17 08:44:31]cl_getDriver.py(127): click_Success->//*[@id="base_box"]/div/div[3]/form/button
[2021-03-17 08:44:33]cl_getDriver.py(127): click_Success->//*[@id="base_box"]/div/div[3]/form/button
[2021-03-17 08:44:33]cl_getDriver.py(127): click_Success->//*[@id="base_box"]/div/div[3]/form/button
[2021-03-17 08:44:34]cl_getDriver.py(72): Open NewTab->https://kabuoji3.com/stock/4634/1991/
[2021-03-17 08:44:34]cl_getDriver.py(72): Open NewTab->https://kabuoji3.com/stock/4635/1999/
[2021-03-17 08:44:35]cl_getDriver.py(127): click_Success->//*[@id="base_box"]/div/div[3]/form/button
[2021-03-17 08:44:35]cl_getDriver.py(127): click_Success->//*[@id="base_box"]/div/div[3]/form/button
[2021-03-17 08:44:38]cl_getDriver.py(127): click_Success->//*[@id="base_box"]/div/div[3]/form/button
[2021-03-17 08:44:38]cl_getDriver.py(127): click_Success->//*[@id="base_box"]/div/div[3]/form/button
[2021-03-17 08:44:38]cl_getDriver.py(72): Open NewTab->https://kabuoji3.com/stock/4634/1990/
[2021-03-17 08:44:38]cl_getDriver.py(72): Open NewTab->https://kabuoji3.com/stock/4635/1998/
[2021-03-17 08:44:40]cl_getDriver.py(127): click_Success->//*[@id="base_box"]/div/div[3]/form/button
[2021-03-17 08:44:40]cl_getDriver.py(127): click_Success->//*[@id="base_box"]/div/div[3]/form/button
[2021-03-17 08:44:42]cl_getDriver.py(127): click_Success->//*[@id="base_box"]/div/div[3]/form/button
[2021-03-17 08:44:42]cl_getDriver.py(127): click_Success->//*[@id="base_box"]/div/div[3]/form/button
[2021-03-17 08:44:43]cl_getDriver.py(72): Open NewTab->https://kabuoji3.com/stock/4634/1989/
[2021-03-17 08:44:43]cl_getDriver.py(72): Open NewTab->https://kabuoji3.com/stock/4635/1997/
[2021-03-17 08:44:44]cl_getDriver.py(127): click_Success->//*[@id="base_box"]/div/div[3]/form/button
[2021-03-17 08:44:44]cl_getDriver.py(127): click_Success->//*[@id="base_box"]/div/div[3]/form/button
[2021-03-17 08:44:46]cl_getDriver.py(127): click_Success->//*[@id="base_box"]/div/div[3]/form/button
[2021-03-17 08:44:46]cl_getDriver.py(127): click_Success->//*[@id="base_box"]/div/div[3]/form/button
[2021-03-17 08:44:47]cl_getDriver.py(72): Open NewTab->https://kabuoji3.com/stock/4635/1996/
[2021-03-17 08:44:47]cl_getDriver.py(72): Open NewTab->https://kabuoji3.com/stock/4634/1988/
[2021-03-17 08:44:48]cl_getDriver.py(127): click_Success->//*[@id="base_box"]/div/div[3]/form/button
[2021-03-17 08:44:48]cl_getDriver.py(127): click_Success->//*[@id="base_box"]/div/div[3]/form/button
[2021-03-17 08:44:51]cl_getDriver.py(127): click_Success->//*[@id="base_box"]/div/div[3]/form/button
[2021-03-17 08:44:51]cl_getDriver.py(127): click_Success->//*[@id="base_box"]/div/div[3]/form/button
[2021-03-17 08:44:51]cl_getDriver.py(72): Open NewTab->https://kabuoji3.com/stock/4634/1987/
[2021-03-17 08:44:51]cl_getDriver.py(72): Open NewTab->https://kabuoji3.com/stock/4635/1995/
[2021-03-17 08:44:53]cl_getDriver.py(127): click_Success->//*[@id="base_box"]/div/div[3]/form/button
[2021-03-17 08:44:53]cl_getDriver.py(127): click_Success->//*[@id="base_box"]/div/div[3]/form/button
[2021-03-17 08:44:55]cl_getDriver.py(127): click_Success->//*[@id="base_box"]/div/div[3]/form/button
[2021-03-17 08:44:55]cl_getDriver.py(127): click_Success->//*[@id="base_box"]/div/div[3]/form/button
[2021-03-17 08:44:56]cl_getDriver.py(72): Open NewTab->https://kabuoji3.com/stock/4635/1994/
[2021-03-17 08:44:56]cl_getDriver.py(72): Open NewTab->https://kabuoji3.com/stock/4634/1986/
[2021-03-17 08:44:57]cl_getDriver.py(127): click_Success->//*[@id="base_box"]/div/div[3]/form/button
[2021-03-17 08:44:57]cl_getDriver.py(127): click_Success->//*[@id="base_box"]/div/div[3]/form/button
[2021-03-17 08:44:59]cl_getDriver.py(127): click_Success->//*[@id="base_box"]/div/div[3]/form/button
[2021-03-17 08:44:59]cl_getDriver.py(127): click_Success->//*[@id="base_box"]/div/div[3]/form/button
[2021-03-17 08:45:00]cl_getDriver.py(72): Open NewTab->https://kabuoji3.com/stock/4635/1993/
[2021-03-17 08:45:00]cl_getDriver.py(72): Open NewTab->https://kabuoji3.com/stock/4634/1985/
[2021-03-17 08:45:01]cl_getDriver.py(127): click_Success->//*[@id="base_box"]/div/div[3]/form/button
[2021-03-17 08:45:01]cl_getDriver.py(127): click_Success->//*[@id="base_box"]/div/div[3]/form/button
[2021-03-17 08:45:03]cl_getDriver.py(127): click_Success->//*[@id="base_box"]/div/div[3]/form/button
[2021-03-17 08:45:03]cl_getDriver.py(72): Open NewTab->https://kabuoji3.com/stock/4635/1992/
[2021-03-17 08:45:04]cl_getDriver.py(127): click_Success->//*[@id="base_box"]/div/div[3]/form/button
[2021-03-17 08:45:04]cl_getDriver.py(72): Open NewTab->https://kabuoji3.com/stock/4634/1984/
[2021-03-17 08:45:05]cl_getDriver.py(127): click_Success->//*[@id="base_box"]/div/div[3]/form/button
[2021-03-17 08:45:05]cl_getDriver.py(127): click_Success->//*[@id="base_box"]/div/div[3]/form/button
[2021-03-17 08:45:07]cl_getDriver.py(127): click_Success->//*[@id="base_box"]/div/div[3]/form/button
[2021-03-17 08:45:07]cl_getDriver.py(72): Open NewTab->https://kabuoji3.com/stock/4635/1991/
[2021-03-17 08:45:08]cl_getDriver.py(127): click_Success->//*[@id="base_box"]/div/div[3]/form/button
[2021-03-17 08:45:08]cl_getDriver.py(72): Open NewTab->https://kabuoji3.com/stock/4634/1983/
[2021-03-17 08:45:09]cl_getDriver.py(127): click_Success->//*[@id="base_box"]/div/div[3]/form/button
[2021-03-17 08:45:09]cl_getDriver.py(127): click_Success->//*[@id="base_box"]/div/div[3]/form/button
[2021-03-17 08:45:11]cl_getDriver.py(127): click_Success->//*[@id="base_box"]/div/div[3]/form/button
[2021-03-17 08:45:11]cl_getDriver.py(72): Open NewTab->https://kabuoji3.com/stock/4635/1990/
[2021-03-17 08:45:12]cl_getDriver.py(127): click_Success->//*[@id="base_box"]/div/div[3]/form/button
[2021-03-17 08:45:13]cl_getDriver.py(127): click_Success->//*[@id="base_box"]/div/div[3]/form/button
[2021-03-17 08:45:15]cl_getDriver.py(127): click_Success->//*[@id="base_box"]/div/div[3]/form/button
[2021-03-17 08:45:15]cl_getDriver.py(72): Open NewTab->https://kabuoji3.com/stock/4635/1989/
[2021-03-17 08:45:16]main.py(42): finished Process->https://kabuoji3.com/stock/4634/
[2021-03-17 08:45:16]main.py(15): start_Process->https://kabuoji3.com/stock/4636/
[2021-03-17 08:45:16]cl_getDriver.py(127): click_Success->//*[@id="base_box"]/div/div[3]/form/button
[2021-03-17 08:45:19]cl_getDriver.py(127): click_Success->//*[@id="base_box"]/div/div[3]/form/button
[2021-03-17 08:45:19]cl_getDriver.py(72): Open NewTab->https://kabuoji3.com/stock/4635/1988/
[2021-03-17 08:45:20]cl_getDriver.py(127): click_Success->//*[@id="base_box"]/div/div[3]/form/button
[2021-03-17 08:45:21]cl_getDriver.py(64): getURL=https://kabuoji3.com/stock/4636/
[2021-03-17 08:45:21]cl_getDriver.py(72): Open NewTab->https://kabuoji3.com/stock/4636/
[2021-03-17 08:45:21]cl_getDriver.py(130): Not Found->//*[@id="base_box"]/div/div[3]/form/button
[2021-03-17 08:45:22]cl_getDriver.py(127): click_Success->//*[@id="base_box"]/div/div[3]/form/button
[2021-03-17 08:45:23]cl_getDriver.py(72): Open NewTab->https://kabuoji3.com/stock/4635/1987/
[2021-03-17 08:45:23]cl_getDriver.py(130): Not Found->//*[@id="base_box"]/div/div[3]/form/button
[2021-03-17 08:45:24]cl_getDriver.py(127): click_Success->//*[@id="base_box"]/div/div[3]/form/button
[2021-03-17 08:45:24]cl_getDriver.py(72): Open NewTab->https://kabuoji3.com/stock/4636/2021/
[2021-03-17 08:45:25]cl_getDriver.py(127): click_Success->//*[@id="base_box"]/div/div[3]/form/button
[2021-03-17 08:45:26]cl_getDriver.py(127): click_Success->//*[@id="base_box"]/div/div[3]/form/button
[2021-03-17 08:45:26]cl_getDriver.py(72): Open NewTab->https://kabuoji3.com/stock/4635/1986/
[2021-03-17 08:45:27]cl_getDriver.py(127): click_Success->//*[@id="base_box"]/div/div[3]/form/button
[2021-03-17 08:45:28]cl_getDriver.py(72): Open NewTab->https://kabuoji3.com/stock/4636/2020/
[2021-03-17 08:45:28]cl_getDriver.py(127): click_Success->//*[@id="base_box"]/div/div[3]/form/button
[2021-03-17 08:45:30]cl_getDriver.py(127): click_Success->//*[@id="base_box"]/div/div[3]/form/button
[2021-03-17 08:45:30]cl_getDriver.py(127): click_Success->//*[@id="base_box"]/div/div[3]/form/button
[2021-03-17 08:45:31]cl_getDriver.py(72): Open NewTab->https://kabuoji3.com/stock/4635/1985/
[2021-03-17 08:45:32]cl_getDriver.py(127): click_Success->//*[@id="base_box"]/div/div[3]/form/button
[2021-03-17 08:45:33]cl_getDriver.py(127): click_Success->//*[@id="base_box"]/div/div[3]/form/button
[2021-03-17 08:45:33]cl_getDriver.py(72): Open NewTab->https://kabuoji3.com/stock/4636/2019/
[2021-03-17 08:45:34]cl_getDriver.py(127): click_Success->//*[@id="base_box"]/div/div[3]/form/button
[2021-03-17 08:45:34]cl_getDriver.py(72): Open NewTab->https://kabuoji3.com/stock/4635/1984/
[2021-03-17 08:45:34]cl_getDriver.py(127): click_Success->//*[@id="base_box"]/div/div[3]/form/button
[2021-03-17 08:45:35]cl_getDriver.py(127): click_Success->//*[@id="base_box"]/div/div[3]/form/button
[2021-03-17 08:45:37]cl_getDriver.py(127): click_Success->//*[@id="base_box"]/div/div[3]/form/button
[2021-03-17 08:45:37]cl_getDriver.py(72): Open NewTab->https://kabuoji3.com/stock/4636/2018/
[2021-03-17 08:45:38]cl_getDriver.py(127): click_Success->//*[@id="base_box"]/div/div[3]/form/button
[2021-03-17 08:45:38]cl_getDriver.py(72): Open NewTab->https://kabuoji3.com/stock/4635/1983/
[2021-03-17 08:45:38]cl_getDriver.py(127): click_Success->//*[@id="base_box"]/div/div[3]/form/button
[2021-03-17 08:45:39]cl_getDriver.py(127): click_Success->//*[@id="base_box"]/div/div[3]/form/button
[2021-03-17 08:45:41]cl_getDriver.py(127): click_Success->//*[@id="base_box"]/div/div[3]/form/button
[2021-03-17 08:45:41]cl_getDriver.py(72): Open NewTab->https://kabuoji3.com/stock/4636/2017/
[2021-03-17 08:45:42]cl_getDriver.py(127): click_Success->//*[@id="base_box"]/div/div[3]/form/button
[2021-03-17 08:45:42]cl_getDriver.py(127): click_Success->//*[@id="base_box"]/div/div[3]/form/button
[2021-03-17 08:45:44]cl_getDriver.py(127): click_Success->//*[@id="base_box"]/div/div[3]/form/button
[2021-03-17 08:45:44]cl_getDriver.py(72): Open NewTab->https://kabuoji3.com/stock/4636/2016/
[2021-03-17 08:45:45]cl_getDriver.py(127): click_Success->//*[@id="base_box"]/div/div[3]/form/button
[2021-03-17 08:45:46]main.py(42): finished Process->https://kabuoji3.com/stock/4635/
[2021-03-17 08:45:46]main.py(15): start_Process->https://kabuoji3.com/stock/4901/
[2021-03-17 08:45:48]cl_getDriver.py(127): click_Success->//*[@id="base_box"]/div/div[3]/form/button
[2021-03-17 08:45:48]cl_getDriver.py(72): Open NewTab->https://kabuoji3.com/stock/4636/2015/
[2021-03-17 08:45:49]cl_getDriver.py(127): click_Success->//*[@id="base_box"]/div/div[3]/form/button
[2021-03-17 08:45:52]cl_getDriver.py(127): click_Success->//*[@id="base_box"]/div/div[3]/form/button
[2021-03-17 08:45:52]cl_getDriver.py(72): Open NewTab->https://kabuoji3.com/stock/4636/2014/
[2021-03-17 08:45:52]cl_getDriver.py(64): getURL=https://kabuoji3.com/stock/4901/
[2021-03-17 08:45:53]cl_getDriver.py(72): Open NewTab->https://kabuoji3.com/stock/4901/
[2021-03-17 08:45:53]cl_getDriver.py(127): click_Success->//*[@id="base_box"]/div/div[3]/form/button
[2021-03-17 08:45:54]cl_getDriver.py(130): Not Found->//*[@id="base_box"]/div/div[3]/form/button
[2021-03-17 08:45:55]cl_getDriver.py(127): click_Success->//*[@id="base_box"]/div/div[3]/form/button
[2021-03-17 08:45:56]cl_getDriver.py(72): Open NewTab->https://kabuoji3.com/stock/4636/2013/
[2021-03-17 08:45:56]cl_getDriver.py(130): Not Found->//*[@id="base_box"]/div/div[3]/form/button
[2021-03-17 08:45:56]cl_getDriver.py(72): Open NewTab->https://kabuoji3.com/stock/4901/2021/
[2021-03-17 08:45:57]cl_getDriver.py(127): click_Success->//*[@id="base_box"]/div/div[3]/form/button
[2021-03-17 08:45:58]cl_getDriver.py(127): click_Success->//*[@id="base_box"]/div/div[3]/form/button
[2021-03-17 08:46:00]cl_getDriver.py(127): click_Success->//*[@id="base_box"]/div/div[3]/form/button
[2021-03-17 08:46:00]cl_getDriver.py(72): Open NewTab->https://kabuoji3.com/stock/4636/2012/
[2021-03-17 08:46:00]cl_getDriver.py(127): click_Success->//*[@id="base_box"]/div/div[3]/form/button
[2021-03-17 08:46:01]cl_getDriver.py(72): Open NewTab->https://kabuoji3.com/stock/4901/2020/
[2021-03-17 08:46:01]cl_getDriver.py(127): click_Success->//*[@id="base_box"]/div/div[3]/form/button
[2021-03-17 08:46:02]cl_getDriver.py(127): click_Success->//*[@id="base_box"]/div/div[3]/form/button
[2021-03-17 08:46:04]cl_getDriver.py(127): click_Success->//*[@id="base_box"]/div/div[3]/form/button
[2021-03-17 08:46:04]cl_getDriver.py(127): click_Success->//*[@id="base_box"]/div/div[3]/form/button
[2021-03-17 08:46:05]cl_getDriver.py(72): Open NewTab->https://kabuoji3.com/stock/4901/2019/
[2021-03-17 08:46:06]cl_getDriver.py(127): click_Success->//*[@id="base_box"]/div/div[3]/form/button
[2021-03-17 08:46:08]main.py(42): finished Process->https://kabuoji3.com/stock/4636/
[2021-03-17 08:46:08]main.py(15): start_Process->https://kabuoji3.com/stock/4911/
[2021-03-17 08:46:08]cl_getDriver.py(127): click_Success->//*[@id="base_box"]/div/div[3]/form/button
[2021-03-17 08:46:08]cl_getDriver.py(72): Open NewTab->https://kabuoji3.com/stock/4901/2018/
[2021-03-17 08:46:09]cl_getDriver.py(127): click_Success->//*[@id="base_box"]/div/div[3]/form/button
[2021-03-17 08:46:12]cl_getDriver.py(127): click_Success->//*[@id="base_box"]/div/div[3]/form/button
[2021-03-17 08:46:12]cl_getDriver.py(72): Open NewTab->https://kabuoji3.com/stock/4901/2017/
[2021-03-17 08:46:13]cl_getDriver.py(127): click_Success->//*[@id="base_box"]/div/div[3]/form/button
[2021-03-17 08:46:13]cl_getDriver.py(64): getURL=https://kabuoji3.com/stock/4911/
[2021-03-17 08:46:14]cl_getDriver.py(72): Open NewTab->https://kabuoji3.com/stock/4911/
[2021-03-17 08:46:15]cl_getDriver.py(130): Not Found->//*[@id="base_box"]/div/div[3]/form/button
[2021-03-17 08:46:16]cl_getDriver.py(127): click_Success->//*[@id="base_box"]/div/div[3]/form/button
[2021-03-17 08:46:16]cl_getDriver.py(72): Open NewTab->https://kabuoji3.com/stock/4901/2016/
[2021-03-17 08:46:17]cl_getDriver.py(130): Not Found->//*[@id="base_box"]/div/div[3]/form/button
[2021-03-17 08:46:17]cl_getDriver.py(72): Open NewTab->https://kabuoji3.com/stock/4911/2021/
[2021-03-17 08:46:17]cl_getDriver.py(127): click_Success->//*[@id="base_box"]/div/div[3]/form/button
[2021-03-17 08:46:18]cl_getDriver.py(127): click_Success->//*[@id="base_box"]/div/div[3]/form/button
[2021-03-17 08:46:19]cl_getDriver.py(127): click_Success->//*[@id="base_box"]/div/div[3]/form/button
[2021-03-17 08:46:20]cl_getDriver.py(72): Open NewTab->https://kabuoji3.com/stock/4901/2015/
[2021-03-17 08:46:20]cl_getDriver.py(127): click_Success->//*[@id="base_box"]/div/div[3]/form/button
[2021-03-17 08:46:21]cl_getDriver.py(72): Open NewTab->https://kabuoji3.com/stock/4911/2020/
[2021-03-17 08:46:21]cl_getDriver.py(127): click_Success->//*[@id="base_box"]/div/div[3]/form/button
[2021-03-17 08:46:22]cl_getDriver.py(127): click_Success->//*[@id="base_box"]/div/div[3]/form/button
[2021-03-17 08:46:24]cl_getDriver.py(127): click_Success->//*[@id="base_box"]/div/div[3]/form/button
[2021-03-17 08:46:24]cl_getDriver.py(72): Open NewTab->https://kabuoji3.com/stock/4901/2014/
[2021-03-17 08:46:24]cl_getDriver.py(127): click_Success->//*[@id="base_box"]/div/div[3]/form/button
[2021-03-17 08:46:25]cl_getDriver.py(72): Open NewTab->https://kabuoji3.com/stock/4911/2019/
[2021-03-17 08:46:26]cl_getDriver.py(127): click_Success->//*[@id="base_box"]/div/div[3]/form/button
[2021-03-17 08:46:26]cl_getDriver.py(127): click_Success->//*[@id="base_box"]/div/div[3]/form/button
[2021-03-17 08:46:28]cl_getDriver.py(127): click_Success->//*[@id="base_box"]/div/div[3]/form/button
[2021-03-17 08:46:28]cl_getDriver.py(72): Open NewTab->https://kabuoji3.com/stock/4901/2013/
[2021-03-17 08:46:29]cl_getDriver.py(127): click_Success->//*[@id="base_box"]/div/div[3]/form/button
[2021-03-17 08:46:29]cl_getDriver.py(72): Open NewTab->https://kabuoji3.com/stock/4911/2018/
[2021-03-17 08:46:29]cl_getDriver.py(127): click_Success->//*[@id="base_box"]/div/div[3]/form/button
[2021-03-17 08:46:31]cl_getDriver.py(127): click_Success->//*[@id="base_box"]/div/div[3]/form/button
[2021-03-17 08:46:32]cl_getDriver.py(127): click_Success->//*[@id="base_box"]/div/div[3]/form/button
[2021-03-17 08:46:32]cl_getDriver.py(72): Open NewTab->https://kabuoji3.com/stock/4901/2012/
[2021-03-17 08:46:33]cl_getDriver.py(127): click_Success->//*[@id="base_box"]/div/div[3]/form/button
[2021-03-17 08:46:33]cl_getDriver.py(127): click_Success->//*[@id="base_box"]/div/div[3]/form/button
[2021-03-17 08:46:34]cl_getDriver.py(72): Open NewTab->https://kabuoji3.com/stock/4911/2017/
[2021-03-17 08:46:35]cl_getDriver.py(127): click_Success->//*[@id="base_box"]/div/div[3]/form/button
[2021-03-17 08:46:36]cl_getDriver.py(127): click_Success->//*[@id="base_box"]/div/div[3]/form/button
[2021-03-17 08:46:36]cl_getDriver.py(72): Open NewTab->https://kabuoji3.com/stock/4901/2011/
[2021-03-17 08:46:37]cl_getDriver.py(127): click_Success->//*[@id="base_box"]/div/div[3]/form/button
[2021-03-17 08:46:37]cl_getDriver.py(127): click_Success->//*[@id="base_box"]/div/div[3]/form/button
[2021-03-17 08:46:38]cl_getDriver.py(72): Open NewTab->https://kabuoji3.com/stock/4911/2016/
[2021-03-17 08:46:39]cl_getDriver.py(127): click_Success->//*[@id="base_box"]/div/div[3]/form/button
[2021-03-17 08:46:39]cl_getDriver.py(127): click_Success->//*[@id="base_box"]/div/div[3]/form/button
[2021-03-17 08:46:40]cl_getDriver.py(72): Open NewTab->https://kabuoji3.com/stock/4901/2010/
[2021-03-17 08:46:41]cl_getDriver.py(127): click_Success->//*[@id="base_box"]/div/div[3]/form/button
[2021-03-17 08:46:42]cl_getDriver.py(127): click_Success->//*[@id="base_box"]/div/div[3]/form/button
[2021-03-17 08:46:42]cl_getDriver.py(72): Open NewTab->https://kabuoji3.com/stock/4911/2015/
[2021-03-17 08:46:43]cl_getDriver.py(127): click_Success->//*[@id="base_box"]/div/div[3]/form/button
[2021-03-17 08:46:43]cl_getDriver.py(127): click_Success->//*[@id="base_box"]/div/div[3]/form/button
[2021-03-17 08:46:44]cl_getDriver.py(72): Open NewTab->https://kabuoji3.com/stock/4901/2009/
[2021-03-17 08:46:45]cl_getDriver.py(127): click_Success->//*[@id="base_box"]/div/div[3]/form/button
[2021-03-17 08:46:45]cl_getDriver.py(127): click_Success->//*[@id="base_box"]/div/div[3]/form/button
[2021-03-17 08:46:46]cl_getDriver.py(72): Open NewTab->https://kabuoji3.com/stock/4911/2014/
[2021-03-17 08:46:47]cl_getDriver.py(127): click_Success->//*[@id="base_box"]/div/div[3]/form/button
[2021-03-17 08:46:48]cl_getDriver.py(127): click_Success->//*[@id="base_box"]/div/div[3]/form/button
[2021-03-17 08:46:48]cl_getDriver.py(72): Open NewTab->https://kabuoji3.com/stock/4901/2008/
[2021-03-17 08:46:49]cl_getDriver.py(127): click_Success->//*[@id="base_box"]/div/div[3]/form/button
[2021-03-17 08:46:50]cl_getDriver.py(127): click_Success->//*[@id="base_box"]/div/div[3]/form/button
[2021-03-17 08:46:51]cl_getDriver.py(72): Open NewTab->https://kabuoji3.com/stock/4911/2013/
[2021-03-17 08:46:51]cl_getDriver.py(127): click_Success->//*[@id="base_box"]/div/div[3]/form/button
[2021-03-17 08:46:52]cl_getDriver.py(72): Open NewTab->https://kabuoji3.com/stock/4901/2007/
[2021-03-17 08:46:52]cl_getDriver.py(127): click_Success->//*[@id="base_box"]/div/div[3]/form/button
[2021-03-17 08:46:53]cl_getDriver.py(127): click_Success->//*[@id="base_box"]/div/div[3]/form/button
[2021-03-17 08:46:55]cl_getDriver.py(127): click_Success->//*[@id="base_box"]/div/div[3]/form/button
[2021-03-17 08:46:55]cl_getDriver.py(72): Open NewTab->https://kabuoji3.com/stock/4911/2012/
[2021-03-17 08:46:56]cl_getDriver.py(127): click_Success->//*[@id="base_box"]/div/div[3]/form/button
[2021-03-17 08:46:56]cl_getDriver.py(72): Open NewTab->https://kabuoji3.com/stock/4901/2006/
[2021-03-17 08:46:57]cl_getDriver.py(127): click_Success->//*[@id="base_box"]/div/div[3]/form/button
[2021-03-17 08:46:58]cl_getDriver.py(127): click_Success->//*[@id="base_box"]/div/div[3]/form/button
[2021-03-17 08:46:59]cl_getDriver.py(127): click_Success->//*[@id="base_box"]/div/div[3]/form/button
[2021-03-17 08:47:00]cl_getDriver.py(72): Open NewTab->https://kabuoji3.com/stock/4911/2011/
[2021-03-17 08:47:00]cl_getDriver.py(127): click_Success->//*[@id="base_box"]/div/div[3]/form/button
[2021-03-17 08:47:01]cl_getDriver.py(72): Open NewTab->https://kabuoji3.com/stock/4901/2005/
[2021-03-17 08:47:02]cl_getDriver.py(127): click_Success->//*[@id="base_box"]/div/div[3]/form/button
[2021-03-17 08:47:02]cl_getDriver.py(127): click_Success->//*[@id="base_box"]/div/div[3]/form/button
[2021-03-17 08:47:04]cl_getDriver.py(127): click_Success->//*[@id="base_box"]/div/div[3]/form/button
[2021-03-17 08:47:04]cl_getDriver.py(72): Open NewTab->https://kabuoji3.com/stock/4911/2010/
[2021-03-17 08:47:05]cl_getDriver.py(127): click_Success->//*[@id="base_box"]/div/div[3]/form/button
[2021-03-17 08:47:05]cl_getDriver.py(72): Open NewTab->https://kabuoji3.com/stock/4901/2004/
[2021-03-17 08:47:06]cl_getDriver.py(127): click_Success->//*[@id="base_box"]/div/div[3]/form/button
[2021-03-17 08:47:06]cl_getDriver.py(127): click_Success->//*[@id="base_box"]/div/div[3]/form/button
[2021-03-17 08:47:08]cl_getDriver.py(127): click_Success->//*[@id="base_box"]/div/div[3]/form/button
[2021-03-17 08:47:08]cl_getDriver.py(72): Open NewTab->https://kabuoji3.com/stock/4911/2009/
[2021-03-17 08:47:09]cl_getDriver.py(127): click_Success->//*[@id="base_box"]/div/div[3]/form/button
[2021-03-17 08:47:09]cl_getDriver.py(72): Open NewTab->https://kabuoji3.com/stock/4901/2003/
[2021-03-17 08:47:11]cl_getDriver.py(127): click_Success->//*[@id="base_box"]/div/div[3]/form/button
[2021-03-17 08:47:11]cl_getDriver.py(127): click_Success->//*[@id="base_box"]/div/div[3]/form/button
[2021-03-17 08:47:13]cl_getDriver.py(127): click_Success->//*[@id="base_box"]/div/div[3]/form/button
[2021-03-17 08:47:13]cl_getDriver.py(127): click_Success->//*[@id="base_box"]/div/div[3]/form/button
[2021-03-17 08:47:13]cl_getDriver.py(72): Open NewTab->https://kabuoji3.com/stock/4911/2008/
[2021-03-17 08:47:13]cl_getDriver.py(72): Open NewTab->https://kabuoji3.com/stock/4901/2002/
[2021-03-17 08:47:15]cl_getDriver.py(127): click_Success->//*[@id="base_box"]/div/div[3]/form/button
[2021-03-17 08:47:15]cl_getDriver.py(127): click_Success->//*[@id="base_box"]/div/div[3]/form/button
[2021-03-17 08:47:17]cl_getDriver.py(127): click_Success->//*[@id="base_box"]/div/div[3]/form/button
[2021-03-17 08:47:17]cl_getDriver.py(127): click_Success->//*[@id="base_box"]/div/div[3]/form/button
[2021-03-17 08:47:18]cl_getDriver.py(72): Open NewTab->https://kabuoji3.com/stock/4901/2001/
[2021-03-17 08:47:18]cl_getDriver.py(72): Open NewTab->https://kabuoji3.com/stock/4911/2007/
[2021-03-17 08:47:19]cl_getDriver.py(127): click_Success->//*[@id="base_box"]/div/div[3]/form/button
[2021-03-17 08:47:20]cl_getDriver.py(127): click_Success->//*[@id="base_box"]/div/div[3]/form/button
[2021-03-17 08:47:22]cl_getDriver.py(127): click_Success->//*[@id="base_box"]/div/div[3]/form/button
[2021-03-17 08:47:22]cl_getDriver.py(127): click_Success->//*[@id="base_box"]/div/div[3]/form/button
[2021-03-17 08:47:22]cl_getDriver.py(72): Open NewTab->https://kabuoji3.com/stock/4911/2006/
[2021-03-17 08:47:23]cl_getDriver.py(72): Open NewTab->https://kabuoji3.com/stock/4901/2000/
[2021-03-17 08:47:24]cl_getDriver.py(127): click_Success->//*[@id="base_box"]/div/div[3]/form/button
[2021-03-17 08:47:24]cl_getDriver.py(127): click_Success->//*[@id="base_box"]/div/div[3]/form/button
[2021-03-17 08:47:26]cl_getDriver.py(127): click_Success->//*[@id="base_box"]/div/div[3]/form/button
[2021-03-17 08:47:26]cl_getDriver.py(72): Open NewTab->https://kabuoji3.com/stock/4911/2005/
[2021-03-17 08:47:26]cl_getDriver.py(127): click_Success->//*[@id="base_box"]/div/div[3]/form/button
[2021-03-17 08:47:27]cl_getDriver.py(72): Open NewTab->https://kabuoji3.com/stock/4901/1999/
[2021-03-17 08:47:28]cl_getDriver.py(127): click_Success->//*[@id="base_box"]/div/div[3]/form/button
[2021-03-17 08:47:28]cl_getDriver.py(127): click_Success->//*[@id="base_box"]/div/div[3]/form/button
[2021-03-17 08:47:30]cl_getDriver.py(127): click_Success->//*[@id="base_box"]/div/div[3]/form/button
[2021-03-17 08:47:30]cl_getDriver.py(72): Open NewTab->https://kabuoji3.com/stock/4911/2004/
[2021-03-17 08:47:31]cl_getDriver.py(127): click_Success->//*[@id="base_box"]/div/div[3]/form/button
[2021-03-17 08:47:31]cl_getDriver.py(72): Open NewTab->https://kabuoji3.com/stock/4901/1998/
[2021-03-17 08:47:32]cl_getDriver.py(127): click_Success->//*[@id="base_box"]/div/div[3]/form/button
[2021-03-17 08:47:32]cl_getDriver.py(127): click_Success->//*[@id="base_box"]/div/div[3]/form/button
[2021-03-17 08:47:34]cl_getDriver.py(127): click_Success->//*[@id="base_box"]/div/div[3]/form/button
[2021-03-17 08:47:35]cl_getDriver.py(72): Open NewTab->https://kabuoji3.com/stock/4911/2003/
[2021-03-17 08:47:35]cl_getDriver.py(127): click_Success->//*[@id="base_box"]/div/div[3]/form/button
[2021-03-17 08:47:35]cl_getDriver.py(72): Open NewTab->https://kabuoji3.com/stock/4901/1997/
[2021-03-17 08:47:36]cl_getDriver.py(127): click_Success->//*[@id="base_box"]/div/div[3]/form/button
[2021-03-17 08:47:36]cl_getDriver.py(127): click_Success->//*[@id="base_box"]/div/div[3]/form/button
[2021-03-17 08:47:38]cl_getDriver.py(127): click_Success->//*[@id="base_box"]/div/div[3]/form/button
[2021-03-17 08:47:39]cl_getDriver.py(72): Open NewTab->https://kabuoji3.com/stock/4911/2002/
[2021-03-17 08:47:39]cl_getDriver.py(127): click_Success->//*[@id="base_box"]/div/div[3]/form/button
[2021-03-17 08:47:39]cl_getDriver.py(72): Open NewTab->https://kabuoji3.com/stock/4901/1996/
[2021-03-17 08:47:40]cl_getDriver.py(127): click_Success->//*[@id="base_box"]/div/div[3]/form/button
[2021-03-17 08:47:40]cl_getDriver.py(127): click_Success->//*[@id="base_box"]/div/div[3]/form/button
[2021-03-17 08:47:42]cl_getDriver.py(127): click_Success->//*[@id="base_box"]/div/div[3]/form/button
[2021-03-17 08:47:43]cl_getDriver.py(127): click_Success->//*[@id="base_box"]/div/div[3]/form/button
[2021-03-17 08:47:43]cl_getDriver.py(72): Open NewTab->https://kabuoji3.com/stock/4911/2001/
[2021-03-17 08:47:43]cl_getDriver.py(72): Open NewTab->https://kabuoji3.com/stock/4901/1995/
[2021-03-17 08:47:44]cl_getDriver.py(127): click_Success->//*[@id="base_box"]/div/div[3]/form/button
[2021-03-17 08:47:45]cl_getDriver.py(127): click_Success->//*[@id="base_box"]/div/div[3]/form/button
[2021-03-17 08:47:47]cl_getDriver.py(127): click_Success->//*[@id="base_box"]/div/div[3]/form/button
[2021-03-17 08:47:47]cl_getDriver.py(127): click_Success->//*[@id="base_box"]/div/div[3]/form/button
[2021-03-17 08:47:47]cl_getDriver.py(72): Open NewTab->https://kabuoji3.com/stock/4901/1994/
[2021-03-17 08:47:47]cl_getDriver.py(72): Open NewTab->https://kabuoji3.com/stock/4911/2000/
[2021-03-17 08:47:49]cl_getDriver.py(127): click_Success->//*[@id="base_box"]/div/div[3]/form/button
[2021-03-17 08:47:49]cl_getDriver.py(127): click_Success->//*[@id="base_box"]/div/div[3]/form/button
[2021-03-17 08:47:51]cl_getDriver.py(127): click_Success->//*[@id="base_box"]/div/div[3]/form/button
[2021-03-17 08:47:51]cl_getDriver.py(127): click_Success->//*[@id="base_box"]/div/div[3]/form/button
[2021-03-17 08:47:52]cl_getDriver.py(72): Open NewTab->https://kabuoji3.com/stock/4901/1993/
[2021-03-17 08:47:52]cl_getDriver.py(72): Open NewTab->https://kabuoji3.com/stock/4911/1999/
[2021-03-17 08:47:53]cl_getDriver.py(127): click_Success->//*[@id="base_box"]/div/div[3]/form/button
[2021-03-17 08:47:53]cl_getDriver.py(127): click_Success->//*[@id="base_box"]/div/div[3]/form/button
[2021-03-17 08:47:55]cl_getDriver.py(127): click_Success->//*[@id="base_box"]/div/div[3]/form/button
[2021-03-17 08:47:56]cl_getDriver.py(127): click_Success->//*[@id="base_box"]/div/div[3]/form/button
[2021-03-17 08:47:56]cl_getDriver.py(72): Open NewTab->https://kabuoji3.com/stock/4911/1998/
[2021-03-17 08:47:56]cl_getDriver.py(72): Open NewTab->https://kabuoji3.com/stock/4901/1992/
[2021-03-17 08:47:57]cl_getDriver.py(127): click_Success->//*[@id="base_box"]/div/div[3]/form/button
[2021-03-17 08:47:57]cl_getDriver.py(127): click_Success->//*[@id="base_box"]/div/div[3]/form/button
[2021-03-17 08:48:00]cl_getDriver.py(127): click_Success->//*[@id="base_box"]/div/div[3]/form/button
[2021-03-17 08:48:00]cl_getDriver.py(127): click_Success->//*[@id="base_box"]/div/div[3]/form/button
[2021-03-17 08:48:00]cl_getDriver.py(72): Open NewTab->https://kabuoji3.com/stock/4911/1997/
[2021-03-17 08:48:00]cl_getDriver.py(72): Open NewTab->https://kabuoji3.com/stock/4901/1991/
[2021-03-17 08:48:02]cl_getDriver.py(127): click_Success->//*[@id="base_box"]/div/div[3]/form/button
[2021-03-17 08:48:02]cl_getDriver.py(127): click_Success->//*[@id="base_box"]/div/div[3]/form/button
[2021-03-17 08:48:04]cl_getDriver.py(127): click_Success->//*[@id="base_box"]/div/div[3]/form/button
[2021-03-17 08:48:04]cl_getDriver.py(127): click_Success->//*[@id="base_box"]/div/div[3]/form/button
[2021-03-17 08:48:05]cl_getDriver.py(72): Open NewTab->https://kabuoji3.com/stock/4901/1990/
[2021-03-17 08:48:05]cl_getDriver.py(72): Open NewTab->https://kabuoji3.com/stock/4911/1996/
[2021-03-17 08:48:06]cl_getDriver.py(127): click_Success->//*[@id="base_box"]/div/div[3]/form/button
[2021-03-17 08:48:06]cl_getDriver.py(127): click_Success->//*[@id="base_box"]/div/div[3]/form/button
[2021-03-17 08:48:08]cl_getDriver.py(127): click_Success->//*[@id="base_box"]/div/div[3]/form/button
[2021-03-17 08:48:09]cl_getDriver.py(127): click_Success->//*[@id="base_box"]/div/div[3]/form/button
[2021-03-17 08:48:09]cl_getDriver.py(72): Open NewTab->https://kabuoji3.com/stock/4901/1989/
[2021-03-17 08:48:09]cl_getDriver.py(72): Open NewTab->https://kabuoji3.com/stock/4911/1995/
[2021-03-17 08:48:10]cl_getDriver.py(127): click_Success->//*[@id="base_box"]/div/div[3]/form/button
[2021-03-17 08:48:11]cl_getDriver.py(127): click_Success->//*[@id="base_box"]/div/div[3]/form/button
[2021-03-17 08:48:13]cl_getDriver.py(127): click_Success->//*[@id="base_box"]/div/div[3]/form/button
[2021-03-17 08:48:13]cl_getDriver.py(127): click_Success->//*[@id="base_box"]/div/div[3]/form/button
[2021-03-17 08:48:13]cl_getDriver.py(72): Open NewTab->https://kabuoji3.com/stock/4901/1988/
[2021-03-17 08:48:14]cl_getDriver.py(72): Open NewTab->https://kabuoji3.com/stock/4911/1994/
[2021-03-17 08:48:15]cl_getDriver.py(127): click_Success->//*[@id="base_box"]/div/div[3]/form/button
[2021-03-17 08:48:15]cl_getDriver.py(127): click_Success->//*[@id="base_box"]/div/div[3]/form/button
[2021-03-17 08:48:17]cl_getDriver.py(127): click_Success->//*[@id="base_box"]/div/div[3]/form/button
[2021-03-17 08:48:17]cl_getDriver.py(127): click_Success->//*[@id="base_box"]/div/div[3]/form/button
[2021-03-17 08:48:18]cl_getDriver.py(72): Open NewTab->https://kabuoji3.com/stock/4911/1993/
[2021-03-17 08:48:18]cl_getDriver.py(72): Open NewTab->https://kabuoji3.com/stock/4901/1987/
[2021-03-17 08:48:19]cl_getDriver.py(127): click_Success->//*[@id="base_box"]/div/div[3]/form/button
[2021-03-17 08:48:19]cl_getDriver.py(127): click_Success->//*[@id="base_box"]/div/div[3]/form/button
[2021-03-17 08:48:21]cl_getDriver.py(127): click_Success->//*[@id="base_box"]/div/div[3]/form/button
[2021-03-17 08:48:22]cl_getDriver.py(127): click_Success->//*[@id="base_box"]/div/div[3]/form/button
[2021-03-17 08:48:22]cl_getDriver.py(72): Open NewTab->https://kabuoji3.com/stock/4901/1986/
[2021-03-17 08:48:22]cl_getDriver.py(72): Open NewTab->https://kabuoji3.com/stock/4911/1992/
[2021-03-17 08:48:23]cl_getDriver.py(127): click_Success->//*[@id="base_box"]/div/div[3]/form/button
[2021-03-17 08:48:23]cl_getDriver.py(127): click_Success->//*[@id="base_box"]/div/div[3]/form/button
[2021-03-17 08:48:26]cl_getDriver.py(127): click_Success->//*[@id="base_box"]/div/div[3]/form/button
[2021-03-17 08:48:26]cl_getDriver.py(127): click_Success->//*[@id="base_box"]/div/div[3]/form/button
[2021-03-17 08:48:26]cl_getDriver.py(72): Open NewTab->https://kabuoji3.com/stock/4901/1985/
[2021-03-17 08:48:27]cl_getDriver.py(72): Open NewTab->https://kabuoji3.com/stock/4911/1991/
[2021-03-17 08:48:28]cl_getDriver.py(127): click_Success->//*[@id="base_box"]/div/div[3]/form/button
[2021-03-17 08:48:28]cl_getDriver.py(127): click_Success->//*[@id="base_box"]/div/div[3]/form/button
[2021-03-17 08:48:30]cl_getDriver.py(127): click_Success->//*[@id="base_box"]/div/div[3]/form/button
[2021-03-17 08:48:30]cl_getDriver.py(127): click_Success->//*[@id="base_box"]/div/div[3]/form/button
[2021-03-17 08:48:31]cl_getDriver.py(72): Open NewTab->https://kabuoji3.com/stock/4901/1984/
[2021-03-17 08:48:31]cl_getDriver.py(72): Open NewTab->https://kabuoji3.com/stock/4911/1990/
[2021-03-17 08:48:32]cl_getDriver.py(127): click_Success->//*[@id="base_box"]/div/div[3]/form/button
[2021-03-17 08:48:32]cl_getDriver.py(127): click_Success->//*[@id="base_box"]/div/div[3]/form/button
[2021-03-17 08:48:35]cl_getDriver.py(127): click_Success->//*[@id="base_box"]/div/div[3]/form/button
[2021-03-17 08:48:35]cl_getDriver.py(127): click_Success->//*[@id="base_box"]/div/div[3]/form/button
[2021-03-17 08:48:35]cl_getDriver.py(72): Open NewTab->https://kabuoji3.com/stock/4911/1989/
[2021-03-17 08:48:35]cl_getDriver.py(72): Open NewTab->https://kabuoji3.com/stock/4901/1983/
[2021-03-17 08:48:37]cl_getDriver.py(127): click_Success->//*[@id="base_box"]/div/div[3]/form/button
[2021-03-17 08:48:37]cl_getDriver.py(127): click_Success->//*[@id="base_box"]/div/div[3]/form/button
[2021-03-17 08:48:39]cl_getDriver.py(127): click_Success->//*[@id="base_box"]/div/div[3]/form/button
[2021-03-17 08:48:39]cl_getDriver.py(72): Open NewTab->https://kabuoji3.com/stock/4911/1988/
[2021-03-17 08:48:39]cl_getDriver.py(127): click_Success->//*[@id="base_box"]/div/div[3]/form/button
[2021-03-17 08:48:40]cl_getDriver.py(127): click_Success->//*[@id="base_box"]/div/div[3]/form/button
[2021-03-17 08:48:43]cl_getDriver.py(127): click_Success->//*[@id="base_box"]/div/div[3]/form/button
[2021-03-17 08:48:43]cl_getDriver.py(72): Open NewTab->https://kabuoji3.com/stock/4911/1987/
[2021-03-17 08:48:44]main.py(42): finished Process->https://kabuoji3.com/stock/4901/
[2021-03-17 08:48:44]main.py(15): start_Process->https://kabuoji3.com/stock/4912/
[2021-03-17 08:48:44]cl_getDriver.py(127): click_Success->//*[@id="base_box"]/div/div[3]/form/button
[2021-03-17 08:48:46]cl_getDriver.py(127): click_Success->//*[@id="base_box"]/div/div[3]/form/button
[2021-03-17 08:48:46]cl_getDriver.py(72): Open NewTab->https://kabuoji3.com/stock/4911/1986/
[2021-03-17 08:48:48]cl_getDriver.py(127): click_Success->//*[@id="base_box"]/div/div[3]/form/button
[2021-03-17 08:48:50]cl_getDriver.py(127): click_Success->//*[@id="base_box"]/div/div[3]/form/button
[2021-03-17 08:48:50]cl_getDriver.py(64): getURL=https://kabuoji3.com/stock/4912/
[2021-03-17 08:48:50]cl_getDriver.py(72): Open NewTab->https://kabuoji3.com/stock/4911/1985/
[2021-03-17 08:48:51]cl_getDriver.py(72): Open NewTab->https://kabuoji3.com/stock/4912/
[2021-03-17 08:48:52]cl_getDriver.py(127): click_Success->//*[@id="base_box"]/div/div[3]/form/button
[2021-03-17 08:48:52]cl_getDriver.py(130): Not Found->//*[@id="base_box"]/div/div[3]/form/button
[2021-03-17 08:48:54]cl_getDriver.py(130): Not Found->//*[@id="base_box"]/div/div[3]/form/button
[2021-03-17 08:48:54]cl_getDriver.py(127): click_Success->//*[@id="base_box"]/div/div[3]/form/button
[2021-03-17 08:48:54]cl_getDriver.py(72): Open NewTab->https://kabuoji3.com/stock/4912/2021/
[2021-03-17 08:48:54]cl_getDriver.py(72): Open NewTab->https://kabuoji3.com/stock/4911/1984/
[2021-03-17 08:48:55]cl_getDriver.py(127): click_Success->//*[@id="base_box"]/div/div[3]/form/button
[2021-03-17 08:48:56]cl_getDriver.py(127): click_Success->//*[@id="base_box"]/div/div[3]/form/button
[2021-03-17 08:48:57]cl_getDriver.py(127): click_Success->//*[@id="base_box"]/div/div[3]/form/button
[2021-03-17 08:48:57]cl_getDriver.py(72): Open NewTab->https://kabuoji3.com/stock/4912/2020/
[2021-03-17 08:48:58]cl_getDriver.py(127): click_Success->//*[@id="base_box"]/div/div[3]/form/button
[2021-03-17 08:48:59]cl_getDriver.py(72): Open NewTab->https://kabuoji3.com/stock/4911/1983/
[2021-03-17 08:48:59]cl_getDriver.py(127): click_Success->//*[@id="base_box"]/div/div[3]/form/button
[2021-03-17 08:49:00]cl_getDriver.py(127): click_Success->//*[@id="base_box"]/div/div[3]/form/button
[2021-03-17 08:49:01]cl_getDriver.py(127): click_Success->//*[@id="base_box"]/div/div[3]/form/button
[2021-03-17 08:49:02]cl_getDriver.py(72): Open NewTab->https://kabuoji3.com/stock/4912/2019/
[2021-03-17 08:49:02]cl_getDriver.py(127): click_Success->//*[@id="base_box"]/div/div[3]/form/button
[2021-03-17 08:49:03]cl_getDriver.py(127): click_Success->//*[@id="base_box"]/div/div[3]/form/button
[2021-03-17 08:49:06]cl_getDriver.py(127): click_Success->//*[@id="base_box"]/div/div[3]/form/button
[2021-03-17 08:49:06]cl_getDriver.py(72): Open NewTab->https://kabuoji3.com/stock/4912/2018/
[2021-03-17 08:49:06]main.py(42): finished Process->https://kabuoji3.com/stock/4911/
[2021-03-17 08:49:06]main.py(15): start_Process->https://kabuoji3.com/stock/4914/
[2021-03-17 08:49:07]cl_getDriver.py(127): click_Success->//*[@id="base_box"]/div/div[3]/form/button
[2021-03-17 08:49:09]cl_getDriver.py(127): click_Success->//*[@id="base_box"]/div/div[3]/form/button
[2021-03-17 08:49:09]cl_getDriver.py(72): Open NewTab->https://kabuoji3.com/stock/4912/2017/
[2021-03-17 08:49:10]cl_getDriver.py(127): click_Success->//*[@id="base_box"]/div/div[3]/form/button
[2021-03-17 08:49:11]cl_getDriver.py(64): getURL=https://kabuoji3.com/stock/4914/
[2021-03-17 08:49:12]cl_getDriver.py(72): Open NewTab->https://kabuoji3.com/stock/4914/
[2021-03-17 08:49:12]cl_getDriver.py(130): Not Found->//*[@id="base_box"]/div/div[3]/form/button
[2021-03-17 08:49:13]cl_getDriver.py(127): click_Success->//*[@id="base_box"]/div/div[3]/form/button
[2021-03-17 08:49:13]cl_getDriver.py(72): Open NewTab->https://kabuoji3.com/stock/4912/2016/
[2021-03-17 08:49:14]cl_getDriver.py(127): click_Success->//*[@id="base_box"]/div/div[3]/form/button
[2021-03-17 08:49:14]cl_getDriver.py(130): Not Found->//*[@id="base_box"]/div/div[3]/form/button
[2021-03-17 08:49:15]cl_getDriver.py(72): Open NewTab->https://kabuoji3.com/stock/4914/2021/
[2021-03-17 08:49:16]cl_getDriver.py(127): click_Success->//*[@id="base_box"]/div/div[3]/form/button
[2021-03-17 08:49:16]cl_getDriver.py(127): click_Success->//*[@id="base_box"]/div/div[3]/form/button
[2021-03-17 08:49:16]cl_getDriver.py(72): Open NewTab->https://kabuoji3.com/stock/4912/2015/
[2021-03-17 08:49:17]cl_getDriver.py(127): click_Success->//*[@id="base_box"]/div/div[3]/form/button
[2021-03-17 08:49:18]cl_getDriver.py(127): click_Success->//*[@id="base_box"]/div/div[3]/form/button
[2021-03-17 08:49:18]cl_getDriver.py(72): Open NewTab->https://kabuoji3.com/stock/4914/2020/
[2021-03-17 08:49:19]cl_getDriver.py(127): click_Success->//*[@id="base_box"]/div/div[3]/form/button
[2021-03-17 08:49:20]cl_getDriver.py(127): click_Success->//*[@id="base_box"]/div/div[3]/form/button
[2021-03-17 08:49:20]cl_getDriver.py(72): Open NewTab->https://kabuoji3.com/stock/4912/2014/
[2021-03-17 08:49:21]cl_getDriver.py(127): click_Success->//*[@id="base_box"]/div/div[3]/form/button
[2021-03-17 08:49:21]cl_getDriver.py(127): click_Success->//*[@id="base_box"]/div/div[3]/form/button
[2021-03-17 08:49:22]cl_getDriver.py(72): Open NewTab->https://kabuoji3.com/stock/4914/2019/
[2021-03-17 08:49:23]cl_getDriver.py(127): click_Success->//*[@id="base_box"]/div/div[3]/form/button
[2021-03-17 08:49:23]cl_getDriver.py(127): click_Success->//*[@id="base_box"]/div/div[3]/form/button
[2021-03-17 08:49:24]cl_getDriver.py(72): Open NewTab->https://kabuoji3.com/stock/4912/2013/
[2021-03-17 08:49:25]cl_getDriver.py(127): click_Success->//*[@id="base_box"]/div/div[3]/form/button
[2021-03-17 08:49:25]cl_getDriver.py(127): click_Success->//*[@id="base_box"]/div/div[3]/form/button
[2021-03-17 08:49:26]cl_getDriver.py(72): Open NewTab->https://kabuoji3.com/stock/4914/2018/
[2021-03-17 08:49:27]cl_getDriver.py(127): click_Success->//*[@id="base_box"]/div/div[3]/form/button
[2021-03-17 08:49:27]cl_getDriver.py(127): click_Success->//*[@id="base_box"]/div/div[3]/form/button
[2021-03-17 08:49:27]cl_getDriver.py(72): Open NewTab->https://kabuoji3.com/stock/4912/2012/
[2021-03-17 08:49:28]cl_getDriver.py(127): click_Success->//*[@id="base_box"]/div/div[3]/form/button
[2021-03-17 08:49:29]cl_getDriver.py(127): click_Success->//*[@id="base_box"]/div/div[3]/form/button
[2021-03-17 08:49:29]cl_getDriver.py(72): Open NewTab->https://kabuoji3.com/stock/4914/2017/
[2021-03-17 08:49:30]cl_getDriver.py(127): click_Success->//*[@id="base_box"]/div/div[3]/form/button
[2021-03-17 08:49:31]cl_getDriver.py(127): click_Success->//*[@id="base_box"]/div/div[3]/form/button
[2021-03-17 08:49:31]cl_getDriver.py(72): Open NewTab->https://kabuoji3.com/stock/4912/2011/
[2021-03-17 08:49:33]cl_getDriver.py(127): click_Success->//*[@id="base_box"]/div/div[3]/form/button
[2021-03-17 08:49:33]cl_getDriver.py(127): click_Success->//*[@id="base_box"]/div/div[3]/form/button
[2021-03-17 08:49:33]cl_getDriver.py(72): Open NewTab->https://kabuoji3.com/stock/4914/2016/
[2021-03-17 08:49:34]cl_getDriver.py(127): click_Success->//*[@id="base_box"]/div/div[3]/form/button
[2021-03-17 08:49:35]cl_getDriver.py(127): click_Success->//*[@id="base_box"]/div/div[3]/form/button
[2021-03-17 08:49:36]cl_getDriver.py(72): Open NewTab->https://kabuoji3.com/stock/4912/2010/
[2021-03-17 08:49:36]cl_getDriver.py(127): click_Success->//*[@id="base_box"]/div/div[3]/form/button
[2021-03-17 08:49:37]cl_getDriver.py(127): click_Success->//*[@id="base_box"]/div/div[3]/form/button
[2021-03-17 08:49:37]cl_getDriver.py(72): Open NewTab->https://kabuoji3.com/stock/4914/2015/
[2021-03-17 08:49:38]cl_getDriver.py(127): click_Success->//*[@id="base_box"]/div/div[3]/form/button
[2021-03-17 08:49:39]cl_getDriver.py(127): click_Success->//*[@id="base_box"]/div/div[3]/form/button
[2021-03-17 08:49:39]cl_getDriver.py(72): Open NewTab->https://kabuoji3.com/stock/4912/2009/
[2021-03-17 08:49:40]cl_getDriver.py(127): click_Success->//*[@id="base_box"]/div/div[3]/form/button
[2021-03-17 08:49:41]cl_getDriver.py(72): Open NewTab->https://kabuoji3.com/stock/4914/2014/
[2021-03-17 08:49:41]cl_getDriver.py(127): click_Success->//*[@id="base_box"]/div/div[3]/form/button
[2021-03-17 08:49:42]cl_getDriver.py(127): click_Success->//*[@id="base_box"]/div/div[3]/form/button
[2021-03-17 08:49:43]cl_getDriver.py(127): click_Success->//*[@id="base_box"]/div/div[3]/form/button
[2021-03-17 08:49:43]cl_getDriver.py(72): Open NewTab->https://kabuoji3.com/stock/4912/2008/
[2021-03-17 08:49:44]cl_getDriver.py(127): click_Success->//*[@id="base_box"]/div/div[3]/form/button
[2021-03-17 08:49:44]cl_getDriver.py(72): Open NewTab->https://kabuoji3.com/stock/4914/2013/
[2021-03-17 08:49:45]cl_getDriver.py(127): click_Success->//*[@id="base_box"]/div/div[3]/form/button
[2021-03-17 08:49:46]cl_getDriver.py(127): click_Success->//*[@id="base_box"]/div/div[3]/form/button
[2021-03-17 08:49:47]cl_getDriver.py(127): click_Success->//*[@id="base_box"]/div/div[3]/form/button
[2021-03-17 08:49:47]cl_getDriver.py(72): Open NewTab->https://kabuoji3.com/stock/4912/2007/
[2021-03-17 08:49:48]cl_getDriver.py(127): click_Success->//*[@id="base_box"]/div/div[3]/form/button
[2021-03-17 08:49:48]cl_getDriver.py(72): Open NewTab->https://kabuoji3.com/stock/4914/2012/
[2021-03-17 08:49:49]cl_getDriver.py(127): click_Success->//*[@id="base_box"]/div/div[3]/form/button
[2021-03-17 08:49:49]cl_getDriver.py(127): click_Success->//*[@id="base_box"]/div/div[3]/form/button
[2021-03-17 08:49:51]cl_getDriver.py(127): click_Success->//*[@id="base_box"]/div/div[3]/form/button
[2021-03-17 08:49:51]cl_getDriver.py(72): Open NewTab->https://kabuoji3.com/stock/4912/2006/
[2021-03-17 08:49:52]cl_getDriver.py(127): click_Success->//*[@id="base_box"]/div/div[3]/form/button
[2021-03-17 08:49:52]cl_getDriver.py(72): Open NewTab->https://kabuoji3.com/stock/4914/2011/
[2021-03-17 08:49:53]cl_getDriver.py(127): click_Success->//*[@id="base_box"]/div/div[3]/form/button
[2021-03-17 08:49:53]cl_getDriver.py(127): click_Success->//*[@id="base_box"]/div/div[3]/form/button
[2021-03-17 08:49:55]cl_getDriver.py(127): click_Success->//*[@id="base_box"]/div/div[3]/form/button
[2021-03-17 08:49:55]cl_getDriver.py(72): Open NewTab->https://kabuoji3.com/stock/4912/2005/
[2021-03-17 08:49:56]cl_getDriver.py(127): click_Success->//*[@id="base_box"]/div/div[3]/form/button
[2021-03-17 08:49:56]cl_getDriver.py(127): click_Success->//*[@id="base_box"]/div/div[3]/form/button
[2021-03-17 08:49:56]cl_getDriver.py(72): Open NewTab->https://kabuoji3.com/stock/4914/2010/
[2021-03-17 08:49:57]cl_getDriver.py(127): click_Success->//*[@id="base_box"]/div/div[3]/form/button
[2021-03-17 08:49:59]cl_getDriver.py(127): click_Success->//*[@id="base_box"]/div/div[3]/form/button
[2021-03-17 08:49:59]cl_getDriver.py(72): Open NewTab->https://kabuoji3.com/stock/4912/2004/
[2021-03-17 08:50:00]cl_getDriver.py(127): click_Success->//*[@id="base_box"]/div/div[3]/form/button
[2021-03-17 08:50:00]cl_getDriver.py(127): click_Success->//*[@id="base_box"]/div/div[3]/form/button
[2021-03-17 08:50:00]cl_getDriver.py(72): Open NewTab->https://kabuoji3.com/stock/4914/2009/
[2021-03-17 08:50:01]cl_getDriver.py(127): click_Success->//*[@id="base_box"]/div/div[3]/form/button
[2021-03-17 08:50:03]cl_getDriver.py(127): click_Success->//*[@id="base_box"]/div/div[3]/form/button
[2021-03-17 08:50:03]cl_getDriver.py(72): Open NewTab->https://kabuoji3.com/stock/4912/2003/
[2021-03-17 08:50:04]cl_getDriver.py(127): click_Success->//*[@id="base_box"]/div/div[3]/form/button
[2021-03-17 08:50:04]cl_getDriver.py(72): Open NewTab->https://kabuoji3.com/stock/4914/2008/
[2021-03-17 08:50:04]cl_getDriver.py(127): click_Success->//*[@id="base_box"]/div/div[3]/form/button
[2021-03-17 08:50:05]cl_getDriver.py(127): click_Success->//*[@id="base_box"]/div/div[3]/form/button
[2021-03-17 08:50:07]cl_getDriver.py(127): click_Success->//*[@id="base_box"]/div/div[3]/form/button
[2021-03-17 08:50:07]cl_getDriver.py(72): Open NewTab->https://kabuoji3.com/stock/4912/2002/
[2021-03-17 08:50:08]cl_getDriver.py(127): click_Success->//*[@id="base_box"]/div/div[3]/form/button
[2021-03-17 08:50:08]cl_getDriver.py(127): click_Success->//*[@id="base_box"]/div/div[3]/form/button
[2021-03-17 08:50:08]cl_getDriver.py(72): Open NewTab->https://kabuoji3.com/stock/4914/2007/
[2021-03-17 08:50:09]cl_getDriver.py(127): click_Success->//*[@id="base_box"]/div/div[3]/form/button
[2021-03-17 08:50:10]cl_getDriver.py(127): click_Success->//*[@id="base_box"]/div/div[3]/form/button
[2021-03-17 08:50:11]cl_getDriver.py(72): Open NewTab->https://kabuoji3.com/stock/4912/2001/
[2021-03-17 08:50:12]cl_getDriver.py(127): click_Success->//*[@id="base_box"]/div/div[3]/form/button
[2021-03-17 08:50:12]cl_getDriver.py(127): click_Success->//*[@id="base_box"]/div/div[3]/form/button
[2021-03-17 08:50:12]cl_getDriver.py(72): Open NewTab->https://kabuoji3.com/stock/4914/2006/
[2021-03-17 08:50:13]cl_getDriver.py(127): click_Success->//*[@id="base_box"]/div/div[3]/form/button
[2021-03-17 08:50:14]cl_getDriver.py(127): click_Success->//*[@id="base_box"]/div/div[3]/form/button
[2021-03-17 08:50:15]cl_getDriver.py(72): Open NewTab->https://kabuoji3.com/stock/4912/2000/
[2021-03-17 08:50:16]cl_getDriver.py(127): click_Success->//*[@id="base_box"]/div/div[3]/form/button
[2021-03-17 08:50:16]cl_getDriver.py(127): click_Success->//*[@id="base_box"]/div/div[3]/form/button
[2021-03-17 08:50:16]cl_getDriver.py(72): Open NewTab->https://kabuoji3.com/stock/4914/2005/
[2021-03-17 08:50:17]cl_getDriver.py(127): click_Success->//*[@id="base_box"]/div/div[3]/form/button
[2021-03-17 08:50:18]cl_getDriver.py(127): click_Success->//*[@id="base_box"]/div/div[3]/form/button
[2021-03-17 08:50:19]cl_getDriver.py(72): Open NewTab->https://kabuoji3.com/stock/4912/1999/
[2021-03-17 08:50:20]cl_getDriver.py(127): click_Success->//*[@id="base_box"]/div/div[3]/form/button
[2021-03-17 08:50:20]cl_getDriver.py(127): click_Success->//*[@id="base_box"]/div/div[3]/form/button
[2021-03-17 08:50:20]cl_getDriver.py(72): Open NewTab->https://kabuoji3.com/stock/4914/2004/
[2021-03-17 08:50:21]cl_getDriver.py(127): click_Success->//*[@id="base_box"]/div/div[3]/form/button
[2021-03-17 08:50:22]cl_getDriver.py(127): click_Success->//*[@id="base_box"]/div/div[3]/form/button
[2021-03-17 08:50:23]cl_getDriver.py(72): Open NewTab->https://kabuoji3.com/stock/4912/1998/
[2021-03-17 08:50:24]cl_getDriver.py(127): click_Success->//*[@id="base_box"]/div/div[3]/form/button
[2021-03-17 08:50:24]cl_getDriver.py(72): Open NewTab->https://kabuoji3.com/stock/4914/2003/
[2021-03-17 08:50:25]cl_getDriver.py(127): click_Success->//*[@id="base_box"]/div/div[3]/form/button
[2021-03-17 08:50:25]cl_getDriver.py(127): click_Success->//*[@id="base_box"]/div/div[3]/form/button
[2021-03-17 08:50:27]cl_getDriver.py(127): click_Success->//*[@id="base_box"]/div/div[3]/form/button
[2021-03-17 08:50:28]cl_getDriver.py(127): click_Success->//*[@id="base_box"]/div/div[3]/form/button
[2021-03-17 08:50:28]cl_getDriver.py(72): Open NewTab->https://kabuoji3.com/stock/4912/1997/
[2021-03-17 08:50:28]cl_getDriver.py(72): Open NewTab->https://kabuoji3.com/stock/4914/2002/
[2021-03-17 08:50:29]cl_getDriver.py(127): click_Success->//*[@id="base_box"]/div/div[3]/form/button
[2021-03-17 08:50:29]cl_getDriver.py(127): click_Success->//*[@id="base_box"]/div/div[3]/form/button
[2021-03-17 08:50:32]cl_getDriver.py(127): click_Success->//*[@id="base_box"]/div/div[3]/form/button
[2021-03-17 08:50:32]cl_getDriver.py(127): click_Success->//*[@id="base_box"]/div/div[3]/form/button
[2021-03-17 08:50:32]cl_getDriver.py(72): Open NewTab->https://kabuoji3.com/stock/4912/1996/
[2021-03-17 08:50:32]cl_getDriver.py(72): Open NewTab->https://kabuoji3.com/stock/4914/2001/
[2021-03-17 08:50:34]cl_getDriver.py(127): click_Success->//*[@id="base_box"]/div/div[3]/form/button
[2021-03-17 08:50:34]cl_getDriver.py(127): click_Success->//*[@id="base_box"]/div/div[3]/form/button
[2021-03-17 08:50:36]cl_getDriver.py(127): click_Success->//*[@id="base_box"]/div/div[3]/form/button
[2021-03-17 08:50:36]cl_getDriver.py(127): click_Success->//*[@id="base_box"]/div/div[3]/form/button
[2021-03-17 08:50:37]cl_getDriver.py(72): Open NewTab->https://kabuoji3.com/stock/4912/1995/
[2021-03-17 08:50:37]cl_getDriver.py(72): Open NewTab->https://kabuoji3.com/stock/4914/2000/
[2021-03-17 08:50:38]cl_getDriver.py(127): click_Success->//*[@id="base_box"]/div/div[3]/form/button
[2021-03-17 08:50:38]cl_getDriver.py(127): click_Success->//*[@id="base_box"]/div/div[3]/form/button
[2021-03-17 08:50:40]cl_getDriver.py(127): click_Success->//*[@id="base_box"]/div/div[3]/form/button
[2021-03-17 08:50:41]cl_getDriver.py(127): click_Success->//*[@id="base_box"]/div/div[3]/form/button
[2021-03-17 08:50:41]cl_getDriver.py(72): Open NewTab->https://kabuoji3.com/stock/4912/1994/
[2021-03-17 08:50:41]cl_getDriver.py(72): Open NewTab->https://kabuoji3.com/stock/4914/1999/
[2021-03-17 08:50:42]cl_getDriver.py(127): click_Success->//*[@id="base_box"]/div/div[3]/form/button
[2021-03-17 08:50:42]cl_getDriver.py(127): click_Success->//*[@id="base_box"]/div/div[3]/form/button
[2021-03-17 08:50:45]cl_getDriver.py(127): click_Success->//*[@id="base_box"]/div/div[3]/form/button
[2021-03-17 08:50:45]cl_getDriver.py(127): click_Success->//*[@id="base_box"]/div/div[3]/form/button
[2021-03-17 08:50:45]cl_getDriver.py(72): Open NewTab->https://kabuoji3.com/stock/4914/1998/
[2021-03-17 08:50:45]cl_getDriver.py(72): Open NewTab->https://kabuoji3.com/stock/4912/1993/
[2021-03-17 08:50:47]cl_getDriver.py(127): click_Success->//*[@id="base_box"]/div/div[3]/form/button
[2021-03-17 08:50:47]cl_getDriver.py(127): click_Success->//*[@id="base_box"]/div/div[3]/form/button
[2021-03-17 08:50:49]cl_getDriver.py(127): click_Success->//*[@id="base_box"]/div/div[3]/form/button
[2021-03-17 08:50:49]cl_getDriver.py(127): click_Success->//*[@id="base_box"]/div/div[3]/form/button
[2021-03-17 08:50:50]cl_getDriver.py(72): Open NewTab->https://kabuoji3.com/stock/4914/1997/
[2021-03-17 08:50:50]cl_getDriver.py(72): Open NewTab->https://kabuoji3.com/stock/4912/1992/
[2021-03-17 08:50:51]cl_getDriver.py(127): click_Success->//*[@id="base_box"]/div/div[3]/form/button
[2021-03-17 08:50:51]cl_getDriver.py(127): click_Success->//*[@id="base_box"]/div/div[3]/form/button
[2021-03-17 08:50:54]cl_getDriver.py(127): click_Success->//*[@id="base_box"]/div/div[3]/form/button
[2021-03-17 08:50:54]cl_getDriver.py(127): click_Success->//*[@id="base_box"]/div/div[3]/form/button
[2021-03-17 08:50:54]cl_getDriver.py(72): Open NewTab->https://kabuoji3.com/stock/4912/1991/
[2021-03-17 08:50:54]cl_getDriver.py(72): Open NewTab->https://kabuoji3.com/stock/4914/1996/
[2021-03-17 08:50:56]cl_getDriver.py(127): click_Success->//*[@id="base_box"]/div/div[3]/form/button
[2021-03-17 08:50:56]cl_getDriver.py(127): click_Success->//*[@id="base_box"]/div/div[3]/form/button
[2021-03-17 08:50:58]cl_getDriver.py(127): click_Success->//*[@id="base_box"]/div/div[3]/form/button
[2021-03-17 08:50:58]cl_getDriver.py(127): click_Success->//*[@id="base_box"]/div/div[3]/form/button
[2021-03-17 08:50:59]cl_getDriver.py(72): Open NewTab->https://kabuoji3.com/stock/4912/1990/
[2021-03-17 08:50:59]cl_getDriver.py(72): Open NewTab->https://kabuoji3.com/stock/4914/1995/
[2021-03-17 08:51:00]cl_getDriver.py(127): click_Success->//*[@id="base_box"]/div/div[3]/form/button
[2021-03-17 08:51:00]cl_getDriver.py(127): click_Success->//*[@id="base_box"]/div/div[3]/form/button
[2021-03-17 08:51:02]cl_getDriver.py(127): click_Success->//*[@id="base_box"]/div/div[3]/form/button
[2021-03-17 08:51:02]cl_getDriver.py(127): click_Success->//*[@id="base_box"]/div/div[3]/form/button
[2021-03-17 08:51:03]cl_getDriver.py(72): Open NewTab->https://kabuoji3.com/stock/4914/1994/
[2021-03-17 08:51:03]cl_getDriver.py(72): Open NewTab->https://kabuoji3.com/stock/4912/1989/
[2021-03-17 08:51:04]cl_getDriver.py(127): click_Success->//*[@id="base_box"]/div/div[3]/form/button
[2021-03-17 08:51:04]cl_getDriver.py(127): click_Success->//*[@id="base_box"]/div/div[3]/form/button
[2021-03-17 08:51:07]cl_getDriver.py(127): click_Success->//*[@id="base_box"]/div/div[3]/form/button
[2021-03-17 08:51:07]cl_getDriver.py(127): click_Success->//*[@id="base_box"]/div/div[3]/form/button
[2021-03-17 08:51:07]cl_getDriver.py(72): Open NewTab->https://kabuoji3.com/stock/4914/1993/
[2021-03-17 08:51:07]cl_getDriver.py(72): Open NewTab->https://kabuoji3.com/stock/4912/1988/
[2021-03-17 08:51:08]cl_getDriver.py(127): click_Success->//*[@id="base_box"]/div/div[3]/form/button
[2021-03-17 08:51:09]cl_getDriver.py(127): click_Success->//*[@id="base_box"]/div/div[3]/form/button
[2021-03-17 08:51:11]cl_getDriver.py(127): click_Success->//*[@id="base_box"]/div/div[3]/form/button
[2021-03-17 08:51:11]cl_getDriver.py(72): Open NewTab->https://kabuoji3.com/stock/4914/1992/
[2021-03-17 08:51:11]cl_getDriver.py(127): click_Success->//*[@id="base_box"]/div/div[3]/form/button
[2021-03-17 08:51:12]cl_getDriver.py(72): Open NewTab->https://kabuoji3.com/stock/4912/1987/
[2021-03-17 08:51:12]cl_getDriver.py(127): click_Success->//*[@id="base_box"]/div/div[3]/form/button
[2021-03-17 08:51:13]cl_getDriver.py(127): click_Success->//*[@id="base_box"]/div/div[3]/form/button
[2021-03-17 08:51:15]cl_getDriver.py(127): click_Success->//*[@id="base_box"]/div/div[3]/form/button
[2021-03-17 08:51:15]cl_getDriver.py(72): Open NewTab->https://kabuoji3.com/stock/4914/1991/
[2021-03-17 08:51:15]cl_getDriver.py(127): click_Success->//*[@id="base_box"]/div/div[3]/form/button
[2021-03-17 08:51:16]cl_getDriver.py(72): Open NewTab->https://kabuoji3.com/stock/4912/1986/
[2021-03-17 08:51:16]cl_getDriver.py(127): click_Success->//*[@id="base_box"]/div/div[3]/form/button
[2021-03-17 08:51:17]cl_getDriver.py(127): click_Success->//*[@id="base_box"]/div/div[3]/form/button
[2021-03-17 08:51:19]cl_getDriver.py(127): click_Success->//*[@id="base_box"]/div/div[3]/form/button
[2021-03-17 08:51:19]cl_getDriver.py(72): Open NewTab->https://kabuoji3.com/stock/4914/1990/
[2021-03-17 08:51:19]cl_getDriver.py(127): click_Success->//*[@id="base_box"]/div/div[3]/form/button
[2021-03-17 08:51:20]cl_getDriver.py(72): Open NewTab->https://kabuoji3.com/stock/4912/1985/
[2021-03-17 08:51:20]cl_getDriver.py(127): click_Success->//*[@id="base_box"]/div/div[3]/form/button
[2021-03-17 08:51:21]cl_getDriver.py(127): click_Success->//*[@id="base_box"]/div/div[3]/form/button
[2021-03-17 08:51:23]cl_getDriver.py(127): click_Success->//*[@id="base_box"]/div/div[3]/form/button
[2021-03-17 08:51:23]cl_getDriver.py(72): Open NewTab->https://kabuoji3.com/stock/4914/1989/
[2021-03-17 08:51:23]cl_getDriver.py(127): click_Success->//*[@id="base_box"]/div/div[3]/form/button
[2021-03-17 08:51:24]cl_getDriver.py(72): Open NewTab->https://kabuoji3.com/stock/4912/1984/
[2021-03-17 08:51:24]cl_getDriver.py(127): click_Success->//*[@id="base_box"]/div/div[3]/form/button
[2021-03-17 08:51:25]cl_getDriver.py(127): click_Success->//*[@id="base_box"]/div/div[3]/form/button
[2021-03-17 08:51:27]cl_getDriver.py(127): click_Success->//*[@id="base_box"]/div/div[3]/form/button
[2021-03-17 08:51:27]cl_getDriver.py(72): Open NewTab->https://kabuoji3.com/stock/4914/1988/
[2021-03-17 08:51:27]cl_getDriver.py(127): click_Success->//*[@id="base_box"]/div/div[3]/form/button
[2021-03-17 08:51:28]cl_getDriver.py(72): Open NewTab->https://kabuoji3.com/stock/4912/1983/
[2021-03-17 08:51:28]cl_getDriver.py(127): click_Success->//*[@id="base_box"]/div/div[3]/form/button
[2021-03-17 08:51:29]cl_getDriver.py(127): click_Success->//*[@id="base_box"]/div/div[3]/form/button
[2021-03-17 08:51:31]cl_getDriver.py(127): click_Success->//*[@id="base_box"]/div/div[3]/form/button
[2021-03-17 08:51:31]cl_getDriver.py(72): Open NewTab->https://kabuoji3.com/stock/4914/1987/
[2021-03-17 08:51:31]cl_getDriver.py(127): click_Success->//*[@id="base_box"]/div/div[3]/form/button
[2021-03-17 08:51:32]cl_getDriver.py(127): click_Success->//*[@id="base_box"]/div/div[3]/form/button
[2021-03-17 08:51:35]cl_getDriver.py(127): click_Success->//*[@id="base_box"]/div/div[3]/form/button
[2021-03-17 08:51:35]cl_getDriver.py(72): Open NewTab->https://kabuoji3.com/stock/4914/1986/
[2021-03-17 08:51:35]main.py(42): finished Process->https://kabuoji3.com/stock/4912/
[2021-03-17 08:51:35]main.py(15): start_Process->https://kabuoji3.com/stock/4917/
[2021-03-17 08:51:36]cl_getDriver.py(127): click_Success->//*[@id="base_box"]/div/div[3]/form/button
[2021-03-17 08:51:39]cl_getDriver.py(127): click_Success->//*[@id="base_box"]/div/div[3]/form/button
[2021-03-17 08:51:39]cl_getDriver.py(72): Open NewTab->https://kabuoji3.com/stock/4914/1985/
[2021-03-17 08:51:40]cl_getDriver.py(127): click_Success->//*[@id="base_box"]/div/div[3]/form/button
[2021-03-17 08:51:40]cl_getDriver.py(64): getURL=https://kabuoji3.com/stock/4917/
[2021-03-17 08:51:41]cl_getDriver.py(72): Open NewTab->https://kabuoji3.com/stock/4917/
[2021-03-17 08:51:41]cl_getDriver.py(130): Not Found->//*[@id="base_box"]/div/div[3]/form/button
[2021-03-17 08:51:42]cl_getDriver.py(127): click_Success->//*[@id="base_box"]/div/div[3]/form/button
[2021-03-17 08:51:43]cl_getDriver.py(72): Open NewTab->https://kabuoji3.com/stock/4914/1984/
[2021-03-17 08:51:43]cl_getDriver.py(130): Not Found->//*[@id="base_box"]/div/div[3]/form/button
[2021-03-17 08:51:44]cl_getDriver.py(72): Open NewTab->https://kabuoji3.com/stock/4917/2021/
[2021-03-17 08:51:44]cl_getDriver.py(127): click_Success->//*[@id="base_box"]/div/div[3]/form/button
[2021-03-17 08:51:45]cl_getDriver.py(127): click_Success->//*[@id="base_box"]/div/div[3]/form/button
[2021-03-17 08:51:46]cl_getDriver.py(127): click_Success->//*[@id="base_box"]/div/div[3]/form/button
[2021-03-17 08:51:46]cl_getDriver.py(72): Open NewTab->https://kabuoji3.com/stock/4914/1983/
[2021-03-17 08:51:47]cl_getDriver.py(127): click_Success->//*[@id="base_box"]/div/div[3]/form/button
[2021-03-17 08:51:47]cl_getDriver.py(72): Open NewTab->https://kabuoji3.com/stock/4917/2020/
[2021-03-17 08:51:48]cl_getDriver.py(127): click_Success->//*[@id="base_box"]/div/div[3]/form/button
[2021-03-17 08:51:49]cl_getDriver.py(127): click_Success->//*[@id="base_box"]/div/div[3]/form/button
[2021-03-17 08:51:50]cl_getDriver.py(127): click_Success->//*[@id="base_box"]/div/div[3]/form/button
[2021-03-17 08:51:51]cl_getDriver.py(127): click_Success->//*[@id="base_box"]/div/div[3]/form/button
[2021-03-17 08:51:51]cl_getDriver.py(72): Open NewTab->https://kabuoji3.com/stock/4917/2019/
[2021-03-17 08:51:52]cl_getDriver.py(127): click_Success->//*[@id="base_box"]/div/div[3]/form/button
[2021-03-17 08:51:55]main.py(42): finished Process->https://kabuoji3.com/stock/4914/
[2021-03-17 08:51:55]main.py(15): start_Process->https://kabuoji3.com/stock/4918/
[2021-03-17 08:51:55]cl_getDriver.py(127): click_Success->//*[@id="base_box"]/div/div[3]/form/button
[2021-03-17 08:51:55]cl_getDriver.py(72): Open NewTab->https://kabuoji3.com/stock/4917/2018/
[2021-03-17 08:51:56]cl_getDriver.py(127): click_Success->//*[@id="base_box"]/div/div[3]/form/button
[2021-03-17 08:51:58]cl_getDriver.py(127): click_Success->//*[@id="base_box"]/div/div[3]/form/button
[2021-03-17 08:51:59]cl_getDriver.py(72): Open NewTab->https://kabuoji3.com/stock/4917/2017/
[2021-03-17 08:52:00]cl_getDriver.py(127): click_Success->//*[@id="base_box"]/div/div[3]/form/button
[2021-03-17 08:52:00]cl_getDriver.py(64): getURL=https://kabuoji3.com/stock/4918/
[2021-03-17 08:52:01]cl_getDriver.py(72): Open NewTab->https://kabuoji3.com/stock/4918/
[2021-03-17 08:52:01]cl_getDriver.py(130): Not Found->//*[@id="base_box"]/div/div[3]/form/button
[2021-03-17 08:52:02]cl_getDriver.py(127): click_Success->//*[@id="base_box"]/div/div[3]/form/button
[2021-03-17 08:52:02]cl_getDriver.py(72): Open NewTab->https://kabuoji3.com/stock/4917/2016/
[2021-03-17 08:52:03]cl_getDriver.py(127): click_Success->//*[@id="base_box"]/div/div[3]/form/button
[2021-03-17 08:52:03]cl_getDriver.py(130): Not Found->//*[@id="base_box"]/div/div[3]/form/button
[2021-03-17 08:52:04]cl_getDriver.py(72): Open NewTab->https://kabuoji3.com/stock/4918/2021/
[2021-03-17 08:52:04]cl_getDriver.py(127): click_Success->//*[@id="base_box"]/div/div[3]/form/button
[2021-03-17 08:52:05]cl_getDriver.py(127): click_Success->//*[@id="base_box"]/div/div[3]/form/button
[2021-03-17 08:52:06]cl_getDriver.py(72): Open NewTab->https://kabuoji3.com/stock/4917/2015/
[2021-03-17 08:52:07]cl_getDriver.py(127): click_Success->//*[@id="base_box"]/div/div[3]/form/button
[2021-03-17 08:52:07]cl_getDriver.py(127): click_Success->//*[@id="base_box"]/div/div[3]/form/button
[2021-03-17 08:52:07]cl_getDriver.py(72): Open NewTab->https://kabuoji3.com/stock/4918/2020/
[2021-03-17 08:52:08]cl_getDriver.py(127): click_Success->//*[@id="base_box"]/div/div[3]/form/button
[2021-03-17 08:52:09]cl_getDriver.py(127): click_Success->//*[@id="base_box"]/div/div[3]/form/button
[2021-03-17 08:52:09]cl_getDriver.py(72): Open NewTab->https://kabuoji3.com/stock/4917/2014/
[2021-03-17 08:52:10]cl_getDriver.py(127): click_Success->//*[@id="base_box"]/div/div[3]/form/button
[2021-03-17 08:52:10]cl_getDriver.py(127): click_Success->//*[@id="base_box"]/div/div[3]/form/button
[2021-03-17 08:52:11]cl_getDriver.py(72): Open NewTab->https://kabuoji3.com/stock/4918/2019/
[2021-03-17 08:52:12]cl_getDriver.py(127): click_Success->//*[@id="base_box"]/div/div[3]/form/button
[2021-03-17 08:52:12]cl_getDriver.py(127): click_Success->//*[@id="base_box"]/div/div[3]/form/button
[2021-03-17 08:52:13]cl_getDriver.py(72): Open NewTab->https://kabuoji3.com/stock/4917/2013/
[2021-03-17 08:52:14]cl_getDriver.py(127): click_Success->//*[@id="base_box"]/div/div[3]/form/button
[2021-03-17 08:52:14]cl_getDriver.py(127): click_Success->//*[@id="base_box"]/div/div[3]/form/button
[2021-03-17 08:52:14]cl_getDriver.py(72): Open NewTab->https://kabuoji3.com/stock/4918/2018/
[2021-03-17 08:52:16]cl_getDriver.py(127): click_Success->//*[@id="base_box"]/div/div[3]/form/button
[2021-03-17 08:52:16]cl_getDriver.py(127): click_Success->//*[@id="base_box"]/div/div[3]/form/button
[2021-03-17 08:52:16]cl_getDriver.py(72): Open NewTab->https://kabuoji3.com/stock/4917/2012/
[2021-03-17 08:52:17]cl_getDriver.py(127): click_Success->//*[@id="base_box"]/div/div[3]/form/button
[2021-03-17 08:52:18]cl_getDriver.py(127): click_Success->//*[@id="base_box"]/div/div[3]/form/button
[2021-03-17 08:52:19]cl_getDriver.py(72): Open NewTab->https://kabuoji3.com/stock/4918/2017/
[2021-03-17 08:52:20]cl_getDriver.py(127): click_Success->//*[@id="base_box"]/div/div[3]/form/button
[2021-03-17 08:52:20]cl_getDriver.py(127): click_Success->//*[@id="base_box"]/div/div[3]/form/button
[2021-03-17 08:52:20]cl_getDriver.py(72): Open NewTab->https://kabuoji3.com/stock/4917/2011/
[2021-03-17 08:52:21]cl_getDriver.py(127): click_Success->//*[@id="base_box"]/div/div[3]/form/button
[2021-03-17 08:52:22]cl_getDriver.py(127): click_Success->//*[@id="base_box"]/div/div[3]/form/button
[2021-03-17 08:52:22]cl_getDriver.py(72): Open NewTab->https://kabuoji3.com/stock/4918/2016/
[2021-03-17 08:52:23]cl_getDriver.py(127): click_Success->//*[@id="base_box"]/div/div[3]/form/button
[2021-03-17 08:52:24]cl_getDriver.py(127): click_Success->//*[@id="base_box"]/div/div[3]/form/button
[2021-03-17 08:52:24]cl_getDriver.py(72): Open NewTab->https://kabuoji3.com/stock/4917/2010/
[2021-03-17 08:52:25]cl_getDriver.py(127): click_Success->//*[@id="base_box"]/div/div[3]/form/button
[2021-03-17 08:52:26]cl_getDriver.py(127): click_Success->//*[@id="base_box"]/div/div[3]/form/button
[2021-03-17 08:52:26]cl_getDriver.py(72): Open NewTab->https://kabuoji3.com/stock/4918/2015/
[2021-03-17 08:52:27]cl_getDriver.py(127): click_Success->//*[@id="base_box"]/div/div[3]/form/button
[2021-03-17 08:52:28]cl_getDriver.py(127): click_Success->//*[@id="base_box"]/div/div[3]/form/button
[2021-03-17 08:52:28]cl_getDriver.py(72): Open NewTab->https://kabuoji3.com/stock/4917/2009/
[2021-03-17 08:52:29]cl_getDriver.py(127): click_Success->//*[@id="base_box"]/div/div[3]/form/button
[2021-03-17 08:52:30]cl_getDriver.py(127): click_Success->//*[@id="base_box"]/div/div[3]/form/button
[2021-03-17 08:52:30]cl_getDriver.py(72): Open NewTab->https://kabuoji3.com/stock/4918/2014/
[2021-03-17 08:52:31]cl_getDriver.py(127): click_Success->//*[@id="base_box"]/div/div[3]/form/button
[2021-03-17 08:52:31]cl_getDriver.py(127): click_Success->//*[@id="base_box"]/div/div[3]/form/button
[2021-03-17 08:52:31]cl_getDriver.py(72): Open NewTab->https://kabuoji3.com/stock/4917/2008/
[2021-03-17 08:52:32]cl_getDriver.py(127): click_Success->//*[@id="base_box"]/div/div[3]/form/button
[2021-03-17 08:52:33]cl_getDriver.py(127): click_Success->//*[@id="base_box"]/div/div[3]/form/button
[2021-03-17 08:52:34]cl_getDriver.py(72): Open NewTab->https://kabuoji3.com/stock/4918/2013/
[2021-03-17 08:52:34]cl_getDriver.py(127): click_Success->//*[@id="base_box"]/div/div[3]/form/button
[2021-03-17 08:52:35]cl_getDriver.py(127): click_Success->//*[@id="base_box"]/div/div[3]/form/button
[2021-03-17 08:52:35]cl_getDriver.py(72): Open NewTab->https://kabuoji3.com/stock/4917/2007/
[2021-03-17 08:52:36]cl_getDriver.py(127): click_Success->//*[@id="base_box"]/div/div[3]/form/button
[2021-03-17 08:52:37]cl_getDriver.py(127): click_Success->//*[@id="base_box"]/div/div[3]/form/button
[2021-03-17 08:52:37]cl_getDriver.py(72): Open NewTab->https://kabuoji3.com/stock/4918/2012/
[2021-03-17 08:52:38]cl_getDriver.py(127): click_Success->//*[@id="base_box"]/div/div[3]/form/button
[2021-03-17 08:52:38]cl_getDriver.py(127): click_Success->//*[@id="base_box"]/div/div[3]/form/button
[2021-03-17 08:52:39]cl_getDriver.py(72): Open NewTab->https://kabuoji3.com/stock/4917/2006/
[2021-03-17 08:52:40]cl_getDriver.py(127): click_Success->//*[@id="base_box"]/div/div[3]/form/button
[2021-03-17 08:52:41]cl_getDriver.py(127): click_Success->//*[@id="base_box"]/div/div[3]/form/button
[2021-03-17 08:52:41]cl_getDriver.py(72): Open NewTab->https://kabuoji3.com/stock/4918/2011/
[2021-03-17 08:52:42]cl_getDriver.py(127): click_Success->//*[@id="base_box"]/div/div[3]/form/button
[2021-03-17 08:52:42]cl_getDriver.py(127): click_Success->//*[@id="base_box"]/div/div[3]/form/button
[2021-03-17 08:52:43]cl_getDriver.py(72): Open NewTab->https://kabuoji3.com/stock/4917/2005/
[2021-03-17 08:52:44]cl_getDriver.py(127): click_Success->//*[@id="base_box"]/div/div[3]/form/button
[2021-03-17 08:52:44]cl_getDriver.py(127): click_Success->//*[@id="base_box"]/div/div[3]/form/button
[2021-03-17 08:52:45]cl_getDriver.py(72): Open NewTab->https://kabuoji3.com/stock/4918/2010/
[2021-03-17 08:52:46]cl_getDriver.py(127): click_Success->//*[@id="base_box"]/div/div[3]/form/button
[2021-03-17 08:52:46]cl_getDriver.py(127): click_Success->//*[@id="base_box"]/div/div[3]/form/button
[2021-03-17 08:52:47]cl_getDriver.py(72): Open NewTab->https://kabuoji3.com/stock/4917/2004/
[2021-03-17 08:52:48]cl_getDriver.py(127): click_Success->//*[@id="base_box"]/div/div[3]/form/button
[2021-03-17 08:52:48]cl_getDriver.py(127): click_Success->//*[@id="base_box"]/div/div[3]/form/button
[2021-03-17 08:52:48]cl_getDriver.py(72): Open NewTab->https://kabuoji3.com/stock/4918/2009/
[2021-03-17 08:52:49]cl_getDriver.py(127): click_Success->//*[@id="base_box"]/div/div[3]/form/button
[2021-03-17 08:52:50]cl_getDriver.py(127): click_Success->//*[@id="base_box"]/div/div[3]/form/button
[2021-03-17 08:52:50]cl_getDriver.py(72): Open NewTab->https://kabuoji3.com/stock/4917/2003/
[2021-03-17 08:52:51]cl_getDriver.py(127): click_Success->//*[@id="base_box"]/div/div[3]/form/button
[2021-03-17 08:52:52]cl_getDriver.py(127): click_Success->//*[@id="base_box"]/div/div[3]/form/button
[2021-03-17 08:52:52]cl_getDriver.py(72): Open NewTab->https://kabuoji3.com/stock/4918/2008/
[2021-03-17 08:52:53]cl_getDriver.py(127): click_Success->//*[@id="base_box"]/div/div[3]/form/button
[2021-03-17 08:52:54]cl_getDriver.py(127): click_Success->//*[@id="base_box"]/div/div[3]/form/button
[2021-03-17 08:52:54]cl_getDriver.py(72): Open NewTab->https://kabuoji3.com/stock/4917/2002/
[2021-03-17 08:52:55]cl_getDriver.py(127): click_Success->//*[@id="base_box"]/div/div[3]/form/button
[2021-03-17 08:52:55]cl_getDriver.py(127): click_Success->//*[@id="base_box"]/div/div[3]/form/button
[2021-03-17 08:52:56]cl_getDriver.py(72): Open NewTab->https://kabuoji3.com/stock/4918/2007/
[2021-03-17 08:52:57]cl_getDriver.py(127): click_Success->//*[@id="base_box"]/div/div[3]/form/button
[2021-03-17 08:52:57]cl_getDriver.py(127): click_Success->//*[@id="base_box"]/div/div[3]/form/button
[2021-03-17 08:52:59]cl_getDriver.py(127): click_Success->//*[@id="base_box"]/div/div[3]/form/button
[2021-03-17 08:52:59]cl_getDriver.py(72): Open NewTab->https://kabuoji3.com/stock/4918/2006/
[2021-03-17 08:53:00]cl_getDriver.py(127): click_Success->//*[@id="base_box"]/div/div[3]/form/button
[2021-03-17 08:53:01]main.py(42): finished Process->https://kabuoji3.com/stock/4917/
[2021-03-17 08:53:01]main.py(15): start_Process->https://kabuoji3.com/stock/4919/
[2021-03-17 08:53:02]cl_getDriver.py(127): click_Success->//*[@id="base_box"]/div/div[3]/form/button
[2021-03-17 08:53:03]cl_getDriver.py(72): Open NewTab->https://kabuoji3.com/stock/4918/2005/
[2021-03-17 08:53:04]cl_getDriver.py(127): click_Success->//*[@id="base_box"]/div/div[3]/form/button
[2021-03-17 08:53:06]cl_getDriver.py(127): click_Success->//*[@id="base_box"]/div/div[3]/form/button
[2021-03-17 08:53:07]cl_getDriver.py(72): Open NewTab->https://kabuoji3.com/stock/4918/2004/
[2021-03-17 08:53:08]cl_getDriver.py(127): click_Success->//*[@id="base_box"]/div/div[3]/form/button
[2021-03-17 08:53:08]cl_getDriver.py(64): getURL=https://kabuoji3.com/stock/4919/
[2021-03-17 08:53:08]cl_getDriver.py(72): Open NewTab->https://kabuoji3.com/stock/4919/
[2021-03-17 08:53:09]cl_getDriver.py(130): Not Found->//*[@id="base_box"]/div/div[3]/form/button
[2021-03-17 08:53:10]cl_getDriver.py(127): click_Success->//*[@id="base_box"]/div/div[3]/form/button
[2021-03-17 08:53:10]cl_getDriver.py(72): Open NewTab->https://kabuoji3.com/stock/4918/2003/
[2021-03-17 08:53:11]cl_getDriver.py(130): Not Found->//*[@id="base_box"]/div/div[3]/form/button
[2021-03-17 08:53:12]cl_getDriver.py(127): click_Success->//*[@id="base_box"]/div/div[3]/form/button
[2021-03-17 08:53:12]cl_getDriver.py(72): Open NewTab->https://kabuoji3.com/stock/4919/2021/
[2021-03-17 08:53:13]cl_getDriver.py(127): click_Success->//*[@id="base_box"]/div/div[3]/form/button
[2021-03-17 08:53:14]cl_getDriver.py(127): click_Success->//*[@id="base_box"]/div/div[3]/form/button
[2021-03-17 08:53:14]cl_getDriver.py(72): Open NewTab->https://kabuoji3.com/stock/4918/2002/
[2021-03-17 08:53:15]cl_getDriver.py(127): click_Success->//*[@id="base_box"]/div/div[3]/form/button
[2021-03-17 08:53:15]cl_getDriver.py(72): Open NewTab->https://kabuoji3.com/stock/4919/2020/
[2021-03-17 08:53:15]cl_getDriver.py(127): click_Success->//*[@id="base_box"]/div/div[3]/form/button
[2021-03-17 08:53:16]cl_getDriver.py(127): click_Success->//*[@id="base_box"]/div/div[3]/form/button
[2021-03-17 08:53:18]cl_getDriver.py(127): click_Success->//*[@id="base_box"]/div/div[3]/form/button
[2021-03-17 08:53:18]cl_getDriver.py(72): Open NewTab->https://kabuoji3.com/stock/4918/2001/
[2021-03-17 08:53:19]cl_getDriver.py(127): click_Success->//*[@id="base_box"]/div/div[3]/form/button
[2021-03-17 08:53:19]cl_getDriver.py(127): click_Success->//*[@id="base_box"]/div/div[3]/form/button
[2021-03-17 08:53:19]cl_getDriver.py(72): Open NewTab->https://kabuoji3.com/stock/4919/2019/
[2021-03-17 08:53:20]cl_getDriver.py(127): click_Success->//*[@id="base_box"]/div/div[3]/form/button
[2021-03-17 08:53:21]cl_getDriver.py(127): click_Success->//*[@id="base_box"]/div/div[3]/form/button
[2021-03-17 08:53:21]cl_getDriver.py(72): Open NewTab->https://kabuoji3.com/stock/4918/2000/
[2021-03-17 08:53:22]cl_getDriver.py(127): click_Success->//*[@id="base_box"]/div/div[3]/form/button
[2021-03-17 08:53:22]cl_getDriver.py(127): click_Success->//*[@id="base_box"]/div/div[3]/form/button
[2021-03-17 08:53:23]cl_getDriver.py(72): Open NewTab->https://kabuoji3.com/stock/4919/2018/
[2021-03-17 08:53:24]cl_getDriver.py(127): click_Success->//*[@id="base_box"]/div/div[3]/form/button
[2021-03-17 08:53:25]cl_getDriver.py(127): click_Success->//*[@id="base_box"]/div/div[3]/form/button
[2021-03-17 08:53:25]cl_getDriver.py(72): Open NewTab->https://kabuoji3.com/stock/4918/1999/
[2021-03-17 08:53:26]cl_getDriver.py(127): click_Success->//*[@id="base_box"]/div/div[3]/form/button
[2021-03-17 08:53:26]cl_getDriver.py(127): click_Success->//*[@id="base_box"]/div/div[3]/form/button
[2021-03-17 08:53:26]cl_getDriver.py(72): Open NewTab->https://kabuoji3.com/stock/4919/2017/
[2021-03-17 08:53:27]cl_getDriver.py(127): click_Success->//*[@id="base_box"]/div/div[3]/form/button
[2021-03-17 08:53:28]cl_getDriver.py(127): click_Success->//*[@id="base_box"]/div/div[3]/form/button
[2021-03-17 08:53:28]cl_getDriver.py(72): Open NewTab->https://kabuoji3.com/stock/4918/1998/
[2021-03-17 08:53:29]cl_getDriver.py(127): click_Success->//*[@id="base_box"]/div/div[3]/form/button
[2021-03-17 08:53:30]cl_getDriver.py(127): click_Success->//*[@id="base_box"]/div/div[3]/form/button
[2021-03-17 08:53:30]cl_getDriver.py(72): Open NewTab->https://kabuoji3.com/stock/4919/2016/
[2021-03-17 08:53:31]cl_getDriver.py(127): click_Success->//*[@id="base_box"]/div/div[3]/form/button
[2021-03-17 08:53:32]cl_getDriver.py(127): click_Success->//*[@id="base_box"]/div/div[3]/form/button
[2021-03-17 08:53:32]cl_getDriver.py(72): Open NewTab->https://kabuoji3.com/stock/4918/1997/
[2021-03-17 08:53:33]cl_getDriver.py(127): click_Success->//*[@id="base_box"]/div/div[3]/form/button
[2021-03-17 08:53:33]cl_getDriver.py(127): click_Success->//*[@id="base_box"]/div/div[3]/form/button
[2021-03-17 08:53:34]cl_getDriver.py(72): Open NewTab->https://kabuoji3.com/stock/4919/2015/
[2021-03-17 08:53:35]cl_getDriver.py(127): click_Success->//*[@id="base_box"]/div/div[3]/form/button
[2021-03-17 08:53:35]cl_getDriver.py(127): click_Success->//*[@id="base_box"]/div/div[3]/form/button
[2021-03-17 08:53:36]cl_getDriver.py(72): Open NewTab->https://kabuoji3.com/stock/4918/1996/
[2021-03-17 08:53:36]cl_getDriver.py(127): click_Success->//*[@id="base_box"]/div/div[3]/form/button
[2021-03-17 08:53:37]cl_getDriver.py(127): click_Success->//*[@id="base_box"]/div/div[3]/form/button
[2021-03-17 08:53:37]cl_getDriver.py(72): Open NewTab->https://kabuoji3.com/stock/4919/2014/
[2021-03-17 08:53:38]cl_getDriver.py(127): click_Success->//*[@id="base_box"]/div/div[3]/form/button
[2021-03-17 08:53:39]cl_getDriver.py(127): click_Success->//*[@id="base_box"]/div/div[3]/form/button
[2021-03-17 08:53:41]cl_getDriver.py(127): click_Success->//*[@id="base_box"]/div/div[3]/form/button
[2021-03-17 08:53:41]cl_getDriver.py(72): Open NewTab->https://kabuoji3.com/stock/4919/2013/
[2021-03-17 08:53:42]cl_getDriver.py(127): click_Success->//*[@id="base_box"]/div/div[3]/form/button
[2021-03-17 08:53:43]main.py(42): finished Process->https://kabuoji3.com/stock/4918/
[2021-03-17 08:53:43]main.py(15): start_Process->https://kabuoji3.com/stock/4920/
[2021-03-17 08:53:44]cl_getDriver.py(127): click_Success->//*[@id="base_box"]/div/div[3]/form/button
[2021-03-17 08:53:44]cl_getDriver.py(72): Open NewTab->https://kabuoji3.com/stock/4919/2012/
[2021-03-17 08:53:46]cl_getDriver.py(127): click_Success->//*[@id="base_box"]/div/div[3]/form/button
[2021-03-17 08:53:48]cl_getDriver.py(127): click_Success->//*[@id="base_box"]/div/div[3]/form/button
[2021-03-17 08:53:49]cl_getDriver.py(72): Open NewTab->https://kabuoji3.com/stock/4919/2011/
[2021-03-17 08:53:50]cl_getDriver.py(64): getURL=https://kabuoji3.com/stock/4920/
[2021-03-17 08:53:50]cl_getDriver.py(127): click_Success->//*[@id="base_box"]/div/div[3]/form/button
[2021-03-17 08:53:51]cl_getDriver.py(72): Open NewTab->https://kabuoji3.com/stock/4920/
[2021-03-17 08:53:51]cl_getDriver.py(130): Not Found->//*[@id="base_box"]/div/div[3]/form/button
[2021-03-17 08:53:52]cl_getDriver.py(127): click_Success->//*[@id="base_box"]/div/div[3]/form/button
[2021-03-17 08:53:52]cl_getDriver.py(72): Open NewTab->https://kabuoji3.com/stock/4919/2010/
[2021-03-17 08:53:53]cl_getDriver.py(130): Not Found->//*[@id="base_box"]/div/div[3]/form/button
[2021-03-17 08:53:54]cl_getDriver.py(72): Open NewTab->https://kabuoji3.com/stock/4920/2021/
[2021-03-17 08:53:54]cl_getDriver.py(127): click_Success->//*[@id="base_box"]/div/div[3]/form/button
[2021-03-17 08:53:54]cl_getDriver.py(127): click_Success->//*[@id="base_box"]/div/div[3]/form/button
[2021-03-17 08:53:56]cl_getDriver.py(127): click_Success->//*[@id="base_box"]/div/div[3]/form/button
[2021-03-17 08:53:56]cl_getDriver.py(72): Open NewTab->https://kabuoji3.com/stock/4919/2009/
[2021-03-17 08:53:57]cl_getDriver.py(127): click_Success->//*[@id="base_box"]/div/div[3]/form/button
[2021-03-17 08:53:57]cl_getDriver.py(72): Open NewTab->https://kabuoji3.com/stock/4920/2020/
[2021-03-17 08:53:57]cl_getDriver.py(127): click_Success->//*[@id="base_box"]/div/div[3]/form/button
[2021-03-17 08:53:58]cl_getDriver.py(127): click_Success->//*[@id="base_box"]/div/div[3]/form/button
[2021-03-17 08:54:00]cl_getDriver.py(127): click_Success->//*[@id="base_box"]/div/div[3]/form/button
[2021-03-17 08:54:00]cl_getDriver.py(72): Open NewTab->https://kabuoji3.com/stock/4919/2008/
[2021-03-17 08:54:01]cl_getDriver.py(127): click_Success->//*[@id="base_box"]/div/div[3]/form/button
[2021-03-17 08:54:01]cl_getDriver.py(72): Open NewTab->https://kabuoji3.com/stock/4920/2019/
[2021-03-17 08:54:02]cl_getDriver.py(127): click_Success->//*[@id="base_box"]/div/div[3]/form/button
[2021-03-17 08:54:02]cl_getDriver.py(127): click_Success->//*[@id="base_box"]/div/div[3]/form/button
[2021-03-17 08:54:04]cl_getDriver.py(127): click_Success->//*[@id="base_box"]/div/div[3]/form/button
[2021-03-17 08:54:04]cl_getDriver.py(72): Open NewTab->https://kabuoji3.com/stock/4919/2007/
[2021-03-17 08:54:05]cl_getDriver.py(127): click_Success->//*[@id="base_box"]/div/div[3]/form/button
[2021-03-17 08:54:05]cl_getDriver.py(72): Open NewTab->https://kabuoji3.com/stock/4920/2018/
[2021-03-17 08:54:06]cl_getDriver.py(127): click_Success->//*[@id="base_box"]/div/div[3]/form/button
[2021-03-17 08:54:06]cl_getDriver.py(127): click_Success->//*[@id="base_box"]/div/div[3]/form/button
[2021-03-17 08:54:08]cl_getDriver.py(127): click_Success->//*[@id="base_box"]/div/div[3]/form/button
[2021-03-17 08:54:09]cl_getDriver.py(127): click_Success->//*[@id="base_box"]/div/div[3]/form/button
[2021-03-17 08:54:09]cl_getDriver.py(72): Open NewTab->https://kabuoji3.com/stock/4919/2006/
[2021-03-17 08:54:09]cl_getDriver.py(72): Open NewTab->https://kabuoji3.com/stock/4920/2017/
[2021-03-17 08:54:10]cl_getDriver.py(127): click_Success->//*[@id="base_box"]/div/div[3]/form/button
[2021-03-17 08:54:11]cl_getDriver.py(127): click_Success->//*[@id="base_box"]/div/div[3]/form/button
[2021-03-17 08:54:13]cl_getDriver.py(127): click_Success->//*[@id="base_box"]/div/div[3]/form/button
[2021-03-17 08:54:13]cl_getDriver.py(127): click_Success->//*[@id="base_box"]/div/div[3]/form/button
[2021-03-17 08:54:13]cl_getDriver.py(72): Open NewTab->https://kabuoji3.com/stock/4919/2005/
[2021-03-17 08:54:13]cl_getDriver.py(72): Open NewTab->https://kabuoji3.com/stock/4920/2016/
[2021-03-17 08:54:15]cl_getDriver.py(127): click_Success->//*[@id="base_box"]/div/div[3]/form/button
[2021-03-17 08:54:15]cl_getDriver.py(127): click_Success->//*[@id="base_box"]/div/div[3]/form/button
[2021-03-17 08:54:17]cl_getDriver.py(127): click_Success->//*[@id="base_box"]/div/div[3]/form/button
[2021-03-17 08:54:17]cl_getDriver.py(127): click_Success->//*[@id="base_box"]/div/div[3]/form/button
[2021-03-17 08:54:18]cl_getDriver.py(72): Open NewTab->https://kabuoji3.com/stock/4919/2004/
[2021-03-17 08:54:18]cl_getDriver.py(72): Open NewTab->https://kabuoji3.com/stock/4920/2015/
[2021-03-17 08:54:19]cl_getDriver.py(127): click_Success->//*[@id="base_box"]/div/div[3]/form/button
[2021-03-17 08:54:19]cl_getDriver.py(127): click_Success->//*[@id="base_box"]/div/div[3]/form/button
[2021-03-17 08:54:21]cl_getDriver.py(127): click_Success->//*[@id="base_box"]/div/div[3]/form/button
[2021-03-17 08:54:22]cl_getDriver.py(127): click_Success->//*[@id="base_box"]/div/div[3]/form/button
[2021-03-17 08:54:22]cl_getDriver.py(72): Open NewTab->https://kabuoji3.com/stock/4920/2014/
[2021-03-17 08:54:22]cl_getDriver.py(72): Open NewTab->https://kabuoji3.com/stock/4919/2003/
[2021-03-17 08:54:23]cl_getDriver.py(127): click_Success->//*[@id="base_box"]/div/div[3]/form/button
[2021-03-17 08:54:23]cl_getDriver.py(127): click_Success->//*[@id="base_box"]/div/div[3]/form/button
[2021-03-17 08:54:26]cl_getDriver.py(127): click_Success->//*[@id="base_box"]/div/div[3]/form/button
[2021-03-17 08:54:26]cl_getDriver.py(127): click_Success->//*[@id="base_box"]/div/div[3]/form/button
[2021-03-17 08:54:26]cl_getDriver.py(72): Open NewTab->https://kabuoji3.com/stock/4920/2013/
[2021-03-17 08:54:26]cl_getDriver.py(72): Open NewTab->https://kabuoji3.com/stock/4919/2002/
[2021-03-17 08:54:27]cl_getDriver.py(127): click_Success->//*[@id="base_box"]/div/div[3]/form/button
[2021-03-17 08:54:28]cl_getDriver.py(127): click_Success->//*[@id="base_box"]/div/div[3]/form/button
[2021-03-17 08:54:30]cl_getDriver.py(127): click_Success->//*[@id="base_box"]/div/div[3]/form/button
[2021-03-17 08:54:30]cl_getDriver.py(127): click_Success->//*[@id="base_box"]/div/div[3]/form/button
[2021-03-17 08:54:30]cl_getDriver.py(72): Open NewTab->https://kabuoji3.com/stock/4920/2012/
[2021-03-17 08:54:31]cl_getDriver.py(72): Open NewTab->https://kabuoji3.com/stock/4919/2001/
[2021-03-17 08:54:33]cl_getDriver.py(127): click_Success->//*[@id="base_box"]/div/div[3]/form/button
[2021-03-17 08:54:33]cl_getDriver.py(127): click_Success->//*[@id="base_box"]/div/div[3]/form/button
[2021-03-17 08:54:35]cl_getDriver.py(127): click_Success->//*[@id="base_box"]/div/div[3]/form/button
[2021-03-17 08:54:35]cl_getDriver.py(127): click_Success->//*[@id="base_box"]/div/div[3]/form/button
[2021-03-17 08:54:35]cl_getDriver.py(72): Open NewTab->https://kabuoji3.com/stock/4920/2011/
[2021-03-17 08:54:36]cl_getDriver.py(72): Open NewTab->https://kabuoji3.com/stock/4919/2000/
[2021-03-17 08:54:37]cl_getDriver.py(127): click_Success->//*[@id="base_box"]/div/div[3]/form/button
[2021-03-17 08:54:37]cl_getDriver.py(127): click_Success->//*[@id="base_box"]/div/div[3]/form/button
[2021-03-17 08:54:39]cl_getDriver.py(127): click_Success->//*[@id="base_box"]/div/div[3]/form/button
[2021-03-17 08:54:39]cl_getDriver.py(127): click_Success->//*[@id="base_box"]/div/div[3]/form/button
[2021-03-17 08:54:40]cl_getDriver.py(72): Open NewTab->https://kabuoji3.com/stock/4920/2010/
[2021-03-17 08:54:41]cl_getDriver.py(127): click_Success->//*[@id="base_box"]/div/div[3]/form/button
[2021-03-17 08:54:43]cl_getDriver.py(127): click_Success->//*[@id="base_box"]/div/div[3]/form/button
[2021-03-17 08:54:43]cl_getDriver.py(72): Open NewTab->https://kabuoji3.com/stock/4920/2009/
[2021-03-17 08:54:44]main.py(42): finished Process->https://kabuoji3.com/stock/4919/
[2021-03-17 08:54:44]main.py(15): start_Process->https://kabuoji3.com/stock/4921/
[2021-03-17 08:54:44]cl_getDriver.py(127): click_Success->//*[@id="base_box"]/div/div[3]/form/button
[2021-03-17 08:54:47]cl_getDriver.py(127): click_Success->//*[@id="base_box"]/div/div[3]/form/button
[2021-03-17 08:54:47]cl_getDriver.py(72): Open NewTab->https://kabuoji3.com/stock/4920/2008/
[2021-03-17 08:54:48]cl_getDriver.py(127): click_Success->//*[@id="base_box"]/div/div[3]/form/button
[2021-03-17 08:54:49]cl_getDriver.py(64): getURL=https://kabuoji3.com/stock/4921/
[2021-03-17 08:54:49]cl_getDriver.py(72): Open NewTab->https://kabuoji3.com/stock/4921/
[2021-03-17 08:54:49]cl_getDriver.py(130): Not Found->//*[@id="base_box"]/div/div[3]/form/button
[2021-03-17 08:54:50]cl_getDriver.py(127): click_Success->//*[@id="base_box"]/div/div[3]/form/button
[2021-03-17 08:54:50]cl_getDriver.py(72): Open NewTab->https://kabuoji3.com/stock/4920/2007/
[2021-03-17 08:54:51]cl_getDriver.py(130): Not Found->//*[@id="base_box"]/div/div[3]/form/button
[2021-03-17 08:54:52]cl_getDriver.py(127): click_Success->//*[@id="base_box"]/div/div[3]/form/button
[2021-03-17 08:54:52]cl_getDriver.py(72): Open NewTab->https://kabuoji3.com/stock/4921/2021/
[2021-03-17 08:54:53]cl_getDriver.py(127): click_Success->//*[@id="base_box"]/div/div[3]/form/button
[2021-03-17 08:54:54]cl_getDriver.py(127): click_Success->//*[@id="base_box"]/div/div[3]/form/button
[2021-03-17 08:54:54]cl_getDriver.py(72): Open NewTab->https://kabuoji3.com/stock/4920/2006/
[2021-03-17 08:54:55]cl_getDriver.py(127): click_Success->//*[@id="base_box"]/div/div[3]/form/button
[2021-03-17 08:54:55]cl_getDriver.py(127): click_Success->//*[@id="base_box"]/div/div[3]/form/button
[2021-03-17 08:54:55]cl_getDriver.py(72): Open NewTab->https://kabuoji3.com/stock/4921/2020/
[2021-03-17 08:54:57]cl_getDriver.py(127): click_Success->//*[@id="base_box"]/div/div[3]/form/button
[2021-03-17 08:54:58]cl_getDriver.py(127): click_Success->//*[@id="base_box"]/div/div[3]/form/button
[2021-03-17 08:54:58]cl_getDriver.py(72): Open NewTab->https://kabuoji3.com/stock/4920/2005/
[2021-03-17 08:54:59]cl_getDriver.py(127): click_Success->//*[@id="base_box"]/div/div[3]/form/button
[2021-03-17 08:55:01]cl_getDriver.py(127): click_Success->//*[@id="base_box"]/div/div[3]/form/button
[2021-03-17 08:55:01]cl_getDriver.py(72): Open NewTab->https://kabuoji3.com/stock/4921/2019/
[2021-03-17 08:55:02]cl_getDriver.py(127): click_Success->//*[@id="base_box"]/div/div[3]/form/button
[2021-03-17 08:55:02]cl_getDriver.py(72): Open NewTab->https://kabuoji3.com/stock/4920/2004/
[2021-03-17 08:55:03]cl_getDriver.py(127): click_Success->//*[@id="base_box"]/div/div[3]/form/button
[2021-03-17 08:55:04]cl_getDriver.py(127): click_Success->//*[@id="base_box"]/div/div[3]/form/button
[2021-03-17 08:55:05]cl_getDriver.py(127): click_Success->//*[@id="base_box"]/div/div[3]/form/button
[2021-03-17 08:55:05]cl_getDriver.py(72): Open NewTab->https://kabuoji3.com/stock/4921/2018/
[2021-03-17 08:55:06]cl_getDriver.py(127): click_Success->//*[@id="base_box"]/div/div[3]/form/button
[2021-03-17 08:55:06]cl_getDriver.py(72): Open NewTab->https://kabuoji3.com/stock/4920/2003/
[2021-03-17 08:55:06]cl_getDriver.py(127): click_Success->//*[@id="base_box"]/div/div[3]/form/button
[2021-03-17 08:55:07]cl_getDriver.py(127): click_Success->//*[@id="base_box"]/div/div[3]/form/button
[2021-03-17 08:55:09]cl_getDriver.py(127): click_Success->//*[@id="base_box"]/div/div[3]/form/button
[2021-03-17 08:55:09]cl_getDriver.py(72): Open NewTab->https://kabuoji3.com/stock/4921/2017/
[2021-03-17 08:55:10]cl_getDriver.py(127): click_Success->//*[@id="base_box"]/div/div[3]/form/button
[2021-03-17 08:55:10]cl_getDriver.py(72): Open NewTab->https://kabuoji3.com/stock/4920/2002/
[2021-03-17 08:55:10]cl_getDriver.py(127): click_Success->//*[@id="base_box"]/div/div[3]/form/button
[2021-03-17 08:55:11]cl_getDriver.py(127): click_Success->//*[@id="base_box"]/div/div[3]/form/button
[2021-03-17 08:55:13]cl_getDriver.py(127): click_Success->//*[@id="base_box"]/div/div[3]/form/button
[2021-03-17 08:55:13]cl_getDriver.py(72): Open NewTab->https://kabuoji3.com/stock/4921/2016/
[2021-03-17 08:55:13]cl_getDriver.py(127): click_Success->//*[@id="base_box"]/div/div[3]/form/button
[2021-03-17 08:55:14]cl_getDriver.py(72): Open NewTab->https://kabuoji3.com/stock/4920/2001/
[2021-03-17 08:55:15]cl_getDriver.py(127): click_Success->//*[@id="base_box"]/div/div[3]/form/button
[2021-03-17 08:55:15]cl_getDriver.py(127): click_Success->//*[@id="base_box"]/div/div[3]/form/button
[2021-03-17 08:55:17]cl_getDriver.py(127): click_Success->//*[@id="base_box"]/div/div[3]/form/button
[2021-03-17 08:55:17]cl_getDriver.py(72): Open NewTab->https://kabuoji3.com/stock/4921/2015/
[2021-03-17 08:55:17]cl_getDriver.py(127): click_Success->//*[@id="base_box"]/div/div[3]/form/button
[2021-03-17 08:55:18]cl_getDriver.py(72): Open NewTab->https://kabuoji3.com/stock/4920/2000/
[2021-03-17 08:55:19]cl_getDriver.py(127): click_Success->//*[@id="base_box"]/div/div[3]/form/button
[2021-03-17 08:55:19]cl_getDriver.py(127): click_Success->//*[@id="base_box"]/div/div[3]/form/button
[2021-03-17 08:55:21]cl_getDriver.py(127): click_Success->//*[@id="base_box"]/div/div[3]/form/button
[2021-03-17 08:55:21]cl_getDriver.py(127): click_Success->//*[@id="base_box"]/div/div[3]/form/button
[2021-03-17 08:55:22]cl_getDriver.py(72): Open NewTab->https://kabuoji3.com/stock/4921/2014/
[2021-03-17 08:55:22]cl_getDriver.py(72): Open NewTab->https://kabuoji3.com/stock/4920/1999/
[2021-03-17 08:55:23]cl_getDriver.py(127): click_Success->//*[@id="base_box"]/div/div[3]/form/button
[2021-03-17 08:55:24]cl_getDriver.py(127): click_Success->//*[@id="base_box"]/div/div[3]/form/button
[2021-03-17 08:55:26]cl_getDriver.py(127): click_Success->//*[@id="base_box"]/div/div[3]/form/button
[2021-03-17 08:55:26]cl_getDriver.py(127): click_Success->//*[@id="base_box"]/div/div[3]/form/button
[2021-03-17 08:55:26]cl_getDriver.py(72): Open NewTab->https://kabuoji3.com/stock/4920/1998/
[2021-03-17 08:55:26]cl_getDriver.py(72): Open NewTab->https://kabuoji3.com/stock/4921/2013/
[2021-03-17 08:55:27]cl_getDriver.py(127): click_Success->//*[@id="base_box"]/div/div[3]/form/button
[2021-03-17 08:55:28]cl_getDriver.py(127): click_Success->//*[@id="base_box"]/div/div[3]/form/button
[2021-03-17 08:55:30]cl_getDriver.py(127): click_Success->//*[@id="base_box"]/div/div[3]/form/button
[2021-03-17 08:55:30]cl_getDriver.py(72): Open NewTab->https://kabuoji3.com/stock/4920/1997/
[2021-03-17 08:55:30]cl_getDriver.py(127): click_Success->//*[@id="base_box"]/div/div[3]/form/button
[2021-03-17 08:55:31]cl_getDriver.py(72): Open NewTab->https://kabuoji3.com/stock/4921/2012/
[2021-03-17 08:55:32]cl_getDriver.py(127): click_Success->//*[@id="base_box"]/div/div[3]/form/button
[2021-03-17 08:55:33]cl_getDriver.py(127): click_Success->//*[@id="base_box"]/div/div[3]/form/button
[2021-03-17 08:55:34]cl_getDriver.py(127): click_Success->//*[@id="base_box"]/div/div[3]/form/button
[2021-03-17 08:55:34]cl_getDriver.py(72): Open NewTab->https://kabuoji3.com/stock/4920/1996/
[2021-03-17 08:55:35]cl_getDriver.py(127): click_Success->//*[@id="base_box"]/div/div[3]/form/button
[2021-03-17 08:55:36]cl_getDriver.py(72): Open NewTab->https://kabuoji3.com/stock/4921/2011/
[2021-03-17 08:55:36]cl_getDriver.py(127): click_Success->//*[@id="base_box"]/div/div[3]/form/button
[2021-03-17 08:55:37]cl_getDriver.py(127): click_Success->//*[@id="base_box"]/div/div[3]/form/button
[2021-03-17 08:55:38]cl_getDriver.py(127): click_Success->//*[@id="base_box"]/div/div[3]/form/button
[2021-03-17 08:55:39]cl_getDriver.py(127): click_Success->//*[@id="base_box"]/div/div[3]/form/button
[2021-03-17 08:55:39]cl_getDriver.py(72): Open NewTab->https://kabuoji3.com/stock/4921/2010/
[2021-03-17 08:55:40]cl_getDriver.py(127): click_Success->//*[@id="base_box"]/div/div[3]/form/button
[2021-03-17 08:55:42]main.py(42): finished Process->https://kabuoji3.com/stock/4920/
[2021-03-17 08:55:42]main.py(15): start_Process->https://kabuoji3.com/stock/4922/
[2021-03-17 08:55:43]cl_getDriver.py(127): click_Success->//*[@id="base_box"]/div/div[3]/form/button
[2021-03-17 08:55:43]cl_getDriver.py(72): Open NewTab->https://kabuoji3.com/stock/4921/2009/
[2021-03-17 08:55:44]cl_getDriver.py(127): click_Success->//*[@id="base_box"]/div/div[3]/form/button
[2021-03-17 08:55:46]cl_getDriver.py(127): click_Success->//*[@id="base_box"]/div/div[3]/form/button
[2021-03-17 08:55:47]cl_getDriver.py(72): Open NewTab->https://kabuoji3.com/stock/4921/2008/
[2021-03-17 08:55:48]cl_getDriver.py(64): getURL=https://kabuoji3.com/stock/4922/
[2021-03-17 08:55:48]cl_getDriver.py(127): click_Success->//*[@id="base_box"]/div/div[3]/form/button
[2021-03-17 08:55:49]cl_getDriver.py(72): Open NewTab->https://kabuoji3.com/stock/4922/
[2021-03-17 08:55:49]cl_getDriver.py(130): Not Found->//*[@id="base_box"]/div/div[3]/form/button
[2021-03-17 08:55:50]cl_getDriver.py(127): click_Success->//*[@id="base_box"]/div/div[3]/form/button
[2021-03-17 08:55:51]cl_getDriver.py(72): Open NewTab->https://kabuoji3.com/stock/4921/2007/
[2021-03-17 08:55:51]cl_getDriver.py(130): Not Found->//*[@id="base_box"]/div/div[3]/form/button
[2021-03-17 08:55:52]cl_getDriver.py(72): Open NewTab->https://kabuoji3.com/stock/4922/2021/
[2021-03-17 08:55:52]cl_getDriver.py(127): click_Success->//*[@id="base_box"]/div/div[3]/form/button
[2021-03-17 08:55:53]cl_getDriver.py(127): click_Success->//*[@id="base_box"]/div/div[3]/form/button
[2021-03-17 08:55:54]cl_getDriver.py(127): click_Success->//*[@id="base_box"]/div/div[3]/form/button
[2021-03-17 08:55:55]cl_getDriver.py(72): Open NewTab->https://kabuoji3.com/stock/4921/2006/
[2021-03-17 08:55:55]cl_getDriver.py(127): click_Success->//*[@id="base_box"]/div/div[3]/form/button
[2021-03-17 08:55:55]cl_getDriver.py(72): Open NewTab->https://kabuoji3.com/stock/4922/2020/
[2021-03-17 08:55:56]cl_getDriver.py(127): click_Success->//*[@id="base_box"]/div/div[3]/form/button
[2021-03-17 08:55:57]cl_getDriver.py(127): click_Success->//*[@id="base_box"]/div/div[3]/form/button
[2021-03-17 08:55:58]cl_getDriver.py(127): click_Success->//*[@id="base_box"]/div/div[3]/form/button
[2021-03-17 08:55:59]cl_getDriver.py(72): Open NewTab->https://kabuoji3.com/stock/4921/2005/
[2021-03-17 08:55:59]cl_getDriver.py(127): click_Success->//*[@id="base_box"]/div/div[3]/form/button
[2021-03-17 08:55:59]cl_getDriver.py(72): Open NewTab->https://kabuoji3.com/stock/4922/2019/
[2021-03-17 08:56:00]cl_getDriver.py(127): click_Success->//*[@id="base_box"]/div/div[3]/form/button
[2021-03-17 08:56:01]cl_getDriver.py(127): click_Success->//*[@id="base_box"]/div/div[3]/form/button
[2021-03-17 08:56:03]cl_getDriver.py(127): click_Success->//*[@id="base_box"]/div/div[3]/form/button
[2021-03-17 08:56:03]cl_getDriver.py(72): Open NewTab->https://kabuoji3.com/stock/4921/2004/
[2021-03-17 08:56:03]cl_getDriver.py(127): click_Success->//*[@id="base_box"]/div/div[3]/form/button
[2021-03-17 08:56:04]cl_getDriver.py(72): Open NewTab->https://kabuoji3.com/stock/4922/2018/
[2021-03-17 08:56:04]cl_getDriver.py(127): click_Success->//*[@id="base_box"]/div/div[3]/form/button
[2021-03-17 08:56:05]cl_getDriver.py(127): click_Success->//*[@id="base_box"]/div/div[3]/form/button
[2021-03-17 08:56:07]cl_getDriver.py(127): click_Success->//*[@id="base_box"]/div/div[3]/form/button
[2021-03-17 08:56:07]cl_getDriver.py(72): Open NewTab->https://kabuoji3.com/stock/4921/2003/
[2021-03-17 08:56:07]cl_getDriver.py(127): click_Success->//*[@id="base_box"]/div/div[3]/form/button
[2021-03-17 08:56:08]cl_getDriver.py(72): Open NewTab->https://kabuoji3.com/stock/4922/2017/
[2021-03-17 08:56:08]cl_getDriver.py(127): click_Success->//*[@id="base_box"]/div/div[3]/form/button
[2021-03-17 08:56:09]cl_getDriver.py(127): click_Success->//*[@id="base_box"]/div/div[3]/form/button
[2021-03-17 08:56:11]cl_getDriver.py(127): click_Success->//*[@id="base_box"]/div/div[3]/form/button
[2021-03-17 08:56:11]cl_getDriver.py(72): Open NewTab->https://kabuoji3.com/stock/4921/2002/
[2021-03-17 08:56:11]cl_getDriver.py(127): click_Success->//*[@id="base_box"]/div/div[3]/form/button
[2021-03-17 08:56:12]cl_getDriver.py(72): Open NewTab->https://kabuoji3.com/stock/4922/2016/
[2021-03-17 08:56:13]cl_getDriver.py(127): click_Success->//*[@id="base_box"]/div/div[3]/form/button
[2021-03-17 08:56:13]cl_getDriver.py(127): click_Success->//*[@id="base_box"]/div/div[3]/form/button
[2021-03-17 08:56:15]cl_getDriver.py(127): click_Success->//*[@id="base_box"]/div/div[3]/form/button
[2021-03-17 08:56:15]cl_getDriver.py(72): Open NewTab->https://kabuoji3.com/stock/4921/2001/
[2021-03-17 08:56:15]cl_getDriver.py(127): click_Success->//*[@id="base_box"]/div/div[3]/form/button
[2021-03-17 08:56:16]cl_getDriver.py(72): Open NewTab->https://kabuoji3.com/stock/4922/2015/
[2021-03-17 08:56:17]cl_getDriver.py(127): click_Success->//*[@id="base_box"]/div/div[3]/form/button
[2021-03-17 08:56:17]cl_getDriver.py(127): click_Success->//*[@id="base_box"]/div/div[3]/form/button
[2021-03-17 08:56:19]cl_getDriver.py(127): click_Success->//*[@id="base_box"]/div/div[3]/form/button
[2021-03-17 08:56:19]cl_getDriver.py(72): Open NewTab->https://kabuoji3.com/stock/4921/2000/
[2021-03-17 08:56:19]cl_getDriver.py(127): click_Success->//*[@id="base_box"]/div/div[3]/form/button
[2021-03-17 08:56:20]cl_getDriver.py(72): Open NewTab->https://kabuoji3.com/stock/4922/2014/
[2021-03-17 08:56:21]cl_getDriver.py(127): click_Success->//*[@id="base_box"]/div/div[3]/form/button
[2021-03-17 08:56:21]cl_getDriver.py(127): click_Success->//*[@id="base_box"]/div/div[3]/form/button
[2021-03-17 08:56:23]cl_getDriver.py(127): click_Success->//*[@id="base_box"]/div/div[3]/form/button
[2021-03-17 08:56:23]cl_getDriver.py(72): Open NewTab->https://kabuoji3.com/stock/4921/1999/
[2021-03-17 08:56:24]cl_getDriver.py(127): click_Success->//*[@id="base_box"]/div/div[3]/form/button
[2021-03-17 08:56:24]cl_getDriver.py(72): Open NewTab->https://kabuoji3.com/stock/4922/2013/
[2021-03-17 08:56:25]cl_getDriver.py(127): click_Success->//*[@id="base_box"]/div/div[3]/form/button
[2021-03-17 08:56:25]cl_getDriver.py(127): click_Success->//*[@id="base_box"]/div/div[3]/form/button
[2021-03-17 08:56:27]cl_getDriver.py(127): click_Success->//*[@id="base_box"]/div/div[3]/form/button
[2021-03-17 08:56:28]cl_getDriver.py(127): click_Success->//*[@id="base_box"]/div/div[3]/form/button
[2021-03-17 08:56:28]cl_getDriver.py(72): Open NewTab->https://kabuoji3.com/stock/4922/2012/
[2021-03-17 08:56:29]cl_getDriver.py(127): click_Success->//*[@id="base_box"]/div/div[3]/form/button
[2021-03-17 08:56:31]main.py(42): finished Process->https://kabuoji3.com/stock/4921/
[2021-03-17 08:56:31]main.py(15): start_Process->https://kabuoji3.com/stock/4923/
[2021-03-17 08:56:31]cl_getDriver.py(127): click_Success->//*[@id="base_box"]/div/div[3]/form/button
[2021-03-17 08:56:32]cl_getDriver.py(72): Open NewTab->https://kabuoji3.com/stock/4922/2011/
[2021-03-17 08:56:33]cl_getDriver.py(127): click_Success->//*[@id="base_box"]/div/div[3]/form/button
[2021-03-17 08:56:35]cl_getDriver.py(127): click_Success->//*[@id="base_box"]/div/div[3]/form/button
[2021-03-17 08:56:35]cl_getDriver.py(72): Open NewTab->https://kabuoji3.com/stock/4922/2010/
[2021-03-17 08:56:37]cl_getDriver.py(127): click_Success->//*[@id="base_box"]/div/div[3]/form/button
[2021-03-17 08:56:38]cl_getDriver.py(64): getURL=https://kabuoji3.com/stock/4923/
[2021-03-17 08:56:38]cl_getDriver.py(72): Open NewTab->https://kabuoji3.com/stock/4923/
[2021-03-17 08:56:39]cl_getDriver.py(130): Not Found->//*[@id="base_box"]/div/div[3]/form/button
[2021-03-17 08:56:39]cl_getDriver.py(127): click_Success->//*[@id="base_box"]/div/div[3]/form/button
[2021-03-17 08:56:39]cl_getDriver.py(72): Open NewTab->https://kabuoji3.com/stock/4922/2009/
[2021-03-17 08:56:40]cl_getDriver.py(127): click_Success->//*[@id="base_box"]/div/div[3]/form/button
[2021-03-17 08:56:41]cl_getDriver.py(130): Not Found->//*[@id="base_box"]/div/div[3]/form/button
[2021-03-17 08:56:41]cl_getDriver.py(72): Open NewTab->https://kabuoji3.com/stock/4923/2021/
[2021-03-17 08:56:42]cl_getDriver.py(127): click_Success->//*[@id="base_box"]/div/div[3]/form/button
[2021-03-17 08:56:43]cl_getDriver.py(127): click_Success->//*[@id="base_box"]/div/div[3]/form/button
[2021-03-17 08:56:43]cl_getDriver.py(72): Open NewTab->https://kabuoji3.com/stock/4922/2008/
[2021-03-17 08:56:44]cl_getDriver.py(127): click_Success->//*[@id="base_box"]/div/div[3]/form/button
[2021-03-17 08:56:45]cl_getDriver.py(127): click_Success->//*[@id="base_box"]/div/div[3]/form/button
[2021-03-17 08:56:45]cl_getDriver.py(72): Open NewTab->https://kabuoji3.com/stock/4923/2020/
[2021-03-17 08:56:46]cl_getDriver.py(127): click_Success->//*[@id="base_box"]/div/div[3]/form/button
[2021-03-17 08:56:46]cl_getDriver.py(127): click_Success->//*[@id="base_box"]/div/div[3]/form/button
[2021-03-17 08:56:47]cl_getDriver.py(72): Open NewTab->https://kabuoji3.com/stock/4922/2007/
[2021-03-17 08:56:48]cl_getDriver.py(127): click_Success->//*[@id="base_box"]/div/div[3]/form/button
[2021-03-17 08:56:48]cl_getDriver.py(127): click_Success->//*[@id="base_box"]/div/div[3]/form/button
[2021-03-17 08:56:49]cl_getDriver.py(72): Open NewTab->https://kabuoji3.com/stock/4923/2019/
[2021-03-17 08:56:50]cl_getDriver.py(127): click_Success->//*[@id="base_box"]/div/div[3]/form/button
[2021-03-17 08:56:50]cl_getDriver.py(127): click_Success->//*[@id="base_box"]/div/div[3]/form/button
[2021-03-17 08:56:51]cl_getDriver.py(72): Open NewTab->https://kabuoji3.com/stock/4922/2006/
[2021-03-17 08:56:52]cl_getDriver.py(127): click_Success->//*[@id="base_box"]/div/div[3]/form/button
[2021-03-17 08:56:52]cl_getDriver.py(127): click_Success->//*[@id="base_box"]/div/div[3]/form/button
[2021-03-17 08:56:53]cl_getDriver.py(72): Open NewTab->https://kabuoji3.com/stock/4923/2018/
[2021-03-17 08:56:53]cl_getDriver.py(127): click_Success->//*[@id="base_box"]/div/div[3]/form/button
[2021-03-17 08:56:54]cl_getDriver.py(127): click_Success->//*[@id="base_box"]/div/div[3]/form/button
[2021-03-17 08:56:54]cl_getDriver.py(72): Open NewTab->https://kabuoji3.com/stock/4922/2005/
[2021-03-17 08:56:55]cl_getDriver.py(127): click_Success->//*[@id="base_box"]/div/div[3]/form/button
[2021-03-17 08:56:56]cl_getDriver.py(127): click_Success->//*[@id="base_box"]/div/div[3]/form/button
[2021-03-17 08:56:56]cl_getDriver.py(72): Open NewTab->https://kabuoji3.com/stock/4923/2017/
[2021-03-17 08:56:57]cl_getDriver.py(127): click_Success->//*[@id="base_box"]/div/div[3]/form/button
[2021-03-17 08:56:58]cl_getDriver.py(127): click_Success->//*[@id="base_box"]/div/div[3]/form/button
[2021-03-17 08:56:58]cl_getDriver.py(72): Open NewTab->https://kabuoji3.com/stock/4922/2004/
[2021-03-17 08:56:59]cl_getDriver.py(127): click_Success->//*[@id="base_box"]/div/div[3]/form/button
[2021-03-17 08:57:00]cl_getDriver.py(127): click_Success->//*[@id="base_box"]/div/div[3]/form/button
[2021-03-17 08:57:00]cl_getDriver.py(72): Open NewTab->https://kabuoji3.com/stock/4923/2016/
[2021-03-17 08:57:01]cl_getDriver.py(127): click_Success->//*[@id="base_box"]/div/div[3]/form/button
[2021-03-17 08:57:01]cl_getDriver.py(127): click_Success->//*[@id="base_box"]/div/div[3]/form/button
[2021-03-17 08:57:02]cl_getDriver.py(72): Open NewTab->https://kabuoji3.com/stock/4922/2003/
[2021-03-17 08:57:03]cl_getDriver.py(127): click_Success->//*[@id="base_box"]/div/div[3]/form/button
[2021-03-17 08:57:04]cl_getDriver.py(127): click_Success->//*[@id="base_box"]/div/div[3]/form/button
[2021-03-17 08:57:04]cl_getDriver.py(72): Open NewTab->https://kabuoji3.com/stock/4923/2015/
[2021-03-17 08:57:05]cl_getDriver.py(127): click_Success->//*[@id="base_box"]/div/div[3]/form/button
[2021-03-17 08:57:05]cl_getDriver.py(127): click_Success->//*[@id="base_box"]/div/div[3]/form/button
[2021-03-17 08:57:05]cl_getDriver.py(72): Open NewTab->https://kabuoji3.com/stock/4922/2002/
[2021-03-17 08:57:06]cl_getDriver.py(127): click_Success->//*[@id="base_box"]/div/div[3]/form/button
[2021-03-17 08:57:07]cl_getDriver.py(127): click_Success->//*[@id="base_box"]/div/div[3]/form/button
[2021-03-17 08:57:07]cl_getDriver.py(72): Open NewTab->https://kabuoji3.com/stock/4923/2014/
[2021-03-17 08:57:09]cl_getDriver.py(127): click_Success->//*[@id="base_box"]/div/div[3]/form/button
[2021-03-17 08:57:09]cl_getDriver.py(127): click_Success->//*[@id="base_box"]/div/div[3]/form/button
[2021-03-17 08:57:09]cl_getDriver.py(72): Open NewTab->https://kabuoji3.com/stock/4922/2001/
[2021-03-17 08:57:10]cl_getDriver.py(127): click_Success->//*[@id="base_box"]/div/div[3]/form/button
[2021-03-17 08:57:12]cl_getDriver.py(127): click_Success->//*[@id="base_box"]/div/div[3]/form/button
[2021-03-17 08:57:12]cl_getDriver.py(72): Open NewTab->https://kabuoji3.com/stock/4923/2013/
[2021-03-17 08:57:13]cl_getDriver.py(127): click_Success->//*[@id="base_box"]/div/div[3]/form/button
[2021-03-17 08:57:13]cl_getDriver.py(72): Open NewTab->https://kabuoji3.com/stock/4922/2000/
[2021-03-17 08:57:13]cl_getDriver.py(127): click_Success->//*[@id="base_box"]/div/div[3]/form/button
[2021-03-17 08:57:14]cl_getDriver.py(127): click_Success->//*[@id="base_box"]/div/div[3]/form/button
[2021-03-17 08:57:15]cl_getDriver.py(127): click_Success->//*[@id="base_box"]/div/div[3]/form/button
[2021-03-17 08:57:16]cl_getDriver.py(72): Open NewTab->https://kabuoji3.com/stock/4923/2012/
[2021-03-17 08:57:16]cl_getDriver.py(127): click_Success->//*[@id="base_box"]/div/div[3]/form/button
[2021-03-17 08:57:17]cl_getDriver.py(127): click_Success->//*[@id="base_box"]/div/div[3]/form/button
[2021-03-17 08:57:20]cl_getDriver.py(127): click_Success->//*[@id="base_box"]/div/div[3]/form/button
[2021-03-17 08:57:20]cl_getDriver.py(72): Open NewTab->https://kabuoji3.com/stock/4923/2011/
[2021-03-17 08:57:21]main.py(42): finished Process->https://kabuoji3.com/stock/4922/
[2021-03-17 08:57:21]main.py(15): start_Process->https://kabuoji3.com/stock/4925/
[2021-03-17 08:57:21]cl_getDriver.py(127): click_Success->//*[@id="base_box"]/div/div[3]/form/button
[2021-03-17 08:57:23]cl_getDriver.py(127): click_Success->//*[@id="base_box"]/div/div[3]/form/button
[2021-03-17 08:57:23]cl_getDriver.py(72): Open NewTab->https://kabuoji3.com/stock/4923/2010/
[2021-03-17 08:57:25]cl_getDriver.py(127): click_Success->//*[@id="base_box"]/div/div[3]/form/button
[2021-03-17 08:57:27]cl_getDriver.py(127): click_Success->//*[@id="base_box"]/div/div[3]/form/button
[2021-03-17 08:57:27]cl_getDriver.py(64): getURL=https://kabuoji3.com/stock/4925/
[2021-03-17 08:57:27]cl_getDriver.py(72): Open NewTab->https://kabuoji3.com/stock/4923/2009/
[2021-03-17 08:57:28]cl_getDriver.py(72): Open NewTab->https://kabuoji3.com/stock/4925/
[2021-03-17 08:57:29]cl_getDriver.py(130): Not Found->//*[@id="base_box"]/div/div[3]/form/button
[2021-03-17 08:57:29]cl_getDriver.py(127): click_Success->//*[@id="base_box"]/div/div[3]/form/button
[2021-03-17 08:57:31]cl_getDriver.py(130): Not Found->//*[@id="base_box"]/div/div[3]/form/button
[2021-03-17 08:57:31]cl_getDriver.py(72): Open NewTab->https://kabuoji3.com/stock/4925/2021/
[2021-03-17 08:57:31]cl_getDriver.py(127): click_Success->//*[@id="base_box"]/div/div[3]/form/button
[2021-03-17 08:57:31]cl_getDriver.py(72): Open NewTab->https://kabuoji3.com/stock/4923/2008/
[2021-03-17 08:57:32]cl_getDriver.py(127): click_Success->//*[@id="base_box"]/div/div[3]/form/button
[2021-03-17 08:57:33]cl_getDriver.py(127): click_Success->//*[@id="base_box"]/div/div[3]/form/button
[2021-03-17 08:57:34]cl_getDriver.py(127): click_Success->//*[@id="base_box"]/div/div[3]/form/button
[2021-03-17 08:57:34]cl_getDriver.py(72): Open NewTab->https://kabuoji3.com/stock/4925/2020/
[2021-03-17 08:57:35]cl_getDriver.py(127): click_Success->//*[@id="base_box"]/div/div[3]/form/button
[2021-03-17 08:57:35]cl_getDriver.py(72): Open NewTab->https://kabuoji3.com/stock/4923/2007/
[2021-03-17 08:57:36]cl_getDriver.py(127): click_Success->//*[@id="base_box"]/div/div[3]/form/button
[2021-03-17 08:57:36]cl_getDriver.py(127): click_Success->//*[@id="base_box"]/div/div[3]/form/button
[2021-03-17 08:57:38]cl_getDriver.py(127): click_Success->//*[@id="base_box"]/div/div[3]/form/button
[2021-03-17 08:57:39]cl_getDriver.py(127): click_Success->//*[@id="base_box"]/div/div[3]/form/button
[2021-03-17 08:57:39]cl_getDriver.py(72): Open NewTab->https://kabuoji3.com/stock/4925/2019/
[2021-03-17 08:57:39]cl_getDriver.py(72): Open NewTab->https://kabuoji3.com/stock/4923/2006/
[2021-03-17 08:57:40]cl_getDriver.py(127): click_Success->//*[@id="base_box"]/div/div[3]/form/button
[2021-03-17 08:57:41]cl_getDriver.py(127): click_Success->//*[@id="base_box"]/div/div[3]/form/button
[2021-03-17 08:57:43]cl_getDriver.py(127): click_Success->//*[@id="base_box"]/div/div[3]/form/button
[2021-03-17 08:57:43]cl_getDriver.py(72): Open NewTab->https://kabuoji3.com/stock/4925/2018/
[2021-03-17 08:57:43]cl_getDriver.py(127): click_Success->//*[@id="base_box"]/div/div[3]/form/button
[2021-03-17 08:57:44]cl_getDriver.py(72): Open NewTab->https://kabuoji3.com/stock/4923/2005/
[2021-03-17 08:57:44]cl_getDriver.py(127): click_Success->//*[@id="base_box"]/div/div[3]/form/button
[2021-03-17 08:57:45]cl_getDriver.py(127): click_Success->//*[@id="base_box"]/div/div[3]/form/button
[2021-03-17 08:57:47]cl_getDriver.py(127): click_Success->//*[@id="base_box"]/div/div[3]/form/button
[2021-03-17 08:57:47]cl_getDriver.py(72): Open NewTab->https://kabuoji3.com/stock/4925/2017/
[2021-03-17 08:57:47]cl_getDriver.py(127): click_Success->//*[@id="base_box"]/div/div[3]/form/button
[2021-03-17 08:57:48]cl_getDriver.py(72): Open NewTab->https://kabuoji3.com/stock/4923/2004/
[2021-03-17 08:57:48]cl_getDriver.py(127): click_Success->//*[@id="base_box"]/div/div[3]/form/button
[2021-03-17 08:57:49]cl_getDriver.py(127): click_Success->//*[@id="base_box"]/div/div[3]/form/button
[2021-03-17 08:57:51]cl_getDriver.py(127): click_Success->//*[@id="base_box"]/div/div[3]/form/button
[2021-03-17 08:57:51]cl_getDriver.py(72): Open NewTab->https://kabuoji3.com/stock/4925/2016/
[2021-03-17 08:57:51]cl_getDriver.py(127): click_Success->//*[@id="base_box"]/div/div[3]/form/button
[2021-03-17 08:57:52]cl_getDriver.py(72): Open NewTab->https://kabuoji3.com/stock/4923/2003/
[2021-03-17 08:57:53]cl_getDriver.py(127): click_Success->//*[@id="base_box"]/div/div[3]/form/button
[2021-03-17 08:57:53]cl_getDriver.py(127): click_Success->//*[@id="base_box"]/div/div[3]/form/button
[2021-03-17 08:57:55]cl_getDriver.py(127): click_Success->//*[@id="base_box"]/div/div[3]/form/button
[2021-03-17 08:57:55]cl_getDriver.py(72): Open NewTab->https://kabuoji3.com/stock/4925/2015/
[2021-03-17 08:57:55]cl_getDriver.py(127): click_Success->//*[@id="base_box"]/div/div[3]/form/button
[2021-03-17 08:57:56]cl_getDriver.py(72): Open NewTab->https://kabuoji3.com/stock/4923/2002/
[2021-03-17 08:57:57]cl_getDriver.py(127): click_Success->//*[@id="base_box"]/div/div[3]/form/button
[2021-03-17 08:57:57]cl_getDriver.py(127): click_Success->//*[@id="base_box"]/div/div[3]/form/button
[2021-03-17 08:57:59]cl_getDriver.py(127): click_Success->//*[@id="base_box"]/div/div[3]/form/button
[2021-03-17 08:58:00]cl_getDriver.py(72): Open NewTab->https://kabuoji3.com/stock/4925/2014/
[2021-03-17 08:58:00]cl_getDriver.py(127): click_Success->//*[@id="base_box"]/div/div[3]/form/button
[2021-03-17 08:58:01]cl_getDriver.py(127): click_Success->//*[@id="base_box"]/div/div[3]/form/button
[2021-03-17 08:58:03]cl_getDriver.py(127): click_Success->//*[@id="base_box"]/div/div[3]/form/button
[2021-03-17 08:58:04]cl_getDriver.py(72): Open NewTab->https://kabuoji3.com/stock/4925/2013/
[2021-03-17 08:58:04]main.py(42): finished Process->https://kabuoji3.com/stock/4923/
[2021-03-17 08:58:04]main.py(15): start_Process->https://kabuoji3.com/stock/4926/
[2021-03-17 08:58:05]cl_getDriver.py(127): click_Success->//*[@id="base_box"]/div/div[3]/form/button
[2021-03-17 08:58:07]cl_getDriver.py(127): click_Success->//*[@id="base_box"]/div/div[3]/form/button
[2021-03-17 08:58:07]cl_getDriver.py(72): Open NewTab->https://kabuoji3.com/stock/4925/2012/
[2021-03-17 08:58:09]cl_getDriver.py(127): click_Success->//*[@id="base_box"]/div/div[3]/form/button
[2021-03-17 08:58:10]cl_getDriver.py(64): getURL=https://kabuoji3.com/stock/4926/
[2021-03-17 08:58:10]cl_getDriver.py(72): Open NewTab->https://kabuoji3.com/stock/4926/
[2021-03-17 08:58:10]cl_getDriver.py(130): Not Found->//*[@id="base_box"]/div/div[3]/form/button
[2021-03-17 08:58:11]cl_getDriver.py(127): click_Success->//*[@id="base_box"]/div/div[3]/form/button
[2021-03-17 08:58:11]cl_getDriver.py(72): Open NewTab->https://kabuoji3.com/stock/4925/2011/
[2021-03-17 08:58:12]cl_getDriver.py(127): click_Success->//*[@id="base_box"]/div/div[3]/form/button
[2021-03-17 08:58:12]cl_getDriver.py(130): Not Found->//*[@id="base_box"]/div/div[3]/form/button
[2021-03-17 08:58:13]cl_getDriver.py(72): Open NewTab->https://kabuoji3.com/stock/4926/2021/
[2021-03-17 08:58:14]cl_getDriver.py(127): click_Success->//*[@id="base_box"]/div/div[3]/form/button
[2021-03-17 08:58:15]cl_getDriver.py(127): click_Success->//*[@id="base_box"]/div/div[3]/form/button
[2021-03-17 08:58:15]cl_getDriver.py(72): Open NewTab->https://kabuoji3.com/stock/4925/2010/
[2021-03-17 08:58:16]cl_getDriver.py(127): click_Success->//*[@id="base_box"]/div/div[3]/form/button
[2021-03-17 08:58:17]cl_getDriver.py(72): Open NewTab->https://kabuoji3.com/stock/4926/2020/
[2021-03-17 08:58:17]cl_getDriver.py(127): click_Success->//*[@id="base_box"]/div/div[3]/form/button
[2021-03-17 08:58:18]cl_getDriver.py(127): click_Success->//*[@id="base_box"]/div/div[3]/form/button
[2021-03-17 08:58:19]cl_getDriver.py(127): click_Success->//*[@id="base_box"]/div/div[3]/form/button
[2021-03-17 08:58:19]cl_getDriver.py(72): Open NewTab->https://kabuoji3.com/stock/4925/2009/
[2021-03-17 08:58:20]cl_getDriver.py(127): click_Success->//*[@id="base_box"]/div/div[3]/form/button
[2021-03-17 08:58:20]cl_getDriver.py(72): Open NewTab->https://kabuoji3.com/stock/4926/2019/
[2021-03-17 08:58:21]cl_getDriver.py(127): click_Success->//*[@id="base_box"]/div/div[3]/form/button
[2021-03-17 08:58:22]cl_getDriver.py(127): click_Success->//*[@id="base_box"]/div/div[3]/form/button
[2021-03-17 08:58:23]cl_getDriver.py(127): click_Success->//*[@id="base_box"]/div/div[3]/form/button
[2021-03-17 08:58:23]cl_getDriver.py(72): Open NewTab->https://kabuoji3.com/stock/4925/2008/
[2021-03-17 08:58:24]cl_getDriver.py(127): click_Success->//*[@id="base_box"]/div/div[3]/form/button
[2021-03-17 08:58:25]cl_getDriver.py(72): Open NewTab->https://kabuoji3.com/stock/4926/2018/
[2021-03-17 08:58:25]cl_getDriver.py(127): click_Success->//*[@id="base_box"]/div/div[3]/form/button
[2021-03-17 08:58:26]cl_getDriver.py(127): click_Success->//*[@id="base_box"]/div/div[3]/form/button
[2021-03-17 08:58:27]cl_getDriver.py(127): click_Success->//*[@id="base_box"]/div/div[3]/form/button
[2021-03-17 08:58:27]cl_getDriver.py(72): Open NewTab->https://kabuoji3.com/stock/4925/2007/
[2021-03-17 08:58:28]cl_getDriver.py(127): click_Success->//*[@id="base_box"]/div/div[3]/form/button
[2021-03-17 08:58:28]cl_getDriver.py(72): Open NewTab->https://kabuoji3.com/stock/4926/2017/
[2021-03-17 08:58:29]cl_getDriver.py(127): click_Success->//*[@id="base_box"]/div/div[3]/form/button
[2021-03-17 08:58:30]cl_getDriver.py(127): click_Success->//*[@id="base_box"]/div/div[3]/form/button
[2021-03-17 08:58:32]cl_getDriver.py(127): click_Success->//*[@id="base_box"]/div/div[3]/form/button
[2021-03-17 08:58:32]cl_getDriver.py(72): Open NewTab->https://kabuoji3.com/stock/4925/2006/
[2021-03-17 08:58:32]cl_getDriver.py(127): click_Success->//*[@id="base_box"]/div/div[3]/form/button
[2021-03-17 08:58:32]cl_getDriver.py(72): Open NewTab->https://kabuoji3.com/stock/4926/2016/
[2021-03-17 08:58:34]cl_getDriver.py(127): click_Success->//*[@id="base_box"]/div/div[3]/form/button
[2021-03-17 08:58:36]cl_getDriver.py(127): click_Success->//*[@id="base_box"]/div/div[3]/form/button
[2021-03-17 08:58:36]cl_getDriver.py(72): Open NewTab->https://kabuoji3.com/stock/4926/2015/
[2021-03-17 08:58:37]cl_getDriver.py(127): click_Success->//*[@id="base_box"]/div/div[3]/form/button
[2021-03-17 08:58:38]cl_getDriver.py(127): click_Success->//*[@id="base_box"]/div/div[3]/form/button
[2021-03-17 08:58:39]cl_getDriver.py(127): click_Success->//*[@id="base_box"]/div/div[3]/form/button
[2021-03-17 08:58:40]cl_getDriver.py(72): Open NewTab->https://kabuoji3.com/stock/4926/2014/
[2021-03-17 08:58:41]cl_getDriver.py(127): click_Success->//*[@id="base_box"]/div/div[3]/form/button
[2021-03-17 08:58:41]cl_getDriver.py(127): click_Success->//*[@id="base_box"]/div/div[3]/form/button
[2021-03-17 08:58:41]cl_getDriver.py(72): Open NewTab->https://kabuoji3.com/stock/4925/2005/
[2021-03-17 08:58:42]cl_getDriver.py(127): click_Success->//*[@id="base_box"]/div/div[3]/form/button
[2021-03-17 08:58:44]cl_getDriver.py(127): click_Success->//*[@id="base_box"]/div/div[3]/form/button
[2021-03-17 08:58:44]cl_getDriver.py(72): Open NewTab->https://kabuoji3.com/stock/4926/2013/
[2021-03-17 08:58:44]cl_getDriver.py(127): click_Success->//*[@id="base_box"]/div/div[3]/form/button
[2021-03-17 08:58:45]cl_getDriver.py(72): Open NewTab->https://kabuoji3.com/stock/4925/2004/
[2021-03-17 08:58:45]cl_getDriver.py(127): click_Success->//*[@id="base_box"]/div/div[3]/form/button
[2021-03-17 08:58:46]cl_getDriver.py(127): click_Success->//*[@id="base_box"]/div/div[3]/form/button
[2021-03-17 08:58:48]cl_getDriver.py(127): click_Success->//*[@id="base_box"]/div/div[3]/form/button
[2021-03-17 08:58:48]cl_getDriver.py(72): Open NewTab->https://kabuoji3.com/stock/4926/2012/
[2021-03-17 08:58:48]cl_getDriver.py(127): click_Success->//*[@id="base_box"]/div/div[3]/form/button
[2021-03-17 08:58:49]cl_getDriver.py(72): Open NewTab->https://kabuoji3.com/stock/4925/2003/
[2021-03-17 08:58:50]cl_getDriver.py(127): click_Success->//*[@id="base_box"]/div/div[3]/form/button
[2021-03-17 08:58:50]cl_getDriver.py(127): click_Success->//*[@id="base_box"]/div/div[3]/form/button
[2021-03-17 08:58:52]cl_getDriver.py(127): click_Success->//*[@id="base_box"]/div/div[3]/form/button
[2021-03-17 08:58:53]cl_getDriver.py(127): click_Success->//*[@id="base_box"]/div/div[3]/form/button
[2021-03-17 08:58:57]main.py(42): finished Process->https://kabuoji3.com/stock/4925/
[2021-03-17 08:58:57]main.py(15): start_Process->https://kabuoji3.com/stock/4927/
[2021-03-17 08:58:57]main.py(42): finished Process->https://kabuoji3.com/stock/4926/
[2021-03-17 08:58:57]main.py(15): start_Process->https://kabuoji3.com/stock/4928/
[2021-03-17 08:59:04]cl_getDriver.py(64): getURL=https://kabuoji3.com/stock/4928/
[2021-03-17 08:59:04]cl_getDriver.py(64): getURL=https://kabuoji3.com/stock/4927/
[2021-03-17 08:59:04]cl_getDriver.py(72): Open NewTab->https://kabuoji3.com/stock/4928/
[2021-03-17 08:59:05]cl_getDriver.py(72): Open NewTab->https://kabuoji3.com/stock/4927/
[2021-03-17 08:59:06]cl_getDriver.py(130): Not Found->//*[@id="base_box"]/div/div[3]/form/button
[2021-03-17 08:59:06]cl_getDriver.py(130): Not Found->//*[@id="base_box"]/div/div[3]/form/button
[2021-03-17 08:59:08]cl_getDriver.py(130): Not Found->//*[@id="base_box"]/div/div[3]/form/button
[2021-03-17 08:59:08]cl_getDriver.py(130): Not Found->//*[@id="base_box"]/div/div[3]/form/button
[2021-03-17 08:59:08]cl_getDriver.py(72): Open NewTab->https://kabuoji3.com/stock/4927/2021/
[2021-03-17 08:59:08]cl_getDriver.py(72): Open NewTab->https://kabuoji3.com/stock/4928/2021/
[2021-03-17 08:59:09]cl_getDriver.py(127): click_Success->//*[@id="base_box"]/div/div[3]/form/button
[2021-03-17 08:59:09]cl_getDriver.py(127): click_Success->//*[@id="base_box"]/div/div[3]/form/button
[2021-03-17 08:59:12]cl_getDriver.py(127): click_Success->//*[@id="base_box"]/div/div[3]/form/button
[2021-03-17 08:59:12]cl_getDriver.py(127): click_Success->//*[@id="base_box"]/div/div[3]/form/button
[2021-03-17 08:59:12]cl_getDriver.py(72): Open NewTab->https://kabuoji3.com/stock/4927/2020/
[2021-03-17 08:59:12]cl_getDriver.py(72): Open NewTab->https://kabuoji3.com/stock/4928/2020/
[2021-03-17 08:59:14]cl_getDriver.py(127): click_Success->//*[@id="base_box"]/div/div[3]/form/button
[2021-03-17 08:59:14]cl_getDriver.py(127): click_Success->//*[@id="base_box"]/div/div[3]/form/button
[2021-03-17 08:59:16]cl_getDriver.py(127): click_Success->//*[@id="base_box"]/div/div[3]/form/button
[2021-03-17 08:59:16]cl_getDriver.py(127): click_Success->//*[@id="base_box"]/div/div[3]/form/button
[2021-03-17 08:59:17]cl_getDriver.py(72): Open NewTab->https://kabuoji3.com/stock/4927/2019/
[2021-03-17 08:59:17]cl_getDriver.py(72): Open NewTab->https://kabuoji3.com/stock/4928/2019/
[2021-03-17 08:59:18]cl_getDriver.py(127): click_Success->//*[@id="base_box"]/div/div[3]/form/button
[2021-03-17 08:59:18]cl_getDriver.py(127): click_Success->//*[@id="base_box"]/div/div[3]/form/button
[2021-03-17 08:59:21]cl_getDriver.py(127): click_Success->//*[@id="base_box"]/div/div[3]/form/button
[2021-03-17 08:59:21]cl_getDriver.py(72): Open NewTab->https://kabuoji3.com/stock/4928/2018/
[2021-03-17 08:59:21]cl_getDriver.py(127): click_Success->//*[@id="base_box"]/div/div[3]/form/button
[2021-03-17 08:59:21]cl_getDriver.py(72): Open NewTab->https://kabuoji3.com/stock/4927/2018/
[2021-03-17 08:59:22]cl_getDriver.py(127): click_Success->//*[@id="base_box"]/div/div[3]/form/button
[2021-03-17 08:59:22]cl_getDriver.py(127): click_Success->//*[@id="base_box"]/div/div[3]/form/button
[2021-03-17 08:59:25]cl_getDriver.py(127): click_Success->//*[@id="base_box"]/div/div[3]/form/button
[2021-03-17 08:59:25]cl_getDriver.py(72): Open NewTab->https://kabuoji3.com/stock/4928/2017/
[2021-03-17 08:59:25]cl_getDriver.py(127): click_Success->//*[@id="base_box"]/div/div[3]/form/button
[2021-03-17 08:59:25]cl_getDriver.py(72): Open NewTab->https://kabuoji3.com/stock/4927/2017/
[2021-03-17 08:59:26]cl_getDriver.py(127): click_Success->//*[@id="base_box"]/div/div[3]/form/button
[2021-03-17 08:59:27]cl_getDriver.py(127): click_Success->//*[@id="base_box"]/div/div[3]/form/button
[2021-03-17 08:59:29]cl_getDriver.py(127): click_Success->//*[@id="base_box"]/div/div[3]/form/button
[2021-03-17 08:59:29]cl_getDriver.py(127): click_Success->//*[@id="base_box"]/div/div[3]/form/button
[2021-03-17 08:59:30]cl_getDriver.py(72): Open NewTab->https://kabuoji3.com/stock/4928/2016/
[2021-03-17 08:59:30]cl_getDriver.py(72): Open NewTab->https://kabuoji3.com/stock/4927/2016/
[2021-03-17 08:59:31]cl_getDriver.py(127): click_Success->//*[@id="base_box"]/div/div[3]/form/button
[2021-03-17 08:59:31]cl_getDriver.py(127): click_Success->//*[@id="base_box"]/div/div[3]/form/button
[2021-03-17 08:59:33]cl_getDriver.py(127): click_Success->//*[@id="base_box"]/div/div[3]/form/button
[2021-03-17 08:59:33]cl_getDriver.py(127): click_Success->//*[@id="base_box"]/div/div[3]/form/button
[2021-03-17 08:59:34]cl_getDriver.py(72): Open NewTab->https://kabuoji3.com/stock/4928/2015/
[2021-03-17 08:59:34]cl_getDriver.py(72): Open NewTab->https://kabuoji3.com/stock/4927/2015/
[2021-03-17 08:59:35]cl_getDriver.py(127): click_Success->//*[@id="base_box"]/div/div[3]/form/button
[2021-03-17 08:59:35]cl_getDriver.py(127): click_Success->//*[@id="base_box"]/div/div[3]/form/button
[2021-03-17 08:59:38]cl_getDriver.py(127): click_Success->//*[@id="base_box"]/div/div[3]/form/button
[2021-03-17 08:59:38]cl_getDriver.py(127): click_Success->//*[@id="base_box"]/div/div[3]/form/button
[2021-03-17 08:59:38]cl_getDriver.py(72): Open NewTab->https://kabuoji3.com/stock/4927/2014/
[2021-03-17 08:59:38]cl_getDriver.py(72): Open NewTab->https://kabuoji3.com/stock/4928/2014/
[2021-03-17 08:59:40]cl_getDriver.py(127): click_Success->//*[@id="base_box"]/div/div[3]/form/button
[2021-03-17 08:59:40]cl_getDriver.py(127): click_Success->//*[@id="base_box"]/div/div[3]/form/button
[2021-03-17 08:59:42]cl_getDriver.py(127): click_Success->//*[@id="base_box"]/div/div[3]/form/button
[2021-03-17 08:59:42]cl_getDriver.py(127): click_Success->//*[@id="base_box"]/div/div[3]/form/button
[2021-03-17 08:59:43]cl_getDriver.py(72): Open NewTab->https://kabuoji3.com/stock/4928/2013/
[2021-03-17 08:59:43]cl_getDriver.py(72): Open NewTab->https://kabuoji3.com/stock/4927/2013/
[2021-03-17 08:59:44]cl_getDriver.py(127): click_Success->//*[@id="base_box"]/div/div[3]/form/button
[2021-03-17 08:59:45]cl_getDriver.py(127): click_Success->//*[@id="base_box"]/div/div[3]/form/button
[2021-03-17 08:59:46]cl_getDriver.py(127): click_Success->//*[@id="base_box"]/div/div[3]/form/button
[2021-03-17 08:59:46]cl_getDriver.py(72): Open NewTab->https://kabuoji3.com/stock/4928/2012/
[2021-03-17 08:59:47]cl_getDriver.py(127): click_Success->//*[@id="base_box"]/div/div[3]/form/button
[2021-03-17 08:59:47]cl_getDriver.py(72): Open NewTab->https://kabuoji3.com/stock/4927/2012/
[2021-03-17 08:59:49]cl_getDriver.py(127): click_Success->//*[@id="base_box"]/div/div[3]/form/button
[2021-03-17 08:59:49]cl_getDriver.py(127): click_Success->//*[@id="base_box"]/div/div[3]/form/button
[2021-03-17 08:59:51]cl_getDriver.py(127): click_Success->//*[@id="base_box"]/div/div[3]/form/button
[2021-03-17 08:59:51]cl_getDriver.py(127): click_Success->//*[@id="base_box"]/div/div[3]/form/button
[2021-03-17 08:59:51]cl_getDriver.py(72): Open NewTab->https://kabuoji3.com/stock/4927/2011/
[2021-03-17 08:59:52]cl_getDriver.py(72): Open NewTab->https://kabuoji3.com/stock/4928/2011/
[2021-03-17 08:59:53]cl_getDriver.py(127): click_Success->//*[@id="base_box"]/div/div[3]/form/button
[2021-03-17 08:59:53]cl_getDriver.py(127): click_Success->//*[@id="base_box"]/div/div[3]/form/button
[2021-03-17 08:59:55]cl_getDriver.py(127): click_Success->//*[@id="base_box"]/div/div[3]/form/button
[2021-03-17 08:59:56]cl_getDriver.py(127): click_Success->//*[@id="base_box"]/div/div[3]/form/button
[2021-03-17 08:59:56]cl_getDriver.py(72): Open NewTab->https://kabuoji3.com/stock/4927/2010/
[2021-03-17 08:59:57]cl_getDriver.py(127): click_Success->//*[@id="base_box"]/div/div[3]/form/button
[2021-03-17 08:59:59]cl_getDriver.py(127): click_Success->//*[@id="base_box"]/div/div[3]/form/button
[2021-03-17 09:00:00]main.py(42): finished Process->https://kabuoji3.com/stock/4928/
[2021-03-17 09:00:00]main.py(15): start_Process->https://kabuoji3.com/stock/4929/
[2021-03-17 09:00:04]main.py(42): finished Process->https://kabuoji3.com/stock/4927/
[2021-03-17 09:00:04]main.py(15): start_Process->https://kabuoji3.com/stock/4930/
[2021-03-17 09:00:05]cl_getDriver.py(64): getURL=https://kabuoji3.com/stock/4929/
[2021-03-17 09:00:06]cl_getDriver.py(72): Open NewTab->https://kabuoji3.com/stock/4929/
[2021-03-17 09:00:07]cl_getDriver.py(130): Not Found->//*[@id="base_box"]/div/div[3]/form/button
[2021-03-17 09:00:08]cl_getDriver.py(64): getURL=https://kabuoji3.com/stock/4930/
[2021-03-17 09:00:08]cl_getDriver.py(72): Open NewTab->https://kabuoji3.com/stock/4930/
[2021-03-17 09:00:09]cl_getDriver.py(130): Not Found->//*[@id="base_box"]/div/div[3]/form/button
[2021-03-17 09:00:09]cl_getDriver.py(130): Not Found->//*[@id="base_box"]/div/div[3]/form/button
[2021-03-17 09:00:09]cl_getDriver.py(72): Open NewTab->https://kabuoji3.com/stock/4929/2021/
[2021-03-17 09:00:10]cl_getDriver.py(127): click_Success->//*[@id="base_box"]/div/div[3]/form/button
[2021-03-17 09:00:11]cl_getDriver.py(130): Not Found->//*[@id="base_box"]/div/div[3]/form/button
[2021-03-17 09:00:11]cl_getDriver.py(72): Open NewTab->https://kabuoji3.com/stock/4930/2021/
[2021-03-17 09:00:12]cl_getDriver.py(127): click_Success->//*[@id="base_box"]/div/div[3]/form/button
[2021-03-17 09:00:12]cl_getDriver.py(127): click_Success->//*[@id="base_box"]/div/div[3]/form/button
[2021-03-17 09:00:13]cl_getDriver.py(72): Open NewTab->https://kabuoji3.com/stock/4929/2020/
[2021-03-17 09:00:14]cl_getDriver.py(127): click_Success->//*[@id="base_box"]/div/div[3]/form/button
[2021-03-17 09:00:14]cl_getDriver.py(127): click_Success->//*[@id="base_box"]/div/div[3]/form/button
[2021-03-17 09:00:15]cl_getDriver.py(72): Open NewTab->https://kabuoji3.com/stock/4930/2020/
[2021-03-17 09:00:16]cl_getDriver.py(127): click_Success->//*[@id="base_box"]/div/div[3]/form/button
[2021-03-17 09:00:16]cl_getDriver.py(127): click_Success->//*[@id="base_box"]/div/div[3]/form/button
[2021-03-17 09:00:16]cl_getDriver.py(72): Open NewTab->https://kabuoji3.com/stock/4929/2019/
[2021-03-17 09:00:18]cl_getDriver.py(127): click_Success->//*[@id="base_box"]/div/div[3]/form/button
[2021-03-17 09:00:18]cl_getDriver.py(127): click_Success->//*[@id="base_box"]/div/div[3]/form/button
[2021-03-17 09:00:20]cl_getDriver.py(127): click_Success->//*[@id="base_box"]/div/div[3]/form/button
[2021-03-17 09:00:20]cl_getDriver.py(72): Open NewTab->https://kabuoji3.com/stock/4929/2018/
[2021-03-17 09:00:21]cl_getDriver.py(127): click_Success->//*[@id="base_box"]/div/div[3]/form/button
[2021-03-17 09:00:22]main.py(42): finished Process->https://kabuoji3.com/stock/4930/
[2021-03-17 09:00:22]main.py(15): start_Process->https://kabuoji3.com/stock/4931/
[2021-03-17 09:00:24]cl_getDriver.py(127): click_Success->//*[@id="base_box"]/div/div[3]/form/button
[2021-03-17 09:00:24]cl_getDriver.py(72): Open NewTab->https://kabuoji3.com/stock/4929/2017/
[2021-03-17 09:00:25]cl_getDriver.py(127): click_Success->//*[@id="base_box"]/div/div[3]/form/button
[2021-03-17 09:00:27]cl_getDriver.py(64): getURL=https://kabuoji3.com/stock/4931/
[2021-03-17 09:00:28]cl_getDriver.py(72): Open NewTab->https://kabuoji3.com/stock/4931/
[2021-03-17 09:00:28]cl_getDriver.py(127): click_Success->//*[@id="base_box"]/div/div[3]/form/button
[2021-03-17 09:00:28]cl_getDriver.py(72): Open NewTab->https://kabuoji3.com/stock/4929/2016/
[2021-03-17 09:00:29]cl_getDriver.py(130): Not Found->//*[@id="base_box"]/div/div[3]/form/button
[2021-03-17 09:00:30]cl_getDriver.py(127): click_Success->//*[@id="base_box"]/div/div[3]/form/button
[2021-03-17 09:00:31]cl_getDriver.py(130): Not Found->//*[@id="base_box"]/div/div[3]/form/button
[2021-03-17 09:00:31]cl_getDriver.py(72): Open NewTab->https://kabuoji3.com/stock/4931/2021/
[2021-03-17 09:00:32]cl_getDriver.py(127): click_Success->//*[@id="base_box"]/div/div[3]/form/button
[2021-03-17 09:00:33]cl_getDriver.py(72): Open NewTab->https://kabuoji3.com/stock/4929/2015/
[2021-03-17 09:00:33]cl_getDriver.py(127): click_Success->//*[@id="base_box"]/div/div[3]/form/button
[2021-03-17 09:00:34]cl_getDriver.py(127): click_Success->//*[@id="base_box"]/div/div[3]/form/button
[2021-03-17 09:00:36]cl_getDriver.py(127): click_Success->//*[@id="base_box"]/div/div[3]/form/button
[2021-03-17 09:00:36]cl_getDriver.py(72): Open NewTab->https://kabuoji3.com/stock/4931/2020/
[2021-03-17 09:00:36]cl_getDriver.py(127): click_Success->//*[@id="base_box"]/div/div[3]/form/button
[2021-03-17 09:00:37]cl_getDriver.py(72): Open NewTab->https://kabuoji3.com/stock/4929/2014/
[2021-03-17 09:00:38]cl_getDriver.py(127): click_Success->//*[@id="base_box"]/div/div[3]/form/button
[2021-03-17 09:00:38]cl_getDriver.py(127): click_Success->//*[@id="base_box"]/div/div[3]/form/button
[2021-03-17 09:00:40]cl_getDriver.py(127): click_Success->//*[@id="base_box"]/div/div[3]/form/button
[2021-03-17 09:00:40]cl_getDriver.py(72): Open NewTab->https://kabuoji3.com/stock/4931/2019/
[2021-03-17 09:00:41]cl_getDriver.py(127): click_Success->//*[@id="base_box"]/div/div[3]/form/button
[2021-03-17 09:00:41]cl_getDriver.py(72): Open NewTab->https://kabuoji3.com/stock/4929/2013/
[2021-03-17 09:00:42]cl_getDriver.py(127): click_Success->//*[@id="base_box"]/div/div[3]/form/button
[2021-03-17 09:00:43]cl_getDriver.py(127): click_Success->//*[@id="base_box"]/div/div[3]/form/button
[2021-03-17 09:00:44]cl_getDriver.py(127): click_Success->//*[@id="base_box"]/div/div[3]/form/button
[2021-03-17 09:00:45]cl_getDriver.py(127): click_Success->//*[@id="base_box"]/div/div[3]/form/button
[2021-03-17 09:00:45]cl_getDriver.py(72): Open NewTab->https://kabuoji3.com/stock/4929/2012/
[2021-03-17 09:00:46]cl_getDriver.py(127): click_Success->//*[@id="base_box"]/div/div[3]/form/button
[2021-03-17 09:00:48]main.py(42): finished Process->https://kabuoji3.com/stock/4931/
[2021-03-17 09:00:48]main.py(15): start_Process->https://kabuoji3.com/stock/4933/
[2021-03-17 09:00:48]cl_getDriver.py(127): click_Success->//*[@id="base_box"]/div/div[3]/form/button
[2021-03-17 09:00:53]main.py(42): finished Process->https://kabuoji3.com/stock/4929/
[2021-03-17 09:00:53]main.py(15): start_Process->https://kabuoji3.com/stock/4934/
[2021-03-17 09:00:54]cl_getDriver.py(64): getURL=https://kabuoji3.com/stock/4933/
[2021-03-17 09:00:54]cl_getDriver.py(72): Open NewTab->https://kabuoji3.com/stock/4933/
[2021-03-17 09:00:54]cl_getDriver.py(130): Not Found->//*[@id="base_box"]/div/div[3]/form/button
[2021-03-17 09:00:57]cl_getDriver.py(130): Not Found->//*[@id="base_box"]/div/div[3]/form/button
[2021-03-17 09:00:57]cl_getDriver.py(72): Open NewTab->https://kabuoji3.com/stock/4933/2021/
[2021-03-17 09:00:58]cl_getDriver.py(127): click_Success->//*[@id="base_box"]/div/div[3]/form/button
[2021-03-17 09:00:58]cl_getDriver.py(64): getURL=https://kabuoji3.com/stock/4934/
[2021-03-17 09:00:59]cl_getDriver.py(72): Open NewTab->https://kabuoji3.com/stock/4934/
[2021-03-17 09:00:59]cl_getDriver.py(130): Not Found->//*[@id="base_box"]/div/div[3]/form/button
[2021-03-17 09:01:00]cl_getDriver.py(127): click_Success->//*[@id="base_box"]/div/div[3]/form/button
[2021-03-17 09:01:01]cl_getDriver.py(72): Open NewTab->https://kabuoji3.com/stock/4933/2020/
[2021-03-17 09:01:01]cl_getDriver.py(130): Not Found->//*[@id="base_box"]/div/div[3]/form/button
[2021-03-17 09:01:01]cl_getDriver.py(72): Open NewTab->https://kabuoji3.com/stock/4934/2021/
[2021-03-17 09:01:02]cl_getDriver.py(127): click_Success->//*[@id="base_box"]/div/div[3]/form/button
[2021-03-17 09:01:03]cl_getDriver.py(127): click_Success->//*[@id="base_box"]/div/div[3]/form/button
[2021-03-17 09:01:04]cl_getDriver.py(127): click_Success->//*[@id="base_box"]/div/div[3]/form/button
[2021-03-17 09:01:05]cl_getDriver.py(127): click_Success->//*[@id="base_box"]/div/div[3]/form/button
[2021-03-17 09:01:05]cl_getDriver.py(72): Open NewTab->https://kabuoji3.com/stock/4934/2020/
[2021-03-17 09:01:06]cl_getDriver.py(127): click_Success->//*[@id="base_box"]/div/div[3]/form/button
[2021-03-17 09:01:08]main.py(42): finished Process->https://kabuoji3.com/stock/4933/
[2021-03-17 09:01:08]main.py(15): start_Process->https://kabuoji3.com/stock/4935/
[2021-03-17 09:01:09]cl_getDriver.py(127): click_Success->//*[@id="base_box"]/div/div[3]/form/button
[2021-03-17 09:01:13]main.py(42): finished Process->https://kabuoji3.com/stock/4934/
[2021-03-17 09:01:13]main.py(15): start_Process->https://kabuoji3.com/stock/4936/
[2021-03-17 09:01:14]cl_getDriver.py(64): getURL=https://kabuoji3.com/stock/4935/
[2021-03-17 09:01:14]cl_getDriver.py(72): Open NewTab->https://kabuoji3.com/stock/4935/
[2021-03-17 09:01:15]cl_getDriver.py(130): Not Found->//*[@id="base_box"]/div/div[3]/form/button
[2021-03-17 09:01:17]cl_getDriver.py(130): Not Found->//*[@id="base_box"]/div/div[3]/form/button
[2021-03-17 09:01:18]cl_getDriver.py(72): Open NewTab->https://kabuoji3.com/stock/4935/2021/
[2021-03-17 09:01:18]cl_getDriver.py(64): getURL=https://kabuoji3.com/stock/4936/
[2021-03-17 09:01:19]cl_getDriver.py(72): Open NewTab->https://kabuoji3.com/stock/4936/
[2021-03-17 09:01:19]cl_getDriver.py(127): click_Success->//*[@id="base_box"]/div/div[3]/form/button
[2021-03-17 09:01:19]cl_getDriver.py(130): Not Found->//*[@id="base_box"]/div/div[3]/form/button
[2021-03-17 09:01:21]cl_getDriver.py(127): click_Success->//*[@id="base_box"]/div/div[3]/form/button
[2021-03-17 09:01:21]cl_getDriver.py(130): Not Found->//*[@id="base_box"]/div/div[3]/form/button
[2021-03-17 09:01:21]cl_getDriver.py(72): Open NewTab->https://kabuoji3.com/stock/4935/2020/
[2021-03-17 09:01:22]cl_getDriver.py(72): Open NewTab->https://kabuoji3.com/stock/4936/2021/
[2021-03-17 09:01:23]cl_getDriver.py(127): click_Success->//*[@id="base_box"]/div/div[3]/form/button
[2021-03-17 09:01:23]cl_getDriver.py(127): click_Success->//*[@id="base_box"]/div/div[3]/form/button
[2021-03-17 09:01:25]cl_getDriver.py(127): click_Success->//*[@id="base_box"]/div/div[3]/form/button
[2021-03-17 09:01:25]cl_getDriver.py(127): click_Success->//*[@id="base_box"]/div/div[3]/form/button
[2021-03-17 09:01:28]main.py(42): finished Process->https://kabuoji3.com/stock/4936/
[2021-03-17 09:01:28]main.py(15): start_Process->https://kabuoji3.com/stock/4951/
[2021-03-17 09:01:29]main.py(42): finished Process->https://kabuoji3.com/stock/4935/
[2021-03-17 09:01:29]main.py(15): start_Process->https://kabuoji3.com/stock/4952/
[2021-03-17 09:01:34]cl_getDriver.py(64): getURL=https://kabuoji3.com/stock/4951/
[2021-03-17 09:01:34]cl_getDriver.py(72): Open NewTab->https://kabuoji3.com/stock/4951/
[2021-03-17 09:01:35]cl_getDriver.py(64): getURL=https://kabuoji3.com/stock/4952/
[2021-03-17 09:01:35]cl_getDriver.py(72): Open NewTab->https://kabuoji3.com/stock/4952/
[2021-03-17 09:01:36]cl_getDriver.py(130): Not Found->//*[@id="base_box"]/div/div[3]/form/button
[2021-03-17 09:01:36]cl_getDriver.py(130): Not Found->//*[@id="base_box"]/div/div[3]/form/button
[2021-03-17 09:01:38]cl_getDriver.py(130): Not Found->//*[@id="base_box"]/div/div[3]/form/button
[2021-03-17 09:01:38]cl_getDriver.py(72): Open NewTab->https://kabuoji3.com/stock/4951/2021/
[2021-03-17 09:01:38]cl_getDriver.py(130): Not Found->//*[@id="base_box"]/div/div[3]/form/button
[2021-03-17 09:01:38]cl_getDriver.py(72): Open NewTab->https://kabuoji3.com/stock/4952/2021/
[2021-03-17 09:01:39]cl_getDriver.py(127): click_Success->//*[@id="base_box"]/div/div[3]/form/button
[2021-03-17 09:01:39]cl_getDriver.py(127): click_Success->//*[@id="base_box"]/div/div[3]/form/button
[2021-03-17 09:01:41]cl_getDriver.py(127): click_Success->//*[@id="base_box"]/div/div[3]/form/button
[2021-03-17 09:01:41]cl_getDriver.py(72): Open NewTab->https://kabuoji3.com/stock/4951/2020/
[2021-03-17 09:01:42]cl_getDriver.py(127): click_Success->//*[@id="base_box"]/div/div[3]/form/button
[2021-03-17 09:01:42]cl_getDriver.py(72): Open NewTab->https://kabuoji3.com/stock/4952/2020/
[2021-03-17 09:01:43]cl_getDriver.py(127): click_Success->//*[@id="base_box"]/div/div[3]/form/button
[2021-03-17 09:01:44]cl_getDriver.py(127): click_Success->//*[@id="base_box"]/div/div[3]/form/button
[2021-03-17 09:01:46]cl_getDriver.py(127): click_Success->//*[@id="base_box"]/div/div[3]/form/button
[2021-03-17 09:01:46]cl_getDriver.py(72): Open NewTab->https://kabuoji3.com/stock/4951/2019/
[2021-03-17 09:01:46]cl_getDriver.py(127): click_Success->//*[@id="base_box"]/div/div[3]/form/button
[2021-03-17 09:01:47]cl_getDriver.py(72): Open NewTab->https://kabuoji3.com/stock/4952/2019/
[2021-03-17 09:01:48]cl_getDriver.py(127): click_Success->//*[@id="base_box"]/div/div[3]/form/button
[2021-03-17 09:01:48]cl_getDriver.py(127): click_Success->//*[@id="base_box"]/div/div[3]/form/button
[2021-03-17 09:01:50]cl_getDriver.py(127): click_Success->//*[@id="base_box"]/div/div[3]/form/button
[2021-03-17 09:01:50]cl_getDriver.py(127): click_Success->//*[@id="base_box"]/div/div[3]/form/button
[2021-03-17 09:01:51]cl_getDriver.py(72): Open NewTab->https://kabuoji3.com/stock/4951/2018/
[2021-03-17 09:01:51]cl_getDriver.py(72): Open NewTab->https://kabuoji3.com/stock/4952/2018/
[2021-03-17 09:01:52]cl_getDriver.py(127): click_Success->//*[@id="base_box"]/div/div[3]/form/button
[2021-03-17 09:01:52]cl_getDriver.py(127): click_Success->//*[@id="base_box"]/div/div[3]/form/button
[2021-03-17 09:01:54]cl_getDriver.py(127): click_Success->//*[@id="base_box"]/div/div[3]/form/button
[2021-03-17 09:01:55]cl_getDriver.py(127): click_Success->//*[@id="base_box"]/div/div[3]/form/button
[2021-03-17 09:01:55]cl_getDriver.py(72): Open NewTab->https://kabuoji3.com/stock/4952/2017/
[2021-03-17 09:01:55]cl_getDriver.py(72): Open NewTab->https://kabuoji3.com/stock/4951/2017/
[2021-03-17 09:01:57]cl_getDriver.py(127): click_Success->//*[@id="base_box"]/div/div[3]/form/button
[2021-03-17 09:01:57]cl_getDriver.py(127): click_Success->//*[@id="base_box"]/div/div[3]/form/button
[2021-03-17 09:01:59]cl_getDriver.py(127): click_Success->//*[@id="base_box"]/div/div[3]/form/button
[2021-03-17 09:01:59]cl_getDriver.py(127): click_Success->//*[@id="base_box"]/div/div[3]/form/button
[2021-03-17 09:02:00]cl_getDriver.py(72): Open NewTab->https://kabuoji3.com/stock/4951/2016/
[2021-03-17 09:02:00]cl_getDriver.py(72): Open NewTab->https://kabuoji3.com/stock/4952/2016/
[2021-03-17 09:02:01]cl_getDriver.py(127): click_Success->//*[@id="base_box"]/div/div[3]/form/button
[2021-03-17 09:02:02]cl_getDriver.py(127): click_Success->//*[@id="base_box"]/div/div[3]/form/button
[2021-03-17 09:02:03]cl_getDriver.py(127): click_Success->//*[@id="base_box"]/div/div[3]/form/button
[2021-03-17 09:02:04]cl_getDriver.py(72): Open NewTab->https://kabuoji3.com/stock/4951/2015/
[2021-03-17 09:02:04]cl_getDriver.py(127): click_Success->//*[@id="base_box"]/div/div[3]/form/button
[2021-03-17 09:02:05]cl_getDriver.py(72): Open NewTab->https://kabuoji3.com/stock/4952/2015/
[2021-03-17 09:02:05]cl_getDriver.py(127): click_Success->//*[@id="base_box"]/div/div[3]/form/button
[2021-03-17 09:02:06]cl_getDriver.py(127): click_Success->//*[@id="base_box"]/div/div[3]/form/button
[2021-03-17 09:02:08]cl_getDriver.py(127): click_Success->//*[@id="base_box"]/div/div[3]/form/button
[2021-03-17 09:02:08]cl_getDriver.py(72): Open NewTab->https://kabuoji3.com/stock/4951/2014/
[2021-03-17 09:02:08]cl_getDriver.py(127): click_Success->//*[@id="base_box"]/div/div[3]/form/button
[2021-03-17 09:02:09]cl_getDriver.py(72): Open NewTab->https://kabuoji3.com/stock/4952/2014/
[2021-03-17 09:02:10]cl_getDriver.py(127): click_Success->//*[@id="base_box"]/div/div[3]/form/button
[2021-03-17 09:02:11]cl_getDriver.py(127): click_Success->//*[@id="base_box"]/div/div[3]/form/button
[2021-03-17 09:02:12]cl_getDriver.py(127): click_Success->//*[@id="base_box"]/div/div[3]/form/button
[2021-03-17 09:02:12]cl_getDriver.py(72): Open NewTab->https://kabuoji3.com/stock/4951/2013/
[2021-03-17 09:02:13]cl_getDriver.py(127): click_Success->//*[@id="base_box"]/div/div[3]/form/button
[2021-03-17 09:02:13]cl_getDriver.py(72): Open NewTab->https://kabuoji3.com/stock/4952/2013/
[2021-03-17 09:02:14]cl_getDriver.py(127): click_Success->//*[@id="base_box"]/div/div[3]/form/button
[2021-03-17 09:02:14]cl_getDriver.py(127): click_Success->//*[@id="base_box"]/div/div[3]/form/button
[2021-03-17 09:02:16]cl_getDriver.py(127): click_Success->//*[@id="base_box"]/div/div[3]/form/button
[2021-03-17 09:02:16]cl_getDriver.py(72): Open NewTab->https://kabuoji3.com/stock/4951/2012/
[2021-03-17 09:02:17]cl_getDriver.py(127): click_Success->//*[@id="base_box"]/div/div[3]/form/button
[2021-03-17 09:02:17]cl_getDriver.py(72): Open NewTab->https://kabuoji3.com/stock/4952/2012/
[2021-03-17 09:02:18]cl_getDriver.py(127): click_Success->//*[@id="base_box"]/div/div[3]/form/button
[2021-03-17 09:02:18]cl_getDriver.py(127): click_Success->//*[@id="base_box"]/div/div[3]/form/button
[2021-03-17 09:02:20]cl_getDriver.py(127): click_Success->//*[@id="base_box"]/div/div[3]/form/button
[2021-03-17 09:02:21]cl_getDriver.py(72): Open NewTab->https://kabuoji3.com/stock/4951/2011/
[2021-03-17 09:02:21]cl_getDriver.py(127): click_Success->//*[@id="base_box"]/div/div[3]/form/button
[2021-03-17 09:02:21]cl_getDriver.py(72): Open NewTab->https://kabuoji3.com/stock/4952/2011/
[2021-03-17 09:02:22]cl_getDriver.py(127): click_Success->//*[@id="base_box"]/div/div[3]/form/button
[2021-03-17 09:02:22]cl_getDriver.py(127): click_Success->//*[@id="base_box"]/div/div[3]/form/button
[2021-03-17 09:02:24]cl_getDriver.py(127): click_Success->//*[@id="base_box"]/div/div[3]/form/button
[2021-03-17 09:02:25]cl_getDriver.py(127): click_Success->//*[@id="base_box"]/div/div[3]/form/button
[2021-03-17 09:02:25]cl_getDriver.py(72): Open NewTab->https://kabuoji3.com/stock/4951/2010/
[2021-03-17 09:02:25]cl_getDriver.py(72): Open NewTab->https://kabuoji3.com/stock/4952/2010/
[2021-03-17 09:02:27]cl_getDriver.py(127): click_Success->//*[@id="base_box"]/div/div[3]/form/button
[2021-03-17 09:02:27]cl_getDriver.py(127): click_Success->//*[@id="base_box"]/div/div[3]/form/button
[2021-03-17 09:02:29]cl_getDriver.py(127): click_Success->//*[@id="base_box"]/div/div[3]/form/button
[2021-03-17 09:02:29]cl_getDriver.py(72): Open NewTab->https://kabuoji3.com/stock/4952/2009/
[2021-03-17 09:02:30]cl_getDriver.py(127): click_Success->//*[@id="base_box"]/div/div[3]/form/button
[2021-03-17 09:02:30]cl_getDriver.py(72): Open NewTab->https://kabuoji3.com/stock/4951/2009/
[2021-03-17 09:02:31]cl_getDriver.py(127): click_Success->//*[@id="base_box"]/div/div[3]/form/button
[2021-03-17 09:02:32]cl_getDriver.py(127): click_Success->//*[@id="base_box"]/div/div[3]/form/button
[2021-03-17 09:02:33]cl_getDriver.py(127): click_Success->//*[@id="base_box"]/div/div[3]/form/button
[2021-03-17 09:02:34]cl_getDriver.py(127): click_Success->//*[@id="base_box"]/div/div[3]/form/button
[2021-03-17 09:02:34]cl_getDriver.py(72): Open NewTab->https://kabuoji3.com/stock/4951/2008/
[2021-03-17 09:02:35]cl_getDriver.py(127): click_Success->//*[@id="base_box"]/div/div[3]/form/button
[2021-03-17 09:02:37]main.py(42): finished Process->https://kabuoji3.com/stock/4952/
[2021-03-17 09:02:37]main.py(15): start_Process->https://kabuoji3.com/stock/4955/
[2021-03-17 09:02:38]cl_getDriver.py(127): click_Success->//*[@id="base_box"]/div/div[3]/form/button
[2021-03-17 09:02:38]cl_getDriver.py(72): Open NewTab->https://kabuoji3.com/stock/4951/2007/
[2021-03-17 09:02:39]cl_getDriver.py(127): click_Success->//*[@id="base_box"]/div/div[3]/form/button
[2021-03-17 09:02:42]cl_getDriver.py(127): click_Success->//*[@id="base_box"]/div/div[3]/form/button
[2021-03-17 09:02:42]cl_getDriver.py(72): Open NewTab->https://kabuoji3.com/stock/4951/2006/
[2021-03-17 09:02:43]cl_getDriver.py(64): getURL=https://kabuoji3.com/stock/4955/
[2021-03-17 09:02:43]cl_getDriver.py(72): Open NewTab->https://kabuoji3.com/stock/4955/
[2021-03-17 09:02:43]cl_getDriver.py(127): click_Success->//*[@id="base_box"]/div/div[3]/form/button
[2021-03-17 09:02:44]cl_getDriver.py(130): Not Found->//*[@id="base_box"]/div/div[3]/form/button
[2021-03-17 09:02:46]cl_getDriver.py(127): click_Success->//*[@id="base_box"]/div/div[3]/form/button
[2021-03-17 09:02:46]cl_getDriver.py(72): Open NewTab->https://kabuoji3.com/stock/4951/2005/
[2021-03-17 09:02:46]cl_getDriver.py(130): Not Found->//*[@id="base_box"]/div/div[3]/form/button
[2021-03-17 09:02:46]cl_getDriver.py(72): Open NewTab->https://kabuoji3.com/stock/4955/2021/
[2021-03-17 09:02:47]cl_getDriver.py(127): click_Success->//*[@id="base_box"]/div/div[3]/form/button
[2021-03-17 09:02:47]cl_getDriver.py(127): click_Success->//*[@id="base_box"]/div/div[3]/form/button
[2021-03-17 09:02:50]cl_getDriver.py(127): click_Success->//*[@id="base_box"]/div/div[3]/form/button
[2021-03-17 09:02:50]cl_getDriver.py(127): click_Success->//*[@id="base_box"]/div/div[3]/form/button
[2021-03-17 09:02:50]cl_getDriver.py(72): Open NewTab->https://kabuoji3.com/stock/4955/2020/
[2021-03-17 09:02:50]cl_getDriver.py(72): Open NewTab->https://kabuoji3.com/stock/4951/2004/
[2021-03-17 09:02:52]cl_getDriver.py(127): click_Success->//*[@id="base_box"]/div/div[3]/form/button
[2021-03-17 09:02:52]cl_getDriver.py(127): click_Success->//*[@id="base_box"]/div/div[3]/form/button
[2021-03-17 09:02:54]cl_getDriver.py(127): click_Success->//*[@id="base_box"]/div/div[3]/form/button
[2021-03-17 09:02:54]cl_getDriver.py(127): click_Success->//*[@id="base_box"]/div/div[3]/form/button
[2021-03-17 09:02:55]cl_getDriver.py(72): Open NewTab->https://kabuoji3.com/stock/4955/2019/
[2021-03-17 09:02:55]cl_getDriver.py(72): Open NewTab->https://kabuoji3.com/stock/4951/2003/
[2021-03-17 09:02:56]cl_getDriver.py(127): click_Success->//*[@id="base_box"]/div/div[3]/form/button
[2021-03-17 09:02:56]cl_getDriver.py(127): click_Success->//*[@id="base_box"]/div/div[3]/form/button
[2021-03-17 09:02:59]cl_getDriver.py(127): click_Success->//*[@id="base_box"]/div/div[3]/form/button
[2021-03-17 09:02:59]cl_getDriver.py(127): click_Success->//*[@id="base_box"]/div/div[3]/form/button
[2021-03-17 09:02:59]cl_getDriver.py(72): Open NewTab->https://kabuoji3.com/stock/4955/2018/
[2021-03-17 09:02:59]cl_getDriver.py(72): Open NewTab->https://kabuoji3.com/stock/4951/2002/
[2021-03-17 09:03:00]cl_getDriver.py(127): click_Success->//*[@id="base_box"]/div/div[3]/form/button
[2021-03-17 09:03:01]cl_getDriver.py(127): click_Success->//*[@id="base_box"]/div/div[3]/form/button
[2021-03-17 09:03:03]cl_getDriver.py(127): click_Success->//*[@id="base_box"]/div/div[3]/form/button
[2021-03-17 09:03:03]cl_getDriver.py(127): click_Success->//*[@id="base_box"]/div/div[3]/form/button
[2021-03-17 09:03:04]cl_getDriver.py(72): Open NewTab->https://kabuoji3.com/stock/4951/2001/
[2021-03-17 09:03:04]cl_getDriver.py(72): Open NewTab->https://kabuoji3.com/stock/4955/2017/
[2021-03-17 09:03:05]cl_getDriver.py(127): click_Success->//*[@id="base_box"]/div/div[3]/form/button
[2021-03-17 09:03:05]cl_getDriver.py(127): click_Success->//*[@id="base_box"]/div/div[3]/form/button
[2021-03-17 09:03:07]cl_getDriver.py(127): click_Success->//*[@id="base_box"]/div/div[3]/form/button
[2021-03-17 09:03:07]cl_getDriver.py(127): click_Success->//*[@id="base_box"]/div/div[3]/form/button
[2021-03-17 09:03:08]cl_getDriver.py(72): Open NewTab->https://kabuoji3.com/stock/4951/2000/
[2021-03-17 09:03:08]cl_getDriver.py(72): Open NewTab->https://kabuoji3.com/stock/4955/2016/
[2021-03-17 09:03:09]cl_getDriver.py(127): click_Success->//*[@id="base_box"]/div/div[3]/form/button
[2021-03-17 09:03:09]cl_getDriver.py(127): click_Success->//*[@id="base_box"]/div/div[3]/form/button
[2021-03-17 09:03:12]cl_getDriver.py(127): click_Success->//*[@id="base_box"]/div/div[3]/form/button
[2021-03-17 09:03:12]cl_getDriver.py(127): click_Success->//*[@id="base_box"]/div/div[3]/form/button
[2021-03-17 09:03:12]cl_getDriver.py(72): Open NewTab->https://kabuoji3.com/stock/4951/1999/
[2021-03-17 09:03:12]cl_getDriver.py(72): Open NewTab->https://kabuoji3.com/stock/4955/2015/
[2021-03-17 09:03:13]cl_getDriver.py(127): click_Success->//*[@id="base_box"]/div/div[3]/form/button
[2021-03-17 09:03:14]cl_getDriver.py(127): click_Success->//*[@id="base_box"]/div/div[3]/form/button
[2021-03-17 09:03:16]cl_getDriver.py(127): click_Success->//*[@id="base_box"]/div/div[3]/form/button
[2021-03-17 09:03:16]cl_getDriver.py(72): Open NewTab->https://kabuoji3.com/stock/4951/1998/
[2021-03-17 09:03:17]cl_getDriver.py(127): click_Success->//*[@id="base_box"]/div/div[3]/form/button
[2021-03-17 09:03:17]cl_getDriver.py(72): Open NewTab->https://kabuoji3.com/stock/4955/2014/
[2021-03-17 09:03:18]cl_getDriver.py(127): click_Success->//*[@id="base_box"]/div/div[3]/form/button
[2021-03-17 09:03:18]cl_getDriver.py(127): click_Success->//*[@id="base_box"]/div/div[3]/form/button
[2021-03-17 09:03:20]cl_getDriver.py(127): click_Success->//*[@id="base_box"]/div/div[3]/form/button
[2021-03-17 09:03:20]cl_getDriver.py(72): Open NewTab->https://kabuoji3.com/stock/4951/1997/
[2021-03-17 09:03:21]cl_getDriver.py(127): click_Success->//*[@id="base_box"]/div/div[3]/form/button
[2021-03-17 09:03:21]cl_getDriver.py(72): Open NewTab->https://kabuoji3.com/stock/4955/2013/
[2021-03-17 09:03:22]cl_getDriver.py(127): click_Success->//*[@id="base_box"]/div/div[3]/form/button
[2021-03-17 09:03:22]cl_getDriver.py(127): click_Success->//*[@id="base_box"]/div/div[3]/form/button
[2021-03-17 09:03:24]cl_getDriver.py(127): click_Success->//*[@id="base_box"]/div/div[3]/form/button
[2021-03-17 09:03:24]cl_getDriver.py(72): Open NewTab->https://kabuoji3.com/stock/4951/1996/
[2021-03-17 09:03:25]cl_getDriver.py(127): click_Success->//*[@id="base_box"]/div/div[3]/form/button
[2021-03-17 09:03:25]cl_getDriver.py(72): Open NewTab->https://kabuoji3.com/stock/4955/2012/
[2021-03-17 09:03:26]cl_getDriver.py(127): click_Success->//*[@id="base_box"]/div/div[3]/form/button
[2021-03-17 09:03:26]cl_getDriver.py(127): click_Success->//*[@id="base_box"]/div/div[3]/form/button
[2021-03-17 09:03:28]cl_getDriver.py(127): click_Success->//*[@id="base_box"]/div/div[3]/form/button
[2021-03-17 09:03:29]cl_getDriver.py(72): Open NewTab->https://kabuoji3.com/stock/4951/1995/
[2021-03-17 09:03:29]cl_getDriver.py(127): click_Success->//*[@id="base_box"]/div/div[3]/form/button
[2021-03-17 09:03:29]cl_getDriver.py(72): Open NewTab->https://kabuoji3.com/stock/4955/2011/
[2021-03-17 09:03:30]cl_getDriver.py(127): click_Success->//*[@id="base_box"]/div/div[3]/form/button
[2021-03-17 09:03:31]cl_getDriver.py(127): click_Success->//*[@id="base_box"]/div/div[3]/form/button
[2021-03-17 09:03:32]cl_getDriver.py(127): click_Success->//*[@id="base_box"]/div/div[3]/form/button
[2021-03-17 09:03:33]cl_getDriver.py(72): Open NewTab->https://kabuoji3.com/stock/4951/1994/
[2021-03-17 09:03:33]cl_getDriver.py(127): click_Success->//*[@id="base_box"]/div/div[3]/form/button
[2021-03-17 09:03:33]cl_getDriver.py(72): Open NewTab->https://kabuoji3.com/stock/4955/2010/
[2021-03-17 09:03:34]cl_getDriver.py(127): click_Success->//*[@id="base_box"]/div/div[3]/form/button
[2021-03-17 09:03:35]cl_getDriver.py(127): click_Success->//*[@id="base_box"]/div/div[3]/form/button
[2021-03-17 09:03:36]cl_getDriver.py(127): click_Success->//*[@id="base_box"]/div/div[3]/form/button
[2021-03-17 09:03:37]cl_getDriver.py(72): Open NewTab->https://kabuoji3.com/stock/4951/1993/
[2021-03-17 09:03:37]cl_getDriver.py(127): click_Success->//*[@id="base_box"]/div/div[3]/form/button
[2021-03-17 09:03:38]cl_getDriver.py(72): Open NewTab->https://kabuoji3.com/stock/4955/2009/
[2021-03-17 09:03:38]cl_getDriver.py(127): click_Success->//*[@id="base_box"]/div/div[3]/form/button
[2021-03-17 09:03:39]cl_getDriver.py(127): click_Success->//*[@id="base_box"]/div/div[3]/form/button
[2021-03-17 09:03:41]cl_getDriver.py(127): click_Success->//*[@id="base_box"]/div/div[3]/form/button
[2021-03-17 09:03:41]cl_getDriver.py(72): Open NewTab->https://kabuoji3.com/stock/4951/1992/
[2021-03-17 09:03:41]cl_getDriver.py(127): click_Success->//*[@id="base_box"]/div/div[3]/form/button
[2021-03-17 09:03:41]cl_getDriver.py(72): Open NewTab->https://kabuoji3.com/stock/4955/2008/
[2021-03-17 09:03:42]cl_getDriver.py(127): click_Success->//*[@id="base_box"]/div/div[3]/form/button
[2021-03-17 09:03:43]cl_getDriver.py(127): click_Success->//*[@id="base_box"]/div/div[3]/form/button
[2021-03-17 09:03:45]cl_getDriver.py(127): click_Success->//*[@id="base_box"]/div/div[3]/form/button
[2021-03-17 09:03:45]cl_getDriver.py(72): Open NewTab->https://kabuoji3.com/stock/4951/1991/
[2021-03-17 09:03:45]cl_getDriver.py(127): click_Success->//*[@id="base_box"]/div/div[3]/form/button
[2021-03-17 09:03:46]cl_getDriver.py(72): Open NewTab->https://kabuoji3.com/stock/4955/2007/
[2021-03-17 09:03:47]cl_getDriver.py(127): click_Success->//*[@id="base_box"]/div/div[3]/form/button
[2021-03-17 09:03:47]cl_getDriver.py(127): click_Success->//*[@id="base_box"]/div/div[3]/form/button
[2021-03-17 09:03:49]cl_getDriver.py(127): click_Success->//*[@id="base_box"]/div/div[3]/form/button
[2021-03-17 09:03:49]cl_getDriver.py(72): Open NewTab->https://kabuoji3.com/stock/4951/1990/
[2021-03-17 09:03:50]cl_getDriver.py(127): click_Success->//*[@id="base_box"]/div/div[3]/form/button
[2021-03-17 09:03:50]cl_getDriver.py(72): Open NewTab->https://kabuoji3.com/stock/4955/2006/
[2021-03-17 09:03:51]cl_getDriver.py(127): click_Success->//*[@id="base_box"]/div/div[3]/form/button
[2021-03-17 09:03:51]cl_getDriver.py(127): click_Success->//*[@id="base_box"]/div/div[3]/form/button
[2021-03-17 09:03:53]cl_getDriver.py(127): click_Success->//*[@id="base_box"]/div/div[3]/form/button
[2021-03-17 09:03:53]cl_getDriver.py(72): Open NewTab->https://kabuoji3.com/stock/4951/1989/
[2021-03-17 09:03:54]cl_getDriver.py(127): click_Success->//*[@id="base_box"]/div/div[3]/form/button
[2021-03-17 09:03:54]cl_getDriver.py(72): Open NewTab->https://kabuoji3.com/stock/4955/2005/
[2021-03-17 09:03:55]cl_getDriver.py(127): click_Success->//*[@id="base_box"]/div/div[3]/form/button
[2021-03-17 09:03:55]cl_getDriver.py(127): click_Success->//*[@id="base_box"]/div/div[3]/form/button
[2021-03-17 09:03:57]cl_getDriver.py(127): click_Success->//*[@id="base_box"]/div/div[3]/form/button
[2021-03-17 09:03:58]cl_getDriver.py(72): Open NewTab->https://kabuoji3.com/stock/4951/1988/
[2021-03-17 09:03:58]cl_getDriver.py(127): click_Success->//*[@id="base_box"]/div/div[3]/form/button
[2021-03-17 09:03:58]cl_getDriver.py(72): Open NewTab->https://kabuoji3.com/stock/4955/2004/
[2021-03-17 09:03:59]cl_getDriver.py(127): click_Success->//*[@id="base_box"]/div/div[3]/form/button
[2021-03-17 09:04:00]cl_getDriver.py(127): click_Success->//*[@id="base_box"]/div/div[3]/form/button
[2021-03-17 09:04:01]cl_getDriver.py(127): click_Success->//*[@id="base_box"]/div/div[3]/form/button
[2021-03-17 09:04:02]cl_getDriver.py(72): Open NewTab->https://kabuoji3.com/stock/4951/1987/
[2021-03-17 09:04:02]cl_getDriver.py(127): click_Success->//*[@id="base_box"]/div/div[3]/form/button
[2021-03-17 09:04:02]cl_getDriver.py(72): Open NewTab->https://kabuoji3.com/stock/4955/2003/
[2021-03-17 09:04:03]cl_getDriver.py(127): click_Success->//*[@id="base_box"]/div/div[3]/form/button
[2021-03-17 09:04:04]cl_getDriver.py(127): click_Success->//*[@id="base_box"]/div/div[3]/form/button
[2021-03-17 09:04:06]cl_getDriver.py(127): click_Success->//*[@id="base_box"]/div/div[3]/form/button
[2021-03-17 09:04:06]cl_getDriver.py(127): click_Success->//*[@id="base_box"]/div/div[3]/form/button
[2021-03-17 09:04:06]cl_getDriver.py(72): Open NewTab->https://kabuoji3.com/stock/4951/1986/
[2021-03-17 09:04:06]cl_getDriver.py(72): Open NewTab->https://kabuoji3.com/stock/4955/2002/
[2021-03-17 09:04:07]cl_getDriver.py(127): click_Success->//*[@id="base_box"]/div/div[3]/form/button
[2021-03-17 09:04:08]cl_getDriver.py(127): click_Success->//*[@id="base_box"]/div/div[3]/form/button
[2021-03-17 09:04:10]cl_getDriver.py(127): click_Success->//*[@id="base_box"]/div/div[3]/form/button
[2021-03-17 09:04:10]cl_getDriver.py(127): click_Success->//*[@id="base_box"]/div/div[3]/form/button
[2021-03-17 09:04:10]cl_getDriver.py(72): Open NewTab->https://kabuoji3.com/stock/4955/2001/
[2021-03-17 09:04:11]cl_getDriver.py(127): click_Success->//*[@id="base_box"]/div/div[3]/form/button
[2021-03-17 09:04:14]cl_getDriver.py(127): click_Success->//*[@id="base_box"]/div/div[3]/form/button
[2021-03-17 09:04:14]cl_getDriver.py(72): Open NewTab->https://kabuoji3.com/stock/4955/2000/
[2021-03-17 09:04:14]main.py(42): finished Process->https://kabuoji3.com/stock/4951/
[2021-03-17 09:04:14]main.py(15): start_Process->https://kabuoji3.com/stock/4956/
[2021-03-17 09:04:15]cl_getDriver.py(127): click_Success->//*[@id="base_box"]/div/div[3]/form/button
[2021-03-17 09:04:17]cl_getDriver.py(127): click_Success->//*[@id="base_box"]/div/div[3]/form/button
[2021-03-17 09:04:19]cl_getDriver.py(64): getURL=https://kabuoji3.com/stock/4956/
[2021-03-17 09:04:19]cl_getDriver.py(72): Open NewTab->https://kabuoji3.com/stock/4956/
[2021-03-17 09:04:20]cl_getDriver.py(130): Not Found->//*[@id="base_box"]/div/div[3]/form/button
[2021-03-17 09:04:21]main.py(42): finished Process->https://kabuoji3.com/stock/4955/
[2021-03-17 09:04:21]main.py(15): start_Process->https://kabuoji3.com/stock/4957/
[2021-03-17 09:04:22]cl_getDriver.py(130): Not Found->//*[@id="base_box"]/div/div[3]/form/button
[2021-03-17 09:04:22]cl_getDriver.py(72): Open NewTab->https://kabuoji3.com/stock/4956/2021/
[2021-03-17 09:04:23]cl_getDriver.py(127): click_Success->//*[@id="base_box"]/div/div[3]/form/button
[2021-03-17 09:04:26]cl_getDriver.py(127): click_Success->//*[@id="base_box"]/div/div[3]/form/button
[2021-03-17 09:04:26]cl_getDriver.py(72): Open NewTab->https://kabuoji3.com/stock/4956/2020/
[2021-03-17 09:04:27]cl_getDriver.py(127): click_Success->//*[@id="base_box"]/div/div[3]/form/button
[2021-03-17 09:04:28]cl_getDriver.py(64): getURL=https://kabuoji3.com/stock/4957/
[2021-03-17 09:04:28]cl_getDriver.py(72): Open NewTab->https://kabuoji3.com/stock/4957/
[2021-03-17 09:04:29]cl_getDriver.py(130): Not Found->//*[@id="base_box"]/div/div[3]/form/button
[2021-03-17 09:04:30]cl_getDriver.py(127): click_Success->//*[@id="base_box"]/div/div[3]/form/button
[2021-03-17 09:04:30]cl_getDriver.py(72): Open NewTab->https://kabuoji3.com/stock/4956/2019/
[2021-03-17 09:04:31]cl_getDriver.py(130): Not Found->//*[@id="base_box"]/div/div[3]/form/button
[2021-03-17 09:04:31]cl_getDriver.py(72): Open NewTab->https://kabuoji3.com/stock/4957/2021/
[2021-03-17 09:04:31]cl_getDriver.py(127): click_Success->//*[@id="base_box"]/div/div[3]/form/button
[2021-03-17 09:04:32]cl_getDriver.py(127): click_Success->//*[@id="base_box"]/div/div[3]/form/button
[2021-03-17 09:04:33]cl_getDriver.py(127): click_Success->//*[@id="base_box"]/div/div[3]/form/button
[2021-03-17 09:04:34]cl_getDriver.py(72): Open NewTab->https://kabuoji3.com/stock/4956/2018/
[2021-03-17 09:04:34]cl_getDriver.py(127): click_Success->//*[@id="base_box"]/div/div[3]/form/button
[2021-03-17 09:04:35]cl_getDriver.py(72): Open NewTab->https://kabuoji3.com/stock/4957/2020/
[2021-03-17 09:04:35]cl_getDriver.py(127): click_Success->//*[@id="base_box"]/div/div[3]/form/button
[2021-03-17 09:04:36]cl_getDriver.py(127): click_Success->//*[@id="base_box"]/div/div[3]/form/button
[2021-03-17 09:04:38]cl_getDriver.py(127): click_Success->//*[@id="base_box"]/div/div[3]/form/button
[2021-03-17 09:04:38]cl_getDriver.py(72): Open NewTab->https://kabuoji3.com/stock/4956/2017/
[2021-03-17 09:04:38]cl_getDriver.py(127): click_Success->//*[@id="base_box"]/div/div[3]/form/button
[2021-03-17 09:04:39]cl_getDriver.py(72): Open NewTab->https://kabuoji3.com/stock/4957/2019/
[2021-03-17 09:04:40]cl_getDriver.py(127): click_Success->//*[@id="base_box"]/div/div[3]/form/button
[2021-03-17 09:04:40]cl_getDriver.py(127): click_Success->//*[@id="base_box"]/div/div[3]/form/button
[2021-03-17 09:04:42]cl_getDriver.py(127): click_Success->//*[@id="base_box"]/div/div[3]/form/button
[2021-03-17 09:04:42]cl_getDriver.py(127): click_Success->//*[@id="base_box"]/div/div[3]/form/button
[2021-03-17 09:04:43]cl_getDriver.py(72): Open NewTab->https://kabuoji3.com/stock/4957/2018/
[2021-03-17 09:04:43]cl_getDriver.py(72): Open NewTab->https://kabuoji3.com/stock/4956/2016/
[2021-03-17 09:04:44]cl_getDriver.py(127): click_Success->//*[@id="base_box"]/div/div[3]/form/button
[2021-03-17 09:04:45]cl_getDriver.py(127): click_Success->//*[@id="base_box"]/div/div[3]/form/button
[2021-03-17 09:04:47]cl_getDriver.py(127): click_Success->//*[@id="base_box"]/div/div[3]/form/button
[2021-03-17 09:04:47]cl_getDriver.py(72): Open NewTab->https://kabuoji3.com/stock/4957/2017/
[2021-03-17 09:04:47]cl_getDriver.py(127): click_Success->//*[@id="base_box"]/div/div[3]/form/button
[2021-03-17 09:04:47]cl_getDriver.py(72): Open NewTab->https://kabuoji3.com/stock/4956/2015/
[2021-03-17 09:04:49]cl_getDriver.py(127): click_Success->//*[@id="base_box"]/div/div[3]/form/button
[2021-03-17 09:04:49]cl_getDriver.py(127): click_Success->//*[@id="base_box"]/div/div[3]/form/button
[2021-03-17 09:04:51]cl_getDriver.py(127): click_Success->//*[@id="base_box"]/div/div[3]/form/button
[2021-03-17 09:04:51]cl_getDriver.py(72): Open NewTab->https://kabuoji3.com/stock/4956/2014/
[2021-03-17 09:04:52]cl_getDriver.py(127): click_Success->//*[@id="base_box"]/div/div[3]/form/button
[2021-03-17 09:04:52]cl_getDriver.py(72): Open NewTab->https://kabuoji3.com/stock/4957/2016/
[2021-03-17 09:04:53]cl_getDriver.py(127): click_Success->//*[@id="base_box"]/div/div[3]/form/button
[2021-03-17 09:04:53]cl_getDriver.py(127): click_Success->//*[@id="base_box"]/div/div[3]/form/button
[2021-03-17 09:04:55]cl_getDriver.py(127): click_Success->//*[@id="base_box"]/div/div[3]/form/button
[2021-03-17 09:04:56]cl_getDriver.py(72): Open NewTab->https://kabuoji3.com/stock/4956/2013/
[2021-03-17 09:04:56]cl_getDriver.py(127): click_Success->//*[@id="base_box"]/div/div[3]/form/button
[2021-03-17 09:04:56]cl_getDriver.py(72): Open NewTab->https://kabuoji3.com/stock/4957/2015/
[2021-03-17 09:04:57]cl_getDriver.py(127): click_Success->//*[@id="base_box"]/div/div[3]/form/button
[2021-03-17 09:04:57]cl_getDriver.py(127): click_Success->//*[@id="base_box"]/div/div[3]/form/button
[2021-03-17 09:04:59]cl_getDriver.py(127): click_Success->//*[@id="base_box"]/div/div[3]/form/button
[2021-03-17 09:05:00]cl_getDriver.py(72): Open NewTab->https://kabuoji3.com/stock/4956/2012/
[2021-03-17 09:05:00]cl_getDriver.py(127): click_Success->//*[@id="base_box"]/div/div[3]/form/button
[2021-03-17 09:05:00]cl_getDriver.py(72): Open NewTab->https://kabuoji3.com/stock/4957/2014/
[2021-03-17 09:05:01]cl_getDriver.py(127): click_Success->//*[@id="base_box"]/div/div[3]/form/button
[2021-03-17 09:05:02]cl_getDriver.py(127): click_Success->//*[@id="base_box"]/div/div[3]/form/button
[2021-03-17 09:05:04]cl_getDriver.py(127): click_Success->//*[@id="base_box"]/div/div[3]/form/button
[2021-03-17 09:05:04]cl_getDriver.py(127): click_Success->//*[@id="base_box"]/div/div[3]/form/button
[2021-03-17 09:05:05]cl_getDriver.py(72): Open NewTab->https://kabuoji3.com/stock/4957/2013/
[2021-03-17 09:05:05]cl_getDriver.py(72): Open NewTab->https://kabuoji3.com/stock/4956/2011/
[2021-03-17 09:05:06]cl_getDriver.py(127): click_Success->//*[@id="base_box"]/div/div[3]/form/button
[2021-03-17 09:05:06]cl_getDriver.py(127): click_Success->//*[@id="base_box"]/div/div[3]/form/button
[2021-03-17 09:05:08]cl_getDriver.py(127): click_Success->//*[@id="base_box"]/div/div[3]/form/button
[2021-03-17 09:05:09]cl_getDriver.py(127): click_Success->//*[@id="base_box"]/div/div[3]/form/button
[2021-03-17 09:05:09]cl_getDriver.py(72): Open NewTab->https://kabuoji3.com/stock/4957/2012/
[2021-03-17 09:05:09]cl_getDriver.py(72): Open NewTab->https://kabuoji3.com/stock/4956/2010/
[2021-03-17 09:05:11]cl_getDriver.py(127): click_Success->//*[@id="base_box"]/div/div[3]/form/button
[2021-03-17 09:05:11]cl_getDriver.py(127): click_Success->//*[@id="base_box"]/div/div[3]/form/button
[2021-03-17 09:05:13]cl_getDriver.py(127): click_Success->//*[@id="base_box"]/div/div[3]/form/button
[2021-03-17 09:05:13]cl_getDriver.py(127): click_Success->//*[@id="base_box"]/div/div[3]/form/button
[2021-03-17 09:05:14]cl_getDriver.py(72): Open NewTab->https://kabuoji3.com/stock/4956/2009/
[2021-03-17 09:05:14]cl_getDriver.py(72): Open NewTab->https://kabuoji3.com/stock/4957/2011/
[2021-03-17 09:05:15]cl_getDriver.py(127): click_Success->//*[@id="base_box"]/div/div[3]/form/button
[2021-03-17 09:05:15]cl_getDriver.py(127): click_Success->//*[@id="base_box"]/div/div[3]/form/button
[2021-03-17 09:05:18]cl_getDriver.py(127): click_Success->//*[@id="base_box"]/div/div[3]/form/button
[2021-03-17 09:05:18]cl_getDriver.py(127): click_Success->//*[@id="base_box"]/div/div[3]/form/button
[2021-03-17 09:05:18]cl_getDriver.py(72): Open NewTab->https://kabuoji3.com/stock/4956/2008/
[2021-03-17 09:05:18]cl_getDriver.py(72): Open NewTab->https://kabuoji3.com/stock/4957/2010/
[2021-03-17 09:05:20]cl_getDriver.py(127): click_Success->//*[@id="base_box"]/div/div[3]/form/button
[2021-03-17 09:05:20]cl_getDriver.py(127): click_Success->//*[@id="base_box"]/div/div[3]/form/button
[2021-03-17 09:05:22]cl_getDriver.py(127): click_Success->//*[@id="base_box"]/div/div[3]/form/button
[2021-03-17 09:05:22]cl_getDriver.py(72): Open NewTab->https://kabuoji3.com/stock/4957/2009/
[2021-03-17 09:05:23]cl_getDriver.py(127): click_Success->//*[@id="base_box"]/div/div[3]/form/button
[2021-03-17 09:05:23]cl_getDriver.py(72): Open NewTab->https://kabuoji3.com/stock/4956/2007/
[2021-03-17 09:05:24]cl_getDriver.py(127): click_Success->//*[@id="base_box"]/div/div[3]/form/button
[2021-03-17 09:05:25]cl_getDriver.py(127): click_Success->//*[@id="base_box"]/div/div[3]/form/button
[2021-03-17 09:05:27]cl_getDriver.py(127): click_Success->//*[@id="base_box"]/div/div[3]/form/button
[2021-03-17 09:05:27]cl_getDriver.py(72): Open NewTab->https://kabuoji3.com/stock/4957/2008/
[2021-03-17 09:05:27]cl_getDriver.py(127): click_Success->//*[@id="base_box"]/div/div[3]/form/button
[2021-03-17 09:05:27]cl_getDriver.py(72): Open NewTab->https://kabuoji3.com/stock/4956/2006/
[2021-03-17 09:05:28]cl_getDriver.py(127): click_Success->//*[@id="base_box"]/div/div[3]/form/button
[2021-03-17 09:05:29]cl_getDriver.py(127): click_Success->//*[@id="base_box"]/div/div[3]/form/button
[2021-03-17 09:05:31]cl_getDriver.py(127): click_Success->//*[@id="base_box"]/div/div[3]/form/button
[2021-03-17 09:05:31]cl_getDriver.py(72): Open NewTab->https://kabuoji3.com/stock/4957/2007/
[2021-03-17 09:05:31]cl_getDriver.py(127): click_Success->//*[@id="base_box"]/div/div[3]/form/button
[2021-03-17 09:05:32]cl_getDriver.py(72): Open NewTab->https://kabuoji3.com/stock/4956/2005/
[2021-03-17 09:05:32]cl_getDriver.py(127): click_Success->//*[@id="base_box"]/div/div[3]/form/button
[2021-03-17 09:05:33]cl_getDriver.py(127): click_Success->//*[@id="base_box"]/div/div[3]/form/button
[2021-03-17 09:05:35]cl_getDriver.py(127): click_Success->//*[@id="base_box"]/div/div[3]/form/button
[2021-03-17 09:05:35]cl_getDriver.py(72): Open NewTab->https://kabuoji3.com/stock/4957/2006/
[2021-03-17 09:05:36]cl_getDriver.py(127): click_Success->//*[@id="base_box"]/div/div[3]/form/button
[2021-03-17 09:05:36]cl_getDriver.py(127): click_Success->//*[@id="base_box"]/div/div[3]/form/button
[2021-03-17 09:05:36]cl_getDriver.py(72): Open NewTab->https://kabuoji3.com/stock/4956/2004/
[2021-03-17 09:05:38]cl_getDriver.py(127): click_Success->//*[@id="base_box"]/div/div[3]/form/button
[2021-03-17 09:05:39]cl_getDriver.py(127): click_Success->//*[@id="base_box"]/div/div[3]/form/button
[2021-03-17 09:05:39]cl_getDriver.py(72): Open NewTab->https://kabuoji3.com/stock/4957/2005/
[2021-03-17 09:05:40]cl_getDriver.py(127): click_Success->//*[@id="base_box"]/div/div[3]/form/button
[2021-03-17 09:05:40]cl_getDriver.py(72): Open NewTab->https://kabuoji3.com/stock/4956/2003/
[2021-03-17 09:05:40]cl_getDriver.py(127): click_Success->//*[@id="base_box"]/div/div[3]/form/button
[2021-03-17 09:05:42]cl_getDriver.py(127): click_Success->//*[@id="base_box"]/div/div[3]/form/button
[2021-03-17 09:05:43]cl_getDriver.py(127): click_Success->//*[@id="base_box"]/div/div[3]/form/button
[2021-03-17 09:05:43]cl_getDriver.py(72): Open NewTab->https://kabuoji3.com/stock/4957/2004/
[2021-03-17 09:05:44]cl_getDriver.py(127): click_Success->//*[@id="base_box"]/div/div[3]/form/button
[2021-03-17 09:05:44]cl_getDriver.py(72): Open NewTab->https://kabuoji3.com/stock/4956/2002/
[2021-03-17 09:05:45]cl_getDriver.py(127): click_Success->//*[@id="base_box"]/div/div[3]/form/button
[2021-03-17 09:05:45]cl_getDriver.py(127): click_Success->//*[@id="base_box"]/div/div[3]/form/button
[2021-03-17 09:05:47]cl_getDriver.py(127): click_Success->//*[@id="base_box"]/div/div[3]/form/button
[2021-03-17 09:05:47]cl_getDriver.py(72): Open NewTab->https://kabuoji3.com/stock/4957/2003/
[2021-03-17 09:05:48]cl_getDriver.py(127): click_Success->//*[@id="base_box"]/div/div[3]/form/button
[2021-03-17 09:05:48]cl_getDriver.py(72): Open NewTab->https://kabuoji3.com/stock/4956/2001/
[2021-03-17 09:05:49]cl_getDriver.py(127): click_Success->//*[@id="base_box"]/div/div[3]/form/button
[2021-03-17 09:05:49]cl_getDriver.py(127): click_Success->//*[@id="base_box"]/div/div[3]/form/button
[2021-03-17 09:05:51]cl_getDriver.py(127): click_Success->//*[@id="base_box"]/div/div[3]/form/button
[2021-03-17 09:05:51]cl_getDriver.py(72): Open NewTab->https://kabuoji3.com/stock/4957/2002/
[2021-03-17 09:05:52]cl_getDriver.py(127): click_Success->//*[@id="base_box"]/div/div[3]/form/button
[2021-03-17 09:05:52]cl_getDriver.py(72): Open NewTab->https://kabuoji3.com/stock/4956/2000/
[2021-03-17 09:05:53]cl_getDriver.py(127): click_Success->//*[@id="base_box"]/div/div[3]/form/button
[2021-03-17 09:05:54]cl_getDriver.py(127): click_Success->//*[@id="base_box"]/div/div[3]/form/button
[2021-03-17 09:05:56]cl_getDriver.py(127): click_Success->//*[@id="base_box"]/div/div[3]/form/button
[2021-03-17 09:05:56]cl_getDriver.py(72): Open NewTab->https://kabuoji3.com/stock/4957/2001/
[2021-03-17 09:05:56]cl_getDriver.py(127): click_Success->//*[@id="base_box"]/div/div[3]/form/button
[2021-03-17 09:05:56]cl_getDriver.py(72): Open NewTab->https://kabuoji3.com/stock/4956/1999/
[2021-03-17 09:05:57]cl_getDriver.py(127): click_Success->//*[@id="base_box"]/div/div[3]/form/button
[2021-03-17 09:05:58]cl_getDriver.py(127): click_Success->//*[@id="base_box"]/div/div[3]/form/button
[2021-03-17 09:06:00]cl_getDriver.py(127): click_Success->//*[@id="base_box"]/div/div[3]/form/button
[2021-03-17 09:06:00]cl_getDriver.py(72): Open NewTab->https://kabuoji3.com/stock/4957/2000/
[2021-03-17 09:06:00]cl_getDriver.py(127): click_Success->//*[@id="base_box"]/div/div[3]/form/button
[2021-03-17 09:06:01]cl_getDriver.py(72): Open NewTab->https://kabuoji3.com/stock/4956/1998/
[2021-03-17 09:06:02]cl_getDriver.py(127): click_Success->//*[@id="base_box"]/div/div[3]/form/button
[2021-03-17 09:06:02]cl_getDriver.py(127): click_Success->//*[@id="base_box"]/div/div[3]/form/button
[2021-03-17 09:06:04]cl_getDriver.py(127): click_Success->//*[@id="base_box"]/div/div[3]/form/button
[2021-03-17 09:06:04]cl_getDriver.py(72): Open NewTab->https://kabuoji3.com/stock/4956/1997/
[2021-03-17 09:06:05]cl_getDriver.py(127): click_Success->//*[@id="base_box"]/div/div[3]/form/button
[2021-03-17 09:06:05]cl_getDriver.py(127): click_Success->//*[@id="base_box"]/div/div[3]/form/button
[2021-03-17 09:06:08]cl_getDriver.py(127): click_Success->//*[@id="base_box"]/div/div[3]/form/button
[2021-03-17 09:06:09]main.py(42): finished Process->https://kabuoji3.com/stock/4957/
[2021-03-17 09:06:09]main.py(15): start_Process->https://kabuoji3.com/stock/4958/
[2021-03-17 09:06:12]main.py(42): finished Process->https://kabuoji3.com/stock/4956/
[2021-03-17 09:06:12]main.py(15): start_Process->https://kabuoji3.com/stock/4960/
[2021-03-17 09:06:14]cl_getDriver.py(64): getURL=https://kabuoji3.com/stock/4958/
[2021-03-17 09:06:15]cl_getDriver.py(72): Open NewTab->https://kabuoji3.com/stock/4958/
[2021-03-17 09:06:16]cl_getDriver.py(130): Not Found->//*[@id="base_box"]/div/div[3]/form/button
[2021-03-17 09:06:17]cl_getDriver.py(64): getURL=https://kabuoji3.com/stock/4960/
[2021-03-17 09:06:18]cl_getDriver.py(130): Not Found->//*[@id="base_box"]/div/div[3]/form/button
[2021-03-17 09:06:18]cl_getDriver.py(72): Open NewTab->https://kabuoji3.com/stock/4958/2021/
[2021-03-17 09:06:18]cl_getDriver.py(72): Open NewTab->https://kabuoji3.com/stock/4960/
[2021-03-17 09:06:19]cl_getDriver.py(127): click_Success->//*[@id="base_box"]/div/div[3]/form/button
[2021-03-17 09:06:19]cl_getDriver.py(130): Not Found->//*[@id="base_box"]/div/div[3]/form/button
[2021-03-17 09:06:21]cl_getDriver.py(130): Not Found->//*[@id="base_box"]/div/div[3]/form/button
[2021-03-17 09:06:21]cl_getDriver.py(127): click_Success->//*[@id="base_box"]/div/div[3]/form/button
[2021-03-17 09:06:21]cl_getDriver.py(72): Open NewTab->https://kabuoji3.com/stock/4960/2021/
[2021-03-17 09:06:22]cl_getDriver.py(72): Open NewTab->https://kabuoji3.com/stock/4958/2020/
[2021-03-17 09:06:23]cl_getDriver.py(127): click_Success->//*[@id="base_box"]/div/div[3]/form/button
[2021-03-17 09:06:23]cl_getDriver.py(127): click_Success->//*[@id="base_box"]/div/div[3]/form/button
[2021-03-17 09:06:25]cl_getDriver.py(127): click_Success->//*[@id="base_box"]/div/div[3]/form/button
[2021-03-17 09:06:25]cl_getDriver.py(72): Open NewTab->https://kabuoji3.com/stock/4960/2020/
[2021-03-17 09:06:25]cl_getDriver.py(127): click_Success->//*[@id="base_box"]/div/div[3]/form/button
[2021-03-17 09:06:26]cl_getDriver.py(72): Open NewTab->https://kabuoji3.com/stock/4958/2019/
[2021-03-17 09:06:27]cl_getDriver.py(127): click_Success->//*[@id="base_box"]/div/div[3]/form/button
[2021-03-17 09:06:27]cl_getDriver.py(127): click_Success->//*[@id="base_box"]/div/div[3]/form/button
[2021-03-17 09:06:29]cl_getDriver.py(127): click_Success->//*[@id="base_box"]/div/div[3]/form/button
[2021-03-17 09:06:29]cl_getDriver.py(72): Open NewTab->https://kabuoji3.com/stock/4960/2019/
[2021-03-17 09:06:29]cl_getDriver.py(127): click_Success->//*[@id="base_box"]/div/div[3]/form/button
[2021-03-17 09:06:30]cl_getDriver.py(72): Open NewTab->https://kabuoji3.com/stock/4958/2018/
[2021-03-17 09:06:31]cl_getDriver.py(127): click_Success->//*[@id="base_box"]/div/div[3]/form/button
[2021-03-17 09:06:31]cl_getDriver.py(127): click_Success->//*[@id="base_box"]/div/div[3]/form/button
[2021-03-17 09:06:33]cl_getDriver.py(127): click_Success->//*[@id="base_box"]/div/div[3]/form/button
[2021-03-17 09:06:33]cl_getDriver.py(72): Open NewTab->https://kabuoji3.com/stock/4960/2018/
[2021-03-17 09:06:34]cl_getDriver.py(127): click_Success->//*[@id="base_box"]/div/div[3]/form/button
[2021-03-17 09:06:34]cl_getDriver.py(72): Open NewTab->https://kabuoji3.com/stock/4958/2017/
[2021-03-17 09:06:35]cl_getDriver.py(127): click_Success->//*[@id="base_box"]/div/div[3]/form/button
[2021-03-17 09:06:36]cl_getDriver.py(127): click_Success->//*[@id="base_box"]/div/div[3]/form/button
[2021-03-17 09:06:37]cl_getDriver.py(127): click_Success->//*[@id="base_box"]/div/div[3]/form/button
[2021-03-17 09:06:38]cl_getDriver.py(72): Open NewTab->https://kabuoji3.com/stock/4958/2016/
[2021-03-17 09:06:38]cl_getDriver.py(127): click_Success->//*[@id="base_box"]/div/div[3]/form/button
[2021-03-17 09:06:39]cl_getDriver.py(72): Open NewTab->https://kabuoji3.com/stock/4960/2017/
[2021-03-17 09:06:39]cl_getDriver.py(127): click_Success->//*[@id="base_box"]/div/div[3]/form/button
[2021-03-17 09:06:40]cl_getDriver.py(127): click_Success->//*[@id="base_box"]/div/div[3]/form/button
[2021-03-17 09:06:41]cl_getDriver.py(127): click_Success->//*[@id="base_box"]/div/div[3]/form/button
[2021-03-17 09:06:41]cl_getDriver.py(72): Open NewTab->https://kabuoji3.com/stock/4958/2015/
[2021-03-17 09:06:42]cl_getDriver.py(127): click_Success->//*[@id="base_box"]/div/div[3]/form/button
[2021-03-17 09:06:43]cl_getDriver.py(72): Open NewTab->https://kabuoji3.com/stock/4960/2016/
[2021-03-17 09:06:43]cl_getDriver.py(127): click_Success->//*[@id="base_box"]/div/div[3]/form/button
[2021-03-17 09:06:44]cl_getDriver.py(127): click_Success->//*[@id="base_box"]/div/div[3]/form/button
[2021-03-17 09:06:45]cl_getDriver.py(127): click_Success->//*[@id="base_box"]/div/div[3]/form/button
[2021-03-17 09:06:46]cl_getDriver.py(72): Open NewTab->https://kabuoji3.com/stock/4958/2014/
[2021-03-17 09:06:46]cl_getDriver.py(127): click_Success->//*[@id="base_box"]/div/div[3]/form/button
[2021-03-17 09:06:47]cl_getDriver.py(72): Open NewTab->https://kabuoji3.com/stock/4960/2015/
[2021-03-17 09:06:47]cl_getDriver.py(127): click_Success->//*[@id="base_box"]/div/div[3]/form/button
[2021-03-17 09:06:48]cl_getDriver.py(127): click_Success->//*[@id="base_box"]/div/div[3]/form/button
[2021-03-17 09:06:50]cl_getDriver.py(127): click_Success->//*[@id="base_box"]/div/div[3]/form/button
[2021-03-17 09:06:50]cl_getDriver.py(72): Open NewTab->https://kabuoji3.com/stock/4958/2013/
[2021-03-17 09:06:50]cl_getDriver.py(127): click_Success->//*[@id="base_box"]/div/div[3]/form/button
[2021-03-17 09:06:51]cl_getDriver.py(72): Open NewTab->https://kabuoji3.com/stock/4960/2014/
[2021-03-17 09:06:51]cl_getDriver.py(127): click_Success->//*[@id="base_box"]/div/div[3]/form/button
[2021-03-17 09:06:52]cl_getDriver.py(127): click_Success->//*[@id="base_box"]/div/div[3]/form/button
[2021-03-17 09:06:54]cl_getDriver.py(127): click_Success->//*[@id="base_box"]/div/div[3]/form/button
[2021-03-17 09:06:54]cl_getDriver.py(72): Open NewTab->https://kabuoji3.com/stock/4958/2012/
[2021-03-17 09:06:54]cl_getDriver.py(127): click_Success->//*[@id="base_box"]/div/div[3]/form/button
[2021-03-17 09:06:55]cl_getDriver.py(72): Open NewTab->https://kabuoji3.com/stock/4960/2013/
[2021-03-17 09:06:56]cl_getDriver.py(127): click_Success->//*[@id="base_box"]/div/div[3]/form/button
[2021-03-17 09:06:56]cl_getDriver.py(127): click_Success->//*[@id="base_box"]/div/div[3]/form/button
[2021-03-17 09:06:58]cl_getDriver.py(127): click_Success->//*[@id="base_box"]/div/div[3]/form/button
[2021-03-17 09:06:58]cl_getDriver.py(72): Open NewTab->https://kabuoji3.com/stock/4958/2011/
[2021-03-17 09:06:58]cl_getDriver.py(127): click_Success->//*[@id="base_box"]/div/div[3]/form/button
[2021-03-17 09:06:59]cl_getDriver.py(72): Open NewTab->https://kabuoji3.com/stock/4960/2012/
[2021-03-17 09:07:00]cl_getDriver.py(127): click_Success->//*[@id="base_box"]/div/div[3]/form/button
[2021-03-17 09:07:01]cl_getDriver.py(127): click_Success->//*[@id="base_box"]/div/div[3]/form/button
[2021-03-17 09:07:02]cl_getDriver.py(127): click_Success->//*[@id="base_box"]/div/div[3]/form/button
[2021-03-17 09:07:02]cl_getDriver.py(72): Open NewTab->https://kabuoji3.com/stock/4958/2010/
[2021-03-17 09:07:03]cl_getDriver.py(127): click_Success->//*[@id="base_box"]/div/div[3]/form/button
[2021-03-17 09:07:03]cl_getDriver.py(72): Open NewTab->https://kabuoji3.com/stock/4960/2011/
[2021-03-17 09:07:04]cl_getDriver.py(127): click_Success->//*[@id="base_box"]/div/div[3]/form/button
[2021-03-17 09:07:06]cl_getDriver.py(127): click_Success->//*[@id="base_box"]/div/div[3]/form/button
[2021-03-17 09:07:06]cl_getDriver.py(72): Open NewTab->https://kabuoji3.com/stock/4958/2009/
[2021-03-17 09:07:06]cl_getDriver.py(127): click_Success->//*[@id="base_box"]/div/div[3]/form/button
[2021-03-17 09:07:07]cl_getDriver.py(127): click_Success->//*[@id="base_box"]/div/div[3]/form/button
[2021-03-17 09:07:09]cl_getDriver.py(127): click_Success->//*[@id="base_box"]/div/div[3]/form/button
[2021-03-17 09:07:09]cl_getDriver.py(72): Open NewTab->https://kabuoji3.com/stock/4960/2010/
[2021-03-17 09:07:10]cl_getDriver.py(127): click_Success->//*[@id="base_box"]/div/div[3]/form/button
[2021-03-17 09:07:10]cl_getDriver.py(72): Open NewTab->https://kabuoji3.com/stock/4958/2008/
[2021-03-17 09:07:10]cl_getDriver.py(127): click_Success->//*[@id="base_box"]/div/div[3]/form/button
[2021-03-17 09:07:12]cl_getDriver.py(127): click_Success->//*[@id="base_box"]/div/div[3]/form/button
[2021-03-17 09:07:13]cl_getDriver.py(127): click_Success->//*[@id="base_box"]/div/div[3]/form/button
[2021-03-17 09:07:13]cl_getDriver.py(72): Open NewTab->https://kabuoji3.com/stock/4960/2009/
[2021-03-17 09:07:14]cl_getDriver.py(127): click_Success->//*[@id="base_box"]/div/div[3]/form/button
[2021-03-17 09:07:14]cl_getDriver.py(127): click_Success->//*[@id="base_box"]/div/div[3]/form/button
[2021-03-17 09:07:15]cl_getDriver.py(72): Open NewTab->https://kabuoji3.com/stock/4958/2007/
[2021-03-17 09:07:16]cl_getDriver.py(127): click_Success->//*[@id="base_box"]/div/div[3]/form/button
[2021-03-17 09:07:16]cl_getDriver.py(127): click_Success->//*[@id="base_box"]/div/div[3]/form/button
[2021-03-17 09:07:17]cl_getDriver.py(72): Open NewTab->https://kabuoji3.com/stock/4960/2008/
[2021-03-17 09:07:18]cl_getDriver.py(127): click_Success->//*[@id="base_box"]/div/div[3]/form/button
[2021-03-17 09:07:18]cl_getDriver.py(127): click_Success->//*[@id="base_box"]/div/div[3]/form/button
[2021-03-17 09:07:18]cl_getDriver.py(72): Open NewTab->https://kabuoji3.com/stock/4958/2006/
[2021-03-17 09:07:20]cl_getDriver.py(127): click_Success->//*[@id="base_box"]/div/div[3]/form/button
[2021-03-17 09:07:20]cl_getDriver.py(127): click_Success->//*[@id="base_box"]/div/div[3]/form/button
[2021-03-17 09:07:20]cl_getDriver.py(72): Open NewTab->https://kabuoji3.com/stock/4960/2007/
[2021-03-17 09:07:21]cl_getDriver.py(127): click_Success->//*[@id="base_box"]/div/div[3]/form/button
[2021-03-17 09:07:23]cl_getDriver.py(127): click_Success->//*[@id="base_box"]/div/div[3]/form/button
[2021-03-17 09:07:23]cl_getDriver.py(72): Open NewTab->https://kabuoji3.com/stock/4958/2005/
[2021-03-17 09:07:24]cl_getDriver.py(127): click_Success->//*[@id="base_box"]/div/div[3]/form/button
[2021-03-17 09:07:24]cl_getDriver.py(72): Open NewTab->https://kabuoji3.com/stock/4960/2006/
[2021-03-17 09:07:25]cl_getDriver.py(127): click_Success->//*[@id="base_box"]/div/div[3]/form/button
[2021-03-17 09:07:26]cl_getDriver.py(127): click_Success->//*[@id="base_box"]/div/div[3]/form/button
[2021-03-17 09:07:27]cl_getDriver.py(127): click_Success->//*[@id="base_box"]/div/div[3]/form/button
[2021-03-17 09:07:27]cl_getDriver.py(72): Open NewTab->https://kabuoji3.com/stock/4958/2004/
[2021-03-17 09:07:29]cl_getDriver.py(127): click_Success->//*[@id="base_box"]/div/div[3]/form/button
[2021-03-17 09:07:29]cl_getDriver.py(127): click_Success->//*[@id="base_box"]/div/div[3]/form/button
[2021-03-17 09:07:30]cl_getDriver.py(72): Open NewTab->https://kabuoji3.com/stock/4960/2005/
[2021-03-17 09:07:30]cl_getDriver.py(127): click_Success->//*[@id="base_box"]/div/div[3]/form/button
[2021-03-17 09:07:31]cl_getDriver.py(127): click_Success->//*[@id="base_box"]/div/div[3]/form/button
[2021-03-17 09:07:31]cl_getDriver.py(72): Open NewTab->https://kabuoji3.com/stock/4958/2003/
[2021-03-17 09:07:32]cl_getDriver.py(127): click_Success->//*[@id="base_box"]/div/div[3]/form/button
[2021-03-17 09:07:33]cl_getDriver.py(127): click_Success->//*[@id="base_box"]/div/div[3]/form/button
[2021-03-17 09:07:33]cl_getDriver.py(72): Open NewTab->https://kabuoji3.com/stock/4960/2004/
[2021-03-17 09:07:34]cl_getDriver.py(127): click_Success->//*[@id="base_box"]/div/div[3]/form/button
[2021-03-17 09:07:35]cl_getDriver.py(127): click_Success->//*[@id="base_box"]/div/div[3]/form/button
[2021-03-17 09:07:35]cl_getDriver.py(72): Open NewTab->https://kabuoji3.com/stock/4958/2002/
[2021-03-17 09:07:36]cl_getDriver.py(127): click_Success->//*[@id="base_box"]/div/div[3]/form/button
[2021-03-17 09:07:36]cl_getDriver.py(127): click_Success->//*[@id="base_box"]/div/div[3]/form/button
[2021-03-17 09:07:37]cl_getDriver.py(72): Open NewTab->https://kabuoji3.com/stock/4960/2003/
[2021-03-17 09:07:38]cl_getDriver.py(127): click_Success->//*[@id="base_box"]/div/div[3]/form/button
[2021-03-17 09:07:38]cl_getDriver.py(127): click_Success->//*[@id="base_box"]/div/div[3]/form/button
[2021-03-17 09:07:39]cl_getDriver.py(72): Open NewTab->https://kabuoji3.com/stock/4958/2001/
[2021-03-17 09:07:40]cl_getDriver.py(127): click_Success->//*[@id="base_box"]/div/div[3]/form/button
[2021-03-17 09:07:40]cl_getDriver.py(127): click_Success->//*[@id="base_box"]/div/div[3]/form/button
[2021-03-17 09:07:40]cl_getDriver.py(72): Open NewTab->https://kabuoji3.com/stock/4960/2002/
[2021-03-17 09:07:41]cl_getDriver.py(127): click_Success->//*[@id="base_box"]/div/div[3]/form/button
[2021-03-17 09:07:42]cl_getDriver.py(127): click_Success->//*[@id="base_box"]/div/div[3]/form/button
[2021-03-17 09:07:42]cl_getDriver.py(72): Open NewTab->https://kabuoji3.com/stock/4958/2000/
[2021-03-17 09:07:43]cl_getDriver.py(127): click_Success->//*[@id="base_box"]/div/div[3]/form/button
[2021-03-17 09:07:44]cl_getDriver.py(127): click_Success->//*[@id="base_box"]/div/div[3]/form/button
[2021-03-17 09:07:44]cl_getDriver.py(72): Open NewTab->https://kabuoji3.com/stock/4960/2001/
[2021-03-17 09:07:45]cl_getDriver.py(127): click_Success->//*[@id="base_box"]/div/div[3]/form/button
[2021-03-17 09:07:46]cl_getDriver.py(127): click_Success->//*[@id="base_box"]/div/div[3]/form/button
[2021-03-17 09:07:47]cl_getDriver.py(127): click_Success->//*[@id="base_box"]/div/div[3]/form/button
[2021-03-17 09:07:48]cl_getDriver.py(72): Open NewTab->https://kabuoji3.com/stock/4960/2000/
[2021-03-17 09:07:49]cl_getDriver.py(127): click_Success->//*[@id="base_box"]/div/div[3]/form/button
[2021-03-17 09:07:50]main.py(42): finished Process->https://kabuoji3.com/stock/4958/
[2021-03-17 09:07:50]main.py(15): start_Process->https://kabuoji3.com/stock/4962/
[2021-03-17 09:07:51]cl_getDriver.py(127): click_Success->//*[@id="base_box"]/div/div[3]/form/button
[2021-03-17 09:07:51]cl_getDriver.py(72): Open NewTab->https://kabuoji3.com/stock/4960/1999/
[2021-03-17 09:07:53]cl_getDriver.py(127): click_Success->//*[@id="base_box"]/div/div[3]/form/button
[2021-03-17 09:07:55]cl_getDriver.py(127): click_Success->//*[@id="base_box"]/div/div[3]/form/button
[2021-03-17 09:07:55]cl_getDriver.py(72): Open NewTab->https://kabuoji3.com/stock/4960/1998/
[2021-03-17 09:07:56]cl_getDriver.py(127): click_Success->//*[@id="base_box"]/div/div[3]/form/button
[2021-03-17 09:07:57]cl_getDriver.py(64): getURL=https://kabuoji3.com/stock/4962/
[2021-03-17 09:07:57]cl_getDriver.py(72): Open NewTab->https://kabuoji3.com/stock/4962/
[2021-03-17 09:07:58]cl_getDriver.py(130): Not Found->//*[@id="base_box"]/div/div[3]/form/button
[2021-03-17 09:07:59]cl_getDriver.py(127): click_Success->//*[@id="base_box"]/div/div[3]/form/button
[2021-03-17 09:08:00]cl_getDriver.py(130): Not Found->//*[@id="base_box"]/div/div[3]/form/button
[2021-03-17 09:08:00]cl_getDriver.py(72): Open NewTab->https://kabuoji3.com/stock/4962/2021/
[2021-03-17 09:08:01]cl_getDriver.py(127): click_Success->//*[@id="base_box"]/div/div[3]/form/button
[2021-03-17 09:08:03]main.py(42): finished Process->https://kabuoji3.com/stock/4960/
[2021-03-17 09:08:03]main.py(15): start_Process->https://kabuoji3.com/stock/4963/
[2021-03-17 09:08:03]cl_getDriver.py(127): click_Success->//*[@id="base_box"]/div/div[3]/form/button
[2021-03-17 09:08:04]cl_getDriver.py(72): Open NewTab->https://kabuoji3.com/stock/4962/2020/
[2021-03-17 09:08:05]cl_getDriver.py(127): click_Success->//*[@id="base_box"]/div/div[3]/form/button
[2021-03-17 09:08:07]cl_getDriver.py(127): click_Success->//*[@id="base_box"]/div/div[3]/form/button
[2021-03-17 09:08:07]cl_getDriver.py(72): Open NewTab->https://kabuoji3.com/stock/4962/2019/
[2021-03-17 09:08:09]cl_getDriver.py(127): click_Success->//*[@id="base_box"]/div/div[3]/form/button
[2021-03-17 09:08:09]cl_getDriver.py(64): getURL=https://kabuoji3.com/stock/4963/
[2021-03-17 09:08:10]cl_getDriver.py(72): Open NewTab->https://kabuoji3.com/stock/4963/
[2021-03-17 09:08:11]cl_getDriver.py(130): Not Found->//*[@id="base_box"]/div/div[3]/form/button
[2021-03-17 09:08:11]cl_getDriver.py(127): click_Success->//*[@id="base_box"]/div/div[3]/form/button
[2021-03-17 09:08:11]cl_getDriver.py(72): Open NewTab->https://kabuoji3.com/stock/4962/2018/
[2021-03-17 09:08:12]cl_getDriver.py(127): click_Success->//*[@id="base_box"]/div/div[3]/form/button
[2021-03-17 09:08:13]cl_getDriver.py(130): Not Found->//*[@id="base_box"]/div/div[3]/form/button
[2021-03-17 09:08:13]cl_getDriver.py(72): Open NewTab->https://kabuoji3.com/stock/4963/2021/
[2021-03-17 09:08:14]cl_getDriver.py(127): click_Success->//*[@id="base_box"]/div/div[3]/form/button
[2021-03-17 09:08:14]cl_getDriver.py(127): click_Success->//*[@id="base_box"]/div/div[3]/form/button
[2021-03-17 09:08:15]cl_getDriver.py(72): Open NewTab->https://kabuoji3.com/stock/4962/2017/
[2021-03-17 09:08:16]cl_getDriver.py(127): click_Success->//*[@id="base_box"]/div/div[3]/form/button
[2021-03-17 09:08:16]cl_getDriver.py(127): click_Success->//*[@id="base_box"]/div/div[3]/form/button
[2021-03-17 09:08:16]cl_getDriver.py(72): Open NewTab->https://kabuoji3.com/stock/4963/2020/
[2021-03-17 09:08:18]cl_getDriver.py(127): click_Success->//*[@id="base_box"]/div/div[3]/form/button
[2021-03-17 09:08:18]cl_getDriver.py(127): click_Success->//*[@id="base_box"]/div/div[3]/form/button
[2021-03-17 09:08:18]cl_getDriver.py(72): Open NewTab->https://kabuoji3.com/stock/4962/2016/
[2021-03-17 09:08:19]cl_getDriver.py(127): click_Success->//*[@id="base_box"]/div/div[3]/form/button
[2021-03-17 09:08:20]cl_getDriver.py(127): click_Success->//*[@id="base_box"]/div/div[3]/form/button
[2021-03-17 09:08:21]cl_getDriver.py(72): Open NewTab->https://kabuoji3.com/stock/4963/2019/
[2021-03-17 09:08:22]cl_getDriver.py(127): click_Success->//*[@id="base_box"]/div/div[3]/form/button
[2021-03-17 09:08:22]cl_getDriver.py(127): click_Success->//*[@id="base_box"]/div/div[3]/form/button
[2021-03-17 09:08:22]cl_getDriver.py(72): Open NewTab->https://kabuoji3.com/stock/4962/2015/
[2021-03-17 09:08:24]cl_getDriver.py(127): click_Success->//*[@id="base_box"]/div/div[3]/form/button
[2021-03-17 09:08:24]cl_getDriver.py(127): click_Success->//*[@id="base_box"]/div/div[3]/form/button
[2021-03-17 09:08:24]cl_getDriver.py(72): Open NewTab->https://kabuoji3.com/stock/4963/2018/
[2021-03-17 09:08:25]cl_getDriver.py(127): click_Success->//*[@id="base_box"]/div/div[3]/form/button
[2021-03-17 09:08:26]cl_getDriver.py(127): click_Success->//*[@id="base_box"]/div/div[3]/form/button
[2021-03-17 09:08:26]cl_getDriver.py(72): Open NewTab->https://kabuoji3.com/stock/4962/2014/
[2021-03-17 09:08:27]cl_getDriver.py(127): click_Success->//*[@id="base_box"]/div/div[3]/form/button
[2021-03-17 09:08:28]cl_getDriver.py(127): click_Success->//*[@id="base_box"]/div/div[3]/form/button
[2021-03-17 09:08:28]cl_getDriver.py(72): Open NewTab->https://kabuoji3.com/stock/4963/2017/
[2021-03-17 09:08:29]cl_getDriver.py(127): click_Success->//*[@id="base_box"]/div/div[3]/form/button
[2021-03-17 09:08:30]cl_getDriver.py(127): click_Success->//*[@id="base_box"]/div/div[3]/form/button
[2021-03-17 09:08:30]cl_getDriver.py(72): Open NewTab->https://kabuoji3.com/stock/4962/2013/
[2021-03-17 09:08:31]cl_getDriver.py(127): click_Success->//*[@id="base_box"]/div/div[3]/form/button
[2021-03-17 09:08:32]cl_getDriver.py(127): click_Success->//*[@id="base_box"]/div/div[3]/form/button
[2021-03-17 09:08:32]cl_getDriver.py(72): Open NewTab->https://kabuoji3.com/stock/4963/2016/
[2021-03-17 09:08:33]cl_getDriver.py(127): click_Success->//*[@id="base_box"]/div/div[3]/form/button
[2021-03-17 09:08:34]cl_getDriver.py(127): click_Success->//*[@id="base_box"]/div/div[3]/form/button
[2021-03-17 09:08:34]cl_getDriver.py(72): Open NewTab->https://kabuoji3.com/stock/4962/2012/
[2021-03-17 09:08:35]cl_getDriver.py(127): click_Success->//*[@id="base_box"]/div/div[3]/form/button
[2021-03-17 09:08:36]cl_getDriver.py(72): Open NewTab->https://kabuoji3.com/stock/4963/2015/
[2021-03-17 09:08:36]cl_getDriver.py(127): click_Success->//*[@id="base_box"]/div/div[3]/form/button
[2021-03-17 09:08:37]cl_getDriver.py(127): click_Success->//*[@id="base_box"]/div/div[3]/form/button
[2021-03-17 09:08:38]cl_getDriver.py(127): click_Success->//*[@id="base_box"]/div/div[3]/form/button
[2021-03-17 09:08:39]cl_getDriver.py(72): Open NewTab->https://kabuoji3.com/stock/4962/2011/
[2021-03-17 09:08:39]cl_getDriver.py(127): click_Success->//*[@id="base_box"]/div/div[3]/form/button
[2021-03-17 09:08:40]cl_getDriver.py(127): click_Success->//*[@id="base_box"]/div/div[3]/form/button
[2021-03-17 09:08:40]cl_getDriver.py(72): Open NewTab->https://kabuoji3.com/stock/4963/2014/
[2021-03-17 09:08:41]cl_getDriver.py(127): click_Success->//*[@id="base_box"]/div/div[3]/form/button
[2021-03-17 09:08:42]cl_getDriver.py(127): click_Success->//*[@id="base_box"]/div/div[3]/form/button
[2021-03-17 09:08:43]cl_getDriver.py(72): Open NewTab->https://kabuoji3.com/stock/4962/2010/
[2021-03-17 09:08:43]cl_getDriver.py(127): click_Success->//*[@id="base_box"]/div/div[3]/form/button
[2021-03-17 09:08:44]cl_getDriver.py(72): Open NewTab->https://kabuoji3.com/stock/4963/2013/
[2021-03-17 09:08:44]cl_getDriver.py(127): click_Success->//*[@id="base_box"]/div/div[3]/form/button
[2021-03-17 09:08:45]cl_getDriver.py(127): click_Success->//*[@id="base_box"]/div/div[3]/form/button
[2021-03-17 09:08:46]cl_getDriver.py(127): click_Success->//*[@id="base_box"]/div/div[3]/form/button
[2021-03-17 09:08:46]cl_getDriver.py(72): Open NewTab->https://kabuoji3.com/stock/4962/2009/
[2021-03-17 09:08:47]cl_getDriver.py(127): click_Success->//*[@id="base_box"]/div/div[3]/form/button
[2021-03-17 09:08:48]cl_getDriver.py(127): click_Success->//*[@id="base_box"]/div/div[3]/form/button
[2021-03-17 09:08:48]cl_getDriver.py(72): Open NewTab->https://kabuoji3.com/stock/4963/2012/
[2021-03-17 09:08:49]cl_getDriver.py(127): click_Success->//*[@id="base_box"]/div/div[3]/form/button
[2021-03-17 09:08:50]cl_getDriver.py(127): click_Success->//*[@id="base_box"]/div/div[3]/form/button
[2021-03-17 09:08:50]cl_getDriver.py(72): Open NewTab->https://kabuoji3.com/stock/4962/2008/
[2021-03-17 09:08:51]cl_getDriver.py(127): click_Success->//*[@id="base_box"]/div/div[3]/form/button
[2021-03-17 09:08:52]cl_getDriver.py(127): click_Success->//*[@id="base_box"]/div/div[3]/form/button
[2021-03-17 09:08:52]cl_getDriver.py(72): Open NewTab->https://kabuoji3.com/stock/4963/2011/
[2021-03-17 09:08:53]cl_getDriver.py(127): click_Success->//*[@id="base_box"]/div/div[3]/form/button
[2021-03-17 09:08:54]cl_getDriver.py(127): click_Success->//*[@id="base_box"]/div/div[3]/form/button
[2021-03-17 09:08:54]cl_getDriver.py(72): Open NewTab->https://kabuoji3.com/stock/4962/2007/
[2021-03-17 09:08:55]cl_getDriver.py(127): click_Success->//*[@id="base_box"]/div/div[3]/form/button
[2021-03-17 09:08:56]cl_getDriver.py(127): click_Success->//*[@id="base_box"]/div/div[3]/form/button
[2021-03-17 09:08:56]cl_getDriver.py(72): Open NewTab->https://kabuoji3.com/stock/4963/2010/
[2021-03-17 09:08:57]cl_getDriver.py(127): click_Success->//*[@id="base_box"]/div/div[3]/form/button
[2021-03-17 09:08:57]cl_getDriver.py(127): click_Success->//*[@id="base_box"]/div/div[3]/form/button
[2021-03-17 09:08:58]cl_getDriver.py(72): Open NewTab->https://kabuoji3.com/stock/4962/2006/
[2021-03-17 09:08:59]cl_getDriver.py(127): click_Success->//*[@id="base_box"]/div/div[3]/form/button
[2021-03-17 09:08:59]cl_getDriver.py(127): click_Success->//*[@id="base_box"]/div/div[3]/form/button
[2021-03-17 09:09:00]cl_getDriver.py(72): Open NewTab->https://kabuoji3.com/stock/4963/2009/
[2021-03-17 09:09:01]cl_getDriver.py(127): click_Success->//*[@id="base_box"]/div/div[3]/form/button
[2021-03-17 09:09:01]cl_getDriver.py(127): click_Success->//*[@id="base_box"]/div/div[3]/form/button
[2021-03-17 09:09:01]cl_getDriver.py(72): Open NewTab->https://kabuoji3.com/stock/4962/2005/
[2021-03-17 09:09:03]cl_getDriver.py(127): click_Success->//*[@id="base_box"]/div/div[3]/form/button
[2021-03-17 09:09:03]cl_getDriver.py(127): click_Success->//*[@id="base_box"]/div/div[3]/form/button
[2021-03-17 09:09:03]cl_getDriver.py(72): Open NewTab->https://kabuoji3.com/stock/4963/2008/
[2021-03-17 09:09:04]cl_getDriver.py(127): click_Success->//*[@id="base_box"]/div/div[3]/form/button
[2021-03-17 09:09:05]cl_getDriver.py(127): click_Success->//*[@id="base_box"]/div/div[3]/form/button
[2021-03-17 09:09:06]cl_getDriver.py(72): Open NewTab->https://kabuoji3.com/stock/4962/2004/
[2021-03-17 09:09:07]cl_getDriver.py(127): click_Success->//*[@id="base_box"]/div/div[3]/form/button
[2021-03-17 09:09:07]cl_getDriver.py(127): click_Success->//*[@id="base_box"]/div/div[3]/form/button
[2021-03-17 09:09:07]cl_getDriver.py(72): Open NewTab->https://kabuoji3.com/stock/4963/2007/
[2021-03-17 09:09:08]cl_getDriver.py(127): click_Success->//*[@id="base_box"]/div/div[3]/form/button
[2021-03-17 09:09:09]cl_getDriver.py(127): click_Success->//*[@id="base_box"]/div/div[3]/form/button
[2021-03-17 09:09:09]cl_getDriver.py(72): Open NewTab->https://kabuoji3.com/stock/4962/2003/
[2021-03-17 09:09:11]cl_getDriver.py(127): click_Success->//*[@id="base_box"]/div/div[3]/form/button
[2021-03-17 09:09:11]cl_getDriver.py(127): click_Success->//*[@id="base_box"]/div/div[3]/form/button
[2021-03-17 09:09:11]cl_getDriver.py(72): Open NewTab->https://kabuoji3.com/stock/4963/2006/
[2021-03-17 09:09:12]cl_getDriver.py(127): click_Success->//*[@id="base_box"]/div/div[3]/form/button
[2021-03-17 09:09:13]cl_getDriver.py(127): click_Success->//*[@id="base_box"]/div/div[3]/form/button
[2021-03-17 09:09:14]cl_getDriver.py(72): Open NewTab->https://kabuoji3.com/stock/4962/2002/
[2021-03-17 09:09:15]cl_getDriver.py(127): click_Success->//*[@id="base_box"]/div/div[3]/form/button
[2021-03-17 09:09:15]cl_getDriver.py(127): click_Success->//*[@id="base_box"]/div/div[3]/form/button
[2021-03-17 09:09:15]cl_getDriver.py(72): Open NewTab->https://kabuoji3.com/stock/4963/2005/
[2021-03-17 09:09:16]cl_getDriver.py(127): click_Success->//*[@id="base_box"]/div/div[3]/form/button
[2021-03-17 09:09:17]cl_getDriver.py(127): click_Success->//*[@id="base_box"]/div/div[3]/form/button
[2021-03-17 09:09:18]cl_getDriver.py(72): Open NewTab->https://kabuoji3.com/stock/4962/2001/
[2021-03-17 09:09:18]cl_getDriver.py(127): click_Success->//*[@id="base_box"]/div/div[3]/form/button
[2021-03-17 09:09:19]cl_getDriver.py(127): click_Success->//*[@id="base_box"]/div/div[3]/form/button
[2021-03-17 09:09:19]cl_getDriver.py(72): Open NewTab->https://kabuoji3.com/stock/4963/2004/
[2021-03-17 09:09:20]cl_getDriver.py(127): click_Success->//*[@id="base_box"]/div/div[3]/form/button
[2021-03-17 09:09:21]cl_getDriver.py(127): click_Success->//*[@id="base_box"]/div/div[3]/form/button
[2021-03-17 09:09:23]cl_getDriver.py(127): click_Success->//*[@id="base_box"]/div/div[3]/form/button
[2021-03-17 09:09:24]cl_getDriver.py(72): Open NewTab->https://kabuoji3.com/stock/4963/2003/
[2021-03-17 09:09:25]cl_getDriver.py(127): click_Success->//*[@id="base_box"]/div/div[3]/form/button
[2021-03-17 09:09:25]main.py(42): finished Process->https://kabuoji3.com/stock/4962/
[2021-03-17 09:09:25]main.py(15): start_Process->https://kabuoji3.com/stock/4966/
[2021-03-17 09:09:27]cl_getDriver.py(127): click_Success->//*[@id="base_box"]/div/div[3]/form/button
[2021-03-17 09:09:27]cl_getDriver.py(72): Open NewTab->https://kabuoji3.com/stock/4963/2002/
[2021-03-17 09:09:29]cl_getDriver.py(127): click_Success->//*[@id="base_box"]/div/div[3]/form/button
[2021-03-17 09:09:31]cl_getDriver.py(127): click_Success->//*[@id="base_box"]/div/div[3]/form/button
[2021-03-17 09:09:31]cl_getDriver.py(72): Open NewTab->https://kabuoji3.com/stock/4963/2001/
[2021-03-17 09:09:32]cl_getDriver.py(127): click_Success->//*[@id="base_box"]/div/div[3]/form/button
[2021-03-17 09:09:33]cl_getDriver.py(64): getURL=https://kabuoji3.com/stock/4966/
[2021-03-17 09:09:33]cl_getDriver.py(72): Open NewTab->https://kabuoji3.com/stock/4966/
[2021-03-17 09:09:34]cl_getDriver.py(130): Not Found->//*[@id="base_box"]/div/div[3]/form/button
[2021-03-17 09:09:35]cl_getDriver.py(127): click_Success->//*[@id="base_box"]/div/div[3]/form/button
[2021-03-17 09:09:35]cl_getDriver.py(72): Open NewTab->https://kabuoji3.com/stock/4963/2000/
[2021-03-17 09:09:36]cl_getDriver.py(130): Not Found->//*[@id="base_box"]/div/div[3]/form/button
[2021-03-17 09:09:36]cl_getDriver.py(127): click_Success->//*[@id="base_box"]/div/div[3]/form/button
[2021-03-17 09:09:36]cl_getDriver.py(72): Open NewTab->https://kabuoji3.com/stock/4966/2021/
[2021-03-17 09:09:37]cl_getDriver.py(127): click_Success->//*[@id="base_box"]/div/div[3]/form/button
[2021-03-17 09:09:38]cl_getDriver.py(127): click_Success->//*[@id="base_box"]/div/div[3]/form/button
[2021-03-17 09:09:38]cl_getDriver.py(72): Open NewTab->https://kabuoji3.com/stock/4963/1999/
[2021-03-17 09:09:40]cl_getDriver.py(127): click_Success->//*[@id="base_box"]/div/div[3]/form/button
[2021-03-17 09:09:40]cl_getDriver.py(127): click_Success->//*[@id="base_box"]/div/div[3]/form/button
[2021-03-17 09:09:40]cl_getDriver.py(72): Open NewTab->https://kabuoji3.com/stock/4966/2020/
[2021-03-17 09:09:41]cl_getDriver.py(127): click_Success->//*[@id="base_box"]/div/div[3]/form/button
[2021-03-17 09:09:42]cl_getDriver.py(127): click_Success->//*[@id="base_box"]/div/div[3]/form/button
[2021-03-17 09:09:42]cl_getDriver.py(72): Open NewTab->https://kabuoji3.com/stock/4963/1998/
[2021-03-17 09:09:44]cl_getDriver.py(127): click_Success->//*[@id="base_box"]/div/div[3]/form/button
[2021-03-17 09:09:44]cl_getDriver.py(127): click_Success->//*[@id="base_box"]/div/div[3]/form/button
[2021-03-17 09:09:44]cl_getDriver.py(72): Open NewTab->https://kabuoji3.com/stock/4966/2019/
[2021-03-17 09:09:45]cl_getDriver.py(127): click_Success->//*[@id="base_box"]/div/div[3]/form/button
[2021-03-17 09:09:46]cl_getDriver.py(127): click_Success->//*[@id="base_box"]/div/div[3]/form/button
[2021-03-17 09:09:47]cl_getDriver.py(72): Open NewTab->https://kabuoji3.com/stock/4963/1997/
[2021-03-17 09:09:48]cl_getDriver.py(127): click_Success->//*[@id="base_box"]/div/div[3]/form/button
[2021-03-17 09:09:48]cl_getDriver.py(127): click_Success->//*[@id="base_box"]/div/div[3]/form/button
[2021-03-17 09:09:49]cl_getDriver.py(72): Open NewTab->https://kabuoji3.com/stock/4966/2018/
[2021-03-17 09:09:50]cl_getDriver.py(127): click_Success->//*[@id="base_box"]/div/div[3]/form/button
[2021-03-17 09:09:50]cl_getDriver.py(127): click_Success->//*[@id="base_box"]/div/div[3]/form/button
[2021-03-17 09:09:50]cl_getDriver.py(72): Open NewTab->https://kabuoji3.com/stock/4963/1996/
[2021-03-17 09:09:51]cl_getDriver.py(127): click_Success->//*[@id="base_box"]/div/div[3]/form/button
[2021-03-17 09:09:52]cl_getDriver.py(127): click_Success->//*[@id="base_box"]/div/div[3]/form/button
[2021-03-17 09:09:52]cl_getDriver.py(72): Open NewTab->https://kabuoji3.com/stock/4966/2017/
[2021-03-17 09:09:54]cl_getDriver.py(127): click_Success->//*[@id="base_box"]/div/div[3]/form/button
[2021-03-17 09:09:54]cl_getDriver.py(127): click_Success->//*[@id="base_box"]/div/div[3]/form/button
[2021-03-17 09:09:56]cl_getDriver.py(127): click_Success->//*[@id="base_box"]/div/div[3]/form/button
[2021-03-17 09:09:56]cl_getDriver.py(72): Open NewTab->https://kabuoji3.com/stock/4966/2016/
[2021-03-17 09:09:57]cl_getDriver.py(127): click_Success->//*[@id="base_box"]/div/div[3]/form/button
[2021-03-17 09:09:58]main.py(42): finished Process->https://kabuoji3.com/stock/4963/
[2021-03-17 09:09:58]main.py(15): start_Process->https://kabuoji3.com/stock/4967/
[2021-03-17 09:10:00]cl_getDriver.py(127): click_Success->//*[@id="base_box"]/div/div[3]/form/button
[2021-03-17 09:10:00]cl_getDriver.py(72): Open NewTab->https://kabuoji3.com/stock/4966/2015/
[2021-03-17 09:10:01]cl_getDriver.py(127): click_Success->//*[@id="base_box"]/div/div[3]/form/button
[2021-03-17 09:10:04]cl_getDriver.py(127): click_Success->//*[@id="base_box"]/div/div[3]/form/button
[2021-03-17 09:10:04]cl_getDriver.py(72): Open NewTab->https://kabuoji3.com/stock/4966/2014/
[2021-03-17 09:10:05]cl_getDriver.py(64): getURL=https://kabuoji3.com/stock/4967/
[2021-03-17 09:10:05]cl_getDriver.py(72): Open NewTab->https://kabuoji3.com/stock/4967/
[2021-03-17 09:10:05]cl_getDriver.py(127): click_Success->//*[@id="base_box"]/div/div[3]/form/button
[2021-03-17 09:10:06]cl_getDriver.py(130): Not Found->//*[@id="base_box"]/div/div[3]/form/button
[2021-03-17 09:10:07]cl_getDriver.py(127): click_Success->//*[@id="base_box"]/div/div[3]/form/button
[2021-03-17 09:10:08]cl_getDriver.py(130): Not Found->//*[@id="base_box"]/div/div[3]/form/button
[2021-03-17 09:10:08]cl_getDriver.py(72): Open NewTab->https://kabuoji3.com/stock/4966/2013/
[2021-03-17 09:10:08]cl_getDriver.py(72): Open NewTab->https://kabuoji3.com/stock/4967/2021/
[2021-03-17 09:10:09]cl_getDriver.py(127): click_Success->//*[@id="base_box"]/div/div[3]/form/button
[2021-03-17 09:10:09]cl_getDriver.py(127): click_Success->//*[@id="base_box"]/div/div[3]/form/button
[2021-03-17 09:10:12]cl_getDriver.py(127): click_Success->//*[@id="base_box"]/div/div[3]/form/button
[2021-03-17 09:10:12]cl_getDriver.py(127): click_Success->//*[@id="base_box"]/div/div[3]/form/button
[2021-03-17 09:10:12]cl_getDriver.py(72): Open NewTab->https://kabuoji3.com/stock/4966/2012/
[2021-03-17 09:10:12]cl_getDriver.py(72): Open NewTab->https://kabuoji3.com/stock/4967/2020/
[2021-03-17 09:10:14]cl_getDriver.py(127): click_Success->//*[@id="base_box"]/div/div[3]/form/button
[2021-03-17 09:10:14]cl_getDriver.py(127): click_Success->//*[@id="base_box"]/div/div[3]/form/button
[2021-03-17 09:10:16]cl_getDriver.py(127): click_Success->//*[@id="base_box"]/div/div[3]/form/button
[2021-03-17 09:10:16]cl_getDriver.py(127): click_Success->//*[@id="base_box"]/div/div[3]/form/button
[2021-03-17 09:10:17]cl_getDriver.py(72): Open NewTab->https://kabuoji3.com/stock/4967/2019/
[2021-03-17 09:10:17]cl_getDriver.py(72): Open NewTab->https://kabuoji3.com/stock/4966/2011/
[2021-03-17 09:10:18]cl_getDriver.py(127): click_Success->//*[@id="base_box"]/div/div[3]/form/button
[2021-03-17 09:10:19]cl_getDriver.py(127): click_Success->//*[@id="base_box"]/div/div[3]/form/button
[2021-03-17 09:10:21]cl_getDriver.py(127): click_Success->//*[@id="base_box"]/div/div[3]/form/button
[2021-03-17 09:10:21]cl_getDriver.py(127): click_Success->//*[@id="base_box"]/div/div[3]/form/button
[2021-03-17 09:10:21]cl_getDriver.py(72): Open NewTab->https://kabuoji3.com/stock/4967/2018/
[2021-03-17 09:10:21]cl_getDriver.py(72): Open NewTab->https://kabuoji3.com/stock/4966/2010/
[2021-03-17 09:10:22]cl_getDriver.py(127): click_Success->//*[@id="base_box"]/div/div[3]/form/button
[2021-03-17 09:10:23]cl_getDriver.py(127): click_Success->//*[@id="base_box"]/div/div[3]/form/button
[2021-03-17 09:10:25]cl_getDriver.py(127): click_Success->//*[@id="base_box"]/div/div[3]/form/button
[2021-03-17 09:10:25]cl_getDriver.py(127): click_Success->//*[@id="base_box"]/div/div[3]/form/button
[2021-03-17 09:10:25]cl_getDriver.py(72): Open NewTab->https://kabuoji3.com/stock/4967/2017/
[2021-03-17 09:10:26]cl_getDriver.py(72): Open NewTab->https://kabuoji3.com/stock/4966/2009/
[2021-03-17 09:10:27]cl_getDriver.py(127): click_Success->//*[@id="base_box"]/div/div[3]/form/button
[2021-03-17 09:10:27]cl_getDriver.py(127): click_Success->//*[@id="base_box"]/div/div[3]/form/button
[2021-03-17 09:10:29]cl_getDriver.py(127): click_Success->//*[@id="base_box"]/div/div[3]/form/button
[2021-03-17 09:10:29]cl_getDriver.py(72): Open NewTab->https://kabuoji3.com/stock/4967/2016/
[2021-03-17 09:10:30]cl_getDriver.py(127): click_Success->//*[@id="base_box"]/div/div[3]/form/button
[2021-03-17 09:10:30]cl_getDriver.py(72): Open NewTab->https://kabuoji3.com/stock/4966/2008/
[2021-03-17 09:10:31]cl_getDriver.py(127): click_Success->//*[@id="base_box"]/div/div[3]/form/button
[2021-03-17 09:10:32]cl_getDriver.py(127): click_Success->//*[@id="base_box"]/div/div[3]/form/button
[2021-03-17 09:10:33]cl_getDriver.py(127): click_Success->//*[@id="base_box"]/div/div[3]/form/button
[2021-03-17 09:10:33]cl_getDriver.py(72): Open NewTab->https://kabuoji3.com/stock/4967/2015/
[2021-03-17 09:10:34]cl_getDriver.py(127): click_Success->//*[@id="base_box"]/div/div[3]/form/button
[2021-03-17 09:10:35]cl_getDriver.py(72): Open NewTab->https://kabuoji3.com/stock/4966/2007/
[2021-03-17 09:10:35]cl_getDriver.py(127): click_Success->//*[@id="base_box"]/div/div[3]/form/button
[2021-03-17 09:10:36]cl_getDriver.py(127): click_Success->//*[@id="base_box"]/div/div[3]/form/button
[2021-03-17 09:10:37]cl_getDriver.py(127): click_Success->//*[@id="base_box"]/div/div[3]/form/button
[2021-03-17 09:10:37]cl_getDriver.py(72): Open NewTab->https://kabuoji3.com/stock/4967/2014/
[2021-03-17 09:10:38]cl_getDriver.py(127): click_Success->//*[@id="base_box"]/div/div[3]/form/button
[2021-03-17 09:10:38]cl_getDriver.py(127): click_Success->//*[@id="base_box"]/div/div[3]/form/button
[2021-03-17 09:10:39]cl_getDriver.py(72): Open NewTab->https://kabuoji3.com/stock/4966/2006/
[2021-03-17 09:10:40]cl_getDriver.py(127): click_Success->//*[@id="base_box"]/div/div[3]/form/button
[2021-03-17 09:10:41]cl_getDriver.py(127): click_Success->//*[@id="base_box"]/div/div[3]/form/button
[2021-03-17 09:10:41]cl_getDriver.py(72): Open NewTab->https://kabuoji3.com/stock/4967/2013/
[2021-03-17 09:10:43]cl_getDriver.py(127): click_Success->//*[@id="base_box"]/div/div[3]/form/button
[2021-03-17 09:10:43]cl_getDriver.py(127): click_Success->//*[@id="base_box"]/div/div[3]/form/button
[2021-03-17 09:10:43]cl_getDriver.py(72): Open NewTab->https://kabuoji3.com/stock/4966/2005/
[2021-03-17 09:10:45]cl_getDriver.py(127): click_Success->//*[@id="base_box"]/div/div[3]/form/button
[2021-03-17 09:10:45]cl_getDriver.py(72): Open NewTab->https://kabuoji3.com/stock/4967/2012/
[2021-03-17 09:10:46]cl_getDriver.py(127): click_Success->//*[@id="base_box"]/div/div[3]/form/button
[2021-03-17 09:10:47]cl_getDriver.py(127): click_Success->//*[@id="base_box"]/div/div[3]/form/button
[2021-03-17 09:10:48]cl_getDriver.py(127): click_Success->//*[@id="base_box"]/div/div[3]/form/button
[2021-03-17 09:10:48]cl_getDriver.py(72): Open NewTab->https://kabuoji3.com/stock/4966/2004/
[2021-03-17 09:10:49]cl_getDriver.py(127): click_Success->//*[@id="base_box"]/div/div[3]/form/button
[2021-03-17 09:10:49]cl_getDriver.py(127): click_Success->//*[@id="base_box"]/div/div[3]/form/button
[2021-03-17 09:10:50]cl_getDriver.py(72): Open NewTab->https://kabuoji3.com/stock/4967/2011/
[2021-03-17 09:10:51]cl_getDriver.py(127): click_Success->//*[@id="base_box"]/div/div[3]/form/button
[2021-03-17 09:10:52]cl_getDriver.py(127): click_Success->//*[@id="base_box"]/div/div[3]/form/button
[2021-03-17 09:10:52]cl_getDriver.py(72): Open NewTab->https://kabuoji3.com/stock/4966/2003/
[2021-03-17 09:10:53]cl_getDriver.py(127): click_Success->//*[@id="base_box"]/div/div[3]/form/button
[2021-03-17 09:10:53]cl_getDriver.py(72): Open NewTab->https://kabuoji3.com/stock/4967/2010/
[2021-03-17 09:10:53]cl_getDriver.py(127): click_Success->//*[@id="base_box"]/div/div[3]/form/button
[2021-03-17 09:10:54]cl_getDriver.py(127): click_Success->//*[@id="base_box"]/div/div[3]/form/button
[2021-03-17 09:10:56]cl_getDriver.py(127): click_Success->//*[@id="base_box"]/div/div[3]/form/button
[2021-03-17 09:10:56]cl_getDriver.py(72): Open NewTab->https://kabuoji3.com/stock/4966/2002/
[2021-03-17 09:10:57]cl_getDriver.py(127): click_Success->//*[@id="base_box"]/div/div[3]/form/button
[2021-03-17 09:10:57]cl_getDriver.py(72): Open NewTab->https://kabuoji3.com/stock/4967/2009/
[2021-03-17 09:10:58]cl_getDriver.py(127): click_Success->//*[@id="base_box"]/div/div[3]/form/button
[2021-03-17 09:10:58]cl_getDriver.py(127): click_Success->//*[@id="base_box"]/div/div[3]/form/button
[2021-03-17 09:11:00]cl_getDriver.py(127): click_Success->//*[@id="base_box"]/div/div[3]/form/button
[2021-03-17 09:11:00]cl_getDriver.py(72): Open NewTab->https://kabuoji3.com/stock/4966/2001/
[2021-03-17 09:11:01]cl_getDriver.py(127): click_Success->//*[@id="base_box"]/div/div[3]/form/button
[2021-03-17 09:11:01]cl_getDriver.py(72): Open NewTab->https://kabuoji3.com/stock/4967/2008/
[2021-03-17 09:11:02]cl_getDriver.py(127): click_Success->//*[@id="base_box"]/div/div[3]/form/button
[2021-03-17 09:11:02]cl_getDriver.py(127): click_Success->//*[@id="base_box"]/div/div[3]/form/button
[2021-03-17 09:11:04]cl_getDriver.py(127): click_Success->//*[@id="base_box"]/div/div[3]/form/button
[2021-03-17 09:11:05]cl_getDriver.py(72): Open NewTab->https://kabuoji3.com/stock/4966/2000/
[2021-03-17 09:11:05]cl_getDriver.py(127): click_Success->//*[@id="base_box"]/div/div[3]/form/button
[2021-03-17 09:11:05]cl_getDriver.py(72): Open NewTab->https://kabuoji3.com/stock/4967/2007/
[2021-03-17 09:11:06]cl_getDriver.py(127): click_Success->//*[@id="base_box"]/div/div[3]/form/button
[2021-03-17 09:11:07]cl_getDriver.py(127): click_Success->//*[@id="base_box"]/div/div[3]/form/button
[2021-03-17 09:11:08]cl_getDriver.py(127): click_Success->//*[@id="base_box"]/div/div[3]/form/button
[2021-03-17 09:11:09]cl_getDriver.py(72): Open NewTab->https://kabuoji3.com/stock/4966/1999/
[2021-03-17 09:11:09]cl_getDriver.py(127): click_Success->//*[@id="base_box"]/div/div[3]/form/button
[2021-03-17 09:11:10]cl_getDriver.py(72): Open NewTab->https://kabuoji3.com/stock/4967/2006/
[2021-03-17 09:11:10]cl_getDriver.py(127): click_Success->//*[@id="base_box"]/div/div[3]/form/button
[2021-03-17 09:11:11]cl_getDriver.py(127): click_Success->//*[@id="base_box"]/div/div[3]/form/button
[2021-03-17 09:11:12]cl_getDriver.py(127): click_Success->//*[@id="base_box"]/div/div[3]/form/button
[2021-03-17 09:11:13]cl_getDriver.py(72): Open NewTab->https://kabuoji3.com/stock/4966/1998/
[2021-03-17 09:11:13]cl_getDriver.py(127): click_Success->//*[@id="base_box"]/div/div[3]/form/button
[2021-03-17 09:11:14]cl_getDriver.py(72): Open NewTab->https://kabuoji3.com/stock/4967/2005/
[2021-03-17 09:11:14]cl_getDriver.py(127): click_Success->//*[@id="base_box"]/div/div[3]/form/button
[2021-03-17 09:11:15]cl_getDriver.py(127): click_Success->//*[@id="base_box"]/div/div[3]/form/button
[2021-03-17 09:11:16]cl_getDriver.py(127): click_Success->//*[@id="base_box"]/div/div[3]/form/button
[2021-03-17 09:11:17]cl_getDriver.py(72): Open NewTab->https://kabuoji3.com/stock/4966/1997/
[2021-03-17 09:11:17]cl_getDriver.py(127): click_Success->//*[@id="base_box"]/div/div[3]/form/button
[2021-03-17 09:11:18]cl_getDriver.py(72): Open NewTab->https://kabuoji3.com/stock/4967/2004/
[2021-03-17 09:11:18]cl_getDriver.py(127): click_Success->//*[@id="base_box"]/div/div[3]/form/button
[2021-03-17 09:11:19]cl_getDriver.py(127): click_Success->//*[@id="base_box"]/div/div[3]/form/button
[2021-03-17 09:11:20]cl_getDriver.py(127): click_Success->//*[@id="base_box"]/div/div[3]/form/button
[2021-03-17 09:11:21]cl_getDriver.py(127): click_Success->//*[@id="base_box"]/div/div[3]/form/button
[2021-03-17 09:11:22]cl_getDriver.py(72): Open NewTab->https://kabuoji3.com/stock/4967/2003/
[2021-03-17 09:11:22]cl_getDriver.py(127): click_Success->//*[@id="base_box"]/div/div[3]/form/button
[2021-03-17 09:11:25]cl_getDriver.py(127): click_Success->//*[@id="base_box"]/div/div[3]/form/button
[2021-03-17 09:11:25]cl_getDriver.py(72): Open NewTab->https://kabuoji3.com/stock/4967/2002/
[2021-03-17 09:11:25]main.py(42): finished Process->https://kabuoji3.com/stock/4966/
[2021-03-17 09:11:25]main.py(15): start_Process->https://kabuoji3.com/stock/4968/
[2021-03-17 09:11:26]cl_getDriver.py(127): click_Success->//*[@id="base_box"]/div/div[3]/form/button
[2021-03-17 09:11:29]cl_getDriver.py(127): click_Success->//*[@id="base_box"]/div/div[3]/form/button
[2021-03-17 09:11:29]cl_getDriver.py(72): Open NewTab->https://kabuoji3.com/stock/4967/2001/
[2021-03-17 09:11:30]cl_getDriver.py(127): click_Success->//*[@id="base_box"]/div/div[3]/form/button
[2021-03-17 09:11:32]cl_getDriver.py(64): getURL=https://kabuoji3.com/stock/4968/
[2021-03-17 09:11:32]cl_getDriver.py(72): Open NewTab->https://kabuoji3.com/stock/4968/
[2021-03-17 09:11:33]cl_getDriver.py(127): click_Success->//*[@id="base_box"]/div/div[3]/form/button
[2021-03-17 09:11:33]cl_getDriver.py(72): Open NewTab->https://kabuoji3.com/stock/4967/2000/
[2021-03-17 09:11:33]cl_getDriver.py(130): Not Found->//*[@id="base_box"]/div/div[3]/form/button
[2021-03-17 09:11:34]cl_getDriver.py(127): click_Success->//*[@id="base_box"]/div/div[3]/form/button
[2021-03-17 09:11:35]cl_getDriver.py(130): Not Found->//*[@id="base_box"]/div/div[3]/form/button
[2021-03-17 09:11:36]cl_getDriver.py(72): Open NewTab->https://kabuoji3.com/stock/4968/2021/
[2021-03-17 09:11:37]cl_getDriver.py(127): click_Success->//*[@id="base_box"]/div/div[3]/form/button
[2021-03-17 09:11:37]cl_getDriver.py(127): click_Success->//*[@id="base_box"]/div/div[3]/form/button
[2021-03-17 09:11:39]cl_getDriver.py(127): click_Success->//*[@id="base_box"]/div/div[3]/form/button
[2021-03-17 09:11:39]cl_getDriver.py(72): Open NewTab->https://kabuoji3.com/stock/4968/2020/
[2021-03-17 09:11:40]cl_getDriver.py(127): click_Success->//*[@id="base_box"]/div/div[3]/form/button
[2021-03-17 09:11:42]main.py(42): finished Process->https://kabuoji3.com/stock/4967/
[2021-03-17 09:11:42]main.py(15): start_Process->https://kabuoji3.com/stock/4970/
[2021-03-17 09:11:42]cl_getDriver.py(127): click_Success->//*[@id="base_box"]/div/div[3]/form/button
[2021-03-17 09:11:43]cl_getDriver.py(72): Open NewTab->https://kabuoji3.com/stock/4968/2019/
[2021-03-17 09:11:44]cl_getDriver.py(127): click_Success->//*[@id="base_box"]/div/div[3]/form/button
[2021-03-17 09:11:46]cl_getDriver.py(127): click_Success->//*[@id="base_box"]/div/div[3]/form/button
[2021-03-17 09:11:47]cl_getDriver.py(72): Open NewTab->https://kabuoji3.com/stock/4968/2018/
[2021-03-17 09:11:48]cl_getDriver.py(127): click_Success->//*[@id="base_box"]/div/div[3]/form/button
[2021-03-17 09:11:48]cl_getDriver.py(64): getURL=https://kabuoji3.com/stock/4970/
[2021-03-17 09:11:49]cl_getDriver.py(72): Open NewTab->https://kabuoji3.com/stock/4970/
[2021-03-17 09:11:50]cl_getDriver.py(130): Not Found->//*[@id="base_box"]/div/div[3]/form/button
[2021-03-17 09:11:51]cl_getDriver.py(127): click_Success->//*[@id="base_box"]/div/div[3]/form/button
[2021-03-17 09:11:51]cl_getDriver.py(72): Open NewTab->https://kabuoji3.com/stock/4968/2017/
[2021-03-17 09:11:52]cl_getDriver.py(130): Not Found->//*[@id="base_box"]/div/div[3]/form/button
[2021-03-17 09:11:52]cl_getDriver.py(72): Open NewTab->https://kabuoji3.com/stock/4970/2021/
[2021-03-17 09:11:53]cl_getDriver.py(127): click_Success->//*[@id="base_box"]/div/div[3]/form/button
[2021-03-17 09:11:53]cl_getDriver.py(127): click_Success->//*[@id="base_box"]/div/div[3]/form/button
[2021-03-17 09:11:55]cl_getDriver.py(127): click_Success->//*[@id="base_box"]/div/div[3]/form/button
[2021-03-17 09:11:55]cl_getDriver.py(72): Open NewTab->https://kabuoji3.com/stock/4968/2016/
[2021-03-17 09:11:56]cl_getDriver.py(127): click_Success->//*[@id="base_box"]/div/div[3]/form/button
[2021-03-17 09:11:56]cl_getDriver.py(72): Open NewTab->https://kabuoji3.com/stock/4970/2020/
[2021-03-17 09:11:57]cl_getDriver.py(127): click_Success->//*[@id="base_box"]/div/div[3]/form/button
[2021-03-17 09:11:58]cl_getDriver.py(127): click_Success->//*[@id="base_box"]/div/div[3]/form/button
[2021-03-17 09:11:59]cl_getDriver.py(127): click_Success->//*[@id="base_box"]/div/div[3]/form/button
[2021-03-17 09:11:59]cl_getDriver.py(72): Open NewTab->https://kabuoji3.com/stock/4968/2015/
[2021-03-17 09:12:00]cl_getDriver.py(127): click_Success->//*[@id="base_box"]/div/div[3]/form/button
[2021-03-17 09:12:00]cl_getDriver.py(72): Open NewTab->https://kabuoji3.com/stock/4970/2019/
[2021-03-17 09:12:01]cl_getDriver.py(127): click_Success->//*[@id="base_box"]/div/div[3]/form/button
[2021-03-17 09:12:02]cl_getDriver.py(127): click_Success->//*[@id="base_box"]/div/div[3]/form/button
[2021-03-17 09:12:03]cl_getDriver.py(127): click_Success->//*[@id="base_box"]/div/div[3]/form/button
[2021-03-17 09:12:04]cl_getDriver.py(72): Open NewTab->https://kabuoji3.com/stock/4968/2014/
[2021-03-17 09:12:04]cl_getDriver.py(127): click_Success->//*[@id="base_box"]/div/div[3]/form/button
[2021-03-17 09:12:04]cl_getDriver.py(72): Open NewTab->https://kabuoji3.com/stock/4970/2018/
[2021-03-17 09:12:05]cl_getDriver.py(127): click_Success->//*[@id="base_box"]/div/div[3]/form/button
[2021-03-17 09:12:06]cl_getDriver.py(127): click_Success->//*[@id="base_box"]/div/div[3]/form/button
[2021-03-17 09:12:07]cl_getDriver.py(127): click_Success->//*[@id="base_box"]/div/div[3]/form/button
[2021-03-17 09:12:08]cl_getDriver.py(72): Open NewTab->https://kabuoji3.com/stock/4968/2013/
[2021-03-17 09:12:08]cl_getDriver.py(127): click_Success->//*[@id="base_box"]/div/div[3]/form/button
[2021-03-17 09:12:09]cl_getDriver.py(72): Open NewTab->https://kabuoji3.com/stock/4970/2017/
[2021-03-17 09:12:09]cl_getDriver.py(127): click_Success->//*[@id="base_box"]/div/div[3]/form/button
[2021-03-17 09:12:10]cl_getDriver.py(127): click_Success->//*[@id="base_box"]/div/div[3]/form/button
[2021-03-17 09:12:11]cl_getDriver.py(127): click_Success->//*[@id="base_box"]/div/div[3]/form/button
[2021-03-17 09:12:12]cl_getDriver.py(72): Open NewTab->https://kabuoji3.com/stock/4968/2012/
[2021-03-17 09:12:12]cl_getDriver.py(127): click_Success->//*[@id="base_box"]/div/div[3]/form/button
[2021-03-17 09:12:13]cl_getDriver.py(72): Open NewTab->https://kabuoji3.com/stock/4970/2016/
[2021-03-17 09:12:14]cl_getDriver.py(127): click_Success->//*[@id="base_box"]/div/div[3]/form/button
[2021-03-17 09:12:14]cl_getDriver.py(127): click_Success->//*[@id="base_box"]/div/div[3]/form/button
[2021-03-17 09:12:16]cl_getDriver.py(127): click_Success->//*[@id="base_box"]/div/div[3]/form/button
[2021-03-17 09:12:17]cl_getDriver.py(127): click_Success->//*[@id="base_box"]/div/div[3]/form/button
[2021-03-17 09:12:17]cl_getDriver.py(72): Open NewTab->https://kabuoji3.com/stock/4968/2011/
[2021-03-17 09:12:17]cl_getDriver.py(72): Open NewTab->https://kabuoji3.com/stock/4970/2015/
[2021-03-17 09:12:18]cl_getDriver.py(127): click_Success->//*[@id="base_box"]/div/div[3]/form/button
[2021-03-17 09:12:18]cl_getDriver.py(127): click_Success->//*[@id="base_box"]/div/div[3]/form/button
[2021-03-17 09:12:21]cl_getDriver.py(127): click_Success->//*[@id="base_box"]/div/div[3]/form/button
[2021-03-17 09:12:21]cl_getDriver.py(72): Open NewTab->https://kabuoji3.com/stock/4968/2010/
[2021-03-17 09:12:21]cl_getDriver.py(127): click_Success->//*[@id="base_box"]/div/div[3]/form/button
[2021-03-17 09:12:22]cl_getDriver.py(72): Open NewTab->https://kabuoji3.com/stock/4970/2014/
[2021-03-17 09:12:23]cl_getDriver.py(127): click_Success->//*[@id="base_box"]/div/div[3]/form/button
[2021-03-17 09:12:23]cl_getDriver.py(127): click_Success->//*[@id="base_box"]/div/div[3]/form/button
[2021-03-17 09:12:25]cl_getDriver.py(127): click_Success->//*[@id="base_box"]/div/div[3]/form/button
[2021-03-17 09:12:25]cl_getDriver.py(127): click_Success->//*[@id="base_box"]/div/div[3]/form/button
[2021-03-17 09:12:26]cl_getDriver.py(72): Open NewTab->https://kabuoji3.com/stock/4970/2013/
[2021-03-17 09:12:26]cl_getDriver.py(72): Open NewTab->https://kabuoji3.com/stock/4968/2009/
[2021-03-17 09:12:27]cl_getDriver.py(127): click_Success->//*[@id="base_box"]/div/div[3]/form/button
[2021-03-17 09:12:29]cl_getDriver.py(127): click_Success->//*[@id="base_box"]/div/div[3]/form/button
[2021-03-17 09:12:30]cl_getDriver.py(72): Open NewTab->https://kabuoji3.com/stock/4968/2008/
[2021-03-17 09:12:31]cl_getDriver.py(127): click_Success->//*[@id="base_box"]/div/div[3]/form/button
[2021-03-17 09:12:32]cl_getDriver.py(127): click_Success->//*[@id="base_box"]/div/div[3]/form/button
[2021-03-17 09:12:34]cl_getDriver.py(127): click_Success->//*[@id="base_box"]/div/div[3]/form/button
[2021-03-17 09:12:34]cl_getDriver.py(72): Open NewTab->https://kabuoji3.com/stock/4968/2007/
[2021-03-17 09:12:34]cl_getDriver.py(127): click_Success->//*[@id="base_box"]/div/div[3]/form/button
[2021-03-17 09:12:35]cl_getDriver.py(72): Open NewTab->https://kabuoji3.com/stock/4970/2012/
[2021-03-17 09:12:36]cl_getDriver.py(127): click_Success->//*[@id="base_box"]/div/div[3]/form/button
[2021-03-17 09:12:37]cl_getDriver.py(127): click_Success->//*[@id="base_box"]/div/div[3]/form/button
[2021-03-17 09:12:38]cl_getDriver.py(127): click_Success->//*[@id="base_box"]/div/div[3]/form/button
[2021-03-17 09:12:38]cl_getDriver.py(72): Open NewTab->https://kabuoji3.com/stock/4968/2006/
[2021-03-17 09:12:39]cl_getDriver.py(127): click_Success->//*[@id="base_box"]/div/div[3]/form/button
[2021-03-17 09:12:39]cl_getDriver.py(127): click_Success->//*[@id="base_box"]/div/div[3]/form/button
[2021-03-17 09:12:40]cl_getDriver.py(72): Open NewTab->https://kabuoji3.com/stock/4970/2011/
[2021-03-17 09:12:41]cl_getDriver.py(127): click_Success->//*[@id="base_box"]/div/div[3]/form/button
[2021-03-17 09:12:42]cl_getDriver.py(127): click_Success->//*[@id="base_box"]/div/div[3]/form/button
[2021-03-17 09:12:42]cl_getDriver.py(72): Open NewTab->https://kabuoji3.com/stock/4968/2005/
[2021-03-17 09:12:43]cl_getDriver.py(127): click_Success->//*[@id="base_box"]/div/div[3]/form/button
[2021-03-17 09:12:43]cl_getDriver.py(127): click_Success->//*[@id="base_box"]/div/div[3]/form/button
[2021-03-17 09:12:44]cl_getDriver.py(72): Open NewTab->https://kabuoji3.com/stock/4970/2010/
[2021-03-17 09:12:45]cl_getDriver.py(127): click_Success->//*[@id="base_box"]/div/div[3]/form/button
[2021-03-17 09:12:46]cl_getDriver.py(127): click_Success->//*[@id="base_box"]/div/div[3]/form/button
[2021-03-17 09:12:46]cl_getDriver.py(72): Open NewTab->https://kabuoji3.com/stock/4968/2004/
[2021-03-17 09:12:47]cl_getDriver.py(127): click_Success->//*[@id="base_box"]/div/div[3]/form/button
[2021-03-17 09:12:47]cl_getDriver.py(127): click_Success->//*[@id="base_box"]/div/div[3]/form/button
[2021-03-17 09:12:47]cl_getDriver.py(72): Open NewTab->https://kabuoji3.com/stock/4970/2009/
[2021-03-17 09:12:48]cl_getDriver.py(127): click_Success->//*[@id="base_box"]/div/div[3]/form/button
[2021-03-17 09:12:50]cl_getDriver.py(127): click_Success->//*[@id="base_box"]/div/div[3]/form/button
[2021-03-17 09:12:50]cl_getDriver.py(72): Open NewTab->https://kabuoji3.com/stock/4968/2003/
[2021-03-17 09:12:51]cl_getDriver.py(127): click_Success->//*[@id="base_box"]/div/div[3]/form/button
[2021-03-17 09:12:51]cl_getDriver.py(127): click_Success->//*[@id="base_box"]/div/div[3]/form/button
[2021-03-17 09:12:51]cl_getDriver.py(72): Open NewTab->https://kabuoji3.com/stock/4970/2008/
[2021-03-17 09:12:52]cl_getDriver.py(127): click_Success->//*[@id="base_box"]/div/div[3]/form/button
[2021-03-17 09:12:53]cl_getDriver.py(127): click_Success->//*[@id="base_box"]/div/div[3]/form/button
[2021-03-17 09:12:54]cl_getDriver.py(72): Open NewTab->https://kabuoji3.com/stock/4968/2002/
[2021-03-17 09:12:55]cl_getDriver.py(127): click_Success->//*[@id="base_box"]/div/div[3]/form/button
[2021-03-17 09:12:55]cl_getDriver.py(127): click_Success->//*[@id="base_box"]/div/div[3]/form/button
[2021-03-17 09:12:55]cl_getDriver.py(72): Open NewTab->https://kabuoji3.com/stock/4970/2007/
[2021-03-17 09:12:56]cl_getDriver.py(127): click_Success->//*[@id="base_box"]/div/div[3]/form/button
[2021-03-17 09:12:57]cl_getDriver.py(127): click_Success->//*[@id="base_box"]/div/div[3]/form/button
[2021-03-17 09:12:57]cl_getDriver.py(72): Open NewTab->https://kabuoji3.com/stock/4968/2001/
[2021-03-17 09:12:58]cl_getDriver.py(127): click_Success->//*[@id="base_box"]/div/div[3]/form/button
[2021-03-17 09:12:59]cl_getDriver.py(127): click_Success->//*[@id="base_box"]/div/div[3]/form/button
[2021-03-17 09:12:59]cl_getDriver.py(72): Open NewTab->https://kabuoji3.com/stock/4970/2006/
[2021-03-17 09:13:00]cl_getDriver.py(127): click_Success->//*[@id="base_box"]/div/div[3]/form/button
[2021-03-17 09:13:00]cl_getDriver.py(127): click_Success->//*[@id="base_box"]/div/div[3]/form/button
[2021-03-17 09:13:01]cl_getDriver.py(72): Open NewTab->https://kabuoji3.com/stock/4968/2000/
[2021-03-17 09:13:02]cl_getDriver.py(127): click_Success->//*[@id="base_box"]/div/div[3]/form/button
[2021-03-17 09:13:02]cl_getDriver.py(127): click_Success->//*[@id="base_box"]/div/div[3]/form/button
[2021-03-17 09:13:03]cl_getDriver.py(72): Open NewTab->https://kabuoji3.com/stock/4970/2005/
[2021-03-17 09:13:04]cl_getDriver.py(127): click_Success->//*[@id="base_box"]/div/div[3]/form/button
[2021-03-17 09:13:04]cl_getDriver.py(127): click_Success->//*[@id="base_box"]/div/div[3]/form/button
[2021-03-17 09:13:06]cl_getDriver.py(127): click_Success->//*[@id="base_box"]/div/div[3]/form/button
[2021-03-17 09:13:06]cl_getDriver.py(72): Open NewTab->https://kabuoji3.com/stock/4970/2004/
[2021-03-17 09:13:07]cl_getDriver.py(127): click_Success->//*[@id="base_box"]/div/div[3]/form/button
[2021-03-17 09:13:08]main.py(42): finished Process->https://kabuoji3.com/stock/4968/
[2021-03-17 09:13:08]main.py(15): start_Process->https://kabuoji3.com/stock/4971/
[2021-03-17 09:13:10]cl_getDriver.py(127): click_Success->//*[@id="base_box"]/div/div[3]/form/button
[2021-03-17 09:13:10]cl_getDriver.py(72): Open NewTab->https://kabuoji3.com/stock/4970/2003/
[2021-03-17 09:13:11]cl_getDriver.py(127): click_Success->//*[@id="base_box"]/div/div[3]/form/button
[2021-03-17 09:13:14]cl_getDriver.py(127): click_Success->//*[@id="base_box"]/div/div[3]/form/button
[2021-03-17 09:13:14]cl_getDriver.py(64): getURL=https://kabuoji3.com/stock/4971/
[2021-03-17 09:13:14]cl_getDriver.py(72): Open NewTab->https://kabuoji3.com/stock/4970/2002/
[2021-03-17 09:13:14]cl_getDriver.py(72): Open NewTab->https://kabuoji3.com/stock/4971/
[2021-03-17 09:13:15]cl_getDriver.py(127): click_Success->//*[@id="base_box"]/div/div[3]/form/button
[2021-03-17 09:13:15]cl_getDriver.py(130): Not Found->//*[@id="base_box"]/div/div[3]/form/button
[2021-03-17 09:13:18]cl_getDriver.py(127): click_Success->//*[@id="base_box"]/div/div[3]/form/button
[2021-03-17 09:13:18]cl_getDriver.py(130): Not Found->//*[@id="base_box"]/div/div[3]/form/button
[2021-03-17 09:13:18]cl_getDriver.py(72): Open NewTab->https://kabuoji3.com/stock/4970/2001/
[2021-03-17 09:13:18]cl_getDriver.py(72): Open NewTab->https://kabuoji3.com/stock/4971/2021/
[2021-03-17 09:13:19]cl_getDriver.py(127): click_Success->//*[@id="base_box"]/div/div[3]/form/button
[2021-03-17 09:13:19]cl_getDriver.py(127): click_Success->//*[@id="base_box"]/div/div[3]/form/button
[2021-03-17 09:13:22]cl_getDriver.py(127): click_Success->//*[@id="base_box"]/div/div[3]/form/button
[2021-03-17 09:13:22]cl_getDriver.py(127): click_Success->//*[@id="base_box"]/div/div[3]/form/button
[2021-03-17 09:13:22]cl_getDriver.py(72): Open NewTab->https://kabuoji3.com/stock/4971/2020/
[2021-03-17 09:13:22]cl_getDriver.py(72): Open NewTab->https://kabuoji3.com/stock/4970/2000/
[2021-03-17 09:13:24]cl_getDriver.py(127): click_Success->//*[@id="base_box"]/div/div[3]/form/button
[2021-03-17 09:13:24]cl_getDriver.py(127): click_Success->//*[@id="base_box"]/div/div[3]/form/button
[2021-03-17 09:13:26]cl_getDriver.py(127): click_Success->//*[@id="base_box"]/div/div[3]/form/button
[2021-03-17 09:13:26]cl_getDriver.py(127): click_Success->//*[@id="base_box"]/div/div[3]/form/button
[2021-03-17 09:13:26]cl_getDriver.py(72): Open NewTab->https://kabuoji3.com/stock/4971/2019/
[2021-03-17 09:13:28]cl_getDriver.py(127): click_Success->//*[@id="base_box"]/div/div[3]/form/button
[2021-03-17 09:13:29]main.py(42): finished Process->https://kabuoji3.com/stock/4970/
[2021-03-17 09:13:29]main.py(15): start_Process->https://kabuoji3.com/stock/4972/
[2021-03-17 09:13:30]cl_getDriver.py(127): click_Success->//*[@id="base_box"]/div/div[3]/form/button
[2021-03-17 09:13:30]cl_getDriver.py(72): Open NewTab->https://kabuoji3.com/stock/4971/2018/
[2021-03-17 09:13:32]cl_getDriver.py(127): click_Success->//*[@id="base_box"]/div/div[3]/form/button
[2021-03-17 09:13:34]cl_getDriver.py(127): click_Success->//*[@id="base_box"]/div/div[3]/form/button
[2021-03-17 09:13:34]cl_getDriver.py(72): Open NewTab->https://kabuoji3.com/stock/4971/2017/
[2021-03-17 09:13:36]cl_getDriver.py(127): click_Success->//*[@id="base_box"]/div/div[3]/form/button
[2021-03-17 09:13:36]cl_getDriver.py(64): getURL=https://kabuoji3.com/stock/4972/
[2021-03-17 09:13:36]cl_getDriver.py(72): Open NewTab->https://kabuoji3.com/stock/4972/
[2021-03-17 09:13:37]cl_getDriver.py(130): Not Found->//*[@id="base_box"]/div/div[3]/form/button
[2021-03-17 09:13:38]cl_getDriver.py(127): click_Success->//*[@id="base_box"]/div/div[3]/form/button
[2021-03-17 09:13:39]cl_getDriver.py(72): Open NewTab->https://kabuoji3.com/stock/4971/2016/
[2021-03-17 09:13:39]cl_getDriver.py(130): Not Found->//*[@id="base_box"]/div/div[3]/form/button
[2021-03-17 09:13:39]cl_getDriver.py(72): Open NewTab->https://kabuoji3.com/stock/4972/2021/
[2021-03-17 09:13:40]cl_getDriver.py(127): click_Success->//*[@id="base_box"]/div/div[3]/form/button
[2021-03-17 09:13:40]cl_getDriver.py(127): click_Success->//*[@id="base_box"]/div/div[3]/form/button
[2021-03-17 09:13:42]cl_getDriver.py(127): click_Success->//*[@id="base_box"]/div/div[3]/form/button
[2021-03-17 09:13:42]cl_getDriver.py(127): click_Success->//*[@id="base_box"]/div/div[3]/form/button
[2021-03-17 09:13:43]cl_getDriver.py(72): Open NewTab->https://kabuoji3.com/stock/4971/2015/
[2021-03-17 09:13:43]cl_getDriver.py(72): Open NewTab->https://kabuoji3.com/stock/4972/2020/
[2021-03-17 09:13:44]cl_getDriver.py(127): click_Success->//*[@id="base_box"]/div/div[3]/form/button
[2021-03-17 09:13:45]cl_getDriver.py(127): click_Success->//*[@id="base_box"]/div/div[3]/form/button
[2021-03-17 09:13:47]cl_getDriver.py(127): click_Success->//*[@id="base_box"]/div/div[3]/form/button
[2021-03-17 09:13:47]cl_getDriver.py(72): Open NewTab->https://kabuoji3.com/stock/4972/2019/
[2021-03-17 09:13:48]cl_getDriver.py(127): click_Success->//*[@id="base_box"]/div/div[3]/form/button
[2021-03-17 09:13:48]cl_getDriver.py(72): Open NewTab->https://kabuoji3.com/stock/4971/2014/
[2021-03-17 09:13:48]cl_getDriver.py(127): click_Success->//*[@id="base_box"]/div/div[3]/form/button
[2021-03-17 09:13:49]cl_getDriver.py(127): click_Success->//*[@id="base_box"]/div/div[3]/form/button
[2021-03-17 09:13:51]cl_getDriver.py(127): click_Success->//*[@id="base_box"]/div/div[3]/form/button
[2021-03-17 09:13:51]cl_getDriver.py(72): Open NewTab->https://kabuoji3.com/stock/4972/2018/
[2021-03-17 09:13:52]cl_getDriver.py(127): click_Success->//*[@id="base_box"]/div/div[3]/form/button
[2021-03-17 09:13:52]cl_getDriver.py(72): Open NewTab->https://kabuoji3.com/stock/4971/2013/
[2021-03-17 09:13:52]cl_getDriver.py(127): click_Success->//*[@id="base_box"]/div/div[3]/form/button
[2021-03-17 09:13:53]cl_getDriver.py(127): click_Success->//*[@id="base_box"]/div/div[3]/form/button
[2021-03-17 09:13:54]cl_getDriver.py(127): click_Success->//*[@id="base_box"]/div/div[3]/form/button
[2021-03-17 09:13:55]cl_getDriver.py(72): Open NewTab->https://kabuoji3.com/stock/4972/2017/
[2021-03-17 09:13:55]cl_getDriver.py(127): click_Success->//*[@id="base_box"]/div/div[3]/form/button
[2021-03-17 09:13:56]cl_getDriver.py(72): Open NewTab->https://kabuoji3.com/stock/4971/2012/
[2021-03-17 09:13:56]cl_getDriver.py(127): click_Success->//*[@id="base_box"]/div/div[3]/form/button
[2021-03-17 09:13:57]cl_getDriver.py(127): click_Success->//*[@id="base_box"]/div/div[3]/form/button
[2021-03-17 09:13:59]cl_getDriver.py(127): click_Success->//*[@id="base_box"]/div/div[3]/form/button
[2021-03-17 09:13:59]cl_getDriver.py(72): Open NewTab->https://kabuoji3.com/stock/4972/2016/
[2021-03-17 09:13:59]cl_getDriver.py(127): click_Success->//*[@id="base_box"]/div/div[3]/form/button
[2021-03-17 09:14:00]cl_getDriver.py(72): Open NewTab->https://kabuoji3.com/stock/4971/2011/
[2021-03-17 09:14:00]cl_getDriver.py(127): click_Success->//*[@id="base_box"]/div/div[3]/form/button
[2021-03-17 09:14:01]cl_getDriver.py(127): click_Success->//*[@id="base_box"]/div/div[3]/form/button
[2021-03-17 09:14:03]cl_getDriver.py(127): click_Success->//*[@id="base_box"]/div/div[3]/form/button
[2021-03-17 09:14:03]cl_getDriver.py(72): Open NewTab->https://kabuoji3.com/stock/4972/2015/
[2021-03-17 09:14:03]cl_getDriver.py(127): click_Success->//*[@id="base_box"]/div/div[3]/form/button
[2021-03-17 09:14:04]cl_getDriver.py(72): Open NewTab->https://kabuoji3.com/stock/4971/2010/
[2021-03-17 09:14:04]cl_getDriver.py(127): click_Success->//*[@id="base_box"]/div/div[3]/form/button
[2021-03-17 09:14:05]cl_getDriver.py(127): click_Success->//*[@id="base_box"]/div/div[3]/form/button
[2021-03-17 09:14:07]cl_getDriver.py(127): click_Success->//*[@id="base_box"]/div/div[3]/form/button
[2021-03-17 09:14:07]cl_getDriver.py(72): Open NewTab->https://kabuoji3.com/stock/4972/2014/
[2021-03-17 09:14:07]cl_getDriver.py(127): click_Success->//*[@id="base_box"]/div/div[3]/form/button
[2021-03-17 09:14:08]cl_getDriver.py(72): Open NewTab->https://kabuoji3.com/stock/4971/2009/
[2021-03-17 09:14:09]cl_getDriver.py(127): click_Success->//*[@id="base_box"]/div/div[3]/form/button
[2021-03-17 09:14:09]cl_getDriver.py(127): click_Success->//*[@id="base_box"]/div/div[3]/form/button
[2021-03-17 09:14:11]cl_getDriver.py(127): click_Success->//*[@id="base_box"]/div/div[3]/form/button
[2021-03-17 09:14:11]cl_getDriver.py(72): Open NewTab->https://kabuoji3.com/stock/4972/2013/
[2021-03-17 09:14:11]cl_getDriver.py(127): click_Success->//*[@id="base_box"]/div/div[3]/form/button
[2021-03-17 09:14:12]cl_getDriver.py(72): Open NewTab->https://kabuoji3.com/stock/4971/2008/
[2021-03-17 09:14:13]cl_getDriver.py(127): click_Success->//*[@id="base_box"]/div/div[3]/form/button
[2021-03-17 09:14:14]cl_getDriver.py(127): click_Success->//*[@id="base_box"]/div/div[3]/form/button
[2021-03-17 09:14:15]cl_getDriver.py(127): click_Success->//*[@id="base_box"]/div/div[3]/form/button
[2021-03-17 09:14:16]cl_getDriver.py(72): Open NewTab->https://kabuoji3.com/stock/4972/2012/
[2021-03-17 09:14:16]cl_getDriver.py(127): click_Success->//*[@id="base_box"]/div/div[3]/form/button
[2021-03-17 09:14:17]cl_getDriver.py(72): Open NewTab->https://kabuoji3.com/stock/4971/2007/
[2021-03-17 09:14:17]cl_getDriver.py(127): click_Success->//*[@id="base_box"]/div/div[3]/form/button
[2021-03-17 09:14:18]cl_getDriver.py(127): click_Success->//*[@id="base_box"]/div/div[3]/form/button
[2021-03-17 09:14:20]cl_getDriver.py(127): click_Success->//*[@id="base_box"]/div/div[3]/form/button
[2021-03-17 09:14:20]cl_getDriver.py(72): Open NewTab->https://kabuoji3.com/stock/4972/2011/
[2021-03-17 09:14:20]cl_getDriver.py(127): click_Success->//*[@id="base_box"]/div/div[3]/form/button
[2021-03-17 09:14:21]cl_getDriver.py(72): Open NewTab->https://kabuoji3.com/stock/4971/2006/
[2021-03-17 09:14:22]cl_getDriver.py(127): click_Success->//*[@id="base_box"]/div/div[3]/form/button
[2021-03-17 09:14:22]cl_getDriver.py(127): click_Success->//*[@id="base_box"]/div/div[3]/form/button
[2021-03-17 09:14:24]cl_getDriver.py(127): click_Success->//*[@id="base_box"]/div/div[3]/form/button
[2021-03-17 09:14:24]cl_getDriver.py(72): Open NewTab->https://kabuoji3.com/stock/4972/2010/
[2021-03-17 09:14:25]cl_getDriver.py(127): click_Success->//*[@id="base_box"]/div/div[3]/form/button
[2021-03-17 09:14:25]cl_getDriver.py(72): Open NewTab->https://kabuoji3.com/stock/4971/2005/
[2021-03-17 09:14:26]cl_getDriver.py(127): click_Success->//*[@id="base_box"]/div/div[3]/form/button
[2021-03-17 09:14:27]cl_getDriver.py(127): click_Success->//*[@id="base_box"]/div/div[3]/form/button
[2021-03-17 09:14:28]cl_getDriver.py(127): click_Success->//*[@id="base_box"]/div/div[3]/form/button
[2021-03-17 09:14:28]cl_getDriver.py(72): Open NewTab->https://kabuoji3.com/stock/4972/2009/
[2021-03-17 09:14:29]cl_getDriver.py(127): click_Success->//*[@id="base_box"]/div/div[3]/form/button
[2021-03-17 09:14:29]cl_getDriver.py(72): Open NewTab->https://kabuoji3.com/stock/4971/2004/
[2021-03-17 09:14:30]cl_getDriver.py(127): click_Success->//*[@id="base_box"]/div/div[3]/form/button
[2021-03-17 09:14:31]cl_getDriver.py(127): click_Success->//*[@id="base_box"]/div/div[3]/form/button
[2021-03-17 09:14:32]cl_getDriver.py(127): click_Success->//*[@id="base_box"]/div/div[3]/form/button
[2021-03-17 09:14:32]cl_getDriver.py(72): Open NewTab->https://kabuoji3.com/stock/4972/2008/
[2021-03-17 09:14:33]cl_getDriver.py(127): click_Success->//*[@id="base_box"]/div/div[3]/form/button
[2021-03-17 09:14:34]cl_getDriver.py(72): Open NewTab->https://kabuoji3.com/stock/4971/2003/
[2021-03-17 09:14:34]cl_getDriver.py(127): click_Success->//*[@id="base_box"]/div/div[3]/form/button
[2021-03-17 09:14:35]cl_getDriver.py(127): click_Success->//*[@id="base_box"]/div/div[3]/form/button
[2021-03-17 09:14:36]cl_getDriver.py(127): click_Success->//*[@id="base_box"]/div/div[3]/form/button
[2021-03-17 09:14:37]cl_getDriver.py(72): Open NewTab->https://kabuoji3.com/stock/4972/2007/
[2021-03-17 09:14:38]cl_getDriver.py(127): click_Success->//*[@id="base_box"]/div/div[3]/form/button
[2021-03-17 09:14:38]cl_getDriver.py(127): click_Success->//*[@id="base_box"]/div/div[3]/form/button
[2021-03-17 09:14:41]cl_getDriver.py(127): click_Success->//*[@id="base_box"]/div/div[3]/form/button
[2021-03-17 09:14:41]cl_getDriver.py(72): Open NewTab->https://kabuoji3.com/stock/4972/2006/
[2021-03-17 09:14:42]cl_getDriver.py(127): click_Success->//*[@id="base_box"]/div/div[3]/form/button
[2021-03-17 09:14:42]main.py(42): finished Process->https://kabuoji3.com/stock/4971/
[2021-03-17 09:14:42]main.py(15): start_Process->https://kabuoji3.com/stock/4973/
[2021-03-17 09:14:44]cl_getDriver.py(127): click_Success->//*[@id="base_box"]/div/div[3]/form/button
[2021-03-17 09:14:45]cl_getDriver.py(72): Open NewTab->https://kabuoji3.com/stock/4972/2005/
[2021-03-17 09:14:45]cl_getDriver.py(127): click_Success->//*[@id="base_box"]/div/div[3]/form/button
[2021-03-17 09:14:48]cl_getDriver.py(64): getURL=https://kabuoji3.com/stock/4973/
[2021-03-17 09:14:48]cl_getDriver.py(127): click_Success->//*[@id="base_box"]/div/div[3]/form/button
[2021-03-17 09:14:48]cl_getDriver.py(72): Open NewTab->https://kabuoji3.com/stock/4972/2004/
[2021-03-17 09:14:48]cl_getDriver.py(72): Open NewTab->https://kabuoji3.com/stock/4973/
[2021-03-17 09:14:49]cl_getDriver.py(130): Not Found->//*[@id="base_box"]/div/div[3]/form/button
[2021-03-17 09:14:49]cl_getDriver.py(127): click_Success->//*[@id="base_box"]/div/div[3]/form/button
[2021-03-17 09:14:51]cl_getDriver.py(130): Not Found->//*[@id="base_box"]/div/div[3]/form/button
[2021-03-17 09:14:52]cl_getDriver.py(72): Open NewTab->https://kabuoji3.com/stock/4973/2021/
[2021-03-17 09:14:52]cl_getDriver.py(127): click_Success->//*[@id="base_box"]/div/div[3]/form/button
[2021-03-17 09:14:52]cl_getDriver.py(72): Open NewTab->https://kabuoji3.com/stock/4972/2003/
[2021-03-17 09:14:53]cl_getDriver.py(127): click_Success->//*[@id="base_box"]/div/div[3]/form/button
[2021-03-17 09:14:53]cl_getDriver.py(127): click_Success->//*[@id="base_box"]/div/div[3]/form/button
[2021-03-17 09:14:55]cl_getDriver.py(127): click_Success->//*[@id="base_box"]/div/div[3]/form/button
[2021-03-17 09:14:55]cl_getDriver.py(72): Open NewTab->https://kabuoji3.com/stock/4973/2020/
[2021-03-17 09:14:56]cl_getDriver.py(127): click_Success->//*[@id="base_box"]/div/div[3]/form/button
[2021-03-17 09:14:56]cl_getDriver.py(72): Open NewTab->https://kabuoji3.com/stock/4972/2002/
[2021-03-17 09:14:57]cl_getDriver.py(127): click_Success->//*[@id="base_box"]/div/div[3]/form/button
[2021-03-17 09:14:58]cl_getDriver.py(127): click_Success->//*[@id="base_box"]/div/div[3]/form/button
[2021-03-17 09:14:59]cl_getDriver.py(127): click_Success->//*[@id="base_box"]/div/div[3]/form/button
[2021-03-17 09:15:00]cl_getDriver.py(72): Open NewTab->https://kabuoji3.com/stock/4973/2019/
[2021-03-17 09:15:00]cl_getDriver.py(127): click_Success->//*[@id="base_box"]/div/div[3]/form/button
[2021-03-17 09:15:00]cl_getDriver.py(72): Open NewTab->https://kabuoji3.com/stock/4972/2001/
[2021-03-17 09:15:01]cl_getDriver.py(127): click_Success->//*[@id="base_box"]/div/div[3]/form/button
[2021-03-17 09:15:01]cl_getDriver.py(127): click_Success->//*[@id="base_box"]/div/div[3]/form/button
[2021-03-17 09:15:03]cl_getDriver.py(127): click_Success->//*[@id="base_box"]/div/div[3]/form/button
[2021-03-17 09:15:04]cl_getDriver.py(127): click_Success->//*[@id="base_box"]/div/div[3]/form/button
[2021-03-17 09:15:04]cl_getDriver.py(72): Open NewTab->https://kabuoji3.com/stock/4973/2018/
[2021-03-17 09:15:05]cl_getDriver.py(127): click_Success->//*[@id="base_box"]/div/div[3]/form/button
[2021-03-17 09:15:08]cl_getDriver.py(127): click_Success->//*[@id="base_box"]/div/div[3]/form/button
[2021-03-17 09:15:08]cl_getDriver.py(72): Open NewTab->https://kabuoji3.com/stock/4973/2017/
[2021-03-17 09:15:08]main.py(42): finished Process->https://kabuoji3.com/stock/4972/
[2021-03-17 09:15:08]main.py(15): start_Process->https://kabuoji3.com/stock/4974/
[2021-03-17 09:15:09]cl_getDriver.py(127): click_Success->//*[@id="base_box"]/div/div[3]/form/button
[2021-03-17 09:15:11]cl_getDriver.py(127): click_Success->//*[@id="base_box"]/div/div[3]/form/button
[2021-03-17 09:15:12]cl_getDriver.py(72): Open NewTab->https://kabuoji3.com/stock/4973/2016/
[2021-03-17 09:15:13]cl_getDriver.py(127): click_Success->//*[@id="base_box"]/div/div[3]/form/button
[2021-03-17 09:15:15]cl_getDriver.py(64): getURL=https://kabuoji3.com/stock/4974/
[2021-03-17 09:15:15]cl_getDriver.py(72): Open NewTab->https://kabuoji3.com/stock/4974/
[2021-03-17 09:15:15]cl_getDriver.py(127): click_Success->//*[@id="base_box"]/div/div[3]/form/button
[2021-03-17 09:15:16]cl_getDriver.py(72): Open NewTab->https://kabuoji3.com/stock/4973/2015/
[2021-03-17 09:15:16]cl_getDriver.py(130): Not Found->//*[@id="base_box"]/div/div[3]/form/button
[2021-03-17 09:15:18]cl_getDriver.py(127): click_Success->//*[@id="base_box"]/div/div[3]/form/button
[2021-03-17 09:15:18]cl_getDriver.py(130): Not Found->//*[@id="base_box"]/div/div[3]/form/button
[2021-03-17 09:15:18]cl_getDriver.py(72): Open NewTab->https://kabuoji3.com/stock/4974/2021/
[2021-03-17 09:15:19]cl_getDriver.py(127): click_Success->//*[@id="base_box"]/div/div[3]/form/button
[2021-03-17 09:15:20]cl_getDriver.py(127): click_Success->//*[@id="base_box"]/div/div[3]/form/button
[2021-03-17 09:15:20]cl_getDriver.py(72): Open NewTab->https://kabuoji3.com/stock/4973/2014/
[2021-03-17 09:15:21]cl_getDriver.py(127): click_Success->//*[@id="base_box"]/div/div[3]/form/button
[2021-03-17 09:15:21]cl_getDriver.py(127): click_Success->//*[@id="base_box"]/div/div[3]/form/button
[2021-03-17 09:15:22]cl_getDriver.py(72): Open NewTab->https://kabuoji3.com/stock/4974/2020/
[2021-03-17 09:15:23]cl_getDriver.py(127): click_Success->//*[@id="base_box"]/div/div[3]/form/button
[2021-03-17 09:15:24]cl_getDriver.py(127): click_Success->//*[@id="base_box"]/div/div[3]/form/button
[2021-03-17 09:15:24]cl_getDriver.py(72): Open NewTab->https://kabuoji3.com/stock/4973/2013/
[2021-03-17 09:15:25]cl_getDriver.py(127): click_Success->//*[@id="base_box"]/div/div[3]/form/button
[2021-03-17 09:15:25]cl_getDriver.py(127): click_Success->//*[@id="base_box"]/div/div[3]/form/button
[2021-03-17 09:15:26]cl_getDriver.py(72): Open NewTab->https://kabuoji3.com/stock/4974/2019/
[2021-03-17 09:15:27]cl_getDriver.py(127): click_Success->//*[@id="base_box"]/div/div[3]/form/button
[2021-03-17 09:15:28]cl_getDriver.py(127): click_Success->//*[@id="base_box"]/div/div[3]/form/button
[2021-03-17 09:15:28]cl_getDriver.py(72): Open NewTab->https://kabuoji3.com/stock/4973/2012/
[2021-03-17 09:15:29]cl_getDriver.py(127): click_Success->//*[@id="base_box"]/div/div[3]/form/button
[2021-03-17 09:15:29]cl_getDriver.py(127): click_Success->//*[@id="base_box"]/div/div[3]/form/button
[2021-03-17 09:15:29]cl_getDriver.py(72): Open NewTab->https://kabuoji3.com/stock/4974/2018/
[2021-03-17 09:15:31]cl_getDriver.py(127): click_Success->//*[@id="base_box"]/div/div[3]/form/button
[2021-03-17 09:15:31]cl_getDriver.py(127): click_Success->//*[@id="base_box"]/div/div[3]/form/button
[2021-03-17 09:15:32]cl_getDriver.py(72): Open NewTab->https://kabuoji3.com/stock/4973/2011/
[2021-03-17 09:15:33]cl_getDriver.py(127): click_Success->//*[@id="base_box"]/div/div[3]/form/button
[2021-03-17 09:15:33]cl_getDriver.py(127): click_Success->//*[@id="base_box"]/div/div[3]/form/button
[2021-03-17 09:15:34]cl_getDriver.py(72): Open NewTab->https://kabuoji3.com/stock/4974/2017/
[2021-03-17 09:15:35]cl_getDriver.py(127): click_Success->//*[@id="base_box"]/div/div[3]/form/button
[2021-03-17 09:15:35]cl_getDriver.py(127): click_Success->//*[@id="base_box"]/div/div[3]/form/button
[2021-03-17 09:15:35]cl_getDriver.py(72): Open NewTab->https://kabuoji3.com/stock/4973/2010/
[2021-03-17 09:15:37]cl_getDriver.py(127): click_Success->//*[@id="base_box"]/div/div[3]/form/button
[2021-03-17 09:15:37]cl_getDriver.py(127): click_Success->//*[@id="base_box"]/div/div[3]/form/button
[2021-03-17 09:15:37]cl_getDriver.py(72): Open NewTab->https://kabuoji3.com/stock/4974/2016/
[2021-03-17 09:15:39]cl_getDriver.py(127): click_Success->//*[@id="base_box"]/div/div[3]/form/button
[2021-03-17 09:15:39]cl_getDriver.py(127): click_Success->//*[@id="base_box"]/div/div[3]/form/button
[2021-03-17 09:15:40]cl_getDriver.py(72): Open NewTab->https://kabuoji3.com/stock/4973/2009/
[2021-03-17 09:15:41]cl_getDriver.py(127): click_Success->//*[@id="base_box"]/div/div[3]/form/button
[2021-03-17 09:15:41]cl_getDriver.py(127): click_Success->//*[@id="base_box"]/div/div[3]/form/button
[2021-03-17 09:15:42]cl_getDriver.py(72): Open NewTab->https://kabuoji3.com/stock/4974/2015/
[2021-03-17 09:15:42]cl_getDriver.py(127): click_Success->//*[@id="base_box"]/div/div[3]/form/button
[2021-03-17 09:15:43]cl_getDriver.py(127): click_Success->//*[@id="base_box"]/div/div[3]/form/button
[2021-03-17 09:15:43]cl_getDriver.py(72): Open NewTab->https://kabuoji3.com/stock/4973/2008/
[2021-03-17 09:15:45]cl_getDriver.py(127): click_Success->//*[@id="base_box"]/div/div[3]/form/button
[2021-03-17 09:15:45]cl_getDriver.py(127): click_Success->//*[@id="base_box"]/div/div[3]/form/button
[2021-03-17 09:15:45]cl_getDriver.py(72): Open NewTab->https://kabuoji3.com/stock/4974/2014/
[2021-03-17 09:15:46]cl_getDriver.py(127): click_Success->//*[@id="base_box"]/div/div[3]/form/button
[2021-03-17 09:15:47]cl_getDriver.py(127): click_Success->//*[@id="base_box"]/div/div[3]/form/button
[2021-03-17 09:15:48]cl_getDriver.py(72): Open NewTab->https://kabuoji3.com/stock/4973/2007/
[2021-03-17 09:15:49]cl_getDriver.py(127): click_Success->//*[@id="base_box"]/div/div[3]/form/button
[2021-03-17 09:15:49]cl_getDriver.py(127): click_Success->//*[@id="base_box"]/div/div[3]/form/button
[2021-03-17 09:15:49]cl_getDriver.py(72): Open NewTab->https://kabuoji3.com/stock/4974/2013/
[2021-03-17 09:15:50]cl_getDriver.py(127): click_Success->//*[@id="base_box"]/div/div[3]/form/button
[2021-03-17 09:15:51]cl_getDriver.py(127): click_Success->//*[@id="base_box"]/div/div[3]/form/button
[2021-03-17 09:15:51]cl_getDriver.py(72): Open NewTab->https://kabuoji3.com/stock/4973/2006/
[2021-03-17 09:15:52]cl_getDriver.py(127): click_Success->//*[@id="base_box"]/div/div[3]/form/button
[2021-03-17 09:15:52]cl_getDriver.py(127): click_Success->//*[@id="base_box"]/div/div[3]/form/button
[2021-03-17 09:15:53]cl_getDriver.py(72): Open NewTab->https://kabuoji3.com/stock/4974/2012/
[2021-03-17 09:15:54]cl_getDriver.py(127): click_Success->//*[@id="base_box"]/div/div[3]/form/button
[2021-03-17 09:15:55]cl_getDriver.py(127): click_Success->//*[@id="base_box"]/div/div[3]/form/button
[2021-03-17 09:15:55]cl_getDriver.py(72): Open NewTab->https://kabuoji3.com/stock/4973/2005/
[2021-03-17 09:15:56]cl_getDriver.py(127): click_Success->//*[@id="base_box"]/div/div[3]/form/button
[2021-03-17 09:15:57]cl_getDriver.py(72): Open NewTab->https://kabuoji3.com/stock/4974/2011/
[2021-03-17 09:15:57]cl_getDriver.py(127): click_Success->//*[@id="base_box"]/div/div[3]/form/button
[2021-03-17 09:15:58]cl_getDriver.py(127): click_Success->//*[@id="base_box"]/div/div[3]/form/button
[2021-03-17 09:16:00]cl_getDriver.py(127): click_Success->//*[@id="base_box"]/div/div[3]/form/button
[2021-03-17 09:16:00]cl_getDriver.py(72): Open NewTab->https://kabuoji3.com/stock/4973/2004/
[2021-03-17 09:16:01]cl_getDriver.py(127): click_Success->//*[@id="base_box"]/div/div[3]/form/button
[2021-03-17 09:16:01]cl_getDriver.py(72): Open NewTab->https://kabuoji3.com/stock/4974/2010/
[2021-03-17 09:16:02]cl_getDriver.py(127): click_Success->//*[@id="base_box"]/div/div[3]/form/button
[2021-03-17 09:16:02]cl_getDriver.py(127): click_Success->//*[@id="base_box"]/div/div[3]/form/button
[2021-03-17 09:16:04]cl_getDriver.py(127): click_Success->//*[@id="base_box"]/div/div[3]/form/button
[2021-03-17 09:16:05]cl_getDriver.py(127): click_Success->//*[@id="base_box"]/div/div[3]/form/button
[2021-03-17 09:16:05]cl_getDriver.py(72): Open NewTab->https://kabuoji3.com/stock/4974/2009/
[2021-03-17 09:16:06]cl_getDriver.py(127): click_Success->//*[@id="base_box"]/div/div[3]/form/button
[2021-03-17 09:16:08]cl_getDriver.py(127): click_Success->//*[@id="base_box"]/div/div[3]/form/button
[2021-03-17 09:16:08]main.py(42): finished Process->https://kabuoji3.com/stock/4973/
[2021-03-17 09:16:08]main.py(15): start_Process->https://kabuoji3.com/stock/4975/
[2021-03-17 09:16:08]cl_getDriver.py(72): Open NewTab->https://kabuoji3.com/stock/4974/2008/
[2021-03-17 09:16:10]cl_getDriver.py(127): click_Success->//*[@id="base_box"]/div/div[3]/form/button
[2021-03-17 09:16:13]cl_getDriver.py(127): click_Success->//*[@id="base_box"]/div/div[3]/form/button
[2021-03-17 09:16:13]cl_getDriver.py(72): Open NewTab->https://kabuoji3.com/stock/4974/2007/
[2021-03-17 09:16:14]cl_getDriver.py(64): getURL=https://kabuoji3.com/stock/4975/
[2021-03-17 09:16:14]cl_getDriver.py(72): Open NewTab->https://kabuoji3.com/stock/4975/
[2021-03-17 09:16:15]cl_getDriver.py(127): click_Success->//*[@id="base_box"]/div/div[3]/form/button
[2021-03-17 09:16:15]cl_getDriver.py(130): Not Found->//*[@id="base_box"]/div/div[3]/form/button
[2021-03-17 09:16:17]cl_getDriver.py(130): Not Found->//*[@id="base_box"]/div/div[3]/form/button
[2021-03-17 09:16:18]cl_getDriver.py(127): click_Success->//*[@id="base_box"]/div/div[3]/form/button
[2021-03-17 09:16:18]cl_getDriver.py(72): Open NewTab->https://kabuoji3.com/stock/4975/2021/
[2021-03-17 09:16:18]cl_getDriver.py(72): Open NewTab->https://kabuoji3.com/stock/4974/2006/
[2021-03-17 09:16:19]cl_getDriver.py(127): click_Success->//*[@id="base_box"]/div/div[3]/form/button
[2021-03-17 09:16:19]cl_getDriver.py(127): click_Success->//*[@id="base_box"]/div/div[3]/form/button
[2021-03-17 09:16:21]cl_getDriver.py(127): click_Success->//*[@id="base_box"]/div/div[3]/form/button
[2021-03-17 09:16:22]cl_getDriver.py(127): click_Success->//*[@id="base_box"]/div/div[3]/form/button
[2021-03-17 09:16:22]cl_getDriver.py(72): Open NewTab->https://kabuoji3.com/stock/4975/2020/
[2021-03-17 09:16:22]cl_getDriver.py(72): Open NewTab->https://kabuoji3.com/stock/4974/2005/
[2021-03-17 09:16:24]cl_getDriver.py(127): click_Success->//*[@id="base_box"]/div/div[3]/form/button
[2021-03-17 09:16:24]cl_getDriver.py(127): click_Success->//*[@id="base_box"]/div/div[3]/form/button
[2021-03-17 09:16:26]cl_getDriver.py(127): click_Success->//*[@id="base_box"]/div/div[3]/form/button
[2021-03-17 09:16:26]cl_getDriver.py(72): Open NewTab->https://kabuoji3.com/stock/4975/2019/
[2021-03-17 09:16:27]cl_getDriver.py(127): click_Success->//*[@id="base_box"]/div/div[3]/form/button
[2021-03-17 09:16:27]cl_getDriver.py(72): Open NewTab->https://kabuoji3.com/stock/4974/2004/
[2021-03-17 09:16:28]cl_getDriver.py(127): click_Success->//*[@id="base_box"]/div/div[3]/form/button
[2021-03-17 09:16:28]cl_getDriver.py(127): click_Success->//*[@id="base_box"]/div/div[3]/form/button
[2021-03-17 09:16:30]cl_getDriver.py(127): click_Success->//*[@id="base_box"]/div/div[3]/form/button
[2021-03-17 09:16:31]cl_getDriver.py(127): click_Success->//*[@id="base_box"]/div/div[3]/form/button
[2021-03-17 09:16:31]cl_getDriver.py(72): Open NewTab->https://kabuoji3.com/stock/4975/2018/
[2021-03-17 09:16:32]cl_getDriver.py(127): click_Success->//*[@id="base_box"]/div/div[3]/form/button
[2021-03-17 09:16:35]cl_getDriver.py(127): click_Success->//*[@id="base_box"]/div/div[3]/form/button
[2021-03-17 09:16:35]cl_getDriver.py(72): Open NewTab->https://kabuoji3.com/stock/4975/2017/
[2021-03-17 09:16:35]main.py(42): finished Process->https://kabuoji3.com/stock/4974/
[2021-03-17 09:16:35]main.py(15): start_Process->https://kabuoji3.com/stock/4976/
[2021-03-17 09:16:36]cl_getDriver.py(127): click_Success->//*[@id="base_box"]/div/div[3]/form/button
[2021-03-17 09:16:38]cl_getDriver.py(127): click_Success->//*[@id="base_box"]/div/div[3]/form/button
[2021-03-17 09:16:39]cl_getDriver.py(72): Open NewTab->https://kabuoji3.com/stock/4975/2016/
[2021-03-17 09:16:40]cl_getDriver.py(127): click_Success->//*[@id="base_box"]/div/div[3]/form/button
[2021-03-17 09:16:40]cl_getDriver.py(64): getURL=https://kabuoji3.com/stock/4976/
[2021-03-17 09:16:41]cl_getDriver.py(72): Open NewTab->https://kabuoji3.com/stock/4976/
[2021-03-17 09:16:41]cl_getDriver.py(130): Not Found->//*[@id="base_box"]/div/div[3]/form/button
[2021-03-17 09:16:42]cl_getDriver.py(127): click_Success->//*[@id="base_box"]/div/div[3]/form/button
[2021-03-17 09:16:42]cl_getDriver.py(72): Open NewTab->https://kabuoji3.com/stock/4975/2015/
[2021-03-17 09:16:43]cl_getDriver.py(130): Not Found->//*[@id="base_box"]/div/div[3]/form/button
[2021-03-17 09:16:44]cl_getDriver.py(127): click_Success->//*[@id="base_box"]/div/div[3]/form/button
[2021-03-17 09:16:44]cl_getDriver.py(72): Open NewTab->https://kabuoji3.com/stock/4976/2021/
[2021-03-17 09:16:45]cl_getDriver.py(127): click_Success->//*[@id="base_box"]/div/div[3]/form/button
[2021-03-17 09:16:46]cl_getDriver.py(127): click_Success->//*[@id="base_box"]/div/div[3]/form/button
[2021-03-17 09:16:46]cl_getDriver.py(72): Open NewTab->https://kabuoji3.com/stock/4975/2014/
[2021-03-17 09:16:47]cl_getDriver.py(127): click_Success->//*[@id="base_box"]/div/div[3]/form/button
[2021-03-17 09:16:47]cl_getDriver.py(72): Open NewTab->https://kabuoji3.com/stock/4976/2020/
[2021-03-17 09:16:48]cl_getDriver.py(127): click_Success->//*[@id="base_box"]/div/div[3]/form/button
[2021-03-17 09:16:49]cl_getDriver.py(127): click_Success->//*[@id="base_box"]/div/div[3]/form/button
[2021-03-17 09:16:50]cl_getDriver.py(127): click_Success->//*[@id="base_box"]/div/div[3]/form/button
[2021-03-17 09:16:51]cl_getDriver.py(72): Open NewTab->https://kabuoji3.com/stock/4975/2013/
[2021-03-17 09:16:51]cl_getDriver.py(127): click_Success->//*[@id="base_box"]/div/div[3]/form/button
[2021-03-17 09:16:51]cl_getDriver.py(72): Open NewTab->https://kabuoji3.com/stock/4976/2019/
[2021-03-17 09:16:52]cl_getDriver.py(127): click_Success->//*[@id="base_box"]/div/div[3]/form/button
[2021-03-17 09:16:53]cl_getDriver.py(127): click_Success->//*[@id="base_box"]/div/div[3]/form/button
[2021-03-17 09:16:54]cl_getDriver.py(127): click_Success->//*[@id="base_box"]/div/div[3]/form/button
[2021-03-17 09:16:55]cl_getDriver.py(72): Open NewTab->https://kabuoji3.com/stock/4975/2012/
[2021-03-17 09:16:55]cl_getDriver.py(127): click_Success->//*[@id="base_box"]/div/div[3]/form/button
[2021-03-17 09:16:56]cl_getDriver.py(72): Open NewTab->https://kabuoji3.com/stock/4976/2018/
[2021-03-17 09:16:57]cl_getDriver.py(127): click_Success->//*[@id="base_box"]/div/div[3]/form/button
[2021-03-17 09:16:57]cl_getDriver.py(127): click_Success->//*[@id="base_box"]/div/div[3]/form/button
[2021-03-17 09:16:59]cl_getDriver.py(127): click_Success->//*[@id="base_box"]/div/div[3]/form/button
[2021-03-17 09:16:59]cl_getDriver.py(72): Open NewTab->https://kabuoji3.com/stock/4975/2011/
[2021-03-17 09:16:59]cl_getDriver.py(127): click_Success->//*[@id="base_box"]/div/div[3]/form/button
[2021-03-17 09:17:00]cl_getDriver.py(72): Open NewTab->https://kabuoji3.com/stock/4976/2017/
[2021-03-17 09:17:01]cl_getDriver.py(127): click_Success->//*[@id="base_box"]/div/div[3]/form/button
[2021-03-17 09:17:01]cl_getDriver.py(127): click_Success->//*[@id="base_box"]/div/div[3]/form/button
[2021-03-17 09:17:03]cl_getDriver.py(127): click_Success->//*[@id="base_box"]/div/div[3]/form/button
[2021-03-17 09:17:03]cl_getDriver.py(127): click_Success->//*[@id="base_box"]/div/div[3]/form/button
[2021-03-17 09:17:04]cl_getDriver.py(72): Open NewTab->https://kabuoji3.com/stock/4975/2010/
[2021-03-17 09:17:04]cl_getDriver.py(72): Open NewTab->https://kabuoji3.com/stock/4976/2016/
[2021-03-17 09:17:05]cl_getDriver.py(127): click_Success->//*[@id="base_box"]/div/div[3]/form/button
[2021-03-17 09:17:05]cl_getDriver.py(127): click_Success->//*[@id="base_box"]/div/div[3]/form/button
[2021-03-17 09:17:08]cl_getDriver.py(127): click_Success->//*[@id="base_box"]/div/div[3]/form/button
[2021-03-17 09:17:08]cl_getDriver.py(127): click_Success->//*[@id="base_box"]/div/div[3]/form/button
[2021-03-17 09:17:08]cl_getDriver.py(72): Open NewTab->https://kabuoji3.com/stock/4976/2015/
[2021-03-17 09:17:08]cl_getDriver.py(72): Open NewTab->https://kabuoji3.com/stock/4975/2009/
[2021-03-17 09:17:09]cl_getDriver.py(127): click_Success->//*[@id="base_box"]/div/div[3]/form/button
[2021-03-17 09:17:10]cl_getDriver.py(127): click_Success->//*[@id="base_box"]/div/div[3]/form/button
[2021-03-17 09:17:12]cl_getDriver.py(127): click_Success->//*[@id="base_box"]/div/div[3]/form/button
[2021-03-17 09:17:12]cl_getDriver.py(72): Open NewTab->https://kabuoji3.com/stock/4975/2008/
[2021-03-17 09:17:12]cl_getDriver.py(127): click_Success->//*[@id="base_box"]/div/div[3]/form/button
[2021-03-17 09:17:13]cl_getDriver.py(72): Open NewTab->https://kabuoji3.com/stock/4976/2014/
[2021-03-17 09:17:13]cl_getDriver.py(127): click_Success->//*[@id="base_box"]/div/div[3]/form/button
[2021-03-17 09:17:14]cl_getDriver.py(127): click_Success->//*[@id="base_box"]/div/div[3]/form/button
[2021-03-17 09:17:16]cl_getDriver.py(127): click_Success->//*[@id="base_box"]/div/div[3]/form/button
[2021-03-17 09:17:16]cl_getDriver.py(72): Open NewTab->https://kabuoji3.com/stock/4975/2007/
[2021-03-17 09:17:16]cl_getDriver.py(127): click_Success->//*[@id="base_box"]/div/div[3]/form/button
[2021-03-17 09:17:17]cl_getDriver.py(72): Open NewTab->https://kabuoji3.com/stock/4976/2013/
[2021-03-17 09:17:18]cl_getDriver.py(127): click_Success->//*[@id="base_box"]/div/div[3]/form/button
[2021-03-17 09:17:18]cl_getDriver.py(127): click_Success->//*[@id="base_box"]/div/div[3]/form/button
[2021-03-17 09:17:20]cl_getDriver.py(127): click_Success->//*[@id="base_box"]/div/div[3]/form/button
[2021-03-17 09:17:20]cl_getDriver.py(72): Open NewTab->https://kabuoji3.com/stock/4975/2006/
[2021-03-17 09:17:21]cl_getDriver.py(127): click_Success->//*[@id="base_box"]/div/div[3]/form/button
[2021-03-17 09:17:21]cl_getDriver.py(72): Open NewTab->https://kabuoji3.com/stock/4976/2012/
[2021-03-17 09:17:22]cl_getDriver.py(127): click_Success->//*[@id="base_box"]/div/div[3]/form/button
[2021-03-17 09:17:23]cl_getDriver.py(127): click_Success->//*[@id="base_box"]/div/div[3]/form/button
[2021-03-17 09:17:24]cl_getDriver.py(127): click_Success->//*[@id="base_box"]/div/div[3]/form/button
[2021-03-17 09:17:24]cl_getDriver.py(72): Open NewTab->https://kabuoji3.com/stock/4975/2005/
[2021-03-17 09:17:25]cl_getDriver.py(127): click_Success->//*[@id="base_box"]/div/div[3]/form/button
[2021-03-17 09:17:26]cl_getDriver.py(127): click_Success->//*[@id="base_box"]/div/div[3]/form/button
[2021-03-17 09:17:26]cl_getDriver.py(72): Open NewTab->https://kabuoji3.com/stock/4976/2011/
[2021-03-17 09:17:27]cl_getDriver.py(127): click_Success->//*[@id="base_box"]/div/div[3]/form/button
[2021-03-17 09:17:28]cl_getDriver.py(127): click_Success->//*[@id="base_box"]/div/div[3]/form/button
[2021-03-17 09:17:29]cl_getDriver.py(127): click_Success->//*[@id="base_box"]/div/div[3]/form/button
[2021-03-17 09:17:30]cl_getDriver.py(72): Open NewTab->https://kabuoji3.com/stock/4976/2010/
[2021-03-17 09:17:30]cl_getDriver.py(127): click_Success->//*[@id="base_box"]/div/div[3]/form/button
[2021-03-17 09:17:32]main.py(42): finished Process->https://kabuoji3.com/stock/4975/
[2021-03-17 09:17:32]main.py(15): start_Process->https://kabuoji3.com/stock/4977/
[2021-03-17 09:17:33]cl_getDriver.py(127): click_Success->//*[@id="base_box"]/div/div[3]/form/button
[2021-03-17 09:17:33]cl_getDriver.py(72): Open NewTab->https://kabuoji3.com/stock/4976/2009/
[2021-03-17 09:17:35]cl_getDriver.py(127): click_Success->//*[@id="base_box"]/div/div[3]/form/button
[2021-03-17 09:17:37]cl_getDriver.py(127): click_Success->//*[@id="base_box"]/div/div[3]/form/button
[2021-03-17 09:17:37]cl_getDriver.py(72): Open NewTab->https://kabuoji3.com/stock/4976/2008/
[2021-03-17 09:17:38]cl_getDriver.py(127): click_Success->//*[@id="base_box"]/div/div[3]/form/button
[2021-03-17 09:17:39]cl_getDriver.py(64): getURL=https://kabuoji3.com/stock/4977/
[2021-03-17 09:17:39]cl_getDriver.py(72): Open NewTab->https://kabuoji3.com/stock/4977/
[2021-03-17 09:17:40]cl_getDriver.py(130): Not Found->//*[@id="base_box"]/div/div[3]/form/button
[2021-03-17 09:17:41]cl_getDriver.py(127): click_Success->//*[@id="base_box"]/div/div[3]/form/button
[2021-03-17 09:17:42]cl_getDriver.py(130): Not Found->//*[@id="base_box"]/div/div[3]/form/button
[2021-03-17 09:17:42]cl_getDriver.py(72): Open NewTab->https://kabuoji3.com/stock/4977/2021/
[2021-03-17 09:17:43]cl_getDriver.py(127): click_Success->//*[@id="base_box"]/div/div[3]/form/button
[2021-03-17 09:17:45]main.py(42): finished Process->https://kabuoji3.com/stock/4976/
[2021-03-17 09:17:45]main.py(15): start_Process->https://kabuoji3.com/stock/4978/
[2021-03-17 09:17:45]cl_getDriver.py(127): click_Success->//*[@id="base_box"]/div/div[3]/form/button
[2021-03-17 09:17:46]cl_getDriver.py(72): Open NewTab->https://kabuoji3.com/stock/4977/2020/
[2021-03-17 09:17:47]cl_getDriver.py(127): click_Success->//*[@id="base_box"]/div/div[3]/form/button
[2021-03-17 09:17:49]cl_getDriver.py(127): click_Success->//*[@id="base_box"]/div/div[3]/form/button
[2021-03-17 09:17:50]cl_getDriver.py(72): Open NewTab->https://kabuoji3.com/stock/4977/2019/
[2021-03-17 09:17:51]cl_getDriver.py(127): click_Success->//*[@id="base_box"]/div/div[3]/form/button
[2021-03-17 09:17:51]cl_getDriver.py(64): getURL=https://kabuoji3.com/stock/4978/
[2021-03-17 09:17:51]cl_getDriver.py(72): Open NewTab->https://kabuoji3.com/stock/4978/
[2021-03-17 09:17:52]cl_getDriver.py(130): Not Found->//*[@id="base_box"]/div/div[3]/form/button
[2021-03-17 09:17:53]cl_getDriver.py(127): click_Success->//*[@id="base_box"]/div/div[3]/form/button
[2021-03-17 09:17:53]cl_getDriver.py(72): Open NewTab->https://kabuoji3.com/stock/4977/2018/
[2021-03-17 09:17:54]cl_getDriver.py(130): Not Found->//*[@id="base_box"]/div/div[3]/form/button
[2021-03-17 09:17:54]cl_getDriver.py(72): Open NewTab->https://kabuoji3.com/stock/4978/2021/
[2021-03-17 09:17:54]cl_getDriver.py(127): click_Success->//*[@id="base_box"]/div/div[3]/form/button
[2021-03-17 09:17:55]cl_getDriver.py(127): click_Success->//*[@id="base_box"]/div/div[3]/form/button
[2021-03-17 09:17:57]cl_getDriver.py(127): click_Success->//*[@id="base_box"]/div/div[3]/form/button
[2021-03-17 09:17:57]cl_getDriver.py(72): Open NewTab->https://kabuoji3.com/stock/4977/2017/
[2021-03-17 09:17:58]cl_getDriver.py(127): click_Success->//*[@id="base_box"]/div/div[3]/form/button
[2021-03-17 09:17:58]cl_getDriver.py(72): Open NewTab->https://kabuoji3.com/stock/4978/2020/
[2021-03-17 09:17:59]cl_getDriver.py(127): click_Success->//*[@id="base_box"]/div/div[3]/form/button
[2021-03-17 09:17:59]cl_getDriver.py(127): click_Success->//*[@id="base_box"]/div/div[3]/form/button
[2021-03-17 09:18:01]cl_getDriver.py(127): click_Success->//*[@id="base_box"]/div/div[3]/form/button
[2021-03-17 09:18:02]cl_getDriver.py(127): click_Success->//*[@id="base_box"]/div/div[3]/form/button
[2021-03-17 09:18:02]cl_getDriver.py(72): Open NewTab->https://kabuoji3.com/stock/4977/2016/
[2021-03-17 09:18:02]cl_getDriver.py(72): Open NewTab->https://kabuoji3.com/stock/4978/2019/
[2021-03-17 09:18:03]cl_getDriver.py(127): click_Success->//*[@id="base_box"]/div/div[3]/form/button
[2021-03-17 09:18:04]cl_getDriver.py(127): click_Success->//*[@id="base_box"]/div/div[3]/form/button
[2021-03-17 09:18:06]cl_getDriver.py(127): click_Success->//*[@id="base_box"]/div/div[3]/form/button
[2021-03-17 09:18:06]cl_getDriver.py(127): click_Success->//*[@id="base_box"]/div/div[3]/form/button
[2021-03-17 09:18:06]cl_getDriver.py(72): Open NewTab->https://kabuoji3.com/stock/4977/2015/
[2021-03-17 09:18:06]cl_getDriver.py(72): Open NewTab->https://kabuoji3.com/stock/4978/2018/
[2021-03-17 09:18:07]cl_getDriver.py(127): click_Success->//*[@id="base_box"]/div/div[3]/form/button
[2021-03-17 09:18:07]cl_getDriver.py(127): click_Success->//*[@id="base_box"]/div/div[3]/form/button
[2021-03-17 09:18:10]cl_getDriver.py(127): click_Success->//*[@id="base_box"]/div/div[3]/form/button
[2021-03-17 09:18:10]cl_getDriver.py(127): click_Success->//*[@id="base_box"]/div/div[3]/form/button
[2021-03-17 09:18:10]cl_getDriver.py(72): Open NewTab->https://kabuoji3.com/stock/4977/2014/
[2021-03-17 09:18:10]cl_getDriver.py(72): Open NewTab->https://kabuoji3.com/stock/4978/2017/
[2021-03-17 09:18:11]cl_getDriver.py(127): click_Success->//*[@id="base_box"]/div/div[3]/form/button
[2021-03-17 09:18:12]cl_getDriver.py(127): click_Success->//*[@id="base_box"]/div/div[3]/form/button
[2021-03-17 09:18:14]cl_getDriver.py(127): click_Success->//*[@id="base_box"]/div/div[3]/form/button
[2021-03-17 09:18:14]cl_getDriver.py(72): Open NewTab->https://kabuoji3.com/stock/4978/2016/
[2021-03-17 09:18:14]cl_getDriver.py(127): click_Success->//*[@id="base_box"]/div/div[3]/form/button
[2021-03-17 09:18:15]cl_getDriver.py(72): Open NewTab->https://kabuoji3.com/stock/4977/2013/
[2021-03-17 09:18:15]cl_getDriver.py(127): click_Success->//*[@id="base_box"]/div/div[3]/form/button
[2021-03-17 09:18:16]cl_getDriver.py(127): click_Success->//*[@id="base_box"]/div/div[3]/form/button
[2021-03-17 09:18:18]cl_getDriver.py(127): click_Success->//*[@id="base_box"]/div/div[3]/form/button
[2021-03-17 09:18:18]cl_getDriver.py(72): Open NewTab->https://kabuoji3.com/stock/4978/2015/
[2021-03-17 09:18:18]cl_getDriver.py(127): click_Success->//*[@id="base_box"]/div/div[3]/form/button
[2021-03-17 09:18:19]cl_getDriver.py(72): Open NewTab->https://kabuoji3.com/stock/4977/2012/
[2021-03-17 09:18:20]cl_getDriver.py(127): click_Success->//*[@id="base_box"]/div/div[3]/form/button
[2021-03-17 09:18:20]cl_getDriver.py(127): click_Success->//*[@id="base_box"]/div/div[3]/form/button
[2021-03-17 09:18:22]cl_getDriver.py(127): click_Success->//*[@id="base_box"]/div/div[3]/form/button
[2021-03-17 09:18:22]cl_getDriver.py(72): Open NewTab->https://kabuoji3.com/stock/4978/2014/
[2021-03-17 09:18:23]cl_getDriver.py(127): click_Success->//*[@id="base_box"]/div/div[3]/form/button
[2021-03-17 09:18:23]cl_getDriver.py(72): Open NewTab->https://kabuoji3.com/stock/4977/2011/
[2021-03-17 09:18:24]cl_getDriver.py(127): click_Success->//*[@id="base_box"]/div/div[3]/form/button
[2021-03-17 09:18:24]cl_getDriver.py(127): click_Success->//*[@id="base_box"]/div/div[3]/form/button
[2021-03-17 09:18:26]cl_getDriver.py(127): click_Success->//*[@id="base_box"]/div/div[3]/form/button
[2021-03-17 09:18:27]cl_getDriver.py(127): click_Success->//*[@id="base_box"]/div/div[3]/form/button
[2021-03-17 09:18:27]cl_getDriver.py(72): Open NewTab->https://kabuoji3.com/stock/4978/2013/
[2021-03-17 09:18:28]cl_getDriver.py(127): click_Success->//*[@id="base_box"]/div/div[3]/form/button
[2021-03-17 09:18:30]cl_getDriver.py(127): click_Success->//*[@id="base_box"]/div/div[3]/form/button
[2021-03-17 09:18:31]main.py(42): finished Process->https://kabuoji3.com/stock/4977/
[2021-03-17 09:18:31]main.py(15): start_Process->https://kabuoji3.com/stock/4979/
[2021-03-17 09:18:34]main.py(42): finished Process->https://kabuoji3.com/stock/4978/
[2021-03-17 09:18:34]main.py(15): start_Process->https://kabuoji3.com/stock/4980/
[2021-03-17 09:18:37]cl_getDriver.py(64): getURL=https://kabuoji3.com/stock/4979/
[2021-03-17 09:18:37]cl_getDriver.py(72): Open NewTab->https://kabuoji3.com/stock/4979/
[2021-03-17 09:18:38]cl_getDriver.py(130): Not Found->//*[@id="base_box"]/div/div[3]/form/button
[2021-03-17 09:18:39]cl_getDriver.py(64): getURL=https://kabuoji3.com/stock/4980/
[2021-03-17 09:18:39]cl_getDriver.py(72): Open NewTab->https://kabuoji3.com/stock/4980/
[2021-03-17 09:18:40]cl_getDriver.py(130): Not Found->//*[@id="base_box"]/div/div[3]/form/button
[2021-03-17 09:18:40]cl_getDriver.py(130): Not Found->//*[@id="base_box"]/div/div[3]/form/button
[2021-03-17 09:18:40]cl_getDriver.py(72): Open NewTab->https://kabuoji3.com/stock/4979/2021/
[2021-03-17 09:18:41]cl_getDriver.py(127): click_Success->//*[@id="base_box"]/div/div[3]/form/button
[2021-03-17 09:18:42]cl_getDriver.py(130): Not Found->//*[@id="base_box"]/div/div[3]/form/button
[2021-03-17 09:18:42]cl_getDriver.py(72): Open NewTab->https://kabuoji3.com/stock/4980/2021/
[2021-03-17 09:18:43]cl_getDriver.py(127): click_Success->//*[@id="base_box"]/div/div[3]/form/button
[2021-03-17 09:18:43]cl_getDriver.py(127): click_Success->//*[@id="base_box"]/div/div[3]/form/button
[2021-03-17 09:18:44]cl_getDriver.py(72): Open NewTab->https://kabuoji3.com/stock/4979/2020/
[2021-03-17 09:18:45]cl_getDriver.py(127): click_Success->//*[@id="base_box"]/div/div[3]/form/button
[2021-03-17 09:18:46]cl_getDriver.py(127): click_Success->//*[@id="base_box"]/div/div[3]/form/button
[2021-03-17 09:18:46]cl_getDriver.py(72): Open NewTab->https://kabuoji3.com/stock/4980/2020/
[2021-03-17 09:18:47]cl_getDriver.py(127): click_Success->//*[@id="base_box"]/div/div[3]/form/button
[2021-03-17 09:18:47]cl_getDriver.py(127): click_Success->//*[@id="base_box"]/div/div[3]/form/button
[2021-03-17 09:18:48]cl_getDriver.py(72): Open NewTab->https://kabuoji3.com/stock/4979/2019/
[2021-03-17 09:18:49]cl_getDriver.py(127): click_Success->//*[@id="base_box"]/div/div[3]/form/button
[2021-03-17 09:18:49]cl_getDriver.py(127): click_Success->//*[@id="base_box"]/div/div[3]/form/button
[2021-03-17 09:18:50]cl_getDriver.py(72): Open NewTab->https://kabuoji3.com/stock/4980/2019/
[2021-03-17 09:18:51]cl_getDriver.py(127): click_Success->//*[@id="base_box"]/div/div[3]/form/button
[2021-03-17 09:18:51]cl_getDriver.py(127): click_Success->//*[@id="base_box"]/div/div[3]/form/button
[2021-03-17 09:18:52]cl_getDriver.py(72): Open NewTab->https://kabuoji3.com/stock/4979/2018/
[2021-03-17 09:18:53]cl_getDriver.py(127): click_Success->//*[@id="base_box"]/div/div[3]/form/button
[2021-03-17 09:18:53]cl_getDriver.py(127): click_Success->//*[@id="base_box"]/div/div[3]/form/button
[2021-03-17 09:18:54]cl_getDriver.py(72): Open NewTab->https://kabuoji3.com/stock/4980/2018/
[2021-03-17 09:18:55]cl_getDriver.py(127): click_Success->//*[@id="base_box"]/div/div[3]/form/button
[2021-03-17 09:18:55]cl_getDriver.py(72): Open NewTab->https://kabuoji3.com/stock/4979/2017/
[2021-03-17 09:18:55]cl_getDriver.py(127): click_Success->//*[@id="base_box"]/div/div[3]/form/button
[2021-03-17 09:18:56]cl_getDriver.py(127): click_Success->//*[@id="base_box"]/div/div[3]/form/button
[2021-03-17 09:18:58]cl_getDriver.py(127): click_Success->//*[@id="base_box"]/div/div[3]/form/button
[2021-03-17 09:18:58]cl_getDriver.py(72): Open NewTab->https://kabuoji3.com/stock/4980/2017/
[2021-03-17 09:18:59]cl_getDriver.py(127): click_Success->//*[@id="base_box"]/div/div[3]/form/button
[2021-03-17 09:18:59]cl_getDriver.py(72): Open NewTab->https://kabuoji3.com/stock/4979/2016/
[2021-03-17 09:19:00]cl_getDriver.py(127): click_Success->//*[@id="base_box"]/div/div[3]/form/button
[2021-03-17 09:19:00]cl_getDriver.py(127): click_Success->//*[@id="base_box"]/div/div[3]/form/button
[2021-03-17 09:19:02]cl_getDriver.py(127): click_Success->//*[@id="base_box"]/div/div[3]/form/button
[2021-03-17 09:19:02]cl_getDriver.py(72): Open NewTab->https://kabuoji3.com/stock/4980/2016/
[2021-03-17 09:19:03]cl_getDriver.py(127): click_Success->//*[@id="base_box"]/div/div[3]/form/button
[2021-03-17 09:19:03]cl_getDriver.py(72): Open NewTab->https://kabuoji3.com/stock/4979/2015/
[2021-03-17 09:19:04]cl_getDriver.py(127): click_Success->//*[@id="base_box"]/div/div[3]/form/button
[2021-03-17 09:19:04]cl_getDriver.py(127): click_Success->//*[@id="base_box"]/div/div[3]/form/button
[2021-03-17 09:19:06]cl_getDriver.py(127): click_Success->//*[@id="base_box"]/div/div[3]/form/button
[2021-03-17 09:19:07]cl_getDriver.py(72): Open NewTab->https://kabuoji3.com/stock/4980/2015/
[2021-03-17 09:19:07]cl_getDriver.py(127): click_Success->//*[@id="base_box"]/div/div[3]/form/button
[2021-03-17 09:19:07]cl_getDriver.py(72): Open NewTab->https://kabuoji3.com/stock/4979/2014/
[2021-03-17 09:19:08]cl_getDriver.py(127): click_Success->//*[@id="base_box"]/div/div[3]/form/button
[2021-03-17 09:19:08]cl_getDriver.py(127): click_Success->//*[@id="base_box"]/div/div[3]/form/button
[2021-03-17 09:19:10]cl_getDriver.py(127): click_Success->//*[@id="base_box"]/div/div[3]/form/button
[2021-03-17 09:19:11]cl_getDriver.py(127): click_Success->//*[@id="base_box"]/div/div[3]/form/button
[2021-03-17 09:19:14]main.py(42): finished Process->https://kabuoji3.com/stock/4980/
[2021-03-17 09:19:14]main.py(15): start_Process->https://kabuoji3.com/stock/4985/
[2021-03-17 09:19:15]main.py(42): finished Process->https://kabuoji3.com/stock/4979/
[2021-03-17 09:19:15]main.py(15): start_Process->https://kabuoji3.com/stock/4987/
[2021-03-17 09:19:21]cl_getDriver.py(64): getURL=https://kabuoji3.com/stock/4987/
[2021-03-17 09:19:21]cl_getDriver.py(64): getURL=https://kabuoji3.com/stock/4985/
[2021-03-17 09:19:22]cl_getDriver.py(72): Open NewTab->https://kabuoji3.com/stock/4987/
[2021-03-17 09:19:22]cl_getDriver.py(72): Open NewTab->https://kabuoji3.com/stock/4985/
[2021-03-17 09:19:23]cl_getDriver.py(130): Not Found->//*[@id="base_box"]/div/div[3]/form/button
[2021-03-17 09:19:23]cl_getDriver.py(130): Not Found->//*[@id="base_box"]/div/div[3]/form/button
[2021-03-17 09:19:25]cl_getDriver.py(130): Not Found->//*[@id="base_box"]/div/div[3]/form/button
[2021-03-17 09:19:25]cl_getDriver.py(72): Open NewTab->https://kabuoji3.com/stock/4985/2021/
[2021-03-17 09:19:25]cl_getDriver.py(130): Not Found->//*[@id="base_box"]/div/div[3]/form/button
[2021-03-17 09:19:25]cl_getDriver.py(72): Open NewTab->https://kabuoji3.com/stock/4987/2021/
[2021-03-17 09:19:26]cl_getDriver.py(127): click_Success->//*[@id="base_box"]/div/div[3]/form/button
[2021-03-17 09:19:26]cl_getDriver.py(127): click_Success->//*[@id="base_box"]/div/div[3]/form/button
[2021-03-17 09:19:28]cl_getDriver.py(127): click_Success->//*[@id="base_box"]/div/div[3]/form/button
[2021-03-17 09:19:28]cl_getDriver.py(127): click_Success->//*[@id="base_box"]/div/div[3]/form/button
[2021-03-17 09:19:29]cl_getDriver.py(72): Open NewTab->https://kabuoji3.com/stock/4985/2020/
[2021-03-17 09:19:29]cl_getDriver.py(72): Open NewTab->https://kabuoji3.com/stock/4987/2020/
[2021-03-17 09:19:31]cl_getDriver.py(127): click_Success->//*[@id="base_box"]/div/div[3]/form/button
[2021-03-17 09:19:31]cl_getDriver.py(127): click_Success->//*[@id="base_box"]/div/div[3]/form/button
[2021-03-17 09:19:33]cl_getDriver.py(127): click_Success->//*[@id="base_box"]/div/div[3]/form/button
[2021-03-17 09:19:33]cl_getDriver.py(127): click_Success->//*[@id="base_box"]/div/div[3]/form/button
[2021-03-17 09:19:34]cl_getDriver.py(72): Open NewTab->https://kabuoji3.com/stock/4987/2019/
[2021-03-17 09:19:34]cl_getDriver.py(72): Open NewTab->https://kabuoji3.com/stock/4985/2019/
[2021-03-17 09:19:35]cl_getDriver.py(127): click_Success->//*[@id="base_box"]/div/div[3]/form/button
[2021-03-17 09:19:35]cl_getDriver.py(127): click_Success->//*[@id="base_box"]/div/div[3]/form/button
[2021-03-17 09:19:37]cl_getDriver.py(127): click_Success->//*[@id="base_box"]/div/div[3]/form/button
[2021-03-17 09:19:38]cl_getDriver.py(127): click_Success->//*[@id="base_box"]/div/div[3]/form/button
[2021-03-17 09:19:38]cl_getDriver.py(72): Open NewTab->https://kabuoji3.com/stock/4985/2018/
[2021-03-17 09:19:38]cl_getDriver.py(72): Open NewTab->https://kabuoji3.com/stock/4987/2018/
[2021-03-17 09:19:40]cl_getDriver.py(127): click_Success->//*[@id="base_box"]/div/div[3]/form/button
[2021-03-17 09:19:40]cl_getDriver.py(127): click_Success->//*[@id="base_box"]/div/div[3]/form/button
[2021-03-17 09:19:42]cl_getDriver.py(127): click_Success->//*[@id="base_box"]/div/div[3]/form/button
[2021-03-17 09:19:42]cl_getDriver.py(127): click_Success->//*[@id="base_box"]/div/div[3]/form/button
[2021-03-17 09:19:43]cl_getDriver.py(72): Open NewTab->https://kabuoji3.com/stock/4987/2017/
[2021-03-17 09:19:43]cl_getDriver.py(72): Open NewTab->https://kabuoji3.com/stock/4985/2017/
[2021-03-17 09:19:44]cl_getDriver.py(127): click_Success->//*[@id="base_box"]/div/div[3]/form/button
[2021-03-17 09:19:44]cl_getDriver.py(127): click_Success->//*[@id="base_box"]/div/div[3]/form/button
[2021-03-17 09:19:46]cl_getDriver.py(127): click_Success->//*[@id="base_box"]/div/div[3]/form/button
[2021-03-17 09:19:47]cl_getDriver.py(127): click_Success->//*[@id="base_box"]/div/div[3]/form/button
[2021-03-17 09:19:47]cl_getDriver.py(72): Open NewTab->https://kabuoji3.com/stock/4985/2016/
[2021-03-17 09:19:47]cl_getDriver.py(72): Open NewTab->https://kabuoji3.com/stock/4987/2016/
[2021-03-17 09:19:48]cl_getDriver.py(127): click_Success->//*[@id="base_box"]/div/div[3]/form/button
[2021-03-17 09:19:49]cl_getDriver.py(127): click_Success->//*[@id="base_box"]/div/div[3]/form/button
[2021-03-17 09:19:51]cl_getDriver.py(127): click_Success->//*[@id="base_box"]/div/div[3]/form/button
[2021-03-17 09:19:51]cl_getDriver.py(127): click_Success->//*[@id="base_box"]/div/div[3]/form/button
[2021-03-17 09:19:51]cl_getDriver.py(72): Open NewTab->https://kabuoji3.com/stock/4987/2015/
[2021-03-17 09:19:51]cl_getDriver.py(72): Open NewTab->https://kabuoji3.com/stock/4985/2015/
[2021-03-17 09:19:53]cl_getDriver.py(127): click_Success->//*[@id="base_box"]/div/div[3]/form/button
[2021-03-17 09:19:53]cl_getDriver.py(127): click_Success->//*[@id="base_box"]/div/div[3]/form/button
[2021-03-17 09:19:55]cl_getDriver.py(127): click_Success->//*[@id="base_box"]/div/div[3]/form/button
[2021-03-17 09:19:55]cl_getDriver.py(127): click_Success->//*[@id="base_box"]/div/div[3]/form/button
[2021-03-17 09:19:56]cl_getDriver.py(72): Open NewTab->https://kabuoji3.com/stock/4985/2014/
[2021-03-17 09:19:56]cl_getDriver.py(72): Open NewTab->https://kabuoji3.com/stock/4987/2014/
[2021-03-17 09:19:57]cl_getDriver.py(127): click_Success->//*[@id="base_box"]/div/div[3]/form/button
[2021-03-17 09:19:57]cl_getDriver.py(127): click_Success->//*[@id="base_box"]/div/div[3]/form/button
[2021-03-17 09:20:00]cl_getDriver.py(127): click_Success->//*[@id="base_box"]/div/div[3]/form/button
[2021-03-17 09:20:00]cl_getDriver.py(127): click_Success->//*[@id="base_box"]/div/div[3]/form/button
[2021-03-17 09:20:00]cl_getDriver.py(72): Open NewTab->https://kabuoji3.com/stock/4987/2013/
[2021-03-17 09:20:00]cl_getDriver.py(72): Open NewTab->https://kabuoji3.com/stock/4985/2013/
[2021-03-17 09:20:02]cl_getDriver.py(127): click_Success->//*[@id="base_box"]/div/div[3]/form/button
[2021-03-17 09:20:02]cl_getDriver.py(127): click_Success->//*[@id="base_box"]/div/div[3]/form/button
[2021-03-17 09:20:04]cl_getDriver.py(127): click_Success->//*[@id="base_box"]/div/div[3]/form/button
[2021-03-17 09:20:04]cl_getDriver.py(127): click_Success->//*[@id="base_box"]/div/div[3]/form/button
[2021-03-17 09:20:05]cl_getDriver.py(72): Open NewTab->https://kabuoji3.com/stock/4985/2012/
[2021-03-17 09:20:05]cl_getDriver.py(72): Open NewTab->https://kabuoji3.com/stock/4987/2012/
[2021-03-17 09:20:06]cl_getDriver.py(127): click_Success->//*[@id="base_box"]/div/div[3]/form/button
[2021-03-17 09:20:06]cl_getDriver.py(127): click_Success->//*[@id="base_box"]/div/div[3]/form/button
[2021-03-17 09:20:09]cl_getDriver.py(127): click_Success->//*[@id="base_box"]/div/div[3]/form/button
[2021-03-17 09:20:09]cl_getDriver.py(127): click_Success->//*[@id="base_box"]/div/div[3]/form/button
[2021-03-17 09:20:09]cl_getDriver.py(72): Open NewTab->https://kabuoji3.com/stock/4985/2011/
[2021-03-17 09:20:10]cl_getDriver.py(72): Open NewTab->https://kabuoji3.com/stock/4987/2011/
[2021-03-17 09:20:10]cl_getDriver.py(127): click_Success->//*[@id="base_box"]/div/div[3]/form/button
[2021-03-17 09:20:11]cl_getDriver.py(127): click_Success->//*[@id="base_box"]/div/div[3]/form/button
[2021-03-17 09:20:13]cl_getDriver.py(127): click_Success->//*[@id="base_box"]/div/div[3]/form/button
[2021-03-17 09:20:13]cl_getDriver.py(72): Open NewTab->https://kabuoji3.com/stock/4985/2010/
[2021-03-17 09:20:13]cl_getDriver.py(127): click_Success->//*[@id="base_box"]/div/div[3]/form/button
[2021-03-17 09:20:14]cl_getDriver.py(72): Open NewTab->https://kabuoji3.com/stock/4987/2010/
[2021-03-17 09:20:15]cl_getDriver.py(127): click_Success->//*[@id="base_box"]/div/div[3]/form/button
[2021-03-17 09:20:15]cl_getDriver.py(127): click_Success->//*[@id="base_box"]/div/div[3]/form/button
[2021-03-17 09:20:17]cl_getDriver.py(127): click_Success->//*[@id="base_box"]/div/div[3]/form/button
[2021-03-17 09:20:17]cl_getDriver.py(72): Open NewTab->https://kabuoji3.com/stock/4985/2009/
[2021-03-17 09:20:18]cl_getDriver.py(127): click_Success->//*[@id="base_box"]/div/div[3]/form/button
[2021-03-17 09:20:18]cl_getDriver.py(72): Open NewTab->https://kabuoji3.com/stock/4987/2009/
[2021-03-17 09:20:19]cl_getDriver.py(127): click_Success->//*[@id="base_box"]/div/div[3]/form/button
[2021-03-17 09:20:20]cl_getDriver.py(127): click_Success->//*[@id="base_box"]/div/div[3]/form/button
[2021-03-17 09:20:22]cl_getDriver.py(127): click_Success->//*[@id="base_box"]/div/div[3]/form/button
[2021-03-17 09:20:22]cl_getDriver.py(127): click_Success->//*[@id="base_box"]/div/div[3]/form/button
[2021-03-17 09:20:22]cl_getDriver.py(72): Open NewTab->https://kabuoji3.com/stock/4985/2008/
[2021-03-17 09:20:23]cl_getDriver.py(72): Open NewTab->https://kabuoji3.com/stock/4987/2008/
[2021-03-17 09:20:24]cl_getDriver.py(127): click_Success->//*[@id="base_box"]/div/div[3]/form/button
[2021-03-17 09:20:24]cl_getDriver.py(127): click_Success->//*[@id="base_box"]/div/div[3]/form/button
[2021-03-17 09:20:26]cl_getDriver.py(127): click_Success->//*[@id="base_box"]/div/div[3]/form/button
[2021-03-17 09:20:27]cl_getDriver.py(127): click_Success->//*[@id="base_box"]/div/div[3]/form/button
[2021-03-17 09:20:27]cl_getDriver.py(72): Open NewTab->https://kabuoji3.com/stock/4987/2007/
[2021-03-17 09:20:27]cl_getDriver.py(72): Open NewTab->https://kabuoji3.com/stock/4985/2007/
[2021-03-17 09:20:29]cl_getDriver.py(127): click_Success->//*[@id="base_box"]/div/div[3]/form/button
[2021-03-17 09:20:29]cl_getDriver.py(127): click_Success->//*[@id="base_box"]/div/div[3]/form/button
[2021-03-17 09:20:31]cl_getDriver.py(127): click_Success->//*[@id="base_box"]/div/div[3]/form/button
[2021-03-17 09:20:31]cl_getDriver.py(127): click_Success->//*[@id="base_box"]/div/div[3]/form/button
[2021-03-17 09:20:31]cl_getDriver.py(72): Open NewTab->https://kabuoji3.com/stock/4987/2006/
[2021-03-17 09:20:32]cl_getDriver.py(72): Open NewTab->https://kabuoji3.com/stock/4985/2006/
[2021-03-17 09:20:33]cl_getDriver.py(127): click_Success->//*[@id="base_box"]/div/div[3]/form/button
[2021-03-17 09:20:34]cl_getDriver.py(127): click_Success->//*[@id="base_box"]/div/div[3]/form/button
[2021-03-17 09:20:35]cl_getDriver.py(127): click_Success->//*[@id="base_box"]/div/div[3]/form/button
[2021-03-17 09:20:35]cl_getDriver.py(72): Open NewTab->https://kabuoji3.com/stock/4985/2005/
[2021-03-17 09:20:36]cl_getDriver.py(127): click_Success->//*[@id="base_box"]/div/div[3]/form/button
[2021-03-17 09:20:36]cl_getDriver.py(72): Open NewTab->https://kabuoji3.com/stock/4987/2005/
[2021-03-17 09:20:36]cl_getDriver.py(127): click_Success->//*[@id="base_box"]/div/div[3]/form/button
[2021-03-17 09:20:38]cl_getDriver.py(127): click_Success->//*[@id="base_box"]/div/div[3]/form/button
[2021-03-17 09:20:39]cl_getDriver.py(127): click_Success->//*[@id="base_box"]/div/div[3]/form/button
[2021-03-17 09:20:40]cl_getDriver.py(127): click_Success->//*[@id="base_box"]/div/div[3]/form/button
[2021-03-17 09:20:40]cl_getDriver.py(72): Open NewTab->https://kabuoji3.com/stock/4987/2004/
[2021-03-17 09:20:41]cl_getDriver.py(127): click_Success->//*[@id="base_box"]/div/div[3]/form/button
[2021-03-17 09:20:43]main.py(42): finished Process->https://kabuoji3.com/stock/4985/
[2021-03-17 09:20:43]main.py(15): start_Process->https://kabuoji3.com/stock/4990/
[2021-03-17 09:20:43]cl_getDriver.py(127): click_Success->//*[@id="base_box"]/div/div[3]/form/button
[2021-03-17 09:20:44]cl_getDriver.py(72): Open NewTab->https://kabuoji3.com/stock/4987/2003/
[2021-03-17 09:20:45]cl_getDriver.py(127): click_Success->//*[@id="base_box"]/div/div[3]/form/button
[2021-03-17 09:20:47]cl_getDriver.py(127): click_Success->//*[@id="base_box"]/div/div[3]/form/button
[2021-03-17 09:20:48]cl_getDriver.py(72): Open NewTab->https://kabuoji3.com/stock/4987/2002/
[2021-03-17 09:20:49]cl_getDriver.py(127): click_Success->//*[@id="base_box"]/div/div[3]/form/button
[2021-03-17 09:20:50]cl_getDriver.py(64): getURL=https://kabuoji3.com/stock/4990/
[2021-03-17 09:20:50]cl_getDriver.py(72): Open NewTab->https://kabuoji3.com/stock/4990/
[2021-03-17 09:20:51]cl_getDriver.py(130): Not Found->//*[@id="base_box"]/div/div[3]/form/button
[2021-03-17 09:20:51]cl_getDriver.py(127): click_Success->//*[@id="base_box"]/div/div[3]/form/button
[2021-03-17 09:20:51]cl_getDriver.py(72): Open NewTab->https://kabuoji3.com/stock/4987/2001/
[2021-03-17 09:20:53]cl_getDriver.py(130): Not Found->//*[@id="base_box"]/div/div[3]/form/button
[2021-03-17 09:20:53]cl_getDriver.py(72): Open NewTab->https://kabuoji3.com/stock/4990/2021/
[2021-03-17 09:20:53]cl_getDriver.py(127): click_Success->//*[@id="base_box"]/div/div[3]/form/button
[2021-03-17 09:20:54]cl_getDriver.py(127): click_Success->//*[@id="base_box"]/div/div[3]/form/button
[2021-03-17 09:20:55]cl_getDriver.py(127): click_Success->//*[@id="base_box"]/div/div[3]/form/button
[2021-03-17 09:20:56]cl_getDriver.py(72): Open NewTab->https://kabuoji3.com/stock/4987/2000/
[2021-03-17 09:20:56]cl_getDriver.py(127): click_Success->//*[@id="base_box"]/div/div[3]/form/button
[2021-03-17 09:20:57]cl_getDriver.py(72): Open NewTab->https://kabuoji3.com/stock/4990/2020/
[2021-03-17 09:20:57]cl_getDriver.py(127): click_Success->//*[@id="base_box"]/div/div[3]/form/button
[2021-03-17 09:20:58]cl_getDriver.py(127): click_Success->//*[@id="base_box"]/div/div[3]/form/button
[2021-03-17 09:20:59]cl_getDriver.py(127): click_Success->//*[@id="base_box"]/div/div[3]/form/button
[2021-03-17 09:21:00]cl_getDriver.py(72): Open NewTab->https://kabuoji3.com/stock/4987/1999/
[2021-03-17 09:21:00]cl_getDriver.py(127): click_Success->//*[@id="base_box"]/div/div[3]/form/button
[2021-03-17 09:21:01]cl_getDriver.py(72): Open NewTab->https://kabuoji3.com/stock/4990/2019/
[2021-03-17 09:21:01]cl_getDriver.py(127): click_Success->//*[@id="base_box"]/div/div[3]/form/button
[2021-03-17 09:21:02]cl_getDriver.py(127): click_Success->//*[@id="base_box"]/div/div[3]/form/button
[2021-03-17 09:21:03]cl_getDriver.py(127): click_Success->//*[@id="base_box"]/div/div[3]/form/button
[2021-03-17 09:21:04]cl_getDriver.py(72): Open NewTab->https://kabuoji3.com/stock/4987/1998/
[2021-03-17 09:21:04]cl_getDriver.py(127): click_Success->//*[@id="base_box"]/div/div[3]/form/button
[2021-03-17 09:21:05]cl_getDriver.py(72): Open NewTab->https://kabuoji3.com/stock/4990/2018/
[2021-03-17 09:21:05]cl_getDriver.py(127): click_Success->//*[@id="base_box"]/div/div[3]/form/button
[2021-03-17 09:21:06]cl_getDriver.py(127): click_Success->//*[@id="base_box"]/div/div[3]/form/button
[2021-03-17 09:21:07]cl_getDriver.py(127): click_Success->//*[@id="base_box"]/div/div[3]/form/button
[2021-03-17 09:21:08]cl_getDriver.py(72): Open NewTab->https://kabuoji3.com/stock/4987/1997/
[2021-03-17 09:21:08]cl_getDriver.py(127): click_Success->//*[@id="base_box"]/div/div[3]/form/button
[2021-03-17 09:21:09]cl_getDriver.py(127): click_Success->//*[@id="base_box"]/div/div[3]/form/button
[2021-03-17 09:21:09]cl_getDriver.py(72): Open NewTab->https://kabuoji3.com/stock/4990/2017/
[2021-03-17 09:21:10]cl_getDriver.py(127): click_Success->//*[@id="base_box"]/div/div[3]/form/button
[2021-03-17 09:21:11]cl_getDriver.py(127): click_Success->//*[@id="base_box"]/div/div[3]/form/button
[2021-03-17 09:21:11]cl_getDriver.py(72): Open NewTab->https://kabuoji3.com/stock/4987/1996/
[2021-03-17 09:21:12]cl_getDriver.py(127): click_Success->//*[@id="base_box"]/div/div[3]/form/button
[2021-03-17 09:21:13]cl_getDriver.py(127): click_Success->//*[@id="base_box"]/div/div[3]/form/button
[2021-03-17 09:21:13]cl_getDriver.py(72): Open NewTab->https://kabuoji3.com/stock/4990/2016/
[2021-03-17 09:21:14]cl_getDriver.py(127): click_Success->//*[@id="base_box"]/div/div[3]/form/button
[2021-03-17 09:21:15]cl_getDriver.py(127): click_Success->//*[@id="base_box"]/div/div[3]/form/button
[2021-03-17 09:21:15]cl_getDriver.py(72): Open NewTab->https://kabuoji3.com/stock/4987/1995/
[2021-03-17 09:21:16]cl_getDriver.py(127): click_Success->//*[@id="base_box"]/div/div[3]/form/button
[2021-03-17 09:21:16]cl_getDriver.py(127): click_Success->//*[@id="base_box"]/div/div[3]/form/button
[2021-03-17 09:21:17]cl_getDriver.py(72): Open NewTab->https://kabuoji3.com/stock/4990/2015/
[2021-03-17 09:21:18]cl_getDriver.py(127): click_Success->//*[@id="base_box"]/div/div[3]/form/button
[2021-03-17 09:21:18]cl_getDriver.py(127): click_Success->//*[@id="base_box"]/div/div[3]/form/button
[2021-03-17 09:21:19]cl_getDriver.py(72): Open NewTab->https://kabuoji3.com/stock/4987/1994/
[2021-03-17 09:21:20]cl_getDriver.py(127): click_Success->//*[@id="base_box"]/div/div[3]/form/button
[2021-03-17 09:21:20]cl_getDriver.py(127): click_Success->//*[@id="base_box"]/div/div[3]/form/button
[2021-03-17 09:21:21]cl_getDriver.py(72): Open NewTab->https://kabuoji3.com/stock/4990/2014/
[2021-03-17 09:21:22]cl_getDriver.py(127): click_Success->//*[@id="base_box"]/div/div[3]/form/button
[2021-03-17 09:21:22]cl_getDriver.py(127): click_Success->//*[@id="base_box"]/div/div[3]/form/button
[2021-03-17 09:21:22]cl_getDriver.py(72): Open NewTab->https://kabuoji3.com/stock/4987/1993/
[2021-03-17 09:21:23]cl_getDriver.py(127): click_Success->//*[@id="base_box"]/div/div[3]/form/button
[2021-03-17 09:21:24]cl_getDriver.py(127): click_Success->//*[@id="base_box"]/div/div[3]/form/button
[2021-03-17 09:21:24]cl_getDriver.py(72): Open NewTab->https://kabuoji3.com/stock/4990/2013/
[2021-03-17 09:21:25]cl_getDriver.py(127): click_Success->//*[@id="base_box"]/div/div[3]/form/button
[2021-03-17 09:21:26]cl_getDriver.py(127): click_Success->//*[@id="base_box"]/div/div[3]/form/button
[2021-03-17 09:21:26]cl_getDriver.py(72): Open NewTab->https://kabuoji3.com/stock/4987/1992/
[2021-03-17 09:21:27]cl_getDriver.py(127): click_Success->//*[@id="base_box"]/div/div[3]/form/button
[2021-03-17 09:21:27]cl_getDriver.py(127): click_Success->//*[@id="base_box"]/div/div[3]/form/button
[2021-03-17 09:21:28]cl_getDriver.py(72): Open NewTab->https://kabuoji3.com/stock/4990/2012/
[2021-03-17 09:21:29]cl_getDriver.py(127): click_Success->//*[@id="base_box"]/div/div[3]/form/button
[2021-03-17 09:21:29]cl_getDriver.py(127): click_Success->//*[@id="base_box"]/div/div[3]/form/button
[2021-03-17 09:21:29]cl_getDriver.py(72): Open NewTab->https://kabuoji3.com/stock/4987/1991/
[2021-03-17 09:21:30]cl_getDriver.py(127): click_Success->//*[@id="base_box"]/div/div[3]/form/button
[2021-03-17 09:21:31]cl_getDriver.py(127): click_Success->//*[@id="base_box"]/div/div[3]/form/button
[2021-03-17 09:21:32]cl_getDriver.py(72): Open NewTab->https://kabuoji3.com/stock/4990/2011/
[2021-03-17 09:21:33]cl_getDriver.py(127): click_Success->//*[@id="base_box"]/div/div[3]/form/button
[2021-03-17 09:21:33]cl_getDriver.py(127): click_Success->//*[@id="base_box"]/div/div[3]/form/button
[2021-03-17 09:21:33]cl_getDriver.py(72): Open NewTab->https://kabuoji3.com/stock/4987/1990/
[2021-03-17 09:21:35]cl_getDriver.py(127): click_Success->//*[@id="base_box"]/div/div[3]/form/button
[2021-03-17 09:21:36]cl_getDriver.py(127): click_Success->//*[@id="base_box"]/div/div[3]/form/button
[2021-03-17 09:21:36]cl_getDriver.py(72): Open NewTab->https://kabuoji3.com/stock/4990/2010/
[2021-03-17 09:21:37]cl_getDriver.py(127): click_Success->//*[@id="base_box"]/div/div[3]/form/button
[2021-03-17 09:21:37]cl_getDriver.py(127): click_Success->//*[@id="base_box"]/div/div[3]/form/button
[2021-03-17 09:21:38]cl_getDriver.py(72): Open NewTab->https://kabuoji3.com/stock/4987/1989/
[2021-03-17 09:21:39]cl_getDriver.py(127): click_Success->//*[@id="base_box"]/div/div[3]/form/button
[2021-03-17 09:21:40]cl_getDriver.py(127): click_Success->//*[@id="base_box"]/div/div[3]/form/button
[2021-03-17 09:21:40]cl_getDriver.py(72): Open NewTab->https://kabuoji3.com/stock/4990/2009/
[2021-03-17 09:21:41]cl_getDriver.py(127): click_Success->//*[@id="base_box"]/div/div[3]/form/button
[2021-03-17 09:21:41]cl_getDriver.py(127): click_Success->//*[@id="base_box"]/div/div[3]/form/button
[2021-03-17 09:21:42]cl_getDriver.py(72): Open NewTab->https://kabuoji3.com/stock/4987/1988/
[2021-03-17 09:21:43]cl_getDriver.py(127): click_Success->//*[@id="base_box"]/div/div[3]/form/button
[2021-03-17 09:21:44]cl_getDriver.py(127): click_Success->//*[@id="base_box"]/div/div[3]/form/button
[2021-03-17 09:21:44]cl_getDriver.py(72): Open NewTab->https://kabuoji3.com/stock/4990/2008/
[2021-03-17 09:21:45]cl_getDriver.py(127): click_Success->//*[@id="base_box"]/div/div[3]/form/button
[2021-03-17 09:21:45]cl_getDriver.py(127): click_Success->//*[@id="base_box"]/div/div[3]/form/button
[2021-03-17 09:21:46]cl_getDriver.py(72): Open NewTab->https://kabuoji3.com/stock/4987/1987/
[2021-03-17 09:21:47]cl_getDriver.py(127): click_Success->//*[@id="base_box"]/div/div[3]/form/button
[2021-03-17 09:21:48]cl_getDriver.py(127): click_Success->//*[@id="base_box"]/div/div[3]/form/button
[2021-03-17 09:21:48]cl_getDriver.py(72): Open NewTab->https://kabuoji3.com/stock/4990/2007/
[2021-03-17 09:21:49]cl_getDriver.py(127): click_Success->//*[@id="base_box"]/div/div[3]/form/button
[2021-03-17 09:21:49]cl_getDriver.py(127): click_Success->//*[@id="base_box"]/div/div[3]/form/button
[2021-03-17 09:21:51]cl_getDriver.py(127): click_Success->//*[@id="base_box"]/div/div[3]/form/button
[2021-03-17 09:21:51]cl_getDriver.py(72): Open NewTab->https://kabuoji3.com/stock/4990/2006/
[2021-03-17 09:21:52]cl_getDriver.py(127): click_Success->//*[@id="base_box"]/div/div[3]/form/button
[2021-03-17 09:21:53]main.py(42): finished Process->https://kabuoji3.com/stock/4987/
[2021-03-17 09:21:53]main.py(15): start_Process->https://kabuoji3.com/stock/4992/
[2021-03-17 09:21:55]cl_getDriver.py(127): click_Success->//*[@id="base_box"]/div/div[3]/form/button
[2021-03-17 09:21:55]cl_getDriver.py(72): Open NewTab->https://kabuoji3.com/stock/4990/2005/
[2021-03-17 09:21:56]cl_getDriver.py(127): click_Success->//*[@id="base_box"]/div/div[3]/form/button
[2021-03-17 09:21:59]cl_getDriver.py(64): getURL=https://kabuoji3.com/stock/4992/
[2021-03-17 09:21:59]cl_getDriver.py(127): click_Success->//*[@id="base_box"]/div/div[3]/form/button
[2021-03-17 09:21:59]cl_getDriver.py(72): Open NewTab->https://kabuoji3.com/stock/4990/2004/
[2021-03-17 09:21:59]cl_getDriver.py(72): Open NewTab->https://kabuoji3.com/stock/4992/
[2021-03-17 09:22:00]cl_getDriver.py(130): Not Found->//*[@id="base_box"]/div/div[3]/form/button
[2021-03-17 09:22:01]cl_getDriver.py(127): click_Success->//*[@id="base_box"]/div/div[3]/form/button
[2021-03-17 09:22:02]cl_getDriver.py(130): Not Found->//*[@id="base_box"]/div/div[3]/form/button
[2021-03-17 09:22:02]cl_getDriver.py(72): Open NewTab->https://kabuoji3.com/stock/4992/2021/
[2021-03-17 09:22:03]cl_getDriver.py(127): click_Success->//*[@id="base_box"]/div/div[3]/form/button
[2021-03-17 09:22:03]cl_getDriver.py(127): click_Success->//*[@id="base_box"]/div/div[3]/form/button
[2021-03-17 09:22:04]cl_getDriver.py(72): Open NewTab->https://kabuoji3.com/stock/4990/2003/
[2021-03-17 09:22:05]cl_getDriver.py(127): click_Success->//*[@id="base_box"]/div/div[3]/form/button
[2021-03-17 09:22:06]cl_getDriver.py(127): click_Success->//*[@id="base_box"]/div/div[3]/form/button
[2021-03-17 09:22:06]cl_getDriver.py(72): Open NewTab->https://kabuoji3.com/stock/4992/2020/
[2021-03-17 09:22:07]cl_getDriver.py(127): click_Success->//*[@id="base_box"]/div/div[3]/form/button
[2021-03-17 09:22:07]cl_getDriver.py(127): click_Success->//*[@id="base_box"]/div/div[3]/form/button
[2021-03-17 09:22:08]cl_getDriver.py(72): Open NewTab->https://kabuoji3.com/stock/4990/2002/
[2021-03-17 09:22:09]cl_getDriver.py(127): click_Success->//*[@id="base_box"]/div/div[3]/form/button
[2021-03-17 09:22:10]cl_getDriver.py(127): click_Success->//*[@id="base_box"]/div/div[3]/form/button
[2021-03-17 09:22:10]cl_getDriver.py(72): Open NewTab->https://kabuoji3.com/stock/4992/2019/
[2021-03-17 09:22:11]cl_getDriver.py(127): click_Success->//*[@id="base_box"]/div/div[3]/form/button
[2021-03-17 09:22:11]cl_getDriver.py(127): click_Success->//*[@id="base_box"]/div/div[3]/form/button
[2021-03-17 09:22:12]cl_getDriver.py(72): Open NewTab->https://kabuoji3.com/stock/4990/2001/
[2021-03-17 09:22:13]cl_getDriver.py(127): click_Success->//*[@id="base_box"]/div/div[3]/form/button
[2021-03-17 09:22:13]cl_getDriver.py(127): click_Success->//*[@id="base_box"]/div/div[3]/form/button
[2021-03-17 09:22:14]cl_getDriver.py(72): Open NewTab->https://kabuoji3.com/stock/4992/2018/
[2021-03-17 09:22:15]cl_getDriver.py(127): click_Success->//*[@id="base_box"]/div/div[3]/form/button
[2021-03-17 09:22:15]cl_getDriver.py(127): click_Success->//*[@id="base_box"]/div/div[3]/form/button
[2021-03-17 09:22:15]cl_getDriver.py(72): Open NewTab->https://kabuoji3.com/stock/4990/2000/
[2021-03-17 09:22:16]cl_getDriver.py(127): click_Success->//*[@id="base_box"]/div/div[3]/form/button
[2021-03-17 09:22:17]cl_getDriver.py(127): click_Success->//*[@id="base_box"]/div/div[3]/form/button
[2021-03-17 09:22:17]cl_getDriver.py(72): Open NewTab->https://kabuoji3.com/stock/4992/2017/
[2021-03-17 09:22:18]cl_getDriver.py(127): click_Success->//*[@id="base_box"]/div/div[3]/form/button
[2021-03-17 09:22:19]cl_getDriver.py(127): click_Success->//*[@id="base_box"]/div/div[3]/form/button
[2021-03-17 09:22:19]cl_getDriver.py(72): Open NewTab->https://kabuoji3.com/stock/4990/1999/
[2021-03-17 09:22:21]cl_getDriver.py(127): click_Success->//*[@id="base_box"]/div/div[3]/form/button
[2021-03-17 09:22:22]cl_getDriver.py(127): click_Success->//*[@id="base_box"]/div/div[3]/form/button
[2021-03-17 09:22:22]cl_getDriver.py(72): Open NewTab->https://kabuoji3.com/stock/4992/2016/
[2021-03-17 09:22:23]cl_getDriver.py(127): click_Success->//*[@id="base_box"]/div/div[3]/form/button
[2021-03-17 09:22:24]cl_getDriver.py(127): click_Success->//*[@id="base_box"]/div/div[3]/form/button
[2021-03-17 09:22:24]cl_getDriver.py(72): Open NewTab->https://kabuoji3.com/stock/4990/1998/
[2021-03-17 09:22:25]cl_getDriver.py(127): click_Success->//*[@id="base_box"]/div/div[3]/form/button
[2021-03-17 09:22:26]cl_getDriver.py(127): click_Success->//*[@id="base_box"]/div/div[3]/form/button
[2021-03-17 09:22:26]cl_getDriver.py(72): Open NewTab->https://kabuoji3.com/stock/4992/2015/
[2021-03-17 09:22:27]cl_getDriver.py(127): click_Success->//*[@id="base_box"]/div/div[3]/form/button
[2021-03-17 09:22:28]cl_getDriver.py(127): click_Success->//*[@id="base_box"]/div/div[3]/form/button
[2021-03-17 09:22:28]cl_getDriver.py(72): Open NewTab->https://kabuoji3.com/stock/4990/1997/
[2021-03-17 09:22:29]cl_getDriver.py(127): click_Success->//*[@id="base_box"]/div/div[3]/form/button
[2021-03-17 09:22:30]cl_getDriver.py(127): click_Success->//*[@id="base_box"]/div/div[3]/form/button
[2021-03-17 09:22:30]cl_getDriver.py(72): Open NewTab->https://kabuoji3.com/stock/4992/2014/
[2021-03-17 09:22:31]cl_getDriver.py(127): click_Success->//*[@id="base_box"]/div/div[3]/form/button
[2021-03-17 09:22:32]cl_getDriver.py(127): click_Success->//*[@id="base_box"]/div/div[3]/form/button
[2021-03-17 09:22:32]cl_getDriver.py(72): Open NewTab->https://kabuoji3.com/stock/4990/1996/
[2021-03-17 09:22:33]cl_getDriver.py(127): click_Success->//*[@id="base_box"]/div/div[3]/form/button
[2021-03-17 09:22:33]cl_getDriver.py(127): click_Success->//*[@id="base_box"]/div/div[3]/form/button
[2021-03-17 09:22:34]cl_getDriver.py(72): Open NewTab->https://kabuoji3.com/stock/4992/2013/
[2021-03-17 09:22:35]cl_getDriver.py(127): click_Success->//*[@id="base_box"]/div/div[3]/form/button
[2021-03-17 09:22:36]cl_getDriver.py(127): click_Success->//*[@id="base_box"]/div/div[3]/form/button
[2021-03-17 09:22:36]cl_getDriver.py(72): Open NewTab->https://kabuoji3.com/stock/4990/1995/
[2021-03-17 09:22:37]cl_getDriver.py(127): click_Success->//*[@id="base_box"]/div/div[3]/form/button
[2021-03-17 09:22:37]cl_getDriver.py(127): click_Success->//*[@id="base_box"]/div/div[3]/form/button
[2021-03-17 09:22:37]cl_getDriver.py(72): Open NewTab->https://kabuoji3.com/stock/4992/2012/
[2021-03-17 09:22:38]cl_getDriver.py(127): click_Success->//*[@id="base_box"]/div/div[3]/form/button
[2021-03-17 09:22:39]cl_getDriver.py(127): click_Success->//*[@id="base_box"]/div/div[3]/form/button
[2021-03-17 09:22:40]cl_getDriver.py(72): Open NewTab->https://kabuoji3.com/stock/4990/1994/
[2021-03-17 09:22:41]cl_getDriver.py(127): click_Success->//*[@id="base_box"]/div/div[3]/form/button
[2021-03-17 09:22:41]cl_getDriver.py(72): Open NewTab->https://kabuoji3.com/stock/4992/2011/
[2021-03-17 09:22:42]cl_getDriver.py(127): click_Success->//*[@id="base_box"]/div/div[3]/form/button
[2021-03-17 09:22:43]cl_getDriver.py(127): click_Success->//*[@id="base_box"]/div/div[3]/form/button
[2021-03-17 09:22:44]cl_getDriver.py(127): click_Success->//*[@id="base_box"]/div/div[3]/form/button
[2021-03-17 09:22:44]cl_getDriver.py(72): Open NewTab->https://kabuoji3.com/stock/4990/1993/
[2021-03-17 09:22:45]cl_getDriver.py(127): click_Success->//*[@id="base_box"]/div/div[3]/form/button
[2021-03-17 09:22:46]cl_getDriver.py(127): click_Success->//*[@id="base_box"]/div/div[3]/form/button
[2021-03-17 09:22:46]cl_getDriver.py(72): Open NewTab->https://kabuoji3.com/stock/4992/2010/
[2021-03-17 09:22:47]cl_getDriver.py(127): click_Success->//*[@id="base_box"]/div/div[3]/form/button
[2021-03-17 09:22:48]cl_getDriver.py(127): click_Success->//*[@id="base_box"]/div/div[3]/form/button
[2021-03-17 09:22:48]cl_getDriver.py(72): Open NewTab->https://kabuoji3.com/stock/4990/1992/
[2021-03-17 09:22:49]cl_getDriver.py(127): click_Success->//*[@id="base_box"]/div/div[3]/form/button
[2021-03-17 09:22:49]cl_getDriver.py(127): click_Success->//*[@id="base_box"]/div/div[3]/form/button
[2021-03-17 09:22:49]cl_getDriver.py(72): Open NewTab->https://kabuoji3.com/stock/4992/2009/
[2021-03-17 09:22:51]cl_getDriver.py(127): click_Success->//*[@id="base_box"]/div/div[3]/form/button
[2021-03-17 09:22:52]cl_getDriver.py(127): click_Success->//*[@id="base_box"]/div/div[3]/form/button
[2021-03-17 09:22:52]cl_getDriver.py(72): Open NewTab->https://kabuoji3.com/stock/4990/1991/
[2021-03-17 09:22:53]cl_getDriver.py(127): click_Success->//*[@id="base_box"]/div/div[3]/form/button
[2021-03-17 09:22:53]cl_getDriver.py(127): click_Success->//*[@id="base_box"]/div/div[3]/form/button
[2021-03-17 09:22:53]cl_getDriver.py(72): Open NewTab->https://kabuoji3.com/stock/4992/2008/
[2021-03-17 09:22:54]cl_getDriver.py(127): click_Success->//*[@id="base_box"]/div/div[3]/form/button
[2021-03-17 09:22:56]cl_getDriver.py(127): click_Success->//*[@id="base_box"]/div/div[3]/form/button
[2021-03-17 09:22:56]cl_getDriver.py(72): Open NewTab->https://kabuoji3.com/stock/4990/1990/
[2021-03-17 09:22:57]cl_getDriver.py(127): click_Success->//*[@id="base_box"]/div/div[3]/form/button
[2021-03-17 09:22:57]cl_getDriver.py(127): click_Success->//*[@id="base_box"]/div/div[3]/form/button
[2021-03-17 09:22:57]cl_getDriver.py(72): Open NewTab->https://kabuoji3.com/stock/4992/2007/
[2021-03-17 09:22:59]cl_getDriver.py(127): click_Success->//*[@id="base_box"]/div/div[3]/form/button
[2021-03-17 09:23:00]cl_getDriver.py(127): click_Success->//*[@id="base_box"]/div/div[3]/form/button
[2021-03-17 09:23:00]cl_getDriver.py(72): Open NewTab->https://kabuoji3.com/stock/4990/1989/
[2021-03-17 09:23:01]cl_getDriver.py(127): click_Success->//*[@id="base_box"]/div/div[3]/form/button
[2021-03-17 09:23:01]cl_getDriver.py(127): click_Success->//*[@id="base_box"]/div/div[3]/form/button
[2021-03-17 09:23:02]cl_getDriver.py(72): Open NewTab->https://kabuoji3.com/stock/4992/2006/
[2021-03-17 09:23:03]cl_getDriver.py(127): click_Success->//*[@id="base_box"]/div/div[3]/form/button
[2021-03-17 09:23:03]cl_getDriver.py(127): click_Success->//*[@id="base_box"]/div/div[3]/form/button
[2021-03-17 09:23:03]cl_getDriver.py(72): Open NewTab->https://kabuoji3.com/stock/4990/1988/
[2021-03-17 09:23:04]cl_getDriver.py(127): click_Success->//*[@id="base_box"]/div/div[3]/form/button
[2021-03-17 09:23:06]cl_getDriver.py(127): click_Success->//*[@id="base_box"]/div/div[3]/form/button
[2021-03-17 09:23:06]cl_getDriver.py(72): Open NewTab->https://kabuoji3.com/stock/4992/2005/
[2021-03-17 09:23:07]cl_getDriver.py(127): click_Success->//*[@id="base_box"]/div/div[3]/form/button
[2021-03-17 09:23:07]cl_getDriver.py(72): Open NewTab->https://kabuoji3.com/stock/4990/1987/
[2021-03-17 09:23:08]cl_getDriver.py(127): click_Success->//*[@id="base_box"]/div/div[3]/form/button
[2021-03-17 09:23:08]cl_getDriver.py(127): click_Success->//*[@id="base_box"]/div/div[3]/form/button
[2021-03-17 09:23:10]cl_getDriver.py(127): click_Success->//*[@id="base_box"]/div/div[3]/form/button
[2021-03-17 09:23:10]cl_getDriver.py(72): Open NewTab->https://kabuoji3.com/stock/4992/2004/
[2021-03-17 09:23:11]cl_getDriver.py(127): click_Success->//*[@id="base_box"]/div/div[3]/form/button
[2021-03-17 09:23:11]cl_getDriver.py(72): Open NewTab->https://kabuoji3.com/stock/4990/1986/
[2021-03-17 09:23:12]cl_getDriver.py(127): click_Success->//*[@id="base_box"]/div/div[3]/form/button
[2021-03-17 09:23:13]cl_getDriver.py(127): click_Success->//*[@id="base_box"]/div/div[3]/form/button
[2021-03-17 09:23:15]cl_getDriver.py(127): click_Success->//*[@id="base_box"]/div/div[3]/form/button
[2021-03-17 09:23:15]cl_getDriver.py(72): Open NewTab->https://kabuoji3.com/stock/4990/1985/
[2021-03-17 09:23:15]cl_getDriver.py(127): click_Success->//*[@id="base_box"]/div/div[3]/form/button
[2021-03-17 09:23:16]cl_getDriver.py(72): Open NewTab->https://kabuoji3.com/stock/4992/2003/
[2021-03-17 09:23:16]cl_getDriver.py(127): click_Success->//*[@id="base_box"]/div/div[3]/form/button
[2021-03-17 09:23:17]cl_getDriver.py(127): click_Success->//*[@id="base_box"]/div/div[3]/form/button
[2021-03-17 09:23:19]cl_getDriver.py(127): click_Success->//*[@id="base_box"]/div/div[3]/form/button
[2021-03-17 09:23:19]cl_getDriver.py(72): Open NewTab->https://kabuoji3.com/stock/4990/1984/
[2021-03-17 09:23:20]cl_getDriver.py(127): click_Success->//*[@id="base_box"]/div/div[3]/form/button
[2021-03-17 09:23:21]cl_getDriver.py(127): click_Success->//*[@id="base_box"]/div/div[3]/form/button
[2021-03-17 09:23:21]cl_getDriver.py(72): Open NewTab->https://kabuoji3.com/stock/4992/2002/
[2021-03-17 09:23:22]cl_getDriver.py(127): click_Success->//*[@id="base_box"]/div/div[3]/form/button
[2021-03-17 09:23:23]cl_getDriver.py(127): click_Success->//*[@id="base_box"]/div/div[3]/form/button
[2021-03-17 09:23:23]cl_getDriver.py(72): Open NewTab->https://kabuoji3.com/stock/4990/1983/
[2021-03-17 09:23:24]cl_getDriver.py(127): click_Success->//*[@id="base_box"]/div/div[3]/form/button
[2021-03-17 09:23:25]cl_getDriver.py(127): click_Success->//*[@id="base_box"]/div/div[3]/form/button
[2021-03-17 09:23:25]cl_getDriver.py(72): Open NewTab->https://kabuoji3.com/stock/4992/2001/
[2021-03-17 09:23:26]cl_getDriver.py(127): click_Success->//*[@id="base_box"]/div/div[3]/form/button
[2021-03-17 09:23:27]cl_getDriver.py(127): click_Success->//*[@id="base_box"]/div/div[3]/form/button
[2021-03-17 09:23:29]cl_getDriver.py(127): click_Success->//*[@id="base_box"]/div/div[3]/form/button
[2021-03-17 09:23:29]cl_getDriver.py(72): Open NewTab->https://kabuoji3.com/stock/4992/2000/
[2021-03-17 09:23:30]cl_getDriver.py(127): click_Success->//*[@id="base_box"]/div/div[3]/form/button
[2021-03-17 09:23:30]main.py(42): finished Process->https://kabuoji3.com/stock/4990/
[2021-03-17 09:23:30]main.py(15): start_Process->https://kabuoji3.com/stock/4994/
[2021-03-17 09:23:33]cl_getDriver.py(127): click_Success->//*[@id="base_box"]/div/div[3]/form/button
[2021-03-17 09:23:33]cl_getDriver.py(72): Open NewTab->https://kabuoji3.com/stock/4992/1999/
[2021-03-17 09:23:34]cl_getDriver.py(127): click_Success->//*[@id="base_box"]/div/div[3]/form/button
[2021-03-17 09:23:35]cl_getDriver.py(64): getURL=https://kabuoji3.com/stock/4994/
[2021-03-17 09:23:36]cl_getDriver.py(72): Open NewTab->https://kabuoji3.com/stock/4994/
[2021-03-17 09:23:36]cl_getDriver.py(127): click_Success->//*[@id="base_box"]/div/div[3]/form/button
[2021-03-17 09:23:37]cl_getDriver.py(130): Not Found->//*[@id="base_box"]/div/div[3]/form/button
[2021-03-17 09:23:37]cl_getDriver.py(72): Open NewTab->https://kabuoji3.com/stock/4992/1998/
[2021-03-17 09:23:38]cl_getDriver.py(127): click_Success->//*[@id="base_box"]/div/div[3]/form/button
[2021-03-17 09:23:39]cl_getDriver.py(130): Not Found->//*[@id="base_box"]/div/div[3]/form/button
[2021-03-17 09:23:39]cl_getDriver.py(72): Open NewTab->https://kabuoji3.com/stock/4994/2021/
[2021-03-17 09:23:40]cl_getDriver.py(127): click_Success->//*[@id="base_box"]/div/div[3]/form/button
[2021-03-17 09:23:40]cl_getDriver.py(127): click_Success->//*[@id="base_box"]/div/div[3]/form/button
[2021-03-17 09:23:41]cl_getDriver.py(72): Open NewTab->https://kabuoji3.com/stock/4992/1997/
[2021-03-17 09:23:42]cl_getDriver.py(127): click_Success->//*[@id="base_box"]/div/div[3]/form/button
[2021-03-17 09:23:42]cl_getDriver.py(127): click_Success->//*[@id="base_box"]/div/div[3]/form/button
[2021-03-17 09:23:43]cl_getDriver.py(72): Open NewTab->https://kabuoji3.com/stock/4994/2020/
[2021-03-17 09:23:44]cl_getDriver.py(127): click_Success->//*[@id="base_box"]/div/div[3]/form/button
[2021-03-17 09:23:44]cl_getDriver.py(127): click_Success->//*[@id="base_box"]/div/div[3]/form/button
[2021-03-17 09:23:44]cl_getDriver.py(72): Open NewTab->https://kabuoji3.com/stock/4992/1996/
[2021-03-17 09:23:45]cl_getDriver.py(127): click_Success->//*[@id="base_box"]/div/div[3]/form/button
[2021-03-17 09:23:46]cl_getDriver.py(127): click_Success->//*[@id="base_box"]/div/div[3]/form/button
[2021-03-17 09:23:46]cl_getDriver.py(72): Open NewTab->https://kabuoji3.com/stock/4994/2019/
[2021-03-17 09:23:47]cl_getDriver.py(127): click_Success->//*[@id="base_box"]/div/div[3]/form/button
[2021-03-17 09:23:48]cl_getDriver.py(127): click_Success->//*[@id="base_box"]/div/div[3]/form/button
[2021-03-17 09:23:48]cl_getDriver.py(72): Open NewTab->https://kabuoji3.com/stock/4992/1995/
[2021-03-17 09:23:49]cl_getDriver.py(127): click_Success->//*[@id="base_box"]/div/div[3]/form/button
[2021-03-17 09:23:50]cl_getDriver.py(127): click_Success->//*[@id="base_box"]/div/div[3]/form/button
[2021-03-17 09:23:50]cl_getDriver.py(72): Open NewTab->https://kabuoji3.com/stock/4994/2018/
[2021-03-17 09:23:51]cl_getDriver.py(127): click_Success->//*[@id="base_box"]/div/div[3]/form/button
[2021-03-17 09:23:52]cl_getDriver.py(72): Open NewTab->https://kabuoji3.com/stock/4992/1994/
[2021-03-17 09:23:52]cl_getDriver.py(127): click_Success->//*[@id="base_box"]/div/div[3]/form/button
[2021-03-17 09:23:53]cl_getDriver.py(127): click_Success->//*[@id="base_box"]/div/div[3]/form/button
[2021-03-17 09:23:54]cl_getDriver.py(127): click_Success->//*[@id="base_box"]/div/div[3]/form/button
[2021-03-17 09:23:55]cl_getDriver.py(72): Open NewTab->https://kabuoji3.com/stock/4994/2017/
[2021-03-17 09:23:55]cl_getDriver.py(127): click_Success->//*[@id="base_box"]/div/div[3]/form/button
[2021-03-17 09:23:56]cl_getDriver.py(72): Open NewTab->https://kabuoji3.com/stock/4992/1993/
[2021-03-17 09:23:56]cl_getDriver.py(127): click_Success->//*[@id="base_box"]/div/div[3]/form/button
[2021-03-17 09:23:57]cl_getDriver.py(127): click_Success->//*[@id="base_box"]/div/div[3]/form/button
[2021-03-17 09:23:58]cl_getDriver.py(127): click_Success->//*[@id="base_box"]/div/div[3]/form/button
[2021-03-17 09:23:59]cl_getDriver.py(72): Open NewTab->https://kabuoji3.com/stock/4994/2016/
[2021-03-17 09:23:59]cl_getDriver.py(127): click_Success->//*[@id="base_box"]/div/div[3]/form/button
[2021-03-17 09:24:00]cl_getDriver.py(72): Open NewTab->https://kabuoji3.com/stock/4992/1992/
[2021-03-17 09:24:00]cl_getDriver.py(127): click_Success->//*[@id="base_box"]/div/div[3]/form/button
[2021-03-17 09:24:01]cl_getDriver.py(127): click_Success->//*[@id="base_box"]/div/div[3]/form/button
[2021-03-17 09:24:02]cl_getDriver.py(127): click_Success->//*[@id="base_box"]/div/div[3]/form/button
[2021-03-17 09:24:03]cl_getDriver.py(72): Open NewTab->https://kabuoji3.com/stock/4994/2015/
[2021-03-17 09:24:03]cl_getDriver.py(127): click_Success->//*[@id="base_box"]/div/div[3]/form/button
[2021-03-17 09:24:04]cl_getDriver.py(127): click_Success->//*[@id="base_box"]/div/div[3]/form/button
[2021-03-17 09:24:04]cl_getDriver.py(72): Open NewTab->https://kabuoji3.com/stock/4992/1991/
[2021-03-17 09:24:05]cl_getDriver.py(127): click_Success->//*[@id="base_box"]/div/div[3]/form/button
[2021-03-17 09:24:06]cl_getDriver.py(127): click_Success->//*[@id="base_box"]/div/div[3]/form/button
[2021-03-17 09:24:07]cl_getDriver.py(72): Open NewTab->https://kabuoji3.com/stock/4994/2014/
[2021-03-17 09:24:07]cl_getDriver.py(127): click_Success->//*[@id="base_box"]/div/div[3]/form/button
[2021-03-17 09:24:08]cl_getDriver.py(72): Open NewTab->https://kabuoji3.com/stock/4992/1990/
[2021-03-17 09:24:08]cl_getDriver.py(127): click_Success->//*[@id="base_box"]/div/div[3]/form/button
[2021-03-17 09:24:09]cl_getDriver.py(127): click_Success->//*[@id="base_box"]/div/div[3]/form/button
[2021-03-17 09:24:10]cl_getDriver.py(127): click_Success->//*[@id="base_box"]/div/div[3]/form/button
[2021-03-17 09:24:10]cl_getDriver.py(72): Open NewTab->https://kabuoji3.com/stock/4994/2013/
[2021-03-17 09:24:11]cl_getDriver.py(127): click_Success->//*[@id="base_box"]/div/div[3]/form/button
[2021-03-17 09:24:12]cl_getDriver.py(72): Open NewTab->https://kabuoji3.com/stock/4992/1989/
[2021-03-17 09:24:12]cl_getDriver.py(127): click_Success->//*[@id="base_box"]/div/div[3]/form/button
[2021-03-17 09:24:13]cl_getDriver.py(127): click_Success->//*[@id="base_box"]/div/div[3]/form/button
[2021-03-17 09:24:14]cl_getDriver.py(127): click_Success->//*[@id="base_box"]/div/div[3]/form/button
[2021-03-17 09:24:15]cl_getDriver.py(72): Open NewTab->https://kabuoji3.com/stock/4994/2012/
[2021-03-17 09:24:15]cl_getDriver.py(127): click_Success->//*[@id="base_box"]/div/div[3]/form/button
[2021-03-17 09:24:16]cl_getDriver.py(72): Open NewTab->https://kabuoji3.com/stock/4992/1988/
[2021-03-17 09:24:16]cl_getDriver.py(127): click_Success->//*[@id="base_box"]/div/div[3]/form/button
[2021-03-17 09:24:17]cl_getDriver.py(127): click_Success->//*[@id="base_box"]/div/div[3]/form/button
[2021-03-17 09:24:18]cl_getDriver.py(127): click_Success->//*[@id="base_box"]/div/div[3]/form/button
[2021-03-17 09:24:19]cl_getDriver.py(72): Open NewTab->https://kabuoji3.com/stock/4994/2011/
[2021-03-17 09:24:19]cl_getDriver.py(127): click_Success->//*[@id="base_box"]/div/div[3]/form/button
[2021-03-17 09:24:20]cl_getDriver.py(72): Open NewTab->https://kabuoji3.com/stock/4992/1987/
[2021-03-17 09:24:20]cl_getDriver.py(127): click_Success->//*[@id="base_box"]/div/div[3]/form/button
[2021-03-17 09:24:21]cl_getDriver.py(127): click_Success->//*[@id="base_box"]/div/div[3]/form/button
[2021-03-17 09:24:22]cl_getDriver.py(127): click_Success->//*[@id="base_box"]/div/div[3]/form/button
[2021-03-17 09:24:23]cl_getDriver.py(72): Open NewTab->https://kabuoji3.com/stock/4994/2010/
[2021-03-17 09:24:23]cl_getDriver.py(127): click_Success->//*[@id="base_box"]/div/div[3]/form/button
[2021-03-17 09:24:23]cl_getDriver.py(72): Open NewTab->https://kabuoji3.com/stock/4992/1986/
[2021-03-17 09:24:24]cl_getDriver.py(127): click_Success->//*[@id="base_box"]/div/div[3]/form/button
[2021-03-17 09:24:25]cl_getDriver.py(127): click_Success->//*[@id="base_box"]/div/div[3]/form/button
[2021-03-17 09:24:27]cl_getDriver.py(127): click_Success->//*[@id="base_box"]/div/div[3]/form/button
[2021-03-17 09:24:27]cl_getDriver.py(72): Open NewTab->https://kabuoji3.com/stock/4994/2009/
[2021-03-17 09:24:27]cl_getDriver.py(127): click_Success->//*[@id="base_box"]/div/div[3]/form/button
[2021-03-17 09:24:28]cl_getDriver.py(72): Open NewTab->https://kabuoji3.com/stock/4992/1985/
[2021-03-17 09:24:29]cl_getDriver.py(127): click_Success->//*[@id="base_box"]/div/div[3]/form/button
[2021-03-17 09:24:29]cl_getDriver.py(127): click_Success->//*[@id="base_box"]/div/div[3]/form/button
[2021-03-17 09:24:31]cl_getDriver.py(127): click_Success->//*[@id="base_box"]/div/div[3]/form/button
[2021-03-17 09:24:31]cl_getDriver.py(127): click_Success->//*[@id="base_box"]/div/div[3]/form/button
[2021-03-17 09:24:32]cl_getDriver.py(72): Open NewTab->https://kabuoji3.com/stock/4994/2008/
[2021-03-17 09:24:32]cl_getDriver.py(72): Open NewTab->https://kabuoji3.com/stock/4992/1984/
[2021-03-17 09:24:33]cl_getDriver.py(127): click_Success->//*[@id="base_box"]/div/div[3]/form/button
[2021-03-17 09:24:33]cl_getDriver.py(127): click_Success->//*[@id="base_box"]/div/div[3]/form/button
[2021-03-17 09:24:35]cl_getDriver.py(127): click_Success->//*[@id="base_box"]/div/div[3]/form/button
[2021-03-17 09:24:36]cl_getDriver.py(72): Open NewTab->https://kabuoji3.com/stock/4994/2007/
[2021-03-17 09:24:36]cl_getDriver.py(127): click_Success->//*[@id="base_box"]/div/div[3]/form/button
[2021-03-17 09:24:36]cl_getDriver.py(72): Open NewTab->https://kabuoji3.com/stock/4992/1983/
[2021-03-17 09:24:37]cl_getDriver.py(127): click_Success->//*[@id="base_box"]/div/div[3]/form/button
[2021-03-17 09:24:38]cl_getDriver.py(127): click_Success->//*[@id="base_box"]/div/div[3]/form/button
[2021-03-17 09:24:40]cl_getDriver.py(127): click_Success->//*[@id="base_box"]/div/div[3]/form/button
[2021-03-17 09:24:40]cl_getDriver.py(127): click_Success->//*[@id="base_box"]/div/div[3]/form/button
[2021-03-17 09:24:40]cl_getDriver.py(72): Open NewTab->https://kabuoji3.com/stock/4994/2006/
[2021-03-17 09:24:41]cl_getDriver.py(127): click_Success->//*[@id="base_box"]/div/div[3]/form/button
[2021-03-17 09:24:43]main.py(42): finished Process->https://kabuoji3.com/stock/4992/
[2021-03-17 09:24:43]main.py(15): start_Process->https://kabuoji3.com/stock/4996/
[2021-03-17 09:24:44]cl_getDriver.py(127): click_Success->//*[@id="base_box"]/div/div[3]/form/button
[2021-03-17 09:24:44]cl_getDriver.py(72): Open NewTab->https://kabuoji3.com/stock/4994/2005/
[2021-03-17 09:24:45]cl_getDriver.py(127): click_Success->//*[@id="base_box"]/div/div[3]/form/button
[2021-03-17 09:24:48]cl_getDriver.py(127): click_Success->//*[@id="base_box"]/div/div[3]/form/button
[2021-03-17 09:24:48]cl_getDriver.py(72): Open NewTab->https://kabuoji3.com/stock/4994/2004/
[2021-03-17 09:24:49]cl_getDriver.py(127): click_Success->//*[@id="base_box"]/div/div[3]/form/button
[2021-03-17 09:24:50]cl_getDriver.py(64): getURL=https://kabuoji3.com/stock/4996/
[2021-03-17 09:24:50]cl_getDriver.py(72): Open NewTab->https://kabuoji3.com/stock/4996/
[2021-03-17 09:24:51]cl_getDriver.py(130): Not Found->//*[@id="base_box"]/div/div[3]/form/button
[2021-03-17 09:24:52]cl_getDriver.py(127): click_Success->//*[@id="base_box"]/div/div[3]/form/button
[2021-03-17 09:24:52]cl_getDriver.py(72): Open NewTab->https://kabuoji3.com/stock/4994/2003/
[2021-03-17 09:24:53]cl_getDriver.py(127): click_Success->//*[@id="base_box"]/div/div[3]/form/button
[2021-03-17 09:24:53]cl_getDriver.py(130): Not Found->//*[@id="base_box"]/div/div[3]/form/button
[2021-03-17 09:24:53]cl_getDriver.py(72): Open NewTab->https://kabuoji3.com/stock/4996/2021/
[2021-03-17 09:24:54]cl_getDriver.py(127): click_Success->//*[@id="base_box"]/div/div[3]/form/button
[2021-03-17 09:24:55]cl_getDriver.py(127): click_Success->//*[@id="base_box"]/div/div[3]/form/button
[2021-03-17 09:24:55]cl_getDriver.py(72): Open NewTab->https://kabuoji3.com/stock/4994/2002/
[2021-03-17 09:24:57]cl_getDriver.py(127): click_Success->//*[@id="base_box"]/div/div[3]/form/button
[2021-03-17 09:24:57]cl_getDriver.py(127): click_Success->//*[@id="base_box"]/div/div[3]/form/button
[2021-03-17 09:24:57]cl_getDriver.py(72): Open NewTab->https://kabuoji3.com/stock/4996/2020/
[2021-03-17 09:24:58]cl_getDriver.py(127): click_Success->//*[@id="base_box"]/div/div[3]/form/button
[2021-03-17 09:24:59]cl_getDriver.py(127): click_Success->//*[@id="base_box"]/div/div[3]/form/button
[2021-03-17 09:25:00]cl_getDriver.py(127): click_Success->//*[@id="base_box"]/div/div[3]/form/button
[2021-03-17 09:25:00]cl_getDriver.py(72): Open NewTab->https://kabuoji3.com/stock/4996/2019/
[2021-03-17 09:25:02]cl_getDriver.py(127): click_Success->//*[@id="base_box"]/div/div[3]/form/button
[2021-03-17 09:25:03]main.py(42): finished Process->https://kabuoji3.com/stock/4994/
[2021-03-17 09:25:03]main.py(15): start_Process->https://kabuoji3.com/stock/4997/
[2021-03-17 09:25:04]cl_getDriver.py(127): click_Success->//*[@id="base_box"]/div/div[3]/form/button
[2021-03-17 09:25:04]cl_getDriver.py(72): Open NewTab->https://kabuoji3.com/stock/4996/2018/
[2021-03-17 09:25:06]cl_getDriver.py(127): click_Success->//*[@id="base_box"]/div/div[3]/form/button
[2021-03-17 09:25:08]cl_getDriver.py(127): click_Success->//*[@id="base_box"]/div/div[3]/form/button
[2021-03-17 09:25:09]cl_getDriver.py(72): Open NewTab->https://kabuoji3.com/stock/4996/2017/
[2021-03-17 09:25:10]cl_getDriver.py(64): getURL=https://kabuoji3.com/stock/4997/
[2021-03-17 09:25:10]cl_getDriver.py(127): click_Success->//*[@id="base_box"]/div/div[3]/form/button
[2021-03-17 09:25:10]cl_getDriver.py(72): Open NewTab->https://kabuoji3.com/stock/4997/
[2021-03-17 09:25:11]cl_getDriver.py(130): Not Found->//*[@id="base_box"]/div/div[3]/form/button
[2021-03-17 09:25:12]cl_getDriver.py(127): click_Success->//*[@id="base_box"]/div/div[3]/form/button
[2021-03-17 09:25:13]cl_getDriver.py(72): Open NewTab->https://kabuoji3.com/stock/4996/2016/
[2021-03-17 09:25:13]cl_getDriver.py(130): Not Found->//*[@id="base_box"]/div/div[3]/form/button
[2021-03-17 09:25:13]cl_getDriver.py(72): Open NewTab->https://kabuoji3.com/stock/4997/2021/
[2021-03-17 09:25:14]cl_getDriver.py(127): click_Success->//*[@id="base_box"]/div/div[3]/form/button
[2021-03-17 09:25:15]cl_getDriver.py(127): click_Success->//*[@id="base_box"]/div/div[3]/form/button
[2021-03-17 09:25:16]cl_getDriver.py(127): click_Success->//*[@id="base_box"]/div/div[3]/form/button
[2021-03-17 09:25:16]cl_getDriver.py(72): Open NewTab->https://kabuoji3.com/stock/4996/2015/
[2021-03-17 09:25:17]cl_getDriver.py(127): click_Success->//*[@id="base_box"]/div/div[3]/form/button
[2021-03-17 09:25:18]cl_getDriver.py(127): click_Success->//*[@id="base_box"]/div/div[3]/form/button
[2021-03-17 09:25:18]cl_getDriver.py(72): Open NewTab->https://kabuoji3.com/stock/4997/2020/
[2021-03-17 09:25:19]cl_getDriver.py(127): click_Success->//*[@id="base_box"]/div/div[3]/form/button
[2021-03-17 09:25:20]cl_getDriver.py(127): click_Success->//*[@id="base_box"]/div/div[3]/form/button
[2021-03-17 09:25:21]cl_getDriver.py(72): Open NewTab->https://kabuoji3.com/stock/4996/2014/
[2021-03-17 09:25:21]cl_getDriver.py(127): click_Success->//*[@id="base_box"]/div/div[3]/form/button
[2021-03-17 09:25:22]cl_getDriver.py(127): click_Success->//*[@id="base_box"]/div/div[3]/form/button
[2021-03-17 09:25:22]cl_getDriver.py(72): Open NewTab->https://kabuoji3.com/stock/4997/2019/
[2021-03-17 09:25:23]cl_getDriver.py(127): click_Success->//*[@id="base_box"]/div/div[3]/form/button
[2021-03-17 09:25:24]cl_getDriver.py(127): click_Success->//*[@id="base_box"]/div/div[3]/form/button
[2021-03-17 09:25:24]cl_getDriver.py(72): Open NewTab->https://kabuoji3.com/stock/4996/2013/
[2021-03-17 09:25:26]cl_getDriver.py(127): click_Success->//*[@id="base_box"]/div/div[3]/form/button
[2021-03-17 09:25:26]cl_getDriver.py(127): click_Success->//*[@id="base_box"]/div/div[3]/form/button
[2021-03-17 09:25:26]cl_getDriver.py(72): Open NewTab->https://kabuoji3.com/stock/4997/2018/
[2021-03-17 09:25:27]cl_getDriver.py(127): click_Success->//*[@id="base_box"]/div/div[3]/form/button
[2021-03-17 09:25:28]cl_getDriver.py(127): click_Success->//*[@id="base_box"]/div/div[3]/form/button
[2021-03-17 09:25:29]cl_getDriver.py(72): Open NewTab->https://kabuoji3.com/stock/4996/2012/
[2021-03-17 09:25:29]cl_getDriver.py(127): click_Success->//*[@id="base_box"]/div/div[3]/form/button
[2021-03-17 09:25:30]cl_getDriver.py(72): Open NewTab->https://kabuoji3.com/stock/4997/2017/
[2021-03-17 09:25:30]cl_getDriver.py(127): click_Success->//*[@id="base_box"]/div/div[3]/form/button
[2021-03-17 09:25:32]cl_getDriver.py(127): click_Success->//*[@id="base_box"]/div/div[3]/form/button
[2021-03-17 09:25:32]cl_getDriver.py(127): click_Success->//*[@id="base_box"]/div/div[3]/form/button
[2021-03-17 09:25:33]cl_getDriver.py(72): Open NewTab->https://kabuoji3.com/stock/4996/2011/
[2021-03-17 09:25:34]cl_getDriver.py(127): click_Success->//*[@id="base_box"]/div/div[3]/form/button
[2021-03-17 09:25:34]cl_getDriver.py(127): click_Success->//*[@id="base_box"]/div/div[3]/form/button
[2021-03-17 09:25:34]cl_getDriver.py(72): Open NewTab->https://kabuoji3.com/stock/4997/2016/
[2021-03-17 09:25:36]cl_getDriver.py(127): click_Success->//*[@id="base_box"]/div/div[3]/form/button
[2021-03-17 09:25:36]cl_getDriver.py(127): click_Success->//*[@id="base_box"]/div/div[3]/form/button
[2021-03-17 09:25:37]cl_getDriver.py(72): Open NewTab->https://kabuoji3.com/stock/4996/2010/
[2021-03-17 09:25:38]cl_getDriver.py(127): click_Success->//*[@id="base_box"]/div/div[3]/form/button
[2021-03-17 09:25:38]cl_getDriver.py(127): click_Success->//*[@id="base_box"]/div/div[3]/form/button
[2021-03-17 09:25:38]cl_getDriver.py(72): Open NewTab->https://kabuoji3.com/stock/4997/2015/
[2021-03-17 09:25:39]cl_getDriver.py(127): click_Success->//*[@id="base_box"]/div/div[3]/form/button
[2021-03-17 09:25:40]cl_getDriver.py(127): click_Success->//*[@id="base_box"]/div/div[3]/form/button
[2021-03-17 09:25:40]cl_getDriver.py(72): Open NewTab->https://kabuoji3.com/stock/4996/2009/
[2021-03-17 09:25:42]cl_getDriver.py(127): click_Success->//*[@id="base_box"]/div/div[3]/form/button
[2021-03-17 09:25:42]cl_getDriver.py(127): click_Success->//*[@id="base_box"]/div/div[3]/form/button
[2021-03-17 09:25:42]cl_getDriver.py(72): Open NewTab->https://kabuoji3.com/stock/4997/2014/
[2021-03-17 09:25:43]cl_getDriver.py(127): click_Success->//*[@id="base_box"]/div/div[3]/form/button
[2021-03-17 09:25:44]cl_getDriver.py(127): click_Success->//*[@id="base_box"]/div/div[3]/form/button
[2021-03-17 09:25:44]cl_getDriver.py(72): Open NewTab->https://kabuoji3.com/stock/4996/2008/
[2021-03-17 09:25:45]cl_getDriver.py(127): click_Success->//*[@id="base_box"]/div/div[3]/form/button
[2021-03-17 09:25:46]cl_getDriver.py(72): Open NewTab->https://kabuoji3.com/stock/4997/2013/
[2021-03-17 09:25:47]cl_getDriver.py(127): click_Success->//*[@id="base_box"]/div/div[3]/form/button
[2021-03-17 09:25:47]cl_getDriver.py(127): click_Success->//*[@id="base_box"]/div/div[3]/form/button
[2021-03-17 09:25:49]cl_getDriver.py(127): click_Success->//*[@id="base_box"]/div/div[3]/form/button
[2021-03-17 09:25:50]cl_getDriver.py(72): Open NewTab->https://kabuoji3.com/stock/4996/2007/
[2021-03-17 09:25:50]cl_getDriver.py(127): click_Success->//*[@id="base_box"]/div/div[3]/form/button
[2021-03-17 09:25:50]cl_getDriver.py(72): Open NewTab->https://kabuoji3.com/stock/4997/2012/
[2021-03-17 09:25:51]cl_getDriver.py(127): click_Success->//*[@id="base_box"]/div/div[3]/form/button
[2021-03-17 09:25:52]cl_getDriver.py(127): click_Success->//*[@id="base_box"]/div/div[3]/form/button
[2021-03-17 09:25:53]cl_getDriver.py(127): click_Success->//*[@id="base_box"]/div/div[3]/form/button
[2021-03-17 09:25:54]cl_getDriver.py(72): Open NewTab->https://kabuoji3.com/stock/4996/2006/
[2021-03-17 09:25:54]cl_getDriver.py(127): click_Success->//*[@id="base_box"]/div/div[3]/form/button
[2021-03-17 09:25:55]cl_getDriver.py(72): Open NewTab->https://kabuoji3.com/stock/4997/2011/
[2021-03-17 09:25:55]cl_getDriver.py(127): click_Success->//*[@id="base_box"]/div/div[3]/form/button
[2021-03-17 09:25:56]cl_getDriver.py(127): click_Success->//*[@id="base_box"]/div/div[3]/form/button
[2021-03-17 09:25:58]cl_getDriver.py(127): click_Success->//*[@id="base_box"]/div/div[3]/form/button
[2021-03-17 09:25:58]cl_getDriver.py(72): Open NewTab->https://kabuoji3.com/stock/4996/2005/
[2021-03-17 09:25:58]cl_getDriver.py(127): click_Success->//*[@id="base_box"]/div/div[3]/form/button
[2021-03-17 09:25:59]cl_getDriver.py(72): Open NewTab->https://kabuoji3.com/stock/4997/2010/
[2021-03-17 09:26:00]cl_getDriver.py(127): click_Success->//*[@id="base_box"]/div/div[3]/form/button
[2021-03-17 09:26:00]cl_getDriver.py(127): click_Success->//*[@id="base_box"]/div/div[3]/form/button
[2021-03-17 09:26:02]cl_getDriver.py(127): click_Success->//*[@id="base_box"]/div/div[3]/form/button
[2021-03-17 09:26:02]cl_getDriver.py(72): Open NewTab->https://kabuoji3.com/stock/4996/2004/
[2021-03-17 09:26:03]cl_getDriver.py(127): click_Success->//*[@id="base_box"]/div/div[3]/form/button
[2021-03-17 09:26:03]cl_getDriver.py(72): Open NewTab->https://kabuoji3.com/stock/4997/2009/
[2021-03-17 09:26:04]cl_getDriver.py(127): click_Success->//*[@id="base_box"]/div/div[3]/form/button
[2021-03-17 09:26:05]cl_getDriver.py(127): click_Success->//*[@id="base_box"]/div/div[3]/form/button
[2021-03-17 09:26:06]cl_getDriver.py(127): click_Success->//*[@id="base_box"]/div/div[3]/form/button
[2021-03-17 09:26:06]cl_getDriver.py(72): Open NewTab->https://kabuoji3.com/stock/4996/2003/
[2021-03-17 09:26:07]cl_getDriver.py(127): click_Success->//*[@id="base_box"]/div/div[3]/form/button
[2021-03-17 09:26:08]cl_getDriver.py(72): Open NewTab->https://kabuoji3.com/stock/4997/2008/
[2021-03-17 09:26:08]cl_getDriver.py(127): click_Success->//*[@id="base_box"]/div/div[3]/form/button
[2021-03-17 09:26:09]cl_getDriver.py(127): click_Success->//*[@id="base_box"]/div/div[3]/form/button
[2021-03-17 09:26:11]cl_getDriver.py(127): click_Success->//*[@id="base_box"]/div/div[3]/form/button
[2021-03-17 09:26:11]cl_getDriver.py(72): Open NewTab->https://kabuoji3.com/stock/4996/2002/
[2021-03-17 09:26:11]cl_getDriver.py(127): click_Success->//*[@id="base_box"]/div/div[3]/form/button
[2021-03-17 09:26:12]cl_getDriver.py(72): Open NewTab->https://kabuoji3.com/stock/4997/2007/
[2021-03-17 09:26:13]cl_getDriver.py(127): click_Success->//*[@id="base_box"]/div/div[3]/form/button
[2021-03-17 09:26:13]cl_getDriver.py(127): click_Success->//*[@id="base_box"]/div/div[3]/form/button
[2021-03-17 09:26:15]cl_getDriver.py(127): click_Success->//*[@id="base_box"]/div/div[3]/form/button
[2021-03-17 09:26:15]cl_getDriver.py(127): click_Success->//*[@id="base_box"]/div/div[3]/form/button
[2021-03-17 09:26:16]cl_getDriver.py(72): Open NewTab->https://kabuoji3.com/stock/4996/2001/
[2021-03-17 09:26:16]cl_getDriver.py(72): Open NewTab->https://kabuoji3.com/stock/4997/2006/
[2021-03-17 09:26:17]cl_getDriver.py(127): click_Success->//*[@id="base_box"]/div/div[3]/form/button
[2021-03-17 09:26:18]cl_getDriver.py(127): click_Success->//*[@id="base_box"]/div/div[3]/form/button
[2021-03-17 09:26:19]cl_getDriver.py(127): click_Success->//*[@id="base_box"]/div/div[3]/form/button
[2021-03-17 09:26:20]cl_getDriver.py(72): Open NewTab->https://kabuoji3.com/stock/4997/2005/
[2021-03-17 09:26:20]cl_getDriver.py(127): click_Success->//*[@id="base_box"]/div/div[3]/form/button
[2021-03-17 09:26:21]cl_getDriver.py(72): Open NewTab->https://kabuoji3.com/stock/4996/2000/
[2021-03-17 09:26:21]cl_getDriver.py(127): click_Success->//*[@id="base_box"]/div/div[3]/form/button
[2021-03-17 09:26:22]cl_getDriver.py(127): click_Success->//*[@id="base_box"]/div/div[3]/form/button
[2021-03-17 09:26:23]cl_getDriver.py(127): click_Success->//*[@id="base_box"]/div/div[3]/form/button
[2021-03-17 09:26:24]cl_getDriver.py(72): Open NewTab->https://kabuoji3.com/stock/4997/2004/
[2021-03-17 09:26:24]cl_getDriver.py(127): click_Success->//*[@id="base_box"]/div/div[3]/form/button
[2021-03-17 09:26:25]cl_getDriver.py(72): Open NewTab->https://kabuoji3.com/stock/4996/1999/
[2021-03-17 09:26:25]cl_getDriver.py(127): click_Success->//*[@id="base_box"]/div/div[3]/form/button
[2021-03-17 09:26:26]cl_getDriver.py(127): click_Success->//*[@id="base_box"]/div/div[3]/form/button
[2021-03-17 09:26:28]cl_getDriver.py(127): click_Success->//*[@id="base_box"]/div/div[3]/form/button
[2021-03-17 09:26:28]cl_getDriver.py(72): Open NewTab->https://kabuoji3.com/stock/4997/2003/
[2021-03-17 09:26:28]cl_getDriver.py(127): click_Success->//*[@id="base_box"]/div/div[3]/form/button
[2021-03-17 09:26:29]cl_getDriver.py(72): Open NewTab->https://kabuoji3.com/stock/4996/1998/
[2021-03-17 09:26:30]cl_getDriver.py(127): click_Success->//*[@id="base_box"]/div/div[3]/form/button
[2021-03-17 09:26:30]cl_getDriver.py(127): click_Success->//*[@id="base_box"]/div/div[3]/form/button
[2021-03-17 09:26:32]cl_getDriver.py(127): click_Success->//*[@id="base_box"]/div/div[3]/form/button
[2021-03-17 09:26:32]cl_getDriver.py(127): click_Success->//*[@id="base_box"]/div/div[3]/form/button
[2021-03-17 09:26:33]cl_getDriver.py(72): Open NewTab->https://kabuoji3.com/stock/4997/2002/
[2021-03-17 09:26:33]cl_getDriver.py(72): Open NewTab->https://kabuoji3.com/stock/4996/1997/
[2021-03-17 09:26:34]cl_getDriver.py(127): click_Success->//*[@id="base_box"]/div/div[3]/form/button
[2021-03-17 09:26:34]cl_getDriver.py(127): click_Success->//*[@id="base_box"]/div/div[3]/form/button
[2021-03-17 09:26:36]cl_getDriver.py(127): click_Success->//*[@id="base_box"]/div/div[3]/form/button
[2021-03-17 09:26:36]cl_getDriver.py(127): click_Success->//*[@id="base_box"]/div/div[3]/form/button
[2021-03-17 09:26:37]cl_getDriver.py(72): Open NewTab->https://kabuoji3.com/stock/4997/2001/
[2021-03-17 09:26:37]cl_getDriver.py(72): Open NewTab->https://kabuoji3.com/stock/4996/1996/
[2021-03-17 09:26:38]cl_getDriver.py(127): click_Success->//*[@id="base_box"]/div/div[3]/form/button
[2021-03-17 09:26:38]cl_getDriver.py(127): click_Success->//*[@id="base_box"]/div/div[3]/form/button
[2021-03-17 09:26:41]cl_getDriver.py(127): click_Success->//*[@id="base_box"]/div/div[3]/form/button
[2021-03-17 09:26:41]cl_getDriver.py(127): click_Success->//*[@id="base_box"]/div/div[3]/form/button
[2021-03-17 09:26:41]cl_getDriver.py(72): Open NewTab->https://kabuoji3.com/stock/4997/2000/
[2021-03-17 09:26:41]cl_getDriver.py(72): Open NewTab->https://kabuoji3.com/stock/4996/1995/
[2021-03-17 09:26:43]cl_getDriver.py(127): click_Success->//*[@id="base_box"]/div/div[3]/form/button
[2021-03-17 09:26:43]cl_getDriver.py(127): click_Success->//*[@id="base_box"]/div/div[3]/form/button
[2021-03-17 09:26:45]cl_getDriver.py(127): click_Success->//*[@id="base_box"]/div/div[3]/form/button
[2021-03-17 09:26:45]cl_getDriver.py(127): click_Success->//*[@id="base_box"]/div/div[3]/form/button
[2021-03-17 09:26:46]cl_getDriver.py(72): Open NewTab->https://kabuoji3.com/stock/4997/1999/
[2021-03-17 09:26:46]cl_getDriver.py(72): Open NewTab->https://kabuoji3.com/stock/4996/1994/
[2021-03-17 09:26:47]cl_getDriver.py(127): click_Success->//*[@id="base_box"]/div/div[3]/form/button
[2021-03-17 09:26:47]cl_getDriver.py(127): click_Success->//*[@id="base_box"]/div/div[3]/form/button
[2021-03-17 09:26:49]cl_getDriver.py(127): click_Success->//*[@id="base_box"]/div/div[3]/form/button
[2021-03-17 09:26:50]cl_getDriver.py(127): click_Success->//*[@id="base_box"]/div/div[3]/form/button
[2021-03-17 09:26:50]cl_getDriver.py(72): Open NewTab->https://kabuoji3.com/stock/4996/1993/
[2021-03-17 09:26:50]cl_getDriver.py(72): Open NewTab->https://kabuoji3.com/stock/4997/1998/
[2021-03-17 09:26:52]cl_getDriver.py(127): click_Success->//*[@id="base_box"]/div/div[3]/form/button
[2021-03-17 09:26:52]cl_getDriver.py(127): click_Success->//*[@id="base_box"]/div/div[3]/form/button
[2021-03-17 09:26:54]cl_getDriver.py(127): click_Success->//*[@id="base_box"]/div/div[3]/form/button
[2021-03-17 09:26:54]cl_getDriver.py(127): click_Success->//*[@id="base_box"]/div/div[3]/form/button
[2021-03-17 09:26:54]cl_getDriver.py(72): Open NewTab->https://kabuoji3.com/stock/4996/1992/
[2021-03-17 09:26:55]cl_getDriver.py(72): Open NewTab->https://kabuoji3.com/stock/4997/1997/
[2021-03-17 09:26:56]cl_getDriver.py(127): click_Success->//*[@id="base_box"]/div/div[3]/form/button
[2021-03-17 09:26:56]cl_getDriver.py(127): click_Success->//*[@id="base_box"]/div/div[3]/form/button
[2021-03-17 09:26:58]cl_getDriver.py(127): click_Success->//*[@id="base_box"]/div/div[3]/form/button
[2021-03-17 09:26:59]cl_getDriver.py(72): Open NewTab->https://kabuoji3.com/stock/4997/1996/
[2021-03-17 09:26:59]cl_getDriver.py(127): click_Success->//*[@id="base_box"]/div/div[3]/form/button
[2021-03-17 09:26:59]cl_getDriver.py(72): Open NewTab->https://kabuoji3.com/stock/4996/1991/
[2021-03-17 09:27:00]cl_getDriver.py(127): click_Success->//*[@id="base_box"]/div/div[3]/form/button
[2021-03-17 09:27:01]cl_getDriver.py(127): click_Success->//*[@id="base_box"]/div/div[3]/form/button
[2021-03-17 09:27:02]cl_getDriver.py(127): click_Success->//*[@id="base_box"]/div/div[3]/form/button
[2021-03-17 09:27:03]cl_getDriver.py(72): Open NewTab->https://kabuoji3.com/stock/4997/1995/
[2021-03-17 09:27:03]cl_getDriver.py(127): click_Success->//*[@id="base_box"]/div/div[3]/form/button
[2021-03-17 09:27:03]cl_getDriver.py(72): Open NewTab->https://kabuoji3.com/stock/4996/1990/
[2021-03-17 09:27:04]cl_getDriver.py(127): click_Success->//*[@id="base_box"]/div/div[3]/form/button
[2021-03-17 09:27:05]cl_getDriver.py(127): click_Success->//*[@id="base_box"]/div/div[3]/form/button
[2021-03-17 09:27:06]cl_getDriver.py(127): click_Success->//*[@id="base_box"]/div/div[3]/form/button
[2021-03-17 09:27:07]cl_getDriver.py(72): Open NewTab->https://kabuoji3.com/stock/4997/1994/
[2021-03-17 09:27:07]cl_getDriver.py(127): click_Success->//*[@id="base_box"]/div/div[3]/form/button
[2021-03-17 09:27:07]cl_getDriver.py(72): Open NewTab->https://kabuoji3.com/stock/4996/1989/
[2021-03-17 09:27:08]cl_getDriver.py(127): click_Success->//*[@id="base_box"]/div/div[3]/form/button
[2021-03-17 09:27:09]cl_getDriver.py(127): click_Success->//*[@id="base_box"]/div/div[3]/form/button
[2021-03-17 09:27:11]cl_getDriver.py(127): click_Success->//*[@id="base_box"]/div/div[3]/form/button
[2021-03-17 09:27:11]cl_getDriver.py(72): Open NewTab->https://kabuoji3.com/stock/4997/1993/
[2021-03-17 09:27:11]cl_getDriver.py(127): click_Success->//*[@id="base_box"]/div/div[3]/form/button
[2021-03-17 09:27:12]cl_getDriver.py(72): Open NewTab->https://kabuoji3.com/stock/4996/1988/
[2021-03-17 09:27:13]cl_getDriver.py(127): click_Success->//*[@id="base_box"]/div/div[3]/form/button
[2021-03-17 09:27:13]cl_getDriver.py(127): click_Success->//*[@id="base_box"]/div/div[3]/form/button
[2021-03-17 09:27:15]cl_getDriver.py(127): click_Success->//*[@id="base_box"]/div/div[3]/form/button
[2021-03-17 09:27:15]cl_getDriver.py(72): Open NewTab->https://kabuoji3.com/stock/4997/1992/
[2021-03-17 09:27:16]cl_getDriver.py(127): click_Success->//*[@id="base_box"]/div/div[3]/form/button
[2021-03-17 09:27:16]cl_getDriver.py(72): Open NewTab->https://kabuoji3.com/stock/4996/1987/
[2021-03-17 09:27:17]cl_getDriver.py(127): click_Success->//*[@id="base_box"]/div/div[3]/form/button
[2021-03-17 09:27:17]cl_getDriver.py(127): click_Success->//*[@id="base_box"]/div/div[3]/form/button
[2021-03-17 09:27:19]cl_getDriver.py(127): click_Success->//*[@id="base_box"]/div/div[3]/form/button
[2021-03-17 09:27:19]cl_getDriver.py(72): Open NewTab->https://kabuoji3.com/stock/4997/1991/
[2021-03-17 09:27:20]cl_getDriver.py(127): click_Success->//*[@id="base_box"]/div/div[3]/form/button
[2021-03-17 09:27:20]cl_getDriver.py(72): Open NewTab->https://kabuoji3.com/stock/4996/1986/
[2021-03-17 09:27:21]cl_getDriver.py(127): click_Success->//*[@id="base_box"]/div/div[3]/form/button
[2021-03-17 09:27:22]cl_getDriver.py(127): click_Success->//*[@id="base_box"]/div/div[3]/form/button
[2021-03-17 09:27:23]cl_getDriver.py(127): click_Success->//*[@id="base_box"]/div/div[3]/form/button
[2021-03-17 09:27:23]cl_getDriver.py(72): Open NewTab->https://kabuoji3.com/stock/4997/1990/
[2021-03-17 09:27:24]cl_getDriver.py(127): click_Success->//*[@id="base_box"]/div/div[3]/form/button
[2021-03-17 09:27:24]cl_getDriver.py(72): Open NewTab->https://kabuoji3.com/stock/4996/1985/
[2021-03-17 09:27:26]cl_getDriver.py(127): click_Success->//*[@id="base_box"]/div/div[3]/form/button
[2021-03-17 09:27:28]cl_getDriver.py(127): click_Success->//*[@id="base_box"]/div/div[3]/form/button
[2021-03-17 09:27:28]cl_getDriver.py(127): click_Success->//*[@id="base_box"]/div/div[3]/form/button
[2021-03-17 09:27:28]cl_getDriver.py(72): Open NewTab->https://kabuoji3.com/stock/4996/1984/
[2021-03-17 09:27:29]cl_getDriver.py(127): click_Success->//*[@id="base_box"]/div/div[3]/form/button
[2021-03-17 09:27:30]cl_getDriver.py(127): click_Success->//*[@id="base_box"]/div/div[3]/form/button
[2021-03-17 09:27:31]cl_getDriver.py(72): Open NewTab->https://kabuoji3.com/stock/4997/1989/
[2021-03-17 09:27:32]cl_getDriver.py(127): click_Success->//*[@id="base_box"]/div/div[3]/form/button
[2021-03-17 09:27:32]cl_getDriver.py(127): click_Success->//*[@id="base_box"]/div/div[3]/form/button
[2021-03-17 09:27:32]cl_getDriver.py(72): Open NewTab->https://kabuoji3.com/stock/4996/1983/
[2021-03-17 09:27:34]cl_getDriver.py(127): click_Success->//*[@id="base_box"]/div/div[3]/form/button
[2021-03-17 09:27:34]cl_getDriver.py(127): click_Success->//*[@id="base_box"]/div/div[3]/form/button
[2021-03-17 09:27:35]cl_getDriver.py(72): Open NewTab->https://kabuoji3.com/stock/4997/1988/
[2021-03-17 09:27:36]cl_getDriver.py(127): click_Success->//*[@id="base_box"]/div/div[3]/form/button
[2021-03-17 09:27:36]cl_getDriver.py(127): click_Success->//*[@id="base_box"]/div/div[3]/form/button
[2021-03-17 09:27:38]cl_getDriver.py(127): click_Success->//*[@id="base_box"]/div/div[3]/form/button
[2021-03-17 09:27:38]cl_getDriver.py(72): Open NewTab->https://kabuoji3.com/stock/4997/1987/
[2021-03-17 09:27:39]cl_getDriver.py(127): click_Success->//*[@id="base_box"]/div/div[3]/form/button
[2021-03-17 09:27:40]main.py(42): finished Process->https://kabuoji3.com/stock/4996/
[2021-03-17 09:27:40]main.py(15): start_Process->https://kabuoji3.com/stock/4998/
[2021-03-17 09:27:42]cl_getDriver.py(127): click_Success->//*[@id="base_box"]/div/div[3]/form/button
[2021-03-17 09:27:42]cl_getDriver.py(72): Open NewTab->https://kabuoji3.com/stock/4997/1986/
[2021-03-17 09:27:44]cl_getDriver.py(127): click_Success->//*[@id="base_box"]/div/div[3]/form/button
[2021-03-17 09:27:46]cl_getDriver.py(64): getURL=https://kabuoji3.com/stock/4998/
[2021-03-17 09:27:46]cl_getDriver.py(127): click_Success->//*[@id="base_box"]/div/div[3]/form/button
[2021-03-17 09:27:46]cl_getDriver.py(72): Open NewTab->https://kabuoji3.com/stock/4998/
[2021-03-17 09:27:46]cl_getDriver.py(72): Open NewTab->https://kabuoji3.com/stock/4997/1985/
[2021-03-17 09:27:48]cl_getDriver.py(130): Not Found->//*[@id="base_box"]/div/div[3]/form/button
[2021-03-17 09:27:48]cl_getDriver.py(127): click_Success->//*[@id="base_box"]/div/div[3]/form/button
[2021-03-17 09:27:50]cl_getDriver.py(130): Not Found->//*[@id="base_box"]/div/div[3]/form/button
[2021-03-17 09:27:50]cl_getDriver.py(72): Open NewTab->https://kabuoji3.com/stock/4998/2021/
[2021-03-17 09:27:50]cl_getDriver.py(127): click_Success->//*[@id="base_box"]/div/div[3]/form/button
[2021-03-17 09:27:51]cl_getDriver.py(72): Open NewTab->https://kabuoji3.com/stock/4997/1984/
[2021-03-17 09:27:51]cl_getDriver.py(127): click_Success->//*[@id="base_box"]/div/div[3]/form/button
[2021-03-17 09:27:52]cl_getDriver.py(127): click_Success->//*[@id="base_box"]/div/div[3]/form/button
[2021-03-17 09:27:53]cl_getDriver.py(127): click_Success->//*[@id="base_box"]/div/div[3]/form/button
[2021-03-17 09:27:53]cl_getDriver.py(72): Open NewTab->https://kabuoji3.com/stock/4998/2020/
[2021-03-17 09:27:54]cl_getDriver.py(127): click_Success->//*[@id="base_box"]/div/div[3]/form/button
[2021-03-17 09:27:54]cl_getDriver.py(72): Open NewTab->https://kabuoji3.com/stock/4997/1983/
[2021-03-17 09:27:55]cl_getDriver.py(127): click_Success->//*[@id="base_box"]/div/div[3]/form/button
[2021-03-17 09:27:56]cl_getDriver.py(127): click_Success->//*[@id="base_box"]/div/div[3]/form/button
[2021-03-17 09:27:57]cl_getDriver.py(127): click_Success->//*[@id="base_box"]/div/div[3]/form/button
[2021-03-17 09:27:58]cl_getDriver.py(72): Open NewTab->https://kabuoji3.com/stock/4998/2019/
[2021-03-17 09:27:58]cl_getDriver.py(127): click_Success->//*[@id="base_box"]/div/div[3]/form/button
[2021-03-17 09:27:59]cl_getDriver.py(127): click_Success->//*[@id="base_box"]/div/div[3]/form/button
[2021-03-17 09:28:01]cl_getDriver.py(127): click_Success->//*[@id="base_box"]/div/div[3]/form/button
[2021-03-17 09:28:02]cl_getDriver.py(72): Open NewTab->https://kabuoji3.com/stock/4998/2018/
[2021-03-17 09:28:02]main.py(42): finished Process->https://kabuoji3.com/stock/4997/
[2021-03-17 09:28:02]main.py(15): start_Process->https://kabuoji3.com/stock/4999/
[2021-03-17 09:28:03]cl_getDriver.py(127): click_Success->//*[@id="base_box"]/div/div[3]/form/button
[2021-03-17 09:28:05]cl_getDriver.py(127): click_Success->//*[@id="base_box"]/div/div[3]/form/button
[2021-03-17 09:28:06]cl_getDriver.py(72): Open NewTab->https://kabuoji3.com/stock/4998/2017/
[2021-03-17 09:28:07]cl_getDriver.py(127): click_Success->//*[@id="base_box"]/div/div[3]/form/button
[2021-03-17 09:28:08]cl_getDriver.py(64): getURL=https://kabuoji3.com/stock/4999/
[2021-03-17 09:28:09]cl_getDriver.py(72): Open NewTab->https://kabuoji3.com/stock/4999/
[2021-03-17 09:28:09]cl_getDriver.py(127): click_Success->//*[@id="base_box"]/div/div[3]/form/button
[2021-03-17 09:28:10]cl_getDriver.py(72): Open NewTab->https://kabuoji3.com/stock/4998/2016/
[2021-03-17 09:28:10]cl_getDriver.py(130): Not Found->//*[@id="base_box"]/div/div[3]/form/button
[2021-03-17 09:28:11]cl_getDriver.py(127): click_Success->//*[@id="base_box"]/div/div[3]/form/button
[2021-03-17 09:28:12]cl_getDriver.py(130): Not Found->//*[@id="base_box"]/div/div[3]/form/button
[2021-03-17 09:28:12]cl_getDriver.py(72): Open NewTab->https://kabuoji3.com/stock/4999/2021/
[2021-03-17 09:28:13]cl_getDriver.py(127): click_Success->//*[@id="base_box"]/div/div[3]/form/button
[2021-03-17 09:28:13]cl_getDriver.py(127): click_Success->//*[@id="base_box"]/div/div[3]/form/button
[2021-03-17 09:28:13]cl_getDriver.py(72): Open NewTab->https://kabuoji3.com/stock/4998/2015/
[2021-03-17 09:28:14]cl_getDriver.py(127): click_Success->//*[@id="base_box"]/div/div[3]/form/button
[2021-03-17 09:28:15]cl_getDriver.py(127): click_Success->//*[@id="base_box"]/div/div[3]/form/button
[2021-03-17 09:28:16]cl_getDriver.py(72): Open NewTab->https://kabuoji3.com/stock/4999/2020/
[2021-03-17 09:28:17]cl_getDriver.py(127): click_Success->//*[@id="base_box"]/div/div[3]/form/button
[2021-03-17 09:28:17]cl_getDriver.py(127): click_Success->//*[@id="base_box"]/div/div[3]/form/button
[2021-03-17 09:28:17]cl_getDriver.py(72): Open NewTab->https://kabuoji3.com/stock/4998/2014/
[2021-03-17 09:28:18]cl_getDriver.py(127): click_Success->//*[@id="base_box"]/div/div[3]/form/button
[2021-03-17 09:28:19]cl_getDriver.py(127): click_Success->//*[@id="base_box"]/div/div[3]/form/button
[2021-03-17 09:28:19]cl_getDriver.py(72): Open NewTab->https://kabuoji3.com/stock/4999/2019/
[2021-03-17 09:28:20]cl_getDriver.py(127): click_Success->//*[@id="base_box"]/div/div[3]/form/button
[2021-03-17 09:28:20]cl_getDriver.py(127): click_Success->//*[@id="base_box"]/div/div[3]/form/button
[2021-03-17 09:28:21]cl_getDriver.py(72): Open NewTab->https://kabuoji3.com/stock/4998/2013/
[2021-03-17 09:28:22]cl_getDriver.py(127): click_Success->//*[@id="base_box"]/div/div[3]/form/button
[2021-03-17 09:28:23]cl_getDriver.py(127): click_Success->//*[@id="base_box"]/div/div[3]/form/button
[2021-03-17 09:28:23]cl_getDriver.py(72): Open NewTab->https://kabuoji3.com/stock/4999/2018/
[2021-03-17 09:28:24]cl_getDriver.py(127): click_Success->//*[@id="base_box"]/div/div[3]/form/button
[2021-03-17 09:28:24]cl_getDriver.py(72): Open NewTab->https://kabuoji3.com/stock/4998/2012/
[2021-03-17 09:28:25]cl_getDriver.py(127): click_Success->//*[@id="base_box"]/div/div[3]/form/button
[2021-03-17 09:28:25]cl_getDriver.py(127): click_Success->//*[@id="base_box"]/div/div[3]/form/button
[2021-03-17 09:28:28]cl_getDriver.py(127): click_Success->//*[@id="base_box"]/div/div[3]/form/button
[2021-03-17 09:28:28]cl_getDriver.py(127): click_Success->//*[@id="base_box"]/div/div[3]/form/button
[2021-03-17 09:28:28]cl_getDriver.py(72): Open NewTab->https://kabuoji3.com/stock/4999/2017/
[2021-03-17 09:28:28]cl_getDriver.py(72): Open NewTab->https://kabuoji3.com/stock/4998/2011/
[2021-03-17 09:28:30]cl_getDriver.py(127): click_Success->//*[@id="base_box"]/div/div[3]/form/button
[2021-03-17 09:28:30]cl_getDriver.py(127): click_Success->//*[@id="base_box"]/div/div[3]/form/button
[2021-03-17 09:28:33]cl_getDriver.py(127): click_Success->//*[@id="base_box"]/div/div[3]/form/button
[2021-03-17 09:28:33]cl_getDriver.py(127): click_Success->//*[@id="base_box"]/div/div[3]/form/button
[2021-03-17 09:28:33]cl_getDriver.py(72): Open NewTab->https://kabuoji3.com/stock/4998/2010/
[2021-03-17 09:28:33]cl_getDriver.py(72): Open NewTab->https://kabuoji3.com/stock/4999/2016/
[2021-03-17 09:28:34]cl_getDriver.py(127): click_Success->//*[@id="base_box"]/div/div[3]/form/button
[2021-03-17 09:28:35]cl_getDriver.py(127): click_Success->//*[@id="base_box"]/div/div[3]/form/button
[2021-03-17 09:28:37]cl_getDriver.py(127): click_Success->//*[@id="base_box"]/div/div[3]/form/button
[2021-03-17 09:28:37]cl_getDriver.py(127): click_Success->//*[@id="base_box"]/div/div[3]/form/button
[2021-03-17 09:28:38]cl_getDriver.py(72): Open NewTab->https://kabuoji3.com/stock/4998/2009/
[2021-03-17 09:28:38]cl_getDriver.py(72): Open NewTab->https://kabuoji3.com/stock/4999/2015/
[2021-03-17 09:28:39]cl_getDriver.py(127): click_Success->//*[@id="base_box"]/div/div[3]/form/button
[2021-03-17 09:28:39]cl_getDriver.py(127): click_Success->//*[@id="base_box"]/div/div[3]/form/button
[2021-03-17 09:28:41]cl_getDriver.py(127): click_Success->//*[@id="base_box"]/div/div[3]/form/button
[2021-03-17 09:28:41]cl_getDriver.py(127): click_Success->//*[@id="base_box"]/div/div[3]/form/button
[2021-03-17 09:28:42]cl_getDriver.py(72): Open NewTab->https://kabuoji3.com/stock/4999/2014/
[2021-03-17 09:28:42]cl_getDriver.py(72): Open NewTab->https://kabuoji3.com/stock/4998/2008/
[2021-03-17 09:28:43]cl_getDriver.py(127): click_Success->//*[@id="base_box"]/div/div[3]/form/button
[2021-03-17 09:28:44]cl_getDriver.py(127): click_Success->//*[@id="base_box"]/div/div[3]/form/button
[2021-03-17 09:28:46]cl_getDriver.py(127): click_Success->//*[@id="base_box"]/div/div[3]/form/button
[2021-03-17 09:28:46]cl_getDriver.py(72): Open NewTab->https://kabuoji3.com/stock/4998/2007/
[2021-03-17 09:28:46]cl_getDriver.py(127): click_Success->//*[@id="base_box"]/div/div[3]/form/button
[2021-03-17 09:28:47]cl_getDriver.py(72): Open NewTab->https://kabuoji3.com/stock/4999/2013/
[2021-03-17 09:28:48]cl_getDriver.py(127): click_Success->//*[@id="base_box"]/div/div[3]/form/button
[2021-03-17 09:28:48]cl_getDriver.py(127): click_Success->//*[@id="base_box"]/div/div[3]/form/button
[2021-03-17 09:28:50]cl_getDriver.py(127): click_Success->//*[@id="base_box"]/div/div[3]/form/button
[2021-03-17 09:28:50]cl_getDriver.py(127): click_Success->//*[@id="base_box"]/div/div[3]/form/button
[2021-03-17 09:28:50]cl_getDriver.py(72): Open NewTab->https://kabuoji3.com/stock/4998/2006/
[2021-03-17 09:28:51]cl_getDriver.py(72): Open NewTab->https://kabuoji3.com/stock/4999/2012/
[2021-03-17 09:28:52]cl_getDriver.py(127): click_Success->//*[@id="base_box"]/div/div[3]/form/button
[2021-03-17 09:28:52]cl_getDriver.py(127): click_Success->//*[@id="base_box"]/div/div[3]/form/button
[2021-03-17 09:28:54]cl_getDriver.py(127): click_Success->//*[@id="base_box"]/div/div[3]/form/button
[2021-03-17 09:28:54]cl_getDriver.py(127): click_Success->//*[@id="base_box"]/div/div[3]/form/button
[2021-03-17 09:28:55]cl_getDriver.py(72): Open NewTab->https://kabuoji3.com/stock/4999/2011/
[2021-03-17 09:28:55]cl_getDriver.py(72): Open NewTab->https://kabuoji3.com/stock/4998/2005/
[2021-03-17 09:28:56]cl_getDriver.py(127): click_Success->//*[@id="base_box"]/div/div[3]/form/button
[2021-03-17 09:28:57]cl_getDriver.py(127): click_Success->//*[@id="base_box"]/div/div[3]/form/button
[2021-03-17 09:28:59]cl_getDriver.py(127): click_Success->//*[@id="base_box"]/div/div[3]/form/button
[2021-03-17 09:28:59]cl_getDriver.py(72): Open NewTab->https://kabuoji3.com/stock/4998/2004/
[2021-03-17 09:28:59]cl_getDriver.py(127): click_Success->//*[@id="base_box"]/div/div[3]/form/button
[2021-03-17 09:29:00]cl_getDriver.py(72): Open NewTab->https://kabuoji3.com/stock/4999/2010/
[2021-03-17 09:29:01]cl_getDriver.py(127): click_Success->//*[@id="base_box"]/div/div[3]/form/button
[2021-03-17 09:29:01]cl_getDriver.py(127): click_Success->//*[@id="base_box"]/div/div[3]/form/button
[2021-03-17 09:29:03]cl_getDriver.py(127): click_Success->//*[@id="base_box"]/div/div[3]/form/button
[2021-03-17 09:29:03]cl_getDriver.py(127): click_Success->//*[@id="base_box"]/div/div[3]/form/button
[2021-03-17 09:29:04]cl_getDriver.py(72): Open NewTab->https://kabuoji3.com/stock/4999/2009/
[2021-03-17 09:29:04]cl_getDriver.py(72): Open NewTab->https://kabuoji3.com/stock/4998/2003/
[2021-03-17 09:29:05]cl_getDriver.py(127): click_Success->//*[@id="base_box"]/div/div[3]/form/button
[2021-03-17 09:29:06]cl_getDriver.py(127): click_Success->//*[@id="base_box"]/div/div[3]/form/button
[2021-03-17 09:29:08]cl_getDriver.py(127): click_Success->//*[@id="base_box"]/div/div[3]/form/button
[2021-03-17 09:29:08]cl_getDriver.py(72): Open NewTab->https://kabuoji3.com/stock/4999/2008/
[2021-03-17 09:29:08]cl_getDriver.py(127): click_Success->//*[@id="base_box"]/div/div[3]/form/button
[2021-03-17 09:29:09]cl_getDriver.py(72): Open NewTab->https://kabuoji3.com/stock/4998/2002/
[2021-03-17 09:29:09]cl_getDriver.py(127): click_Success->//*[@id="base_box"]/div/div[3]/form/button
[2021-03-17 09:29:10]cl_getDriver.py(127): click_Success->//*[@id="base_box"]/div/div[3]/form/button
[2021-03-17 09:29:12]cl_getDriver.py(127): click_Success->//*[@id="base_box"]/div/div[3]/form/button
[2021-03-17 09:29:12]cl_getDriver.py(72): Open NewTab->https://kabuoji3.com/stock/4999/2007/
[2021-03-17 09:29:12]cl_getDriver.py(127): click_Success->//*[@id="base_box"]/div/div[3]/form/button
[2021-03-17 09:29:13]cl_getDriver.py(72): Open NewTab->https://kabuoji3.com/stock/4998/2001/
[2021-03-17 09:29:14]cl_getDriver.py(127): click_Success->//*[@id="base_box"]/div/div[3]/form/button
[2021-03-17 09:29:14]cl_getDriver.py(127): click_Success->//*[@id="base_box"]/div/div[3]/form/button
[2021-03-17 09:29:16]cl_getDriver.py(127): click_Success->//*[@id="base_box"]/div/div[3]/form/button
[2021-03-17 09:29:16]cl_getDriver.py(72): Open NewTab->https://kabuoji3.com/stock/4999/2006/
[2021-03-17 09:29:16]cl_getDriver.py(127): click_Success->//*[@id="base_box"]/div/div[3]/form/button
[2021-03-17 09:29:17]cl_getDriver.py(72): Open NewTab->https://kabuoji3.com/stock/4998/2000/
[2021-03-17 09:29:18]cl_getDriver.py(127): click_Success->//*[@id="base_box"]/div/div[3]/form/button
[2021-03-17 09:29:18]cl_getDriver.py(127): click_Success->//*[@id="base_box"]/div/div[3]/form/button
[2021-03-17 09:29:21]cl_getDriver.py(127): click_Success->//*[@id="base_box"]/div/div[3]/form/button
[2021-03-17 09:29:21]cl_getDriver.py(127): click_Success->//*[@id="base_box"]/div/div[3]/form/button
[2021-03-17 09:29:21]cl_getDriver.py(72): Open NewTab->https://kabuoji3.com/stock/4998/1999/
[2021-03-17 09:29:21]cl_getDriver.py(72): Open NewTab->https://kabuoji3.com/stock/4999/2005/
[2021-03-17 09:29:23]cl_getDriver.py(127): click_Success->//*[@id="base_box"]/div/div[3]/form/button
[2021-03-17 09:29:23]cl_getDriver.py(127): click_Success->//*[@id="base_box"]/div/div[3]/form/button
[2021-03-17 09:29:25]cl_getDriver.py(127): click_Success->//*[@id="base_box"]/div/div[3]/form/button
[2021-03-17 09:29:25]cl_getDriver.py(127): click_Success->//*[@id="base_box"]/div/div[3]/form/button
[2021-03-17 09:29:26]cl_getDriver.py(72): Open NewTab->https://kabuoji3.com/stock/4998/1998/
[2021-03-17 09:29:26]cl_getDriver.py(72): Open NewTab->https://kabuoji3.com/stock/4999/2004/
[2021-03-17 09:29:27]cl_getDriver.py(127): click_Success->//*[@id="base_box"]/div/div[3]/form/button
[2021-03-17 09:29:27]cl_getDriver.py(127): click_Success->//*[@id="base_box"]/div/div[3]/form/button
[2021-03-17 09:29:29]cl_getDriver.py(127): click_Success->//*[@id="base_box"]/div/div[3]/form/button
[2021-03-17 09:29:29]cl_getDriver.py(72): Open NewTab->https://kabuoji3.com/stock/4999/2003/
[2021-03-17 09:29:30]cl_getDriver.py(127): click_Success->//*[@id="base_box"]/div/div[3]/form/button
[2021-03-17 09:29:30]cl_getDriver.py(72): Open NewTab->https://kabuoji3.com/stock/4998/1997/
[2021-03-17 09:29:31]cl_getDriver.py(127): click_Success->//*[@id="base_box"]/div/div[3]/form/button
[2021-03-17 09:29:32]cl_getDriver.py(127): click_Success->//*[@id="base_box"]/div/div[3]/form/button
[2021-03-17 09:29:33]cl_getDriver.py(127): click_Success->//*[@id="base_box"]/div/div[3]/form/button
[2021-03-17 09:29:34]cl_getDriver.py(72): Open NewTab->https://kabuoji3.com/stock/4999/2002/
[2021-03-17 09:29:34]cl_getDriver.py(127): click_Success->//*[@id="base_box"]/div/div[3]/form/button
[2021-03-17 09:29:34]cl_getDriver.py(72): Open NewTab->https://kabuoji3.com/stock/4998/1996/
[2021-03-17 09:29:35]cl_getDriver.py(127): click_Success->//*[@id="base_box"]/div/div[3]/form/button
[2021-03-17 09:29:35]cl_getDriver.py(127): click_Success->//*[@id="base_box"]/div/div[3]/form/button
[2021-03-17 09:29:37]cl_getDriver.py(127): click_Success->//*[@id="base_box"]/div/div[3]/form/button
[2021-03-17 09:29:38]cl_getDriver.py(72): Open NewTab->https://kabuoji3.com/stock/4999/2001/
[2021-03-17 09:29:38]cl_getDriver.py(127): click_Success->//*[@id="base_box"]/div/div[3]/form/button
[2021-03-17 09:29:38]cl_getDriver.py(72): Open NewTab->https://kabuoji3.com/stock/4998/1995/
[2021-03-17 09:29:39]cl_getDriver.py(127): click_Success->//*[@id="base_box"]/div/div[3]/form/button
[2021-03-17 09:29:40]cl_getDriver.py(127): click_Success->//*[@id="base_box"]/div/div[3]/form/button
[2021-03-17 09:29:42]cl_getDriver.py(127): click_Success->//*[@id="base_box"]/div/div[3]/form/button
[2021-03-17 09:29:42]cl_getDriver.py(72): Open NewTab->https://kabuoji3.com/stock/4999/2000/
[2021-03-17 09:29:42]cl_getDriver.py(127): click_Success->//*[@id="base_box"]/div/div[3]/form/button
[2021-03-17 09:29:42]cl_getDriver.py(72): Open NewTab->https://kabuoji3.com/stock/4998/1994/
[2021-03-17 09:29:44]cl_getDriver.py(127): click_Success->//*[@id="base_box"]/div/div[3]/form/button
[2021-03-17 09:29:44]cl_getDriver.py(127): click_Success->//*[@id="base_box"]/div/div[3]/form/button
[2021-03-17 09:29:46]cl_getDriver.py(127): click_Success->//*[@id="base_box"]/div/div[3]/form/button
[2021-03-17 09:29:46]cl_getDriver.py(127): click_Success->//*[@id="base_box"]/div/div[3]/form/button
[2021-03-17 09:29:47]cl_getDriver.py(72): Open NewTab->https://kabuoji3.com/stock/4999/1999/
[2021-03-17 09:29:47]cl_getDriver.py(72): Open NewTab->https://kabuoji3.com/stock/4998/1993/
[2021-03-17 09:29:48]cl_getDriver.py(127): click_Success->//*[@id="base_box"]/div/div[3]/form/button
[2021-03-17 09:29:48]cl_getDriver.py(127): click_Success->//*[@id="base_box"]/div/div[3]/form/button
[2021-03-17 09:29:50]cl_getDriver.py(127): click_Success->//*[@id="base_box"]/div/div[3]/form/button
[2021-03-17 09:29:50]cl_getDriver.py(72): Open NewTab->https://kabuoji3.com/stock/4998/1992/
[2021-03-17 09:29:51]cl_getDriver.py(127): click_Success->//*[@id="base_box"]/div/div[3]/form/button
[2021-03-17 09:29:51]cl_getDriver.py(72): Open NewTab->https://kabuoji3.com/stock/4999/1998/
[2021-03-17 09:29:52]cl_getDriver.py(127): click_Success->//*[@id="base_box"]/div/div[3]/form/button
[2021-03-17 09:29:52]cl_getDriver.py(127): click_Success->//*[@id="base_box"]/div/div[3]/form/button
[2021-03-17 09:29:55]cl_getDriver.py(127): click_Success->//*[@id="base_box"]/div/div[3]/form/button
[2021-03-17 09:29:55]cl_getDriver.py(127): click_Success->//*[@id="base_box"]/div/div[3]/form/button
[2021-03-17 09:29:55]cl_getDriver.py(72): Open NewTab->https://kabuoji3.com/stock/4999/1997/
[2021-03-17 09:29:55]cl_getDriver.py(72): Open NewTab->https://kabuoji3.com/stock/4998/1991/
[2021-03-17 09:29:56]cl_getDriver.py(127): click_Success->//*[@id="base_box"]/div/div[3]/form/button
[2021-03-17 09:29:57]cl_getDriver.py(127): click_Success->//*[@id="base_box"]/div/div[3]/form/button
[2021-03-17 09:29:59]cl_getDriver.py(127): click_Success->//*[@id="base_box"]/div/div[3]/form/button
[2021-03-17 09:29:59]cl_getDriver.py(127): click_Success->//*[@id="base_box"]/div/div[3]/form/button
[2021-03-17 09:29:59]cl_getDriver.py(72): Open NewTab->https://kabuoji3.com/stock/4999/1996/
[2021-03-17 09:30:00]cl_getDriver.py(72): Open NewTab->https://kabuoji3.com/stock/4998/1990/
[2021-03-17 09:30:01]cl_getDriver.py(127): click_Success->//*[@id="base_box"]/div/div[3]/form/button
[2021-03-17 09:30:01]cl_getDriver.py(127): click_Success->//*[@id="base_box"]/div/div[3]/form/button
[2021-03-17 09:30:03]cl_getDriver.py(127): click_Success->//*[@id="base_box"]/div/div[3]/form/button
[2021-03-17 09:30:03]cl_getDriver.py(127): click_Success->//*[@id="base_box"]/div/div[3]/form/button
[2021-03-17 09:30:04]cl_getDriver.py(72): Open NewTab->https://kabuoji3.com/stock/4999/1995/
[2021-03-17 09:30:04]cl_getDriver.py(72): Open NewTab->https://kabuoji3.com/stock/4998/1989/
[2021-03-17 09:30:05]cl_getDriver.py(127): click_Success->//*[@id="base_box"]/div/div[3]/form/button
[2021-03-17 09:30:06]cl_getDriver.py(127): click_Success->//*[@id="base_box"]/div/div[3]/form/button
[2021-03-17 09:30:07]cl_getDriver.py(127): click_Success->//*[@id="base_box"]/div/div[3]/form/button
[2021-03-17 09:30:08]cl_getDriver.py(72): Open NewTab->https://kabuoji3.com/stock/4998/1988/
[2021-03-17 09:30:08]cl_getDriver.py(127): click_Success->//*[@id="base_box"]/div/div[3]/form/button
[2021-03-17 09:30:09]cl_getDriver.py(72): Open NewTab->https://kabuoji3.com/stock/4999/1994/
[2021-03-17 09:30:10]cl_getDriver.py(127): click_Success->//*[@id="base_box"]/div/div[3]/form/button
[2021-03-17 09:30:10]cl_getDriver.py(127): click_Success->//*[@id="base_box"]/div/div[3]/form/button
[2021-03-17 09:30:12]cl_getDriver.py(127): click_Success->//*[@id="base_box"]/div/div[3]/form/button
[2021-03-17 09:30:13]cl_getDriver.py(127): click_Success->//*[@id="base_box"]/div/div[3]/form/button
[2021-03-17 09:30:13]cl_getDriver.py(72): Open NewTab->https://kabuoji3.com/stock/4999/1993/
[2021-03-17 09:30:13]cl_getDriver.py(72): Open NewTab->https://kabuoji3.com/stock/4998/1987/
[2021-03-17 09:30:15]cl_getDriver.py(127): click_Success->//*[@id="base_box"]/div/div[3]/form/button
[2021-03-17 09:30:15]cl_getDriver.py(127): click_Success->//*[@id="base_box"]/div/div[3]/form/button
[2021-03-17 09:30:17]cl_getDriver.py(127): click_Success->//*[@id="base_box"]/div/div[3]/form/button
[2021-03-17 09:30:17]cl_getDriver.py(127): click_Success->//*[@id="base_box"]/div/div[3]/form/button
[2021-03-17 09:30:18]cl_getDriver.py(72): Open NewTab->https://kabuoji3.com/stock/4999/1992/
[2021-03-17 09:30:18]cl_getDriver.py(72): Open NewTab->https://kabuoji3.com/stock/4998/1986/
[2021-03-17 09:30:19]cl_getDriver.py(127): click_Success->//*[@id="base_box"]/div/div[3]/form/button
[2021-03-17 09:30:19]cl_getDriver.py(127): click_Success->//*[@id="base_box"]/div/div[3]/form/button
[2021-03-17 09:30:21]cl_getDriver.py(127): click_Success->//*[@id="base_box"]/div/div[3]/form/button
[2021-03-17 09:30:21]cl_getDriver.py(127): click_Success->//*[@id="base_box"]/div/div[3]/form/button
[2021-03-17 09:30:22]cl_getDriver.py(72): Open NewTab->https://kabuoji3.com/stock/4999/1991/
[2021-03-17 09:30:22]cl_getDriver.py(72): Open NewTab->https://kabuoji3.com/stock/4998/1985/
[2021-03-17 09:30:23]cl_getDriver.py(127): click_Success->//*[@id="base_box"]/div/div[3]/form/button
[2021-03-17 09:30:25]cl_getDriver.py(127): click_Success->//*[@id="base_box"]/div/div[3]/form/button
[2021-03-17 09:30:25]cl_getDriver.py(127): click_Success->//*[@id="base_box"]/div/div[3]/form/button
[2021-03-17 09:30:26]cl_getDriver.py(72): Open NewTab->https://kabuoji3.com/stock/4999/1990/
[2021-03-17 09:30:27]cl_getDriver.py(127): click_Success->//*[@id="base_box"]/div/div[3]/form/button
[2021-03-17 09:30:27]cl_getDriver.py(127): click_Success->//*[@id="base_box"]/div/div[3]/form/button
[2021-03-17 09:30:27]cl_getDriver.py(72): Open NewTab->https://kabuoji3.com/stock/4998/1984/
[2021-03-17 09:30:29]cl_getDriver.py(127): click_Success->//*[@id="base_box"]/div/div[3]/form/button
[2021-03-17 09:30:29]cl_getDriver.py(127): click_Success->//*[@id="base_box"]/div/div[3]/form/button
[2021-03-17 09:30:29]cl_getDriver.py(72): Open NewTab->https://kabuoji3.com/stock/4999/1989/
[2021-03-17 09:30:31]cl_getDriver.py(127): click_Success->//*[@id="base_box"]/div/div[3]/form/button
[2021-03-17 09:30:31]cl_getDriver.py(127): click_Success->//*[@id="base_box"]/div/div[3]/form/button
[2021-03-17 09:30:31]cl_getDriver.py(72): Open NewTab->https://kabuoji3.com/stock/4998/1983/
[2021-03-17 09:30:32]cl_getDriver.py(127): click_Success->//*[@id="base_box"]/div/div[3]/form/button
[2021-03-17 09:30:33]cl_getDriver.py(127): click_Success->//*[@id="base_box"]/div/div[3]/form/button
[2021-03-17 09:30:33]cl_getDriver.py(72): Open NewTab->https://kabuoji3.com/stock/4999/1988/
[2021-03-17 09:30:34]cl_getDriver.py(127): click_Success->//*[@id="base_box"]/div/div[3]/form/button
[2021-03-17 09:30:35]cl_getDriver.py(127): click_Success->//*[@id="base_box"]/div/div[3]/form/button
[2021-03-17 09:30:37]cl_getDriver.py(127): click_Success->//*[@id="base_box"]/div/div[3]/form/button
[2021-03-17 09:30:37]cl_getDriver.py(72): Open NewTab->https://kabuoji3.com/stock/4999/1987/
[2021-03-17 09:30:38]cl_getDriver.py(127): click_Success->//*[@id="base_box"]/div/div[3]/form/button
[2021-03-17 09:30:39]main.py(42): finished Process->https://kabuoji3.com/stock/4998/
[2021-03-17 09:30:39]main.py(15): start_Process->https://kabuoji3.com/stock/5142/
[2021-03-17 09:30:41]cl_getDriver.py(127): click_Success->//*[@id="base_box"]/div/div[3]/form/button
[2021-03-17 09:30:41]cl_getDriver.py(72): Open NewTab->https://kabuoji3.com/stock/4999/1986/
[2021-03-17 09:30:42]cl_getDriver.py(127): click_Success->//*[@id="base_box"]/div/div[3]/form/button
[2021-03-17 09:30:45]cl_getDriver.py(127): click_Success->//*[@id="base_box"]/div/div[3]/form/button
[2021-03-17 09:30:45]cl_getDriver.py(64): getURL=https://kabuoji3.com/stock/5142/
[2021-03-17 09:30:45]cl_getDriver.py(72): Open NewTab->https://kabuoji3.com/stock/4999/1985/
[2021-03-17 09:30:45]cl_getDriver.py(72): Open NewTab->https://kabuoji3.com/stock/5142/
[2021-03-17 09:30:46]cl_getDriver.py(127): click_Success->//*[@id="base_box"]/div/div[3]/form/button
[2021-03-17 09:30:46]cl_getDriver.py(130): Not Found->//*[@id="base_box"]/div/div[3]/form/button
[2021-03-17 09:30:48]cl_getDriver.py(127): click_Success->//*[@id="base_box"]/div/div[3]/form/button
[2021-03-17 09:30:49]cl_getDriver.py(130): Not Found->//*[@id="base_box"]/div/div[3]/form/button
[2021-03-17 09:30:49]cl_getDriver.py(72): Open NewTab->https://kabuoji3.com/stock/4999/1984/
[2021-03-17 09:30:49]cl_getDriver.py(72): Open NewTab->https://kabuoji3.com/stock/5142/2021/
[2021-03-17 09:30:50]cl_getDriver.py(127): click_Success->//*[@id="base_box"]/div/div[3]/form/button
[2021-03-17 09:30:50]cl_getDriver.py(127): click_Success->//*[@id="base_box"]/div/div[3]/form/button
[2021-03-17 09:30:53]cl_getDriver.py(127): click_Success->//*[@id="base_box"]/div/div[3]/form/button
[2021-03-17 09:30:53]cl_getDriver.py(127): click_Success->//*[@id="base_box"]/div/div[3]/form/button
[2021-03-17 09:30:53]cl_getDriver.py(72): Open NewTab->https://kabuoji3.com/stock/4999/1983/
[2021-03-17 09:30:53]cl_getDriver.py(72): Open NewTab->https://kabuoji3.com/stock/5142/2020/
[2021-03-17 09:30:55]cl_getDriver.py(127): click_Success->//*[@id="base_box"]/div/div[3]/form/button
[2021-03-17 09:30:55]cl_getDriver.py(127): click_Success->//*[@id="base_box"]/div/div[3]/form/button
[2021-03-17 09:30:57]cl_getDriver.py(127): click_Success->//*[@id="base_box"]/div/div[3]/form/button
[2021-03-17 09:30:57]cl_getDriver.py(127): click_Success->//*[@id="base_box"]/div/div[3]/form/button
[2021-03-17 09:30:57]cl_getDriver.py(72): Open NewTab->https://kabuoji3.com/stock/5142/2019/
[2021-03-17 09:30:58]cl_getDriver.py(127): click_Success->//*[@id="base_box"]/div/div[3]/form/button
[2021-03-17 09:31:01]main.py(42): finished Process->https://kabuoji3.com/stock/4999/
[2021-03-17 09:31:01]main.py(15): start_Process->https://kabuoji3.com/stock/5208/
[2021-03-17 09:31:01]cl_getDriver.py(127): click_Success->//*[@id="base_box"]/div/div[3]/form/button
[2021-03-17 09:31:02]cl_getDriver.py(72): Open NewTab->https://kabuoji3.com/stock/5142/2018/
[2021-03-17 09:31:03]cl_getDriver.py(127): click_Success->//*[@id="base_box"]/div/div[3]/form/button
[2021-03-17 09:31:05]cl_getDriver.py(127): click_Success->//*[@id="base_box"]/div/div[3]/form/button
[2021-03-17 09:31:06]cl_getDriver.py(72): Open NewTab->https://kabuoji3.com/stock/5142/2017/
[2021-03-17 09:31:07]cl_getDriver.py(127): click_Success->//*[@id="base_box"]/div/div[3]/form/button
[2021-03-17 09:31:09]cl_getDriver.py(64): getURL=https://kabuoji3.com/stock/5208/
[2021-03-17 09:31:09]cl_getDriver.py(127): click_Success->//*[@id="base_box"]/div/div[3]/form/button
[2021-03-17 09:31:10]cl_getDriver.py(72): Open NewTab->https://kabuoji3.com/stock/5142/2016/
[2021-03-17 09:31:10]cl_getDriver.py(72): Open NewTab->https://kabuoji3.com/stock/5208/
[2021-03-17 09:31:11]cl_getDriver.py(130): Not Found->//*[@id="base_box"]/div/div[3]/form/button
[2021-03-17 09:31:11]cl_getDriver.py(127): click_Success->//*[@id="base_box"]/div/div[3]/form/button
[2021-03-17 09:31:13]cl_getDriver.py(130): Not Found->//*[@id="base_box"]/div/div[3]/form/button
[2021-03-17 09:31:13]cl_getDriver.py(72): Open NewTab->https://kabuoji3.com/stock/5208/2021/
[2021-03-17 09:31:13]cl_getDriver.py(127): click_Success->//*[@id="base_box"]/div/div[3]/form/button
[2021-03-17 09:31:14]cl_getDriver.py(127): click_Success->//*[@id="base_box"]/div/div[3]/form/button
[2021-03-17 09:31:14]cl_getDriver.py(72): Open NewTab->https://kabuoji3.com/stock/5142/2015/
[2021-03-17 09:31:15]cl_getDriver.py(127): click_Success->//*[@id="base_box"]/div/div[3]/form/button
[2021-03-17 09:31:16]cl_getDriver.py(127): click_Success->//*[@id="base_box"]/div/div[3]/form/button
[2021-03-17 09:31:16]cl_getDriver.py(72): Open NewTab->https://kabuoji3.com/stock/5208/2020/
[2021-03-17 09:31:17]cl_getDriver.py(127): click_Success->//*[@id="base_box"]/div/div[3]/form/button
[2021-03-17 09:31:17]cl_getDriver.py(72): Open NewTab->https://kabuoji3.com/stock/5142/2014/
[2021-03-17 09:31:18]cl_getDriver.py(127): click_Success->//*[@id="base_box"]/div/div[3]/form/button
[2021-03-17 09:31:19]cl_getDriver.py(127): click_Success->//*[@id="base_box"]/div/div[3]/form/button
[2021-03-17 09:31:20]cl_getDriver.py(127): click_Success->//*[@id="base_box"]/div/div[3]/form/button
[2021-03-17 09:31:20]cl_getDriver.py(72): Open NewTab->https://kabuoji3.com/stock/5208/2019/
[2021-03-17 09:31:21]cl_getDriver.py(127): click_Success->//*[@id="base_box"]/div/div[3]/form/button
[2021-03-17 09:31:21]cl_getDriver.py(72): Open NewTab->https://kabuoji3.com/stock/5142/2013/
[2021-03-17 09:31:22]cl_getDriver.py(127): click_Success->//*[@id="base_box"]/div/div[3]/form/button
[2021-03-17 09:31:22]cl_getDriver.py(127): click_Success->//*[@id="base_box"]/div/div[3]/form/button
[2021-03-17 09:31:24]cl_getDriver.py(127): click_Success->//*[@id="base_box"]/div/div[3]/form/button
[2021-03-17 09:31:24]cl_getDriver.py(72): Open NewTab->https://kabuoji3.com/stock/5208/2018/
[2021-03-17 09:31:25]cl_getDriver.py(127): click_Success->//*[@id="base_box"]/div/div[3]/form/button
[2021-03-17 09:31:25]cl_getDriver.py(72): Open NewTab->https://kabuoji3.com/stock/5142/2012/
[2021-03-17 09:31:26]cl_getDriver.py(127): click_Success->//*[@id="base_box"]/div/div[3]/form/button
[2021-03-17 09:31:27]cl_getDriver.py(127): click_Success->//*[@id="base_box"]/div/div[3]/form/button
[2021-03-17 09:31:29]cl_getDriver.py(127): click_Success->//*[@id="base_box"]/div/div[3]/form/button
[2021-03-17 09:31:29]cl_getDriver.py(72): Open NewTab->https://kabuoji3.com/stock/5208/2017/
[2021-03-17 09:31:29]cl_getDriver.py(127): click_Success->//*[@id="base_box"]/div/div[3]/form/button
[2021-03-17 09:31:30]cl_getDriver.py(72): Open NewTab->https://kabuoji3.com/stock/5142/2011/
[2021-03-17 09:31:31]cl_getDriver.py(127): click_Success->//*[@id="base_box"]/div/div[3]/form/button
[2021-03-17 09:31:31]cl_getDriver.py(127): click_Success->//*[@id="base_box"]/div/div[3]/form/button
[2021-03-17 09:31:33]cl_getDriver.py(127): click_Success->//*[@id="base_box"]/div/div[3]/form/button
[2021-03-17 09:31:33]cl_getDriver.py(72): Open NewTab->https://kabuoji3.com/stock/5208/2016/
[2021-03-17 09:31:34]cl_getDriver.py(127): click_Success->//*[@id="base_box"]/div/div[3]/form/button
[2021-03-17 09:31:34]cl_getDriver.py(72): Open NewTab->https://kabuoji3.com/stock/5142/2010/
[2021-03-17 09:31:35]cl_getDriver.py(127): click_Success->//*[@id="base_box"]/div/div[3]/form/button
[2021-03-17 09:31:35]cl_getDriver.py(127): click_Success->//*[@id="base_box"]/div/div[3]/form/button
[2021-03-17 09:31:37]cl_getDriver.py(127): click_Success->//*[@id="base_box"]/div/div[3]/form/button
[2021-03-17 09:31:37]cl_getDriver.py(72): Open NewTab->https://kabuoji3.com/stock/5208/2015/
[2021-03-17 09:31:38]cl_getDriver.py(127): click_Success->//*[@id="base_box"]/div/div[3]/form/button
[2021-03-17 09:31:38]cl_getDriver.py(72): Open NewTab->https://kabuoji3.com/stock/5142/2009/
[2021-03-17 09:31:39]cl_getDriver.py(127): click_Success->//*[@id="base_box"]/div/div[3]/form/button
[2021-03-17 09:31:39]cl_getDriver.py(127): click_Success->//*[@id="base_box"]/div/div[3]/form/button
[2021-03-17 09:31:41]cl_getDriver.py(127): click_Success->//*[@id="base_box"]/div/div[3]/form/button
[2021-03-17 09:31:42]cl_getDriver.py(72): Open NewTab->https://kabuoji3.com/stock/5208/2014/
[2021-03-17 09:31:42]cl_getDriver.py(127): click_Success->//*[@id="base_box"]/div/div[3]/form/button
[2021-03-17 09:31:42]cl_getDriver.py(72): Open NewTab->https://kabuoji3.com/stock/5142/2008/
[2021-03-17 09:31:43]cl_getDriver.py(127): click_Success->//*[@id="base_box"]/div/div[3]/form/button
[2021-03-17 09:31:43]cl_getDriver.py(127): click_Success->//*[@id="base_box"]/div/div[3]/form/button
[2021-03-17 09:31:45]cl_getDriver.py(127): click_Success->//*[@id="base_box"]/div/div[3]/form/button
[2021-03-17 09:31:46]cl_getDriver.py(72): Open NewTab->https://kabuoji3.com/stock/5208/2013/
[2021-03-17 09:31:46]cl_getDriver.py(127): click_Success->//*[@id="base_box"]/div/div[3]/form/button
[2021-03-17 09:31:46]cl_getDriver.py(72): Open NewTab->https://kabuoji3.com/stock/5142/2007/
[2021-03-17 09:31:47]cl_getDriver.py(127): click_Success->//*[@id="base_box"]/div/div[3]/form/button
[2021-03-17 09:31:48]cl_getDriver.py(127): click_Success->//*[@id="base_box"]/div/div[3]/form/button
[2021-03-17 09:31:50]cl_getDriver.py(127): click_Success->//*[@id="base_box"]/div/div[3]/form/button
[2021-03-17 09:31:50]cl_getDriver.py(72): Open NewTab->https://kabuoji3.com/stock/5208/2012/
[2021-03-17 09:31:50]cl_getDriver.py(127): click_Success->//*[@id="base_box"]/div/div[3]/form/button
[2021-03-17 09:31:51]cl_getDriver.py(72): Open NewTab->https://kabuoji3.com/stock/5142/2006/
[2021-03-17 09:31:51]cl_getDriver.py(127): click_Success->//*[@id="base_box"]/div/div[3]/form/button
[2021-03-17 09:31:52]cl_getDriver.py(127): click_Success->//*[@id="base_box"]/div/div[3]/form/button
[2021-03-17 09:31:54]cl_getDriver.py(127): click_Success->//*[@id="base_box"]/div/div[3]/form/button
[2021-03-17 09:31:54]cl_getDriver.py(72): Open NewTab->https://kabuoji3.com/stock/5208/2011/
[2021-03-17 09:31:54]cl_getDriver.py(127): click_Success->//*[@id="base_box"]/div/div[3]/form/button
[2021-03-17 09:31:55]cl_getDriver.py(72): Open NewTab->https://kabuoji3.com/stock/5142/2005/
[2021-03-17 09:31:56]cl_getDriver.py(127): click_Success->//*[@id="base_box"]/div/div[3]/form/button
[2021-03-17 09:31:56]cl_getDriver.py(127): click_Success->//*[@id="base_box"]/div/div[3]/form/button
[2021-03-17 09:31:58]cl_getDriver.py(127): click_Success->//*[@id="base_box"]/div/div[3]/form/button
[2021-03-17 09:31:58]cl_getDriver.py(72): Open NewTab->https://kabuoji3.com/stock/5208/2010/
[2021-03-17 09:31:58]cl_getDriver.py(127): click_Success->//*[@id="base_box"]/div/div[3]/form/button
[2021-03-17 09:31:59]cl_getDriver.py(72): Open NewTab->https://kabuoji3.com/stock/5142/2004/
[2021-03-17 09:32:00]cl_getDriver.py(127): click_Success->//*[@id="base_box"]/div/div[3]/form/button
[2021-03-17 09:32:00]cl_getDriver.py(127): click_Success->//*[@id="base_box"]/div/div[3]/form/button
[2021-03-17 09:32:02]cl_getDriver.py(127): click_Success->//*[@id="base_box"]/div/div[3]/form/button
[2021-03-17 09:32:03]cl_getDriver.py(72): Open NewTab->https://kabuoji3.com/stock/5208/2009/
[2021-03-17 09:32:03]cl_getDriver.py(127): click_Success->//*[@id="base_box"]/div/div[3]/form/button
[2021-03-17 09:32:03]cl_getDriver.py(72): Open NewTab->https://kabuoji3.com/stock/5142/2003/
[2021-03-17 09:32:04]cl_getDriver.py(127): click_Success->//*[@id="base_box"]/div/div[3]/form/button
[2021-03-17 09:32:05]cl_getDriver.py(127): click_Success->//*[@id="base_box"]/div/div[3]/form/button
[2021-03-17 09:32:06]cl_getDriver.py(127): click_Success->//*[@id="base_box"]/div/div[3]/form/button
[2021-03-17 09:32:07]cl_getDriver.py(72): Open NewTab->https://kabuoji3.com/stock/5208/2008/
[2021-03-17 09:32:07]cl_getDriver.py(127): click_Success->//*[@id="base_box"]/div/div[3]/form/button
[2021-03-17 09:32:08]cl_getDriver.py(72): Open NewTab->https://kabuoji3.com/stock/5142/2002/
[2021-03-17 09:32:08]cl_getDriver.py(127): click_Success->//*[@id="base_box"]/div/div[3]/form/button
[2021-03-17 09:32:09]cl_getDriver.py(127): click_Success->//*[@id="base_box"]/div/div[3]/form/button
[2021-03-17 09:32:10]cl_getDriver.py(127): click_Success->//*[@id="base_box"]/div/div[3]/form/button
[2021-03-17 09:32:10]cl_getDriver.py(72): Open NewTab->https://kabuoji3.com/stock/5208/2007/
[2021-03-17 09:32:11]cl_getDriver.py(127): click_Success->//*[@id="base_box"]/div/div[3]/form/button
[2021-03-17 09:32:12]cl_getDriver.py(72): Open NewTab->https://kabuoji3.com/stock/5142/2001/
[2021-03-17 09:32:12]cl_getDriver.py(127): click_Success->//*[@id="base_box"]/div/div[3]/form/button
[2021-03-17 09:32:13]cl_getDriver.py(127): click_Success->//*[@id="base_box"]/div/div[3]/form/button
[2021-03-17 09:32:14]cl_getDriver.py(127): click_Success->//*[@id="base_box"]/div/div[3]/form/button
[2021-03-17 09:32:15]cl_getDriver.py(72): Open NewTab->https://kabuoji3.com/stock/5208/2006/
[2021-03-17 09:32:15]cl_getDriver.py(127): click_Success->//*[@id="base_box"]/div/div[3]/form/button
[2021-03-17 09:32:16]cl_getDriver.py(127): click_Success->//*[@id="base_box"]/div/div[3]/form/button
[2021-03-17 09:32:16]cl_getDriver.py(72): Open NewTab->https://kabuoji3.com/stock/5142/2000/
[2021-03-17 09:32:17]cl_getDriver.py(127): click_Success->//*[@id="base_box"]/div/div[3]/form/button
[2021-03-17 09:32:18]cl_getDriver.py(127): click_Success->//*[@id="base_box"]/div/div[3]/form/button
[2021-03-17 09:32:18]cl_getDriver.py(72): Open NewTab->https://kabuoji3.com/stock/5208/2005/
[2021-03-17 09:32:19]cl_getDriver.py(127): click_Success->//*[@id="base_box"]/div/div[3]/form/button
[2021-03-17 09:32:19]cl_getDriver.py(127): click_Success->//*[@id="base_box"]/div/div[3]/form/button
[2021-03-17 09:32:20]cl_getDriver.py(72): Open NewTab->https://kabuoji3.com/stock/5142/1999/
[2021-03-17 09:32:21]cl_getDriver.py(127): click_Success->//*[@id="base_box"]/div/div[3]/form/button
[2021-03-17 09:32:22]cl_getDriver.py(127): click_Success->//*[@id="base_box"]/div/div[3]/form/button
[2021-03-17 09:32:22]cl_getDriver.py(72): Open NewTab->https://kabuoji3.com/stock/5208/2004/
[2021-03-17 09:32:23]cl_getDriver.py(127): click_Success->//*[@id="base_box"]/div/div[3]/form/button
[2021-03-17 09:32:23]cl_getDriver.py(127): click_Success->//*[@id="base_box"]/div/div[3]/form/button
[2021-03-17 09:32:23]cl_getDriver.py(72): Open NewTab->https://kabuoji3.com/stock/5142/1998/
[2021-03-17 09:32:24]cl_getDriver.py(127): click_Success->//*[@id="base_box"]/div/div[3]/form/button
[2021-03-17 09:32:25]cl_getDriver.py(127): click_Success->//*[@id="base_box"]/div/div[3]/form/button
[2021-03-17 09:32:26]cl_getDriver.py(72): Open NewTab->https://kabuoji3.com/stock/5208/2003/
[2021-03-17 09:32:27]cl_getDriver.py(127): click_Success->//*[@id="base_box"]/div/div[3]/form/button
[2021-03-17 09:32:27]cl_getDriver.py(127): click_Success->//*[@id="base_box"]/div/div[3]/form/button
[2021-03-17 09:32:27]cl_getDriver.py(72): Open NewTab->https://kabuoji3.com/stock/5142/1997/
[2021-03-17 09:32:28]cl_getDriver.py(127): click_Success->//*[@id="base_box"]/div/div[3]/form/button
[2021-03-17 09:32:29]cl_getDriver.py(127): click_Success->//*[@id="base_box"]/div/div[3]/form/button
[2021-03-17 09:32:29]cl_getDriver.py(72): Open NewTab->https://kabuoji3.com/stock/5208/2002/
[2021-03-17 09:32:30]cl_getDriver.py(127): click_Success->//*[@id="base_box"]/div/div[3]/form/button
[2021-03-17 09:32:31]cl_getDriver.py(127): click_Success->//*[@id="base_box"]/div/div[3]/form/button
[2021-03-17 09:32:31]cl_getDriver.py(72): Open NewTab->https://kabuoji3.com/stock/5142/1996/
[2021-03-17 09:32:32]cl_getDriver.py(127): click_Success->//*[@id="base_box"]/div/div[3]/form/button
[2021-03-17 09:32:33]cl_getDriver.py(127): click_Success->//*[@id="base_box"]/div/div[3]/form/button
[2021-03-17 09:32:34]cl_getDriver.py(72): Open NewTab->https://kabuoji3.com/stock/5208/2001/
[2021-03-17 09:32:35]cl_getDriver.py(127): click_Success->//*[@id="base_box"]/div/div[3]/form/button
[2021-03-17 09:32:35]cl_getDriver.py(127): click_Success->//*[@id="base_box"]/div/div[3]/form/button
[2021-03-17 09:32:35]cl_getDriver.py(72): Open NewTab->https://kabuoji3.com/stock/5142/1995/
[2021-03-17 09:32:36]cl_getDriver.py(127): click_Success->//*[@id="base_box"]/div/div[3]/form/button
[2021-03-17 09:32:38]cl_getDriver.py(127): click_Success->//*[@id="base_box"]/div/div[3]/form/button
[2021-03-17 09:32:38]cl_getDriver.py(72): Open NewTab->https://kabuoji3.com/stock/5208/2000/
[2021-03-17 09:32:39]cl_getDriver.py(127): click_Success->//*[@id="base_box"]/div/div[3]/form/button
[2021-03-17 09:32:39]cl_getDriver.py(72): Open NewTab->https://kabuoji3.com/stock/5142/1994/
[2021-03-17 09:32:40]cl_getDriver.py(127): click_Success->//*[@id="base_box"]/div/div[3]/form/button
[2021-03-17 09:32:40]cl_getDriver.py(127): click_Success->//*[@id="base_box"]/div/div[3]/form/button
[2021-03-17 09:32:42]cl_getDriver.py(127): click_Success->//*[@id="base_box"]/div/div[3]/form/button
[2021-03-17 09:32:43]cl_getDriver.py(72): Open NewTab->https://kabuoji3.com/stock/5142/1993/
[2021-03-17 09:32:43]cl_getDriver.py(127): click_Success->//*[@id="base_box"]/div/div[3]/form/button
[2021-03-17 09:32:43]cl_getDriver.py(72): Open NewTab->https://kabuoji3.com/stock/5208/1999/
[2021-03-17 09:32:44]cl_getDriver.py(127): click_Success->//*[@id="base_box"]/div/div[3]/form/button
[2021-03-17 09:32:45]cl_getDriver.py(127): click_Success->//*[@id="base_box"]/div/div[3]/form/button
[2021-03-17 09:32:47]cl_getDriver.py(127): click_Success->//*[@id="base_box"]/div/div[3]/form/button
[2021-03-17 09:32:47]cl_getDriver.py(72): Open NewTab->https://kabuoji3.com/stock/5142/1992/
[2021-03-17 09:32:47]cl_getDriver.py(127): click_Success->//*[@id="base_box"]/div/div[3]/form/button
[2021-03-17 09:32:48]cl_getDriver.py(72): Open NewTab->https://kabuoji3.com/stock/5208/1998/
[2021-03-17 09:32:48]cl_getDriver.py(127): click_Success->//*[@id="base_box"]/div/div[3]/form/button
[2021-03-17 09:32:49]cl_getDriver.py(127): click_Success->//*[@id="base_box"]/div/div[3]/form/button
[2021-03-17 09:32:51]cl_getDriver.py(127): click_Success->//*[@id="base_box"]/div/div[3]/form/button
[2021-03-17 09:32:51]cl_getDriver.py(72): Open NewTab->https://kabuoji3.com/stock/5142/1991/
[2021-03-17 09:32:51]cl_getDriver.py(127): click_Success->//*[@id="base_box"]/div/div[3]/form/button
[2021-03-17 09:32:52]cl_getDriver.py(72): Open NewTab->https://kabuoji3.com/stock/5208/1997/
[2021-03-17 09:32:53]cl_getDriver.py(127): click_Success->//*[@id="base_box"]/div/div[3]/form/button
[2021-03-17 09:32:53]cl_getDriver.py(127): click_Success->//*[@id="base_box"]/div/div[3]/form/button
[2021-03-17 09:32:55]cl_getDriver.py(127): click_Success->//*[@id="base_box"]/div/div[3]/form/button
[2021-03-17 09:32:55]cl_getDriver.py(127): click_Success->//*[@id="base_box"]/div/div[3]/form/button
[2021-03-17 09:32:56]cl_getDriver.py(72): Open NewTab->https://kabuoji3.com/stock/5142/1990/
[2021-03-17 09:32:56]cl_getDriver.py(72): Open NewTab->https://kabuoji3.com/stock/5208/1996/
[2021-03-17 09:32:57]cl_getDriver.py(127): click_Success->//*[@id="base_box"]/div/div[3]/form/button
[2021-03-17 09:32:57]cl_getDriver.py(127): click_Success->//*[@id="base_box"]/div/div[3]/form/button
[2021-03-17 09:33:00]cl_getDriver.py(127): click_Success->//*[@id="base_box"]/div/div[3]/form/button
[2021-03-17 09:33:00]cl_getDriver.py(127): click_Success->//*[@id="base_box"]/div/div[3]/form/button
[2021-03-17 09:33:00]cl_getDriver.py(72): Open NewTab->https://kabuoji3.com/stock/5208/1995/
[2021-03-17 09:33:00]cl_getDriver.py(72): Open NewTab->https://kabuoji3.com/stock/5142/1989/
[2021-03-17 09:33:02]cl_getDriver.py(127): click_Success->//*[@id="base_box"]/div/div[3]/form/button
[2021-03-17 09:33:02]cl_getDriver.py(127): click_Success->//*[@id="base_box"]/div/div[3]/form/button
[2021-03-17 09:33:04]cl_getDriver.py(127): click_Success->//*[@id="base_box"]/div/div[3]/form/button
[2021-03-17 09:33:04]cl_getDriver.py(127): click_Success->//*[@id="base_box"]/div/div[3]/form/button
[2021-03-17 09:33:05]cl_getDriver.py(72): Open NewTab->https://kabuoji3.com/stock/5142/1988/
[2021-03-17 09:33:05]cl_getDriver.py(72): Open NewTab->https://kabuoji3.com/stock/5208/1994/
[2021-03-17 09:33:06]cl_getDriver.py(127): click_Success->//*[@id="base_box"]/div/div[3]/form/button
[2021-03-17 09:33:06]cl_getDriver.py(127): click_Success->//*[@id="base_box"]/div/div[3]/form/button
[2021-03-17 09:33:08]cl_getDriver.py(127): click_Success->//*[@id="base_box"]/div/div[3]/form/button
[2021-03-17 09:33:08]cl_getDriver.py(127): click_Success->//*[@id="base_box"]/div/div[3]/form/button
[2021-03-17 09:33:09]cl_getDriver.py(72): Open NewTab->https://kabuoji3.com/stock/5208/1993/
[2021-03-17 09:33:09]cl_getDriver.py(72): Open NewTab->https://kabuoji3.com/stock/5142/1987/
[2021-03-17 09:33:10]cl_getDriver.py(127): click_Success->//*[@id="base_box"]/div/div[3]/form/button
[2021-03-17 09:33:10]cl_getDriver.py(127): click_Success->//*[@id="base_box"]/div/div[3]/form/button
[2021-03-17 09:33:13]cl_getDriver.py(127): click_Success->//*[@id="base_box"]/div/div[3]/form/button
[2021-03-17 09:33:13]cl_getDriver.py(127): click_Success->//*[@id="base_box"]/div/div[3]/form/button
[2021-03-17 09:33:13]cl_getDriver.py(72): Open NewTab->https://kabuoji3.com/stock/5208/1992/
[2021-03-17 09:33:14]cl_getDriver.py(72): Open NewTab->https://kabuoji3.com/stock/5142/1986/
[2021-03-17 09:33:15]cl_getDriver.py(127): click_Success->//*[@id="base_box"]/div/div[3]/form/button
[2021-03-17 09:33:15]cl_getDriver.py(127): click_Success->//*[@id="base_box"]/div/div[3]/form/button
[2021-03-17 09:33:17]cl_getDriver.py(127): click_Success->//*[@id="base_box"]/div/div[3]/form/button
[2021-03-17 09:33:17]cl_getDriver.py(72): Open NewTab->https://kabuoji3.com/stock/5208/1991/
[2021-03-17 09:33:17]cl_getDriver.py(127): click_Success->//*[@id="base_box"]/div/div[3]/form/button
[2021-03-17 09:33:18]cl_getDriver.py(72): Open NewTab->https://kabuoji3.com/stock/5142/1985/
[2021-03-17 09:33:19]cl_getDriver.py(127): click_Success->//*[@id="base_box"]/div/div[3]/form/button
[2021-03-17 09:33:19]cl_getDriver.py(127): click_Success->//*[@id="base_box"]/div/div[3]/form/button
[2021-03-17 09:33:21]cl_getDriver.py(127): click_Success->//*[@id="base_box"]/div/div[3]/form/button
[2021-03-17 09:33:22]cl_getDriver.py(127): click_Success->//*[@id="base_box"]/div/div[3]/form/button
[2021-03-17 09:33:22]cl_getDriver.py(72): Open NewTab->https://kabuoji3.com/stock/5142/1984/
[2021-03-17 09:33:22]cl_getDriver.py(72): Open NewTab->https://kabuoji3.com/stock/5208/1990/
[2021-03-17 09:33:23]cl_getDriver.py(127): click_Success->//*[@id="base_box"]/div/div[3]/form/button
[2021-03-17 09:33:24]cl_getDriver.py(127): click_Success->//*[@id="base_box"]/div/div[3]/form/button
[2021-03-17 09:33:26]cl_getDriver.py(127): click_Success->//*[@id="base_box"]/div/div[3]/form/button
[2021-03-17 09:33:26]cl_getDriver.py(72): Open NewTab->https://kabuoji3.com/stock/5208/1989/
[2021-03-17 09:33:26]cl_getDriver.py(127): click_Success->//*[@id="base_box"]/div/div[3]/form/button
[2021-03-17 09:33:26]cl_getDriver.py(72): Open NewTab->https://kabuoji3.com/stock/5142/1983/
[2021-03-17 09:33:27]cl_getDriver.py(127): click_Success->//*[@id="base_box"]/div/div[3]/form/button
[2021-03-17 09:33:28]cl_getDriver.py(127): click_Success->//*[@id="base_box"]/div/div[3]/form/button
[2021-03-17 09:33:30]cl_getDriver.py(127): click_Success->//*[@id="base_box"]/div/div[3]/form/button
[2021-03-17 09:33:30]cl_getDriver.py(72): Open NewTab->https://kabuoji3.com/stock/5208/1988/
[2021-03-17 09:33:30]cl_getDriver.py(127): click_Success->//*[@id="base_box"]/div/div[3]/form/button
[2021-03-17 09:33:31]cl_getDriver.py(127): click_Success->//*[@id="base_box"]/div/div[3]/form/button
[2021-03-17 09:33:34]cl_getDriver.py(127): click_Success->//*[@id="base_box"]/div/div[3]/form/button
[2021-03-17 09:33:34]cl_getDriver.py(72): Open NewTab->https://kabuoji3.com/stock/5208/1987/
[2021-03-17 09:33:34]main.py(42): finished Process->https://kabuoji3.com/stock/5142/
[2021-03-17 09:33:34]main.py(15): start_Process->https://kabuoji3.com/stock/6776/
[2021-03-17 09:33:35]cl_getDriver.py(127): click_Success->//*[@id="base_box"]/div/div[3]/form/button
[2021-03-17 09:33:37]cl_getDriver.py(127): click_Success->//*[@id="base_box"]/div/div[3]/form/button
[2021-03-17 09:33:37]cl_getDriver.py(72): Open NewTab->https://kabuoji3.com/stock/5208/1986/
[2021-03-17 09:33:39]cl_getDriver.py(127): click_Success->//*[@id="base_box"]/div/div[3]/form/button
[2021-03-17 09:33:40]cl_getDriver.py(64): getURL=https://kabuoji3.com/stock/6776/
[2021-03-17 09:33:40]cl_getDriver.py(72): Open NewTab->https://kabuoji3.com/stock/6776/
[2021-03-17 09:33:41]cl_getDriver.py(127): click_Success->//*[@id="base_box"]/div/div[3]/form/button
[2021-03-17 09:33:41]cl_getDriver.py(130): Not Found->//*[@id="base_box"]/div/div[3]/form/button
[2021-03-17 09:33:41]cl_getDriver.py(72): Open NewTab->https://kabuoji3.com/stock/5208/1985/
[2021-03-17 09:33:42]cl_getDriver.py(127): click_Success->//*[@id="base_box"]/div/div[3]/form/button
[2021-03-17 09:33:43]cl_getDriver.py(130): Not Found->//*[@id="base_box"]/div/div[3]/form/button
[2021-03-17 09:33:43]cl_getDriver.py(72): Open NewTab->https://kabuoji3.com/stock/6776/2021/
[2021-03-17 09:33:44]cl_getDriver.py(127): click_Success->//*[@id="base_box"]/div/div[3]/form/button
[2021-03-17 09:33:45]cl_getDriver.py(127): click_Success->//*[@id="base_box"]/div/div[3]/form/button
[2021-03-17 09:33:45]cl_getDriver.py(72): Open NewTab->https://kabuoji3.com/stock/5208/1984/
[2021-03-17 09:33:46]cl_getDriver.py(127): click_Success->//*[@id="base_box"]/div/div[3]/form/button
[2021-03-17 09:33:47]cl_getDriver.py(127): click_Success->//*[@id="base_box"]/div/div[3]/form/button
[2021-03-17 09:33:47]cl_getDriver.py(72): Open NewTab->https://kabuoji3.com/stock/6776/2020/
[2021-03-17 09:33:48]cl_getDriver.py(127): click_Success->//*[@id="base_box"]/div/div[3]/form/button
[2021-03-17 09:33:48]cl_getDriver.py(127): click_Success->//*[@id="base_box"]/div/div[3]/form/button
[2021-03-17 09:33:49]cl_getDriver.py(72): Open NewTab->https://kabuoji3.com/stock/5208/1983/
[2021-03-17 09:33:50]cl_getDriver.py(127): click_Success->//*[@id="base_box"]/div/div[3]/form/button
[2021-03-17 09:33:50]cl_getDriver.py(127): click_Success->//*[@id="base_box"]/div/div[3]/form/button
[2021-03-17 09:33:51]cl_getDriver.py(72): Open NewTab->https://kabuoji3.com/stock/6776/2019/
[2021-03-17 09:33:52]cl_getDriver.py(127): click_Success->//*[@id="base_box"]/div/div[3]/form/button
[2021-03-17 09:33:52]cl_getDriver.py(127): click_Success->//*[@id="base_box"]/div/div[3]/form/button
[2021-03-17 09:33:54]cl_getDriver.py(127): click_Success->//*[@id="base_box"]/div/div[3]/form/button
[2021-03-17 09:33:54]cl_getDriver.py(72): Open NewTab->https://kabuoji3.com/stock/6776/2018/
[2021-03-17 09:33:55]cl_getDriver.py(127): click_Success->//*[@id="base_box"]/div/div[3]/form/button
[2021-03-17 09:33:57]main.py(42): finished Process->https://kabuoji3.com/stock/5208/
[2021-03-17 09:33:57]main.py(15): start_Process->https://kabuoji3.com/stock/6988/
[2021-03-17 09:33:58]cl_getDriver.py(127): click_Success->//*[@id="base_box"]/div/div[3]/form/button
[2021-03-17 09:33:58]cl_getDriver.py(72): Open NewTab->https://kabuoji3.com/stock/6776/2017/
[2021-03-17 09:34:00]cl_getDriver.py(127): click_Success->//*[@id="base_box"]/div/div[3]/form/button
[2021-03-17 09:34:02]cl_getDriver.py(64): getURL=https://kabuoji3.com/stock/6988/
[2021-03-17 09:34:02]cl_getDriver.py(72): Open NewTab->https://kabuoji3.com/stock/6988/
[2021-03-17 09:34:03]cl_getDriver.py(127): click_Success->//*[@id="base_box"]/div/div[3]/form/button
[2021-03-17 09:34:03]cl_getDriver.py(72): Open NewTab->https://kabuoji3.com/stock/6776/2016/
[2021-03-17 09:34:03]cl_getDriver.py(130): Not Found->//*[@id="base_box"]/div/div[3]/form/button
[2021-03-17 09:34:04]cl_getDriver.py(127): click_Success->//*[@id="base_box"]/div/div[3]/form/button
[2021-03-17 09:34:05]cl_getDriver.py(130): Not Found->//*[@id="base_box"]/div/div[3]/form/button
[2021-03-17 09:34:05]cl_getDriver.py(72): Open NewTab->https://kabuoji3.com/stock/6988/2021/
[2021-03-17 09:34:06]cl_getDriver.py(127): click_Success->//*[@id="base_box"]/div/div[3]/form/button
[2021-03-17 09:34:07]cl_getDriver.py(127): click_Success->//*[@id="base_box"]/div/div[3]/form/button
[2021-03-17 09:34:07]cl_getDriver.py(72): Open NewTab->https://kabuoji3.com/stock/6776/2015/
[2021-03-17 09:34:08]cl_getDriver.py(127): click_Success->//*[@id="base_box"]/div/div[3]/form/button
[2021-03-17 09:34:09]cl_getDriver.py(127): click_Success->//*[@id="base_box"]/div/div[3]/form/button
[2021-03-17 09:34:09]cl_getDriver.py(72): Open NewTab->https://kabuoji3.com/stock/6988/2020/
[2021-03-17 09:34:10]cl_getDriver.py(127): click_Success->//*[@id="base_box"]/div/div[3]/form/button
[2021-03-17 09:34:11]cl_getDriver.py(72): Open NewTab->https://kabuoji3.com/stock/6776/2014/
[2021-03-17 09:34:11]cl_getDriver.py(127): click_Success->//*[@id="base_box"]/div/div[3]/form/button
[2021-03-17 09:34:12]cl_getDriver.py(127): click_Success->//*[@id="base_box"]/div/div[3]/form/button
[2021-03-17 09:34:13]cl_getDriver.py(127): click_Success->//*[@id="base_box"]/div/div[3]/form/button
[2021-03-17 09:34:13]cl_getDriver.py(72): Open NewTab->https://kabuoji3.com/stock/6988/2019/
[2021-03-17 09:34:14]cl_getDriver.py(127): click_Success->//*[@id="base_box"]/div/div[3]/form/button
[2021-03-17 09:34:15]cl_getDriver.py(72): Open NewTab->https://kabuoji3.com/stock/6776/2013/
[2021-03-17 09:34:15]cl_getDriver.py(127): click_Success->//*[@id="base_box"]/div/div[3]/form/button
[2021-03-17 09:34:16]cl_getDriver.py(127): click_Success->//*[@id="base_box"]/div/div[3]/form/button
[2021-03-17 09:34:17]cl_getDriver.py(127): click_Success->//*[@id="base_box"]/div/div[3]/form/button
[2021-03-17 09:34:18]cl_getDriver.py(72): Open NewTab->https://kabuoji3.com/stock/6988/2018/
[2021-03-17 09:34:18]cl_getDriver.py(127): click_Success->//*[@id="base_box"]/div/div[3]/form/button
[2021-03-17 09:34:18]cl_getDriver.py(72): Open NewTab->https://kabuoji3.com/stock/6776/2012/
[2021-03-17 09:34:19]cl_getDriver.py(127): click_Success->//*[@id="base_box"]/div/div[3]/form/button
[2021-03-17 09:34:20]cl_getDriver.py(127): click_Success->//*[@id="base_box"]/div/div[3]/form/button
[2021-03-17 09:34:22]cl_getDriver.py(127): click_Success->//*[@id="base_box"]/div/div[3]/form/button
[2021-03-17 09:34:22]cl_getDriver.py(72): Open NewTab->https://kabuoji3.com/stock/6988/2017/
[2021-03-17 09:34:22]cl_getDriver.py(127): click_Success->//*[@id="base_box"]/div/div[3]/form/button
[2021-03-17 09:34:23]cl_getDriver.py(72): Open NewTab->https://kabuoji3.com/stock/6776/2011/
[2021-03-17 09:34:24]cl_getDriver.py(127): click_Success->//*[@id="base_box"]/div/div[3]/form/button
[2021-03-17 09:34:24]cl_getDriver.py(127): click_Success->//*[@id="base_box"]/div/div[3]/form/button
[2021-03-17 09:34:26]cl_getDriver.py(127): click_Success->//*[@id="base_box"]/div/div[3]/form/button
[2021-03-17 09:34:26]cl_getDriver.py(72): Open NewTab->https://kabuoji3.com/stock/6988/2016/
[2021-03-17 09:34:27]cl_getDriver.py(127): click_Success->//*[@id="base_box"]/div/div[3]/form/button
[2021-03-17 09:34:27]cl_getDriver.py(72): Open NewTab->https://kabuoji3.com/stock/6776/2010/
[2021-03-17 09:34:28]cl_getDriver.py(127): click_Success->//*[@id="base_box"]/div/div[3]/form/button
[2021-03-17 09:34:29]cl_getDriver.py(127): click_Success->//*[@id="base_box"]/div/div[3]/form/button
[2021-03-17 09:34:30]cl_getDriver.py(127): click_Success->//*[@id="base_box"]/div/div[3]/form/button
[2021-03-17 09:34:30]cl_getDriver.py(72): Open NewTab->https://kabuoji3.com/stock/6988/2015/
[2021-03-17 09:34:31]cl_getDriver.py(127): click_Success->//*[@id="base_box"]/div/div[3]/form/button
[2021-03-17 09:34:32]cl_getDriver.py(72): Open NewTab->https://kabuoji3.com/stock/6776/2009/
[2021-03-17 09:34:32]cl_getDriver.py(127): click_Success->//*[@id="base_box"]/div/div[3]/form/button
[2021-03-17 09:34:33]cl_getDriver.py(127): click_Success->//*[@id="base_box"]/div/div[3]/form/button
[2021-03-17 09:34:34]cl_getDriver.py(127): click_Success->//*[@id="base_box"]/div/div[3]/form/button
[2021-03-17 09:34:34]cl_getDriver.py(72): Open NewTab->https://kabuoji3.com/stock/6988/2014/
[2021-03-17 09:34:35]cl_getDriver.py(127): click_Success->//*[@id="base_box"]/div/div[3]/form/button
[2021-03-17 09:34:35]cl_getDriver.py(72): Open NewTab->https://kabuoji3.com/stock/6776/2008/
[2021-03-17 09:34:36]cl_getDriver.py(127): click_Success->//*[@id="base_box"]/div/div[3]/form/button
[2021-03-17 09:34:38]cl_getDriver.py(127): click_Success->//*[@id="base_box"]/div/div[3]/form/button
[2021-03-17 09:34:38]cl_getDriver.py(127): click_Success->//*[@id="base_box"]/div/div[3]/form/button
[2021-03-17 09:34:38]cl_getDriver.py(72): Open NewTab->https://kabuoji3.com/stock/6988/2013/
[2021-03-17 09:34:39]cl_getDriver.py(127): click_Success->//*[@id="base_box"]/div/div[3]/form/button
[2021-03-17 09:34:40]cl_getDriver.py(127): click_Success->//*[@id="base_box"]/div/div[3]/form/button
[2021-03-17 09:34:40]cl_getDriver.py(72): Open NewTab->https://kabuoji3.com/stock/6776/2007/
[2021-03-17 09:34:41]cl_getDriver.py(127): click_Success->//*[@id="base_box"]/div/div[3]/form/button
[2021-03-17 09:34:42]cl_getDriver.py(72): Open NewTab->https://kabuoji3.com/stock/6988/2012/
[2021-03-17 09:34:42]cl_getDriver.py(127): click_Success->//*[@id="base_box"]/div/div[3]/form/button
[2021-03-17 09:34:43]cl_getDriver.py(127): click_Success->//*[@id="base_box"]/div/div[3]/form/button
[2021-03-17 09:34:44]cl_getDriver.py(127): click_Success->//*[@id="base_box"]/div/div[3]/form/button
[2021-03-17 09:34:45]cl_getDriver.py(72): Open NewTab->https://kabuoji3.com/stock/6776/2006/
[2021-03-17 09:34:46]cl_getDriver.py(127): click_Success->//*[@id="base_box"]/div/div[3]/form/button
[2021-03-17 09:34:46]cl_getDriver.py(127): click_Success->//*[@id="base_box"]/div/div[3]/form/button
[2021-03-17 09:34:46]cl_getDriver.py(72): Open NewTab->https://kabuoji3.com/stock/6988/2011/
[2021-03-17 09:34:47]cl_getDriver.py(127): click_Success->//*[@id="base_box"]/div/div[3]/form/button
[2021-03-17 09:34:48]cl_getDriver.py(127): click_Success->//*[@id="base_box"]/div/div[3]/form/button
[2021-03-17 09:34:49]cl_getDriver.py(72): Open NewTab->https://kabuoji3.com/stock/6776/2005/
[2021-03-17 09:34:50]cl_getDriver.py(127): click_Success->//*[@id="base_box"]/div/div[3]/form/button
[2021-03-17 09:34:50]cl_getDriver.py(127): click_Success->//*[@id="base_box"]/div/div[3]/form/button
[2021-03-17 09:34:50]cl_getDriver.py(72): Open NewTab->https://kabuoji3.com/stock/6988/2010/
[2021-03-17 09:34:51]cl_getDriver.py(127): click_Success->//*[@id="base_box"]/div/div[3]/form/button
[2021-03-17 09:34:52]cl_getDriver.py(127): click_Success->//*[@id="base_box"]/div/div[3]/form/button
[2021-03-17 09:34:52]cl_getDriver.py(72): Open NewTab->https://kabuoji3.com/stock/6776/2004/
[2021-03-17 09:34:53]cl_getDriver.py(127): click_Success->//*[@id="base_box"]/div/div[3]/form/button
[2021-03-17 09:34:54]cl_getDriver.py(127): click_Success->//*[@id="base_box"]/div/div[3]/form/button
[2021-03-17 09:34:54]cl_getDriver.py(72): Open NewTab->https://kabuoji3.com/stock/6988/2009/
[2021-03-17 09:34:55]cl_getDriver.py(127): click_Success->//*[@id="base_box"]/div/div[3]/form/button
[2021-03-17 09:34:56]cl_getDriver.py(127): click_Success->//*[@id="base_box"]/div/div[3]/form/button
[2021-03-17 09:34:56]cl_getDriver.py(72): Open NewTab->https://kabuoji3.com/stock/6776/2003/
[2021-03-17 09:34:57]cl_getDriver.py(127): click_Success->//*[@id="base_box"]/div/div[3]/form/button
[2021-03-17 09:34:58]cl_getDriver.py(127): click_Success->//*[@id="base_box"]/div/div[3]/form/button
[2021-03-17 09:34:58]cl_getDriver.py(72): Open NewTab->https://kabuoji3.com/stock/6988/2008/
[2021-03-17 09:34:59]cl_getDriver.py(127): click_Success->//*[@id="base_box"]/div/div[3]/form/button
[2021-03-17 09:34:59]cl_getDriver.py(127): click_Success->//*[@id="base_box"]/div/div[3]/form/button
[2021-03-17 09:35:00]cl_getDriver.py(72): Open NewTab->https://kabuoji3.com/stock/6776/2002/
[2021-03-17 09:35:01]cl_getDriver.py(127): click_Success->//*[@id="base_box"]/div/div[3]/form/button
[2021-03-17 09:35:02]cl_getDriver.py(127): click_Success->//*[@id="base_box"]/div/div[3]/form/button
[2021-03-17 09:35:02]cl_getDriver.py(72): Open NewTab->https://kabuoji3.com/stock/6988/2007/
[2021-03-17 09:35:03]cl_getDriver.py(127): click_Success->//*[@id="base_box"]/div/div[3]/form/button
[2021-03-17 09:35:04]cl_getDriver.py(127): click_Success->//*[@id="base_box"]/div/div[3]/form/button
[2021-03-17 09:35:04]cl_getDriver.py(72): Open NewTab->https://kabuoji3.com/stock/6776/2001/
[2021-03-17 09:35:05]cl_getDriver.py(127): click_Success->//*[@id="base_box"]/div/div[3]/form/button
[2021-03-17 09:35:05]cl_getDriver.py(127): click_Success->//*[@id="base_box"]/div/div[3]/form/button
[2021-03-17 09:35:06]cl_getDriver.py(72): Open NewTab->https://kabuoji3.com/stock/6988/2006/
[2021-03-17 09:35:07]cl_getDriver.py(127): click_Success->//*[@id="base_box"]/div/div[3]/form/button
[2021-03-17 09:35:07]cl_getDriver.py(127): click_Success->//*[@id="base_box"]/div/div[3]/form/button
[2021-03-17 09:35:07]cl_getDriver.py(72): Open NewTab->https://kabuoji3.com/stock/6776/2000/
[2021-03-17 09:35:09]cl_getDriver.py(127): click_Success->//*[@id="base_box"]/div/div[3]/form/button
[2021-03-17 09:35:09]cl_getDriver.py(127): click_Success->//*[@id="base_box"]/div/div[3]/form/button
[2021-03-17 09:35:09]cl_getDriver.py(72): Open NewTab->https://kabuoji3.com/stock/6988/2005/
[2021-03-17 09:35:10]cl_getDriver.py(127): click_Success->//*[@id="base_box"]/div/div[3]/form/button
[2021-03-17 09:35:11]cl_getDriver.py(127): click_Success->//*[@id="base_box"]/div/div[3]/form/button
[2021-03-17 09:35:11]cl_getDriver.py(72): Open NewTab->https://kabuoji3.com/stock/6776/1999/
[2021-03-17 09:35:13]cl_getDriver.py(127): click_Success->//*[@id="base_box"]/div/div[3]/form/button
[2021-03-17 09:35:13]cl_getDriver.py(72): Open NewTab->https://kabuoji3.com/stock/6988/2004/
[2021-03-17 09:35:14]cl_getDriver.py(127): click_Success->//*[@id="base_box"]/div/div[3]/form/button
[2021-03-17 09:35:15]cl_getDriver.py(127): click_Success->//*[@id="base_box"]/div/div[3]/form/button
[2021-03-17 09:35:17]cl_getDriver.py(127): click_Success->//*[@id="base_box"]/div/div[3]/form/button
[2021-03-17 09:35:17]cl_getDriver.py(127): click_Success->//*[@id="base_box"]/div/div[3]/form/button
[2021-03-17 09:35:17]cl_getDriver.py(72): Open NewTab->https://kabuoji3.com/stock/6776/1998/
[2021-03-17 09:35:17]cl_getDriver.py(72): Open NewTab->https://kabuoji3.com/stock/6988/2003/
[2021-03-17 09:35:19]cl_getDriver.py(127): click_Success->//*[@id="base_box"]/div/div[3]/form/button
[2021-03-17 09:35:19]cl_getDriver.py(127): click_Success->//*[@id="base_box"]/div/div[3]/form/button
[2021-03-17 09:35:21]cl_getDriver.py(127): click_Success->//*[@id="base_box"]/div/div[3]/form/button
[2021-03-17 09:35:21]cl_getDriver.py(72): Open NewTab->https://kabuoji3.com/stock/6988/2002/
[2021-03-17 09:35:21]cl_getDriver.py(127): click_Success->//*[@id="base_box"]/div/div[3]/form/button
[2021-03-17 09:35:22]cl_getDriver.py(72): Open NewTab->https://kabuoji3.com/stock/6776/1997/
[2021-03-17 09:35:23]cl_getDriver.py(127): click_Success->//*[@id="base_box"]/div/div[3]/form/button
[2021-03-17 09:35:23]cl_getDriver.py(127): click_Success->//*[@id="base_box"]/div/div[3]/form/button
[2021-03-17 09:35:25]cl_getDriver.py(127): click_Success->//*[@id="base_box"]/div/div[3]/form/button
[2021-03-17 09:35:25]cl_getDriver.py(127): click_Success->//*[@id="base_box"]/div/div[3]/form/button
[2021-03-17 09:35:26]cl_getDriver.py(72): Open NewTab->https://kabuoji3.com/stock/6988/2001/
[2021-03-17 09:35:26]cl_getDriver.py(72): Open NewTab->https://kabuoji3.com/stock/6776/1996/
[2021-03-17 09:35:27]cl_getDriver.py(127): click_Success->//*[@id="base_box"]/div/div[3]/form/button
[2021-03-17 09:35:27]cl_getDriver.py(127): click_Success->//*[@id="base_box"]/div/div[3]/form/button
[2021-03-17 09:35:29]cl_getDriver.py(127): click_Success->//*[@id="base_box"]/div/div[3]/form/button
[2021-03-17 09:35:29]cl_getDriver.py(127): click_Success->//*[@id="base_box"]/div/div[3]/form/button
[2021-03-17 09:35:30]cl_getDriver.py(72): Open NewTab->https://kabuoji3.com/stock/6776/1995/
[2021-03-17 09:35:30]cl_getDriver.py(72): Open NewTab->https://kabuoji3.com/stock/6988/2000/
[2021-03-17 09:35:31]cl_getDriver.py(127): click_Success->//*[@id="base_box"]/div/div[3]/form/button
[2021-03-17 09:35:32]cl_getDriver.py(127): click_Success->//*[@id="base_box"]/div/div[3]/form/button
[2021-03-17 09:35:34]cl_getDriver.py(127): click_Success->//*[@id="base_box"]/div/div[3]/form/button
[2021-03-17 09:35:34]cl_getDriver.py(127): click_Success->//*[@id="base_box"]/div/div[3]/form/button
[2021-03-17 09:35:34]cl_getDriver.py(72): Open NewTab->https://kabuoji3.com/stock/6988/1999/
[2021-03-17 09:35:35]cl_getDriver.py(72): Open NewTab->https://kabuoji3.com/stock/6776/1994/
[2021-03-17 09:35:36]cl_getDriver.py(127): click_Success->//*[@id="base_box"]/div/div[3]/form/button
[2021-03-17 09:35:36]cl_getDriver.py(127): click_Success->//*[@id="base_box"]/div/div[3]/form/button
[2021-03-17 09:35:38]cl_getDriver.py(127): click_Success->//*[@id="base_box"]/div/div[3]/form/button
[2021-03-17 09:35:39]cl_getDriver.py(127): click_Success->//*[@id="base_box"]/div/div[3]/form/button
[2021-03-17 09:35:39]cl_getDriver.py(72): Open NewTab->https://kabuoji3.com/stock/6988/1998/
[2021-03-17 09:35:39]cl_getDriver.py(72): Open NewTab->https://kabuoji3.com/stock/6776/1993/
[2021-03-17 09:35:40]cl_getDriver.py(127): click_Success->//*[@id="base_box"]/div/div[3]/form/button
[2021-03-17 09:35:40]cl_getDriver.py(127): click_Success->//*[@id="base_box"]/div/div[3]/form/button
[2021-03-17 09:35:43]cl_getDriver.py(127): click_Success->//*[@id="base_box"]/div/div[3]/form/button
[2021-03-17 09:35:43]cl_getDriver.py(127): click_Success->//*[@id="base_box"]/div/div[3]/form/button
[2021-03-17 09:35:43]cl_getDriver.py(72): Open NewTab->https://kabuoji3.com/stock/6988/1997/
[2021-03-17 09:35:43]cl_getDriver.py(72): Open NewTab->https://kabuoji3.com/stock/6776/1992/
[2021-03-17 09:35:45]cl_getDriver.py(127): click_Success->//*[@id="base_box"]/div/div[3]/form/button
[2021-03-17 09:35:46]cl_getDriver.py(127): click_Success->//*[@id="base_box"]/div/div[3]/form/button
[2021-03-17 09:35:47]cl_getDriver.py(127): click_Success->//*[@id="base_box"]/div/div[3]/form/button
[2021-03-17 09:35:47]cl_getDriver.py(72): Open NewTab->https://kabuoji3.com/stock/6776/1991/
[2021-03-17 09:35:48]cl_getDriver.py(127): click_Success->//*[@id="base_box"]/div/div[3]/form/button
[2021-03-17 09:35:48]cl_getDriver.py(127): click_Success->//*[@id="base_box"]/div/div[3]/form/button
[2021-03-17 09:35:49]cl_getDriver.py(72): Open NewTab->https://kabuoji3.com/stock/6988/1996/
[2021-03-17 09:35:50]cl_getDriver.py(127): click_Success->//*[@id="base_box"]/div/div[3]/form/button
[2021-03-17 09:35:51]cl_getDriver.py(127): click_Success->//*[@id="base_box"]/div/div[3]/form/button
[2021-03-17 09:35:51]cl_getDriver.py(72): Open NewTab->https://kabuoji3.com/stock/6776/1990/
[2021-03-17 09:35:52]cl_getDriver.py(127): click_Success->//*[@id="base_box"]/div/div[3]/form/button
[2021-03-17 09:35:53]cl_getDriver.py(127): click_Success->//*[@id="base_box"]/div/div[3]/form/button
[2021-03-17 09:35:53]cl_getDriver.py(72): Open NewTab->https://kabuoji3.com/stock/6988/1995/
[2021-03-17 09:35:54]cl_getDriver.py(127): click_Success->//*[@id="base_box"]/div/div[3]/form/button
[2021-03-17 09:35:55]cl_getDriver.py(127): click_Success->//*[@id="base_box"]/div/div[3]/form/button
[2021-03-17 09:35:55]cl_getDriver.py(72): Open NewTab->https://kabuoji3.com/stock/6776/1989/
[2021-03-17 09:35:56]cl_getDriver.py(127): click_Success->//*[@id="base_box"]/div/div[3]/form/button
[2021-03-17 09:35:56]cl_getDriver.py(72): Open NewTab->https://kabuoji3.com/stock/6988/1994/
[2021-03-17 09:35:56]cl_getDriver.py(127): click_Success->//*[@id="base_box"]/div/div[3]/form/button
[2021-03-17 09:35:58]cl_getDriver.py(127): click_Success->//*[@id="base_box"]/div/div[3]/form/button
[2021-03-17 09:35:59]cl_getDriver.py(127): click_Success->//*[@id="base_box"]/div/div[3]/form/button
[2021-03-17 09:35:59]cl_getDriver.py(72): Open NewTab->https://kabuoji3.com/stock/6776/1988/
[2021-03-17 09:36:00]cl_getDriver.py(127): click_Success->//*[@id="base_box"]/div/div[3]/form/button
[2021-03-17 09:36:00]cl_getDriver.py(72): Open NewTab->https://kabuoji3.com/stock/6988/1993/
[2021-03-17 09:36:01]cl_getDriver.py(127): click_Success->//*[@id="base_box"]/div/div[3]/form/button
[2021-03-17 09:36:02]cl_getDriver.py(127): click_Success->//*[@id="base_box"]/div/div[3]/form/button
[2021-03-17 09:36:03]cl_getDriver.py(127): click_Success->//*[@id="base_box"]/div/div[3]/form/button
[2021-03-17 09:36:04]cl_getDriver.py(72): Open NewTab->https://kabuoji3.com/stock/6776/1987/
[2021-03-17 09:36:04]cl_getDriver.py(127): click_Success->//*[@id="base_box"]/div/div[3]/form/button
[2021-03-17 09:36:04]cl_getDriver.py(72): Open NewTab->https://kabuoji3.com/stock/6988/1992/
[2021-03-17 09:36:05]cl_getDriver.py(127): click_Success->//*[@id="base_box"]/div/div[3]/form/button
[2021-03-17 09:36:06]cl_getDriver.py(127): click_Success->//*[@id="base_box"]/div/div[3]/form/button
[2021-03-17 09:36:07]cl_getDriver.py(127): click_Success->//*[@id="base_box"]/div/div[3]/form/button
[2021-03-17 09:36:08]cl_getDriver.py(72): Open NewTab->https://kabuoji3.com/stock/6776/1986/
[2021-03-17 09:36:08]cl_getDriver.py(127): click_Success->//*[@id="base_box"]/div/div[3]/form/button
[2021-03-17 09:36:08]cl_getDriver.py(72): Open NewTab->https://kabuoji3.com/stock/6988/1991/
[2021-03-17 09:36:09]cl_getDriver.py(127): click_Success->//*[@id="base_box"]/div/div[3]/form/button
[2021-03-17 09:36:10]cl_getDriver.py(127): click_Success->//*[@id="base_box"]/div/div[3]/form/button
[2021-03-17 09:36:12]cl_getDriver.py(127): click_Success->//*[@id="base_box"]/div/div[3]/form/button
[2021-03-17 09:36:12]cl_getDriver.py(72): Open NewTab->https://kabuoji3.com/stock/6776/1985/
[2021-03-17 09:36:12]cl_getDriver.py(127): click_Success->//*[@id="base_box"]/div/div[3]/form/button
[2021-03-17 09:36:13]cl_getDriver.py(72): Open NewTab->https://kabuoji3.com/stock/6988/1990/
[2021-03-17 09:36:13]cl_getDriver.py(127): click_Success->//*[@id="base_box"]/div/div[3]/form/button
[2021-03-17 09:36:14]cl_getDriver.py(127): click_Success->//*[@id="base_box"]/div/div[3]/form/button
[2021-03-17 09:36:16]cl_getDriver.py(127): click_Success->//*[@id="base_box"]/div/div[3]/form/button
[2021-03-17 09:36:16]cl_getDriver.py(72): Open NewTab->https://kabuoji3.com/stock/6776/1984/
[2021-03-17 09:36:16]cl_getDriver.py(127): click_Success->//*[@id="base_box"]/div/div[3]/form/button
[2021-03-17 09:36:17]cl_getDriver.py(72): Open NewTab->https://kabuoji3.com/stock/6988/1989/
[2021-03-17 09:36:18]cl_getDriver.py(127): click_Success->//*[@id="base_box"]/div/div[3]/form/button
[2021-03-17 09:36:18]cl_getDriver.py(127): click_Success->//*[@id="base_box"]/div/div[3]/form/button
[2021-03-17 09:36:20]cl_getDriver.py(127): click_Success->//*[@id="base_box"]/div/div[3]/form/button
[2021-03-17 09:36:20]cl_getDriver.py(72): Open NewTab->https://kabuoji3.com/stock/6776/1983/
[2021-03-17 09:36:20]cl_getDriver.py(127): click_Success->//*[@id="base_box"]/div/div[3]/form/button
[2021-03-17 09:36:21]cl_getDriver.py(72): Open NewTab->https://kabuoji3.com/stock/6988/1988/
[2021-03-17 09:36:22]cl_getDriver.py(127): click_Success->//*[@id="base_box"]/div/div[3]/form/button
[2021-03-17 09:36:22]cl_getDriver.py(127): click_Success->//*[@id="base_box"]/div/div[3]/form/button
[2021-03-17 09:36:24]cl_getDriver.py(127): click_Success->//*[@id="base_box"]/div/div[3]/form/button
[2021-03-17 09:36:24]cl_getDriver.py(127): click_Success->//*[@id="base_box"]/div/div[3]/form/button
[2021-03-17 09:36:25]cl_getDriver.py(72): Open NewTab->https://kabuoji3.com/stock/6988/1987/
[2021-03-17 09:36:26]cl_getDriver.py(127): click_Success->//*[@id="base_box"]/div/div[3]/form/button
[2021-03-17 09:36:28]cl_getDriver.py(127): click_Success->//*[@id="base_box"]/div/div[3]/form/button
[2021-03-17 09:36:29]cl_getDriver.py(72): Open NewTab->https://kabuoji3.com/stock/6988/1986/
[2021-03-17 09:36:29]main.py(42): finished Process->https://kabuoji3.com/stock/6776/
[2021-03-17 09:36:29]main.py(15): start_Process->https://kabuoji3.com/stock/7871/
[2021-03-17 09:36:30]cl_getDriver.py(127): click_Success->//*[@id="base_box"]/div/div[3]/form/button
[2021-03-17 09:36:32]cl_getDriver.py(127): click_Success->//*[@id="base_box"]/div/div[3]/form/button
[2021-03-17 09:36:33]cl_getDriver.py(72): Open NewTab->https://kabuoji3.com/stock/6988/1985/
[2021-03-17 09:36:34]cl_getDriver.py(127): click_Success->//*[@id="base_box"]/div/div[3]/form/button
[2021-03-17 09:36:34]cl_getDriver.py(64): getURL=https://kabuoji3.com/stock/7871/
[2021-03-17 09:36:35]cl_getDriver.py(72): Open NewTab->https://kabuoji3.com/stock/7871/
[2021-03-17 09:36:35]cl_getDriver.py(130): Not Found->//*[@id="base_box"]/div/div[3]/form/button
[2021-03-17 09:36:36]cl_getDriver.py(127): click_Success->//*[@id="base_box"]/div/div[3]/form/button
[2021-03-17 09:36:37]cl_getDriver.py(72): Open NewTab->https://kabuoji3.com/stock/6988/1984/
[2021-03-17 09:36:37]cl_getDriver.py(130): Not Found->//*[@id="base_box"]/div/div[3]/form/button
[2021-03-17 09:36:38]cl_getDriver.py(72): Open NewTab->https://kabuoji3.com/stock/7871/2021/
[2021-03-17 09:36:38]cl_getDriver.py(127): click_Success->//*[@id="base_box"]/div/div[3]/form/button
[2021-03-17 09:36:39]cl_getDriver.py(127): click_Success->//*[@id="base_box"]/div/div[3]/form/button
[2021-03-17 09:36:40]cl_getDriver.py(127): click_Success->//*[@id="base_box"]/div/div[3]/form/button
[2021-03-17 09:36:40]cl_getDriver.py(72): Open NewTab->https://kabuoji3.com/stock/6988/1983/
[2021-03-17 09:36:41]cl_getDriver.py(127): click_Success->//*[@id="base_box"]/div/div[3]/form/button
[2021-03-17 09:36:41]cl_getDriver.py(72): Open NewTab->https://kabuoji3.com/stock/7871/2020/
[2021-03-17 09:36:42]cl_getDriver.py(127): click_Success->//*[@id="base_box"]/div/div[3]/form/button
[2021-03-17 09:36:42]cl_getDriver.py(127): click_Success->//*[@id="base_box"]/div/div[3]/form/button
[2021-03-17 09:36:44]cl_getDriver.py(127): click_Success->//*[@id="base_box"]/div/div[3]/form/button
[2021-03-17 09:36:45]cl_getDriver.py(127): click_Success->//*[@id="base_box"]/div/div[3]/form/button
[2021-03-17 09:36:45]cl_getDriver.py(72): Open NewTab->https://kabuoji3.com/stock/7871/2019/
[2021-03-17 09:36:46]cl_getDriver.py(127): click_Success->//*[@id="base_box"]/div/div[3]/form/button
[2021-03-17 09:36:48]main.py(42): finished Process->https://kabuoji3.com/stock/6988/
[2021-03-17 09:36:48]main.py(15): start_Process->https://kabuoji3.com/stock/7874/
[2021-03-17 09:36:48]cl_getDriver.py(127): click_Success->//*[@id="base_box"]/div/div[3]/form/button
[2021-03-17 09:36:48]cl_getDriver.py(72): Open NewTab->https://kabuoji3.com/stock/7871/2018/
[2021-03-17 09:36:50]cl_getDriver.py(127): click_Success->//*[@id="base_box"]/div/div[3]/form/button
[2021-03-17 09:36:52]cl_getDriver.py(127): click_Success->//*[@id="base_box"]/div/div[3]/form/button
[2021-03-17 09:36:52]cl_getDriver.py(72): Open NewTab->https://kabuoji3.com/stock/7871/2017/
[2021-03-17 09:36:53]cl_getDriver.py(127): click_Success->//*[@id="base_box"]/div/div[3]/form/button
[2021-03-17 09:36:54]cl_getDriver.py(64): getURL=https://kabuoji3.com/stock/7874/
[2021-03-17 09:36:54]cl_getDriver.py(72): Open NewTab->https://kabuoji3.com/stock/7874/
[2021-03-17 09:36:55]cl_getDriver.py(130): Not Found->//*[@id="base_box"]/div/div[3]/form/button
[2021-03-17 09:36:56]cl_getDriver.py(127): click_Success->//*[@id="base_box"]/div/div[3]/form/button
[2021-03-17 09:36:56]cl_getDriver.py(72): Open NewTab->https://kabuoji3.com/stock/7871/2016/
[2021-03-17 09:36:57]cl_getDriver.py(127): click_Success->//*[@id="base_box"]/div/div[3]/form/button
[2021-03-17 09:36:57]cl_getDriver.py(130): Not Found->//*[@id="base_box"]/div/div[3]/form/button
[2021-03-17 09:36:57]cl_getDriver.py(72): Open NewTab->https://kabuoji3.com/stock/7874/2021/
[2021-03-17 09:36:58]cl_getDriver.py(127): click_Success->//*[@id="base_box"]/div/div[3]/form/button
[2021-03-17 09:36:59]cl_getDriver.py(127): click_Success->//*[@id="base_box"]/div/div[3]/form/button
[2021-03-17 09:36:59]cl_getDriver.py(72): Open NewTab->https://kabuoji3.com/stock/7871/2015/
[2021-03-17 09:37:01]cl_getDriver.py(127): click_Success->//*[@id="base_box"]/div/div[3]/form/button
[2021-03-17 09:37:01]cl_getDriver.py(72): Open NewTab->https://kabuoji3.com/stock/7874/2020/
[2021-03-17 09:37:01]cl_getDriver.py(127): click_Success->//*[@id="base_box"]/div/div[3]/form/button
[2021-03-17 09:37:02]cl_getDriver.py(127): click_Success->//*[@id="base_box"]/div/div[3]/form/button
[2021-03-17 09:37:03]cl_getDriver.py(127): click_Success->//*[@id="base_box"]/div/div[3]/form/button
[2021-03-17 09:37:04]cl_getDriver.py(72): Open NewTab->https://kabuoji3.com/stock/7871/2014/
[2021-03-17 09:37:04]cl_getDriver.py(127): click_Success->//*[@id="base_box"]/div/div[3]/form/button
[2021-03-17 09:37:05]cl_getDriver.py(72): Open NewTab->https://kabuoji3.com/stock/7874/2019/
[2021-03-17 09:37:05]cl_getDriver.py(127): click_Success->//*[@id="base_box"]/div/div[3]/form/button
[2021-03-17 09:37:06]cl_getDriver.py(127): click_Success->//*[@id="base_box"]/div/div[3]/form/button
[2021-03-17 09:37:07]cl_getDriver.py(127): click_Success->//*[@id="base_box"]/div/div[3]/form/button
[2021-03-17 09:37:08]cl_getDriver.py(72): Open NewTab->https://kabuoji3.com/stock/7871/2013/
[2021-03-17 09:37:08]cl_getDriver.py(127): click_Success->//*[@id="base_box"]/div/div[3]/form/button
[2021-03-17 09:37:09]cl_getDriver.py(72): Open NewTab->https://kabuoji3.com/stock/7874/2018/
[2021-03-17 09:37:09]cl_getDriver.py(127): click_Success->//*[@id="base_box"]/div/div[3]/form/button
[2021-03-17 09:37:10]cl_getDriver.py(127): click_Success->//*[@id="base_box"]/div/div[3]/form/button
[2021-03-17 09:37:11]cl_getDriver.py(127): click_Success->//*[@id="base_box"]/div/div[3]/form/button
[2021-03-17 09:37:12]cl_getDriver.py(72): Open NewTab->https://kabuoji3.com/stock/7871/2012/
[2021-03-17 09:37:12]cl_getDriver.py(127): click_Success->//*[@id="base_box"]/div/div[3]/form/button
[2021-03-17 09:37:13]cl_getDriver.py(72): Open NewTab->https://kabuoji3.com/stock/7874/2017/
[2021-03-17 09:37:13]cl_getDriver.py(127): click_Success->//*[@id="base_box"]/div/div[3]/form/button
[2021-03-17 09:37:14]cl_getDriver.py(127): click_Success->//*[@id="base_box"]/div/div[3]/form/button
[2021-03-17 09:37:15]cl_getDriver.py(127): click_Success->//*[@id="base_box"]/div/div[3]/form/button
[2021-03-17 09:37:15]cl_getDriver.py(72): Open NewTab->https://kabuoji3.com/stock/7871/2011/
[2021-03-17 09:37:16]cl_getDriver.py(127): click_Success->//*[@id="base_box"]/div/div[3]/form/button
[2021-03-17 09:37:17]cl_getDriver.py(127): click_Success->//*[@id="base_box"]/div/div[3]/form/button
[2021-03-17 09:37:17]cl_getDriver.py(72): Open NewTab->https://kabuoji3.com/stock/7874/2016/
[2021-03-17 09:37:18]cl_getDriver.py(127): click_Success->//*[@id="base_box"]/div/div[3]/form/button
[2021-03-17 09:37:19]cl_getDriver.py(127): click_Success->//*[@id="base_box"]/div/div[3]/form/button
[2021-03-17 09:37:20]cl_getDriver.py(72): Open NewTab->https://kabuoji3.com/stock/7871/2010/
[2021-03-17 09:37:21]cl_getDriver.py(127): click_Success->//*[@id="base_box"]/div/div[3]/form/button
[2021-03-17 09:37:21]cl_getDriver.py(127): click_Success->//*[@id="base_box"]/div/div[3]/form/button
[2021-03-17 09:37:21]cl_getDriver.py(72): Open NewTab->https://kabuoji3.com/stock/7874/2015/
[2021-03-17 09:37:22]cl_getDriver.py(127): click_Success->//*[@id="base_box"]/div/div[3]/form/button
[2021-03-17 09:37:23]cl_getDriver.py(127): click_Success->//*[@id="base_box"]/div/div[3]/form/button
[2021-03-17 09:37:23]cl_getDriver.py(72): Open NewTab->https://kabuoji3.com/stock/7871/2009/
[2021-03-17 09:37:24]cl_getDriver.py(127): click_Success->//*[@id="base_box"]/div/div[3]/form/button
[2021-03-17 09:37:25]cl_getDriver.py(127): click_Success->//*[@id="base_box"]/div/div[3]/form/button
[2021-03-17 09:37:25]cl_getDriver.py(72): Open NewTab->https://kabuoji3.com/stock/7874/2014/
[2021-03-17 09:37:26]cl_getDriver.py(127): click_Success->//*[@id="base_box"]/div/div[3]/form/button
[2021-03-17 09:37:26]cl_getDriver.py(127): click_Success->//*[@id="base_box"]/div/div[3]/form/button
[2021-03-17 09:37:27]cl_getDriver.py(72): Open NewTab->https://kabuoji3.com/stock/7871/2008/
[2021-03-17 09:37:28]cl_getDriver.py(127): click_Success->//*[@id="base_box"]/div/div[3]/form/button
[2021-03-17 09:37:29]cl_getDriver.py(127): click_Success->//*[@id="base_box"]/div/div[3]/form/button
[2021-03-17 09:37:29]cl_getDriver.py(72): Open NewTab->https://kabuoji3.com/stock/7874/2013/
[2021-03-17 09:37:30]cl_getDriver.py(127): click_Success->//*[@id="base_box"]/div/div[3]/form/button
[2021-03-17 09:37:30]cl_getDriver.py(72): Open NewTab->https://kabuoji3.com/stock/7871/2007/
[2021-03-17 09:37:31]cl_getDriver.py(127): click_Success->//*[@id="base_box"]/div/div[3]/form/button
[2021-03-17 09:37:32]cl_getDriver.py(127): click_Success->//*[@id="base_box"]/div/div[3]/form/button
[2021-03-17 09:37:33]cl_getDriver.py(127): click_Success->//*[@id="base_box"]/div/div[3]/form/button
[2021-03-17 09:37:34]cl_getDriver.py(72): Open NewTab->https://kabuoji3.com/stock/7874/2012/
[2021-03-17 09:37:34]cl_getDriver.py(127): click_Success->//*[@id="base_box"]/div/div[3]/form/button
[2021-03-17 09:37:34]cl_getDriver.py(72): Open NewTab->https://kabuoji3.com/stock/7871/2006/
[2021-03-17 09:37:35]cl_getDriver.py(127): click_Success->//*[@id="base_box"]/div/div[3]/form/button
[2021-03-17 09:37:36]cl_getDriver.py(127): click_Success->//*[@id="base_box"]/div/div[3]/form/button
[2021-03-17 09:37:38]cl_getDriver.py(127): click_Success->//*[@id="base_box"]/div/div[3]/form/button
[2021-03-17 09:37:38]cl_getDriver.py(127): click_Success->//*[@id="base_box"]/div/div[3]/form/button
[2021-03-17 09:37:38]cl_getDriver.py(72): Open NewTab->https://kabuoji3.com/stock/7874/2011/
[2021-03-17 09:37:38]cl_getDriver.py(72): Open NewTab->https://kabuoji3.com/stock/7871/2005/
[2021-03-17 09:37:40]cl_getDriver.py(127): click_Success->//*[@id="base_box"]/div/div[3]/form/button
[2021-03-17 09:37:40]cl_getDriver.py(127): click_Success->//*[@id="base_box"]/div/div[3]/form/button
[2021-03-17 09:37:42]cl_getDriver.py(127): click_Success->//*[@id="base_box"]/div/div[3]/form/button
[2021-03-17 09:37:42]cl_getDriver.py(127): click_Success->//*[@id="base_box"]/div/div[3]/form/button
[2021-03-17 09:37:43]cl_getDriver.py(72): Open NewTab->https://kabuoji3.com/stock/7871/2004/
[2021-03-17 09:37:43]cl_getDriver.py(72): Open NewTab->https://kabuoji3.com/stock/7874/2010/
[2021-03-17 09:37:44]cl_getDriver.py(127): click_Success->//*[@id="base_box"]/div/div[3]/form/button
[2021-03-17 09:37:44]cl_getDriver.py(127): click_Success->//*[@id="base_box"]/div/div[3]/form/button
[2021-03-17 09:37:46]cl_getDriver.py(127): click_Success->//*[@id="base_box"]/div/div[3]/form/button
[2021-03-17 09:37:46]cl_getDriver.py(127): click_Success->//*[@id="base_box"]/div/div[3]/form/button
[2021-03-17 09:37:47]cl_getDriver.py(72): Open NewTab->https://kabuoji3.com/stock/7871/2003/
[2021-03-17 09:37:47]cl_getDriver.py(72): Open NewTab->https://kabuoji3.com/stock/7874/2009/
[2021-03-17 09:37:48]cl_getDriver.py(127): click_Success->//*[@id="base_box"]/div/div[3]/form/button
[2021-03-17 09:37:48]cl_getDriver.py(127): click_Success->//*[@id="base_box"]/div/div[3]/form/button
[2021-03-17 09:37:50]cl_getDriver.py(127): click_Success->//*[@id="base_box"]/div/div[3]/form/button
[2021-03-17 09:37:51]cl_getDriver.py(72): Open NewTab->https://kabuoji3.com/stock/7871/2002/
[2021-03-17 09:37:51]cl_getDriver.py(127): click_Success->//*[@id="base_box"]/div/div[3]/form/button
[2021-03-17 09:37:52]cl_getDriver.py(72): Open NewTab->https://kabuoji3.com/stock/7874/2008/
[2021-03-17 09:37:52]cl_getDriver.py(127): click_Success->//*[@id="base_box"]/div/div[3]/form/button
[2021-03-17 09:37:53]cl_getDriver.py(127): click_Success->//*[@id="base_box"]/div/div[3]/form/button
[2021-03-17 09:37:55]cl_getDriver.py(127): click_Success->//*[@id="base_box"]/div/div[3]/form/button
[2021-03-17 09:37:55]cl_getDriver.py(72): Open NewTab->https://kabuoji3.com/stock/7871/2001/
[2021-03-17 09:37:55]cl_getDriver.py(127): click_Success->//*[@id="base_box"]/div/div[3]/form/button
[2021-03-17 09:37:56]cl_getDriver.py(72): Open NewTab->https://kabuoji3.com/stock/7874/2007/
[2021-03-17 09:37:57]cl_getDriver.py(127): click_Success->//*[@id="base_box"]/div/div[3]/form/button
[2021-03-17 09:37:57]cl_getDriver.py(127): click_Success->//*[@id="base_box"]/div/div[3]/form/button
[2021-03-17 09:37:59]cl_getDriver.py(127): click_Success->//*[@id="base_box"]/div/div[3]/form/button
[2021-03-17 09:37:59]cl_getDriver.py(72): Open NewTab->https://kabuoji3.com/stock/7874/2006/
[2021-03-17 09:38:00]cl_getDriver.py(127): click_Success->//*[@id="base_box"]/div/div[3]/form/button
[2021-03-17 09:38:00]cl_getDriver.py(72): Open NewTab->https://kabuoji3.com/stock/7871/2000/
[2021-03-17 09:38:01]cl_getDriver.py(127): click_Success->//*[@id="base_box"]/div/div[3]/form/button
[2021-03-17 09:38:01]cl_getDriver.py(127): click_Success->//*[@id="base_box"]/div/div[3]/form/button
[2021-03-17 09:38:03]cl_getDriver.py(127): click_Success->//*[@id="base_box"]/div/div[3]/form/button
[2021-03-17 09:38:04]cl_getDriver.py(127): click_Success->//*[@id="base_box"]/div/div[3]/form/button
[2021-03-17 09:38:04]cl_getDriver.py(72): Open NewTab->https://kabuoji3.com/stock/7874/2005/
[2021-03-17 09:38:04]cl_getDriver.py(72): Open NewTab->https://kabuoji3.com/stock/7871/1999/
[2021-03-17 09:38:05]cl_getDriver.py(127): click_Success->//*[@id="base_box"]/div/div[3]/form/button
[2021-03-17 09:38:05]cl_getDriver.py(127): click_Success->//*[@id="base_box"]/div/div[3]/form/button
[2021-03-17 09:38:07]cl_getDriver.py(127): click_Success->//*[@id="base_box"]/div/div[3]/form/button
[2021-03-17 09:38:08]cl_getDriver.py(127): click_Success->//*[@id="base_box"]/div/div[3]/form/button
[2021-03-17 09:38:08]cl_getDriver.py(72): Open NewTab->https://kabuoji3.com/stock/7874/2004/
[2021-03-17 09:38:08]cl_getDriver.py(72): Open NewTab->https://kabuoji3.com/stock/7871/1998/
[2021-03-17 09:38:09]cl_getDriver.py(127): click_Success->//*[@id="base_box"]/div/div[3]/form/button
[2021-03-17 09:38:09]cl_getDriver.py(127): click_Success->//*[@id="base_box"]/div/div[3]/form/button
[2021-03-17 09:38:12]cl_getDriver.py(127): click_Success->//*[@id="base_box"]/div/div[3]/form/button
[2021-03-17 09:38:12]cl_getDriver.py(127): click_Success->//*[@id="base_box"]/div/div[3]/form/button
[2021-03-17 09:38:12]cl_getDriver.py(72): Open NewTab->https://kabuoji3.com/stock/7874/2003/
[2021-03-17 09:38:12]cl_getDriver.py(72): Open NewTab->https://kabuoji3.com/stock/7871/1997/
[2021-03-17 09:38:13]cl_getDriver.py(127): click_Success->//*[@id="base_box"]/div/div[3]/form/button
[2021-03-17 09:38:14]cl_getDriver.py(127): click_Success->//*[@id="base_box"]/div/div[3]/form/button
[2021-03-17 09:38:16]cl_getDriver.py(127): click_Success->//*[@id="base_box"]/div/div[3]/form/button
[2021-03-17 09:38:16]cl_getDriver.py(127): click_Success->//*[@id="base_box"]/div/div[3]/form/button
[2021-03-17 09:38:16]cl_getDriver.py(72): Open NewTab->https://kabuoji3.com/stock/7874/2002/
[2021-03-17 09:38:18]cl_getDriver.py(127): click_Success->//*[@id="base_box"]/div/div[3]/form/button
[2021-03-17 09:38:20]cl_getDriver.py(127): click_Success->//*[@id="base_box"]/div/div[3]/form/button
[2021-03-17 09:38:20]cl_getDriver.py(72): Open NewTab->https://kabuoji3.com/stock/7874/2001/
[2021-03-17 09:38:20]main.py(42): finished Process->https://kabuoji3.com/stock/7871/
[2021-03-17 09:38:20]main.py(15): start_Process->https://kabuoji3.com/stock/7877/
[2021-03-17 09:38:21]cl_getDriver.py(127): click_Success->//*[@id="base_box"]/div/div[3]/form/button
[2021-03-17 09:38:23]cl_getDriver.py(127): click_Success->//*[@id="base_box"]/div/div[3]/form/button
[2021-03-17 09:38:26]cl_getDriver.py(64): getURL=https://kabuoji3.com/stock/7877/
[2021-03-17 09:38:26]cl_getDriver.py(72): Open NewTab->https://kabuoji3.com/stock/7877/
[2021-03-17 09:38:26]cl_getDriver.py(130): Not Found->//*[@id="base_box"]/div/div[3]/form/button
[2021-03-17 09:38:28]main.py(42): finished Process->https://kabuoji3.com/stock/7874/
[2021-03-17 09:38:28]main.py(15): start_Process->https://kabuoji3.com/stock/7886/
[2021-03-17 09:38:28]cl_getDriver.py(130): Not Found->//*[@id="base_box"]/div/div[3]/form/button
[2021-03-17 09:38:29]cl_getDriver.py(72): Open NewTab->https://kabuoji3.com/stock/7877/2021/
[2021-03-17 09:38:30]cl_getDriver.py(127): click_Success->//*[@id="base_box"]/div/div[3]/form/button
[2021-03-17 09:38:32]cl_getDriver.py(127): click_Success->//*[@id="base_box"]/div/div[3]/form/button
[2021-03-17 09:38:33]cl_getDriver.py(72): Open NewTab->https://kabuoji3.com/stock/7877/2020/
[2021-03-17 09:38:34]cl_getDriver.py(127): click_Success->//*[@id="base_box"]/div/div[3]/form/button
[2021-03-17 09:38:35]cl_getDriver.py(64): getURL=https://kabuoji3.com/stock/7886/
[2021-03-17 09:38:35]cl_getDriver.py(72): Open NewTab->https://kabuoji3.com/stock/7886/
[2021-03-17 09:38:36]cl_getDriver.py(130): Not Found->//*[@id="base_box"]/div/div[3]/form/button
[2021-03-17 09:38:36]cl_getDriver.py(127): click_Success->//*[@id="base_box"]/div/div[3]/form/button
[2021-03-17 09:38:36]cl_getDriver.py(72): Open NewTab->https://kabuoji3.com/stock/7877/2019/
[2021-03-17 09:38:37]cl_getDriver.py(127): click_Success->//*[@id="base_box"]/div/div[3]/form/button
[2021-03-17 09:38:38]cl_getDriver.py(130): Not Found->//*[@id="base_box"]/div/div[3]/form/button
[2021-03-17 09:38:38]cl_getDriver.py(72): Open NewTab->https://kabuoji3.com/stock/7886/2021/
[2021-03-17 09:38:39]cl_getDriver.py(127): click_Success->//*[@id="base_box"]/div/div[3]/form/button
[2021-03-17 09:38:40]cl_getDriver.py(127): click_Success->//*[@id="base_box"]/div/div[3]/form/button
[2021-03-17 09:38:40]cl_getDriver.py(72): Open NewTab->https://kabuoji3.com/stock/7877/2018/
[2021-03-17 09:38:41]cl_getDriver.py(127): click_Success->//*[@id="base_box"]/div/div[3]/form/button
[2021-03-17 09:38:41]cl_getDriver.py(127): click_Success->//*[@id="base_box"]/div/div[3]/form/button
[2021-03-17 09:38:42]cl_getDriver.py(72): Open NewTab->https://kabuoji3.com/stock/7886/2020/
[2021-03-17 09:38:43]cl_getDriver.py(127): click_Success->//*[@id="base_box"]/div/div[3]/form/button
[2021-03-17 09:38:43]cl_getDriver.py(127): click_Success->//*[@id="base_box"]/div/div[3]/form/button
[2021-03-17 09:38:44]cl_getDriver.py(72): Open NewTab->https://kabuoji3.com/stock/7877/2017/
[2021-03-17 09:38:45]cl_getDriver.py(127): click_Success->//*[@id="base_box"]/div/div[3]/form/button
[2021-03-17 09:38:45]cl_getDriver.py(127): click_Success->//*[@id="base_box"]/div/div[3]/form/button
[2021-03-17 09:38:45]cl_getDriver.py(72): Open NewTab->https://kabuoji3.com/stock/7886/2019/
[2021-03-17 09:38:47]cl_getDriver.py(127): click_Success->//*[@id="base_box"]/div/div[3]/form/button
[2021-03-17 09:38:47]cl_getDriver.py(127): click_Success->//*[@id="base_box"]/div/div[3]/form/button
[2021-03-17 09:38:47]cl_getDriver.py(72): Open NewTab->https://kabuoji3.com/stock/7877/2016/
[2021-03-17 09:38:48]cl_getDriver.py(127): click_Success->//*[@id="base_box"]/div/div[3]/form/button
[2021-03-17 09:38:49]cl_getDriver.py(127): click_Success->//*[@id="base_box"]/div/div[3]/form/button
[2021-03-17 09:38:50]cl_getDriver.py(72): Open NewTab->https://kabuoji3.com/stock/7886/2018/
[2021-03-17 09:38:50]cl_getDriver.py(127): click_Success->//*[@id="base_box"]/div/div[3]/form/button
[2021-03-17 09:38:51]cl_getDriver.py(127): click_Success->//*[@id="base_box"]/div/div[3]/form/button
[2021-03-17 09:38:51]cl_getDriver.py(72): Open NewTab->https://kabuoji3.com/stock/7877/2015/
[2021-03-17 09:38:52]cl_getDriver.py(127): click_Success->//*[@id="base_box"]/div/div[3]/form/button
[2021-03-17 09:38:53]cl_getDriver.py(127): click_Success->//*[@id="base_box"]/div/div[3]/form/button
[2021-03-17 09:38:53]cl_getDriver.py(72): Open NewTab->https://kabuoji3.com/stock/7886/2017/
[2021-03-17 09:38:54]cl_getDriver.py(127): click_Success->//*[@id="base_box"]/div/div[3]/form/button
[2021-03-17 09:38:55]cl_getDriver.py(127): click_Success->//*[@id="base_box"]/div/div[3]/form/button
[2021-03-17 09:38:55]cl_getDriver.py(72): Open NewTab->https://kabuoji3.com/stock/7877/2014/
[2021-03-17 09:38:56]cl_getDriver.py(127): click_Success->//*[@id="base_box"]/div/div[3]/form/button
[2021-03-17 09:38:57]cl_getDriver.py(127): click_Success->//*[@id="base_box"]/div/div[3]/form/button
[2021-03-17 09:38:57]cl_getDriver.py(72): Open NewTab->https://kabuoji3.com/stock/7886/2016/
[2021-03-17 09:38:58]cl_getDriver.py(127): click_Success->//*[@id="base_box"]/div/div[3]/form/button
[2021-03-17 09:38:58]cl_getDriver.py(127): click_Success->//*[@id="base_box"]/div/div[3]/form/button
[2021-03-17 09:38:59]cl_getDriver.py(72): Open NewTab->https://kabuoji3.com/stock/7877/2013/
[2021-03-17 09:39:00]cl_getDriver.py(127): click_Success->//*[@id="base_box"]/div/div[3]/form/button
[2021-03-17 09:39:00]cl_getDriver.py(127): click_Success->//*[@id="base_box"]/div/div[3]/form/button
[2021-03-17 09:39:00]cl_getDriver.py(72): Open NewTab->https://kabuoji3.com/stock/7886/2015/
[2021-03-17 09:39:01]cl_getDriver.py(127): click_Success->//*[@id="base_box"]/div/div[3]/form/button
[2021-03-17 09:39:02]cl_getDriver.py(127): click_Success->//*[@id="base_box"]/div/div[3]/form/button
[2021-03-17 09:39:02]cl_getDriver.py(72): Open NewTab->https://kabuoji3.com/stock/7877/2012/
[2021-03-17 09:39:03]cl_getDriver.py(127): click_Success->//*[@id="base_box"]/div/div[3]/form/button
[2021-03-17 09:39:04]cl_getDriver.py(127): click_Success->//*[@id="base_box"]/div/div[3]/form/button
[2021-03-17 09:39:04]cl_getDriver.py(72): Open NewTab->https://kabuoji3.com/stock/7886/2014/
[2021-03-17 09:39:05]cl_getDriver.py(127): click_Success->//*[@id="base_box"]/div/div[3]/form/button
[2021-03-17 09:39:06]cl_getDriver.py(127): click_Success->//*[@id="base_box"]/div/div[3]/form/button
[2021-03-17 09:39:06]cl_getDriver.py(72): Open NewTab->https://kabuoji3.com/stock/7877/2011/
[2021-03-17 09:39:07]cl_getDriver.py(127): click_Success->//*[@id="base_box"]/div/div[3]/form/button
[2021-03-17 09:39:08]cl_getDriver.py(127): click_Success->//*[@id="base_box"]/div/div[3]/form/button
[2021-03-17 09:39:08]cl_getDriver.py(72): Open NewTab->https://kabuoji3.com/stock/7886/2013/
[2021-03-17 09:39:09]cl_getDriver.py(127): click_Success->//*[@id="base_box"]/div/div[3]/form/button
[2021-03-17 09:39:09]cl_getDriver.py(127): click_Success->//*[@id="base_box"]/div/div[3]/form/button
[2021-03-17 09:39:10]cl_getDriver.py(72): Open NewTab->https://kabuoji3.com/stock/7877/2010/
[2021-03-17 09:39:11]cl_getDriver.py(127): click_Success->//*[@id="base_box"]/div/div[3]/form/button
[2021-03-17 09:39:12]cl_getDriver.py(127): click_Success->//*[@id="base_box"]/div/div[3]/form/button
[2021-03-17 09:39:12]cl_getDriver.py(72): Open NewTab->https://kabuoji3.com/stock/7886/2012/
[2021-03-17 09:39:13]cl_getDriver.py(127): click_Success->//*[@id="base_box"]/div/div[3]/form/button
[2021-03-17 09:39:13]cl_getDriver.py(127): click_Success->//*[@id="base_box"]/div/div[3]/form/button
[2021-03-17 09:39:13]cl_getDriver.py(72): Open NewTab->https://kabuoji3.com/stock/7877/2009/
[2021-03-17 09:39:14]cl_getDriver.py(127): click_Success->//*[@id="base_box"]/div/div[3]/form/button
[2021-03-17 09:39:16]cl_getDriver.py(127): click_Success->//*[@id="base_box"]/div/div[3]/form/button
[2021-03-17 09:39:16]cl_getDriver.py(72): Open NewTab->https://kabuoji3.com/stock/7886/2011/
[2021-03-17 09:39:17]cl_getDriver.py(127): click_Success->//*[@id="base_box"]/div/div[3]/form/button
[2021-03-17 09:39:17]cl_getDriver.py(72): Open NewTab->https://kabuoji3.com/stock/7877/2008/
[2021-03-17 09:39:18]cl_getDriver.py(127): click_Success->//*[@id="base_box"]/div/div[3]/form/button
[2021-03-17 09:39:18]cl_getDriver.py(127): click_Success->//*[@id="base_box"]/div/div[3]/form/button
[2021-03-17 09:39:20]cl_getDriver.py(127): click_Success->//*[@id="base_box"]/div/div[3]/form/button
[2021-03-17 09:39:20]cl_getDriver.py(72): Open NewTab->https://kabuoji3.com/stock/7886/2010/
[2021-03-17 09:39:20]cl_getDriver.py(127): click_Success->//*[@id="base_box"]/div/div[3]/form/button
[2021-03-17 09:39:21]cl_getDriver.py(72): Open NewTab->https://kabuoji3.com/stock/7877/2007/
[2021-03-17 09:39:22]cl_getDriver.py(127): click_Success->//*[@id="base_box"]/div/div[3]/form/button
[2021-03-17 09:39:22]cl_getDriver.py(127): click_Success->//*[@id="base_box"]/div/div[3]/form/button
[2021-03-17 09:39:24]cl_getDriver.py(127): click_Success->//*[@id="base_box"]/div/div[3]/form/button
[2021-03-17 09:39:24]cl_getDriver.py(72): Open NewTab->https://kabuoji3.com/stock/7886/2009/
[2021-03-17 09:39:24]cl_getDriver.py(127): click_Success->//*[@id="base_box"]/div/div[3]/form/button
[2021-03-17 09:39:25]cl_getDriver.py(72): Open NewTab->https://kabuoji3.com/stock/7877/2006/
[2021-03-17 09:39:26]cl_getDriver.py(127): click_Success->//*[@id="base_box"]/div/div[3]/form/button
[2021-03-17 09:39:26]cl_getDriver.py(127): click_Success->//*[@id="base_box"]/div/div[3]/form/button
[2021-03-17 09:39:28]cl_getDriver.py(127): click_Success->//*[@id="base_box"]/div/div[3]/form/button
[2021-03-17 09:39:29]cl_getDriver.py(127): click_Success->//*[@id="base_box"]/div/div[3]/form/button
[2021-03-17 09:39:29]cl_getDriver.py(72): Open NewTab->https://kabuoji3.com/stock/7886/2008/
[2021-03-17 09:39:29]cl_getDriver.py(72): Open NewTab->https://kabuoji3.com/stock/7877/2005/
[2021-03-17 09:39:30]cl_getDriver.py(127): click_Success->//*[@id="base_box"]/div/div[3]/form/button
[2021-03-17 09:39:30]cl_getDriver.py(127): click_Success->//*[@id="base_box"]/div/div[3]/form/button
[2021-03-17 09:39:32]cl_getDriver.py(127): click_Success->//*[@id="base_box"]/div/div[3]/form/button
[2021-03-17 09:39:33]cl_getDriver.py(72): Open NewTab->https://kabuoji3.com/stock/7886/2007/
[2021-03-17 09:39:33]cl_getDriver.py(127): click_Success->//*[@id="base_box"]/div/div[3]/form/button
[2021-03-17 09:39:33]cl_getDriver.py(72): Open NewTab->https://kabuoji3.com/stock/7877/2004/
[2021-03-17 09:39:34]cl_getDriver.py(127): click_Success->//*[@id="base_box"]/div/div[3]/form/button
[2021-03-17 09:39:34]cl_getDriver.py(127): click_Success->//*[@id="base_box"]/div/div[3]/form/button
[2021-03-17 09:39:37]cl_getDriver.py(127): click_Success->//*[@id="base_box"]/div/div[3]/form/button
[2021-03-17 09:39:37]cl_getDriver.py(127): click_Success->//*[@id="base_box"]/div/div[3]/form/button
[2021-03-17 09:39:37]cl_getDriver.py(72): Open NewTab->https://kabuoji3.com/stock/7886/2006/
[2021-03-17 09:39:37]cl_getDriver.py(72): Open NewTab->https://kabuoji3.com/stock/7877/2003/
[2021-03-17 09:39:39]cl_getDriver.py(127): click_Success->//*[@id="base_box"]/div/div[3]/form/button
[2021-03-17 09:39:39]cl_getDriver.py(127): click_Success->//*[@id="base_box"]/div/div[3]/form/button
[2021-03-17 09:39:41]cl_getDriver.py(127): click_Success->//*[@id="base_box"]/div/div[3]/form/button
[2021-03-17 09:39:41]cl_getDriver.py(127): click_Success->//*[@id="base_box"]/div/div[3]/form/button
[2021-03-17 09:39:41]cl_getDriver.py(72): Open NewTab->https://kabuoji3.com/stock/7886/2005/
[2021-03-17 09:39:42]cl_getDriver.py(72): Open NewTab->https://kabuoji3.com/stock/7877/2002/
[2021-03-17 09:39:43]cl_getDriver.py(127): click_Success->//*[@id="base_box"]/div/div[3]/form/button
[2021-03-17 09:39:44]cl_getDriver.py(127): click_Success->//*[@id="base_box"]/div/div[3]/form/button
[2021-03-17 09:39:45]cl_getDriver.py(127): click_Success->//*[@id="base_box"]/div/div[3]/form/button
[2021-03-17 09:39:46]cl_getDriver.py(72): Open NewTab->https://kabuoji3.com/stock/7877/2001/
[2021-03-17 09:39:46]cl_getDriver.py(127): click_Success->//*[@id="base_box"]/div/div[3]/form/button
[2021-03-17 09:39:46]cl_getDriver.py(72): Open NewTab->https://kabuoji3.com/stock/7886/2004/
[2021-03-17 09:39:47]cl_getDriver.py(127): click_Success->//*[@id="base_box"]/div/div[3]/form/button
[2021-03-17 09:39:48]cl_getDriver.py(127): click_Success->//*[@id="base_box"]/div/div[3]/form/button
[2021-03-17 09:39:49]cl_getDriver.py(127): click_Success->//*[@id="base_box"]/div/div[3]/form/button
[2021-03-17 09:39:50]cl_getDriver.py(72): Open NewTab->https://kabuoji3.com/stock/7877/2000/
[2021-03-17 09:39:50]cl_getDriver.py(127): click_Success->//*[@id="base_box"]/div/div[3]/form/button
[2021-03-17 09:39:51]cl_getDriver.py(72): Open NewTab->https://kabuoji3.com/stock/7886/2003/
[2021-03-17 09:39:51]cl_getDriver.py(127): click_Success->//*[@id="base_box"]/div/div[3]/form/button
[2021-03-17 09:39:52]cl_getDriver.py(127): click_Success->//*[@id="base_box"]/div/div[3]/form/button
[2021-03-17 09:39:54]cl_getDriver.py(127): click_Success->//*[@id="base_box"]/div/div[3]/form/button
[2021-03-17 09:39:54]cl_getDriver.py(72): Open NewTab->https://kabuoji3.com/stock/7877/1999/
[2021-03-17 09:39:54]cl_getDriver.py(127): click_Success->//*[@id="base_box"]/div/div[3]/form/button
[2021-03-17 09:39:55]cl_getDriver.py(72): Open NewTab->https://kabuoji3.com/stock/7886/2002/
[2021-03-17 09:39:55]cl_getDriver.py(127): click_Success->//*[@id="base_box"]/div/div[3]/form/button
[2021-03-17 09:39:56]cl_getDriver.py(127): click_Success->//*[@id="base_box"]/div/div[3]/form/button
[2021-03-17 09:39:58]cl_getDriver.py(127): click_Success->//*[@id="base_box"]/div/div[3]/form/button
[2021-03-17 09:39:58]cl_getDriver.py(72): Open NewTab->https://kabuoji3.com/stock/7877/1998/
[2021-03-17 09:39:58]cl_getDriver.py(127): click_Success->//*[@id="base_box"]/div/div[3]/form/button
[2021-03-17 09:39:59]cl_getDriver.py(72): Open NewTab->https://kabuoji3.com/stock/7886/2001/
[2021-03-17 09:40:00]cl_getDriver.py(127): click_Success->//*[@id="base_box"]/div/div[3]/form/button
[2021-03-17 09:40:00]cl_getDriver.py(127): click_Success->//*[@id="base_box"]/div/div[3]/form/button
[2021-03-17 09:40:02]cl_getDriver.py(127): click_Success->//*[@id="base_box"]/div/div[3]/form/button
[2021-03-17 09:40:02]cl_getDriver.py(72): Open NewTab->https://kabuoji3.com/stock/7877/1997/
[2021-03-17 09:40:03]cl_getDriver.py(127): click_Success->//*[@id="base_box"]/div/div[3]/form/button
[2021-03-17 09:40:03]cl_getDriver.py(72): Open NewTab->https://kabuoji3.com/stock/7886/2000/
[2021-03-17 09:40:04]cl_getDriver.py(127): click_Success->//*[@id="base_box"]/div/div[3]/form/button
[2021-03-17 09:40:04]cl_getDriver.py(127): click_Success->//*[@id="base_box"]/div/div[3]/form/button
[2021-03-17 09:40:06]cl_getDriver.py(127): click_Success->//*[@id="base_box"]/div/div[3]/form/button
[2021-03-17 09:40:07]cl_getDriver.py(72): Open NewTab->https://kabuoji3.com/stock/7877/1996/
[2021-03-17 09:40:07]cl_getDriver.py(127): click_Success->//*[@id="base_box"]/div/div[3]/form/button
[2021-03-17 09:40:07]cl_getDriver.py(72): Open NewTab->https://kabuoji3.com/stock/7886/1999/
[2021-03-17 09:40:08]cl_getDriver.py(127): click_Success->//*[@id="base_box"]/div/div[3]/form/button
[2021-03-17 09:40:08]cl_getDriver.py(127): click_Success->//*[@id="base_box"]/div/div[3]/form/button
[2021-03-17 09:40:11]cl_getDriver.py(127): click_Success->//*[@id="base_box"]/div/div[3]/form/button
[2021-03-17 09:40:11]cl_getDriver.py(127): click_Success->//*[@id="base_box"]/div/div[3]/form/button
[2021-03-17 09:40:11]cl_getDriver.py(72): Open NewTab->https://kabuoji3.com/stock/7886/1998/
[2021-03-17 09:40:11]cl_getDriver.py(72): Open NewTab->https://kabuoji3.com/stock/7877/1995/
[2021-03-17 09:40:12]cl_getDriver.py(127): click_Success->//*[@id="base_box"]/div/div[3]/form/button
[2021-03-17 09:40:12]cl_getDriver.py(127): click_Success->//*[@id="base_box"]/div/div[3]/form/button
[2021-03-17 09:40:15]cl_getDriver.py(127): click_Success->//*[@id="base_box"]/div/div[3]/form/button
[2021-03-17 09:40:15]cl_getDriver.py(127): click_Success->//*[@id="base_box"]/div/div[3]/form/button
[2021-03-17 09:40:15]cl_getDriver.py(72): Open NewTab->https://kabuoji3.com/stock/7886/1997/
[2021-03-17 09:40:16]cl_getDriver.py(127): click_Success->//*[@id="base_box"]/div/div[3]/form/button
[2021-03-17 09:40:18]cl_getDriver.py(127): click_Success->//*[@id="base_box"]/div/div[3]/form/button
[2021-03-17 09:40:19]cl_getDriver.py(72): Open NewTab->https://kabuoji3.com/stock/7886/1996/
[2021-03-17 09:40:19]main.py(42): finished Process->https://kabuoji3.com/stock/7877/
[2021-03-17 09:40:19]main.py(15): start_Process->https://kabuoji3.com/stock/7888/
[2021-03-17 09:40:20]cl_getDriver.py(127): click_Success->//*[@id="base_box"]/div/div[3]/form/button
[2021-03-17 09:40:23]cl_getDriver.py(127): click_Success->//*[@id="base_box"]/div/div[3]/form/button
[2021-03-17 09:40:23]cl_getDriver.py(72): Open NewTab->https://kabuoji3.com/stock/7886/1995/
[2021-03-17 09:40:24]cl_getDriver.py(127): click_Success->//*[@id="base_box"]/div/div[3]/form/button
[2021-03-17 09:40:26]cl_getDriver.py(64): getURL=https://kabuoji3.com/stock/7888/
[2021-03-17 09:40:26]cl_getDriver.py(72): Open NewTab->https://kabuoji3.com/stock/7888/
[2021-03-17 09:40:27]cl_getDriver.py(130): Not Found->//*[@id="base_box"]/div/div[3]/form/button
[2021-03-17 09:40:27]cl_getDriver.py(127): click_Success->//*[@id="base_box"]/div/div[3]/form/button
[2021-03-17 09:40:29]cl_getDriver.py(130): Not Found->//*[@id="base_box"]/div/div[3]/form/button
[2021-03-17 09:40:29]cl_getDriver.py(72): Open NewTab->https://kabuoji3.com/stock/7888/2021/
[2021-03-17 09:40:30]cl_getDriver.py(127): click_Success->//*[@id="base_box"]/div/div[3]/form/button
[2021-03-17 09:40:31]main.py(42): finished Process->https://kabuoji3.com/stock/7886/
[2021-03-17 09:40:31]main.py(15): start_Process->https://kabuoji3.com/stock/7895/
[2021-03-17 09:40:33]cl_getDriver.py(127): click_Success->//*[@id="base_box"]/div/div[3]/form/button
[2021-03-17 09:40:33]cl_getDriver.py(72): Open NewTab->https://kabuoji3.com/stock/7888/2020/
[2021-03-17 09:40:34]cl_getDriver.py(127): click_Success->//*[@id="base_box"]/div/div[3]/form/button
[2021-03-17 09:40:37]cl_getDriver.py(127): click_Success->//*[@id="base_box"]/div/div[3]/form/button
[2021-03-17 09:40:37]cl_getDriver.py(72): Open NewTab->https://kabuoji3.com/stock/7888/2019/
[2021-03-17 09:40:38]cl_getDriver.py(64): getURL=https://kabuoji3.com/stock/7895/
[2021-03-17 09:40:38]cl_getDriver.py(72): Open NewTab->https://kabuoji3.com/stock/7895/
[2021-03-17 09:40:39]cl_getDriver.py(127): click_Success->//*[@id="base_box"]/div/div[3]/form/button
[2021-03-17 09:40:39]cl_getDriver.py(130): Not Found->//*[@id="base_box"]/div/div[3]/form/button
[2021-03-17 09:40:41]cl_getDriver.py(127): click_Success->//*[@id="base_box"]/div/div[3]/form/button
[2021-03-17 09:40:41]cl_getDriver.py(130): Not Found->//*[@id="base_box"]/div/div[3]/form/button
[2021-03-17 09:40:41]cl_getDriver.py(72): Open NewTab->https://kabuoji3.com/stock/7888/2018/
[2021-03-17 09:40:42]cl_getDriver.py(72): Open NewTab->https://kabuoji3.com/stock/7895/2021/
[2021-03-17 09:40:43]cl_getDriver.py(127): click_Success->//*[@id="base_box"]/div/div[3]/form/button
[2021-03-17 09:40:43]cl_getDriver.py(127): click_Success->//*[@id="base_box"]/div/div[3]/form/button
[2021-03-17 09:40:45]cl_getDriver.py(127): click_Success->//*[@id="base_box"]/div/div[3]/form/button
[2021-03-17 09:40:45]cl_getDriver.py(127): click_Success->//*[@id="base_box"]/div/div[3]/form/button
[2021-03-17 09:40:45]cl_getDriver.py(72): Open NewTab->https://kabuoji3.com/stock/7895/2020/
[2021-03-17 09:40:46]cl_getDriver.py(72): Open NewTab->https://kabuoji3.com/stock/7888/2017/
[2021-03-17 09:40:47]cl_getDriver.py(127): click_Success->//*[@id="base_box"]/div/div[3]/form/button
[2021-03-17 09:40:47]cl_getDriver.py(127): click_Success->//*[@id="base_box"]/div/div[3]/form/button
[2021-03-17 09:40:49]cl_getDriver.py(127): click_Success->//*[@id="base_box"]/div/div[3]/form/button
[2021-03-17 09:40:49]cl_getDriver.py(72): Open NewTab->https://kabuoji3.com/stock/7895/2019/
[2021-03-17 09:40:49]cl_getDriver.py(127): click_Success->//*[@id="base_box"]/div/div[3]/form/button
[2021-03-17 09:40:50]cl_getDriver.py(72): Open NewTab->https://kabuoji3.com/stock/7888/2016/
[2021-03-17 09:40:51]cl_getDriver.py(127): click_Success->//*[@id="base_box"]/div/div[3]/form/button
[2021-03-17 09:40:51]cl_getDriver.py(127): click_Success->//*[@id="base_box"]/div/div[3]/form/button
[2021-03-17 09:40:53]cl_getDriver.py(127): click_Success->//*[@id="base_box"]/div/div[3]/form/button
[2021-03-17 09:40:54]cl_getDriver.py(72): Open NewTab->https://kabuoji3.com/stock/7895/2018/
[2021-03-17 09:40:54]cl_getDriver.py(127): click_Success->//*[@id="base_box"]/div/div[3]/form/button
[2021-03-17 09:40:54]cl_getDriver.py(72): Open NewTab->https://kabuoji3.com/stock/7888/2015/
[2021-03-17 09:40:55]cl_getDriver.py(127): click_Success->//*[@id="base_box"]/div/div[3]/form/button
[2021-03-17 09:40:55]cl_getDriver.py(127): click_Success->//*[@id="base_box"]/div/div[3]/form/button
[2021-03-17 09:40:57]cl_getDriver.py(127): click_Success->//*[@id="base_box"]/div/div[3]/form/button
[2021-03-17 09:40:57]cl_getDriver.py(72): Open NewTab->https://kabuoji3.com/stock/7895/2017/
[2021-03-17 09:40:58]cl_getDriver.py(127): click_Success->//*[@id="base_box"]/div/div[3]/form/button
[2021-03-17 09:40:58]cl_getDriver.py(72): Open NewTab->https://kabuoji3.com/stock/7888/2014/
[2021-03-17 09:40:59]cl_getDriver.py(127): click_Success->//*[@id="base_box"]/div/div[3]/form/button
[2021-03-17 09:41:00]cl_getDriver.py(127): click_Success->//*[@id="base_box"]/div/div[3]/form/button
[2021-03-17 09:41:01]cl_getDriver.py(127): click_Success->//*[@id="base_box"]/div/div[3]/form/button
[2021-03-17 09:41:02]cl_getDriver.py(72): Open NewTab->https://kabuoji3.com/stock/7895/2016/
[2021-03-17 09:41:02]cl_getDriver.py(127): click_Success->//*[@id="base_box"]/div/div[3]/form/button
[2021-03-17 09:41:02]cl_getDriver.py(72): Open NewTab->https://kabuoji3.com/stock/7888/2013/
[2021-03-17 09:41:03]cl_getDriver.py(127): click_Success->//*[@id="base_box"]/div/div[3]/form/button
[2021-03-17 09:41:04]cl_getDriver.py(127): click_Success->//*[@id="base_box"]/div/div[3]/form/button
[2021-03-17 09:41:06]cl_getDriver.py(127): click_Success->//*[@id="base_box"]/div/div[3]/form/button
[2021-03-17 09:41:06]cl_getDriver.py(72): Open NewTab->https://kabuoji3.com/stock/7895/2015/
[2021-03-17 09:41:06]cl_getDriver.py(127): click_Success->//*[@id="base_box"]/div/div[3]/form/button
[2021-03-17 09:41:07]cl_getDriver.py(72): Open NewTab->https://kabuoji3.com/stock/7888/2012/
[2021-03-17 09:41:08]cl_getDriver.py(127): click_Success->//*[@id="base_box"]/div/div[3]/form/button
[2021-03-17 09:41:09]cl_getDriver.py(127): click_Success->//*[@id="base_box"]/div/div[3]/form/button
[2021-03-17 09:41:10]cl_getDriver.py(127): click_Success->//*[@id="base_box"]/div/div[3]/form/button
[2021-03-17 09:41:11]cl_getDriver.py(72): Open NewTab->https://kabuoji3.com/stock/7895/2014/
[2021-03-17 09:41:11]cl_getDriver.py(127): click_Success->//*[@id="base_box"]/div/div[3]/form/button
[2021-03-17 09:41:11]cl_getDriver.py(72): Open NewTab->https://kabuoji3.com/stock/7888/2011/
[2021-03-17 09:41:12]cl_getDriver.py(127): click_Success->//*[@id="base_box"]/div/div[3]/form/button
[2021-03-17 09:41:13]cl_getDriver.py(127): click_Success->//*[@id="base_box"]/div/div[3]/form/button
[2021-03-17 09:41:15]cl_getDriver.py(127): click_Success->//*[@id="base_box"]/div/div[3]/form/button
[2021-03-17 09:41:15]cl_getDriver.py(127): click_Success->//*[@id="base_box"]/div/div[3]/form/button
[2021-03-17 09:41:15]cl_getDriver.py(72): Open NewTab->https://kabuoji3.com/stock/7888/2010/
[2021-03-17 09:41:15]cl_getDriver.py(72): Open NewTab->https://kabuoji3.com/stock/7895/2013/
[2021-03-17 09:41:17]cl_getDriver.py(127): click_Success->//*[@id="base_box"]/div/div[3]/form/button
[2021-03-17 09:41:17]cl_getDriver.py(127): click_Success->//*[@id="base_box"]/div/div[3]/form/button
[2021-03-17 09:41:19]cl_getDriver.py(127): click_Success->//*[@id="base_box"]/div/div[3]/form/button
[2021-03-17 09:41:19]cl_getDriver.py(127): click_Success->//*[@id="base_box"]/div/div[3]/form/button
[2021-03-17 09:41:20]cl_getDriver.py(72): Open NewTab->https://kabuoji3.com/stock/7895/2012/
[2021-03-17 09:41:20]cl_getDriver.py(72): Open NewTab->https://kabuoji3.com/stock/7888/2009/
[2021-03-17 09:41:21]cl_getDriver.py(127): click_Success->//*[@id="base_box"]/div/div[3]/form/button
[2021-03-17 09:41:23]cl_getDriver.py(127): click_Success->//*[@id="base_box"]/div/div[3]/form/button
[2021-03-17 09:41:24]cl_getDriver.py(127): click_Success->//*[@id="base_box"]/div/div[3]/form/button
[2021-03-17 09:41:24]cl_getDriver.py(72): Open NewTab->https://kabuoji3.com/stock/7888/2008/
[2021-03-17 09:41:25]cl_getDriver.py(127): click_Success->//*[@id="base_box"]/div/div[3]/form/button
[2021-03-17 09:41:25]cl_getDriver.py(72): Open NewTab->https://kabuoji3.com/stock/7895/2011/
[2021-03-17 09:41:26]cl_getDriver.py(127): click_Success->//*[@id="base_box"]/div/div[3]/form/button
[2021-03-17 09:41:27]cl_getDriver.py(127): click_Success->//*[@id="base_box"]/div/div[3]/form/button
[2021-03-17 09:41:28]cl_getDriver.py(127): click_Success->//*[@id="base_box"]/div/div[3]/form/button
[2021-03-17 09:41:29]cl_getDriver.py(72): Open NewTab->https://kabuoji3.com/stock/7888/2007/
[2021-03-17 09:41:29]cl_getDriver.py(127): click_Success->//*[@id="base_box"]/div/div[3]/form/button
[2021-03-17 09:41:29]cl_getDriver.py(72): Open NewTab->https://kabuoji3.com/stock/7895/2010/
[2021-03-17 09:41:30]cl_getDriver.py(127): click_Success->//*[@id="base_box"]/div/div[3]/form/button
[2021-03-17 09:41:30]cl_getDriver.py(127): click_Success->//*[@id="base_box"]/div/div[3]/form/button
[2021-03-17 09:41:32]cl_getDriver.py(127): click_Success->//*[@id="base_box"]/div/div[3]/form/button
[2021-03-17 09:41:33]cl_getDriver.py(72): Open NewTab->https://kabuoji3.com/stock/7888/2006/
[2021-03-17 09:41:33]cl_getDriver.py(127): click_Success->//*[@id="base_box"]/div/div[3]/form/button
[2021-03-17 09:41:33]cl_getDriver.py(72): Open NewTab->https://kabuoji3.com/stock/7895/2009/
[2021-03-17 09:41:34]cl_getDriver.py(127): click_Success->//*[@id="base_box"]/div/div[3]/form/button
[2021-03-17 09:41:35]cl_getDriver.py(127): click_Success->//*[@id="base_box"]/div/div[3]/form/button
[2021-03-17 09:41:37]cl_getDriver.py(127): click_Success->//*[@id="base_box"]/div/div[3]/form/button
[2021-03-17 09:41:37]cl_getDriver.py(72): Open NewTab->https://kabuoji3.com/stock/7888/2005/
[2021-03-17 09:41:37]cl_getDriver.py(127): click_Success->//*[@id="base_box"]/div/div[3]/form/button
[2021-03-17 09:41:38]cl_getDriver.py(72): Open NewTab->https://kabuoji3.com/stock/7895/2008/
[2021-03-17 09:41:38]cl_getDriver.py(127): click_Success->//*[@id="base_box"]/div/div[3]/form/button
[2021-03-17 09:41:39]cl_getDriver.py(127): click_Success->//*[@id="base_box"]/div/div[3]/form/button
[2021-03-17 09:41:41]cl_getDriver.py(127): click_Success->//*[@id="base_box"]/div/div[3]/form/button
[2021-03-17 09:41:41]cl_getDriver.py(72): Open NewTab->https://kabuoji3.com/stock/7888/2004/
[2021-03-17 09:41:41]cl_getDriver.py(127): click_Success->//*[@id="base_box"]/div/div[3]/form/button
[2021-03-17 09:41:42]cl_getDriver.py(72): Open NewTab->https://kabuoji3.com/stock/7895/2007/
[2021-03-17 09:41:43]cl_getDriver.py(127): click_Success->//*[@id="base_box"]/div/div[3]/form/button
[2021-03-17 09:41:43]cl_getDriver.py(127): click_Success->//*[@id="base_box"]/div/div[3]/form/button
[2021-03-17 09:41:45]cl_getDriver.py(127): click_Success->//*[@id="base_box"]/div/div[3]/form/button
[2021-03-17 09:41:45]cl_getDriver.py(72): Open NewTab->https://kabuoji3.com/stock/7888/2003/
[2021-03-17 09:41:45]cl_getDriver.py(127): click_Success->//*[@id="base_box"]/div/div[3]/form/button
[2021-03-17 09:41:46]cl_getDriver.py(72): Open NewTab->https://kabuoji3.com/stock/7895/2006/
[2021-03-17 09:41:47]cl_getDriver.py(127): click_Success->//*[@id="base_box"]/div/div[3]/form/button
[2021-03-17 09:41:47]cl_getDriver.py(127): click_Success->//*[@id="base_box"]/div/div[3]/form/button
[2021-03-17 09:41:49]cl_getDriver.py(127): click_Success->//*[@id="base_box"]/div/div[3]/form/button
[2021-03-17 09:41:49]cl_getDriver.py(72): Open NewTab->https://kabuoji3.com/stock/7888/2002/
[2021-03-17 09:41:50]cl_getDriver.py(127): click_Success->//*[@id="base_box"]/div/div[3]/form/button
[2021-03-17 09:41:50]cl_getDriver.py(72): Open NewTab->https://kabuoji3.com/stock/7895/2005/
[2021-03-17 09:41:51]cl_getDriver.py(127): click_Success->//*[@id="base_box"]/div/div[3]/form/button
[2021-03-17 09:41:52]cl_getDriver.py(127): click_Success->//*[@id="base_box"]/div/div[3]/form/button
[2021-03-17 09:41:53]cl_getDriver.py(127): click_Success->//*[@id="base_box"]/div/div[3]/form/button
[2021-03-17 09:41:54]cl_getDriver.py(72): Open NewTab->https://kabuoji3.com/stock/7888/2001/
[2021-03-17 09:41:54]cl_getDriver.py(127): click_Success->//*[@id="base_box"]/div/div[3]/form/button
[2021-03-17 09:41:55]cl_getDriver.py(127): click_Success->//*[@id="base_box"]/div/div[3]/form/button
[2021-03-17 09:41:55]cl_getDriver.py(72): Open NewTab->https://kabuoji3.com/stock/7895/2004/
[2021-03-17 09:41:56]cl_getDriver.py(127): click_Success->//*[@id="base_box"]/div/div[3]/form/button
[2021-03-17 09:41:57]cl_getDriver.py(127): click_Success->//*[@id="base_box"]/div/div[3]/form/button
[2021-03-17 09:41:57]cl_getDriver.py(72): Open NewTab->https://kabuoji3.com/stock/7888/2000/
[2021-03-17 09:41:58]cl_getDriver.py(127): click_Success->//*[@id="base_box"]/div/div[3]/form/button
[2021-03-17 09:41:58]cl_getDriver.py(127): click_Success->//*[@id="base_box"]/div/div[3]/form/button
[2021-03-17 09:41:59]cl_getDriver.py(72): Open NewTab->https://kabuoji3.com/stock/7895/2003/
[2021-03-17 09:42:00]cl_getDriver.py(127): click_Success->//*[@id="base_box"]/div/div[3]/form/button
[2021-03-17 09:42:01]cl_getDriver.py(127): click_Success->//*[@id="base_box"]/div/div[3]/form/button
[2021-03-17 09:42:01]cl_getDriver.py(72): Open NewTab->https://kabuoji3.com/stock/7888/1999/
[2021-03-17 09:42:02]cl_getDriver.py(127): click_Success->//*[@id="base_box"]/div/div[3]/form/button
[2021-03-17 09:42:02]cl_getDriver.py(127): click_Success->//*[@id="base_box"]/div/div[3]/form/button
[2021-03-17 09:42:02]cl_getDriver.py(72): Open NewTab->https://kabuoji3.com/stock/7895/2002/
[2021-03-17 09:42:03]cl_getDriver.py(127): click_Success->//*[@id="base_box"]/div/div[3]/form/button
[2021-03-17 09:42:04]cl_getDriver.py(127): click_Success->//*[@id="base_box"]/div/div[3]/form/button
[2021-03-17 09:42:04]cl_getDriver.py(72): Open NewTab->https://kabuoji3.com/stock/7888/1998/
[2021-03-17 09:42:05]cl_getDriver.py(127): click_Success->//*[@id="base_box"]/div/div[3]/form/button
[2021-03-17 09:42:07]cl_getDriver.py(127): click_Success->//*[@id="base_box"]/div/div[3]/form/button
[2021-03-17 09:42:07]cl_getDriver.py(72): Open NewTab->https://kabuoji3.com/stock/7895/2001/
[2021-03-17 09:42:08]cl_getDriver.py(127): click_Success->//*[@id="base_box"]/div/div[3]/form/button
[2021-03-17 09:42:08]cl_getDriver.py(72): Open NewTab->https://kabuoji3.com/stock/7888/1997/
[2021-03-17 09:42:09]cl_getDriver.py(127): click_Success->//*[@id="base_box"]/div/div[3]/form/button
[2021-03-17 09:42:09]cl_getDriver.py(127): click_Success->//*[@id="base_box"]/div/div[3]/form/button
[2021-03-17 09:42:11]cl_getDriver.py(127): click_Success->//*[@id="base_box"]/div/div[3]/form/button
[2021-03-17 09:42:11]cl_getDriver.py(72): Open NewTab->https://kabuoji3.com/stock/7895/2000/
[2021-03-17 09:42:12]cl_getDriver.py(127): click_Success->//*[@id="base_box"]/div/div[3]/form/button
[2021-03-17 09:42:12]cl_getDriver.py(72): Open NewTab->https://kabuoji3.com/stock/7888/1996/
[2021-03-17 09:42:13]cl_getDriver.py(127): click_Success->//*[@id="base_box"]/div/div[3]/form/button
[2021-03-17 09:42:13]cl_getDriver.py(127): click_Success->//*[@id="base_box"]/div/div[3]/form/button
[2021-03-17 09:42:15]cl_getDriver.py(127): click_Success->//*[@id="base_box"]/div/div[3]/form/button
[2021-03-17 09:42:16]cl_getDriver.py(72): Open NewTab->https://kabuoji3.com/stock/7895/1999/
[2021-03-17 09:42:16]cl_getDriver.py(127): click_Success->//*[@id="base_box"]/div/div[3]/form/button
[2021-03-17 09:42:16]cl_getDriver.py(72): Open NewTab->https://kabuoji3.com/stock/7888/1995/
[2021-03-17 09:42:17]cl_getDriver.py(127): click_Success->//*[@id="base_box"]/div/div[3]/form/button
[2021-03-17 09:42:17]cl_getDriver.py(127): click_Success->//*[@id="base_box"]/div/div[3]/form/button
[2021-03-17 09:42:19]cl_getDriver.py(127): click_Success->//*[@id="base_box"]/div/div[3]/form/button
[2021-03-17 09:42:20]cl_getDriver.py(72): Open NewTab->https://kabuoji3.com/stock/7895/1998/
[2021-03-17 09:42:20]cl_getDriver.py(127): click_Success->//*[@id="base_box"]/div/div[3]/form/button
[2021-03-17 09:42:21]cl_getDriver.py(127): click_Success->//*[@id="base_box"]/div/div[3]/form/button
[2021-03-17 09:42:23]cl_getDriver.py(127): click_Success->//*[@id="base_box"]/div/div[3]/form/button
[2021-03-17 09:42:23]cl_getDriver.py(72): Open NewTab->https://kabuoji3.com/stock/7895/1997/
[2021-03-17 09:42:24]main.py(42): finished Process->https://kabuoji3.com/stock/7888/
[2021-03-17 09:42:24]main.py(15): start_Process->https://kabuoji3.com/stock/7899/
[2021-03-17 09:42:25]cl_getDriver.py(127): click_Success->//*[@id="base_box"]/div/div[3]/form/button
[2021-03-17 09:42:27]cl_getDriver.py(127): click_Success->//*[@id="base_box"]/div/div[3]/form/button
[2021-03-17 09:42:27]cl_getDriver.py(72): Open NewTab->https://kabuoji3.com/stock/7895/1996/
[2021-03-17 09:42:29]cl_getDriver.py(127): click_Success->//*[@id="base_box"]/div/div[3]/form/button
[2021-03-17 09:42:29]cl_getDriver.py(64): getURL=https://kabuoji3.com/stock/7899/
[2021-03-17 09:42:30]cl_getDriver.py(72): Open NewTab->https://kabuoji3.com/stock/7899/
[2021-03-17 09:42:30]cl_getDriver.py(130): Not Found->//*[@id="base_box"]/div/div[3]/form/button
[2021-03-17 09:42:31]cl_getDriver.py(127): click_Success->//*[@id="base_box"]/div/div[3]/form/button
[2021-03-17 09:42:31]cl_getDriver.py(72): Open NewTab->https://kabuoji3.com/stock/7895/1995/
[2021-03-17 09:42:32]cl_getDriver.py(127): click_Success->//*[@id="base_box"]/div/div[3]/form/button
[2021-03-17 09:42:32]cl_getDriver.py(130): Not Found->//*[@id="base_box"]/div/div[3]/form/button
[2021-03-17 09:42:33]cl_getDriver.py(72): Open NewTab->https://kabuoji3.com/stock/7899/2021/
[2021-03-17 09:42:34]cl_getDriver.py(127): click_Success->//*[@id="base_box"]/div/div[3]/form/button
[2021-03-17 09:42:35]cl_getDriver.py(127): click_Success->//*[@id="base_box"]/div/div[3]/form/button
[2021-03-17 09:42:35]cl_getDriver.py(72): Open NewTab->https://kabuoji3.com/stock/7895/1994/
[2021-03-17 09:42:36]cl_getDriver.py(127): click_Success->//*[@id="base_box"]/div/div[3]/form/button
[2021-03-17 09:42:36]cl_getDriver.py(127): click_Success->//*[@id="base_box"]/div/div[3]/form/button
[2021-03-17 09:42:36]cl_getDriver.py(72): Open NewTab->https://kabuoji3.com/stock/7899/2020/
[2021-03-17 09:42:38]cl_getDriver.py(127): click_Success->//*[@id="base_box"]/div/div[3]/form/button
[2021-03-17 09:42:38]cl_getDriver.py(127): click_Success->//*[@id="base_box"]/div/div[3]/form/button
[2021-03-17 09:42:40]cl_getDriver.py(127): click_Success->//*[@id="base_box"]/div/div[3]/form/button
[2021-03-17 09:42:40]cl_getDriver.py(72): Open NewTab->https://kabuoji3.com/stock/7899/2019/
[2021-03-17 09:42:41]cl_getDriver.py(127): click_Success->//*[@id="base_box"]/div/div[3]/form/button
[2021-03-17 09:42:42]main.py(42): finished Process->https://kabuoji3.com/stock/7895/
[2021-03-17 09:42:42]main.py(15): start_Process->https://kabuoji3.com/stock/7908/
[2021-03-17 09:42:44]cl_getDriver.py(127): click_Success->//*[@id="base_box"]/div/div[3]/form/button
[2021-03-17 09:42:44]cl_getDriver.py(72): Open NewTab->https://kabuoji3.com/stock/7899/2018/
[2021-03-17 09:42:45]cl_getDriver.py(127): click_Success->//*[@id="base_box"]/div/div[3]/form/button
[2021-03-17 09:42:48]cl_getDriver.py(127): click_Success->//*[@id="base_box"]/div/div[3]/form/button
[2021-03-17 09:42:48]cl_getDriver.py(72): Open NewTab->https://kabuoji3.com/stock/7899/2017/
[2021-03-17 09:42:49]cl_getDriver.py(127): click_Success->//*[@id="base_box"]/div/div[3]/form/button
[2021-03-17 09:42:50]cl_getDriver.py(64): getURL=https://kabuoji3.com/stock/7908/
[2021-03-17 09:42:50]cl_getDriver.py(72): Open NewTab->https://kabuoji3.com/stock/7908/
[2021-03-17 09:42:51]cl_getDriver.py(130): Not Found->//*[@id="base_box"]/div/div[3]/form/button
[2021-03-17 09:42:52]cl_getDriver.py(127): click_Success->//*[@id="base_box"]/div/div[3]/form/button
[2021-03-17 09:42:52]cl_getDriver.py(72): Open NewTab->https://kabuoji3.com/stock/7899/2016/
[2021-03-17 09:42:53]cl_getDriver.py(130): Not Found->//*[@id="base_box"]/div/div[3]/form/button
[2021-03-17 09:42:53]cl_getDriver.py(127): click_Success->//*[@id="base_box"]/div/div[3]/form/button
[2021-03-17 09:42:53]cl_getDriver.py(72): Open NewTab->https://kabuoji3.com/stock/7908/2021/
[2021-03-17 09:42:54]cl_getDriver.py(127): click_Success->//*[@id="base_box"]/div/div[3]/form/button
[2021-03-17 09:42:56]cl_getDriver.py(127): click_Success->//*[@id="base_box"]/div/div[3]/form/button
[2021-03-17 09:42:56]cl_getDriver.py(72): Open NewTab->https://kabuoji3.com/stock/7899/2015/
[2021-03-17 09:42:56]cl_getDriver.py(127): click_Success->//*[@id="base_box"]/div/div[3]/form/button
[2021-03-17 09:42:57]cl_getDriver.py(72): Open NewTab->https://kabuoji3.com/stock/7908/2020/
[2021-03-17 09:42:57]cl_getDriver.py(127): click_Success->//*[@id="base_box"]/div/div[3]/form/button
[2021-03-17 09:42:58]cl_getDriver.py(127): click_Success->//*[@id="base_box"]/div/div[3]/form/button
[2021-03-17 09:43:00]cl_getDriver.py(127): click_Success->//*[@id="base_box"]/div/div[3]/form/button
[2021-03-17 09:43:00]cl_getDriver.py(72): Open NewTab->https://kabuoji3.com/stock/7899/2014/
[2021-03-17 09:43:00]cl_getDriver.py(127): click_Success->//*[@id="base_box"]/div/div[3]/form/button
[2021-03-17 09:43:01]cl_getDriver.py(72): Open NewTab->https://kabuoji3.com/stock/7908/2019/
[2021-03-17 09:43:02]cl_getDriver.py(127): click_Success->//*[@id="base_box"]/div/div[3]/form/button
[2021-03-17 09:43:02]cl_getDriver.py(127): click_Success->//*[@id="base_box"]/div/div[3]/form/button
[2021-03-17 09:43:04]cl_getDriver.py(127): click_Success->//*[@id="base_box"]/div/div[3]/form/button
[2021-03-17 09:43:04]cl_getDriver.py(72): Open NewTab->https://kabuoji3.com/stock/7899/2013/
[2021-03-17 09:43:04]cl_getDriver.py(127): click_Success->//*[@id="base_box"]/div/div[3]/form/button
[2021-03-17 09:43:05]cl_getDriver.py(72): Open NewTab->https://kabuoji3.com/stock/7908/2018/
[2021-03-17 09:43:06]cl_getDriver.py(127): click_Success->//*[@id="base_box"]/div/div[3]/form/button
[2021-03-17 09:43:06]cl_getDriver.py(127): click_Success->//*[@id="base_box"]/div/div[3]/form/button
[2021-03-17 09:43:08]cl_getDriver.py(127): click_Success->//*[@id="base_box"]/div/div[3]/form/button
[2021-03-17 09:43:08]cl_getDriver.py(72): Open NewTab->https://kabuoji3.com/stock/7899/2012/
[2021-03-17 09:43:08]cl_getDriver.py(127): click_Success->//*[@id="base_box"]/div/div[3]/form/button
[2021-03-17 09:43:09]cl_getDriver.py(72): Open NewTab->https://kabuoji3.com/stock/7908/2017/
[2021-03-17 09:43:10]cl_getDriver.py(127): click_Success->//*[@id="base_box"]/div/div[3]/form/button
[2021-03-17 09:43:10]cl_getDriver.py(127): click_Success->//*[@id="base_box"]/div/div[3]/form/button
[2021-03-17 09:43:12]cl_getDriver.py(127): click_Success->//*[@id="base_box"]/div/div[3]/form/button
[2021-03-17 09:43:12]cl_getDriver.py(72): Open NewTab->https://kabuoji3.com/stock/7899/2011/
[2021-03-17 09:43:13]cl_getDriver.py(127): click_Success->//*[@id="base_box"]/div/div[3]/form/button
[2021-03-17 09:43:13]cl_getDriver.py(72): Open NewTab->https://kabuoji3.com/stock/7908/2016/
[2021-03-17 09:43:14]cl_getDriver.py(127): click_Success->//*[@id="base_box"]/div/div[3]/form/button
[2021-03-17 09:43:14]cl_getDriver.py(127): click_Success->//*[@id="base_box"]/div/div[3]/form/button
[2021-03-17 09:43:16]cl_getDriver.py(127): click_Success->//*[@id="base_box"]/div/div[3]/form/button
[2021-03-17 09:43:16]cl_getDriver.py(72): Open NewTab->https://kabuoji3.com/stock/7899/2010/
[2021-03-17 09:43:17]cl_getDriver.py(127): click_Success->//*[@id="base_box"]/div/div[3]/form/button
[2021-03-17 09:43:17]cl_getDriver.py(72): Open NewTab->https://kabuoji3.com/stock/7908/2015/
[2021-03-17 09:43:18]cl_getDriver.py(127): click_Success->//*[@id="base_box"]/div/div[3]/form/button
[2021-03-17 09:43:19]cl_getDriver.py(127): click_Success->//*[@id="base_box"]/div/div[3]/form/button
[2021-03-17 09:43:20]cl_getDriver.py(127): click_Success->//*[@id="base_box"]/div/div[3]/form/button
[2021-03-17 09:43:21]cl_getDriver.py(72): Open NewTab->https://kabuoji3.com/stock/7899/2009/
[2021-03-17 09:43:21]cl_getDriver.py(127): click_Success->//*[@id="base_box"]/div/div[3]/form/button
[2021-03-17 09:43:21]cl_getDriver.py(72): Open NewTab->https://kabuoji3.com/stock/7908/2014/
[2021-03-17 09:43:22]cl_getDriver.py(127): click_Success->//*[@id="base_box"]/div/div[3]/form/button
[2021-03-17 09:43:23]cl_getDriver.py(127): click_Success->//*[@id="base_box"]/div/div[3]/form/button
[2021-03-17 09:43:24]cl_getDriver.py(127): click_Success->//*[@id="base_box"]/div/div[3]/form/button
[2021-03-17 09:43:25]cl_getDriver.py(72): Open NewTab->https://kabuoji3.com/stock/7899/2008/
[2021-03-17 09:43:25]cl_getDriver.py(127): click_Success->//*[@id="base_box"]/div/div[3]/form/button
[2021-03-17 09:43:26]cl_getDriver.py(72): Open NewTab->https://kabuoji3.com/stock/7908/2013/
[2021-03-17 09:43:26]cl_getDriver.py(127): click_Success->//*[@id="base_box"]/div/div[3]/form/button
[2021-03-17 09:43:27]cl_getDriver.py(127): click_Success->//*[@id="base_box"]/div/div[3]/form/button
[2021-03-17 09:43:28]cl_getDriver.py(127): click_Success->//*[@id="base_box"]/div/div[3]/form/button
[2021-03-17 09:43:28]cl_getDriver.py(72): Open NewTab->https://kabuoji3.com/stock/7899/2007/
[2021-03-17 09:43:29]cl_getDriver.py(127): click_Success->//*[@id="base_box"]/div/div[3]/form/button
[2021-03-17 09:43:29]cl_getDriver.py(127): click_Success->//*[@id="base_box"]/div/div[3]/form/button
[2021-03-17 09:43:30]cl_getDriver.py(72): Open NewTab->https://kabuoji3.com/stock/7908/2012/
[2021-03-17 09:43:31]cl_getDriver.py(127): click_Success->//*[@id="base_box"]/div/div[3]/form/button
[2021-03-17 09:43:32]cl_getDriver.py(127): click_Success->//*[@id="base_box"]/div/div[3]/form/button
[2021-03-17 09:43:32]cl_getDriver.py(72): Open NewTab->https://kabuoji3.com/stock/7899/2006/
[2021-03-17 09:43:33]cl_getDriver.py(127): click_Success->//*[@id="base_box"]/div/div[3]/form/button
[2021-03-17 09:43:34]cl_getDriver.py(127): click_Success->//*[@id="base_box"]/div/div[3]/form/button
[2021-03-17 09:43:34]cl_getDriver.py(72): Open NewTab->https://kabuoji3.com/stock/7908/2011/
[2021-03-17 09:43:35]cl_getDriver.py(127): click_Success->//*[@id="base_box"]/div/div[3]/form/button
[2021-03-17 09:43:35]cl_getDriver.py(127): click_Success->//*[@id="base_box"]/div/div[3]/form/button
[2021-03-17 09:43:36]cl_getDriver.py(72): Open NewTab->https://kabuoji3.com/stock/7899/2005/
[2021-03-17 09:43:37]cl_getDriver.py(127): click_Success->//*[@id="base_box"]/div/div[3]/form/button
[2021-03-17 09:43:38]cl_getDriver.py(127): click_Success->//*[@id="base_box"]/div/div[3]/form/button
[2021-03-17 09:43:38]cl_getDriver.py(72): Open NewTab->https://kabuoji3.com/stock/7908/2010/
[2021-03-17 09:43:39]cl_getDriver.py(127): click_Success->//*[@id="base_box"]/div/div[3]/form/button
[2021-03-17 09:43:39]cl_getDriver.py(72): Open NewTab->https://kabuoji3.com/stock/7899/2004/
[2021-03-17 09:43:40]cl_getDriver.py(127): click_Success->//*[@id="base_box"]/div/div[3]/form/button
[2021-03-17 09:43:41]cl_getDriver.py(127): click_Success->//*[@id="base_box"]/div/div[3]/form/button
[2021-03-17 09:43:43]cl_getDriver.py(127): click_Success->//*[@id="base_box"]/div/div[3]/form/button
[2021-03-17 09:43:43]cl_getDriver.py(127): click_Success->//*[@id="base_box"]/div/div[3]/form/button
[2021-03-17 09:43:43]cl_getDriver.py(72): Open NewTab->https://kabuoji3.com/stock/7908/2009/
[2021-03-17 09:43:44]cl_getDriver.py(72): Open NewTab->https://kabuoji3.com/stock/7899/2003/
[2021-03-17 09:43:45]cl_getDriver.py(127): click_Success->//*[@id="base_box"]/div/div[3]/form/button
[2021-03-17 09:43:45]cl_getDriver.py(127): click_Success->//*[@id="base_box"]/div/div[3]/form/button
[2021-03-17 09:43:47]cl_getDriver.py(127): click_Success->//*[@id="base_box"]/div/div[3]/form/button
[2021-03-17 09:43:47]cl_getDriver.py(127): click_Success->//*[@id="base_box"]/div/div[3]/form/button
[2021-03-17 09:43:48]cl_getDriver.py(72): Open NewTab->https://kabuoji3.com/stock/7908/2008/
[2021-03-17 09:43:48]cl_getDriver.py(72): Open NewTab->https://kabuoji3.com/stock/7899/2002/
[2021-03-17 09:43:49]cl_getDriver.py(127): click_Success->//*[@id="base_box"]/div/div[3]/form/button
[2021-03-17 09:43:50]cl_getDriver.py(127): click_Success->//*[@id="base_box"]/div/div[3]/form/button
[2021-03-17 09:43:52]cl_getDriver.py(127): click_Success->//*[@id="base_box"]/div/div[3]/form/button
[2021-03-17 09:43:52]cl_getDriver.py(127): click_Success->//*[@id="base_box"]/div/div[3]/form/button
[2021-03-17 09:43:53]cl_getDriver.py(72): Open NewTab->https://kabuoji3.com/stock/7899/2001/
[2021-03-17 09:43:53]cl_getDriver.py(72): Open NewTab->https://kabuoji3.com/stock/7908/2007/
[2021-03-17 09:43:54]cl_getDriver.py(127): click_Success->//*[@id="base_box"]/div/div[3]/form/button
[2021-03-17 09:43:54]cl_getDriver.py(127): click_Success->//*[@id="base_box"]/div/div[3]/form/button
[2021-03-17 09:43:57]cl_getDriver.py(127): click_Success->//*[@id="base_box"]/div/div[3]/form/button
[2021-03-17 09:43:57]cl_getDriver.py(127): click_Success->//*[@id="base_box"]/div/div[3]/form/button
[2021-03-17 09:43:57]cl_getDriver.py(72): Open NewTab->https://kabuoji3.com/stock/7899/2000/
[2021-03-17 09:43:58]cl_getDriver.py(72): Open NewTab->https://kabuoji3.com/stock/7908/2006/
[2021-03-17 09:43:59]cl_getDriver.py(127): click_Success->//*[@id="base_box"]/div/div[3]/form/button
[2021-03-17 09:43:59]cl_getDriver.py(127): click_Success->//*[@id="base_box"]/div/div[3]/form/button
[2021-03-17 09:44:02]cl_getDriver.py(127): click_Success->//*[@id="base_box"]/div/div[3]/form/button
[2021-03-17 09:44:02]cl_getDriver.py(127): click_Success->//*[@id="base_box"]/div/div[3]/form/button
[2021-03-17 09:44:02]cl_getDriver.py(72): Open NewTab->https://kabuoji3.com/stock/7899/1999/
[2021-03-17 09:44:02]cl_getDriver.py(72): Open NewTab->https://kabuoji3.com/stock/7908/2005/
[2021-03-17 09:44:04]cl_getDriver.py(127): click_Success->//*[@id="base_box"]/div/div[3]/form/button
[2021-03-17 09:44:04]cl_getDriver.py(127): click_Success->//*[@id="base_box"]/div/div[3]/form/button
[2021-03-17 09:44:06]cl_getDriver.py(127): click_Success->//*[@id="base_box"]/div/div[3]/form/button
[2021-03-17 09:44:06]cl_getDriver.py(127): click_Success->//*[@id="base_box"]/div/div[3]/form/button
[2021-03-17 09:44:07]cl_getDriver.py(72): Open NewTab->https://kabuoji3.com/stock/7899/1998/
[2021-03-17 09:44:08]cl_getDriver.py(127): click_Success->//*[@id="base_box"]/div/div[3]/form/button
[2021-03-17 09:44:09]main.py(42): finished Process->https://kabuoji3.com/stock/7908/
[2021-03-17 09:44:09]main.py(15): start_Process->https://kabuoji3.com/stock/7917/
[2021-03-17 09:44:10]cl_getDriver.py(127): click_Success->//*[@id="base_box"]/div/div[3]/form/button
[2021-03-17 09:44:11]cl_getDriver.py(72): Open NewTab->https://kabuoji3.com/stock/7899/1997/
[2021-03-17 09:44:12]cl_getDriver.py(127): click_Success->//*[@id="base_box"]/div/div[3]/form/button
[2021-03-17 09:44:14]cl_getDriver.py(64): getURL=https://kabuoji3.com/stock/7917/
[2021-03-17 09:44:14]cl_getDriver.py(72): Open NewTab->https://kabuoji3.com/stock/7917/
[2021-03-17 09:44:14]cl_getDriver.py(127): click_Success->//*[@id="base_box"]/div/div[3]/form/button
[2021-03-17 09:44:15]cl_getDriver.py(72): Open NewTab->https://kabuoji3.com/stock/7899/1996/
[2021-03-17 09:44:15]cl_getDriver.py(130): Not Found->//*[@id="base_box"]/div/div[3]/form/button
[2021-03-17 09:44:16]cl_getDriver.py(127): click_Success->//*[@id="base_box"]/div/div[3]/form/button
[2021-03-17 09:44:17]cl_getDriver.py(130): Not Found->//*[@id="base_box"]/div/div[3]/form/button
[2021-03-17 09:44:17]cl_getDriver.py(72): Open NewTab->https://kabuoji3.com/stock/7917/2021/
[2021-03-17 09:44:18]cl_getDriver.py(127): click_Success->//*[@id="base_box"]/div/div[3]/form/button
[2021-03-17 09:44:19]cl_getDriver.py(72): Open NewTab->https://kabuoji3.com/stock/7899/1995/
[2021-03-17 09:44:19]cl_getDriver.py(127): click_Success->//*[@id="base_box"]/div/div[3]/form/button
[2021-03-17 09:44:20]cl_getDriver.py(127): click_Success->//*[@id="base_box"]/div/div[3]/form/button
[2021-03-17 09:44:21]cl_getDriver.py(127): click_Success->//*[@id="base_box"]/div/div[3]/form/button
[2021-03-17 09:44:21]cl_getDriver.py(72): Open NewTab->https://kabuoji3.com/stock/7917/2020/
[2021-03-17 09:44:22]cl_getDriver.py(127): click_Success->//*[@id="base_box"]/div/div[3]/form/button
[2021-03-17 09:44:23]cl_getDriver.py(127): click_Success->//*[@id="base_box"]/div/div[3]/form/button
[2021-03-17 09:44:23]cl_getDriver.py(72): Open NewTab->https://kabuoji3.com/stock/7899/1994/
[2021-03-17 09:44:24]cl_getDriver.py(127): click_Success->//*[@id="base_box"]/div/div[3]/form/button
[2021-03-17 09:44:25]cl_getDriver.py(127): click_Success->//*[@id="base_box"]/div/div[3]/form/button
[2021-03-17 09:44:25]cl_getDriver.py(72): Open NewTab->https://kabuoji3.com/stock/7917/2019/
[2021-03-17 09:44:26]cl_getDriver.py(127): click_Success->//*[@id="base_box"]/div/div[3]/form/button
[2021-03-17 09:44:27]cl_getDriver.py(127): click_Success->//*[@id="base_box"]/div/div[3]/form/button
[2021-03-17 09:44:29]cl_getDriver.py(127): click_Success->//*[@id="base_box"]/div/div[3]/form/button
[2021-03-17 09:44:29]cl_getDriver.py(72): Open NewTab->https://kabuoji3.com/stock/7917/2018/
[2021-03-17 09:44:30]cl_getDriver.py(127): click_Success->//*[@id="base_box"]/div/div[3]/form/button
[2021-03-17 09:44:30]main.py(42): finished Process->https://kabuoji3.com/stock/7899/
[2021-03-17 09:44:30]main.py(15): start_Process->https://kabuoji3.com/stock/7925/
[2021-03-17 09:44:32]cl_getDriver.py(127): click_Success->//*[@id="base_box"]/div/div[3]/form/button
[2021-03-17 09:44:33]cl_getDriver.py(72): Open NewTab->https://kabuoji3.com/stock/7917/2017/
[2021-03-17 09:44:34]cl_getDriver.py(127): click_Success->//*[@id="base_box"]/div/div[3]/form/button
[2021-03-17 09:44:35]cl_getDriver.py(64): getURL=https://kabuoji3.com/stock/7925/
[2021-03-17 09:44:36]cl_getDriver.py(72): Open NewTab->https://kabuoji3.com/stock/7925/
[2021-03-17 09:44:36]cl_getDriver.py(127): click_Success->//*[@id="base_box"]/div/div[3]/form/button
[2021-03-17 09:44:36]cl_getDriver.py(72): Open NewTab->https://kabuoji3.com/stock/7917/2016/
[2021-03-17 09:44:37]cl_getDriver.py(130): Not Found->//*[@id="base_box"]/div/div[3]/form/button
[2021-03-17 09:44:38]cl_getDriver.py(127): click_Success->//*[@id="base_box"]/div/div[3]/form/button
[2021-03-17 09:44:39]cl_getDriver.py(130): Not Found->//*[@id="base_box"]/div/div[3]/form/button
[2021-03-17 09:44:39]cl_getDriver.py(72): Open NewTab->https://kabuoji3.com/stock/7925/2021/
[2021-03-17 09:44:40]cl_getDriver.py(127): click_Success->//*[@id="base_box"]/div/div[3]/form/button
[2021-03-17 09:44:40]cl_getDriver.py(127): click_Success->//*[@id="base_box"]/div/div[3]/form/button
[2021-03-17 09:44:40]cl_getDriver.py(72): Open NewTab->https://kabuoji3.com/stock/7917/2015/
[2021-03-17 09:44:41]cl_getDriver.py(127): click_Success->//*[@id="base_box"]/div/div[3]/form/button
[2021-03-17 09:44:43]cl_getDriver.py(127): click_Success->//*[@id="base_box"]/div/div[3]/form/button
[2021-03-17 09:44:43]cl_getDriver.py(72): Open NewTab->https://kabuoji3.com/stock/7925/2020/
[2021-03-17 09:44:44]cl_getDriver.py(127): click_Success->//*[@id="base_box"]/div/div[3]/form/button
[2021-03-17 09:44:44]cl_getDriver.py(72): Open NewTab->https://kabuoji3.com/stock/7917/2014/
[2021-03-17 09:44:44]cl_getDriver.py(127): click_Success->//*[@id="base_box"]/div/div[3]/form/button
[2021-03-17 09:44:45]cl_getDriver.py(127): click_Success->//*[@id="base_box"]/div/div[3]/form/button
[2021-03-17 09:44:47]cl_getDriver.py(127): click_Success->//*[@id="base_box"]/div/div[3]/form/button
[2021-03-17 09:44:47]cl_getDriver.py(72): Open NewTab->https://kabuoji3.com/stock/7925/2019/
[2021-03-17 09:44:47]cl_getDriver.py(127): click_Success->//*[@id="base_box"]/div/div[3]/form/button
[2021-03-17 09:44:48]cl_getDriver.py(72): Open NewTab->https://kabuoji3.com/stock/7917/2013/
[2021-03-17 09:44:49]cl_getDriver.py(127): click_Success->//*[@id="base_box"]/div/div[3]/form/button
[2021-03-17 09:44:49]cl_getDriver.py(127): click_Success->//*[@id="base_box"]/div/div[3]/form/button
[2021-03-17 09:44:51]cl_getDriver.py(127): click_Success->//*[@id="base_box"]/div/div[3]/form/button
[2021-03-17 09:44:51]cl_getDriver.py(72): Open NewTab->https://kabuoji3.com/stock/7925/2018/
[2021-03-17 09:44:52]cl_getDriver.py(127): click_Success->//*[@id="base_box"]/div/div[3]/form/button
[2021-03-17 09:44:52]cl_getDriver.py(72): Open NewTab->https://kabuoji3.com/stock/7917/2012/
[2021-03-17 09:44:53]cl_getDriver.py(127): click_Success->//*[@id="base_box"]/div/div[3]/form/button
[2021-03-17 09:44:53]cl_getDriver.py(127): click_Success->//*[@id="base_box"]/div/div[3]/form/button
[2021-03-17 09:44:55]cl_getDriver.py(127): click_Success->//*[@id="base_box"]/div/div[3]/form/button
[2021-03-17 09:44:55]cl_getDriver.py(72): Open NewTab->https://kabuoji3.com/stock/7925/2017/
[2021-03-17 09:44:56]cl_getDriver.py(127): click_Success->//*[@id="base_box"]/div/div[3]/form/button
[2021-03-17 09:44:56]cl_getDriver.py(72): Open NewTab->https://kabuoji3.com/stock/7917/2011/
[2021-03-17 09:44:57]cl_getDriver.py(127): click_Success->//*[@id="base_box"]/div/div[3]/form/button
[2021-03-17 09:44:58]cl_getDriver.py(127): click_Success->//*[@id="base_box"]/div/div[3]/form/button
[2021-03-17 09:44:59]cl_getDriver.py(127): click_Success->//*[@id="base_box"]/div/div[3]/form/button
[2021-03-17 09:45:00]cl_getDriver.py(72): Open NewTab->https://kabuoji3.com/stock/7925/2016/
[2021-03-17 09:45:00]cl_getDriver.py(127): click_Success->//*[@id="base_box"]/div/div[3]/form/button
[2021-03-17 09:45:00]cl_getDriver.py(72): Open NewTab->https://kabuoji3.com/stock/7917/2010/
[2021-03-17 09:45:01]cl_getDriver.py(127): click_Success->//*[@id="base_box"]/div/div[3]/form/button
[2021-03-17 09:45:01]cl_getDriver.py(127): click_Success->//*[@id="base_box"]/div/div[3]/form/button
[2021-03-17 09:45:03]cl_getDriver.py(127): click_Success->//*[@id="base_box"]/div/div[3]/form/button
[2021-03-17 09:45:04]cl_getDriver.py(72): Open NewTab->https://kabuoji3.com/stock/7925/2015/
[2021-03-17 09:45:04]cl_getDriver.py(127): click_Success->//*[@id="base_box"]/div/div[3]/form/button
[2021-03-17 09:45:04]cl_getDriver.py(72): Open NewTab->https://kabuoji3.com/stock/7917/2009/
[2021-03-17 09:45:05]cl_getDriver.py(127): click_Success->//*[@id="base_box"]/div/div[3]/form/button
[2021-03-17 09:45:05]cl_getDriver.py(127): click_Success->//*[@id="base_box"]/div/div[3]/form/button
[2021-03-17 09:45:08]cl_getDriver.py(127): click_Success->//*[@id="base_box"]/div/div[3]/form/button
[2021-03-17 09:45:08]cl_getDriver.py(127): click_Success->//*[@id="base_box"]/div/div[3]/form/button
[2021-03-17 09:45:08]cl_getDriver.py(72): Open NewTab->https://kabuoji3.com/stock/7925/2014/
[2021-03-17 09:45:08]cl_getDriver.py(72): Open NewTab->https://kabuoji3.com/stock/7917/2008/
[2021-03-17 09:45:09]cl_getDriver.py(127): click_Success->//*[@id="base_box"]/div/div[3]/form/button
[2021-03-17 09:45:10]cl_getDriver.py(127): click_Success->//*[@id="base_box"]/div/div[3]/form/button
[2021-03-17 09:45:12]cl_getDriver.py(127): click_Success->//*[@id="base_box"]/div/div[3]/form/button
[2021-03-17 09:45:12]cl_getDriver.py(127): click_Success->//*[@id="base_box"]/div/div[3]/form/button
[2021-03-17 09:45:12]cl_getDriver.py(72): Open NewTab->https://kabuoji3.com/stock/7925/2013/
[2021-03-17 09:45:13]cl_getDriver.py(72): Open NewTab->https://kabuoji3.com/stock/7917/2007/
[2021-03-17 09:45:14]cl_getDriver.py(127): click_Success->//*[@id="base_box"]/div/div[3]/form/button
[2021-03-17 09:45:14]cl_getDriver.py(127): click_Success->//*[@id="base_box"]/div/div[3]/form/button
[2021-03-17 09:45:16]cl_getDriver.py(127): click_Success->//*[@id="base_box"]/div/div[3]/form/button
[2021-03-17 09:45:16]cl_getDriver.py(127): click_Success->//*[@id="base_box"]/div/div[3]/form/button
[2021-03-17 09:45:17]cl_getDriver.py(72): Open NewTab->https://kabuoji3.com/stock/7925/2012/
[2021-03-17 09:45:17]cl_getDriver.py(72): Open NewTab->https://kabuoji3.com/stock/7917/2006/
[2021-03-17 09:45:19]cl_getDriver.py(127): click_Success->//*[@id="base_box"]/div/div[3]/form/button
[2021-03-17 09:45:19]cl_getDriver.py(127): click_Success->//*[@id="base_box"]/div/div[3]/form/button
[2021-03-17 09:45:22]cl_getDriver.py(127): click_Success->//*[@id="base_box"]/div/div[3]/form/button
[2021-03-17 09:45:22]cl_getDriver.py(127): click_Success->//*[@id="base_box"]/div/div[3]/form/button
[2021-03-17 09:45:22]cl_getDriver.py(72): Open NewTab->https://kabuoji3.com/stock/7925/2011/
[2021-03-17 09:45:22]cl_getDriver.py(72): Open NewTab->https://kabuoji3.com/stock/7917/2005/
[2021-03-17 09:45:24]cl_getDriver.py(127): click_Success->//*[@id="base_box"]/div/div[3]/form/button
[2021-03-17 09:45:24]cl_getDriver.py(127): click_Success->//*[@id="base_box"]/div/div[3]/form/button
[2021-03-17 09:45:26]cl_getDriver.py(127): click_Success->//*[@id="base_box"]/div/div[3]/form/button
[2021-03-17 09:45:26]cl_getDriver.py(72): Open NewTab->https://kabuoji3.com/stock/7925/2010/
[2021-03-17 09:45:27]cl_getDriver.py(127): click_Success->//*[@id="base_box"]/div/div[3]/form/button
[2021-03-17 09:45:27]cl_getDriver.py(72): Open NewTab->https://kabuoji3.com/stock/7917/2004/
[2021-03-17 09:45:28]cl_getDriver.py(127): click_Success->//*[@id="base_box"]/div/div[3]/form/button
[2021-03-17 09:45:29]cl_getDriver.py(127): click_Success->//*[@id="base_box"]/div/div[3]/form/button
[2021-03-17 09:45:31]cl_getDriver.py(127): click_Success->//*[@id="base_box"]/div/div[3]/form/button
[2021-03-17 09:45:31]cl_getDriver.py(72): Open NewTab->https://kabuoji3.com/stock/7925/2009/
[2021-03-17 09:45:31]cl_getDriver.py(127): click_Success->//*[@id="base_box"]/div/div[3]/form/button
[2021-03-17 09:45:31]cl_getDriver.py(72): Open NewTab->https://kabuoji3.com/stock/7917/2003/
[2021-03-17 09:45:32]cl_getDriver.py(127): click_Success->//*[@id="base_box"]/div/div[3]/form/button
[2021-03-17 09:45:33]cl_getDriver.py(127): click_Success->//*[@id="base_box"]/div/div[3]/form/button
[2021-03-17 09:45:35]cl_getDriver.py(127): click_Success->//*[@id="base_box"]/div/div[3]/form/button
[2021-03-17 09:45:35]cl_getDriver.py(72): Open NewTab->https://kabuoji3.com/stock/7925/2008/
[2021-03-17 09:45:36]cl_getDriver.py(127): click_Success->//*[@id="base_box"]/div/div[3]/form/button
[2021-03-17 09:45:36]cl_getDriver.py(72): Open NewTab->https://kabuoji3.com/stock/7917/2002/
[2021-03-17 09:45:36]cl_getDriver.py(127): click_Success->//*[@id="base_box"]/div/div[3]/form/button
[2021-03-17 09:45:37]cl_getDriver.py(127): click_Success->//*[@id="base_box"]/div/div[3]/form/button
[2021-03-17 09:45:39]cl_getDriver.py(127): click_Success->//*[@id="base_box"]/div/div[3]/form/button
[2021-03-17 09:45:39]cl_getDriver.py(72): Open NewTab->https://kabuoji3.com/stock/7925/2007/
[2021-03-17 09:45:39]cl_getDriver.py(127): click_Success->//*[@id="base_box"]/div/div[3]/form/button
[2021-03-17 09:45:41]cl_getDriver.py(127): click_Success->//*[@id="base_box"]/div/div[3]/form/button
[2021-03-17 09:45:43]main.py(42): finished Process->https://kabuoji3.com/stock/7917/
[2021-03-17 09:45:43]main.py(15): start_Process->https://kabuoji3.com/stock/7927/
[2021-03-17 09:45:43]cl_getDriver.py(127): click_Success->//*[@id="base_box"]/div/div[3]/form/button
[2021-03-17 09:45:43]cl_getDriver.py(72): Open NewTab->https://kabuoji3.com/stock/7925/2006/
[2021-03-17 09:45:44]cl_getDriver.py(127): click_Success->//*[@id="base_box"]/div/div[3]/form/button
[2021-03-17 09:45:46]cl_getDriver.py(127): click_Success->//*[@id="base_box"]/div/div[3]/form/button
[2021-03-17 09:45:47]cl_getDriver.py(72): Open NewTab->https://kabuoji3.com/stock/7925/2005/
[2021-03-17 09:45:48]cl_getDriver.py(127): click_Success->//*[@id="base_box"]/div/div[3]/form/button
[2021-03-17 09:45:49]cl_getDriver.py(64): getURL=https://kabuoji3.com/stock/7927/
[2021-03-17 09:45:49]cl_getDriver.py(72): Open NewTab->https://kabuoji3.com/stock/7927/
[2021-03-17 09:45:50]cl_getDriver.py(130): Not Found->//*[@id="base_box"]/div/div[3]/form/button
[2021-03-17 09:45:50]cl_getDriver.py(127): click_Success->//*[@id="base_box"]/div/div[3]/form/button
[2021-03-17 09:45:51]cl_getDriver.py(72): Open NewTab->https://kabuoji3.com/stock/7925/2004/
[2021-03-17 09:45:52]cl_getDriver.py(127): click_Success->//*[@id="base_box"]/div/div[3]/form/button
[2021-03-17 09:45:52]cl_getDriver.py(130): Not Found->//*[@id="base_box"]/div/div[3]/form/button
[2021-03-17 09:45:52]cl_getDriver.py(72): Open NewTab->https://kabuoji3.com/stock/7927/2021/
[2021-03-17 09:45:53]cl_getDriver.py(127): click_Success->//*[@id="base_box"]/div/div[3]/form/button
[2021-03-17 09:45:54]cl_getDriver.py(127): click_Success->//*[@id="base_box"]/div/div[3]/form/button
[2021-03-17 09:45:54]cl_getDriver.py(72): Open NewTab->https://kabuoji3.com/stock/7925/2003/
[2021-03-17 09:45:55]cl_getDriver.py(127): click_Success->//*[@id="base_box"]/div/div[3]/form/button
[2021-03-17 09:45:56]cl_getDriver.py(72): Open NewTab->https://kabuoji3.com/stock/7927/2020/
[2021-03-17 09:45:56]cl_getDriver.py(127): click_Success->//*[@id="base_box"]/div/div[3]/form/button
[2021-03-17 09:45:57]cl_getDriver.py(127): click_Success->//*[@id="base_box"]/div/div[3]/form/button
[2021-03-17 09:45:58]cl_getDriver.py(127): click_Success->//*[@id="base_box"]/div/div[3]/form/button
[2021-03-17 09:45:59]cl_getDriver.py(72): Open NewTab->https://kabuoji3.com/stock/7925/2002/
[2021-03-17 09:45:59]cl_getDriver.py(127): click_Success->//*[@id="base_box"]/div/div[3]/form/button
[2021-03-17 09:46:00]cl_getDriver.py(72): Open NewTab->https://kabuoji3.com/stock/7927/2019/
[2021-03-17 09:46:00]cl_getDriver.py(127): click_Success->//*[@id="base_box"]/div/div[3]/form/button
[2021-03-17 09:46:01]cl_getDriver.py(127): click_Success->//*[@id="base_box"]/div/div[3]/form/button
[2021-03-17 09:46:03]cl_getDriver.py(127): click_Success->//*[@id="base_box"]/div/div[3]/form/button
[2021-03-17 09:46:03]cl_getDriver.py(72): Open NewTab->https://kabuoji3.com/stock/7925/2001/
[2021-03-17 09:46:04]cl_getDriver.py(127): click_Success->//*[@id="base_box"]/div/div[3]/form/button
[2021-03-17 09:46:04]cl_getDriver.py(72): Open NewTab->https://kabuoji3.com/stock/7927/2018/
[2021-03-17 09:46:04]cl_getDriver.py(127): click_Success->//*[@id="base_box"]/div/div[3]/form/button
[2021-03-17 09:46:05]cl_getDriver.py(127): click_Success->//*[@id="base_box"]/div/div[3]/form/button
[2021-03-17 09:46:07]cl_getDriver.py(127): click_Success->//*[@id="base_box"]/div/div[3]/form/button
[2021-03-17 09:46:07]cl_getDriver.py(72): Open NewTab->https://kabuoji3.com/stock/7925/2000/
[2021-03-17 09:46:08]cl_getDriver.py(127): click_Success->//*[@id="base_box"]/div/div[3]/form/button
[2021-03-17 09:46:08]cl_getDriver.py(72): Open NewTab->https://kabuoji3.com/stock/7927/2017/
[2021-03-17 09:46:09]cl_getDriver.py(127): click_Success->//*[@id="base_box"]/div/div[3]/form/button
[2021-03-17 09:46:10]cl_getDriver.py(127): click_Success->//*[@id="base_box"]/div/div[3]/form/button
[2021-03-17 09:46:11]cl_getDriver.py(127): click_Success->//*[@id="base_box"]/div/div[3]/form/button
[2021-03-17 09:46:12]cl_getDriver.py(127): click_Success->//*[@id="base_box"]/div/div[3]/form/button
[2021-03-17 09:46:12]cl_getDriver.py(72): Open NewTab->https://kabuoji3.com/stock/7927/2016/
[2021-03-17 09:46:13]cl_getDriver.py(127): click_Success->//*[@id="base_box"]/div/div[3]/form/button
[2021-03-17 09:46:16]cl_getDriver.py(127): click_Success->//*[@id="base_box"]/div/div[3]/form/button
[2021-03-17 09:46:16]cl_getDriver.py(72): Open NewTab->https://kabuoji3.com/stock/7927/2015/
[2021-03-17 09:46:16]main.py(42): finished Process->https://kabuoji3.com/stock/7925/
[2021-03-17 09:46:16]main.py(15): start_Process->https://kabuoji3.com/stock/7928/
[2021-03-17 09:46:17]cl_getDriver.py(127): click_Success->//*[@id="base_box"]/div/div[3]/form/button
[2021-03-17 09:46:19]cl_getDriver.py(127): click_Success->//*[@id="base_box"]/div/div[3]/form/button
[2021-03-17 09:46:20]cl_getDriver.py(72): Open NewTab->https://kabuoji3.com/stock/7927/2014/
[2021-03-17 09:46:21]cl_getDriver.py(127): click_Success->//*[@id="base_box"]/div/div[3]/form/button
[2021-03-17 09:46:22]cl_getDriver.py(64): getURL=https://kabuoji3.com/stock/7928/
[2021-03-17 09:46:22]cl_getDriver.py(72): Open NewTab->https://kabuoji3.com/stock/7928/
[2021-03-17 09:46:24]cl_getDriver.py(130): Not Found->//*[@id="base_box"]/div/div[3]/form/button
[2021-03-17 09:46:24]cl_getDriver.py(127): click_Success->//*[@id="base_box"]/div/div[3]/form/button
[2021-03-17 09:46:24]cl_getDriver.py(72): Open NewTab->https://kabuoji3.com/stock/7927/2013/
[2021-03-17 09:46:25]cl_getDriver.py(127): click_Success->//*[@id="base_box"]/div/div[3]/form/button
[2021-03-17 09:46:26]cl_getDriver.py(130): Not Found->//*[@id="base_box"]/div/div[3]/form/button
[2021-03-17 09:46:26]cl_getDriver.py(72): Open NewTab->https://kabuoji3.com/stock/7928/2021/
[2021-03-17 09:46:27]cl_getDriver.py(127): click_Success->//*[@id="base_box"]/div/div[3]/form/button
[2021-03-17 09:46:28]cl_getDriver.py(127): click_Success->//*[@id="base_box"]/div/div[3]/form/button
[2021-03-17 09:46:28]cl_getDriver.py(72): Open NewTab->https://kabuoji3.com/stock/7927/2012/
[2021-03-17 09:46:29]cl_getDriver.py(127): click_Success->//*[@id="base_box"]/div/div[3]/form/button
[2021-03-17 09:46:29]cl_getDriver.py(127): click_Success->//*[@id="base_box"]/div/div[3]/form/button
[2021-03-17 09:46:30]cl_getDriver.py(72): Open NewTab->https://kabuoji3.com/stock/7928/2020/
[2021-03-17 09:46:31]cl_getDriver.py(127): click_Success->//*[@id="base_box"]/div/div[3]/form/button
[2021-03-17 09:46:32]cl_getDriver.py(127): click_Success->//*[@id="base_box"]/div/div[3]/form/button
[2021-03-17 09:46:32]cl_getDriver.py(72): Open NewTab->https://kabuoji3.com/stock/7927/2011/
[2021-03-17 09:46:33]cl_getDriver.py(127): click_Success->//*[@id="base_box"]/div/div[3]/form/button
[2021-03-17 09:46:33]cl_getDriver.py(127): click_Success->//*[@id="base_box"]/div/div[3]/form/button
[2021-03-17 09:46:34]cl_getDriver.py(72): Open NewTab->https://kabuoji3.com/stock/7928/2019/
[2021-03-17 09:46:35]cl_getDriver.py(127): click_Success->//*[@id="base_box"]/div/div[3]/form/button
[2021-03-17 09:46:36]cl_getDriver.py(127): click_Success->//*[@id="base_box"]/div/div[3]/form/button
[2021-03-17 09:46:36]cl_getDriver.py(72): Open NewTab->https://kabuoji3.com/stock/7927/2010/
[2021-03-17 09:46:37]cl_getDriver.py(127): click_Success->//*[@id="base_box"]/div/div[3]/form/button
[2021-03-17 09:46:37]cl_getDriver.py(127): click_Success->//*[@id="base_box"]/div/div[3]/form/button
[2021-03-17 09:46:37]cl_getDriver.py(72): Open NewTab->https://kabuoji3.com/stock/7928/2018/
[2021-03-17 09:46:38]cl_getDriver.py(127): click_Success->//*[@id="base_box"]/div/div[3]/form/button
[2021-03-17 09:46:39]cl_getDriver.py(127): click_Success->//*[@id="base_box"]/div/div[3]/form/button
[2021-03-17 09:46:40]cl_getDriver.py(72): Open NewTab->https://kabuoji3.com/stock/7927/2009/
[2021-03-17 09:46:41]cl_getDriver.py(127): click_Success->//*[@id="base_box"]/div/div[3]/form/button
[2021-03-17 09:46:41]cl_getDriver.py(127): click_Success->//*[@id="base_box"]/div/div[3]/form/button
[2021-03-17 09:46:41]cl_getDriver.py(72): Open NewTab->https://kabuoji3.com/stock/7928/2017/
[2021-03-17 09:46:43]cl_getDriver.py(127): click_Success->//*[@id="base_box"]/div/div[3]/form/button
[2021-03-17 09:46:43]cl_getDriver.py(127): click_Success->//*[@id="base_box"]/div/div[3]/form/button
[2021-03-17 09:46:44]cl_getDriver.py(72): Open NewTab->https://kabuoji3.com/stock/7927/2008/
[2021-03-17 09:46:44]cl_getDriver.py(127): click_Success->//*[@id="base_box"]/div/div[3]/form/button
[2021-03-17 09:46:45]cl_getDriver.py(127): click_Success->//*[@id="base_box"]/div/div[3]/form/button
[2021-03-17 09:46:46]cl_getDriver.py(72): Open NewTab->https://kabuoji3.com/stock/7928/2016/
[2021-03-17 09:46:47]cl_getDriver.py(127): click_Success->//*[@id="base_box"]/div/div[3]/form/button
[2021-03-17 09:46:47]cl_getDriver.py(127): click_Success->//*[@id="base_box"]/div/div[3]/form/button
[2021-03-17 09:46:47]cl_getDriver.py(72): Open NewTab->https://kabuoji3.com/stock/7927/2007/
[2021-03-17 09:46:48]cl_getDriver.py(127): click_Success->//*[@id="base_box"]/div/div[3]/form/button
[2021-03-17 09:46:49]cl_getDriver.py(127): click_Success->//*[@id="base_box"]/div/div[3]/form/button
[2021-03-17 09:46:50]cl_getDriver.py(72): Open NewTab->https://kabuoji3.com/stock/7928/2015/
[2021-03-17 09:46:50]cl_getDriver.py(127): click_Success->//*[@id="base_box"]/div/div[3]/form/button
[2021-03-17 09:46:51]cl_getDriver.py(127): click_Success->//*[@id="base_box"]/div/div[3]/form/button
[2021-03-17 09:46:51]cl_getDriver.py(72): Open NewTab->https://kabuoji3.com/stock/7927/2006/
[2021-03-17 09:46:53]cl_getDriver.py(127): click_Success->//*[@id="base_box"]/div/div[3]/form/button
[2021-03-17 09:46:53]cl_getDriver.py(127): click_Success->//*[@id="base_box"]/div/div[3]/form/button
[2021-03-17 09:46:53]cl_getDriver.py(72): Open NewTab->https://kabuoji3.com/stock/7928/2014/
[2021-03-17 09:46:54]cl_getDriver.py(127): click_Success->//*[@id="base_box"]/div/div[3]/form/button
[2021-03-17 09:46:55]cl_getDriver.py(127): click_Success->//*[@id="base_box"]/div/div[3]/form/button
[2021-03-17 09:46:55]cl_getDriver.py(72): Open NewTab->https://kabuoji3.com/stock/7927/2005/
[2021-03-17 09:46:57]cl_getDriver.py(127): click_Success->//*[@id="base_box"]/div/div[3]/form/button
[2021-03-17 09:46:57]cl_getDriver.py(72): Open NewTab->https://kabuoji3.com/stock/7928/2013/
[2021-03-17 09:46:57]cl_getDriver.py(127): click_Success->//*[@id="base_box"]/div/div[3]/form/button
[2021-03-17 09:46:58]cl_getDriver.py(127): click_Success->//*[@id="base_box"]/div/div[3]/form/button
[2021-03-17 09:47:00]cl_getDriver.py(127): click_Success->//*[@id="base_box"]/div/div[3]/form/button
[2021-03-17 09:47:00]cl_getDriver.py(72): Open NewTab->https://kabuoji3.com/stock/7927/2004/
[2021-03-17 09:47:00]cl_getDriver.py(127): click_Success->//*[@id="base_box"]/div/div[3]/form/button
[2021-03-17 09:47:01]cl_getDriver.py(72): Open NewTab->https://kabuoji3.com/stock/7928/2012/
[2021-03-17 09:47:02]cl_getDriver.py(127): click_Success->//*[@id="base_box"]/div/div[3]/form/button
[2021-03-17 09:47:03]cl_getDriver.py(127): click_Success->//*[@id="base_box"]/div/div[3]/form/button
[2021-03-17 09:47:04]cl_getDriver.py(127): click_Success->//*[@id="base_box"]/div/div[3]/form/button
[2021-03-17 09:47:04]cl_getDriver.py(72): Open NewTab->https://kabuoji3.com/stock/7927/2003/
[2021-03-17 09:47:05]cl_getDriver.py(127): click_Success->//*[@id="base_box"]/div/div[3]/form/button
[2021-03-17 09:47:05]cl_getDriver.py(72): Open NewTab->https://kabuoji3.com/stock/7928/2011/
[2021-03-17 09:47:06]cl_getDriver.py(127): click_Success->//*[@id="base_box"]/div/div[3]/form/button
[2021-03-17 09:47:06]cl_getDriver.py(127): click_Success->//*[@id="base_box"]/div/div[3]/form/button
[2021-03-17 09:47:08]cl_getDriver.py(127): click_Success->//*[@id="base_box"]/div/div[3]/form/button
[2021-03-17 09:47:08]cl_getDriver.py(72): Open NewTab->https://kabuoji3.com/stock/7927/2002/
[2021-03-17 09:47:09]cl_getDriver.py(127): click_Success->//*[@id="base_box"]/div/div[3]/form/button
[2021-03-17 09:47:09]cl_getDriver.py(72): Open NewTab->https://kabuoji3.com/stock/7928/2010/
[2021-03-17 09:47:10]cl_getDriver.py(127): click_Success->//*[@id="base_box"]/div/div[3]/form/button
[2021-03-17 09:47:10]cl_getDriver.py(127): click_Success->//*[@id="base_box"]/div/div[3]/form/button
[2021-03-17 09:47:12]cl_getDriver.py(127): click_Success->//*[@id="base_box"]/div/div[3]/form/button
[2021-03-17 09:47:13]cl_getDriver.py(72): Open NewTab->https://kabuoji3.com/stock/7927/2001/
[2021-03-17 09:47:13]cl_getDriver.py(127): click_Success->//*[@id="base_box"]/div/div[3]/form/button
[2021-03-17 09:47:13]cl_getDriver.py(72): Open NewTab->https://kabuoji3.com/stock/7928/2009/
[2021-03-17 09:47:14]cl_getDriver.py(127): click_Success->//*[@id="base_box"]/div/div[3]/form/button
[2021-03-17 09:47:14]cl_getDriver.py(127): click_Success->//*[@id="base_box"]/div/div[3]/form/button
[2021-03-17 09:47:16]cl_getDriver.py(127): click_Success->//*[@id="base_box"]/div/div[3]/form/button
[2021-03-17 09:47:17]cl_getDriver.py(127): click_Success->//*[@id="base_box"]/div/div[3]/form/button
[2021-03-17 09:47:17]cl_getDriver.py(72): Open NewTab->https://kabuoji3.com/stock/7927/2000/
[2021-03-17 09:47:17]cl_getDriver.py(72): Open NewTab->https://kabuoji3.com/stock/7928/2008/
[2021-03-17 09:47:18]cl_getDriver.py(127): click_Success->//*[@id="base_box"]/div/div[3]/form/button
[2021-03-17 09:47:19]cl_getDriver.py(127): click_Success->//*[@id="base_box"]/div/div[3]/form/button
[2021-03-17 09:47:20]cl_getDriver.py(127): click_Success->//*[@id="base_box"]/div/div[3]/form/button
[2021-03-17 09:47:21]cl_getDriver.py(72): Open NewTab->https://kabuoji3.com/stock/7927/1999/
[2021-03-17 09:47:22]cl_getDriver.py(127): click_Success->//*[@id="base_box"]/div/div[3]/form/button
[2021-03-17 09:47:22]cl_getDriver.py(72): Open NewTab->https://kabuoji3.com/stock/7928/2007/
[2021-03-17 09:47:22]cl_getDriver.py(127): click_Success->//*[@id="base_box"]/div/div[3]/form/button
[2021-03-17 09:47:23]cl_getDriver.py(127): click_Success->//*[@id="base_box"]/div/div[3]/form/button
[2021-03-17 09:47:24]cl_getDriver.py(127): click_Success->//*[@id="base_box"]/div/div[3]/form/button
[2021-03-17 09:47:25]cl_getDriver.py(72): Open NewTab->https://kabuoji3.com/stock/7927/1998/
[2021-03-17 09:47:26]cl_getDriver.py(127): click_Success->//*[@id="base_box"]/div/div[3]/form/button
[2021-03-17 09:47:26]cl_getDriver.py(72): Open NewTab->https://kabuoji3.com/stock/7928/2006/
[2021-03-17 09:47:27]cl_getDriver.py(127): click_Success->//*[@id="base_box"]/div/div[3]/form/button
[2021-03-17 09:47:28]cl_getDriver.py(127): click_Success->//*[@id="base_box"]/div/div[3]/form/button
[2021-03-17 09:47:30]cl_getDriver.py(127): click_Success->//*[@id="base_box"]/div/div[3]/form/button
[2021-03-17 09:47:30]cl_getDriver.py(127): click_Success->//*[@id="base_box"]/div/div[3]/form/button
[2021-03-17 09:47:30]cl_getDriver.py(72): Open NewTab->https://kabuoji3.com/stock/7927/1997/
[2021-03-17 09:47:30]cl_getDriver.py(72): Open NewTab->https://kabuoji3.com/stock/7928/2005/
[2021-03-17 09:47:31]cl_getDriver.py(127): click_Success->//*[@id="base_box"]/div/div[3]/form/button
[2021-03-17 09:47:32]cl_getDriver.py(127): click_Success->//*[@id="base_box"]/div/div[3]/form/button
[2021-03-17 09:47:34]cl_getDriver.py(127): click_Success->//*[@id="base_box"]/div/div[3]/form/button
[2021-03-17 09:47:34]cl_getDriver.py(127): click_Success->//*[@id="base_box"]/div/div[3]/form/button
[2021-03-17 09:47:34]cl_getDriver.py(72): Open NewTab->https://kabuoji3.com/stock/7927/1996/
[2021-03-17 09:47:34]cl_getDriver.py(72): Open NewTab->https://kabuoji3.com/stock/7928/2004/
[2021-03-17 09:47:35]cl_getDriver.py(127): click_Success->//*[@id="base_box"]/div/div[3]/form/button
[2021-03-17 09:47:36]cl_getDriver.py(127): click_Success->//*[@id="base_box"]/div/div[3]/form/button
[2021-03-17 09:47:38]cl_getDriver.py(127): click_Success->//*[@id="base_box"]/div/div[3]/form/button
[2021-03-17 09:47:38]cl_getDriver.py(72): Open NewTab->https://kabuoji3.com/stock/7927/1995/
[2021-03-17 09:47:39]cl_getDriver.py(127): click_Success->//*[@id="base_box"]/div/div[3]/form/button
[2021-03-17 09:47:41]cl_getDriver.py(127): click_Success->//*[@id="base_box"]/div/div[3]/form/button
[2021-03-17 09:47:41]cl_getDriver.py(127): click_Success->//*[@id="base_box"]/div/div[3]/form/button
[2021-03-17 09:47:42]cl_getDriver.py(72): Open NewTab->https://kabuoji3.com/stock/7928/2003/
[2021-03-17 09:47:42]cl_getDriver.py(72): Open NewTab->https://kabuoji3.com/stock/7927/1994/
[2021-03-17 09:47:43]cl_getDriver.py(127): click_Success->//*[@id="base_box"]/div/div[3]/form/button
[2021-03-17 09:47:43]cl_getDriver.py(127): click_Success->//*[@id="base_box"]/div/div[3]/form/button
[2021-03-17 09:47:45]cl_getDriver.py(127): click_Success->//*[@id="base_box"]/div/div[3]/form/button
[2021-03-17 09:47:46]cl_getDriver.py(127): click_Success->//*[@id="base_box"]/div/div[3]/form/button
[2021-03-17 09:47:46]cl_getDriver.py(72): Open NewTab->https://kabuoji3.com/stock/7927/1993/
[2021-03-17 09:47:46]cl_getDriver.py(72): Open NewTab->https://kabuoji3.com/stock/7928/2002/
[2021-03-17 09:47:47]cl_getDriver.py(127): click_Success->//*[@id="base_box"]/div/div[3]/form/button
[2021-03-17 09:47:47]cl_getDriver.py(127): click_Success->//*[@id="base_box"]/div/div[3]/form/button
[2021-03-17 09:47:50]cl_getDriver.py(127): click_Success->//*[@id="base_box"]/div/div[3]/form/button
[2021-03-17 09:47:50]cl_getDriver.py(127): click_Success->//*[@id="base_box"]/div/div[3]/form/button
[2021-03-17 09:47:50]cl_getDriver.py(72): Open NewTab->https://kabuoji3.com/stock/7928/2001/
[2021-03-17 09:47:51]cl_getDriver.py(127): click_Success->//*[@id="base_box"]/div/div[3]/form/button
[2021-03-17 09:47:53]cl_getDriver.py(127): click_Success->//*[@id="base_box"]/div/div[3]/form/button
[2021-03-17 09:47:54]cl_getDriver.py(72): Open NewTab->https://kabuoji3.com/stock/7928/2000/
[2021-03-17 09:47:54]main.py(42): finished Process->https://kabuoji3.com/stock/7927/
[2021-03-17 09:47:54]main.py(15): start_Process->https://kabuoji3.com/stock/7931/
[2021-03-17 09:47:55]cl_getDriver.py(127): click_Success->//*[@id="base_box"]/div/div[3]/form/button
[2021-03-17 09:47:57]cl_getDriver.py(127): click_Success->//*[@id="base_box"]/div/div[3]/form/button
[2021-03-17 09:47:58]cl_getDriver.py(72): Open NewTab->https://kabuoji3.com/stock/7928/1999/
[2021-03-17 09:47:59]cl_getDriver.py(127): click_Success->//*[@id="base_box"]/div/div[3]/form/button
[2021-03-17 09:47:59]cl_getDriver.py(64): getURL=https://kabuoji3.com/stock/7931/
[2021-03-17 09:47:59]cl_getDriver.py(72): Open NewTab->https://kabuoji3.com/stock/7931/
[2021-03-17 09:48:01]cl_getDriver.py(130): Not Found->//*[@id="base_box"]/div/div[3]/form/button
[2021-03-17 09:48:01]cl_getDriver.py(127): click_Success->//*[@id="base_box"]/div/div[3]/form/button
[2021-03-17 09:48:01]cl_getDriver.py(72): Open NewTab->https://kabuoji3.com/stock/7928/1998/
[2021-03-17 09:48:03]cl_getDriver.py(130): Not Found->//*[@id="base_box"]/div/div[3]/form/button
[2021-03-17 09:48:03]cl_getDriver.py(127): click_Success->//*[@id="base_box"]/div/div[3]/form/button
[2021-03-17 09:48:03]cl_getDriver.py(72): Open NewTab->https://kabuoji3.com/stock/7931/2019/
[2021-03-17 09:48:04]cl_getDriver.py(127): click_Success->//*[@id="base_box"]/div/div[3]/form/button
[2021-03-17 09:48:05]cl_getDriver.py(127): click_Success->//*[@id="base_box"]/div/div[3]/form/button
[2021-03-17 09:48:06]cl_getDriver.py(72): Open NewTab->https://kabuoji3.com/stock/7928/1997/
[2021-03-17 09:48:06]cl_getDriver.py(127): click_Success->//*[@id="base_box"]/div/div[3]/form/button
[2021-03-17 09:48:07]cl_getDriver.py(127): click_Success->//*[@id="base_box"]/div/div[3]/form/button
[2021-03-17 09:48:07]cl_getDriver.py(72): Open NewTab->https://kabuoji3.com/stock/7931/2018/
[2021-03-17 09:48:08]cl_getDriver.py(127): click_Success->//*[@id="base_box"]/div/div[3]/form/button
[2021-03-17 09:48:09]cl_getDriver.py(127): click_Success->//*[@id="base_box"]/div/div[3]/form/button
[2021-03-17 09:48:09]cl_getDriver.py(72): Open NewTab->https://kabuoji3.com/stock/7928/1996/
[2021-03-17 09:48:10]cl_getDriver.py(127): click_Success->//*[@id="base_box"]/div/div[3]/form/button
[2021-03-17 09:48:11]cl_getDriver.py(127): click_Success->//*[@id="base_box"]/div/div[3]/form/button
[2021-03-17 09:48:11]cl_getDriver.py(72): Open NewTab->https://kabuoji3.com/stock/7931/2017/
[2021-03-17 09:48:12]cl_getDriver.py(127): click_Success->//*[@id="base_box"]/div/div[3]/form/button
[2021-03-17 09:48:13]cl_getDriver.py(127): click_Success->//*[@id="base_box"]/div/div[3]/form/button
[2021-03-17 09:48:13]cl_getDriver.py(72): Open NewTab->https://kabuoji3.com/stock/7928/1995/
[2021-03-17 09:48:14]cl_getDriver.py(127): click_Success->//*[@id="base_box"]/div/div[3]/form/button
[2021-03-17 09:48:14]cl_getDriver.py(127): click_Success->//*[@id="base_box"]/div/div[3]/form/button
[2021-03-17 09:48:15]cl_getDriver.py(72): Open NewTab->https://kabuoji3.com/stock/7931/2016/
[2021-03-17 09:48:16]cl_getDriver.py(127): click_Success->//*[@id="base_box"]/div/div[3]/form/button
[2021-03-17 09:48:17]cl_getDriver.py(127): click_Success->//*[@id="base_box"]/div/div[3]/form/button
[2021-03-17 09:48:17]cl_getDriver.py(72): Open NewTab->https://kabuoji3.com/stock/7928/1994/
[2021-03-17 09:48:18]cl_getDriver.py(127): click_Success->//*[@id="base_box"]/div/div[3]/form/button
[2021-03-17 09:48:18]cl_getDriver.py(72): Open NewTab->https://kabuoji3.com/stock/7931/2015/
[2021-03-17 09:48:19]cl_getDriver.py(127): click_Success->//*[@id="base_box"]/div/div[3]/form/button
[2021-03-17 09:48:20]cl_getDriver.py(127): click_Success->//*[@id="base_box"]/div/div[3]/form/button
[2021-03-17 09:48:22]cl_getDriver.py(127): click_Success->//*[@id="base_box"]/div/div[3]/form/button
[2021-03-17 09:48:22]cl_getDriver.py(72): Open NewTab->https://kabuoji3.com/stock/7931/2014/
[2021-03-17 09:48:22]cl_getDriver.py(127): click_Success->//*[@id="base_box"]/div/div[3]/form/button
[2021-03-17 09:48:23]cl_getDriver.py(72): Open NewTab->https://kabuoji3.com/stock/7928/1993/
[2021-03-17 09:48:23]cl_getDriver.py(127): click_Success->//*[@id="base_box"]/div/div[3]/form/button
[2021-03-17 09:48:24]cl_getDriver.py(127): click_Success->//*[@id="base_box"]/div/div[3]/form/button
[2021-03-17 09:48:26]cl_getDriver.py(127): click_Success->//*[@id="base_box"]/div/div[3]/form/button
[2021-03-17 09:48:26]cl_getDriver.py(72): Open NewTab->https://kabuoji3.com/stock/7931/2013/
[2021-03-17 09:48:26]cl_getDriver.py(127): click_Success->//*[@id="base_box"]/div/div[3]/form/button
[2021-03-17 09:48:27]cl_getDriver.py(127): click_Success->//*[@id="base_box"]/div/div[3]/form/button
[2021-03-17 09:48:30]cl_getDriver.py(127): click_Success->//*[@id="base_box"]/div/div[3]/form/button
[2021-03-17 09:48:30]cl_getDriver.py(72): Open NewTab->https://kabuoji3.com/stock/7931/2012/
[2021-03-17 09:48:31]main.py(42): finished Process->https://kabuoji3.com/stock/7928/
[2021-03-17 09:48:31]main.py(15): start_Process->https://kabuoji3.com/stock/7940/
[2021-03-17 09:48:31]cl_getDriver.py(127): click_Success->//*[@id="base_box"]/div/div[3]/form/button
[2021-03-17 09:48:33]cl_getDriver.py(127): click_Success->//*[@id="base_box"]/div/div[3]/form/button
[2021-03-17 09:48:34]cl_getDriver.py(72): Open NewTab->https://kabuoji3.com/stock/7931/2011/
[2021-03-17 09:48:35]cl_getDriver.py(127): click_Success->//*[@id="base_box"]/div/div[3]/form/button
[2021-03-17 09:48:35]cl_getDriver.py(64): getURL=https://kabuoji3.com/stock/7940/
[2021-03-17 09:48:35]cl_getDriver.py(72): Open NewTab->https://kabuoji3.com/stock/7940/
[2021-03-17 09:48:36]cl_getDriver.py(130): Not Found->//*[@id="base_box"]/div/div[3]/form/button
[2021-03-17 09:48:37]cl_getDriver.py(127): click_Success->//*[@id="base_box"]/div/div[3]/form/button
[2021-03-17 09:48:38]cl_getDriver.py(72): Open NewTab->https://kabuoji3.com/stock/7931/2010/
[2021-03-17 09:48:38]cl_getDriver.py(130): Not Found->//*[@id="base_box"]/div/div[3]/form/button
[2021-03-17 09:48:38]cl_getDriver.py(72): Open NewTab->https://kabuoji3.com/stock/7940/2021/
[2021-03-17 09:48:39]cl_getDriver.py(127): click_Success->//*[@id="base_box"]/div/div[3]/form/button
[2021-03-17 09:48:40]cl_getDriver.py(127): click_Success->//*[@id="base_box"]/div/div[3]/form/button
[2021-03-17 09:48:41]cl_getDriver.py(127): click_Success->//*[@id="base_box"]/div/div[3]/form/button
[2021-03-17 09:48:42]cl_getDriver.py(72): Open NewTab->https://kabuoji3.com/stock/7931/2009/
[2021-03-17 09:48:42]cl_getDriver.py(127): click_Success->//*[@id="base_box"]/div/div[3]/form/button
[2021-03-17 09:48:43]cl_getDriver.py(72): Open NewTab->https://kabuoji3.com/stock/7940/2020/
[2021-03-17 09:48:43]cl_getDriver.py(127): click_Success->//*[@id="base_box"]/div/div[3]/form/button
[2021-03-17 09:48:44]cl_getDriver.py(127): click_Success->//*[@id="base_box"]/div/div[3]/form/button
[2021-03-17 09:48:46]cl_getDriver.py(127): click_Success->//*[@id="base_box"]/div/div[3]/form/button
[2021-03-17 09:48:46]cl_getDriver.py(72): Open NewTab->https://kabuoji3.com/stock/7931/2008/
[2021-03-17 09:48:46]cl_getDriver.py(127): click_Success->//*[@id="base_box"]/div/div[3]/form/button
[2021-03-17 09:48:47]cl_getDriver.py(72): Open NewTab->https://kabuoji3.com/stock/7940/2019/
[2021-03-17 09:48:48]cl_getDriver.py(127): click_Success->//*[@id="base_box"]/div/div[3]/form/button
[2021-03-17 09:48:48]cl_getDriver.py(127): click_Success->//*[@id="base_box"]/div/div[3]/form/button
[2021-03-17 09:48:50]cl_getDriver.py(127): click_Success->//*[@id="base_box"]/div/div[3]/form/button
[2021-03-17 09:48:50]cl_getDriver.py(72): Open NewTab->https://kabuoji3.com/stock/7931/2007/
[2021-03-17 09:48:50]cl_getDriver.py(127): click_Success->//*[@id="base_box"]/div/div[3]/form/button
[2021-03-17 09:48:51]cl_getDriver.py(72): Open NewTab->https://kabuoji3.com/stock/7940/2018/
[2021-03-17 09:48:52]cl_getDriver.py(127): click_Success->//*[@id="base_box"]/div/div[3]/form/button
[2021-03-17 09:48:52]cl_getDriver.py(127): click_Success->//*[@id="base_box"]/div/div[3]/form/button
[2021-03-17 09:48:54]cl_getDriver.py(127): click_Success->//*[@id="base_box"]/div/div[3]/form/button
[2021-03-17 09:48:55]cl_getDriver.py(127): click_Success->//*[@id="base_box"]/div/div[3]/form/button
[2021-03-17 09:48:55]cl_getDriver.py(72): Open NewTab->https://kabuoji3.com/stock/7940/2017/
[2021-03-17 09:48:55]cl_getDriver.py(72): Open NewTab->https://kabuoji3.com/stock/7931/2006/
[2021-03-17 09:48:56]cl_getDriver.py(127): click_Success->//*[@id="base_box"]/div/div[3]/form/button
[2021-03-17 09:48:56]cl_getDriver.py(127): click_Success->//*[@id="base_box"]/div/div[3]/form/button
[2021-03-17 09:48:59]cl_getDriver.py(127): click_Success->//*[@id="base_box"]/div/div[3]/form/button
[2021-03-17 09:48:59]cl_getDriver.py(127): click_Success->//*[@id="base_box"]/div/div[3]/form/button
[2021-03-17 09:49:03]main.py(42): finished Process->https://kabuoji3.com/stock/7931/
[2021-03-17 09:49:03]main.py(15): start_Process->https://kabuoji3.com/stock/7942/
[2021-03-17 09:49:03]main.py(42): finished Process->https://kabuoji3.com/stock/7940/
[2021-03-17 09:49:03]main.py(15): start_Process->https://kabuoji3.com/stock/7947/
[2021-03-17 09:49:10]cl_getDriver.py(64): getURL=https://kabuoji3.com/stock/7947/
[2021-03-17 09:49:11]cl_getDriver.py(72): Open NewTab->https://kabuoji3.com/stock/7947/
[2021-03-17 09:49:11]cl_getDriver.py(64): getURL=https://kabuoji3.com/stock/7942/
[2021-03-17 09:49:11]cl_getDriver.py(72): Open NewTab->https://kabuoji3.com/stock/7942/
[2021-03-17 09:49:12]cl_getDriver.py(130): Not Found->//*[@id="base_box"]/div/div[3]/form/button
[2021-03-17 09:49:12]cl_getDriver.py(130): Not Found->//*[@id="base_box"]/div/div[3]/form/button
[2021-03-17 09:49:14]cl_getDriver.py(130): Not Found->//*[@id="base_box"]/div/div[3]/form/button
[2021-03-17 09:49:14]cl_getDriver.py(72): Open NewTab->https://kabuoji3.com/stock/7947/2021/
[2021-03-17 09:49:14]cl_getDriver.py(130): Not Found->//*[@id="base_box"]/div/div[3]/form/button
[2021-03-17 09:49:14]cl_getDriver.py(72): Open NewTab->https://kabuoji3.com/stock/7942/2021/
[2021-03-17 09:49:15]cl_getDriver.py(127): click_Success->//*[@id="base_box"]/div/div[3]/form/button
[2021-03-17 09:49:15]cl_getDriver.py(127): click_Success->//*[@id="base_box"]/div/div[3]/form/button
[2021-03-17 09:49:17]cl_getDriver.py(127): click_Success->//*[@id="base_box"]/div/div[3]/form/button
[2021-03-17 09:49:17]cl_getDriver.py(72): Open NewTab->https://kabuoji3.com/stock/7947/2020/
[2021-03-17 09:49:18]cl_getDriver.py(127): click_Success->//*[@id="base_box"]/div/div[3]/form/button
[2021-03-17 09:49:18]cl_getDriver.py(72): Open NewTab->https://kabuoji3.com/stock/7942/2020/
[2021-03-17 09:49:19]cl_getDriver.py(127): click_Success->//*[@id="base_box"]/div/div[3]/form/button
[2021-03-17 09:49:19]cl_getDriver.py(127): click_Success->//*[@id="base_box"]/div/div[3]/form/button
[2021-03-17 09:49:21]cl_getDriver.py(127): click_Success->//*[@id="base_box"]/div/div[3]/form/button
[2021-03-17 09:49:22]cl_getDriver.py(127): click_Success->//*[@id="base_box"]/div/div[3]/form/button
[2021-03-17 09:49:22]cl_getDriver.py(72): Open NewTab->https://kabuoji3.com/stock/7947/2019/
[2021-03-17 09:49:22]cl_getDriver.py(72): Open NewTab->https://kabuoji3.com/stock/7942/2019/
[2021-03-17 09:49:23]cl_getDriver.py(127): click_Success->//*[@id="base_box"]/div/div[3]/form/button
[2021-03-17 09:49:24]cl_getDriver.py(127): click_Success->//*[@id="base_box"]/div/div[3]/form/button
[2021-03-17 09:49:25]cl_getDriver.py(127): click_Success->//*[@id="base_box"]/div/div[3]/form/button
[2021-03-17 09:49:26]cl_getDriver.py(72): Open NewTab->https://kabuoji3.com/stock/7947/2018/
[2021-03-17 09:49:27]cl_getDriver.py(127): click_Success->//*[@id="base_box"]/div/div[3]/form/button
[2021-03-17 09:49:27]cl_getDriver.py(72): Open NewTab->https://kabuoji3.com/stock/7942/2018/
[2021-03-17 09:49:27]cl_getDriver.py(127): click_Success->//*[@id="base_box"]/div/div[3]/form/button
[2021-03-17 09:49:28]cl_getDriver.py(127): click_Success->//*[@id="base_box"]/div/div[3]/form/button
[2021-03-17 09:49:29]cl_getDriver.py(127): click_Success->//*[@id="base_box"]/div/div[3]/form/button
[2021-03-17 09:49:30]cl_getDriver.py(72): Open NewTab->https://kabuoji3.com/stock/7947/2017/
[2021-03-17 09:49:30]cl_getDriver.py(127): click_Success->//*[@id="base_box"]/div/div[3]/form/button
[2021-03-17 09:49:31]cl_getDriver.py(72): Open NewTab->https://kabuoji3.com/stock/7942/2017/
[2021-03-17 09:49:31]cl_getDriver.py(127): click_Success->//*[@id="base_box"]/div/div[3]/form/button
[2021-03-17 09:49:32]cl_getDriver.py(127): click_Success->//*[@id="base_box"]/div/div[3]/form/button
[2021-03-17 09:49:34]cl_getDriver.py(127): click_Success->//*[@id="base_box"]/div/div[3]/form/button
[2021-03-17 09:49:34]cl_getDriver.py(72): Open NewTab->https://kabuoji3.com/stock/7947/2016/
[2021-03-17 09:49:34]cl_getDriver.py(127): click_Success->//*[@id="base_box"]/div/div[3]/form/button
[2021-03-17 09:49:35]cl_getDriver.py(72): Open NewTab->https://kabuoji3.com/stock/7942/2016/
[2021-03-17 09:49:36]cl_getDriver.py(127): click_Success->//*[@id="base_box"]/div/div[3]/form/button
[2021-03-17 09:49:37]cl_getDriver.py(127): click_Success->//*[@id="base_box"]/div/div[3]/form/button
[2021-03-17 09:49:38]cl_getDriver.py(127): click_Success->//*[@id="base_box"]/div/div[3]/form/button
[2021-03-17 09:49:39]cl_getDriver.py(72): Open NewTab->https://kabuoji3.com/stock/7947/2015/
[2021-03-17 09:49:39]cl_getDriver.py(127): click_Success->//*[@id="base_box"]/div/div[3]/form/button
[2021-03-17 09:49:39]cl_getDriver.py(72): Open NewTab->https://kabuoji3.com/stock/7942/2015/
[2021-03-17 09:49:40]cl_getDriver.py(127): click_Success->//*[@id="base_box"]/div/div[3]/form/button
[2021-03-17 09:49:41]cl_getDriver.py(127): click_Success->//*[@id="base_box"]/div/div[3]/form/button
[2021-03-17 09:49:43]cl_getDriver.py(127): click_Success->//*[@id="base_box"]/div/div[3]/form/button
[2021-03-17 09:49:43]cl_getDriver.py(72): Open NewTab->https://kabuoji3.com/stock/7947/2014/
[2021-03-17 09:49:43]cl_getDriver.py(127): click_Success->//*[@id="base_box"]/div/div[3]/form/button
[2021-03-17 09:49:43]cl_getDriver.py(72): Open NewTab->https://kabuoji3.com/stock/7942/2014/
[2021-03-17 09:49:45]cl_getDriver.py(127): click_Success->//*[@id="base_box"]/div/div[3]/form/button
[2021-03-17 09:49:45]cl_getDriver.py(127): click_Success->//*[@id="base_box"]/div/div[3]/form/button
[2021-03-17 09:49:47]cl_getDriver.py(127): click_Success->//*[@id="base_box"]/div/div[3]/form/button
[2021-03-17 09:49:47]cl_getDriver.py(127): click_Success->//*[@id="base_box"]/div/div[3]/form/button
[2021-03-17 09:49:48]cl_getDriver.py(72): Open NewTab->https://kabuoji3.com/stock/7942/2013/
[2021-03-17 09:49:48]cl_getDriver.py(72): Open NewTab->https://kabuoji3.com/stock/7947/2013/
[2021-03-17 09:49:49]cl_getDriver.py(127): click_Success->//*[@id="base_box"]/div/div[3]/form/button
[2021-03-17 09:49:49]cl_getDriver.py(127): click_Success->//*[@id="base_box"]/div/div[3]/form/button
[2021-03-17 09:49:52]cl_getDriver.py(127): click_Success->//*[@id="base_box"]/div/div[3]/form/button
[2021-03-17 09:49:52]cl_getDriver.py(127): click_Success->//*[@id="base_box"]/div/div[3]/form/button
[2021-03-17 09:49:52]cl_getDriver.py(72): Open NewTab->https://kabuoji3.com/stock/7947/2012/
[2021-03-17 09:49:52]cl_getDriver.py(72): Open NewTab->https://kabuoji3.com/stock/7942/2012/
[2021-03-17 09:49:54]cl_getDriver.py(127): click_Success->//*[@id="base_box"]/div/div[3]/form/button
[2021-03-17 09:49:55]cl_getDriver.py(127): click_Success->//*[@id="base_box"]/div/div[3]/form/button
[2021-03-17 09:49:56]cl_getDriver.py(127): click_Success->//*[@id="base_box"]/div/div[3]/form/button
[2021-03-17 09:49:57]cl_getDriver.py(72): Open NewTab->https://kabuoji3.com/stock/7942/2011/
[2021-03-17 09:49:57]cl_getDriver.py(127): click_Success->//*[@id="base_box"]/div/div[3]/form/button
[2021-03-17 09:49:57]cl_getDriver.py(72): Open NewTab->https://kabuoji3.com/stock/7947/2011/
[2021-03-17 09:49:58]cl_getDriver.py(127): click_Success->//*[@id="base_box"]/div/div[3]/form/button
[2021-03-17 09:49:59]cl_getDriver.py(127): click_Success->//*[@id="base_box"]/div/div[3]/form/button
[2021-03-17 09:50:01]cl_getDriver.py(127): click_Success->//*[@id="base_box"]/div/div[3]/form/button
[2021-03-17 09:50:01]cl_getDriver.py(127): click_Success->//*[@id="base_box"]/div/div[3]/form/button
[2021-03-17 09:50:01]cl_getDriver.py(72): Open NewTab->https://kabuoji3.com/stock/7942/2010/
[2021-03-17 09:50:01]cl_getDriver.py(72): Open NewTab->https://kabuoji3.com/stock/7947/2010/
[2021-03-17 09:50:03]cl_getDriver.py(127): click_Success->//*[@id="base_box"]/div/div[3]/form/button
[2021-03-17 09:50:03]cl_getDriver.py(127): click_Success->//*[@id="base_box"]/div/div[3]/form/button
[2021-03-17 09:50:05]cl_getDriver.py(127): click_Success->//*[@id="base_box"]/div/div[3]/form/button
[2021-03-17 09:50:05]cl_getDriver.py(127): click_Success->//*[@id="base_box"]/div/div[3]/form/button
[2021-03-17 09:50:05]cl_getDriver.py(72): Open NewTab->https://kabuoji3.com/stock/7942/2009/
[2021-03-17 09:50:06]cl_getDriver.py(72): Open NewTab->https://kabuoji3.com/stock/7947/2009/
[2021-03-17 09:50:07]cl_getDriver.py(127): click_Success->//*[@id="base_box"]/div/div[3]/form/button
[2021-03-17 09:50:07]cl_getDriver.py(127): click_Success->//*[@id="base_box"]/div/div[3]/form/button
[2021-03-17 09:50:10]cl_getDriver.py(127): click_Success->//*[@id="base_box"]/div/div[3]/form/button
[2021-03-17 09:50:10]cl_getDriver.py(127): click_Success->//*[@id="base_box"]/div/div[3]/form/button
[2021-03-17 09:50:10]cl_getDriver.py(72): Open NewTab->https://kabuoji3.com/stock/7947/2008/
[2021-03-17 09:50:10]cl_getDriver.py(72): Open NewTab->https://kabuoji3.com/stock/7942/2008/
[2021-03-17 09:50:12]cl_getDriver.py(127): click_Success->//*[@id="base_box"]/div/div[3]/form/button
[2021-03-17 09:50:12]cl_getDriver.py(127): click_Success->//*[@id="base_box"]/div/div[3]/form/button
[2021-03-17 09:50:14]cl_getDriver.py(127): click_Success->//*[@id="base_box"]/div/div[3]/form/button
[2021-03-17 09:50:14]cl_getDriver.py(127): click_Success->//*[@id="base_box"]/div/div[3]/form/button
[2021-03-17 09:50:15]cl_getDriver.py(72): Open NewTab->https://kabuoji3.com/stock/7942/2007/
[2021-03-17 09:50:15]cl_getDriver.py(72): Open NewTab->https://kabuoji3.com/stock/7947/2007/
[2021-03-17 09:50:16]cl_getDriver.py(127): click_Success->//*[@id="base_box"]/div/div[3]/form/button
[2021-03-17 09:50:17]cl_getDriver.py(127): click_Success->//*[@id="base_box"]/div/div[3]/form/button
[2021-03-17 09:50:19]cl_getDriver.py(127): click_Success->//*[@id="base_box"]/div/div[3]/form/button
[2021-03-17 09:50:19]cl_getDriver.py(127): click_Success->//*[@id="base_box"]/div/div[3]/form/button
[2021-03-17 09:50:20]cl_getDriver.py(72): Open NewTab->https://kabuoji3.com/stock/7947/2006/
[2021-03-17 09:50:20]cl_getDriver.py(72): Open NewTab->https://kabuoji3.com/stock/7942/2006/
[2021-03-17 09:50:21]cl_getDriver.py(127): click_Success->//*[@id="base_box"]/div/div[3]/form/button
[2021-03-17 09:50:21]cl_getDriver.py(127): click_Success->//*[@id="base_box"]/div/div[3]/form/button
[2021-03-17 09:50:23]cl_getDriver.py(127): click_Success->//*[@id="base_box"]/div/div[3]/form/button
[2021-03-17 09:50:24]cl_getDriver.py(127): click_Success->//*[@id="base_box"]/div/div[3]/form/button
[2021-03-17 09:50:24]cl_getDriver.py(72): Open NewTab->https://kabuoji3.com/stock/7947/2005/
[2021-03-17 09:50:24]cl_getDriver.py(72): Open NewTab->https://kabuoji3.com/stock/7942/2005/
[2021-03-17 09:50:26]cl_getDriver.py(127): click_Success->//*[@id="base_box"]/div/div[3]/form/button
[2021-03-17 09:50:26]cl_getDriver.py(127): click_Success->//*[@id="base_box"]/div/div[3]/form/button
[2021-03-17 09:50:28]cl_getDriver.py(127): click_Success->//*[@id="base_box"]/div/div[3]/form/button
[2021-03-17 09:50:28]cl_getDriver.py(127): click_Success->//*[@id="base_box"]/div/div[3]/form/button
[2021-03-17 09:50:29]cl_getDriver.py(72): Open NewTab->https://kabuoji3.com/stock/7942/2004/
[2021-03-17 09:50:29]cl_getDriver.py(72): Open NewTab->https://kabuoji3.com/stock/7947/2004/
[2021-03-17 09:50:30]cl_getDriver.py(127): click_Success->//*[@id="base_box"]/div/div[3]/form/button
[2021-03-17 09:50:30]cl_getDriver.py(127): click_Success->//*[@id="base_box"]/div/div[3]/form/button
[2021-03-17 09:50:32]cl_getDriver.py(127): click_Success->//*[@id="base_box"]/div/div[3]/form/button
[2021-03-17 09:50:33]cl_getDriver.py(127): click_Success->//*[@id="base_box"]/div/div[3]/form/button
[2021-03-17 09:50:33]cl_getDriver.py(72): Open NewTab->https://kabuoji3.com/stock/7942/2003/
[2021-03-17 09:50:33]cl_getDriver.py(72): Open NewTab->https://kabuoji3.com/stock/7947/2003/
[2021-03-17 09:50:34]cl_getDriver.py(127): click_Success->//*[@id="base_box"]/div/div[3]/form/button
[2021-03-17 09:50:35]cl_getDriver.py(127): click_Success->//*[@id="base_box"]/div/div[3]/form/button
[2021-03-17 09:50:37]cl_getDriver.py(127): click_Success->//*[@id="base_box"]/div/div[3]/form/button
[2021-03-17 09:50:37]cl_getDriver.py(127): click_Success->//*[@id="base_box"]/div/div[3]/form/button
[2021-03-17 09:50:37]cl_getDriver.py(72): Open NewTab->https://kabuoji3.com/stock/7942/2002/
[2021-03-17 09:50:37]cl_getDriver.py(72): Open NewTab->https://kabuoji3.com/stock/7947/2002/
[2021-03-17 09:50:39]cl_getDriver.py(127): click_Success->//*[@id="base_box"]/div/div[3]/form/button
[2021-03-17 09:50:39]cl_getDriver.py(127): click_Success->//*[@id="base_box"]/div/div[3]/form/button
[2021-03-17 09:50:41]cl_getDriver.py(127): click_Success->//*[@id="base_box"]/div/div[3]/form/button
[2021-03-17 09:50:41]cl_getDriver.py(72): Open NewTab->https://kabuoji3.com/stock/7942/2001/
[2021-03-17 09:50:42]cl_getDriver.py(127): click_Success->//*[@id="base_box"]/div/div[3]/form/button
[2021-03-17 09:50:42]cl_getDriver.py(72): Open NewTab->https://kabuoji3.com/stock/7947/2001/
[2021-03-17 09:50:43]cl_getDriver.py(127): click_Success->//*[@id="base_box"]/div/div[3]/form/button
[2021-03-17 09:50:44]cl_getDriver.py(127): click_Success->//*[@id="base_box"]/div/div[3]/form/button
[2021-03-17 09:50:45]cl_getDriver.py(127): click_Success->//*[@id="base_box"]/div/div[3]/form/button
[2021-03-17 09:50:46]cl_getDriver.py(72): Open NewTab->https://kabuoji3.com/stock/7942/2000/
[2021-03-17 09:50:46]cl_getDriver.py(127): click_Success->//*[@id="base_box"]/div/div[3]/form/button
[2021-03-17 09:50:46]cl_getDriver.py(72): Open NewTab->https://kabuoji3.com/stock/7947/2000/
[2021-03-17 09:50:48]cl_getDriver.py(127): click_Success->//*[@id="base_box"]/div/div[3]/form/button
[2021-03-17 09:50:48]cl_getDriver.py(127): click_Success->//*[@id="base_box"]/div/div[3]/form/button
[2021-03-17 09:50:50]cl_getDriver.py(127): click_Success->//*[@id="base_box"]/div/div[3]/form/button
[2021-03-17 09:50:50]cl_getDriver.py(127): click_Success->//*[@id="base_box"]/div/div[3]/form/button
[2021-03-17 09:50:50]cl_getDriver.py(72): Open NewTab->https://kabuoji3.com/stock/7942/1999/
[2021-03-17 09:50:52]cl_getDriver.py(127): click_Success->//*[@id="base_box"]/div/div[3]/form/button
[2021-03-17 09:50:54]cl_getDriver.py(127): click_Success->//*[@id="base_box"]/div/div[3]/form/button
[2021-03-17 09:50:54]main.py(42): finished Process->https://kabuoji3.com/stock/7947/
[2021-03-17 09:50:54]main.py(15): start_Process->https://kabuoji3.com/stock/7958/
[2021-03-17 09:50:54]cl_getDriver.py(72): Open NewTab->https://kabuoji3.com/stock/7942/1998/
[2021-03-17 09:50:55]cl_getDriver.py(127): click_Success->//*[@id="base_box"]/div/div[3]/form/button
[2021-03-17 09:50:58]cl_getDriver.py(127): click_Success->//*[@id="base_box"]/div/div[3]/form/button
[2021-03-17 09:50:58]cl_getDriver.py(72): Open NewTab->https://kabuoji3.com/stock/7942/1997/
[2021-03-17 09:50:59]cl_getDriver.py(127): click_Success->//*[@id="base_box"]/div/div[3]/form/button
[2021-03-17 09:51:00]cl_getDriver.py(64): getURL=https://kabuoji3.com/stock/7958/
[2021-03-17 09:51:00]cl_getDriver.py(72): Open NewTab->https://kabuoji3.com/stock/7958/
[2021-03-17 09:51:01]cl_getDriver.py(130): Not Found->//*[@id="base_box"]/div/div[3]/form/button
[2021-03-17 09:51:01]cl_getDriver.py(127): click_Success->//*[@id="base_box"]/div/div[3]/form/button
[2021-03-17 09:51:02]cl_getDriver.py(72): Open NewTab->https://kabuoji3.com/stock/7942/1996/
[2021-03-17 09:51:03]cl_getDriver.py(127): click_Success->//*[@id="base_box"]/div/div[3]/form/button
[2021-03-17 09:51:03]cl_getDriver.py(130): Not Found->//*[@id="base_box"]/div/div[3]/form/button
[2021-03-17 09:51:03]cl_getDriver.py(72): Open NewTab->https://kabuoji3.com/stock/7958/2021/
[2021-03-17 09:51:05]cl_getDriver.py(127): click_Success->//*[@id="base_box"]/div/div[3]/form/button
[2021-03-17 09:51:05]cl_getDriver.py(127): click_Success->//*[@id="base_box"]/div/div[3]/form/button
[2021-03-17 09:51:05]cl_getDriver.py(72): Open NewTab->https://kabuoji3.com/stock/7942/1995/
[2021-03-17 09:51:06]cl_getDriver.py(127): click_Success->//*[@id="base_box"]/div/div[3]/form/button
[2021-03-17 09:51:07]cl_getDriver.py(127): click_Success->//*[@id="base_box"]/div/div[3]/form/button
[2021-03-17 09:51:07]cl_getDriver.py(72): Open NewTab->https://kabuoji3.com/stock/7958/2020/
[2021-03-17 09:51:09]cl_getDriver.py(127): click_Success->//*[@id="base_box"]/div/div[3]/form/button
[2021-03-17 09:51:09]cl_getDriver.py(127): click_Success->//*[@id="base_box"]/div/div[3]/form/button
[2021-03-17 09:51:09]cl_getDriver.py(72): Open NewTab->https://kabuoji3.com/stock/7942/1994/
[2021-03-17 09:51:10]cl_getDriver.py(127): click_Success->//*[@id="base_box"]/div/div[3]/form/button
[2021-03-17 09:51:11]cl_getDriver.py(127): click_Success->//*[@id="base_box"]/div/div[3]/form/button
[2021-03-17 09:51:11]cl_getDriver.py(72): Open NewTab->https://kabuoji3.com/stock/7958/2019/
[2021-03-17 09:51:12]cl_getDriver.py(127): click_Success->//*[@id="base_box"]/div/div[3]/form/button
[2021-03-17 09:51:13]cl_getDriver.py(127): click_Success->//*[@id="base_box"]/div/div[3]/form/button
[2021-03-17 09:51:13]cl_getDriver.py(72): Open NewTab->https://kabuoji3.com/stock/7942/1993/
[2021-03-17 09:51:14]cl_getDriver.py(127): click_Success->//*[@id="base_box"]/div/div[3]/form/button
[2021-03-17 09:51:15]cl_getDriver.py(127): click_Success->//*[@id="base_box"]/div/div[3]/form/button
[2021-03-17 09:51:15]cl_getDriver.py(72): Open NewTab->https://kabuoji3.com/stock/7958/2018/
[2021-03-17 09:51:16]cl_getDriver.py(127): click_Success->//*[@id="base_box"]/div/div[3]/form/button
[2021-03-17 09:51:16]cl_getDriver.py(127): click_Success->//*[@id="base_box"]/div/div[3]/form/button
[2021-03-17 09:51:17]cl_getDriver.py(72): Open NewTab->https://kabuoji3.com/stock/7942/1992/
[2021-03-17 09:51:18]cl_getDriver.py(127): click_Success->//*[@id="base_box"]/div/div[3]/form/button
[2021-03-17 09:51:18]cl_getDriver.py(127): click_Success->//*[@id="base_box"]/div/div[3]/form/button
[2021-03-17 09:51:19]cl_getDriver.py(72): Open NewTab->https://kabuoji3.com/stock/7958/2017/
[2021-03-17 09:51:20]cl_getDriver.py(127): click_Success->//*[@id="base_box"]/div/div[3]/form/button
[2021-03-17 09:51:20]cl_getDriver.py(127): click_Success->//*[@id="base_box"]/div/div[3]/form/button
[2021-03-17 09:51:20]cl_getDriver.py(72): Open NewTab->https://kabuoji3.com/stock/7942/1991/
[2021-03-17 09:51:22]cl_getDriver.py(127): click_Success->//*[@id="base_box"]/div/div[3]/form/button
[2021-03-17 09:51:22]cl_getDriver.py(127): click_Success->//*[@id="base_box"]/div/div[3]/form/button
[2021-03-17 09:51:22]cl_getDriver.py(72): Open NewTab->https://kabuoji3.com/stock/7958/2016/
[2021-03-17 09:51:23]cl_getDriver.py(127): click_Success->//*[@id="base_box"]/div/div[3]/form/button
[2021-03-17 09:51:24]cl_getDriver.py(127): click_Success->//*[@id="base_box"]/div/div[3]/form/button
[2021-03-17 09:51:24]cl_getDriver.py(72): Open NewTab->https://kabuoji3.com/stock/7942/1990/
[2021-03-17 09:51:25]cl_getDriver.py(127): click_Success->//*[@id="base_box"]/div/div[3]/form/button
[2021-03-17 09:51:26]cl_getDriver.py(127): click_Success->//*[@id="base_box"]/div/div[3]/form/button
[2021-03-17 09:51:26]cl_getDriver.py(72): Open NewTab->https://kabuoji3.com/stock/7958/2015/
[2021-03-17 09:51:27]cl_getDriver.py(127): click_Success->//*[@id="base_box"]/div/div[3]/form/button
[2021-03-17 09:51:27]cl_getDriver.py(127): click_Success->//*[@id="base_box"]/div/div[3]/form/button
[2021-03-17 09:51:29]cl_getDriver.py(127): click_Success->//*[@id="base_box"]/div/div[3]/form/button
[2021-03-17 09:51:30]cl_getDriver.py(72): Open NewTab->https://kabuoji3.com/stock/7958/2014/
[2021-03-17 09:51:31]cl_getDriver.py(127): click_Success->//*[@id="base_box"]/div/div[3]/form/button
[2021-03-17 09:51:31]main.py(42): finished Process->https://kabuoji3.com/stock/7942/
[2021-03-17 09:51:31]main.py(15): start_Process->https://kabuoji3.com/stock/7970/
[2021-03-17 09:51:33]cl_getDriver.py(127): click_Success->//*[@id="base_box"]/div/div[3]/form/button
[2021-03-17 09:51:34]cl_getDriver.py(72): Open NewTab->https://kabuoji3.com/stock/7958/2013/
[2021-03-17 09:51:35]cl_getDriver.py(127): click_Success->//*[@id="base_box"]/div/div[3]/form/button
[2021-03-17 09:51:37]cl_getDriver.py(64): getURL=https://kabuoji3.com/stock/7970/
[2021-03-17 09:51:37]cl_getDriver.py(127): click_Success->//*[@id="base_box"]/div/div[3]/form/button
[2021-03-17 09:51:37]cl_getDriver.py(72): Open NewTab->https://kabuoji3.com/stock/7958/2012/
[2021-03-17 09:51:38]cl_getDriver.py(72): Open NewTab->https://kabuoji3.com/stock/7970/
[2021-03-17 09:51:39]cl_getDriver.py(127): click_Success->//*[@id="base_box"]/div/div[3]/form/button
[2021-03-17 09:51:39]cl_getDriver.py(130): Not Found->//*[@id="base_box"]/div/div[3]/form/button
[2021-03-17 09:51:41]cl_getDriver.py(130): Not Found->//*[@id="base_box"]/div/div[3]/form/button
[2021-03-17 09:51:41]cl_getDriver.py(127): click_Success->//*[@id="base_box"]/div/div[3]/form/button
[2021-03-17 09:51:41]cl_getDriver.py(72): Open NewTab->https://kabuoji3.com/stock/7970/2021/
[2021-03-17 09:51:41]cl_getDriver.py(72): Open NewTab->https://kabuoji3.com/stock/7958/2011/
[2021-03-17 09:51:42]cl_getDriver.py(127): click_Success->//*[@id="base_box"]/div/div[3]/form/button
[2021-03-17 09:51:43]cl_getDriver.py(127): click_Success->//*[@id="base_box"]/div/div[3]/form/button
[2021-03-17 09:51:45]cl_getDriver.py(127): click_Success->//*[@id="base_box"]/div/div[3]/form/button
[2021-03-17 09:51:45]cl_getDriver.py(127): click_Success->//*[@id="base_box"]/div/div[3]/form/button
[2021-03-17 09:51:45]cl_getDriver.py(72): Open NewTab->https://kabuoji3.com/stock/7970/2020/
[2021-03-17 09:51:46]cl_getDriver.py(72): Open NewTab->https://kabuoji3.com/stock/7958/2010/
[2021-03-17 09:51:47]cl_getDriver.py(127): click_Success->//*[@id="base_box"]/div/div[3]/form/button
[2021-03-17 09:51:47]cl_getDriver.py(127): click_Success->//*[@id="base_box"]/div/div[3]/form/button
[2021-03-17 09:51:49]cl_getDriver.py(127): click_Success->//*[@id="base_box"]/div/div[3]/form/button
[2021-03-17 09:51:50]cl_getDriver.py(127): click_Success->//*[@id="base_box"]/div/div[3]/form/button
[2021-03-17 09:51:50]cl_getDriver.py(72): Open NewTab->https://kabuoji3.com/stock/7958/2009/
[2021-03-17 09:51:50]cl_getDriver.py(72): Open NewTab->https://kabuoji3.com/stock/7970/2019/
[2021-03-17 09:51:51]cl_getDriver.py(127): click_Success->//*[@id="base_box"]/div/div[3]/form/button
[2021-03-17 09:51:51]cl_getDriver.py(127): click_Success->//*[@id="base_box"]/div/div[3]/form/button
[2021-03-17 09:51:53]cl_getDriver.py(127): click_Success->//*[@id="base_box"]/div/div[3]/form/button
[2021-03-17 09:51:53]cl_getDriver.py(72): Open NewTab->https://kabuoji3.com/stock/7958/2008/
[2021-03-17 09:51:54]cl_getDriver.py(127): click_Success->//*[@id="base_box"]/div/div[3]/form/button
[2021-03-17 09:51:54]cl_getDriver.py(72): Open NewTab->https://kabuoji3.com/stock/7970/2018/
[2021-03-17 09:51:55]cl_getDriver.py(127): click_Success->//*[@id="base_box"]/div/div[3]/form/button
[2021-03-17 09:51:55]cl_getDriver.py(127): click_Success->//*[@id="base_box"]/div/div[3]/form/button
[2021-03-17 09:51:57]cl_getDriver.py(127): click_Success->//*[@id="base_box"]/div/div[3]/form/button
[2021-03-17 09:51:57]cl_getDriver.py(72): Open NewTab->https://kabuoji3.com/stock/7958/2007/
[2021-03-17 09:51:58]cl_getDriver.py(127): click_Success->//*[@id="base_box"]/div/div[3]/form/button
[2021-03-17 09:51:58]cl_getDriver.py(72): Open NewTab->https://kabuoji3.com/stock/7970/2017/
[2021-03-17 09:51:59]cl_getDriver.py(127): click_Success->//*[@id="base_box"]/div/div[3]/form/button
[2021-03-17 09:52:00]cl_getDriver.py(127): click_Success->//*[@id="base_box"]/div/div[3]/form/button
[2021-03-17 09:52:02]cl_getDriver.py(127): click_Success->//*[@id="base_box"]/div/div[3]/form/button
[2021-03-17 09:52:02]cl_getDriver.py(127): click_Success->//*[@id="base_box"]/div/div[3]/form/button
[2021-03-17 09:52:02]cl_getDriver.py(72): Open NewTab->https://kabuoji3.com/stock/7970/2016/
[2021-03-17 09:52:03]cl_getDriver.py(72): Open NewTab->https://kabuoji3.com/stock/7958/2006/
[2021-03-17 09:52:04]cl_getDriver.py(127): click_Success->//*[@id="base_box"]/div/div[3]/form/button
[2021-03-17 09:52:04]cl_getDriver.py(127): click_Success->//*[@id="base_box"]/div/div[3]/form/button
[2021-03-17 09:52:06]cl_getDriver.py(127): click_Success->//*[@id="base_box"]/div/div[3]/form/button
[2021-03-17 09:52:06]cl_getDriver.py(127): click_Success->//*[@id="base_box"]/div/div[3]/form/button
[2021-03-17 09:52:07]cl_getDriver.py(72): Open NewTab->https://kabuoji3.com/stock/7958/2005/
[2021-03-17 09:52:07]cl_getDriver.py(72): Open NewTab->https://kabuoji3.com/stock/7970/2015/
[2021-03-17 09:52:08]cl_getDriver.py(127): click_Success->//*[@id="base_box"]/div/div[3]/form/button
[2021-03-17 09:52:09]cl_getDriver.py(127): click_Success->//*[@id="base_box"]/div/div[3]/form/button
[2021-03-17 09:52:11]cl_getDriver.py(127): click_Success->//*[@id="base_box"]/div/div[3]/form/button
[2021-03-17 09:52:11]cl_getDriver.py(72): Open NewTab->https://kabuoji3.com/stock/7958/2004/
[2021-03-17 09:52:11]cl_getDriver.py(127): click_Success->//*[@id="base_box"]/div/div[3]/form/button
[2021-03-17 09:52:11]cl_getDriver.py(72): Open NewTab->https://kabuoji3.com/stock/7970/2014/
[2021-03-17 09:52:13]cl_getDriver.py(127): click_Success->//*[@id="base_box"]/div/div[3]/form/button
[2021-03-17 09:52:13]cl_getDriver.py(127): click_Success->//*[@id="base_box"]/div/div[3]/form/button
[2021-03-17 09:52:15]cl_getDriver.py(127): click_Success->//*[@id="base_box"]/div/div[3]/form/button
[2021-03-17 09:52:15]cl_getDriver.py(127): click_Success->//*[@id="base_box"]/div/div[3]/form/button
[2021-03-17 09:52:16]cl_getDriver.py(72): Open NewTab->https://kabuoji3.com/stock/7958/2003/
[2021-03-17 09:52:16]cl_getDriver.py(72): Open NewTab->https://kabuoji3.com/stock/7970/2013/
[2021-03-17 09:52:17]cl_getDriver.py(127): click_Success->//*[@id="base_box"]/div/div[3]/form/button
[2021-03-17 09:52:18]cl_getDriver.py(127): click_Success->//*[@id="base_box"]/div/div[3]/form/button
[2021-03-17 09:52:19]cl_getDriver.py(127): click_Success->//*[@id="base_box"]/div/div[3]/form/button
[2021-03-17 09:52:19]cl_getDriver.py(72): Open NewTab->https://kabuoji3.com/stock/7958/2002/
[2021-03-17 09:52:20]cl_getDriver.py(127): click_Success->//*[@id="base_box"]/div/div[3]/form/button
[2021-03-17 09:52:21]cl_getDriver.py(127): click_Success->//*[@id="base_box"]/div/div[3]/form/button
[2021-03-17 09:52:21]cl_getDriver.py(72): Open NewTab->https://kabuoji3.com/stock/7970/2012/
[2021-03-17 09:52:22]cl_getDriver.py(127): click_Success->//*[@id="base_box"]/div/div[3]/form/button
[2021-03-17 09:52:23]cl_getDriver.py(127): click_Success->//*[@id="base_box"]/div/div[3]/form/button
[2021-03-17 09:52:23]cl_getDriver.py(72): Open NewTab->https://kabuoji3.com/stock/7958/2001/
[2021-03-17 09:52:24]cl_getDriver.py(127): click_Success->//*[@id="base_box"]/div/div[3]/form/button
[2021-03-17 09:52:24]cl_getDriver.py(127): click_Success->//*[@id="base_box"]/div/div[3]/form/button
[2021-03-17 09:52:25]cl_getDriver.py(72): Open NewTab->https://kabuoji3.com/stock/7970/2011/
[2021-03-17 09:52:26]cl_getDriver.py(127): click_Success->//*[@id="base_box"]/div/div[3]/form/button
[2021-03-17 09:52:27]cl_getDriver.py(127): click_Success->//*[@id="base_box"]/div/div[3]/form/button
[2021-03-17 09:52:27]cl_getDriver.py(72): Open NewTab->https://kabuoji3.com/stock/7958/2000/
[2021-03-17 09:52:28]cl_getDriver.py(127): click_Success->//*[@id="base_box"]/div/div[3]/form/button
[2021-03-17 09:52:29]cl_getDriver.py(127): click_Success->//*[@id="base_box"]/div/div[3]/form/button
[2021-03-17 09:52:29]cl_getDriver.py(72): Open NewTab->https://kabuoji3.com/stock/7970/2010/
[2021-03-17 09:52:30]cl_getDriver.py(127): click_Success->//*[@id="base_box"]/div/div[3]/form/button
[2021-03-17 09:52:30]cl_getDriver.py(127): click_Success->//*[@id="base_box"]/div/div[3]/form/button
[2021-03-17 09:52:31]cl_getDriver.py(72): Open NewTab->https://kabuoji3.com/stock/7958/1999/
[2021-03-17 09:52:32]cl_getDriver.py(127): click_Success->//*[@id="base_box"]/div/div[3]/form/button
[2021-03-17 09:52:33]cl_getDriver.py(127): click_Success->//*[@id="base_box"]/div/div[3]/form/button
[2021-03-17 09:52:33]cl_getDriver.py(72): Open NewTab->https://kabuoji3.com/stock/7970/2009/
[2021-03-17 09:52:34]cl_getDriver.py(127): click_Success->//*[@id="base_box"]/div/div[3]/form/button
[2021-03-17 09:52:34]cl_getDriver.py(127): click_Success->//*[@id="base_box"]/div/div[3]/form/button
[2021-03-17 09:52:35]cl_getDriver.py(72): Open NewTab->https://kabuoji3.com/stock/7958/1998/
[2021-03-17 09:52:36]cl_getDriver.py(127): click_Success->//*[@id="base_box"]/div/div[3]/form/button
[2021-03-17 09:52:36]cl_getDriver.py(127): click_Success->//*[@id="base_box"]/div/div[3]/form/button
[2021-03-17 09:52:37]cl_getDriver.py(72): Open NewTab->https://kabuoji3.com/stock/7970/2008/
[2021-03-17 09:52:38]cl_getDriver.py(127): click_Success->//*[@id="base_box"]/div/div[3]/form/button
[2021-03-17 09:52:38]cl_getDriver.py(127): click_Success->//*[@id="base_box"]/div/div[3]/form/button
[2021-03-17 09:52:38]cl_getDriver.py(72): Open NewTab->https://kabuoji3.com/stock/7958/1997/
[2021-03-17 09:52:40]cl_getDriver.py(127): click_Success->//*[@id="base_box"]/div/div[3]/form/button
[2021-03-17 09:52:40]cl_getDriver.py(127): click_Success->//*[@id="base_box"]/div/div[3]/form/button
[2021-03-17 09:52:40]cl_getDriver.py(72): Open NewTab->https://kabuoji3.com/stock/7970/2007/
[2021-03-17 09:52:41]cl_getDriver.py(127): click_Success->//*[@id="base_box"]/div/div[3]/form/button
[2021-03-17 09:52:42]cl_getDriver.py(127): click_Success->//*[@id="base_box"]/div/div[3]/form/button
[2021-03-17 09:52:42]cl_getDriver.py(72): Open NewTab->https://kabuoji3.com/stock/7958/1996/
[2021-03-17 09:52:43]cl_getDriver.py(127): click_Success->//*[@id="base_box"]/div/div[3]/form/button
[2021-03-17 09:52:44]cl_getDriver.py(127): click_Success->//*[@id="base_box"]/div/div[3]/form/button
[2021-03-17 09:52:44]cl_getDriver.py(72): Open NewTab->https://kabuoji3.com/stock/7970/2006/
[2021-03-17 09:52:45]cl_getDriver.py(127): click_Success->//*[@id="base_box"]/div/div[3]/form/button
[2021-03-17 09:52:46]cl_getDriver.py(127): click_Success->//*[@id="base_box"]/div/div[3]/form/button
[2021-03-17 09:52:46]cl_getDriver.py(72): Open NewTab->https://kabuoji3.com/stock/7958/1995/
[2021-03-17 09:52:47]cl_getDriver.py(127): click_Success->//*[@id="base_box"]/div/div[3]/form/button
[2021-03-17 09:52:48]cl_getDriver.py(127): click_Success->//*[@id="base_box"]/div/div[3]/form/button
[2021-03-17 09:52:48]cl_getDriver.py(72): Open NewTab->https://kabuoji3.com/stock/7970/2005/
[2021-03-17 09:52:49]cl_getDriver.py(127): click_Success->//*[@id="base_box"]/div/div[3]/form/button
[2021-03-17 09:52:50]cl_getDriver.py(127): click_Success->//*[@id="base_box"]/div/div[3]/form/button
[2021-03-17 09:52:50]cl_getDriver.py(72): Open NewTab->https://kabuoji3.com/stock/7958/1994/
[2021-03-17 09:52:51]cl_getDriver.py(127): click_Success->//*[@id="base_box"]/div/div[3]/form/button
[2021-03-17 09:52:51]cl_getDriver.py(127): click_Success->//*[@id="base_box"]/div/div[3]/form/button
[2021-03-17 09:52:52]cl_getDriver.py(72): Open NewTab->https://kabuoji3.com/stock/7970/2004/
[2021-03-17 09:52:53]cl_getDriver.py(127): click_Success->//*[@id="base_box"]/div/div[3]/form/button
[2021-03-17 09:52:53]cl_getDriver.py(127): click_Success->//*[@id="base_box"]/div/div[3]/form/button
[2021-03-17 09:52:54]cl_getDriver.py(72): Open NewTab->https://kabuoji3.com/stock/7958/1993/
[2021-03-17 09:52:55]cl_getDriver.py(127): click_Success->//*[@id="base_box"]/div/div[3]/form/button
[2021-03-17 09:52:55]cl_getDriver.py(127): click_Success->//*[@id="base_box"]/div/div[3]/form/button
[2021-03-17 09:52:55]cl_getDriver.py(72): Open NewTab->https://kabuoji3.com/stock/7970/2003/
[2021-03-17 09:52:56]cl_getDriver.py(127): click_Success->//*[@id="base_box"]/div/div[3]/form/button
[2021-03-17 09:52:57]cl_getDriver.py(127): click_Success->//*[@id="base_box"]/div/div[3]/form/button
[2021-03-17 09:52:57]cl_getDriver.py(72): Open NewTab->https://kabuoji3.com/stock/7958/1992/
[2021-03-17 09:52:58]cl_getDriver.py(127): click_Success->//*[@id="base_box"]/div/div[3]/form/button
[2021-03-17 09:52:59]cl_getDriver.py(127): click_Success->//*[@id="base_box"]/div/div[3]/form/button
[2021-03-17 09:52:59]cl_getDriver.py(72): Open NewTab->https://kabuoji3.com/stock/7970/2002/
[2021-03-17 09:53:00]cl_getDriver.py(127): click_Success->//*[@id="base_box"]/div/div[3]/form/button
[2021-03-17 09:53:00]cl_getDriver.py(127): click_Success->//*[@id="base_box"]/div/div[3]/form/button
[2021-03-17 09:53:01]cl_getDriver.py(72): Open NewTab->https://kabuoji3.com/stock/7958/1991/
[2021-03-17 09:53:02]cl_getDriver.py(127): click_Success->//*[@id="base_box"]/div/div[3]/form/button
[2021-03-17 09:53:02]cl_getDriver.py(127): click_Success->//*[@id="base_box"]/div/div[3]/form/button
[2021-03-17 09:53:03]cl_getDriver.py(72): Open NewTab->https://kabuoji3.com/stock/7970/2001/
[2021-03-17 09:53:04]cl_getDriver.py(127): click_Success->//*[@id="base_box"]/div/div[3]/form/button
[2021-03-17 09:53:04]cl_getDriver.py(127): click_Success->//*[@id="base_box"]/div/div[3]/form/button
[2021-03-17 09:53:05]cl_getDriver.py(72): Open NewTab->https://kabuoji3.com/stock/7958/1990/
[2021-03-17 09:53:06]cl_getDriver.py(127): click_Success->//*[@id="base_box"]/div/div[3]/form/button
[2021-03-17 09:53:06]cl_getDriver.py(127): click_Success->//*[@id="base_box"]/div/div[3]/form/button
[2021-03-17 09:53:06]cl_getDriver.py(72): Open NewTab->https://kabuoji3.com/stock/7970/2000/
[2021-03-17 09:53:07]cl_getDriver.py(127): click_Success->//*[@id="base_box"]/div/div[3]/form/button
[2021-03-17 09:53:08]cl_getDriver.py(127): click_Success->//*[@id="base_box"]/div/div[3]/form/button
[2021-03-17 09:53:08]cl_getDriver.py(72): Open NewTab->https://kabuoji3.com/stock/7958/1989/
[2021-03-17 09:53:09]cl_getDriver.py(127): click_Success->//*[@id="base_box"]/div/div[3]/form/button
[2021-03-17 09:53:10]cl_getDriver.py(127): click_Success->//*[@id="base_box"]/div/div[3]/form/button
[2021-03-17 09:53:10]cl_getDriver.py(72): Open NewTab->https://kabuoji3.com/stock/7970/1999/
[2021-03-17 09:53:11]cl_getDriver.py(127): click_Success->//*[@id="base_box"]/div/div[3]/form/button
[2021-03-17 09:53:11]cl_getDriver.py(127): click_Success->//*[@id="base_box"]/div/div[3]/form/button
[2021-03-17 09:53:12]cl_getDriver.py(72): Open NewTab->https://kabuoji3.com/stock/7958/1988/
[2021-03-17 09:53:13]cl_getDriver.py(127): click_Success->//*[@id="base_box"]/div/div[3]/form/button
[2021-03-17 09:53:13]cl_getDriver.py(127): click_Success->//*[@id="base_box"]/div/div[3]/form/button
[2021-03-17 09:53:14]cl_getDriver.py(72): Open NewTab->https://kabuoji3.com/stock/7970/1998/
[2021-03-17 09:53:14]cl_getDriver.py(127): click_Success->//*[@id="base_box"]/div/div[3]/form/button
[2021-03-17 09:53:15]cl_getDriver.py(127): click_Success->//*[@id="base_box"]/div/div[3]/form/button
[2021-03-17 09:53:17]cl_getDriver.py(127): click_Success->//*[@id="base_box"]/div/div[3]/form/button
[2021-03-17 09:53:17]cl_getDriver.py(72): Open NewTab->https://kabuoji3.com/stock/7970/1997/
[2021-03-17 09:53:18]cl_getDriver.py(127): click_Success->//*[@id="base_box"]/div/div[3]/form/button
[2021-03-17 09:53:19]main.py(42): finished Process->https://kabuoji3.com/stock/7958/
[2021-03-17 09:53:19]main.py(15): start_Process->https://kabuoji3.com/stock/7971/
[2021-03-17 09:53:20]cl_getDriver.py(127): click_Success->//*[@id="base_box"]/div/div[3]/form/button
[2021-03-17 09:53:21]cl_getDriver.py(72): Open NewTab->https://kabuoji3.com/stock/7970/1996/
[2021-03-17 09:53:22]cl_getDriver.py(127): click_Success->//*[@id="base_box"]/div/div[3]/form/button
[2021-03-17 09:53:25]cl_getDriver.py(127): click_Success->//*[@id="base_box"]/div/div[3]/form/button
[2021-03-17 09:53:25]cl_getDriver.py(72): Open NewTab->https://kabuoji3.com/stock/7970/1995/
[2021-03-17 09:53:26]cl_getDriver.py(64): getURL=https://kabuoji3.com/stock/7971/
[2021-03-17 09:53:26]cl_getDriver.py(127): click_Success->//*[@id="base_box"]/div/div[3]/form/button
[2021-03-17 09:53:26]cl_getDriver.py(72): Open NewTab->https://kabuoji3.com/stock/7971/
[2021-03-17 09:53:27]cl_getDriver.py(130): Not Found->//*[@id="base_box"]/div/div[3]/form/button
[2021-03-17 09:53:28]cl_getDriver.py(127): click_Success->//*[@id="base_box"]/div/div[3]/form/button
[2021-03-17 09:53:29]cl_getDriver.py(72): Open NewTab->https://kabuoji3.com/stock/7970/1994/
[2021-03-17 09:53:29]cl_getDriver.py(130): Not Found->//*[@id="base_box"]/div/div[3]/form/button
[2021-03-17 09:53:29]cl_getDriver.py(72): Open NewTab->https://kabuoji3.com/stock/7971/2021/
[2021-03-17 09:53:30]cl_getDriver.py(127): click_Success->//*[@id="base_box"]/div/div[3]/form/button
[2021-03-17 09:53:31]cl_getDriver.py(127): click_Success->//*[@id="base_box"]/div/div[3]/form/button
[2021-03-17 09:53:33]cl_getDriver.py(127): click_Success->//*[@id="base_box"]/div/div[3]/form/button
[2021-03-17 09:53:33]cl_getDriver.py(72): Open NewTab->https://kabuoji3.com/stock/7970/1993/
[2021-03-17 09:53:33]cl_getDriver.py(127): click_Success->//*[@id="base_box"]/div/div[3]/form/button
[2021-03-17 09:53:33]cl_getDriver.py(72): Open NewTab->https://kabuoji3.com/stock/7971/2020/
[2021-03-17 09:53:34]cl_getDriver.py(127): click_Success->//*[@id="base_box"]/div/div[3]/form/button
[2021-03-17 09:53:35]cl_getDriver.py(127): click_Success->//*[@id="base_box"]/div/div[3]/form/button
[2021-03-17 09:53:37]cl_getDriver.py(127): click_Success->//*[@id="base_box"]/div/div[3]/form/button
[2021-03-17 09:53:37]cl_getDriver.py(127): click_Success->//*[@id="base_box"]/div/div[3]/form/button
[2021-03-17 09:53:37]cl_getDriver.py(72): Open NewTab->https://kabuoji3.com/stock/7970/1992/
[2021-03-17 09:53:37]cl_getDriver.py(72): Open NewTab->https://kabuoji3.com/stock/7971/2019/
[2021-03-17 09:53:39]cl_getDriver.py(127): click_Success->//*[@id="base_box"]/div/div[3]/form/button
[2021-03-17 09:53:39]cl_getDriver.py(127): click_Success->//*[@id="base_box"]/div/div[3]/form/button
[2021-03-17 09:53:41]cl_getDriver.py(127): click_Success->//*[@id="base_box"]/div/div[3]/form/button
[2021-03-17 09:53:41]cl_getDriver.py(127): click_Success->//*[@id="base_box"]/div/div[3]/form/button
[2021-03-17 09:53:42]cl_getDriver.py(72): Open NewTab->https://kabuoji3.com/stock/7970/1991/
[2021-03-17 09:53:42]cl_getDriver.py(72): Open NewTab->https://kabuoji3.com/stock/7971/2018/
[2021-03-17 09:53:43]cl_getDriver.py(127): click_Success->//*[@id="base_box"]/div/div[3]/form/button
[2021-03-17 09:53:44]cl_getDriver.py(127): click_Success->//*[@id="base_box"]/div/div[3]/form/button
[2021-03-17 09:53:45]cl_getDriver.py(127): click_Success->//*[@id="base_box"]/div/div[3]/form/button
[2021-03-17 09:53:45]cl_getDriver.py(72): Open NewTab->https://kabuoji3.com/stock/7970/1990/
[2021-03-17 09:53:46]cl_getDriver.py(127): click_Success->//*[@id="base_box"]/div/div[3]/form/button
[2021-03-17 09:53:46]cl_getDriver.py(72): Open NewTab->https://kabuoji3.com/stock/7971/2017/
[2021-03-17 09:53:47]cl_getDriver.py(127): click_Success->//*[@id="base_box"]/div/div[3]/form/button
[2021-03-17 09:53:47]cl_getDriver.py(127): click_Success->//*[@id="base_box"]/div/div[3]/form/button
[2021-03-17 09:53:49]cl_getDriver.py(127): click_Success->//*[@id="base_box"]/div/div[3]/form/button
[2021-03-17 09:53:49]cl_getDriver.py(72): Open NewTab->https://kabuoji3.com/stock/7970/1989/
[2021-03-17 09:53:50]cl_getDriver.py(127): click_Success->//*[@id="base_box"]/div/div[3]/form/button
[2021-03-17 09:53:50]cl_getDriver.py(72): Open NewTab->https://kabuoji3.com/stock/7971/2016/
[2021-03-17 09:53:51]cl_getDriver.py(127): click_Success->//*[@id="base_box"]/div/div[3]/form/button
[2021-03-17 09:53:52]cl_getDriver.py(127): click_Success->//*[@id="base_box"]/div/div[3]/form/button
[2021-03-17 09:53:53]cl_getDriver.py(127): click_Success->//*[@id="base_box"]/div/div[3]/form/button
[2021-03-17 09:53:53]cl_getDriver.py(72): Open NewTab->https://kabuoji3.com/stock/7970/1988/
[2021-03-17 09:53:54]cl_getDriver.py(127): click_Success->//*[@id="base_box"]/div/div[3]/form/button
[2021-03-17 09:53:54]cl_getDriver.py(72): Open NewTab->https://kabuoji3.com/stock/7971/2015/
[2021-03-17 09:53:55]cl_getDriver.py(127): click_Success->//*[@id="base_box"]/div/div[3]/form/button
[2021-03-17 09:53:55]cl_getDriver.py(127): click_Success->//*[@id="base_box"]/div/div[3]/form/button
[2021-03-17 09:53:57]cl_getDriver.py(127): click_Success->//*[@id="base_box"]/div/div[3]/form/button
[2021-03-17 09:53:57]cl_getDriver.py(72): Open NewTab->https://kabuoji3.com/stock/7970/1987/
[2021-03-17 09:53:58]cl_getDriver.py(127): click_Success->//*[@id="base_box"]/div/div[3]/form/button
[2021-03-17 09:53:58]cl_getDriver.py(72): Open NewTab->https://kabuoji3.com/stock/7971/2014/
[2021-03-17 09:53:59]cl_getDriver.py(127): click_Success->//*[@id="base_box"]/div/div[3]/form/button
[2021-03-17 09:54:00]cl_getDriver.py(127): click_Success->//*[@id="base_box"]/div/div[3]/form/button
[2021-03-17 09:54:01]cl_getDriver.py(127): click_Success->//*[@id="base_box"]/div/div[3]/form/button
[2021-03-17 09:54:01]cl_getDriver.py(72): Open NewTab->https://kabuoji3.com/stock/7970/1986/
[2021-03-17 09:54:02]cl_getDriver.py(127): click_Success->//*[@id="base_box"]/div/div[3]/form/button
[2021-03-17 09:54:02]cl_getDriver.py(72): Open NewTab->https://kabuoji3.com/stock/7971/2013/
[2021-03-17 09:54:03]cl_getDriver.py(127): click_Success->//*[@id="base_box"]/div/div[3]/form/button
[2021-03-17 09:54:04]cl_getDriver.py(127): click_Success->//*[@id="base_box"]/div/div[3]/form/button
[2021-03-17 09:54:05]cl_getDriver.py(127): click_Success->//*[@id="base_box"]/div/div[3]/form/button
[2021-03-17 09:54:06]cl_getDriver.py(72): Open NewTab->https://kabuoji3.com/stock/7970/1985/
[2021-03-17 09:54:06]cl_getDriver.py(127): click_Success->//*[@id="base_box"]/div/div[3]/form/button
[2021-03-17 09:54:06]cl_getDriver.py(72): Open NewTab->https://kabuoji3.com/stock/7971/2012/
[2021-03-17 09:54:07]cl_getDriver.py(127): click_Success->//*[@id="base_box"]/div/div[3]/form/button
[2021-03-17 09:54:08]cl_getDriver.py(127): click_Success->//*[@id="base_box"]/div/div[3]/form/button
[2021-03-17 09:54:10]cl_getDriver.py(127): click_Success->//*[@id="base_box"]/div/div[3]/form/button
[2021-03-17 09:54:10]cl_getDriver.py(72): Open NewTab->https://kabuoji3.com/stock/7970/1984/
[2021-03-17 09:54:10]cl_getDriver.py(127): click_Success->//*[@id="base_box"]/div/div[3]/form/button
[2021-03-17 09:54:11]cl_getDriver.py(72): Open NewTab->https://kabuoji3.com/stock/7971/2011/
[2021-03-17 09:54:12]cl_getDriver.py(127): click_Success->//*[@id="base_box"]/div/div[3]/form/button
[2021-03-17 09:54:12]cl_getDriver.py(127): click_Success->//*[@id="base_box"]/div/div[3]/form/button
[2021-03-17 09:54:14]cl_getDriver.py(127): click_Success->//*[@id="base_box"]/div/div[3]/form/button
[2021-03-17 09:54:14]cl_getDriver.py(72): Open NewTab->https://kabuoji3.com/stock/7970/1983/
[2021-03-17 09:54:15]cl_getDriver.py(127): click_Success->//*[@id="base_box"]/div/div[3]/form/button
[2021-03-17 09:54:15]cl_getDriver.py(72): Open NewTab->https://kabuoji3.com/stock/7971/2010/
[2021-03-17 09:54:16]cl_getDriver.py(127): click_Success->//*[@id="base_box"]/div/div[3]/form/button
[2021-03-17 09:54:16]cl_getDriver.py(127): click_Success->//*[@id="base_box"]/div/div[3]/form/button
[2021-03-17 09:54:18]cl_getDriver.py(127): click_Success->//*[@id="base_box"]/div/div[3]/form/button
[2021-03-17 09:54:18]cl_getDriver.py(127): click_Success->//*[@id="base_box"]/div/div[3]/form/button
[2021-03-17 09:54:19]cl_getDriver.py(72): Open NewTab->https://kabuoji3.com/stock/7971/2009/
[2021-03-17 09:54:20]cl_getDriver.py(127): click_Success->//*[@id="base_box"]/div/div[3]/form/button
[2021-03-17 09:54:22]main.py(42): finished Process->https://kabuoji3.com/stock/7970/
[2021-03-17 09:54:22]main.py(15): start_Process->https://kabuoji3.com/stock/7988/
[2021-03-17 09:54:22]cl_getDriver.py(127): click_Success->//*[@id="base_box"]/div/div[3]/form/button
[2021-03-17 09:54:23]cl_getDriver.py(72): Open NewTab->https://kabuoji3.com/stock/7971/2008/
[2021-03-17 09:54:24]cl_getDriver.py(127): click_Success->//*[@id="base_box"]/div/div[3]/form/button
[2021-03-17 09:54:26]cl_getDriver.py(127): click_Success->//*[@id="base_box"]/div/div[3]/form/button
[2021-03-17 09:54:26]cl_getDriver.py(72): Open NewTab->https://kabuoji3.com/stock/7971/2007/
[2021-03-17 09:54:28]cl_getDriver.py(127): click_Success->//*[@id="base_box"]/div/div[3]/form/button
[2021-03-17 09:54:28]cl_getDriver.py(64): getURL=https://kabuoji3.com/stock/7988/
[2021-03-17 09:54:29]cl_getDriver.py(72): Open NewTab->https://kabuoji3.com/stock/7988/
[2021-03-17 09:54:29]cl_getDriver.py(130): Not Found->//*[@id="base_box"]/div/div[3]/form/button
[2021-03-17 09:54:30]cl_getDriver.py(127): click_Success->//*[@id="base_box"]/div/div[3]/form/button
[2021-03-17 09:54:31]cl_getDriver.py(72): Open NewTab->https://kabuoji3.com/stock/7971/2006/
[2021-03-17 09:54:32]cl_getDriver.py(130): Not Found->//*[@id="base_box"]/div/div[3]/form/button
[2021-03-17 09:54:32]cl_getDriver.py(127): click_Success->//*[@id="base_box"]/div/div[3]/form/button
[2021-03-17 09:54:32]cl_getDriver.py(72): Open NewTab->https://kabuoji3.com/stock/7988/2021/
[2021-03-17 09:54:33]cl_getDriver.py(127): click_Success->//*[@id="base_box"]/div/div[3]/form/button
[2021-03-17 09:54:34]cl_getDriver.py(127): click_Success->//*[@id="base_box"]/div/div[3]/form/button
[2021-03-17 09:54:34]cl_getDriver.py(72): Open NewTab->https://kabuoji3.com/stock/7971/2005/
[2021-03-17 09:54:35]cl_getDriver.py(127): click_Success->//*[@id="base_box"]/div/div[3]/form/button
[2021-03-17 09:54:35]cl_getDriver.py(127): click_Success->//*[@id="base_box"]/div/div[3]/form/button
[2021-03-17 09:54:36]cl_getDriver.py(72): Open NewTab->https://kabuoji3.com/stock/7988/2020/
[2021-03-17 09:54:37]cl_getDriver.py(127): click_Success->//*[@id="base_box"]/div/div[3]/form/button
[2021-03-17 09:54:38]cl_getDriver.py(127): click_Success->//*[@id="base_box"]/div/div[3]/form/button
[2021-03-17 09:54:38]cl_getDriver.py(72): Open NewTab->https://kabuoji3.com/stock/7971/2004/
[2021-03-17 09:54:39]cl_getDriver.py(127): click_Success->//*[@id="base_box"]/div/div[3]/form/button
[2021-03-17 09:54:40]cl_getDriver.py(72): Open NewTab->https://kabuoji3.com/stock/7988/2019/
[2021-03-17 09:54:40]cl_getDriver.py(127): click_Success->//*[@id="base_box"]/div/div[3]/form/button
[2021-03-17 09:54:41]cl_getDriver.py(127): click_Success->//*[@id="base_box"]/div/div[3]/form/button
[2021-03-17 09:54:42]cl_getDriver.py(127): click_Success->//*[@id="base_box"]/div/div[3]/form/button
[2021-03-17 09:54:42]cl_getDriver.py(72): Open NewTab->https://kabuoji3.com/stock/7971/2003/
[2021-03-17 09:54:43]cl_getDriver.py(127): click_Success->//*[@id="base_box"]/div/div[3]/form/button
[2021-03-17 09:54:44]cl_getDriver.py(127): click_Success->//*[@id="base_box"]/div/div[3]/form/button
[2021-03-17 09:54:44]cl_getDriver.py(72): Open NewTab->https://kabuoji3.com/stock/7988/2018/
[2021-03-17 09:54:44]cl_getDriver.py(127): click_Success->//*[@id="base_box"]/div/div[3]/form/button
[2021-03-17 09:54:46]cl_getDriver.py(127): click_Success->//*[@id="base_box"]/div/div[3]/form/button
[2021-03-17 09:54:46]cl_getDriver.py(72): Open NewTab->https://kabuoji3.com/stock/7971/2002/
[2021-03-17 09:54:47]cl_getDriver.py(127): click_Success->//*[@id="base_box"]/div/div[3]/form/button
[2021-03-17 09:54:47]cl_getDriver.py(72): Open NewTab->https://kabuoji3.com/stock/7988/2017/
[2021-03-17 09:54:48]cl_getDriver.py(127): click_Success->//*[@id="base_box"]/div/div[3]/form/button
[2021-03-17 09:54:49]cl_getDriver.py(127): click_Success->//*[@id="base_box"]/div/div[3]/form/button
[2021-03-17 09:54:50]cl_getDriver.py(127): click_Success->//*[@id="base_box"]/div/div[3]/form/button
[2021-03-17 09:54:50]cl_getDriver.py(72): Open NewTab->https://kabuoji3.com/stock/7971/2001/
[2021-03-17 09:54:51]cl_getDriver.py(127): click_Success->//*[@id="base_box"]/div/div[3]/form/button
[2021-03-17 09:54:51]cl_getDriver.py(127): click_Success->//*[@id="base_box"]/div/div[3]/form/button
[2021-03-17 09:54:52]cl_getDriver.py(72): Open NewTab->https://kabuoji3.com/stock/7988/2016/
[2021-03-17 09:54:53]cl_getDriver.py(127): click_Success->//*[@id="base_box"]/div/div[3]/form/button
[2021-03-17 09:54:54]cl_getDriver.py(127): click_Success->//*[@id="base_box"]/div/div[3]/form/button
[2021-03-17 09:54:54]cl_getDriver.py(72): Open NewTab->https://kabuoji3.com/stock/7971/2000/
[2021-03-17 09:54:55]cl_getDriver.py(127): click_Success->//*[@id="base_box"]/div/div[3]/form/button
[2021-03-17 09:54:55]cl_getDriver.py(127): click_Success->//*[@id="base_box"]/div/div[3]/form/button
[2021-03-17 09:54:55]cl_getDriver.py(72): Open NewTab->https://kabuoji3.com/stock/7988/2015/
[2021-03-17 09:54:57]cl_getDriver.py(127): click_Success->//*[@id="base_box"]/div/div[3]/form/button
[2021-03-17 09:54:58]cl_getDriver.py(127): click_Success->//*[@id="base_box"]/div/div[3]/form/button
[2021-03-17 09:54:58]cl_getDriver.py(72): Open NewTab->https://kabuoji3.com/stock/7971/1999/
[2021-03-17 09:54:59]cl_getDriver.py(127): click_Success->//*[@id="base_box"]/div/div[3]/form/button
[2021-03-17 09:54:59]cl_getDriver.py(72): Open NewTab->https://kabuoji3.com/stock/7988/2014/
[2021-03-17 09:55:00]cl_getDriver.py(127): click_Success->//*[@id="base_box"]/div/div[3]/form/button
[2021-03-17 09:55:00]cl_getDriver.py(127): click_Success->//*[@id="base_box"]/div/div[3]/form/button
[2021-03-17 09:55:02]cl_getDriver.py(127): click_Success->//*[@id="base_box"]/div/div[3]/form/button
[2021-03-17 09:55:02]cl_getDriver.py(72): Open NewTab->https://kabuoji3.com/stock/7971/1998/
[2021-03-17 09:55:03]cl_getDriver.py(127): click_Success->//*[@id="base_box"]/div/div[3]/form/button
[2021-03-17 09:55:03]cl_getDriver.py(72): Open NewTab->https://kabuoji3.com/stock/7988/2013/
[2021-03-17 09:55:04]cl_getDriver.py(127): click_Success->//*[@id="base_box"]/div/div[3]/form/button
[2021-03-17 09:55:04]cl_getDriver.py(127): click_Success->//*[@id="base_box"]/div/div[3]/form/button
[2021-03-17 09:55:06]cl_getDriver.py(127): click_Success->//*[@id="base_box"]/div/div[3]/form/button
[2021-03-17 09:55:06]cl_getDriver.py(72): Open NewTab->https://kabuoji3.com/stock/7971/1997/
[2021-03-17 09:55:07]cl_getDriver.py(127): click_Success->//*[@id="base_box"]/div/div[3]/form/button
[2021-03-17 09:55:07]cl_getDriver.py(72): Open NewTab->https://kabuoji3.com/stock/7988/2012/
[2021-03-17 09:55:08]cl_getDriver.py(127): click_Success->//*[@id="base_box"]/div/div[3]/form/button
[2021-03-17 09:55:08]cl_getDriver.py(127): click_Success->//*[@id="base_box"]/div/div[3]/form/button
[2021-03-17 09:55:10]cl_getDriver.py(127): click_Success->//*[@id="base_box"]/div/div[3]/form/button
[2021-03-17 09:55:10]cl_getDriver.py(72): Open NewTab->https://kabuoji3.com/stock/7971/1996/
[2021-03-17 09:55:11]cl_getDriver.py(127): click_Success->//*[@id="base_box"]/div/div[3]/form/button
[2021-03-17 09:55:11]cl_getDriver.py(72): Open NewTab->https://kabuoji3.com/stock/7988/2011/
[2021-03-17 09:55:12]cl_getDriver.py(127): click_Success->//*[@id="base_box"]/div/div[3]/form/button
[2021-03-17 09:55:13]cl_getDriver.py(127): click_Success->//*[@id="base_box"]/div/div[3]/form/button
[2021-03-17 09:55:15]cl_getDriver.py(127): click_Success->//*[@id="base_box"]/div/div[3]/form/button
[2021-03-17 09:55:15]cl_getDriver.py(72): Open NewTab->https://kabuoji3.com/stock/7971/1995/
[2021-03-17 09:55:15]cl_getDriver.py(127): click_Success->//*[@id="base_box"]/div/div[3]/form/button
[2021-03-17 09:55:16]cl_getDriver.py(72): Open NewTab->https://kabuoji3.com/stock/7988/2010/
[2021-03-17 09:55:17]cl_getDriver.py(127): click_Success->//*[@id="base_box"]/div/div[3]/form/button
[2021-03-17 09:55:17]cl_getDriver.py(127): click_Success->//*[@id="base_box"]/div/div[3]/form/button
[2021-03-17 09:55:19]cl_getDriver.py(127): click_Success->//*[@id="base_box"]/div/div[3]/form/button
[2021-03-17 09:55:19]cl_getDriver.py(127): click_Success->//*[@id="base_box"]/div/div[3]/form/button
[2021-03-17 09:55:19]cl_getDriver.py(72): Open NewTab->https://kabuoji3.com/stock/7971/1994/
[2021-03-17 09:55:20]cl_getDriver.py(72): Open NewTab->https://kabuoji3.com/stock/7988/2009/
[2021-03-17 09:55:21]cl_getDriver.py(127): click_Success->//*[@id="base_box"]/div/div[3]/form/button
[2021-03-17 09:55:21]cl_getDriver.py(127): click_Success->//*[@id="base_box"]/div/div[3]/form/button
[2021-03-17 09:55:23]cl_getDriver.py(127): click_Success->//*[@id="base_box"]/div/div[3]/form/button
[2021-03-17 09:55:23]cl_getDriver.py(127): click_Success->//*[@id="base_box"]/div/div[3]/form/button
[2021-03-17 09:55:24]cl_getDriver.py(72): Open NewTab->https://kabuoji3.com/stock/7971/1993/
[2021-03-17 09:55:24]cl_getDriver.py(72): Open NewTab->https://kabuoji3.com/stock/7988/2008/
[2021-03-17 09:55:25]cl_getDriver.py(127): click_Success->//*[@id="base_box"]/div/div[3]/form/button
[2021-03-17 09:55:26]cl_getDriver.py(127): click_Success->//*[@id="base_box"]/div/div[3]/form/button
[2021-03-17 09:55:28]cl_getDriver.py(127): click_Success->//*[@id="base_box"]/div/div[3]/form/button
[2021-03-17 09:55:28]cl_getDriver.py(72): Open NewTab->https://kabuoji3.com/stock/7988/2007/
[2021-03-17 09:55:28]cl_getDriver.py(127): click_Success->//*[@id="base_box"]/div/div[3]/form/button
[2021-03-17 09:55:29]cl_getDriver.py(72): Open NewTab->https://kabuoji3.com/stock/7971/1992/
[2021-03-17 09:55:29]cl_getDriver.py(127): click_Success->//*[@id="base_box"]/div/div[3]/form/button
[2021-03-17 09:55:30]cl_getDriver.py(127): click_Success->//*[@id="base_box"]/div/div[3]/form/button
[2021-03-17 09:55:32]cl_getDriver.py(127): click_Success->//*[@id="base_box"]/div/div[3]/form/button
[2021-03-17 09:55:32]cl_getDriver.py(72): Open NewTab->https://kabuoji3.com/stock/7988/2006/
[2021-03-17 09:55:33]cl_getDriver.py(127): click_Success->//*[@id="base_box"]/div/div[3]/form/button
[2021-03-17 09:55:33]cl_getDriver.py(72): Open NewTab->https://kabuoji3.com/stock/7971/1991/
[2021-03-17 09:55:33]cl_getDriver.py(127): click_Success->//*[@id="base_box"]/div/div[3]/form/button
[2021-03-17 09:55:35]cl_getDriver.py(127): click_Success->//*[@id="base_box"]/div/div[3]/form/button
[2021-03-17 09:55:36]cl_getDriver.py(127): click_Success->//*[@id="base_box"]/div/div[3]/form/button
[2021-03-17 09:55:36]cl_getDriver.py(72): Open NewTab->https://kabuoji3.com/stock/7988/2005/
[2021-03-17 09:55:37]cl_getDriver.py(127): click_Success->//*[@id="base_box"]/div/div[3]/form/button
[2021-03-17 09:55:37]cl_getDriver.py(127): click_Success->//*[@id="base_box"]/div/div[3]/form/button
[2021-03-17 09:55:37]cl_getDriver.py(72): Open NewTab->https://kabuoji3.com/stock/7971/1990/
[2021-03-17 09:55:39]cl_getDriver.py(127): click_Success->//*[@id="base_box"]/div/div[3]/form/button
[2021-03-17 09:55:39]cl_getDriver.py(127): click_Success->//*[@id="base_box"]/div/div[3]/form/button
[2021-03-17 09:55:40]cl_getDriver.py(72): Open NewTab->https://kabuoji3.com/stock/7988/2004/
[2021-03-17 09:55:41]cl_getDriver.py(127): click_Success->//*[@id="base_box"]/div/div[3]/form/button
[2021-03-17 09:55:41]cl_getDriver.py(72): Open NewTab->https://kabuoji3.com/stock/7971/1989/
[2021-03-17 09:55:41]cl_getDriver.py(127): click_Success->//*[@id="base_box"]/div/div[3]/form/button
[2021-03-17 09:55:42]cl_getDriver.py(127): click_Success->//*[@id="base_box"]/div/div[3]/form/button
[2021-03-17 09:55:44]cl_getDriver.py(127): click_Success->//*[@id="base_box"]/div/div[3]/form/button
[2021-03-17 09:55:44]cl_getDriver.py(72): Open NewTab->https://kabuoji3.com/stock/7988/2003/
[2021-03-17 09:55:45]cl_getDriver.py(127): click_Success->//*[@id="base_box"]/div/div[3]/form/button
[2021-03-17 09:55:45]cl_getDriver.py(72): Open NewTab->https://kabuoji3.com/stock/7971/1988/
[2021-03-17 09:55:45]cl_getDriver.py(127): click_Success->//*[@id="base_box"]/div/div[3]/form/button
[2021-03-17 09:55:47]cl_getDriver.py(127): click_Success->//*[@id="base_box"]/div/div[3]/form/button
[2021-03-17 09:55:48]cl_getDriver.py(127): click_Success->//*[@id="base_box"]/div/div[3]/form/button
[2021-03-17 09:55:48]cl_getDriver.py(72): Open NewTab->https://kabuoji3.com/stock/7988/2002/
[2021-03-17 09:55:49]cl_getDriver.py(127): click_Success->//*[@id="base_box"]/div/div[3]/form/button
[2021-03-17 09:55:49]cl_getDriver.py(127): click_Success->//*[@id="base_box"]/div/div[3]/form/button
[2021-03-17 09:55:49]cl_getDriver.py(72): Open NewTab->https://kabuoji3.com/stock/7971/1987/
[2021-03-17 09:55:50]cl_getDriver.py(127): click_Success->//*[@id="base_box"]/div/div[3]/form/button
[2021-03-17 09:55:51]cl_getDriver.py(127): click_Success->//*[@id="base_box"]/div/div[3]/form/button
[2021-03-17 09:55:52]cl_getDriver.py(72): Open NewTab->https://kabuoji3.com/stock/7988/2001/
[2021-03-17 09:55:53]cl_getDriver.py(127): click_Success->//*[@id="base_box"]/div/div[3]/form/button
[2021-03-17 09:55:53]cl_getDriver.py(127): click_Success->//*[@id="base_box"]/div/div[3]/form/button
[2021-03-17 09:55:53]cl_getDriver.py(72): Open NewTab->https://kabuoji3.com/stock/7971/1986/
[2021-03-17 09:55:55]cl_getDriver.py(127): click_Success->//*[@id="base_box"]/div/div[3]/form/button
[2021-03-17 09:55:55]cl_getDriver.py(127): click_Success->//*[@id="base_box"]/div/div[3]/form/button
[2021-03-17 09:55:55]cl_getDriver.py(72): Open NewTab->https://kabuoji3.com/stock/7988/2000/
[2021-03-17 09:55:56]cl_getDriver.py(127): click_Success->//*[@id="base_box"]/div/div[3]/form/button
[2021-03-17 09:55:57]cl_getDriver.py(127): click_Success->//*[@id="base_box"]/div/div[3]/form/button
[2021-03-17 09:55:58]cl_getDriver.py(72): Open NewTab->https://kabuoji3.com/stock/7971/1985/
[2021-03-17 09:55:59]cl_getDriver.py(127): click_Success->//*[@id="base_box"]/div/div[3]/form/button
[2021-03-17 09:55:59]cl_getDriver.py(127): click_Success->//*[@id="base_box"]/div/div[3]/form/button
[2021-03-17 09:55:59]cl_getDriver.py(72): Open NewTab->https://kabuoji3.com/stock/7988/1999/
[2021-03-17 09:56:00]cl_getDriver.py(127): click_Success->//*[@id="base_box"]/div/div[3]/form/button
[2021-03-17 09:56:01]cl_getDriver.py(127): click_Success->//*[@id="base_box"]/div/div[3]/form/button
[2021-03-17 09:56:02]cl_getDriver.py(72): Open NewTab->https://kabuoji3.com/stock/7971/1984/
[2021-03-17 09:56:02]cl_getDriver.py(127): click_Success->//*[@id="base_box"]/div/div[3]/form/button
[2021-03-17 09:56:03]cl_getDriver.py(72): Open NewTab->https://kabuoji3.com/stock/7988/1998/
[2021-03-17 09:56:03]cl_getDriver.py(127): click_Success->//*[@id="base_box"]/div/div[3]/form/button
[2021-03-17 09:56:04]cl_getDriver.py(127): click_Success->//*[@id="base_box"]/div/div[3]/form/button
[2021-03-17 09:56:05]cl_getDriver.py(127): click_Success->//*[@id="base_box"]/div/div[3]/form/button
[2021-03-17 09:56:06]cl_getDriver.py(72): Open NewTab->https://kabuoji3.com/stock/7971/1983/
[2021-03-17 09:56:06]cl_getDriver.py(127): click_Success->//*[@id="base_box"]/div/div[3]/form/button
[2021-03-17 09:56:07]cl_getDriver.py(72): Open NewTab->https://kabuoji3.com/stock/7988/1997/
[2021-03-17 09:56:07]cl_getDriver.py(127): click_Success->//*[@id="base_box"]/div/div[3]/form/button
[2021-03-17 09:56:08]cl_getDriver.py(127): click_Success->//*[@id="base_box"]/div/div[3]/form/button
[2021-03-17 09:56:09]cl_getDriver.py(127): click_Success->//*[@id="base_box"]/div/div[3]/form/button
[2021-03-17 09:56:10]cl_getDriver.py(127): click_Success->//*[@id="base_box"]/div/div[3]/form/button
[2021-03-17 09:56:10]cl_getDriver.py(72): Open NewTab->https://kabuoji3.com/stock/7988/1996/
[2021-03-17 09:56:11]cl_getDriver.py(127): click_Success->//*[@id="base_box"]/div/div[3]/form/button
[2021-03-17 09:56:13]main.py(42): finished Process->https://kabuoji3.com/stock/7971/
[2021-03-17 09:56:13]main.py(15): start_Process->https://kabuoji3.com/stock/7995/
[2021-03-17 09:56:14]cl_getDriver.py(127): click_Success->//*[@id="base_box"]/div/div[3]/form/button
[2021-03-17 09:56:14]cl_getDriver.py(72): Open NewTab->https://kabuoji3.com/stock/7988/1995/
[2021-03-17 09:56:15]cl_getDriver.py(127): click_Success->//*[@id="base_box"]/div/div[3]/form/button
[2021-03-17 09:56:18]cl_getDriver.py(127): click_Success->//*[@id="base_box"]/div/div[3]/form/button
[2021-03-17 09:56:18]cl_getDriver.py(72): Open NewTab->https://kabuoji3.com/stock/7988/1994/
[2021-03-17 09:56:19]cl_getDriver.py(127): click_Success->//*[@id="base_box"]/div/div[3]/form/button
[2021-03-17 09:56:20]cl_getDriver.py(64): getURL=https://kabuoji3.com/stock/7995/
[2021-03-17 09:56:21]cl_getDriver.py(72): Open NewTab->https://kabuoji3.com/stock/7995/
[2021-03-17 09:56:21]cl_getDriver.py(130): Not Found->//*[@id="base_box"]/div/div[3]/form/button
[2021-03-17 09:56:22]cl_getDriver.py(127): click_Success->//*[@id="base_box"]/div/div[3]/form/button
[2021-03-17 09:56:22]cl_getDriver.py(72): Open NewTab->https://kabuoji3.com/stock/7988/1993/
[2021-03-17 09:56:23]cl_getDriver.py(127): click_Success->//*[@id="base_box"]/div/div[3]/form/button
[2021-03-17 09:56:23]cl_getDriver.py(130): Not Found->//*[@id="base_box"]/div/div[3]/form/button
[2021-03-17 09:56:24]cl_getDriver.py(72): Open NewTab->https://kabuoji3.com/stock/7995/2021/
[2021-03-17 09:56:25]cl_getDriver.py(127): click_Success->//*[@id="base_box"]/div/div[3]/form/button
[2021-03-17 09:56:25]cl_getDriver.py(127): click_Success->//*[@id="base_box"]/div/div[3]/form/button
[2021-03-17 09:56:26]cl_getDriver.py(72): Open NewTab->https://kabuoji3.com/stock/7988/1992/
[2021-03-17 09:56:27]cl_getDriver.py(127): click_Success->//*[@id="base_box"]/div/div[3]/form/button
[2021-03-17 09:56:27]cl_getDriver.py(127): click_Success->//*[@id="base_box"]/div/div[3]/form/button
[2021-03-17 09:56:27]cl_getDriver.py(72): Open NewTab->https://kabuoji3.com/stock/7995/2020/
[2021-03-17 09:56:28]cl_getDriver.py(127): click_Success->//*[@id="base_box"]/div/div[3]/form/button
[2021-03-17 09:56:29]cl_getDriver.py(127): click_Success->//*[@id="base_box"]/div/div[3]/form/button
[2021-03-17 09:56:29]cl_getDriver.py(72): Open NewTab->https://kabuoji3.com/stock/7988/1991/
[2021-03-17 09:56:30]cl_getDriver.py(127): click_Success->//*[@id="base_box"]/div/div[3]/form/button
[2021-03-17 09:56:31]cl_getDriver.py(127): click_Success->//*[@id="base_box"]/div/div[3]/form/button
[2021-03-17 09:56:31]cl_getDriver.py(72): Open NewTab->https://kabuoji3.com/stock/7995/2019/
[2021-03-17 09:56:32]cl_getDriver.py(127): click_Success->//*[@id="base_box"]/div/div[3]/form/button
[2021-03-17 09:56:33]cl_getDriver.py(127): click_Success->//*[@id="base_box"]/div/div[3]/form/button
[2021-03-17 09:56:33]cl_getDriver.py(72): Open NewTab->https://kabuoji3.com/stock/7988/1990/
[2021-03-17 09:56:34]cl_getDriver.py(127): click_Success->//*[@id="base_box"]/div/div[3]/form/button
[2021-03-17 09:56:34]cl_getDriver.py(127): click_Success->//*[@id="base_box"]/div/div[3]/form/button
[2021-03-17 09:56:35]cl_getDriver.py(72): Open NewTab->https://kabuoji3.com/stock/7995/2018/
[2021-03-17 09:56:36]cl_getDriver.py(127): click_Success->//*[@id="base_box"]/div/div[3]/form/button
[2021-03-17 09:56:36]cl_getDriver.py(127): click_Success->//*[@id="base_box"]/div/div[3]/form/button
[2021-03-17 09:56:36]cl_getDriver.py(72): Open NewTab->https://kabuoji3.com/stock/7988/1989/
[2021-03-17 09:56:37]cl_getDriver.py(127): click_Success->//*[@id="base_box"]/div/div[3]/form/button
[2021-03-17 09:56:38]cl_getDriver.py(127): click_Success->//*[@id="base_box"]/div/div[3]/form/button
[2021-03-17 09:56:38]cl_getDriver.py(72): Open NewTab->https://kabuoji3.com/stock/7995/2017/
[2021-03-17 09:56:39]cl_getDriver.py(127): click_Success->//*[@id="base_box"]/div/div[3]/form/button
[2021-03-17 09:56:40]cl_getDriver.py(127): click_Success->//*[@id="base_box"]/div/div[3]/form/button
[2021-03-17 09:56:40]cl_getDriver.py(72): Open NewTab->https://kabuoji3.com/stock/7988/1988/
[2021-03-17 09:56:41]cl_getDriver.py(127): click_Success->//*[@id="base_box"]/div/div[3]/form/button
[2021-03-17 09:56:42]cl_getDriver.py(127): click_Success->//*[@id="base_box"]/div/div[3]/form/button
[2021-03-17 09:56:42]cl_getDriver.py(72): Open NewTab->https://kabuoji3.com/stock/7995/2016/
[2021-03-17 09:56:43]cl_getDriver.py(127): click_Success->//*[@id="base_box"]/div/div[3]/form/button
[2021-03-17 09:56:44]cl_getDriver.py(127): click_Success->//*[@id="base_box"]/div/div[3]/form/button
[2021-03-17 09:56:44]cl_getDriver.py(72): Open NewTab->https://kabuoji3.com/stock/7988/1987/
[2021-03-17 09:56:45]cl_getDriver.py(127): click_Success->//*[@id="base_box"]/div/div[3]/form/button
[2021-03-17 09:56:46]cl_getDriver.py(127): click_Success->//*[@id="base_box"]/div/div[3]/form/button
[2021-03-17 09:56:46]cl_getDriver.py(72): Open NewTab->https://kabuoji3.com/stock/7995/2015/
[2021-03-17 09:56:47]cl_getDriver.py(127): click_Success->//*[@id="base_box"]/div/div[3]/form/button
[2021-03-17 09:56:47]cl_getDriver.py(127): click_Success->//*[@id="base_box"]/div/div[3]/form/button
[2021-03-17 09:56:48]cl_getDriver.py(72): Open NewTab->https://kabuoji3.com/stock/7988/1986/
[2021-03-17 09:56:49]cl_getDriver.py(127): click_Success->//*[@id="base_box"]/div/div[3]/form/button
[2021-03-17 09:56:50]cl_getDriver.py(127): click_Success->//*[@id="base_box"]/div/div[3]/form/button
[2021-03-17 09:56:50]cl_getDriver.py(72): Open NewTab->https://kabuoji3.com/stock/7995/2014/
[2021-03-17 09:56:52]cl_getDriver.py(127): click_Success->//*[@id="base_box"]/div/div[3]/form/button
[2021-03-17 09:56:52]cl_getDriver.py(72): Open NewTab->https://kabuoji3.com/stock/7988/1985/
[2021-03-17 09:56:52]cl_getDriver.py(127): click_Success->//*[@id="base_box"]/div/div[3]/form/button
[2021-03-17 09:56:53]cl_getDriver.py(127): click_Success->//*[@id="base_box"]/div/div[3]/form/button
[2021-03-17 09:56:55]cl_getDriver.py(127): click_Success->//*[@id="base_box"]/div/div[3]/form/button
[2021-03-17 09:56:55]cl_getDriver.py(72): Open NewTab->https://kabuoji3.com/stock/7995/2013/
[2021-03-17 09:56:56]cl_getDriver.py(127): click_Success->//*[@id="base_box"]/div/div[3]/form/button
[2021-03-17 09:56:56]cl_getDriver.py(72): Open NewTab->https://kabuoji3.com/stock/7988/1984/
[2021-03-17 09:56:56]cl_getDriver.py(127): click_Success->//*[@id="base_box"]/div/div[3]/form/button
[2021-03-17 09:56:57]cl_getDriver.py(127): click_Success->//*[@id="base_box"]/div/div[3]/form/button
[2021-03-17 09:56:59]cl_getDriver.py(127): click_Success->//*[@id="base_box"]/div/div[3]/form/button
[2021-03-17 09:56:59]cl_getDriver.py(72): Open NewTab->https://kabuoji3.com/stock/7995/2012/
[2021-03-17 09:57:00]cl_getDriver.py(127): click_Success->//*[@id="base_box"]/div/div[3]/form/button
[2021-03-17 09:57:00]cl_getDriver.py(72): Open NewTab->https://kabuoji3.com/stock/7988/1983/
[2021-03-17 09:57:01]cl_getDriver.py(127): click_Success->//*[@id="base_box"]/div/div[3]/form/button
[2021-03-17 09:57:02]cl_getDriver.py(127): click_Success->//*[@id="base_box"]/div/div[3]/form/button
[2021-03-17 09:57:03]cl_getDriver.py(127): click_Success->//*[@id="base_box"]/div/div[3]/form/button
[2021-03-17 09:57:04]cl_getDriver.py(72): Open NewTab->https://kabuoji3.com/stock/7995/2011/
[2021-03-17 09:57:04]cl_getDriver.py(127): click_Success->//*[@id="base_box"]/div/div[3]/form/button
[2021-03-17 09:57:05]cl_getDriver.py(127): click_Success->//*[@id="base_box"]/div/div[3]/form/button
[2021-03-17 09:57:07]cl_getDriver.py(127): click_Success->//*[@id="base_box"]/div/div[3]/form/button
[2021-03-17 09:57:07]cl_getDriver.py(72): Open NewTab->https://kabuoji3.com/stock/7995/2010/
[2021-03-17 09:57:08]cl_getDriver.py(127): click_Success->//*[@id="base_box"]/div/div[3]/form/button
[2021-03-17 09:57:08]main.py(42): finished Process->https://kabuoji3.com/stock/7988/
[2021-03-17 09:57:08]main.py(15): start_Process->https://kabuoji3.com/stock/8011/
[2021-03-17 09:57:11]cl_getDriver.py(127): click_Success->//*[@id="base_box"]/div/div[3]/form/button
[2021-03-17 09:57:11]cl_getDriver.py(72): Open NewTab->https://kabuoji3.com/stock/7995/2009/
[2021-03-17 09:57:12]cl_getDriver.py(127): click_Success->//*[@id="base_box"]/div/div[3]/form/button
[2021-03-17 09:57:13]cl_getDriver.py(64): getURL=https://kabuoji3.com/stock/8011/
[2021-03-17 09:57:14]cl_getDriver.py(72): Open NewTab->https://kabuoji3.com/stock/8011/
[2021-03-17 09:57:14]cl_getDriver.py(127): click_Success->//*[@id="base_box"]/div/div[3]/form/button
[2021-03-17 09:57:15]cl_getDriver.py(72): Open NewTab->https://kabuoji3.com/stock/7995/2008/
[2021-03-17 09:57:15]cl_getDriver.py(130): Not Found->//*[@id="base_box"]/div/div[3]/form/button
[2021-03-17 09:57:16]cl_getDriver.py(127): click_Success->//*[@id="base_box"]/div/div[3]/form/button
[2021-03-17 09:57:17]cl_getDriver.py(130): Not Found->//*[@id="base_box"]/div/div[3]/form/button
[2021-03-17 09:57:17]cl_getDriver.py(72): Open NewTab->https://kabuoji3.com/stock/8011/2021/
[2021-03-17 09:57:18]cl_getDriver.py(127): click_Success->//*[@id="base_box"]/div/div[3]/form/button
[2021-03-17 09:57:18]cl_getDriver.py(127): click_Success->//*[@id="base_box"]/div/div[3]/form/button
[2021-03-17 09:57:18]cl_getDriver.py(72): Open NewTab->https://kabuoji3.com/stock/7995/2007/
[2021-03-17 09:57:19]cl_getDriver.py(127): click_Success->//*[@id="base_box"]/div/div[3]/form/button
[2021-03-17 09:57:20]cl_getDriver.py(127): click_Success->//*[@id="base_box"]/div/div[3]/form/button
[2021-03-17 09:57:21]cl_getDriver.py(72): Open NewTab->https://kabuoji3.com/stock/8011/2020/
[2021-03-17 09:57:22]cl_getDriver.py(127): click_Success->//*[@id="base_box"]/div/div[3]/form/button
[2021-03-17 09:57:22]cl_getDriver.py(127): click_Success->//*[@id="base_box"]/div/div[3]/form/button
[2021-03-17 09:57:22]cl_getDriver.py(72): Open NewTab->https://kabuoji3.com/stock/7995/2006/
[2021-03-17 09:57:23]cl_getDriver.py(127): click_Success->//*[@id="base_box"]/div/div[3]/form/button
[2021-03-17 09:57:24]cl_getDriver.py(127): click_Success->//*[@id="base_box"]/div/div[3]/form/button
[2021-03-17 09:57:25]cl_getDriver.py(72): Open NewTab->https://kabuoji3.com/stock/8011/2019/
[2021-03-17 09:57:26]cl_getDriver.py(127): click_Success->//*[@id="base_box"]/div/div[3]/form/button
[2021-03-17 09:57:26]cl_getDriver.py(127): click_Success->//*[@id="base_box"]/div/div[3]/form/button
[2021-03-17 09:57:26]cl_getDriver.py(72): Open NewTab->https://kabuoji3.com/stock/7995/2005/
[2021-03-17 09:57:27]cl_getDriver.py(127): click_Success->//*[@id="base_box"]/div/div[3]/form/button
[2021-03-17 09:57:28]cl_getDriver.py(127): click_Success->//*[@id="base_box"]/div/div[3]/form/button
[2021-03-17 09:57:29]cl_getDriver.py(72): Open NewTab->https://kabuoji3.com/stock/8011/2018/
[2021-03-17 09:57:29]cl_getDriver.py(127): click_Success->//*[@id="base_box"]/div/div[3]/form/button
[2021-03-17 09:57:30]cl_getDriver.py(72): Open NewTab->https://kabuoji3.com/stock/7995/2004/
[2021-03-17 09:57:30]cl_getDriver.py(127): click_Success->//*[@id="base_box"]/div/div[3]/form/button
[2021-03-17 09:57:31]cl_getDriver.py(127): click_Success->//*[@id="base_box"]/div/div[3]/form/button
[2021-03-17 09:57:32]cl_getDriver.py(127): click_Success->//*[@id="base_box"]/div/div[3]/form/button
[2021-03-17 09:57:33]cl_getDriver.py(72): Open NewTab->https://kabuoji3.com/stock/8011/2017/
[2021-03-17 09:57:33]cl_getDriver.py(127): click_Success->//*[@id="base_box"]/div/div[3]/form/button
[2021-03-17 09:57:34]cl_getDriver.py(72): Open NewTab->https://kabuoji3.com/stock/7995/2003/
[2021-03-17 09:57:35]cl_getDriver.py(127): click_Success->//*[@id="base_box"]/div/div[3]/form/button
[2021-03-17 09:57:35]cl_getDriver.py(127): click_Success->//*[@id="base_box"]/div/div[3]/form/button
[2021-03-17 09:57:37]cl_getDriver.py(127): click_Success->//*[@id="base_box"]/div/div[3]/form/button
[2021-03-17 09:57:37]cl_getDriver.py(127): click_Success->//*[@id="base_box"]/div/div[3]/form/button
[2021-03-17 09:57:38]cl_getDriver.py(72): Open NewTab->https://kabuoji3.com/stock/8011/2016/
[2021-03-17 09:57:38]cl_getDriver.py(72): Open NewTab->https://kabuoji3.com/stock/7995/2002/
[2021-03-17 09:57:39]cl_getDriver.py(127): click_Success->//*[@id="base_box"]/div/div[3]/form/button
[2021-03-17 09:57:39]cl_getDriver.py(127): click_Success->//*[@id="base_box"]/div/div[3]/form/button
[2021-03-17 09:57:42]cl_getDriver.py(127): click_Success->//*[@id="base_box"]/div/div[3]/form/button
[2021-03-17 09:57:42]cl_getDriver.py(127): click_Success->//*[@id="base_box"]/div/div[3]/form/button
[2021-03-17 09:57:42]cl_getDriver.py(72): Open NewTab->https://kabuoji3.com/stock/7995/2001/
[2021-03-17 09:57:42]cl_getDriver.py(72): Open NewTab->https://kabuoji3.com/stock/8011/2015/
[2021-03-17 09:57:44]cl_getDriver.py(127): click_Success->//*[@id="base_box"]/div/div[3]/form/button
[2021-03-17 09:57:44]cl_getDriver.py(127): click_Success->//*[@id="base_box"]/div/div[3]/form/button
[2021-03-17 09:57:46]cl_getDriver.py(127): click_Success->//*[@id="base_box"]/div/div[3]/form/button
[2021-03-17 09:57:46]cl_getDriver.py(127): click_Success->//*[@id="base_box"]/div/div[3]/form/button
[2021-03-17 09:57:47]cl_getDriver.py(72): Open NewTab->https://kabuoji3.com/stock/8011/2014/
[2021-03-17 09:57:47]cl_getDriver.py(72): Open NewTab->https://kabuoji3.com/stock/7995/2000/
[2021-03-17 09:57:48]cl_getDriver.py(127): click_Success->//*[@id="base_box"]/div/div[3]/form/button
[2021-03-17 09:57:48]cl_getDriver.py(127): click_Success->//*[@id="base_box"]/div/div[3]/form/button
[2021-03-17 09:57:50]cl_getDriver.py(127): click_Success->//*[@id="base_box"]/div/div[3]/form/button
[2021-03-17 09:57:50]cl_getDriver.py(127): click_Success->//*[@id="base_box"]/div/div[3]/form/button
[2021-03-17 09:57:51]cl_getDriver.py(72): Open NewTab->https://kabuoji3.com/stock/7995/1999/
[2021-03-17 09:57:51]cl_getDriver.py(72): Open NewTab->https://kabuoji3.com/stock/8011/2013/
[2021-03-17 09:57:52]cl_getDriver.py(127): click_Success->//*[@id="base_box"]/div/div[3]/form/button
[2021-03-17 09:57:52]cl_getDriver.py(127): click_Success->//*[@id="base_box"]/div/div[3]/form/button
[2021-03-17 09:57:55]cl_getDriver.py(127): click_Success->//*[@id="base_box"]/div/div[3]/form/button
[2021-03-17 09:57:55]cl_getDriver.py(127): click_Success->//*[@id="base_box"]/div/div[3]/form/button
[2021-03-17 09:57:55]cl_getDriver.py(72): Open NewTab->https://kabuoji3.com/stock/8011/2012/
[2021-03-17 09:57:55]cl_getDriver.py(72): Open NewTab->https://kabuoji3.com/stock/7995/1998/
[2021-03-17 09:57:57]cl_getDriver.py(127): click_Success->//*[@id="base_box"]/div/div[3]/form/button
[2021-03-17 09:57:57]cl_getDriver.py(127): click_Success->//*[@id="base_box"]/div/div[3]/form/button
[2021-03-17 09:57:59]cl_getDriver.py(127): click_Success->//*[@id="base_box"]/div/div[3]/form/button
[2021-03-17 09:57:59]cl_getDriver.py(127): click_Success->//*[@id="base_box"]/div/div[3]/form/button
[2021-03-17 09:58:00]cl_getDriver.py(72): Open NewTab->https://kabuoji3.com/stock/7995/1997/
[2021-03-17 09:58:00]cl_getDriver.py(72): Open NewTab->https://kabuoji3.com/stock/8011/2011/
[2021-03-17 09:58:01]cl_getDriver.py(127): click_Success->//*[@id="base_box"]/div/div[3]/form/button
[2021-03-17 09:58:02]cl_getDriver.py(127): click_Success->//*[@id="base_box"]/div/div[3]/form/button
[2021-03-17 09:58:04]cl_getDriver.py(127): click_Success->//*[@id="base_box"]/div/div[3]/form/button
[2021-03-17 09:58:04]cl_getDriver.py(127): click_Success->//*[@id="base_box"]/div/div[3]/form/button
[2021-03-17 09:58:05]cl_getDriver.py(72): Open NewTab->https://kabuoji3.com/stock/7995/1996/
[2021-03-17 09:58:05]cl_getDriver.py(72): Open NewTab->https://kabuoji3.com/stock/8011/2010/
[2021-03-17 09:58:06]cl_getDriver.py(127): click_Success->//*[@id="base_box"]/div/div[3]/form/button
[2021-03-17 09:58:06]cl_getDriver.py(127): click_Success->//*[@id="base_box"]/div/div[3]/form/button
[2021-03-17 09:58:08]cl_getDriver.py(127): click_Success->//*[@id="base_box"]/div/div[3]/form/button
[2021-03-17 09:58:08]cl_getDriver.py(72): Open NewTab->https://kabuoji3.com/stock/7995/1995/
[2021-03-17 09:58:09]cl_getDriver.py(127): click_Success->//*[@id="base_box"]/div/div[3]/form/button
[2021-03-17 09:58:09]cl_getDriver.py(72): Open NewTab->https://kabuoji3.com/stock/8011/2009/
[2021-03-17 09:58:10]cl_getDriver.py(127): click_Success->//*[@id="base_box"]/div/div[3]/form/button
[2021-03-17 09:58:11]cl_getDriver.py(127): click_Success->//*[@id="base_box"]/div/div[3]/form/button
[2021-03-17 09:58:12]cl_getDriver.py(127): click_Success->//*[@id="base_box"]/div/div[3]/form/button
[2021-03-17 09:58:13]cl_getDriver.py(72): Open NewTab->https://kabuoji3.com/stock/7995/1994/
[2021-03-17 09:58:13]cl_getDriver.py(127): click_Success->//*[@id="base_box"]/div/div[3]/form/button
[2021-03-17 09:58:13]cl_getDriver.py(72): Open NewTab->https://kabuoji3.com/stock/8011/2008/
[2021-03-17 09:58:14]cl_getDriver.py(127): click_Success->//*[@id="base_box"]/div/div[3]/form/button
[2021-03-17 09:58:15]cl_getDriver.py(127): click_Success->//*[@id="base_box"]/div/div[3]/form/button
[2021-03-17 09:58:17]cl_getDriver.py(127): click_Success->//*[@id="base_box"]/div/div[3]/form/button
[2021-03-17 09:58:17]cl_getDriver.py(127): click_Success->//*[@id="base_box"]/div/div[3]/form/button
[2021-03-17 09:58:17]cl_getDriver.py(72): Open NewTab->https://kabuoji3.com/stock/7995/1993/
[2021-03-17 09:58:18]cl_getDriver.py(72): Open NewTab->https://kabuoji3.com/stock/8011/2007/
[2021-03-17 09:58:19]cl_getDriver.py(127): click_Success->//*[@id="base_box"]/div/div[3]/form/button
[2021-03-17 09:58:19]cl_getDriver.py(127): click_Success->//*[@id="base_box"]/div/div[3]/form/button
[2021-03-17 09:58:21]cl_getDriver.py(127): click_Success->//*[@id="base_box"]/div/div[3]/form/button
[2021-03-17 09:58:21]cl_getDriver.py(72): Open NewTab->https://kabuoji3.com/stock/7995/1992/
[2021-03-17 09:58:22]cl_getDriver.py(127): click_Success->//*[@id="base_box"]/div/div[3]/form/button
[2021-03-17 09:58:22]cl_getDriver.py(72): Open NewTab->https://kabuoji3.com/stock/8011/2006/
[2021-03-17 09:58:23]cl_getDriver.py(127): click_Success->//*[@id="base_box"]/div/div[3]/form/button
[2021-03-17 09:58:23]cl_getDriver.py(127): click_Success->//*[@id="base_box"]/div/div[3]/form/button
[2021-03-17 09:58:26]cl_getDriver.py(127): click_Success->//*[@id="base_box"]/div/div[3]/form/button
[2021-03-17 09:58:26]cl_getDriver.py(127): click_Success->//*[@id="base_box"]/div/div[3]/form/button
[2021-03-17 09:58:26]cl_getDriver.py(72): Open NewTab->https://kabuoji3.com/stock/7995/1991/
[2021-03-17 09:58:26]cl_getDriver.py(72): Open NewTab->https://kabuoji3.com/stock/8011/2005/
[2021-03-17 09:58:28]cl_getDriver.py(127): click_Success->//*[@id="base_box"]/div/div[3]/form/button
[2021-03-17 09:58:28]cl_getDriver.py(127): click_Success->//*[@id="base_box"]/div/div[3]/form/button
[2021-03-17 09:58:30]cl_getDriver.py(127): click_Success->//*[@id="base_box"]/div/div[3]/form/button
[2021-03-17 09:58:30]cl_getDriver.py(127): click_Success->//*[@id="base_box"]/div/div[3]/form/button
[2021-03-17 09:58:31]cl_getDriver.py(72): Open NewTab->https://kabuoji3.com/stock/8011/2004/
[2021-03-17 09:58:31]cl_getDriver.py(72): Open NewTab->https://kabuoji3.com/stock/7995/1990/
[2021-03-17 09:58:32]cl_getDriver.py(127): click_Success->//*[@id="base_box"]/div/div[3]/form/button
[2021-03-17 09:58:32]cl_getDriver.py(127): click_Success->//*[@id="base_box"]/div/div[3]/form/button
[2021-03-17 09:58:34]cl_getDriver.py(127): click_Success->//*[@id="base_box"]/div/div[3]/form/button
[2021-03-17 09:58:35]cl_getDriver.py(127): click_Success->//*[@id="base_box"]/div/div[3]/form/button
[2021-03-17 09:58:35]cl_getDriver.py(72): Open NewTab->https://kabuoji3.com/stock/8011/2003/
[2021-03-17 09:58:35]cl_getDriver.py(72): Open NewTab->https://kabuoji3.com/stock/7995/1989/
[2021-03-17 09:58:37]cl_getDriver.py(127): click_Success->//*[@id="base_box"]/div/div[3]/form/button
[2021-03-17 09:58:37]cl_getDriver.py(127): click_Success->//*[@id="base_box"]/div/div[3]/form/button
[2021-03-17 09:58:39]cl_getDriver.py(127): click_Success->//*[@id="base_box"]/div/div[3]/form/button
[2021-03-17 09:58:39]cl_getDriver.py(127): click_Success->//*[@id="base_box"]/div/div[3]/form/button
[2021-03-17 09:58:39]cl_getDriver.py(72): Open NewTab->https://kabuoji3.com/stock/8011/2002/
[2021-03-17 09:58:40]cl_getDriver.py(72): Open NewTab->https://kabuoji3.com/stock/7995/1988/
[2021-03-17 09:58:41]cl_getDriver.py(127): click_Success->//*[@id="base_box"]/div/div[3]/form/button
[2021-03-17 09:58:41]cl_getDriver.py(127): click_Success->//*[@id="base_box"]/div/div[3]/form/button
[2021-03-17 09:58:43]cl_getDriver.py(127): click_Success->//*[@id="base_box"]/div/div[3]/form/button
[2021-03-17 09:58:43]cl_getDriver.py(127): click_Success->//*[@id="base_box"]/div/div[3]/form/button
[2021-03-17 09:58:44]cl_getDriver.py(72): Open NewTab->https://kabuoji3.com/stock/8011/2001/
[2021-03-17 09:58:44]cl_getDriver.py(72): Open NewTab->https://kabuoji3.com/stock/7995/1987/
[2021-03-17 09:58:45]cl_getDriver.py(127): click_Success->//*[@id="base_box"]/div/div[3]/form/button
[2021-03-17 09:58:46]cl_getDriver.py(127): click_Success->//*[@id="base_box"]/div/div[3]/form/button
[2021-03-17 09:58:48]cl_getDriver.py(127): click_Success->//*[@id="base_box"]/div/div[3]/form/button
[2021-03-17 09:58:48]cl_getDriver.py(127): click_Success->//*[@id="base_box"]/div/div[3]/form/button
[2021-03-17 09:58:48]cl_getDriver.py(72): Open NewTab->https://kabuoji3.com/stock/7995/1986/
[2021-03-17 09:58:49]cl_getDriver.py(72): Open NewTab->https://kabuoji3.com/stock/8011/2000/
[2021-03-17 09:58:50]cl_getDriver.py(127): click_Success->//*[@id="base_box"]/div/div[3]/form/button
[2021-03-17 09:58:50]cl_getDriver.py(127): click_Success->//*[@id="base_box"]/div/div[3]/form/button
[2021-03-17 09:58:52]cl_getDriver.py(127): click_Success->//*[@id="base_box"]/div/div[3]/form/button
[2021-03-17 09:58:52]cl_getDriver.py(127): click_Success->//*[@id="base_box"]/div/div[3]/form/button
[2021-03-17 09:58:53]cl_getDriver.py(72): Open NewTab->https://kabuoji3.com/stock/8011/1999/
[2021-03-17 09:58:53]cl_getDriver.py(72): Open NewTab->https://kabuoji3.com/stock/7995/1985/
[2021-03-17 09:58:54]cl_getDriver.py(127): click_Success->//*[@id="base_box"]/div/div[3]/form/button
[2021-03-17 09:58:54]cl_getDriver.py(127): click_Success->//*[@id="base_box"]/div/div[3]/form/button
[2021-03-17 09:58:56]cl_getDriver.py(127): click_Success->//*[@id="base_box"]/div/div[3]/form/button
[2021-03-17 09:58:57]cl_getDriver.py(127): click_Success->//*[@id="base_box"]/div/div[3]/form/button
[2021-03-17 09:58:57]cl_getDriver.py(72): Open NewTab->https://kabuoji3.com/stock/8011/1998/
[2021-03-17 09:58:57]cl_getDriver.py(72): Open NewTab->https://kabuoji3.com/stock/7995/1984/
[2021-03-17 09:58:58]cl_getDriver.py(127): click_Success->//*[@id="base_box"]/div/div[3]/form/button
[2021-03-17 09:59:01]cl_getDriver.py(127): click_Success->//*[@id="base_box"]/div/div[3]/form/button
[2021-03-17 09:59:01]cl_getDriver.py(72): Open NewTab->https://kabuoji3.com/stock/8011/1997/
[2021-03-17 09:59:02]cl_getDriver.py(127): click_Success->//*[@id="base_box"]/div/div[3]/form/button
[2021-03-17 09:59:03]cl_getDriver.py(127): click_Success->//*[@id="base_box"]/div/div[3]/form/button
[2021-03-17 09:59:05]cl_getDriver.py(127): click_Success->//*[@id="base_box"]/div/div[3]/form/button
[2021-03-17 09:59:05]cl_getDriver.py(72): Open NewTab->https://kabuoji3.com/stock/8011/1996/
[2021-03-17 09:59:06]cl_getDriver.py(127): click_Success->//*[@id="base_box"]/div/div[3]/form/button
[2021-03-17 09:59:06]cl_getDriver.py(72): Open NewTab->https://kabuoji3.com/stock/7995/1983/
[2021-03-17 09:59:06]cl_getDriver.py(127): click_Success->//*[@id="base_box"]/div/div[3]/form/button
[2021-03-17 09:59:07]cl_getDriver.py(127): click_Success->//*[@id="base_box"]/div/div[3]/form/button
[2021-03-17 09:59:09]cl_getDriver.py(127): click_Success->//*[@id="base_box"]/div/div[3]/form/button
[2021-03-17 09:59:09]cl_getDriver.py(72): Open NewTab->https://kabuoji3.com/stock/8011/1995/
[2021-03-17 09:59:10]cl_getDriver.py(127): click_Success->//*[@id="base_box"]/div/div[3]/form/button
[2021-03-17 09:59:11]cl_getDriver.py(127): click_Success->//*[@id="base_box"]/div/div[3]/form/button
[2021-03-17 09:59:13]main.py(42): finished Process->https://kabuoji3.com/stock/7995/
[2021-03-17 09:59:13]main.py(15): start_Process->https://kabuoji3.com/stock/8013/
[2021-03-17 09:59:14]cl_getDriver.py(127): click_Success->//*[@id="base_box"]/div/div[3]/form/button
[2021-03-17 09:59:14]cl_getDriver.py(72): Open NewTab->https://kabuoji3.com/stock/8011/1994/
[2021-03-17 09:59:16]cl_getDriver.py(127): click_Success->//*[@id="base_box"]/div/div[3]/form/button
[2021-03-17 09:59:18]cl_getDriver.py(127): click_Success->//*[@id="base_box"]/div/div[3]/form/button
[2021-03-17 09:59:18]cl_getDriver.py(72): Open NewTab->https://kabuoji3.com/stock/8011/1993/
[2021-03-17 09:59:19]cl_getDriver.py(64): getURL=https://kabuoji3.com/stock/8013/
[2021-03-17 09:59:20]cl_getDriver.py(127): click_Success->//*[@id="base_box"]/div/div[3]/form/button
[2021-03-17 09:59:20]cl_getDriver.py(72): Open NewTab->https://kabuoji3.com/stock/8013/
[2021-03-17 09:59:21]cl_getDriver.py(130): Not Found->//*[@id="base_box"]/div/div[3]/form/button
[2021-03-17 09:59:22]cl_getDriver.py(127): click_Success->//*[@id="base_box"]/div/div[3]/form/button
[2021-03-17 09:59:22]cl_getDriver.py(72): Open NewTab->https://kabuoji3.com/stock/8011/1992/
[2021-03-17 09:59:23]cl_getDriver.py(130): Not Found->//*[@id="base_box"]/div/div[3]/form/button
[2021-03-17 09:59:23]cl_getDriver.py(72): Open NewTab->https://kabuoji3.com/stock/8013/2021/
[2021-03-17 09:59:24]cl_getDriver.py(127): click_Success->//*[@id="base_box"]/div/div[3]/form/button
[2021-03-17 09:59:24]cl_getDriver.py(127): click_Success->//*[@id="base_box"]/div/div[3]/form/button
[2021-03-17 09:59:26]cl_getDriver.py(127): click_Success->//*[@id="base_box"]/div/div[3]/form/button
[2021-03-17 09:59:26]cl_getDriver.py(127): click_Success->//*[@id="base_box"]/div/div[3]/form/button
[2021-03-17 09:59:27]cl_getDriver.py(72): Open NewTab->https://kabuoji3.com/stock/8011/1991/
[2021-03-17 09:59:27]cl_getDriver.py(72): Open NewTab->https://kabuoji3.com/stock/8013/2020/
[2021-03-17 09:59:28]cl_getDriver.py(127): click_Success->//*[@id="base_box"]/div/div[3]/form/button
[2021-03-17 09:59:28]cl_getDriver.py(127): click_Success->//*[@id="base_box"]/div/div[3]/form/button
[2021-03-17 09:59:31]cl_getDriver.py(127): click_Success->//*[@id="base_box"]/div/div[3]/form/button
[2021-03-17 09:59:31]cl_getDriver.py(127): click_Success->//*[@id="base_box"]/div/div[3]/form/button
[2021-03-17 09:59:31]cl_getDriver.py(72): Open NewTab->https://kabuoji3.com/stock/8013/2019/
[2021-03-17 09:59:31]cl_getDriver.py(72): Open NewTab->https://kabuoji3.com/stock/8011/1990/
[2021-03-17 09:59:33]cl_getDriver.py(127): click_Success->//*[@id="base_box"]/div/div[3]/form/button
[2021-03-17 09:59:33]cl_getDriver.py(127): click_Success->//*[@id="base_box"]/div/div[3]/form/button
[2021-03-17 09:59:35]cl_getDriver.py(127): click_Success->//*[@id="base_box"]/div/div[3]/form/button
[2021-03-17 09:59:35]cl_getDriver.py(72): Open NewTab->https://kabuoji3.com/stock/8011/1989/
[2021-03-17 09:59:36]cl_getDriver.py(127): click_Success->//*[@id="base_box"]/div/div[3]/form/button
[2021-03-17 09:59:36]cl_getDriver.py(72): Open NewTab->https://kabuoji3.com/stock/8013/2018/
[2021-03-17 09:59:37]cl_getDriver.py(127): click_Success->//*[@id="base_box"]/div/div[3]/form/button
[2021-03-17 09:59:37]cl_getDriver.py(127): click_Success->//*[@id="base_box"]/div/div[3]/form/button
[2021-03-17 09:59:39]cl_getDriver.py(127): click_Success->//*[@id="base_box"]/div/div[3]/form/button
[2021-03-17 09:59:39]cl_getDriver.py(72): Open NewTab->https://kabuoji3.com/stock/8011/1988/
[2021-03-17 09:59:40]cl_getDriver.py(127): click_Success->//*[@id="base_box"]/div/div[3]/form/button
[2021-03-17 09:59:40]cl_getDriver.py(72): Open NewTab->https://kabuoji3.com/stock/8013/2017/
[2021-03-17 09:59:41]cl_getDriver.py(127): click_Success->//*[@id="base_box"]/div/div[3]/form/button
[2021-03-17 09:59:41]cl_getDriver.py(127): click_Success->//*[@id="base_box"]/div/div[3]/form/button
[2021-03-17 09:59:44]cl_getDriver.py(127): click_Success->//*[@id="base_box"]/div/div[3]/form/button
[2021-03-17 09:59:44]cl_getDriver.py(127): click_Success->//*[@id="base_box"]/div/div[3]/form/button
[2021-03-17 09:59:44]cl_getDriver.py(72): Open NewTab->https://kabuoji3.com/stock/8013/2016/
[2021-03-17 09:59:44]cl_getDriver.py(72): Open NewTab->https://kabuoji3.com/stock/8011/1987/
[2021-03-17 09:59:46]cl_getDriver.py(127): click_Success->//*[@id="base_box"]/div/div[3]/form/button
[2021-03-17 09:59:46]cl_getDriver.py(127): click_Success->//*[@id="base_box"]/div/div[3]/form/button
[2021-03-17 09:59:48]cl_getDriver.py(127): click_Success->//*[@id="base_box"]/div/div[3]/form/button
[2021-03-17 09:59:48]cl_getDriver.py(72): Open NewTab->https://kabuoji3.com/stock/8013/2015/
[2021-03-17 09:59:48]cl_getDriver.py(127): click_Success->//*[@id="base_box"]/div/div[3]/form/button
[2021-03-17 09:59:49]cl_getDriver.py(72): Open NewTab->https://kabuoji3.com/stock/8011/1986/
[2021-03-17 09:59:50]cl_getDriver.py(127): click_Success->//*[@id="base_box"]/div/div[3]/form/button
[2021-03-17 09:59:50]cl_getDriver.py(127): click_Success->//*[@id="base_box"]/div/div[3]/form/button
[2021-03-17 09:59:52]cl_getDriver.py(127): click_Success->//*[@id="base_box"]/div/div[3]/form/button
[2021-03-17 09:59:53]cl_getDriver.py(127): click_Success->//*[@id="base_box"]/div/div[3]/form/button
[2021-03-17 09:59:53]cl_getDriver.py(72): Open NewTab->https://kabuoji3.com/stock/8013/2014/
[2021-03-17 09:59:53]cl_getDriver.py(72): Open NewTab->https://kabuoji3.com/stock/8011/1985/
[2021-03-17 09:59:54]cl_getDriver.py(127): click_Success->//*[@id="base_box"]/div/div[3]/form/button
[2021-03-17 09:59:55]cl_getDriver.py(127): click_Success->//*[@id="base_box"]/div/div[3]/form/button
[2021-03-17 09:59:57]cl_getDriver.py(127): click_Success->//*[@id="base_box"]/div/div[3]/form/button
[2021-03-17 09:59:57]cl_getDriver.py(127): click_Success->//*[@id="base_box"]/div/div[3]/form/button
[2021-03-17 09:59:58]cl_getDriver.py(72): Open NewTab->https://kabuoji3.com/stock/8013/2013/
[2021-03-17 09:59:58]cl_getDriver.py(72): Open NewTab->https://kabuoji3.com/stock/8011/1984/
[2021-03-17 09:59:59]cl_getDriver.py(127): click_Success->//*[@id="base_box"]/div/div[3]/form/button
[2021-03-17 09:59:59]cl_getDriver.py(127): click_Success->//*[@id="base_box"]/div/div[3]/form/button
[2021-03-17 10:00:01]cl_getDriver.py(127): click_Success->//*[@id="base_box"]/div/div[3]/form/button
[2021-03-17 10:00:01]cl_getDriver.py(127): click_Success->//*[@id="base_box"]/div/div[3]/form/button
[2021-03-17 10:00:02]cl_getDriver.py(72): Open NewTab->https://kabuoji3.com/stock/8013/2012/
[2021-03-17 10:00:02]cl_getDriver.py(72): Open NewTab->https://kabuoji3.com/stock/8011/1983/
[2021-03-17 10:00:03]cl_getDriver.py(127): click_Success->//*[@id="base_box"]/div/div[3]/form/button
[2021-03-17 10:00:03]cl_getDriver.py(127): click_Success->//*[@id="base_box"]/div/div[3]/form/button
[2021-03-17 10:00:06]cl_getDriver.py(127): click_Success->//*[@id="base_box"]/div/div[3]/form/button
[2021-03-17 10:00:06]cl_getDriver.py(127): click_Success->//*[@id="base_box"]/div/div[3]/form/button
[2021-03-17 10:00:06]cl_getDriver.py(72): Open NewTab->https://kabuoji3.com/stock/8013/2011/
[2021-03-17 10:00:07]cl_getDriver.py(127): click_Success->//*[@id="base_box"]/div/div[3]/form/button
[2021-03-17 10:00:08]main.py(42): finished Process->https://kabuoji3.com/stock/8011/
[2021-03-17 10:00:09]main.py(15): start_Process->https://kabuoji3.com/stock/8016/
[2021-03-17 10:00:09]cl_getDriver.py(127): click_Success->//*[@id="base_box"]/div/div[3]/form/button
[2021-03-17 10:00:10]cl_getDriver.py(72): Open NewTab->https://kabuoji3.com/stock/8013/2010/
[2021-03-17 10:00:11]cl_getDriver.py(127): click_Success->//*[@id="base_box"]/div/div[3]/form/button
[2021-03-17 10:00:14]cl_getDriver.py(127): click_Success->//*[@id="base_box"]/div/div[3]/form/button
[2021-03-17 10:00:14]cl_getDriver.py(72): Open NewTab->https://kabuoji3.com/stock/8013/2009/
[2021-03-17 10:00:15]cl_getDriver.py(127): click_Success->//*[@id="base_box"]/div/div[3]/form/button
[2021-03-17 10:00:16]cl_getDriver.py(64): getURL=https://kabuoji3.com/stock/8016/
[2021-03-17 10:00:16]cl_getDriver.py(72): Open NewTab->https://kabuoji3.com/stock/8016/
[2021-03-17 10:00:17]cl_getDriver.py(130): Not Found->//*[@id="base_box"]/div/div[3]/form/button
[2021-03-17 10:00:18]cl_getDriver.py(127): click_Success->//*[@id="base_box"]/div/div[3]/form/button
[2021-03-17 10:00:18]cl_getDriver.py(72): Open NewTab->https://kabuoji3.com/stock/8013/2008/
[2021-03-17 10:00:19]cl_getDriver.py(127): click_Success->//*[@id="base_box"]/div/div[3]/form/button
[2021-03-17 10:00:19]cl_getDriver.py(130): Not Found->//*[@id="base_box"]/div/div[3]/form/button
[2021-03-17 10:00:19]cl_getDriver.py(72): Open NewTab->https://kabuoji3.com/stock/8016/2021/
[2021-03-17 10:00:20]cl_getDriver.py(127): click_Success->//*[@id="base_box"]/div/div[3]/form/button
[2021-03-17 10:00:21]cl_getDriver.py(127): click_Success->//*[@id="base_box"]/div/div[3]/form/button
[2021-03-17 10:00:22]cl_getDriver.py(72): Open NewTab->https://kabuoji3.com/stock/8013/2007/
[2021-03-17 10:00:22]cl_getDriver.py(127): click_Success->//*[@id="base_box"]/div/div[3]/form/button
[2021-03-17 10:00:23]cl_getDriver.py(72): Open NewTab->https://kabuoji3.com/stock/8016/2020/
[2021-03-17 10:00:24]cl_getDriver.py(127): click_Success->//*[@id="base_box"]/div/div[3]/form/button
[2021-03-17 10:00:24]cl_getDriver.py(127): click_Success->//*[@id="base_box"]/div/div[3]/form/button
[2021-03-17 10:00:26]cl_getDriver.py(127): click_Success->//*[@id="base_box"]/div/div[3]/form/button
[2021-03-17 10:00:26]cl_getDriver.py(72): Open NewTab->https://kabuoji3.com/stock/8013/2006/
[2021-03-17 10:00:27]cl_getDriver.py(127): click_Success->//*[@id="base_box"]/div/div[3]/form/button
[2021-03-17 10:00:27]cl_getDriver.py(72): Open NewTab->https://kabuoji3.com/stock/8016/2019/
[2021-03-17 10:00:28]cl_getDriver.py(127): click_Success->//*[@id="base_box"]/div/div[3]/form/button
[2021-03-17 10:00:29]cl_getDriver.py(127): click_Success->//*[@id="base_box"]/div/div[3]/form/button
[2021-03-17 10:00:30]cl_getDriver.py(127): click_Success->//*[@id="base_box"]/div/div[3]/form/button
[2021-03-17 10:00:31]cl_getDriver.py(72): Open NewTab->https://kabuoji3.com/stock/8013/2005/
[2021-03-17 10:00:31]cl_getDriver.py(127): click_Success->//*[@id="base_box"]/div/div[3]/form/button
[2021-03-17 10:00:31]cl_getDriver.py(72): Open NewTab->https://kabuoji3.com/stock/8016/2018/
[2021-03-17 10:00:32]cl_getDriver.py(127): click_Success->//*[@id="base_box"]/div/div[3]/form/button
[2021-03-17 10:00:33]cl_getDriver.py(127): click_Success->//*[@id="base_box"]/div/div[3]/form/button
[2021-03-17 10:00:35]cl_getDriver.py(127): click_Success->//*[@id="base_box"]/div/div[3]/form/button
[2021-03-17 10:00:35]cl_getDriver.py(72): Open NewTab->https://kabuoji3.com/stock/8013/2004/
[2021-03-17 10:00:35]cl_getDriver.py(127): click_Success->//*[@id="base_box"]/div/div[3]/form/button
[2021-03-17 10:00:36]cl_getDriver.py(72): Open NewTab->https://kabuoji3.com/stock/8016/2017/
[2021-03-17 10:00:36]cl_getDriver.py(127): click_Success->//*[@id="base_box"]/div/div[3]/form/button
[2021-03-17 10:00:37]cl_getDriver.py(127): click_Success->//*[@id="base_box"]/div/div[3]/form/button
[2021-03-17 10:00:39]cl_getDriver.py(127): click_Success->//*[@id="base_box"]/div/div[3]/form/button
[2021-03-17 10:00:39]cl_getDriver.py(72): Open NewTab->https://kabuoji3.com/stock/8013/2003/
[2021-03-17 10:00:39]cl_getDriver.py(127): click_Success->//*[@id="base_box"]/div/div[3]/form/button
[2021-03-17 10:00:40]cl_getDriver.py(72): Open NewTab->https://kabuoji3.com/stock/8016/2016/
[2021-03-17 10:00:41]cl_getDriver.py(127): click_Success->//*[@id="base_box"]/div/div[3]/form/button
[2021-03-17 10:00:41]cl_getDriver.py(127): click_Success->//*[@id="base_box"]/div/div[3]/form/button
[2021-03-17 10:00:44]cl_getDriver.py(127): click_Success->//*[@id="base_box"]/div/div[3]/form/button
[2021-03-17 10:00:44]cl_getDriver.py(127): click_Success->//*[@id="base_box"]/div/div[3]/form/button
[2021-03-17 10:00:44]cl_getDriver.py(72): Open NewTab->https://kabuoji3.com/stock/8016/2015/
[2021-03-17 10:00:44]cl_getDriver.py(72): Open NewTab->https://kabuoji3.com/stock/8013/2002/
[2021-03-17 10:00:45]cl_getDriver.py(127): click_Success->//*[@id="base_box"]/div/div[3]/form/button
[2021-03-17 10:00:46]cl_getDriver.py(127): click_Success->//*[@id="base_box"]/div/div[3]/form/button
[2021-03-17 10:00:48]cl_getDriver.py(127): click_Success->//*[@id="base_box"]/div/div[3]/form/button
[2021-03-17 10:00:48]cl_getDriver.py(127): click_Success->//*[@id="base_box"]/div/div[3]/form/button
[2021-03-17 10:00:48]cl_getDriver.py(72): Open NewTab->https://kabuoji3.com/stock/8016/2014/
[2021-03-17 10:00:49]cl_getDriver.py(72): Open NewTab->https://kabuoji3.com/stock/8013/2001/
[2021-03-17 10:00:50]cl_getDriver.py(127): click_Success->//*[@id="base_box"]/div/div[3]/form/button
[2021-03-17 10:00:50]cl_getDriver.py(127): click_Success->//*[@id="base_box"]/div/div[3]/form/button
[2021-03-17 10:00:52]cl_getDriver.py(127): click_Success->//*[@id="base_box"]/div/div[3]/form/button
[2021-03-17 10:00:52]cl_getDriver.py(72): Open NewTab->https://kabuoji3.com/stock/8016/2013/
[2021-03-17 10:00:53]cl_getDriver.py(127): click_Success->//*[@id="base_box"]/div/div[3]/form/button
[2021-03-17 10:00:53]cl_getDriver.py(72): Open NewTab->https://kabuoji3.com/stock/8013/2000/
[2021-03-17 10:00:54]cl_getDriver.py(127): click_Success->//*[@id="base_box"]/div/div[3]/form/button
[2021-03-17 10:00:54]cl_getDriver.py(127): click_Success->//*[@id="base_box"]/div/div[3]/form/button
[2021-03-17 10:00:56]cl_getDriver.py(127): click_Success->//*[@id="base_box"]/div/div[3]/form/button
[2021-03-17 10:00:56]cl_getDriver.py(72): Open NewTab->https://kabuoji3.com/stock/8016/2012/
[2021-03-17 10:00:57]cl_getDriver.py(127): click_Success->//*[@id="base_box"]/div/div[3]/form/button
[2021-03-17 10:00:58]cl_getDriver.py(72): Open NewTab->https://kabuoji3.com/stock/8013/1999/
[2021-03-17 10:00:58]cl_getDriver.py(127): click_Success->//*[@id="base_box"]/div/div[3]/form/button
[2021-03-17 10:00:59]cl_getDriver.py(127): click_Success->//*[@id="base_box"]/div/div[3]/form/button
[2021-03-17 10:01:01]cl_getDriver.py(127): click_Success->//*[@id="base_box"]/div/div[3]/form/button
[2021-03-17 10:01:01]cl_getDriver.py(72): Open NewTab->https://kabuoji3.com/stock/8016/2011/
[2021-03-17 10:01:01]cl_getDriver.py(127): click_Success->//*[@id="base_box"]/div/div[3]/form/button
[2021-03-17 10:01:02]cl_getDriver.py(72): Open NewTab->https://kabuoji3.com/stock/8013/1998/
[2021-03-17 10:01:02]cl_getDriver.py(127): click_Success->//*[@id="base_box"]/div/div[3]/form/button
[2021-03-17 10:01:03]cl_getDriver.py(127): click_Success->//*[@id="base_box"]/div/div[3]/form/button
[2021-03-17 10:01:05]cl_getDriver.py(127): click_Success->//*[@id="base_box"]/div/div[3]/form/button
[2021-03-17 10:01:05]cl_getDriver.py(72): Open NewTab->https://kabuoji3.com/stock/8016/2010/
[2021-03-17 10:01:05]cl_getDriver.py(127): click_Success->//*[@id="base_box"]/div/div[3]/form/button
[2021-03-17 10:01:06]cl_getDriver.py(72): Open NewTab->https://kabuoji3.com/stock/8013/1997/
[2021-03-17 10:01:06]cl_getDriver.py(127): click_Success->//*[@id="base_box"]/div/div[3]/form/button
[2021-03-17 10:01:07]cl_getDriver.py(127): click_Success->//*[@id="base_box"]/div/div[3]/form/button
[2021-03-17 10:01:09]cl_getDriver.py(127): click_Success->//*[@id="base_box"]/div/div[3]/form/button
[2021-03-17 10:01:09]cl_getDriver.py(72): Open NewTab->https://kabuoji3.com/stock/8016/2009/
[2021-03-17 10:01:10]cl_getDriver.py(127): click_Success->//*[@id="base_box"]/div/div[3]/form/button
[2021-03-17 10:01:10]cl_getDriver.py(72): Open NewTab->https://kabuoji3.com/stock/8013/1996/
[2021-03-17 10:01:10]cl_getDriver.py(127): click_Success->//*[@id="base_box"]/div/div[3]/form/button
[2021-03-17 10:01:11]cl_getDriver.py(127): click_Success->//*[@id="base_box"]/div/div[3]/form/button
[2021-03-17 10:01:12]cl_getDriver.py(127): click_Success->//*[@id="base_box"]/div/div[3]/form/button
[2021-03-17 10:01:13]cl_getDriver.py(72): Open NewTab->https://kabuoji3.com/stock/8016/2008/
[2021-03-17 10:01:14]cl_getDriver.py(127): click_Success->//*[@id="base_box"]/div/div[3]/form/button
[2021-03-17 10:01:14]cl_getDriver.py(127): click_Success->//*[@id="base_box"]/div/div[3]/form/button
[2021-03-17 10:01:14]cl_getDriver.py(72): Open NewTab->https://kabuoji3.com/stock/8013/1995/
[2021-03-17 10:01:15]cl_getDriver.py(127): click_Success->//*[@id="base_box"]/div/div[3]/form/button
[2021-03-17 10:01:16]cl_getDriver.py(127): click_Success->//*[@id="base_box"]/div/div[3]/form/button
[2021-03-17 10:01:17]cl_getDriver.py(72): Open NewTab->https://kabuoji3.com/stock/8016/2007/
[2021-03-17 10:01:18]cl_getDriver.py(127): click_Success->//*[@id="base_box"]/div/div[3]/form/button
[2021-03-17 10:01:18]cl_getDriver.py(72): Open NewTab->https://kabuoji3.com/stock/8013/1994/
[2021-03-17 10:01:18]cl_getDriver.py(127): click_Success->//*[@id="base_box"]/div/div[3]/form/button
[2021-03-17 10:01:19]cl_getDriver.py(127): click_Success->//*[@id="base_box"]/div/div[3]/form/button
[2021-03-17 10:01:21]cl_getDriver.py(127): click_Success->//*[@id="base_box"]/div/div[3]/form/button
[2021-03-17 10:01:21]cl_getDriver.py(72): Open NewTab->https://kabuoji3.com/stock/8016/2006/
[2021-03-17 10:01:22]cl_getDriver.py(127): click_Success->//*[@id="base_box"]/div/div[3]/form/button
[2021-03-17 10:01:22]cl_getDriver.py(72): Open NewTab->https://kabuoji3.com/stock/8013/1993/
[2021-03-17 10:01:22]cl_getDriver.py(127): click_Success->//*[@id="base_box"]/div/div[3]/form/button
[2021-03-17 10:01:23]cl_getDriver.py(127): click_Success->//*[@id="base_box"]/div/div[3]/form/button
[2021-03-17 10:01:25]cl_getDriver.py(127): click_Success->//*[@id="base_box"]/div/div[3]/form/button
[2021-03-17 10:01:25]cl_getDriver.py(72): Open NewTab->https://kabuoji3.com/stock/8016/2005/
[2021-03-17 10:01:26]cl_getDriver.py(127): click_Success->//*[@id="base_box"]/div/div[3]/form/button
[2021-03-17 10:01:26]cl_getDriver.py(72): Open NewTab->https://kabuoji3.com/stock/8013/1992/
[2021-03-17 10:01:26]cl_getDriver.py(127): click_Success->//*[@id="base_box"]/div/div[3]/form/button
[2021-03-17 10:01:27]cl_getDriver.py(127): click_Success->//*[@id="base_box"]/div/div[3]/form/button
[2021-03-17 10:01:28]cl_getDriver.py(127): click_Success->//*[@id="base_box"]/div/div[3]/form/button
[2021-03-17 10:01:29]cl_getDriver.py(72): Open NewTab->https://kabuoji3.com/stock/8016/2004/
[2021-03-17 10:01:29]cl_getDriver.py(127): click_Success->//*[@id="base_box"]/div/div[3]/form/button
[2021-03-17 10:01:30]cl_getDriver.py(72): Open NewTab->https://kabuoji3.com/stock/8013/1991/
[2021-03-17 10:01:30]cl_getDriver.py(127): click_Success->//*[@id="base_box"]/div/div[3]/form/button
[2021-03-17 10:01:31]cl_getDriver.py(127): click_Success->//*[@id="base_box"]/div/div[3]/form/button
[2021-03-17 10:01:32]cl_getDriver.py(127): click_Success->//*[@id="base_box"]/div/div[3]/form/button
[2021-03-17 10:01:33]cl_getDriver.py(72): Open NewTab->https://kabuoji3.com/stock/8016/2003/
[2021-03-17 10:01:34]cl_getDriver.py(127): click_Success->//*[@id="base_box"]/div/div[3]/form/button
[2021-03-17 10:01:34]cl_getDriver.py(127): click_Success->//*[@id="base_box"]/div/div[3]/form/button
[2021-03-17 10:01:34]cl_getDriver.py(72): Open NewTab->https://kabuoji3.com/stock/8013/1990/
[2021-03-17 10:01:35]cl_getDriver.py(127): click_Success->//*[@id="base_box"]/div/div[3]/form/button
[2021-03-17 10:01:36]cl_getDriver.py(127): click_Success->//*[@id="base_box"]/div/div[3]/form/button
[2021-03-17 10:01:36]cl_getDriver.py(72): Open NewTab->https://kabuoji3.com/stock/8016/2002/
[2021-03-17 10:01:37]cl_getDriver.py(127): click_Success->//*[@id="base_box"]/div/div[3]/form/button
[2021-03-17 10:01:38]cl_getDriver.py(127): click_Success->//*[@id="base_box"]/div/div[3]/form/button
[2021-03-17 10:01:38]cl_getDriver.py(72): Open NewTab->https://kabuoji3.com/stock/8013/1989/
[2021-03-17 10:01:39]cl_getDriver.py(127): click_Success->//*[@id="base_box"]/div/div[3]/form/button
[2021-03-17 10:01:40]cl_getDriver.py(127): click_Success->//*[@id="base_box"]/div/div[3]/form/button
[2021-03-17 10:01:40]cl_getDriver.py(72): Open NewTab->https://kabuoji3.com/stock/8016/2001/
[2021-03-17 10:01:41]cl_getDriver.py(127): click_Success->//*[@id="base_box"]/div/div[3]/form/button
[2021-03-17 10:01:42]cl_getDriver.py(127): click_Success->//*[@id="base_box"]/div/div[3]/form/button
[2021-03-17 10:01:42]cl_getDriver.py(72): Open NewTab->https://kabuoji3.com/stock/8013/1988/
[2021-03-17 10:01:43]cl_getDriver.py(127): click_Success->//*[@id="base_box"]/div/div[3]/form/button
[2021-03-17 10:01:44]cl_getDriver.py(127): click_Success->//*[@id="base_box"]/div/div[3]/form/button
[2021-03-17 10:01:44]cl_getDriver.py(72): Open NewTab->https://kabuoji3.com/stock/8016/2000/
[2021-03-17 10:01:45]cl_getDriver.py(127): click_Success->//*[@id="base_box"]/div/div[3]/form/button
[2021-03-17 10:01:46]cl_getDriver.py(127): click_Success->//*[@id="base_box"]/div/div[3]/form/button
[2021-03-17 10:01:46]cl_getDriver.py(72): Open NewTab->https://kabuoji3.com/stock/8013/1987/
[2021-03-17 10:01:47]cl_getDriver.py(127): click_Success->//*[@id="base_box"]/div/div[3]/form/button
[2021-03-17 10:01:47]cl_getDriver.py(127): click_Success->//*[@id="base_box"]/div/div[3]/form/button
[2021-03-17 10:01:48]cl_getDriver.py(72): Open NewTab->https://kabuoji3.com/stock/8016/1999/
[2021-03-17 10:01:49]cl_getDriver.py(127): click_Success->//*[@id="base_box"]/div/div[3]/form/button
[2021-03-17 10:01:50]cl_getDriver.py(127): click_Success->//*[@id="base_box"]/div/div[3]/form/button
[2021-03-17 10:01:50]cl_getDriver.py(72): Open NewTab->https://kabuoji3.com/stock/8013/1986/
[2021-03-17 10:01:51]cl_getDriver.py(127): click_Success->//*[@id="base_box"]/div/div[3]/form/button
[2021-03-17 10:01:51]cl_getDriver.py(127): click_Success->//*[@id="base_box"]/div/div[3]/form/button
[2021-03-17 10:01:51]cl_getDriver.py(72): Open NewTab->https://kabuoji3.com/stock/8016/1998/
[2021-03-17 10:01:52]cl_getDriver.py(127): click_Success->//*[@id="base_box"]/div/div[3]/form/button
[2021-03-17 10:01:53]cl_getDriver.py(127): click_Success->//*[@id="base_box"]/div/div[3]/form/button
[2021-03-17 10:01:54]cl_getDriver.py(72): Open NewTab->https://kabuoji3.com/stock/8013/1985/
[2021-03-17 10:01:55]cl_getDriver.py(127): click_Success->//*[@id="base_box"]/div/div[3]/form/button
[2021-03-17 10:01:55]cl_getDriver.py(127): click_Success->//*[@id="base_box"]/div/div[3]/form/button
[2021-03-17 10:01:55]cl_getDriver.py(72): Open NewTab->https://kabuoji3.com/stock/8016/1997/
[2021-03-17 10:01:57]cl_getDriver.py(127): click_Success->//*[@id="base_box"]/div/div[3]/form/button
[2021-03-17 10:01:58]cl_getDriver.py(127): click_Success->//*[@id="base_box"]/div/div[3]/form/button
[2021-03-17 10:01:58]cl_getDriver.py(72): Open NewTab->https://kabuoji3.com/stock/8013/1984/
[2021-03-17 10:01:59]cl_getDriver.py(127): click_Success->//*[@id="base_box"]/div/div[3]/form/button
[2021-03-17 10:01:59]cl_getDriver.py(127): click_Success->//*[@id="base_box"]/div/div[3]/form/button
[2021-03-17 10:01:59]cl_getDriver.py(72): Open NewTab->https://kabuoji3.com/stock/8016/1996/
[2021-03-17 10:02:01]cl_getDriver.py(127): click_Success->//*[@id="base_box"]/div/div[3]/form/button
[2021-03-17 10:02:01]cl_getDriver.py(127): click_Success->//*[@id="base_box"]/div/div[3]/form/button
[2021-03-17 10:02:02]cl_getDriver.py(72): Open NewTab->https://kabuoji3.com/stock/8013/1983/
[2021-03-17 10:02:03]cl_getDriver.py(127): click_Success->//*[@id="base_box"]/div/div[3]/form/button
[2021-03-17 10:02:03]cl_getDriver.py(127): click_Success->//*[@id="base_box"]/div/div[3]/form/button
[2021-03-17 10:02:03]cl_getDriver.py(72): Open NewTab->https://kabuoji3.com/stock/8016/1995/
[2021-03-17 10:02:04]cl_getDriver.py(127): click_Success->//*[@id="base_box"]/div/div[3]/form/button
[2021-03-17 10:02:06]cl_getDriver.py(127): click_Success->//*[@id="base_box"]/div/div[3]/form/button
[2021-03-17 10:02:07]cl_getDriver.py(127): click_Success->//*[@id="base_box"]/div/div[3]/form/button
[2021-03-17 10:02:07]cl_getDriver.py(72): Open NewTab->https://kabuoji3.com/stock/8016/1994/
[2021-03-17 10:02:08]cl_getDriver.py(127): click_Success->//*[@id="base_box"]/div/div[3]/form/button
[2021-03-17 10:02:10]main.py(42): finished Process->https://kabuoji3.com/stock/8013/
[2021-03-17 10:02:10]main.py(15): start_Process->https://kabuoji3.com/stock/8029/
[2021-03-17 10:02:11]cl_getDriver.py(127): click_Success->//*[@id="base_box"]/div/div[3]/form/button
[2021-03-17 10:02:11]cl_getDriver.py(72): Open NewTab->https://kabuoji3.com/stock/8016/1993/
[2021-03-17 10:02:13]cl_getDriver.py(127): click_Success->//*[@id="base_box"]/div/div[3]/form/button
[2021-03-17 10:02:15]cl_getDriver.py(127): click_Success->//*[@id="base_box"]/div/div[3]/form/button
[2021-03-17 10:02:15]cl_getDriver.py(72): Open NewTab->https://kabuoji3.com/stock/8016/1992/
[2021-03-17 10:02:17]cl_getDriver.py(127): click_Success->//*[@id="base_box"]/div/div[3]/form/button
[2021-03-17 10:02:17]cl_getDriver.py(64): getURL=https://kabuoji3.com/stock/8029/
[2021-03-17 10:02:18]cl_getDriver.py(72): Open NewTab->https://kabuoji3.com/stock/8029/
[2021-03-17 10:02:18]cl_getDriver.py(130): Not Found->//*[@id="base_box"]/div/div[3]/form/button
[2021-03-17 10:02:19]cl_getDriver.py(127): click_Success->//*[@id="base_box"]/div/div[3]/form/button
[2021-03-17 10:02:19]cl_getDriver.py(72): Open NewTab->https://kabuoji3.com/stock/8016/1991/
[2021-03-17 10:02:20]cl_getDriver.py(130): Not Found->//*[@id="base_box"]/div/div[3]/form/button
[2021-03-17 10:02:20]cl_getDriver.py(127): click_Success->//*[@id="base_box"]/div/div[3]/form/button
[2021-03-17 10:02:21]cl_getDriver.py(72): Open NewTab->https://kabuoji3.com/stock/8029/2021/
[2021-03-17 10:02:21]cl_getDriver.py(127): click_Success->//*[@id="base_box"]/div/div[3]/form/button
[2021-03-17 10:02:23]cl_getDriver.py(127): click_Success->//*[@id="base_box"]/div/div[3]/form/button
[2021-03-17 10:02:23]cl_getDriver.py(72): Open NewTab->https://kabuoji3.com/stock/8016/1990/
[2021-03-17 10:02:24]cl_getDriver.py(127): click_Success->//*[@id="base_box"]/div/div[3]/form/button
[2021-03-17 10:02:24]cl_getDriver.py(72): Open NewTab->https://kabuoji3.com/stock/8029/2020/
[2021-03-17 10:02:24]cl_getDriver.py(127): click_Success->//*[@id="base_box"]/div/div[3]/form/button
[2021-03-17 10:02:26]cl_getDriver.py(127): click_Success->//*[@id="base_box"]/div/div[3]/form/button
[2021-03-17 10:02:27]cl_getDriver.py(127): click_Success->//*[@id="base_box"]/div/div[3]/form/button
[2021-03-17 10:02:27]cl_getDriver.py(72): Open NewTab->https://kabuoji3.com/stock/8016/1989/
[2021-03-17 10:02:28]cl_getDriver.py(127): click_Success->//*[@id="base_box"]/div/div[3]/form/button
[2021-03-17 10:02:28]cl_getDriver.py(127): click_Success->//*[@id="base_box"]/div/div[3]/form/button
[2021-03-17 10:02:29]cl_getDriver.py(72): Open NewTab->https://kabuoji3.com/stock/8029/2019/
[2021-03-17 10:02:30]cl_getDriver.py(127): click_Success->//*[@id="base_box"]/div/div[3]/form/button
[2021-03-17 10:02:30]cl_getDriver.py(127): click_Success->//*[@id="base_box"]/div/div[3]/form/button
[2021-03-17 10:02:31]cl_getDriver.py(72): Open NewTab->https://kabuoji3.com/stock/8016/1988/
[2021-03-17 10:02:32]cl_getDriver.py(127): click_Success->//*[@id="base_box"]/div/div[3]/form/button
[2021-03-17 10:02:32]cl_getDriver.py(127): click_Success->//*[@id="base_box"]/div/div[3]/form/button
[2021-03-17 10:02:32]cl_getDriver.py(72): Open NewTab->https://kabuoji3.com/stock/8029/2018/
[2021-03-17 10:02:34]cl_getDriver.py(127): click_Success->//*[@id="base_box"]/div/div[3]/form/button
[2021-03-17 10:02:34]cl_getDriver.py(127): click_Success->//*[@id="base_box"]/div/div[3]/form/button
[2021-03-17 10:02:35]cl_getDriver.py(72): Open NewTab->https://kabuoji3.com/stock/8016/1987/
[2021-03-17 10:02:36]cl_getDriver.py(127): click_Success->//*[@id="base_box"]/div/div[3]/form/button
[2021-03-17 10:02:36]cl_getDriver.py(127): click_Success->//*[@id="base_box"]/div/div[3]/form/button
[2021-03-17 10:02:36]cl_getDriver.py(72): Open NewTab->https://kabuoji3.com/stock/8029/2017/
[2021-03-17 10:02:37]cl_getDriver.py(127): click_Success->//*[@id="base_box"]/div/div[3]/form/button
[2021-03-17 10:02:38]cl_getDriver.py(127): click_Success->//*[@id="base_box"]/div/div[3]/form/button
[2021-03-17 10:02:39]cl_getDriver.py(72): Open NewTab->https://kabuoji3.com/stock/8016/1986/
[2021-03-17 10:02:40]cl_getDriver.py(127): click_Success->//*[@id="base_box"]/div/div[3]/form/button
[2021-03-17 10:02:40]cl_getDriver.py(127): click_Success->//*[@id="base_box"]/div/div[3]/form/button
[2021-03-17 10:02:40]cl_getDriver.py(72): Open NewTab->https://kabuoji3.com/stock/8029/2016/
[2021-03-17 10:02:41]cl_getDriver.py(127): click_Success->//*[@id="base_box"]/div/div[3]/form/button
[2021-03-17 10:02:42]cl_getDriver.py(127): click_Success->//*[@id="base_box"]/div/div[3]/form/button
[2021-03-17 10:02:43]cl_getDriver.py(72): Open NewTab->https://kabuoji3.com/stock/8016/1985/
[2021-03-17 10:02:44]cl_getDriver.py(127): click_Success->//*[@id="base_box"]/div/div[3]/form/button
[2021-03-17 10:02:44]cl_getDriver.py(72): Open NewTab->https://kabuoji3.com/stock/8029/2015/
[2021-03-17 10:02:44]cl_getDriver.py(127): click_Success->//*[@id="base_box"]/div/div[3]/form/button
[2021-03-17 10:02:46]cl_getDriver.py(127): click_Success->//*[@id="base_box"]/div/div[3]/form/button
[2021-03-17 10:02:47]cl_getDriver.py(127): click_Success->//*[@id="base_box"]/div/div[3]/form/button
[2021-03-17 10:02:47]cl_getDriver.py(72): Open NewTab->https://kabuoji3.com/stock/8016/1984/
[2021-03-17 10:02:48]cl_getDriver.py(127): click_Success->//*[@id="base_box"]/div/div[3]/form/button
[2021-03-17 10:02:49]cl_getDriver.py(72): Open NewTab->https://kabuoji3.com/stock/8029/2014/
[2021-03-17 10:02:49]cl_getDriver.py(127): click_Success->//*[@id="base_box"]/div/div[3]/form/button
[2021-03-17 10:02:51]cl_getDriver.py(127): click_Success->//*[@id="base_box"]/div/div[3]/form/button
[2021-03-17 10:02:51]cl_getDriver.py(72): Open NewTab->https://kabuoji3.com/stock/8016/1983/
[2021-03-17 10:02:51]cl_getDriver.py(127): click_Success->//*[@id="base_box"]/div/div[3]/form/button
[2021-03-17 10:02:53]cl_getDriver.py(127): click_Success->//*[@id="base_box"]/div/div[3]/form/button
[2021-03-17 10:02:54]cl_getDriver.py(127): click_Success->//*[@id="base_box"]/div/div[3]/form/button
[2021-03-17 10:02:54]cl_getDriver.py(72): Open NewTab->https://kabuoji3.com/stock/8029/2013/
[2021-03-17 10:02:55]cl_getDriver.py(127): click_Success->//*[@id="base_box"]/div/div[3]/form/button
[2021-03-17 10:02:56]cl_getDriver.py(127): click_Success->//*[@id="base_box"]/div/div[3]/form/button
[2021-03-17 10:02:58]main.py(42): finished Process->https://kabuoji3.com/stock/8016/
[2021-03-17 10:02:58]main.py(15): start_Process->https://kabuoji3.com/stock/8040/
[2021-03-17 10:02:58]cl_getDriver.py(127): click_Success->//*[@id="base_box"]/div/div[3]/form/button
[2021-03-17 10:02:58]cl_getDriver.py(72): Open NewTab->https://kabuoji3.com/stock/8029/2012/
[2021-03-17 10:02:59]cl_getDriver.py(127): click_Success->//*[@id="base_box"]/div/div[3]/form/button
[2021-03-17 10:03:02]cl_getDriver.py(127): click_Success->//*[@id="base_box"]/div/div[3]/form/button
[2021-03-17 10:03:02]cl_getDriver.py(72): Open NewTab->https://kabuoji3.com/stock/8029/2011/
[2021-03-17 10:03:03]cl_getDriver.py(127): click_Success->//*[@id="base_box"]/div/div[3]/form/button
[2021-03-17 10:03:05]cl_getDriver.py(64): getURL=https://kabuoji3.com/stock/8040/
[2021-03-17 10:03:05]cl_getDriver.py(72): Open NewTab->https://kabuoji3.com/stock/8040/
[2021-03-17 10:03:06]cl_getDriver.py(127): click_Success->//*[@id="base_box"]/div/div[3]/form/button
[2021-03-17 10:03:06]cl_getDriver.py(72): Open NewTab->https://kabuoji3.com/stock/8029/2010/
[2021-03-17 10:03:06]cl_getDriver.py(130): Not Found->//*[@id="base_box"]/div/div[3]/form/button
[2021-03-17 10:03:08]cl_getDriver.py(127): click_Success->//*[@id="base_box"]/div/div[3]/form/button
[2021-03-17 10:03:08]cl_getDriver.py(130): Not Found->//*[@id="base_box"]/div/div[3]/form/button
[2021-03-17 10:03:09]cl_getDriver.py(72): Open NewTab->https://kabuoji3.com/stock/8040/2021/
[2021-03-17 10:03:09]cl_getDriver.py(127): click_Success->//*[@id="base_box"]/div/div[3]/form/button
[2021-03-17 10:03:10]cl_getDriver.py(127): click_Success->//*[@id="base_box"]/div/div[3]/form/button
[2021-03-17 10:03:10]cl_getDriver.py(72): Open NewTab->https://kabuoji3.com/stock/8029/2009/
[2021-03-17 10:03:11]cl_getDriver.py(127): click_Success->//*[@id="base_box"]/div/div[3]/form/button
[2021-03-17 10:03:12]cl_getDriver.py(127): click_Success->//*[@id="base_box"]/div/div[3]/form/button
[2021-03-17 10:03:12]cl_getDriver.py(72): Open NewTab->https://kabuoji3.com/stock/8040/2020/
[2021-03-17 10:03:14]cl_getDriver.py(127): click_Success->//*[@id="base_box"]/div/div[3]/form/button
[2021-03-17 10:03:14]cl_getDriver.py(127): click_Success->//*[@id="base_box"]/div/div[3]/form/button
[2021-03-17 10:03:14]cl_getDriver.py(72): Open NewTab->https://kabuoji3.com/stock/8029/2008/
[2021-03-17 10:03:15]cl_getDriver.py(127): click_Success->//*[@id="base_box"]/div/div[3]/form/button
[2021-03-17 10:03:17]cl_getDriver.py(127): click_Success->//*[@id="base_box"]/div/div[3]/form/button
[2021-03-17 10:03:17]cl_getDriver.py(72): Open NewTab->https://kabuoji3.com/stock/8040/2019/
[2021-03-17 10:03:17]cl_getDriver.py(127): click_Success->//*[@id="base_box"]/div/div[3]/form/button
[2021-03-17 10:03:18]cl_getDriver.py(72): Open NewTab->https://kabuoji3.com/stock/8029/2007/
[2021-03-17 10:03:18]cl_getDriver.py(127): click_Success->//*[@id="base_box"]/div/div[3]/form/button
[2021-03-17 10:03:19]cl_getDriver.py(127): click_Success->//*[@id="base_box"]/div/div[3]/form/button
[2021-03-17 10:03:21]cl_getDriver.py(127): click_Success->//*[@id="base_box"]/div/div[3]/form/button
[2021-03-17 10:03:21]cl_getDriver.py(72): Open NewTab->https://kabuoji3.com/stock/8040/2018/
[2021-03-17 10:03:21]cl_getDriver.py(127): click_Success->//*[@id="base_box"]/div/div[3]/form/button
[2021-03-17 10:03:22]cl_getDriver.py(72): Open NewTab->https://kabuoji3.com/stock/8029/2006/
[2021-03-17 10:03:23]cl_getDriver.py(127): click_Success->//*[@id="base_box"]/div/div[3]/form/button
[2021-03-17 10:03:23]cl_getDriver.py(127): click_Success->//*[@id="base_box"]/div/div[3]/form/button
[2021-03-17 10:03:25]cl_getDriver.py(127): click_Success->//*[@id="base_box"]/div/div[3]/form/button
[2021-03-17 10:03:26]cl_getDriver.py(127): click_Success->//*[@id="base_box"]/div/div[3]/form/button
[2021-03-17 10:03:26]cl_getDriver.py(72): Open NewTab->https://kabuoji3.com/stock/8040/2017/
[2021-03-17 10:03:26]cl_getDriver.py(72): Open NewTab->https://kabuoji3.com/stock/8029/2005/
[2021-03-17 10:03:27]cl_getDriver.py(127): click_Success->//*[@id="base_box"]/div/div[3]/form/button
[2021-03-17 10:03:27]cl_getDriver.py(127): click_Success->//*[@id="base_box"]/div/div[3]/form/button
[2021-03-17 10:03:29]cl_getDriver.py(127): click_Success->//*[@id="base_box"]/div/div[3]/form/button
[2021-03-17 10:03:30]cl_getDriver.py(127): click_Success->//*[@id="base_box"]/div/div[3]/form/button
[2021-03-17 10:03:30]cl_getDriver.py(72): Open NewTab->https://kabuoji3.com/stock/8040/2016/
[2021-03-17 10:03:30]cl_getDriver.py(72): Open NewTab->https://kabuoji3.com/stock/8029/2004/
[2021-03-17 10:03:31]cl_getDriver.py(127): click_Success->//*[@id="base_box"]/div/div[3]/form/button
[2021-03-17 10:03:32]cl_getDriver.py(127): click_Success->//*[@id="base_box"]/div/div[3]/form/button
[2021-03-17 10:03:34]cl_getDriver.py(127): click_Success->//*[@id="base_box"]/div/div[3]/form/button
[2021-03-17 10:03:34]cl_getDriver.py(72): Open NewTab->https://kabuoji3.com/stock/8040/2015/
[2021-03-17 10:03:34]cl_getDriver.py(127): click_Success->//*[@id="base_box"]/div/div[3]/form/button
[2021-03-17 10:03:35]cl_getDriver.py(72): Open NewTab->https://kabuoji3.com/stock/8029/2003/
[2021-03-17 10:03:35]cl_getDriver.py(127): click_Success->//*[@id="base_box"]/div/div[3]/form/button
[2021-03-17 10:03:36]cl_getDriver.py(127): click_Success->//*[@id="base_box"]/div/div[3]/form/button
[2021-03-17 10:03:38]cl_getDriver.py(127): click_Success->//*[@id="base_box"]/div/div[3]/form/button
[2021-03-17 10:03:38]cl_getDriver.py(72): Open NewTab->https://kabuoji3.com/stock/8040/2014/
[2021-03-17 10:03:38]cl_getDriver.py(127): click_Success->//*[@id="base_box"]/div/div[3]/form/button
[2021-03-17 10:03:39]cl_getDriver.py(72): Open NewTab->https://kabuoji3.com/stock/8029/2002/
[2021-03-17 10:03:40]cl_getDriver.py(127): click_Success->//*[@id="base_box"]/div/div[3]/form/button
[2021-03-17 10:03:40]cl_getDriver.py(127): click_Success->//*[@id="base_box"]/div/div[3]/form/button
[2021-03-17 10:03:42]cl_getDriver.py(127): click_Success->//*[@id="base_box"]/div/div[3]/form/button
[2021-03-17 10:03:42]cl_getDriver.py(72): Open NewTab->https://kabuoji3.com/stock/8040/2013/
[2021-03-17 10:03:42]cl_getDriver.py(127): click_Success->//*[@id="base_box"]/div/div[3]/form/button
[2021-03-17 10:03:43]cl_getDriver.py(72): Open NewTab->https://kabuoji3.com/stock/8029/2001/
[2021-03-17 10:03:44]cl_getDriver.py(127): click_Success->//*[@id="base_box"]/div/div[3]/form/button
[2021-03-17 10:03:44]cl_getDriver.py(127): click_Success->//*[@id="base_box"]/div/div[3]/form/button
[2021-03-17 10:03:46]cl_getDriver.py(127): click_Success->//*[@id="base_box"]/div/div[3]/form/button
[2021-03-17 10:03:46]cl_getDriver.py(127): click_Success->//*[@id="base_box"]/div/div[3]/form/button
[2021-03-17 10:03:47]cl_getDriver.py(72): Open NewTab->https://kabuoji3.com/stock/8040/2012/
[2021-03-17 10:03:47]cl_getDriver.py(72): Open NewTab->https://kabuoji3.com/stock/8029/2000/
[2021-03-17 10:03:48]cl_getDriver.py(127): click_Success->//*[@id="base_box"]/div/div[3]/form/button
[2021-03-17 10:03:48]cl_getDriver.py(127): click_Success->//*[@id="base_box"]/div/div[3]/form/button
[2021-03-17 10:03:51]cl_getDriver.py(127): click_Success->//*[@id="base_box"]/div/div[3]/form/button
[2021-03-17 10:03:51]cl_getDriver.py(127): click_Success->//*[@id="base_box"]/div/div[3]/form/button
[2021-03-17 10:03:51]cl_getDriver.py(72): Open NewTab->https://kabuoji3.com/stock/8029/1999/
[2021-03-17 10:03:51]cl_getDriver.py(72): Open NewTab->https://kabuoji3.com/stock/8040/2011/
[2021-03-17 10:03:52]cl_getDriver.py(127): click_Success->//*[@id="base_box"]/div/div[3]/form/button
[2021-03-17 10:03:53]cl_getDriver.py(127): click_Success->//*[@id="base_box"]/div/div[3]/form/button
[2021-03-17 10:03:55]cl_getDriver.py(127): click_Success->//*[@id="base_box"]/div/div[3]/form/button
[2021-03-17 10:03:55]cl_getDriver.py(127): click_Success->//*[@id="base_box"]/div/div[3]/form/button
[2021-03-17 10:03:55]cl_getDriver.py(72): Open NewTab->https://kabuoji3.com/stock/8040/2010/
[2021-03-17 10:03:55]cl_getDriver.py(72): Open NewTab->https://kabuoji3.com/stock/8029/1998/
[2021-03-17 10:03:57]cl_getDriver.py(127): click_Success->//*[@id="base_box"]/div/div[3]/form/button
[2021-03-17 10:03:57]cl_getDriver.py(127): click_Success->//*[@id="base_box"]/div/div[3]/form/button
[2021-03-17 10:04:00]cl_getDriver.py(127): click_Success->//*[@id="base_box"]/div/div[3]/form/button
[2021-03-17 10:04:00]cl_getDriver.py(127): click_Success->//*[@id="base_box"]/div/div[3]/form/button
[2021-03-17 10:04:00]cl_getDriver.py(72): Open NewTab->https://kabuoji3.com/stock/8029/1997/
[2021-03-17 10:04:00]cl_getDriver.py(72): Open NewTab->https://kabuoji3.com/stock/8040/2009/
[2021-03-17 10:04:02]cl_getDriver.py(127): click_Success->//*[@id="base_box"]/div/div[3]/form/button
[2021-03-17 10:04:02]cl_getDriver.py(127): click_Success->//*[@id="base_box"]/div/div[3]/form/button
[2021-03-17 10:04:04]cl_getDriver.py(127): click_Success->//*[@id="base_box"]/div/div[3]/form/button
[2021-03-17 10:04:04]cl_getDriver.py(127): click_Success->//*[@id="base_box"]/div/div[3]/form/button
[2021-03-17 10:04:05]cl_getDriver.py(72): Open NewTab->https://kabuoji3.com/stock/8040/2008/
[2021-03-17 10:04:05]cl_getDriver.py(72): Open NewTab->https://kabuoji3.com/stock/8029/1996/
[2021-03-17 10:04:06]cl_getDriver.py(127): click_Success->//*[@id="base_box"]/div/div[3]/form/button
[2021-03-17 10:04:07]cl_getDriver.py(127): click_Success->//*[@id="base_box"]/div/div[3]/form/button
[2021-03-17 10:04:09]cl_getDriver.py(127): click_Success->//*[@id="base_box"]/div/div[3]/form/button
[2021-03-17 10:04:09]cl_getDriver.py(127): click_Success->//*[@id="base_box"]/div/div[3]/form/button
[2021-03-17 10:04:10]cl_getDriver.py(72): Open NewTab->https://kabuoji3.com/stock/8040/2007/
[2021-03-17 10:04:10]cl_getDriver.py(72): Open NewTab->https://kabuoji3.com/stock/8029/1995/
[2021-03-17 10:04:11]cl_getDriver.py(127): click_Success->//*[@id="base_box"]/div/div[3]/form/button
[2021-03-17 10:04:11]cl_getDriver.py(127): click_Success->//*[@id="base_box"]/div/div[3]/form/button
[2021-03-17 10:04:13]cl_getDriver.py(127): click_Success->//*[@id="base_box"]/div/div[3]/form/button
[2021-03-17 10:04:13]cl_getDriver.py(127): click_Success->//*[@id="base_box"]/div/div[3]/form/button
[2021-03-17 10:04:14]cl_getDriver.py(72): Open NewTab->https://kabuoji3.com/stock/8029/1994/
[2021-03-17 10:04:14]cl_getDriver.py(72): Open NewTab->https://kabuoji3.com/stock/8040/2006/
[2021-03-17 10:04:15]cl_getDriver.py(127): click_Success->//*[@id="base_box"]/div/div[3]/form/button
[2021-03-17 10:04:15]cl_getDriver.py(127): click_Success->//*[@id="base_box"]/div/div[3]/form/button
[2021-03-17 10:04:18]cl_getDriver.py(127): click_Success->//*[@id="base_box"]/div/div[3]/form/button
[2021-03-17 10:04:18]cl_getDriver.py(127): click_Success->//*[@id="base_box"]/div/div[3]/form/button
[2021-03-17 10:04:18]cl_getDriver.py(72): Open NewTab->https://kabuoji3.com/stock/8029/1993/
[2021-03-17 10:04:18]cl_getDriver.py(72): Open NewTab->https://kabuoji3.com/stock/8040/2005/
[2021-03-17 10:04:20]cl_getDriver.py(127): click_Success->//*[@id="base_box"]/div/div[3]/form/button
[2021-03-17 10:04:20]cl_getDriver.py(127): click_Success->//*[@id="base_box"]/div/div[3]/form/button
[2021-03-17 10:04:22]cl_getDriver.py(127): click_Success->//*[@id="base_box"]/div/div[3]/form/button
[2021-03-17 10:04:22]cl_getDriver.py(127): click_Success->//*[@id="base_box"]/div/div[3]/form/button
[2021-03-17 10:04:23]cl_getDriver.py(72): Open NewTab->https://kabuoji3.com/stock/8029/1992/
[2021-03-17 10:04:23]cl_getDriver.py(72): Open NewTab->https://kabuoji3.com/stock/8040/2004/
[2021-03-17 10:04:24]cl_getDriver.py(127): click_Success->//*[@id="base_box"]/div/div[3]/form/button
[2021-03-17 10:04:24]cl_getDriver.py(127): click_Success->//*[@id="base_box"]/div/div[3]/form/button
[2021-03-17 10:04:27]cl_getDriver.py(127): click_Success->//*[@id="base_box"]/div/div[3]/form/button
[2021-03-17 10:04:27]cl_getDriver.py(127): click_Success->//*[@id="base_box"]/div/div[3]/form/button
[2021-03-17 10:04:27]cl_getDriver.py(72): Open NewTab->https://kabuoji3.com/stock/8029/1991/
[2021-03-17 10:04:27]cl_getDriver.py(72): Open NewTab->https://kabuoji3.com/stock/8040/2003/
[2021-03-17 10:04:29]cl_getDriver.py(127): click_Success->//*[@id="base_box"]/div/div[3]/form/button
[2021-03-17 10:04:29]cl_getDriver.py(127): click_Success->//*[@id="base_box"]/div/div[3]/form/button
[2021-03-17 10:04:31]cl_getDriver.py(127): click_Success->//*[@id="base_box"]/div/div[3]/form/button
[2021-03-17 10:04:31]cl_getDriver.py(127): click_Success->//*[@id="base_box"]/div/div[3]/form/button
[2021-03-17 10:04:32]cl_getDriver.py(72): Open NewTab->https://kabuoji3.com/stock/8040/2002/
[2021-03-17 10:04:32]cl_getDriver.py(72): Open NewTab->https://kabuoji3.com/stock/8029/1990/
[2021-03-17 10:04:33]cl_getDriver.py(127): click_Success->//*[@id="base_box"]/div/div[3]/form/button
[2021-03-17 10:04:33]cl_getDriver.py(127): click_Success->//*[@id="base_box"]/div/div[3]/form/button
[2021-03-17 10:04:36]cl_getDriver.py(127): click_Success->//*[@id="base_box"]/div/div[3]/form/button
[2021-03-17 10:04:36]cl_getDriver.py(127): click_Success->//*[@id="base_box"]/div/div[3]/form/button
[2021-03-17 10:04:36]cl_getDriver.py(72): Open NewTab->https://kabuoji3.com/stock/8040/2001/
[2021-03-17 10:04:36]cl_getDriver.py(72): Open NewTab->https://kabuoji3.com/stock/8029/1989/
[2021-03-17 10:04:38]cl_getDriver.py(127): click_Success->//*[@id="base_box"]/div/div[3]/form/button
[2021-03-17 10:04:38]cl_getDriver.py(127): click_Success->//*[@id="base_box"]/div/div[3]/form/button
[2021-03-17 10:04:40]cl_getDriver.py(127): click_Success->//*[@id="base_box"]/div/div[3]/form/button
[2021-03-17 10:04:41]cl_getDriver.py(127): click_Success->//*[@id="base_box"]/div/div[3]/form/button
[2021-03-17 10:04:41]cl_getDriver.py(72): Open NewTab->https://kabuoji3.com/stock/8029/1988/
[2021-03-17 10:04:41]cl_getDriver.py(72): Open NewTab->https://kabuoji3.com/stock/8040/2000/
[2021-03-17 10:04:42]cl_getDriver.py(127): click_Success->//*[@id="base_box"]/div/div[3]/form/button
[2021-03-17 10:04:42]cl_getDriver.py(127): click_Success->//*[@id="base_box"]/div/div[3]/form/button
[2021-03-17 10:04:45]cl_getDriver.py(127): click_Success->//*[@id="base_box"]/div/div[3]/form/button
[2021-03-17 10:04:45]cl_getDriver.py(127): click_Success->//*[@id="base_box"]/div/div[3]/form/button
[2021-03-17 10:04:45]cl_getDriver.py(72): Open NewTab->https://kabuoji3.com/stock/8029/1987/
[2021-03-17 10:04:45]cl_getDriver.py(72): Open NewTab->https://kabuoji3.com/stock/8040/1999/
[2021-03-17 10:04:47]cl_getDriver.py(127): click_Success->//*[@id="base_box"]/div/div[3]/form/button
[2021-03-17 10:04:47]cl_getDriver.py(127): click_Success->//*[@id="base_box"]/div/div[3]/form/button
[2021-03-17 10:04:49]cl_getDriver.py(127): click_Success->//*[@id="base_box"]/div/div[3]/form/button
[2021-03-17 10:04:49]cl_getDriver.py(127): click_Success->//*[@id="base_box"]/div/div[3]/form/button
[2021-03-17 10:04:50]cl_getDriver.py(72): Open NewTab->https://kabuoji3.com/stock/8029/1986/
[2021-03-17 10:04:50]cl_getDriver.py(72): Open NewTab->https://kabuoji3.com/stock/8040/1998/
[2021-03-17 10:04:51]cl_getDriver.py(127): click_Success->//*[@id="base_box"]/div/div[3]/form/button
[2021-03-17 10:04:52]cl_getDriver.py(127): click_Success->//*[@id="base_box"]/div/div[3]/form/button
[2021-03-17 10:04:54]cl_getDriver.py(127): click_Success->//*[@id="base_box"]/div/div[3]/form/button
[2021-03-17 10:04:54]cl_getDriver.py(72): Open NewTab->https://kabuoji3.com/stock/8029/1985/
[2021-03-17 10:04:54]cl_getDriver.py(127): click_Success->//*[@id="base_box"]/div/div[3]/form/button
[2021-03-17 10:04:54]cl_getDriver.py(72): Open NewTab->https://kabuoji3.com/stock/8040/1997/
[2021-03-17 10:04:56]cl_getDriver.py(127): click_Success->//*[@id="base_box"]/div/div[3]/form/button
[2021-03-17 10:04:56]cl_getDriver.py(127): click_Success->//*[@id="base_box"]/div/div[3]/form/button
[2021-03-17 10:04:58]cl_getDriver.py(127): click_Success->//*[@id="base_box"]/div/div[3]/form/button
[2021-03-17 10:04:59]cl_getDriver.py(72): Open NewTab->https://kabuoji3.com/stock/8029/1984/
[2021-03-17 10:04:59]cl_getDriver.py(127): click_Success->//*[@id="base_box"]/div/div[3]/form/button
[2021-03-17 10:04:59]cl_getDriver.py(72): Open NewTab->https://kabuoji3.com/stock/8040/1996/
[2021-03-17 10:05:01]cl_getDriver.py(127): click_Success->//*[@id="base_box"]/div/div[3]/form/button
[2021-03-17 10:05:01]cl_getDriver.py(127): click_Success->//*[@id="base_box"]/div/div[3]/form/button
[2021-03-17 10:05:03]cl_getDriver.py(127): click_Success->//*[@id="base_box"]/div/div[3]/form/button
[2021-03-17 10:05:03]cl_getDriver.py(127): click_Success->//*[@id="base_box"]/div/div[3]/form/button
[2021-03-17 10:05:04]cl_getDriver.py(72): Open NewTab->https://kabuoji3.com/stock/8029/1983/
[2021-03-17 10:05:04]cl_getDriver.py(72): Open NewTab->https://kabuoji3.com/stock/8040/1995/
[2021-03-17 10:05:05]cl_getDriver.py(127): click_Success->//*[@id="base_box"]/div/div[3]/form/button
[2021-03-17 10:05:05]cl_getDriver.py(127): click_Success->//*[@id="base_box"]/div/div[3]/form/button
[2021-03-17 10:05:07]cl_getDriver.py(127): click_Success->//*[@id="base_box"]/div/div[3]/form/button
[2021-03-17 10:05:07]cl_getDriver.py(127): click_Success->//*[@id="base_box"]/div/div[3]/form/button
[2021-03-17 10:05:08]cl_getDriver.py(72): Open NewTab->https://kabuoji3.com/stock/8040/1994/
[2021-03-17 10:05:09]cl_getDriver.py(127): click_Success->//*[@id="base_box"]/div/div[3]/form/button
[2021-03-17 10:05:11]cl_getDriver.py(127): click_Success->//*[@id="base_box"]/div/div[3]/form/button
[2021-03-17 10:05:12]cl_getDriver.py(72): Open NewTab->https://kabuoji3.com/stock/8040/1993/
[2021-03-17 10:05:12]main.py(42): finished Process->https://kabuoji3.com/stock/8029/
[2021-03-17 10:05:12]main.py(15): start_Process->https://kabuoji3.com/stock/8107/
[2021-03-17 10:05:13]cl_getDriver.py(127): click_Success->//*[@id="base_box"]/div/div[3]/form/button
[2021-03-17 10:05:17]cl_getDriver.py(64): getURL=https://kabuoji3.com/stock/8107/
[2021-03-17 10:05:17]cl_getDriver.py(72): Open NewTab->https://kabuoji3.com/stock/8107/
[2021-03-17 10:05:17]cl_getDriver.py(127): click_Success->//*[@id="base_box"]/div/div[3]/form/button
[2021-03-17 10:05:18]cl_getDriver.py(72): Open NewTab->https://kabuoji3.com/stock/8040/1992/
[2021-03-17 10:05:18]cl_getDriver.py(130): Not Found->//*[@id="base_box"]/div/div[3]/form/button
[2021-03-17 10:05:19]cl_getDriver.py(127): click_Success->//*[@id="base_box"]/div/div[3]/form/button
[2021-03-17 10:05:20]cl_getDriver.py(130): Not Found->//*[@id="base_box"]/div/div[3]/form/button
[2021-03-17 10:05:20]cl_getDriver.py(72): Open NewTab->https://kabuoji3.com/stock/8107/2021/
[2021-03-17 10:05:21]cl_getDriver.py(127): click_Success->//*[@id="base_box"]/div/div[3]/form/button
[2021-03-17 10:05:22]cl_getDriver.py(72): Open NewTab->https://kabuoji3.com/stock/8040/1991/
[2021-03-17 10:05:22]cl_getDriver.py(127): click_Success->//*[@id="base_box"]/div/div[3]/form/button
[2021-03-17 10:05:23]cl_getDriver.py(127): click_Success->//*[@id="base_box"]/div/div[3]/form/button
[2021-03-17 10:05:24]cl_getDriver.py(127): click_Success->//*[@id="base_box"]/div/div[3]/form/button
[2021-03-17 10:05:24]cl_getDriver.py(72): Open NewTab->https://kabuoji3.com/stock/8107/2020/
[2021-03-17 10:05:25]cl_getDriver.py(127): click_Success->//*[@id="base_box"]/div/div[3]/form/button
[2021-03-17 10:05:26]cl_getDriver.py(72): Open NewTab->https://kabuoji3.com/stock/8040/1990/
[2021-03-17 10:05:26]cl_getDriver.py(127): click_Success->//*[@id="base_box"]/div/div[3]/form/button
[2021-03-17 10:05:27]cl_getDriver.py(127): click_Success->//*[@id="base_box"]/div/div[3]/form/button
[2021-03-17 10:05:28]cl_getDriver.py(127): click_Success->//*[@id="base_box"]/div/div[3]/form/button
[2021-03-17 10:05:29]cl_getDriver.py(72): Open NewTab->https://kabuoji3.com/stock/8107/2019/
[2021-03-17 10:05:29]cl_getDriver.py(127): click_Success->//*[@id="base_box"]/div/div[3]/form/button
[2021-03-17 10:05:30]cl_getDriver.py(72): Open NewTab->https://kabuoji3.com/stock/8040/1989/
[2021-03-17 10:05:30]cl_getDriver.py(127): click_Success->//*[@id="base_box"]/div/div[3]/form/button
[2021-03-17 10:05:31]cl_getDriver.py(127): click_Success->//*[@id="base_box"]/div/div[3]/form/button
[2021-03-17 10:05:32]cl_getDriver.py(127): click_Success->//*[@id="base_box"]/div/div[3]/form/button
[2021-03-17 10:05:33]cl_getDriver.py(72): Open NewTab->https://kabuoji3.com/stock/8107/2018/
[2021-03-17 10:05:33]cl_getDriver.py(127): click_Success->//*[@id="base_box"]/div/div[3]/form/button
[2021-03-17 10:05:34]cl_getDriver.py(72): Open NewTab->https://kabuoji3.com/stock/8040/1988/
[2021-03-17 10:05:34]cl_getDriver.py(127): click_Success->//*[@id="base_box"]/div/div[3]/form/button
[2021-03-17 10:05:35]cl_getDriver.py(127): click_Success->//*[@id="base_box"]/div/div[3]/form/button
[2021-03-17 10:05:36]cl_getDriver.py(127): click_Success->//*[@id="base_box"]/div/div[3]/form/button
[2021-03-17 10:05:36]cl_getDriver.py(72): Open NewTab->https://kabuoji3.com/stock/8107/2017/
[2021-03-17 10:05:37]cl_getDriver.py(127): click_Success->//*[@id="base_box"]/div/div[3]/form/button
[2021-03-17 10:05:38]cl_getDriver.py(127): click_Success->//*[@id="base_box"]/div/div[3]/form/button
[2021-03-17 10:05:40]cl_getDriver.py(127): click_Success->//*[@id="base_box"]/div/div[3]/form/button
[2021-03-17 10:05:40]cl_getDriver.py(72): Open NewTab->https://kabuoji3.com/stock/8107/2016/
[2021-03-17 10:05:41]main.py(42): finished Process->https://kabuoji3.com/stock/8040/
[2021-03-17 10:05:41]main.py(15): start_Process->https://kabuoji3.com/stock/8111/
[2021-03-17 10:05:41]cl_getDriver.py(127): click_Success->//*[@id="base_box"]/div/div[3]/form/button
[2021-03-17 10:05:44]cl_getDriver.py(127): click_Success->//*[@id="base_box"]/div/div[3]/form/button
[2021-03-17 10:05:44]cl_getDriver.py(72): Open NewTab->https://kabuoji3.com/stock/8107/2015/
[2021-03-17 10:05:46]cl_getDriver.py(127): click_Success->//*[@id="base_box"]/div/div[3]/form/button
[2021-03-17 10:05:46]cl_getDriver.py(64): getURL=https://kabuoji3.com/stock/8111/
[2021-03-17 10:05:47]cl_getDriver.py(72): Open NewTab->https://kabuoji3.com/stock/8111/
[2021-03-17 10:05:47]cl_getDriver.py(130): Not Found->//*[@id="base_box"]/div/div[3]/form/button
[2021-03-17 10:05:48]cl_getDriver.py(127): click_Success->//*[@id="base_box"]/div/div[3]/form/button
[2021-03-17 10:05:48]cl_getDriver.py(72): Open NewTab->https://kabuoji3.com/stock/8107/2014/
[2021-03-17 10:05:49]cl_getDriver.py(127): click_Success->//*[@id="base_box"]/div/div[3]/form/button
[2021-03-17 10:05:50]cl_getDriver.py(130): Not Found->//*[@id="base_box"]/div/div[3]/form/button
[2021-03-17 10:05:50]cl_getDriver.py(72): Open NewTab->https://kabuoji3.com/stock/8111/2021/
[2021-03-17 10:05:51]cl_getDriver.py(127): click_Success->//*[@id="base_box"]/div/div[3]/form/button
[2021-03-17 10:05:52]cl_getDriver.py(127): click_Success->//*[@id="base_box"]/div/div[3]/form/button
[2021-03-17 10:05:52]cl_getDriver.py(72): Open NewTab->https://kabuoji3.com/stock/8107/2013/
[2021-03-17 10:05:53]cl_getDriver.py(127): click_Success->//*[@id="base_box"]/div/div[3]/form/button
[2021-03-17 10:05:53]cl_getDriver.py(72): Open NewTab->https://kabuoji3.com/stock/8111/2020/
[2021-03-17 10:05:55]cl_getDriver.py(127): click_Success->//*[@id="base_box"]/div/div[3]/form/button
[2021-03-17 10:05:56]cl_getDriver.py(127): click_Success->//*[@id="base_box"]/div/div[3]/form/button
[2021-03-17 10:05:57]cl_getDriver.py(127): click_Success->//*[@id="base_box"]/div/div[3]/form/button
[2021-03-17 10:05:57]cl_getDriver.py(72): Open NewTab->https://kabuoji3.com/stock/8107/2012/
[2021-03-17 10:05:58]cl_getDriver.py(127): click_Success->//*[@id="base_box"]/div/div[3]/form/button
[2021-03-17 10:05:59]cl_getDriver.py(72): Open NewTab->https://kabuoji3.com/stock/8111/2019/
[2021-03-17 10:05:59]cl_getDriver.py(127): click_Success->//*[@id="base_box"]/div/div[3]/form/button
[2021-03-17 10:06:00]cl_getDriver.py(127): click_Success->//*[@id="base_box"]/div/div[3]/form/button
[2021-03-17 10:06:01]cl_getDriver.py(127): click_Success->//*[@id="base_box"]/div/div[3]/form/button
[2021-03-17 10:06:01]cl_getDriver.py(72): Open NewTab->https://kabuoji3.com/stock/8107/2011/
[2021-03-17 10:06:02]cl_getDriver.py(127): click_Success->//*[@id="base_box"]/div/div[3]/form/button
[2021-03-17 10:06:03]cl_getDriver.py(72): Open NewTab->https://kabuoji3.com/stock/8111/2018/
[2021-03-17 10:06:04]cl_getDriver.py(127): click_Success->//*[@id="base_box"]/div/div[3]/form/button
[2021-03-17 10:06:04]cl_getDriver.py(127): click_Success->//*[@id="base_box"]/div/div[3]/form/button
[2021-03-17 10:06:06]cl_getDriver.py(127): click_Success->//*[@id="base_box"]/div/div[3]/form/button
[2021-03-17 10:06:06]cl_getDriver.py(72): Open NewTab->https://kabuoji3.com/stock/8107/2010/
[2021-03-17 10:06:07]cl_getDriver.py(127): click_Success->//*[@id="base_box"]/div/div[3]/form/button
[2021-03-17 10:06:07]cl_getDriver.py(72): Open NewTab->https://kabuoji3.com/stock/8111/2017/
[2021-03-17 10:06:08]cl_getDriver.py(127): click_Success->//*[@id="base_box"]/div/div[3]/form/button
[2021-03-17 10:06:09]cl_getDriver.py(127): click_Success->//*[@id="base_box"]/div/div[3]/form/button
[2021-03-17 10:06:10]cl_getDriver.py(127): click_Success->//*[@id="base_box"]/div/div[3]/form/button
[2021-03-17 10:06:11]cl_getDriver.py(72): Open NewTab->https://kabuoji3.com/stock/8107/2009/
[2021-03-17 10:06:11]cl_getDriver.py(127): click_Success->//*[@id="base_box"]/div/div[3]/form/button
[2021-03-17 10:06:11]cl_getDriver.py(72): Open NewTab->https://kabuoji3.com/stock/8111/2016/
[2021-03-17 10:06:12]cl_getDriver.py(127): click_Success->//*[@id="base_box"]/div/div[3]/form/button
[2021-03-17 10:06:13]cl_getDriver.py(127): click_Success->//*[@id="base_box"]/div/div[3]/form/button
[2021-03-17 10:06:14]cl_getDriver.py(127): click_Success->//*[@id="base_box"]/div/div[3]/form/button
[2021-03-17 10:06:15]cl_getDriver.py(72): Open NewTab->https://kabuoji3.com/stock/8107/2008/
[2021-03-17 10:06:15]cl_getDriver.py(127): click_Success->//*[@id="base_box"]/div/div[3]/form/button
[2021-03-17 10:06:15]cl_getDriver.py(72): Open NewTab->https://kabuoji3.com/stock/8111/2015/
[2021-03-17 10:06:16]cl_getDriver.py(127): click_Success->//*[@id="base_box"]/div/div[3]/form/button
[2021-03-17 10:06:17]cl_getDriver.py(127): click_Success->//*[@id="base_box"]/div/div[3]/form/button
[2021-03-17 10:06:19]cl_getDriver.py(127): click_Success->//*[@id="base_box"]/div/div[3]/form/button
[2021-03-17 10:06:19]cl_getDriver.py(72): Open NewTab->https://kabuoji3.com/stock/8107/2007/
[2021-03-17 10:06:19]cl_getDriver.py(127): click_Success->//*[@id="base_box"]/div/div[3]/form/button
[2021-03-17 10:06:20]cl_getDriver.py(72): Open NewTab->https://kabuoji3.com/stock/8111/2014/
[2021-03-17 10:06:20]cl_getDriver.py(127): click_Success->//*[@id="base_box"]/div/div[3]/form/button
[2021-03-17 10:06:21]cl_getDriver.py(127): click_Success->//*[@id="base_box"]/div/div[3]/form/button
[2021-03-17 10:06:23]cl_getDriver.py(127): click_Success->//*[@id="base_box"]/div/div[3]/form/button
[2021-03-17 10:06:23]cl_getDriver.py(72): Open NewTab->https://kabuoji3.com/stock/8107/2006/
[2021-03-17 10:06:23]cl_getDriver.py(127): click_Success->//*[@id="base_box"]/div/div[3]/form/button
[2021-03-17 10:06:24]cl_getDriver.py(72): Open NewTab->https://kabuoji3.com/stock/8111/2013/
[2021-03-17 10:06:24]cl_getDriver.py(127): click_Success->//*[@id="base_box"]/div/div[3]/form/button
[2021-03-17 10:06:25]cl_getDriver.py(127): click_Success->//*[@id="base_box"]/div/div[3]/form/button
[2021-03-17 10:06:27]cl_getDriver.py(127): click_Success->//*[@id="base_box"]/div/div[3]/form/button
[2021-03-17 10:06:27]cl_getDriver.py(72): Open NewTab->https://kabuoji3.com/stock/8107/2005/
[2021-03-17 10:06:27]cl_getDriver.py(127): click_Success->//*[@id="base_box"]/div/div[3]/form/button
[2021-03-17 10:06:28]cl_getDriver.py(72): Open NewTab->https://kabuoji3.com/stock/8111/2012/
[2021-03-17 10:06:29]cl_getDriver.py(127): click_Success->//*[@id="base_box"]/div/div[3]/form/button
[2021-03-17 10:06:30]cl_getDriver.py(127): click_Success->//*[@id="base_box"]/div/div[3]/form/button
[2021-03-17 10:06:31]cl_getDriver.py(127): click_Success->//*[@id="base_box"]/div/div[3]/form/button
[2021-03-17 10:06:31]cl_getDriver.py(72): Open NewTab->https://kabuoji3.com/stock/8107/2004/
[2021-03-17 10:06:32]cl_getDriver.py(127): click_Success->//*[@id="base_box"]/div/div[3]/form/button
[2021-03-17 10:06:33]cl_getDriver.py(72): Open NewTab->https://kabuoji3.com/stock/8111/2011/
[2021-03-17 10:06:33]cl_getDriver.py(127): click_Success->//*[@id="base_box"]/div/div[3]/form/button
[2021-03-17 10:06:34]cl_getDriver.py(127): click_Success->//*[@id="base_box"]/div/div[3]/form/button
[2021-03-17 10:06:35]cl_getDriver.py(127): click_Success->//*[@id="base_box"]/div/div[3]/form/button
[2021-03-17 10:06:35]cl_getDriver.py(72): Open NewTab->https://kabuoji3.com/stock/8107/2003/
[2021-03-17 10:06:36]cl_getDriver.py(127): click_Success->//*[@id="base_box"]/div/div[3]/form/button
[2021-03-17 10:06:36]cl_getDriver.py(72): Open NewTab->https://kabuoji3.com/stock/8111/2010/
[2021-03-17 10:06:37]cl_getDriver.py(127): click_Success->//*[@id="base_box"]/div/div[3]/form/button
[2021-03-17 10:06:37]cl_getDriver.py(127): click_Success->//*[@id="base_box"]/div/div[3]/form/button
[2021-03-17 10:06:39]cl_getDriver.py(127): click_Success->//*[@id="base_box"]/div/div[3]/form/button
[2021-03-17 10:06:39]cl_getDriver.py(72): Open NewTab->https://kabuoji3.com/stock/8107/2002/
[2021-03-17 10:06:40]cl_getDriver.py(127): click_Success->//*[@id="base_box"]/div/div[3]/form/button
[2021-03-17 10:06:40]cl_getDriver.py(72): Open NewTab->https://kabuoji3.com/stock/8111/2009/
[2021-03-17 10:06:41]cl_getDriver.py(127): click_Success->//*[@id="base_box"]/div/div[3]/form/button
[2021-03-17 10:06:42]cl_getDriver.py(127): click_Success->//*[@id="base_box"]/div/div[3]/form/button
[2021-03-17 10:06:43]cl_getDriver.py(127): click_Success->//*[@id="base_box"]/div/div[3]/form/button
[2021-03-17 10:06:44]cl_getDriver.py(72): Open NewTab->https://kabuoji3.com/stock/8107/2001/
[2021-03-17 10:06:44]cl_getDriver.py(127): click_Success->//*[@id="base_box"]/div/div[3]/form/button
[2021-03-17 10:06:44]cl_getDriver.py(72): Open NewTab->https://kabuoji3.com/stock/8111/2008/
[2021-03-17 10:06:45]cl_getDriver.py(127): click_Success->//*[@id="base_box"]/div/div[3]/form/button
[2021-03-17 10:06:46]cl_getDriver.py(127): click_Success->//*[@id="base_box"]/div/div[3]/form/button
[2021-03-17 10:06:47]cl_getDriver.py(127): click_Success->//*[@id="base_box"]/div/div[3]/form/button
[2021-03-17 10:06:48]cl_getDriver.py(72): Open NewTab->https://kabuoji3.com/stock/8107/2000/
[2021-03-17 10:06:48]cl_getDriver.py(127): click_Success->//*[@id="base_box"]/div/div[3]/form/button
[2021-03-17 10:06:49]cl_getDriver.py(72): Open NewTab->https://kabuoji3.com/stock/8111/2007/
[2021-03-17 10:06:50]cl_getDriver.py(127): click_Success->//*[@id="base_box"]/div/div[3]/form/button
[2021-03-17 10:06:50]cl_getDriver.py(127): click_Success->//*[@id="base_box"]/div/div[3]/form/button
[2021-03-17 10:06:52]cl_getDriver.py(127): click_Success->//*[@id="base_box"]/div/div[3]/form/button
[2021-03-17 10:06:52]cl_getDriver.py(127): click_Success->//*[@id="base_box"]/div/div[3]/form/button
[2021-03-17 10:06:53]cl_getDriver.py(72): Open NewTab->https://kabuoji3.com/stock/8111/2006/
[2021-03-17 10:06:53]cl_getDriver.py(72): Open NewTab->https://kabuoji3.com/stock/8107/1999/
[2021-03-17 10:06:54]cl_getDriver.py(127): click_Success->//*[@id="base_box"]/div/div[3]/form/button
[2021-03-17 10:06:54]cl_getDriver.py(127): click_Success->//*[@id="base_box"]/div/div[3]/form/button
[2021-03-17 10:06:57]cl_getDriver.py(127): click_Success->//*[@id="base_box"]/div/div[3]/form/button
[2021-03-17 10:06:57]cl_getDriver.py(127): click_Success->//*[@id="base_box"]/div/div[3]/form/button
[2021-03-17 10:06:57]cl_getDriver.py(72): Open NewTab->https://kabuoji3.com/stock/8107/1998/
[2021-03-17 10:06:57]cl_getDriver.py(72): Open NewTab->https://kabuoji3.com/stock/8111/2005/
[2021-03-17 10:06:59]cl_getDriver.py(127): click_Success->//*[@id="base_box"]/div/div[3]/form/button
[2021-03-17 10:07:00]cl_getDriver.py(127): click_Success->//*[@id="base_box"]/div/div[3]/form/button
[2021-03-17 10:07:01]cl_getDriver.py(127): click_Success->//*[@id="base_box"]/div/div[3]/form/button
[2021-03-17 10:07:01]cl_getDriver.py(72): Open NewTab->https://kabuoji3.com/stock/8107/1997/
[2021-03-17 10:07:02]cl_getDriver.py(127): click_Success->//*[@id="base_box"]/div/div[3]/form/button
[2021-03-17 10:07:03]cl_getDriver.py(127): click_Success->//*[@id="base_box"]/div/div[3]/form/button
[2021-03-17 10:07:03]cl_getDriver.py(72): Open NewTab->https://kabuoji3.com/stock/8111/2004/
[2021-03-17 10:07:04]cl_getDriver.py(127): click_Success->//*[@id="base_box"]/div/div[3]/form/button
[2021-03-17 10:07:05]cl_getDriver.py(127): click_Success->//*[@id="base_box"]/div/div[3]/form/button
[2021-03-17 10:07:05]cl_getDriver.py(72): Open NewTab->https://kabuoji3.com/stock/8107/1996/
[2021-03-17 10:07:06]cl_getDriver.py(127): click_Success->//*[@id="base_box"]/div/div[3]/form/button
[2021-03-17 10:07:06]cl_getDriver.py(127): click_Success->//*[@id="base_box"]/div/div[3]/form/button
[2021-03-17 10:07:07]cl_getDriver.py(72): Open NewTab->https://kabuoji3.com/stock/8111/2003/
[2021-03-17 10:07:09]cl_getDriver.py(127): click_Success->//*[@id="base_box"]/div/div[3]/form/button
[2021-03-17 10:07:09]cl_getDriver.py(127): click_Success->//*[@id="base_box"]/div/div[3]/form/button
[2021-03-17 10:07:09]cl_getDriver.py(72): Open NewTab->https://kabuoji3.com/stock/8107/1995/
[2021-03-17 10:07:10]cl_getDriver.py(127): click_Success->//*[@id="base_box"]/div/div[3]/form/button
[2021-03-17 10:07:11]cl_getDriver.py(127): click_Success->//*[@id="base_box"]/div/div[3]/form/button
[2021-03-17 10:07:11]cl_getDriver.py(72): Open NewTab->https://kabuoji3.com/stock/8111/2002/
[2021-03-17 10:07:12]cl_getDriver.py(127): click_Success->//*[@id="base_box"]/div/div[3]/form/button
[2021-03-17 10:07:12]cl_getDriver.py(127): click_Success->//*[@id="base_box"]/div/div[3]/form/button
[2021-03-17 10:07:13]cl_getDriver.py(72): Open NewTab->https://kabuoji3.com/stock/8107/1994/
[2021-03-17 10:07:14]cl_getDriver.py(127): click_Success->//*[@id="base_box"]/div/div[3]/form/button
[2021-03-17 10:07:15]cl_getDriver.py(127): click_Success->//*[@id="base_box"]/div/div[3]/form/button
[2021-03-17 10:07:15]cl_getDriver.py(72): Open NewTab->https://kabuoji3.com/stock/8111/2001/
[2021-03-17 10:07:16]cl_getDriver.py(127): click_Success->//*[@id="base_box"]/div/div[3]/form/button
[2021-03-17 10:07:16]cl_getDriver.py(127): click_Success->//*[@id="base_box"]/div/div[3]/form/button
[2021-03-17 10:07:16]cl_getDriver.py(72): Open NewTab->https://kabuoji3.com/stock/8107/1993/
[2021-03-17 10:07:17]cl_getDriver.py(127): click_Success->//*[@id="base_box"]/div/div[3]/form/button
[2021-03-17 10:07:18]cl_getDriver.py(127): click_Success->//*[@id="base_box"]/div/div[3]/form/button
[2021-03-17 10:07:19]cl_getDriver.py(72): Open NewTab->https://kabuoji3.com/stock/8111/2000/
[2021-03-17 10:07:20]cl_getDriver.py(127): click_Success->//*[@id="base_box"]/div/div[3]/form/button
[2021-03-17 10:07:20]cl_getDriver.py(127): click_Success->//*[@id="base_box"]/div/div[3]/form/button
[2021-03-17 10:07:20]cl_getDriver.py(72): Open NewTab->https://kabuoji3.com/stock/8107/1992/
[2021-03-17 10:07:21]cl_getDriver.py(127): click_Success->//*[@id="base_box"]/div/div[3]/form/button
[2021-03-17 10:07:22]cl_getDriver.py(127): click_Success->//*[@id="base_box"]/div/div[3]/form/button
[2021-03-17 10:07:23]cl_getDriver.py(72): Open NewTab->https://kabuoji3.com/stock/8111/1999/
[2021-03-17 10:07:24]cl_getDriver.py(127): click_Success->//*[@id="base_box"]/div/div[3]/form/button
[2021-03-17 10:07:24]cl_getDriver.py(127): click_Success->//*[@id="base_box"]/div/div[3]/form/button
[2021-03-17 10:07:24]cl_getDriver.py(72): Open NewTab->https://kabuoji3.com/stock/8107/1991/
[2021-03-17 10:07:25]cl_getDriver.py(127): click_Success->//*[@id="base_box"]/div/div[3]/form/button
[2021-03-17 10:07:26]cl_getDriver.py(127): click_Success->//*[@id="base_box"]/div/div[3]/form/button
[2021-03-17 10:07:26]cl_getDriver.py(72): Open NewTab->https://kabuoji3.com/stock/8111/1998/
[2021-03-17 10:07:27]cl_getDriver.py(127): click_Success->//*[@id="base_box"]/div/div[3]/form/button
[2021-03-17 10:07:27]cl_getDriver.py(127): click_Success->//*[@id="base_box"]/div/div[3]/form/button
[2021-03-17 10:07:28]cl_getDriver.py(72): Open NewTab->https://kabuoji3.com/stock/8107/1990/
[2021-03-17 10:07:29]cl_getDriver.py(127): click_Success->//*[@id="base_box"]/div/div[3]/form/button
[2021-03-17 10:07:30]cl_getDriver.py(127): click_Success->//*[@id="base_box"]/div/div[3]/form/button
[2021-03-17 10:07:30]cl_getDriver.py(72): Open NewTab->https://kabuoji3.com/stock/8111/1997/
[2021-03-17 10:07:31]cl_getDriver.py(127): click_Success->//*[@id="base_box"]/div/div[3]/form/button
[2021-03-17 10:07:31]cl_getDriver.py(127): click_Success->//*[@id="base_box"]/div/div[3]/form/button
[2021-03-17 10:07:32]cl_getDriver.py(72): Open NewTab->https://kabuoji3.com/stock/8107/1989/
[2021-03-17 10:07:33]cl_getDriver.py(127): click_Success->//*[@id="base_box"]/div/div[3]/form/button
[2021-03-17 10:07:34]cl_getDriver.py(127): click_Success->//*[@id="base_box"]/div/div[3]/form/button
[2021-03-17 10:07:34]cl_getDriver.py(72): Open NewTab->https://kabuoji3.com/stock/8111/1996/
[2021-03-17 10:07:35]cl_getDriver.py(127): click_Success->//*[@id="base_box"]/div/div[3]/form/button
[2021-03-17 10:07:36]cl_getDriver.py(127): click_Success->//*[@id="base_box"]/div/div[3]/form/button
[2021-03-17 10:07:36]cl_getDriver.py(72): Open NewTab->https://kabuoji3.com/stock/8107/1988/
[2021-03-17 10:07:37]cl_getDriver.py(127): click_Success->//*[@id="base_box"]/div/div[3]/form/button
[2021-03-17 10:07:38]cl_getDriver.py(127): click_Success->//*[@id="base_box"]/div/div[3]/form/button
[2021-03-17 10:07:39]cl_getDriver.py(72): Open NewTab->https://kabuoji3.com/stock/8111/1995/
[2021-03-17 10:07:39]cl_getDriver.py(127): click_Success->//*[@id="base_box"]/div/div[3]/form/button
[2021-03-17 10:07:40]cl_getDriver.py(72): Open NewTab->https://kabuoji3.com/stock/8107/1987/
[2021-03-17 10:07:40]cl_getDriver.py(127): click_Success->//*[@id="base_box"]/div/div[3]/form/button
[2021-03-17 10:07:41]cl_getDriver.py(127): click_Success->//*[@id="base_box"]/div/div[3]/form/button
[2021-03-17 10:07:42]cl_getDriver.py(127): click_Success->//*[@id="base_box"]/div/div[3]/form/button
[2021-03-17 10:07:43]cl_getDriver.py(72): Open NewTab->https://kabuoji3.com/stock/8111/1994/
[2021-03-17 10:07:43]cl_getDriver.py(127): click_Success->//*[@id="base_box"]/div/div[3]/form/button
[2021-03-17 10:07:44]cl_getDriver.py(72): Open NewTab->https://kabuoji3.com/stock/8107/1986/
[2021-03-17 10:07:44]cl_getDriver.py(127): click_Success->//*[@id="base_box"]/div/div[3]/form/button
[2021-03-17 10:07:45]cl_getDriver.py(127): click_Success->//*[@id="base_box"]/div/div[3]/form/button
[2021-03-17 10:07:46]cl_getDriver.py(127): click_Success->//*[@id="base_box"]/div/div[3]/form/button
[2021-03-17 10:07:46]cl_getDriver.py(72): Open NewTab->https://kabuoji3.com/stock/8111/1993/
[2021-03-17 10:07:47]cl_getDriver.py(127): click_Success->//*[@id="base_box"]/div/div[3]/form/button
[2021-03-17 10:07:48]cl_getDriver.py(72): Open NewTab->https://kabuoji3.com/stock/8107/1985/
[2021-03-17 10:07:48]cl_getDriver.py(127): click_Success->//*[@id="base_box"]/div/div[3]/form/button
[2021-03-17 10:07:49]cl_getDriver.py(127): click_Success->//*[@id="base_box"]/div/div[3]/form/button
[2021-03-17 10:07:50]cl_getDriver.py(127): click_Success->//*[@id="base_box"]/div/div[3]/form/button
[2021-03-17 10:07:50]cl_getDriver.py(72): Open NewTab->https://kabuoji3.com/stock/8111/1992/
[2021-03-17 10:07:51]cl_getDriver.py(127): click_Success->//*[@id="base_box"]/div/div[3]/form/button
[2021-03-17 10:07:52]cl_getDriver.py(127): click_Success->//*[@id="base_box"]/div/div[3]/form/button
[2021-03-17 10:07:52]cl_getDriver.py(72): Open NewTab->https://kabuoji3.com/stock/8107/1984/
[2021-03-17 10:07:53]cl_getDriver.py(127): click_Success->//*[@id="base_box"]/div/div[3]/form/button
[2021-03-17 10:07:54]cl_getDriver.py(127): click_Success->//*[@id="base_box"]/div/div[3]/form/button
[2021-03-17 10:07:54]cl_getDriver.py(72): Open NewTab->https://kabuoji3.com/stock/8111/1991/
[2021-03-17 10:07:56]cl_getDriver.py(127): click_Success->//*[@id="base_box"]/div/div[3]/form/button
[2021-03-17 10:07:56]cl_getDriver.py(127): click_Success->//*[@id="base_box"]/div/div[3]/form/button
[2021-03-17 10:07:56]cl_getDriver.py(72): Open NewTab->https://kabuoji3.com/stock/8107/1983/
[2021-03-17 10:07:57]cl_getDriver.py(127): click_Success->//*[@id="base_box"]/div/div[3]/form/button
[2021-03-17 10:07:58]cl_getDriver.py(127): click_Success->//*[@id="base_box"]/div/div[3]/form/button
[2021-03-17 10:08:00]cl_getDriver.py(127): click_Success->//*[@id="base_box"]/div/div[3]/form/button
[2021-03-17 10:08:03]main.py(42): finished Process->https://kabuoji3.com/stock/8111/
[2021-03-17 10:08:03]main.py(15): start_Process->https://kabuoji3.com/stock/8113/
[2021-03-17 10:08:04]main.py(42): finished Process->https://kabuoji3.com/stock/8107/
[2021-03-17 10:08:04]main.py(15): start_Process->https://kabuoji3.com/stock/8114/
[2021-03-17 10:08:08]cl_getDriver.py(64): getURL=https://kabuoji3.com/stock/8113/
[2021-03-17 10:08:08]cl_getDriver.py(72): Open NewTab->https://kabuoji3.com/stock/8113/
[2021-03-17 10:08:10]cl_getDriver.py(130): Not Found->//*[@id="base_box"]/div/div[3]/form/button
[2021-03-17 10:08:10]cl_getDriver.py(64): getURL=https://kabuoji3.com/stock/8114/
[2021-03-17 10:08:10]cl_getDriver.py(72): Open NewTab->https://kabuoji3.com/stock/8114/
[2021-03-17 10:08:11]cl_getDriver.py(130): Not Found->//*[@id="base_box"]/div/div[3]/form/button
[2021-03-17 10:08:12]cl_getDriver.py(130): Not Found->//*[@id="base_box"]/div/div[3]/form/button
[2021-03-17 10:08:12]cl_getDriver.py(72): Open NewTab->https://kabuoji3.com/stock/8113/2021/
[2021-03-17 10:08:13]cl_getDriver.py(127): click_Success->//*[@id="base_box"]/div/div[3]/form/button
[2021-03-17 10:08:13]cl_getDriver.py(130): Not Found->//*[@id="base_box"]/div/div[3]/form/button
[2021-03-17 10:08:13]cl_getDriver.py(72): Open NewTab->https://kabuoji3.com/stock/8114/2021/
[2021-03-17 10:08:14]cl_getDriver.py(127): click_Success->//*[@id="base_box"]/div/div[3]/form/button
[2021-03-17 10:08:15]cl_getDriver.py(127): click_Success->//*[@id="base_box"]/div/div[3]/form/button
[2021-03-17 10:08:15]cl_getDriver.py(72): Open NewTab->https://kabuoji3.com/stock/8113/2020/
[2021-03-17 10:08:16]cl_getDriver.py(127): click_Success->//*[@id="base_box"]/div/div[3]/form/button
[2021-03-17 10:08:17]cl_getDriver.py(72): Open NewTab->https://kabuoji3.com/stock/8114/2020/
[2021-03-17 10:08:17]cl_getDriver.py(127): click_Success->//*[@id="base_box"]/div/div[3]/form/button
[2021-03-17 10:08:18]cl_getDriver.py(127): click_Success->//*[@id="base_box"]/div/div[3]/form/button
[2021-03-17 10:08:19]cl_getDriver.py(127): click_Success->//*[@id="base_box"]/div/div[3]/form/button
[2021-03-17 10:08:20]cl_getDriver.py(72): Open NewTab->https://kabuoji3.com/stock/8113/2019/
[2021-03-17 10:08:20]cl_getDriver.py(127): click_Success->//*[@id="base_box"]/div/div[3]/form/button
[2021-03-17 10:08:21]cl_getDriver.py(72): Open NewTab->https://kabuoji3.com/stock/8114/2019/
[2021-03-17 10:08:22]cl_getDriver.py(127): click_Success->//*[@id="base_box"]/div/div[3]/form/button
[2021-03-17 10:08:22]cl_getDriver.py(127): click_Success->//*[@id="base_box"]/div/div[3]/form/button
[2021-03-17 10:08:24]cl_getDriver.py(127): click_Success->//*[@id="base_box"]/div/div[3]/form/button
[2021-03-17 10:08:24]cl_getDriver.py(72): Open NewTab->https://kabuoji3.com/stock/8113/2018/
[2021-03-17 10:08:24]cl_getDriver.py(127): click_Success->//*[@id="base_box"]/div/div[3]/form/button
[2021-03-17 10:08:25]cl_getDriver.py(72): Open NewTab->https://kabuoji3.com/stock/8114/2018/
[2021-03-17 10:08:26]cl_getDriver.py(127): click_Success->//*[@id="base_box"]/div/div[3]/form/button
[2021-03-17 10:08:26]cl_getDriver.py(127): click_Success->//*[@id="base_box"]/div/div[3]/form/button
[2021-03-17 10:08:28]cl_getDriver.py(127): click_Success->//*[@id="base_box"]/div/div[3]/form/button
[2021-03-17 10:08:28]cl_getDriver.py(72): Open NewTab->https://kabuoji3.com/stock/8113/2017/
[2021-03-17 10:08:29]cl_getDriver.py(127): click_Success->//*[@id="base_box"]/div/div[3]/form/button
[2021-03-17 10:08:29]cl_getDriver.py(72): Open NewTab->https://kabuoji3.com/stock/8114/2017/
[2021-03-17 10:08:31]cl_getDriver.py(127): click_Success->//*[@id="base_box"]/div/div[3]/form/button
[2021-03-17 10:08:32]cl_getDriver.py(127): click_Success->//*[@id="base_box"]/div/div[3]/form/button
[2021-03-17 10:08:34]cl_getDriver.py(127): click_Success->//*[@id="base_box"]/div/div[3]/form/button
[2021-03-17 10:08:34]cl_getDriver.py(127): click_Success->//*[@id="base_box"]/div/div[3]/form/button
[2021-03-17 10:08:34]cl_getDriver.py(72): Open NewTab->https://kabuoji3.com/stock/8113/2016/
[2021-03-17 10:08:35]cl_getDriver.py(72): Open NewTab->https://kabuoji3.com/stock/8114/2016/
[2021-03-17 10:08:36]cl_getDriver.py(127): click_Success->//*[@id="base_box"]/div/div[3]/form/button
[2021-03-17 10:08:36]cl_getDriver.py(127): click_Success->//*[@id="base_box"]/div/div[3]/form/button
[2021-03-17 10:08:39]cl_getDriver.py(127): click_Success->//*[@id="base_box"]/div/div[3]/form/button
[2021-03-17 10:08:39]cl_getDriver.py(127): click_Success->//*[@id="base_box"]/div/div[3]/form/button
[2021-03-17 10:08:39]cl_getDriver.py(72): Open NewTab->https://kabuoji3.com/stock/8113/2015/
[2021-03-17 10:08:39]cl_getDriver.py(72): Open NewTab->https://kabuoji3.com/stock/8114/2015/
[2021-03-17 10:08:41]cl_getDriver.py(127): click_Success->//*[@id="base_box"]/div/div[3]/form/button
[2021-03-17 10:08:41]cl_getDriver.py(127): click_Success->//*[@id="base_box"]/div/div[3]/form/button
[2021-03-17 10:08:43]cl_getDriver.py(127): click_Success->//*[@id="base_box"]/div/div[3]/form/button
[2021-03-17 10:08:43]cl_getDriver.py(127): click_Success->//*[@id="base_box"]/div/div[3]/form/button
[2021-03-17 10:08:44]cl_getDriver.py(72): Open NewTab->https://kabuoji3.com/stock/8114/2014/
[2021-03-17 10:08:44]cl_getDriver.py(72): Open NewTab->https://kabuoji3.com/stock/8113/2014/
[2021-03-17 10:08:45]cl_getDriver.py(127): click_Success->//*[@id="base_box"]/div/div[3]/form/button
[2021-03-17 10:08:45]cl_getDriver.py(127): click_Success->//*[@id="base_box"]/div/div[3]/form/button
[2021-03-17 10:08:47]cl_getDriver.py(127): click_Success->//*[@id="base_box"]/div/div[3]/form/button
[2021-03-17 10:08:47]cl_getDriver.py(127): click_Success->//*[@id="base_box"]/div/div[3]/form/button
[2021-03-17 10:08:48]cl_getDriver.py(72): Open NewTab->https://kabuoji3.com/stock/8114/2013/
[2021-03-17 10:08:48]cl_getDriver.py(72): Open NewTab->https://kabuoji3.com/stock/8113/2013/
[2021-03-17 10:08:49]cl_getDriver.py(127): click_Success->//*[@id="base_box"]/div/div[3]/form/button
[2021-03-17 10:08:49]cl_getDriver.py(127): click_Success->//*[@id="base_box"]/div/div[3]/form/button
[2021-03-17 10:08:51]cl_getDriver.py(127): click_Success->//*[@id="base_box"]/div/div[3]/form/button
[2021-03-17 10:08:52]cl_getDriver.py(72): Open NewTab->https://kabuoji3.com/stock/8114/2012/
[2021-03-17 10:08:52]cl_getDriver.py(127): click_Success->//*[@id="base_box"]/div/div[3]/form/button
[2021-03-17 10:08:52]cl_getDriver.py(72): Open NewTab->https://kabuoji3.com/stock/8113/2012/
[2021-03-17 10:08:53]cl_getDriver.py(127): click_Success->//*[@id="base_box"]/div/div[3]/form/button
[2021-03-17 10:08:53]cl_getDriver.py(127): click_Success->//*[@id="base_box"]/div/div[3]/form/button
[2021-03-17 10:08:55]cl_getDriver.py(127): click_Success->//*[@id="base_box"]/div/div[3]/form/button
[2021-03-17 10:08:56]cl_getDriver.py(72): Open NewTab->https://kabuoji3.com/stock/8114/2011/
[2021-03-17 10:08:56]cl_getDriver.py(127): click_Success->//*[@id="base_box"]/div/div[3]/form/button
[2021-03-17 10:08:56]cl_getDriver.py(72): Open NewTab->https://kabuoji3.com/stock/8113/2011/
[2021-03-17 10:08:57]cl_getDriver.py(127): click_Success->//*[@id="base_box"]/div/div[3]/form/button
[2021-03-17 10:08:58]cl_getDriver.py(127): click_Success->//*[@id="base_box"]/div/div[3]/form/button
[2021-03-17 10:08:59]cl_getDriver.py(127): click_Success->//*[@id="base_box"]/div/div[3]/form/button
[2021-03-17 10:09:00]cl_getDriver.py(72): Open NewTab->https://kabuoji3.com/stock/8114/2010/
[2021-03-17 10:09:00]cl_getDriver.py(127): click_Success->//*[@id="base_box"]/div/div[3]/form/button
[2021-03-17 10:09:00]cl_getDriver.py(72): Open NewTab->https://kabuoji3.com/stock/8113/2010/
[2021-03-17 10:09:01]cl_getDriver.py(127): click_Success->//*[@id="base_box"]/div/div[3]/form/button
[2021-03-17 10:09:02]cl_getDriver.py(127): click_Success->//*[@id="base_box"]/div/div[3]/form/button
[2021-03-17 10:09:04]cl_getDriver.py(127): click_Success->//*[@id="base_box"]/div/div[3]/form/button
[2021-03-17 10:09:04]cl_getDriver.py(72): Open NewTab->https://kabuoji3.com/stock/8114/2009/
[2021-03-17 10:09:04]cl_getDriver.py(127): click_Success->//*[@id="base_box"]/div/div[3]/form/button
[2021-03-17 10:09:05]cl_getDriver.py(72): Open NewTab->https://kabuoji3.com/stock/8113/2009/
[2021-03-17 10:09:06]cl_getDriver.py(127): click_Success->//*[@id="base_box"]/div/div[3]/form/button
[2021-03-17 10:09:06]cl_getDriver.py(127): click_Success->//*[@id="base_box"]/div/div[3]/form/button
[2021-03-17 10:09:08]cl_getDriver.py(127): click_Success->//*[@id="base_box"]/div/div[3]/form/button
[2021-03-17 10:09:08]cl_getDriver.py(72): Open NewTab->https://kabuoji3.com/stock/8114/2008/
[2021-03-17 10:09:09]cl_getDriver.py(127): click_Success->//*[@id="base_box"]/div/div[3]/form/button
[2021-03-17 10:09:09]cl_getDriver.py(72): Open NewTab->https://kabuoji3.com/stock/8113/2008/
[2021-03-17 10:09:10]cl_getDriver.py(127): click_Success->//*[@id="base_box"]/div/div[3]/form/button
[2021-03-17 10:09:10]cl_getDriver.py(127): click_Success->//*[@id="base_box"]/div/div[3]/form/button
[2021-03-17 10:09:12]cl_getDriver.py(127): click_Success->//*[@id="base_box"]/div/div[3]/form/button
[2021-03-17 10:09:13]cl_getDriver.py(72): Open NewTab->https://kabuoji3.com/stock/8114/2007/
[2021-03-17 10:09:13]cl_getDriver.py(127): click_Success->//*[@id="base_box"]/div/div[3]/form/button
[2021-03-17 10:09:13]cl_getDriver.py(72): Open NewTab->https://kabuoji3.com/stock/8113/2007/
[2021-03-17 10:09:14]cl_getDriver.py(127): click_Success->//*[@id="base_box"]/div/div[3]/form/button
[2021-03-17 10:09:15]cl_getDriver.py(127): click_Success->//*[@id="base_box"]/div/div[3]/form/button
[2021-03-17 10:09:17]cl_getDriver.py(127): click_Success->//*[@id="base_box"]/div/div[3]/form/button
[2021-03-17 10:09:17]cl_getDriver.py(127): click_Success->//*[@id="base_box"]/div/div[3]/form/button
[2021-03-17 10:09:18]cl_getDriver.py(72): Open NewTab->https://kabuoji3.com/stock/8113/2006/
[2021-03-17 10:09:18]cl_getDriver.py(72): Open NewTab->https://kabuoji3.com/stock/8114/2006/
[2021-03-17 10:09:19]cl_getDriver.py(127): click_Success->//*[@id="base_box"]/div/div[3]/form/button
[2021-03-17 10:09:19]cl_getDriver.py(127): click_Success->//*[@id="base_box"]/div/div[3]/form/button
[2021-03-17 10:09:21]cl_getDriver.py(127): click_Success->//*[@id="base_box"]/div/div[3]/form/button
[2021-03-17 10:09:22]cl_getDriver.py(127): click_Success->//*[@id="base_box"]/div/div[3]/form/button
[2021-03-17 10:09:22]cl_getDriver.py(72): Open NewTab->https://kabuoji3.com/stock/8113/2005/
[2021-03-17 10:09:22]cl_getDriver.py(72): Open NewTab->https://kabuoji3.com/stock/8114/2005/
[2021-03-17 10:09:24]cl_getDriver.py(127): click_Success->//*[@id="base_box"]/div/div[3]/form/button
[2021-03-17 10:09:24]cl_getDriver.py(127): click_Success->//*[@id="base_box"]/div/div[3]/form/button
[2021-03-17 10:09:26]cl_getDriver.py(127): click_Success->//*[@id="base_box"]/div/div[3]/form/button
[2021-03-17 10:09:26]cl_getDriver.py(127): click_Success->//*[@id="base_box"]/div/div[3]/form/button
[2021-03-17 10:09:27]cl_getDriver.py(72): Open NewTab->https://kabuoji3.com/stock/8113/2004/
[2021-03-17 10:09:27]cl_getDriver.py(72): Open NewTab->https://kabuoji3.com/stock/8114/2004/
[2021-03-17 10:09:28]cl_getDriver.py(127): click_Success->//*[@id="base_box"]/div/div[3]/form/button
[2021-03-17 10:09:28]cl_getDriver.py(127): click_Success->//*[@id="base_box"]/div/div[3]/form/button
[2021-03-17 10:09:30]cl_getDriver.py(127): click_Success->//*[@id="base_box"]/div/div[3]/form/button
[2021-03-17 10:09:30]cl_getDriver.py(127): click_Success->//*[@id="base_box"]/div/div[3]/form/button
[2021-03-17 10:09:31]cl_getDriver.py(72): Open NewTab->https://kabuoji3.com/stock/8113/2003/
[2021-03-17 10:09:31]cl_getDriver.py(72): Open NewTab->https://kabuoji3.com/stock/8114/2003/
[2021-03-17 10:09:32]cl_getDriver.py(127): click_Success->//*[@id="base_box"]/div/div[3]/form/button
[2021-03-17 10:09:32]cl_getDriver.py(127): click_Success->//*[@id="base_box"]/div/div[3]/form/button
[2021-03-17 10:09:35]cl_getDriver.py(127): click_Success->//*[@id="base_box"]/div/div[3]/form/button
[2021-03-17 10:09:35]cl_getDriver.py(127): click_Success->//*[@id="base_box"]/div/div[3]/form/button
[2021-03-17 10:09:35]cl_getDriver.py(72): Open NewTab->https://kabuoji3.com/stock/8113/2002/
[2021-03-17 10:09:35]cl_getDriver.py(72): Open NewTab->https://kabuoji3.com/stock/8114/2002/
[2021-03-17 10:09:36]cl_getDriver.py(127): click_Success->//*[@id="base_box"]/div/div[3]/form/button
[2021-03-17 10:09:37]cl_getDriver.py(127): click_Success->//*[@id="base_box"]/div/div[3]/form/button
[2021-03-17 10:09:39]cl_getDriver.py(127): click_Success->//*[@id="base_box"]/div/div[3]/form/button
[2021-03-17 10:09:39]cl_getDriver.py(127): click_Success->//*[@id="base_box"]/div/div[3]/form/button
[2021-03-17 10:09:39]cl_getDriver.py(72): Open NewTab->https://kabuoji3.com/stock/8113/2001/
[2021-03-17 10:09:39]cl_getDriver.py(72): Open NewTab->https://kabuoji3.com/stock/8114/2001/
[2021-03-17 10:09:41]cl_getDriver.py(127): click_Success->//*[@id="base_box"]/div/div[3]/form/button
[2021-03-17 10:09:41]cl_getDriver.py(127): click_Success->//*[@id="base_box"]/div/div[3]/form/button
[2021-03-17 10:09:43]cl_getDriver.py(127): click_Success->//*[@id="base_box"]/div/div[3]/form/button
[2021-03-17 10:09:43]cl_getDriver.py(127): click_Success->//*[@id="base_box"]/div/div[3]/form/button
[2021-03-17 10:09:44]cl_getDriver.py(72): Open NewTab->https://kabuoji3.com/stock/8113/2000/
[2021-03-17 10:09:44]cl_getDriver.py(72): Open NewTab->https://kabuoji3.com/stock/8114/2000/
[2021-03-17 10:09:45]cl_getDriver.py(127): click_Success->//*[@id="base_box"]/div/div[3]/form/button
[2021-03-17 10:09:45]cl_getDriver.py(127): click_Success->//*[@id="base_box"]/div/div[3]/form/button
[2021-03-17 10:09:47]cl_getDriver.py(127): click_Success->//*[@id="base_box"]/div/div[3]/form/button
[2021-03-17 10:09:48]cl_getDriver.py(127): click_Success->//*[@id="base_box"]/div/div[3]/form/button
[2021-03-17 10:09:48]cl_getDriver.py(72): Open NewTab->https://kabuoji3.com/stock/8114/1999/
[2021-03-17 10:09:48]cl_getDriver.py(72): Open NewTab->https://kabuoji3.com/stock/8113/1999/
[2021-03-17 10:09:49]cl_getDriver.py(127): click_Success->//*[@id="base_box"]/div/div[3]/form/button
[2021-03-17 10:09:49]cl_getDriver.py(127): click_Success->//*[@id="base_box"]/div/div[3]/form/button
[2021-03-17 10:09:52]cl_getDriver.py(127): click_Success->//*[@id="base_box"]/div/div[3]/form/button
[2021-03-17 10:09:52]cl_getDriver.py(127): click_Success->//*[@id="base_box"]/div/div[3]/form/button
[2021-03-17 10:09:52]cl_getDriver.py(72): Open NewTab->https://kabuoji3.com/stock/8114/1998/
[2021-03-17 10:09:52]cl_getDriver.py(72): Open NewTab->https://kabuoji3.com/stock/8113/1998/
[2021-03-17 10:09:54]cl_getDriver.py(127): click_Success->//*[@id="base_box"]/div/div[3]/form/button
[2021-03-17 10:09:54]cl_getDriver.py(127): click_Success->//*[@id="base_box"]/div/div[3]/form/button
[2021-03-17 10:09:56]cl_getDriver.py(127): click_Success->//*[@id="base_box"]/div/div[3]/form/button
[2021-03-17 10:09:56]cl_getDriver.py(127): click_Success->//*[@id="base_box"]/div/div[3]/form/button
[2021-03-17 10:09:57]cl_getDriver.py(72): Open NewTab->https://kabuoji3.com/stock/8114/1997/
[2021-03-17 10:09:57]cl_getDriver.py(72): Open NewTab->https://kabuoji3.com/stock/8113/1997/
[2021-03-17 10:09:58]cl_getDriver.py(127): click_Success->//*[@id="base_box"]/div/div[3]/form/button
[2021-03-17 10:09:58]cl_getDriver.py(127): click_Success->//*[@id="base_box"]/div/div[3]/form/button
[2021-03-17 10:10:00]cl_getDriver.py(127): click_Success->//*[@id="base_box"]/div/div[3]/form/button
[2021-03-17 10:10:00]cl_getDriver.py(127): click_Success->//*[@id="base_box"]/div/div[3]/form/button
[2021-03-17 10:10:01]cl_getDriver.py(72): Open NewTab->https://kabuoji3.com/stock/8114/1996/
[2021-03-17 10:10:01]cl_getDriver.py(72): Open NewTab->https://kabuoji3.com/stock/8113/1996/
[2021-03-17 10:10:03]cl_getDriver.py(127): click_Success->//*[@id="base_box"]/div/div[3]/form/button
[2021-03-17 10:10:03]cl_getDriver.py(127): click_Success->//*[@id="base_box"]/div/div[3]/form/button
[2021-03-17 10:10:05]cl_getDriver.py(127): click_Success->//*[@id="base_box"]/div/div[3]/form/button
[2021-03-17 10:10:05]cl_getDriver.py(127): click_Success->//*[@id="base_box"]/div/div[3]/form/button
[2021-03-17 10:10:05]cl_getDriver.py(72): Open NewTab->https://kabuoji3.com/stock/8113/1995/
[2021-03-17 10:10:06]cl_getDriver.py(72): Open NewTab->https://kabuoji3.com/stock/8114/1995/
[2021-03-17 10:10:07]cl_getDriver.py(127): click_Success->//*[@id="base_box"]/div/div[3]/form/button
[2021-03-17 10:10:07]cl_getDriver.py(127): click_Success->//*[@id="base_box"]/div/div[3]/form/button
[2021-03-17 10:10:09]cl_getDriver.py(127): click_Success->//*[@id="base_box"]/div/div[3]/form/button
[2021-03-17 10:10:10]cl_getDriver.py(127): click_Success->//*[@id="base_box"]/div/div[3]/form/button
[2021-03-17 10:10:10]cl_getDriver.py(72): Open NewTab->https://kabuoji3.com/stock/8114/1994/
[2021-03-17 10:10:10]cl_getDriver.py(72): Open NewTab->https://kabuoji3.com/stock/8113/1994/
[2021-03-17 10:10:12]cl_getDriver.py(127): click_Success->//*[@id="base_box"]/div/div[3]/form/button
[2021-03-17 10:10:12]cl_getDriver.py(127): click_Success->//*[@id="base_box"]/div/div[3]/form/button
[2021-03-17 10:10:14]cl_getDriver.py(127): click_Success->//*[@id="base_box"]/div/div[3]/form/button
[2021-03-17 10:10:14]cl_getDriver.py(127): click_Success->//*[@id="base_box"]/div/div[3]/form/button
[2021-03-17 10:10:15]cl_getDriver.py(72): Open NewTab->https://kabuoji3.com/stock/8113/1993/
[2021-03-17 10:10:15]cl_getDriver.py(72): Open NewTab->https://kabuoji3.com/stock/8114/1993/
[2021-03-17 10:10:16]cl_getDriver.py(127): click_Success->//*[@id="base_box"]/div/div[3]/form/button
[2021-03-17 10:10:16]cl_getDriver.py(127): click_Success->//*[@id="base_box"]/div/div[3]/form/button
[2021-03-17 10:10:18]cl_getDriver.py(127): click_Success->//*[@id="base_box"]/div/div[3]/form/button
[2021-03-17 10:10:19]cl_getDriver.py(72): Open NewTab->https://kabuoji3.com/stock/8114/1992/
[2021-03-17 10:10:19]cl_getDriver.py(127): click_Success->//*[@id="base_box"]/div/div[3]/form/button
[2021-03-17 10:10:19]cl_getDriver.py(72): Open NewTab->https://kabuoji3.com/stock/8113/1992/
[2021-03-17 10:10:20]cl_getDriver.py(127): click_Success->//*[@id="base_box"]/div/div[3]/form/button
[2021-03-17 10:10:21]cl_getDriver.py(127): click_Success->//*[@id="base_box"]/div/div[3]/form/button
[2021-03-17 10:10:23]cl_getDriver.py(127): click_Success->//*[@id="base_box"]/div/div[3]/form/button
[2021-03-17 10:10:23]cl_getDriver.py(127): click_Success->//*[@id="base_box"]/div/div[3]/form/button
[2021-03-17 10:10:23]cl_getDriver.py(72): Open NewTab->https://kabuoji3.com/stock/8114/1991/
[2021-03-17 10:10:24]cl_getDriver.py(72): Open NewTab->https://kabuoji3.com/stock/8113/1991/
[2021-03-17 10:10:25]cl_getDriver.py(127): click_Success->//*[@id="base_box"]/div/div[3]/form/button
[2021-03-17 10:10:26]cl_getDriver.py(127): click_Success->//*[@id="base_box"]/div/div[3]/form/button
[2021-03-17 10:10:27]cl_getDriver.py(127): click_Success->//*[@id="base_box"]/div/div[3]/form/button
[2021-03-17 10:10:27]cl_getDriver.py(72): Open NewTab->https://kabuoji3.com/stock/8114/1990/
[2021-03-17 10:10:29]cl_getDriver.py(127): click_Success->//*[@id="base_box"]/div/div[3]/form/button
[2021-03-17 10:10:29]cl_getDriver.py(127): click_Success->//*[@id="base_box"]/div/div[3]/form/button
[2021-03-17 10:10:29]cl_getDriver.py(72): Open NewTab->https://kabuoji3.com/stock/8113/1990/
[2021-03-17 10:10:31]cl_getDriver.py(127): click_Success->//*[@id="base_box"]/div/div[3]/form/button
[2021-03-17 10:10:31]cl_getDriver.py(127): click_Success->//*[@id="base_box"]/div/div[3]/form/button
[2021-03-17 10:10:32]cl_getDriver.py(72): Open NewTab->https://kabuoji3.com/stock/8114/1989/
[2021-03-17 10:10:33]cl_getDriver.py(127): click_Success->//*[@id="base_box"]/div/div[3]/form/button
[2021-03-17 10:10:33]cl_getDriver.py(127): click_Success->//*[@id="base_box"]/div/div[3]/form/button
[2021-03-17 10:10:33]cl_getDriver.py(72): Open NewTab->https://kabuoji3.com/stock/8113/1989/
[2021-03-17 10:10:35]cl_getDriver.py(127): click_Success->//*[@id="base_box"]/div/div[3]/form/button
[2021-03-17 10:10:35]cl_getDriver.py(127): click_Success->//*[@id="base_box"]/div/div[3]/form/button
[2021-03-17 10:10:35]cl_getDriver.py(72): Open NewTab->https://kabuoji3.com/stock/8114/1988/
[2021-03-17 10:10:36]cl_getDriver.py(127): click_Success->//*[@id="base_box"]/div/div[3]/form/button
[2021-03-17 10:10:37]cl_getDriver.py(127): click_Success->//*[@id="base_box"]/div/div[3]/form/button
[2021-03-17 10:10:37]cl_getDriver.py(72): Open NewTab->https://kabuoji3.com/stock/8113/1988/
[2021-03-17 10:10:38]cl_getDriver.py(127): click_Success->//*[@id="base_box"]/div/div[3]/form/button
[2021-03-17 10:10:39]cl_getDriver.py(127): click_Success->//*[@id="base_box"]/div/div[3]/form/button
[2021-03-17 10:10:39]cl_getDriver.py(72): Open NewTab->https://kabuoji3.com/stock/8114/1987/
[2021-03-17 10:10:40]cl_getDriver.py(127): click_Success->//*[@id="base_box"]/div/div[3]/form/button
[2021-03-17 10:10:41]cl_getDriver.py(127): click_Success->//*[@id="base_box"]/div/div[3]/form/button
[2021-03-17 10:10:41]cl_getDriver.py(72): Open NewTab->https://kabuoji3.com/stock/8113/1987/
[2021-03-17 10:10:42]cl_getDriver.py(127): click_Success->//*[@id="base_box"]/div/div[3]/form/button
[2021-03-17 10:10:42]cl_getDriver.py(127): click_Success->//*[@id="base_box"]/div/div[3]/form/button
[2021-03-17 10:10:43]cl_getDriver.py(72): Open NewTab->https://kabuoji3.com/stock/8114/1986/
[2021-03-17 10:10:44]cl_getDriver.py(127): click_Success->//*[@id="base_box"]/div/div[3]/form/button
[2021-03-17 10:10:45]cl_getDriver.py(127): click_Success->//*[@id="base_box"]/div/div[3]/form/button
[2021-03-17 10:10:45]cl_getDriver.py(72): Open NewTab->https://kabuoji3.com/stock/8113/1986/
[2021-03-17 10:10:46]cl_getDriver.py(127): click_Success->//*[@id="base_box"]/div/div[3]/form/button
[2021-03-17 10:10:46]cl_getDriver.py(127): click_Success->//*[@id="base_box"]/div/div[3]/form/button
[2021-03-17 10:10:47]cl_getDriver.py(72): Open NewTab->https://kabuoji3.com/stock/8114/1985/
[2021-03-17 10:10:48]cl_getDriver.py(127): click_Success->//*[@id="base_box"]/div/div[3]/form/button
[2021-03-17 10:10:49]cl_getDriver.py(127): click_Success->//*[@id="base_box"]/div/div[3]/form/button
[2021-03-17 10:10:49]cl_getDriver.py(72): Open NewTab->https://kabuoji3.com/stock/8113/1985/
[2021-03-17 10:10:50]cl_getDriver.py(127): click_Success->//*[@id="base_box"]/div/div[3]/form/button
[2021-03-17 10:10:50]cl_getDriver.py(72): Open NewTab->https://kabuoji3.com/stock/8114/1984/
[2021-03-17 10:10:51]cl_getDriver.py(127): click_Success->//*[@id="base_box"]/div/div[3]/form/button
[2021-03-17 10:10:52]cl_getDriver.py(127): click_Success->//*[@id="base_box"]/div/div[3]/form/button
[2021-03-17 10:10:53]cl_getDriver.py(127): click_Success->//*[@id="base_box"]/div/div[3]/form/button
[2021-03-17 10:10:53]cl_getDriver.py(72): Open NewTab->https://kabuoji3.com/stock/8113/1984/
[2021-03-17 10:10:54]cl_getDriver.py(127): click_Success->//*[@id="base_box"]/div/div[3]/form/button
[2021-03-17 10:10:54]cl_getDriver.py(72): Open NewTab->https://kabuoji3.com/stock/8114/1983/
[2021-03-17 10:10:55]cl_getDriver.py(127): click_Success->//*[@id="base_box"]/div/div[3]/form/button
[2021-03-17 10:10:56]cl_getDriver.py(127): click_Success->//*[@id="base_box"]/div/div[3]/form/button
[2021-03-17 10:10:57]cl_getDriver.py(127): click_Success->//*[@id="base_box"]/div/div[3]/form/button
[2021-03-17 10:10:58]cl_getDriver.py(72): Open NewTab->https://kabuoji3.com/stock/8113/1983/
[2021-03-17 10:10:58]cl_getDriver.py(127): click_Success->//*[@id="base_box"]/div/div[3]/form/button
[2021-03-17 10:10:59]cl_getDriver.py(127): click_Success->//*[@id="base_box"]/div/div[3]/form/button
[2021-03-17 10:11:01]cl_getDriver.py(127): click_Success->//*[@id="base_box"]/div/div[3]/form/button
[2021-03-17 10:11:02]main.py(42): finished Process->https://kabuoji3.com/stock/8114/
[2021-03-17 10:11:02]main.py(15): start_Process->https://kabuoji3.com/stock/8118/
[2021-03-17 10:11:05]main.py(42): finished Process->https://kabuoji3.com/stock/8113/
[2021-03-17 10:11:05]main.py(15): start_Process->https://kabuoji3.com/stock/8127/
[2021-03-17 10:11:09]cl_getDriver.py(64): getURL=https://kabuoji3.com/stock/8118/
[2021-03-17 10:11:09]cl_getDriver.py(72): Open NewTab->https://kabuoji3.com/stock/8118/
[2021-03-17 10:11:10]cl_getDriver.py(130): Not Found->//*[@id="base_box"]/div/div[3]/form/button
[2021-03-17 10:11:11]cl_getDriver.py(64): getURL=https://kabuoji3.com/stock/8127/
[2021-03-17 10:11:11]cl_getDriver.py(72): Open NewTab->https://kabuoji3.com/stock/8127/
[2021-03-17 10:11:12]cl_getDriver.py(130): Not Found->//*[@id="base_box"]/div/div[3]/form/button
[2021-03-17 10:11:12]cl_getDriver.py(130): Not Found->//*[@id="base_box"]/div/div[3]/form/button
[2021-03-17 10:11:12]cl_getDriver.py(72): Open NewTab->https://kabuoji3.com/stock/8118/2021/
[2021-03-17 10:11:13]cl_getDriver.py(127): click_Success->//*[@id="base_box"]/div/div[3]/form/button
[2021-03-17 10:11:14]cl_getDriver.py(130): Not Found->//*[@id="base_box"]/div/div[3]/form/button
[2021-03-17 10:11:14]cl_getDriver.py(72): Open NewTab->https://kabuoji3.com/stock/8127/2021/
[2021-03-17 10:11:15]cl_getDriver.py(127): click_Success->//*[@id="base_box"]/div/div[3]/form/button
[2021-03-17 10:11:16]cl_getDriver.py(127): click_Success->//*[@id="base_box"]/div/div[3]/form/button
[2021-03-17 10:11:16]cl_getDriver.py(72): Open NewTab->https://kabuoji3.com/stock/8118/2020/
[2021-03-17 10:11:17]cl_getDriver.py(127): click_Success->//*[@id="base_box"]/div/div[3]/form/button
[2021-03-17 10:11:17]cl_getDriver.py(127): click_Success->//*[@id="base_box"]/div/div[3]/form/button
[2021-03-17 10:11:17]cl_getDriver.py(72): Open NewTab->https://kabuoji3.com/stock/8127/2020/
[2021-03-17 10:11:19]cl_getDriver.py(127): click_Success->//*[@id="base_box"]/div/div[3]/form/button
[2021-03-17 10:11:20]cl_getDriver.py(127): click_Success->//*[@id="base_box"]/div/div[3]/form/button
[2021-03-17 10:11:20]cl_getDriver.py(72): Open NewTab->https://kabuoji3.com/stock/8118/2019/
[2021-03-17 10:11:21]cl_getDriver.py(127): click_Success->//*[@id="base_box"]/div/div[3]/form/button
[2021-03-17 10:11:21]cl_getDriver.py(72): Open NewTab->https://kabuoji3.com/stock/8127/2019/
[2021-03-17 10:11:22]cl_getDriver.py(127): click_Success->//*[@id="base_box"]/div/div[3]/form/button
[2021-03-17 10:11:23]cl_getDriver.py(127): click_Success->//*[@id="base_box"]/div/div[3]/form/button
[2021-03-17 10:11:25]cl_getDriver.py(127): click_Success->//*[@id="base_box"]/div/div[3]/form/button
[2021-03-17 10:11:25]cl_getDriver.py(127): click_Success->//*[@id="base_box"]/div/div[3]/form/button
[2021-03-17 10:11:25]cl_getDriver.py(72): Open NewTab->https://kabuoji3.com/stock/8118/2018/
[2021-03-17 10:11:26]cl_getDriver.py(72): Open NewTab->https://kabuoji3.com/stock/8127/2018/
[2021-03-17 10:11:27]cl_getDriver.py(127): click_Success->//*[@id="base_box"]/div/div[3]/form/button
[2021-03-17 10:11:27]cl_getDriver.py(127): click_Success->//*[@id="base_box"]/div/div[3]/form/button
[2021-03-17 10:11:29]cl_getDriver.py(127): click_Success->//*[@id="base_box"]/div/div[3]/form/button
[2021-03-17 10:11:29]cl_getDriver.py(127): click_Success->//*[@id="base_box"]/div/div[3]/form/button
[2021-03-17 10:11:30]cl_getDriver.py(72): Open NewTab->https://kabuoji3.com/stock/8127/2017/
[2021-03-17 10:11:30]cl_getDriver.py(72): Open NewTab->https://kabuoji3.com/stock/8118/2017/
[2021-03-17 10:11:31]cl_getDriver.py(127): click_Success->//*[@id="base_box"]/div/div[3]/form/button
[2021-03-17 10:11:32]cl_getDriver.py(127): click_Success->//*[@id="base_box"]/div/div[3]/form/button
[2021-03-17 10:11:34]cl_getDriver.py(127): click_Success->//*[@id="base_box"]/div/div[3]/form/button
[2021-03-17 10:11:34]cl_getDriver.py(127): click_Success->//*[@id="base_box"]/div/div[3]/form/button
[2021-03-17 10:11:34]cl_getDriver.py(72): Open NewTab->https://kabuoji3.com/stock/8118/2016/
[2021-03-17 10:11:34]cl_getDriver.py(72): Open NewTab->https://kabuoji3.com/stock/8127/2016/
[2021-03-17 10:11:36]cl_getDriver.py(127): click_Success->//*[@id="base_box"]/div/div[3]/form/button
[2021-03-17 10:11:36]cl_getDriver.py(127): click_Success->//*[@id="base_box"]/div/div[3]/form/button
[2021-03-17 10:11:38]cl_getDriver.py(127): click_Success->//*[@id="base_box"]/div/div[3]/form/button
[2021-03-17 10:11:38]cl_getDriver.py(127): click_Success->//*[@id="base_box"]/div/div[3]/form/button
[2021-03-17 10:11:39]cl_getDriver.py(72): Open NewTab->https://kabuoji3.com/stock/8127/2015/
[2021-03-17 10:11:39]cl_getDriver.py(72): Open NewTab->https://kabuoji3.com/stock/8118/2015/
[2021-03-17 10:11:40]cl_getDriver.py(127): click_Success->//*[@id="base_box"]/div/div[3]/form/button
[2021-03-17 10:11:40]cl_getDriver.py(127): click_Success->//*[@id="base_box"]/div/div[3]/form/button
[2021-03-17 10:11:43]cl_getDriver.py(127): click_Success->//*[@id="base_box"]/div/div[3]/form/button
[2021-03-17 10:11:43]cl_getDriver.py(127): click_Success->//*[@id="base_box"]/div/div[3]/form/button
[2021-03-17 10:11:43]cl_getDriver.py(72): Open NewTab->https://kabuoji3.com/stock/8118/2014/
[2021-03-17 10:11:43]cl_getDriver.py(72): Open NewTab->https://kabuoji3.com/stock/8127/2014/
[2021-03-17 10:11:45]cl_getDriver.py(127): click_Success->//*[@id="base_box"]/div/div[3]/form/button
[2021-03-17 10:11:45]cl_getDriver.py(127): click_Success->//*[@id="base_box"]/div/div[3]/form/button
[2021-03-17 10:11:47]cl_getDriver.py(127): click_Success->//*[@id="base_box"]/div/div[3]/form/button
[2021-03-17 10:11:47]cl_getDriver.py(127): click_Success->//*[@id="base_box"]/div/div[3]/form/button
[2021-03-17 10:11:48]cl_getDriver.py(72): Open NewTab->https://kabuoji3.com/stock/8127/2013/
[2021-03-17 10:11:48]cl_getDriver.py(72): Open NewTab->https://kabuoji3.com/stock/8118/2013/
[2021-03-17 10:11:49]cl_getDriver.py(127): click_Success->//*[@id="base_box"]/div/div[3]/form/button
[2021-03-17 10:11:49]cl_getDriver.py(127): click_Success->//*[@id="base_box"]/div/div[3]/form/button
[2021-03-17 10:11:51]cl_getDriver.py(127): click_Success->//*[@id="base_box"]/div/div[3]/form/button
[2021-03-17 10:11:52]cl_getDriver.py(127): click_Success->//*[@id="base_box"]/div/div[3]/form/button
[2021-03-17 10:11:52]cl_getDriver.py(72): Open NewTab->https://kabuoji3.com/stock/8127/2012/
[2021-03-17 10:11:52]cl_getDriver.py(72): Open NewTab->https://kabuoji3.com/stock/8118/2012/
[2021-03-17 10:11:54]cl_getDriver.py(127): click_Success->//*[@id="base_box"]/div/div[3]/form/button
[2021-03-17 10:11:54]cl_getDriver.py(127): click_Success->//*[@id="base_box"]/div/div[3]/form/button
[2021-03-17 10:11:56]cl_getDriver.py(127): click_Success->//*[@id="base_box"]/div/div[3]/form/button
[2021-03-17 10:11:57]cl_getDriver.py(72): Open NewTab->https://kabuoji3.com/stock/8118/2011/
[2021-03-17 10:11:57]cl_getDriver.py(127): click_Success->//*[@id="base_box"]/div/div[3]/form/button
[2021-03-17 10:11:57]cl_getDriver.py(72): Open NewTab->https://kabuoji3.com/stock/8127/2011/
[2021-03-17 10:11:58]cl_getDriver.py(127): click_Success->//*[@id="base_box"]/div/div[3]/form/button
[2021-03-17 10:11:58]cl_getDriver.py(127): click_Success->//*[@id="base_box"]/div/div[3]/form/button
[2021-03-17 10:12:00]cl_getDriver.py(127): click_Success->//*[@id="base_box"]/div/div[3]/form/button
[2021-03-17 10:12:01]cl_getDriver.py(72): Open NewTab->https://kabuoji3.com/stock/8118/2010/
[2021-03-17 10:12:01]cl_getDriver.py(127): click_Success->//*[@id="base_box"]/div/div[3]/form/button
[2021-03-17 10:12:01]cl_getDriver.py(72): Open NewTab->https://kabuoji3.com/stock/8127/2010/
[2021-03-17 10:12:02]cl_getDriver.py(127): click_Success->//*[@id="base_box"]/div/div[3]/form/button
[2021-03-17 10:12:03]cl_getDriver.py(127): click_Success->//*[@id="base_box"]/div/div[3]/form/button
[2021-03-17 10:12:04]cl_getDriver.py(127): click_Success->//*[@id="base_box"]/div/div[3]/form/button
[2021-03-17 10:12:05]cl_getDriver.py(72): Open NewTab->https://kabuoji3.com/stock/8118/2009/
[2021-03-17 10:12:05]cl_getDriver.py(127): click_Success->//*[@id="base_box"]/div/div[3]/form/button
[2021-03-17 10:12:06]cl_getDriver.py(72): Open NewTab->https://kabuoji3.com/stock/8127/2009/
[2021-03-17 10:12:07]cl_getDriver.py(127): click_Success->//*[@id="base_box"]/div/div[3]/form/button
[2021-03-17 10:12:07]cl_getDriver.py(127): click_Success->//*[@id="base_box"]/div/div[3]/form/button
[2021-03-17 10:12:09]cl_getDriver.py(127): click_Success->//*[@id="base_box"]/div/div[3]/form/button
[2021-03-17 10:12:10]cl_getDriver.py(72): Open NewTab->https://kabuoji3.com/stock/8127/2008/
[2021-03-17 10:12:10]cl_getDriver.py(127): click_Success->//*[@id="base_box"]/div/div[3]/form/button
[2021-03-17 10:12:10]cl_getDriver.py(72): Open NewTab->https://kabuoji3.com/stock/8118/2008/
[2021-03-17 10:12:11]cl_getDriver.py(127): click_Success->//*[@id="base_box"]/div/div[3]/form/button
[2021-03-17 10:12:12]cl_getDriver.py(127): click_Success->//*[@id="base_box"]/div/div[3]/form/button
[2021-03-17 10:12:14]cl_getDriver.py(127): click_Success->//*[@id="base_box"]/div/div[3]/form/button
[2021-03-17 10:12:14]cl_getDriver.py(127): click_Success->//*[@id="base_box"]/div/div[3]/form/button
[2021-03-17 10:12:14]cl_getDriver.py(72): Open NewTab->https://kabuoji3.com/stock/8127/2007/
[2021-03-17 10:12:14]cl_getDriver.py(72): Open NewTab->https://kabuoji3.com/stock/8118/2007/
[2021-03-17 10:12:15]cl_getDriver.py(127): click_Success->//*[@id="base_box"]/div/div[3]/form/button
[2021-03-17 10:12:16]cl_getDriver.py(127): click_Success->//*[@id="base_box"]/div/div[3]/form/button
[2021-03-17 10:12:18]cl_getDriver.py(127): click_Success->//*[@id="base_box"]/div/div[3]/form/button
[2021-03-17 10:12:18]cl_getDriver.py(72): Open NewTab->https://kabuoji3.com/stock/8127/2006/
[2021-03-17 10:12:18]cl_getDriver.py(127): click_Success->//*[@id="base_box"]/div/div[3]/form/button
[2021-03-17 10:12:19]cl_getDriver.py(72): Open NewTab->https://kabuoji3.com/stock/8118/2006/
[2021-03-17 10:12:19]cl_getDriver.py(127): click_Success->//*[@id="base_box"]/div/div[3]/form/button
[2021-03-17 10:12:20]cl_getDriver.py(127): click_Success->//*[@id="base_box"]/div/div[3]/form/button
[2021-03-17 10:12:22]cl_getDriver.py(127): click_Success->//*[@id="base_box"]/div/div[3]/form/button
[2021-03-17 10:12:23]cl_getDriver.py(127): click_Success->//*[@id="base_box"]/div/div[3]/form/button
[2021-03-17 10:12:23]cl_getDriver.py(72): Open NewTab->https://kabuoji3.com/stock/8118/2005/
[2021-03-17 10:12:24]cl_getDriver.py(127): click_Success->//*[@id="base_box"]/div/div[3]/form/button
[2021-03-17 10:12:26]main.py(42): finished Process->https://kabuoji3.com/stock/8127/
[2021-03-17 10:12:26]main.py(15): start_Process->https://kabuoji3.com/stock/8143/
[2021-03-17 10:12:27]cl_getDriver.py(127): click_Success->//*[@id="base_box"]/div/div[3]/form/button
[2021-03-17 10:12:27]cl_getDriver.py(72): Open NewTab->https://kabuoji3.com/stock/8118/2004/
[2021-03-17 10:12:28]cl_getDriver.py(127): click_Success->//*[@id="base_box"]/div/div[3]/form/button
[2021-03-17 10:12:30]cl_getDriver.py(127): click_Success->//*[@id="base_box"]/div/div[3]/form/button
[2021-03-17 10:12:31]cl_getDriver.py(72): Open NewTab->https://kabuoji3.com/stock/8118/2003/
[2021-03-17 10:12:33]cl_getDriver.py(127): click_Success->//*[@id="base_box"]/div/div[3]/form/button
[2021-03-17 10:12:33]cl_getDriver.py(64): getURL=https://kabuoji3.com/stock/8143/
[2021-03-17 10:12:34]cl_getDriver.py(72): Open NewTab->https://kabuoji3.com/stock/8143/
[2021-03-17 10:12:35]cl_getDriver.py(127): click_Success->//*[@id="base_box"]/div/div[3]/form/button
[2021-03-17 10:12:35]cl_getDriver.py(130): Not Found->//*[@id="base_box"]/div/div[3]/form/button
[2021-03-17 10:12:35]cl_getDriver.py(72): Open NewTab->https://kabuoji3.com/stock/8118/2002/
[2021-03-17 10:12:36]cl_getDriver.py(127): click_Success->//*[@id="base_box"]/div/div[3]/form/button
[2021-03-17 10:12:37]cl_getDriver.py(130): Not Found->//*[@id="base_box"]/div/div[3]/form/button
[2021-03-17 10:12:37]cl_getDriver.py(72): Open NewTab->https://kabuoji3.com/stock/8143/2021/
[2021-03-17 10:12:38]cl_getDriver.py(127): click_Success->//*[@id="base_box"]/div/div[3]/form/button
[2021-03-17 10:12:39]cl_getDriver.py(127): click_Success->//*[@id="base_box"]/div/div[3]/form/button
[2021-03-17 10:12:39]cl_getDriver.py(72): Open NewTab->https://kabuoji3.com/stock/8118/2001/
[2021-03-17 10:12:40]cl_getDriver.py(127): click_Success->//*[@id="base_box"]/div/div[3]/form/button
[2021-03-17 10:12:41]cl_getDriver.py(127): click_Success->//*[@id="base_box"]/div/div[3]/form/button
[2021-03-17 10:12:41]cl_getDriver.py(72): Open NewTab->https://kabuoji3.com/stock/8143/2020/
[2021-03-17 10:12:42]cl_getDriver.py(127): click_Success->//*[@id="base_box"]/div/div[3]/form/button
[2021-03-17 10:12:43]cl_getDriver.py(127): click_Success->//*[@id="base_box"]/div/div[3]/form/button
[2021-03-17 10:12:43]cl_getDriver.py(72): Open NewTab->https://kabuoji3.com/stock/8118/2000/
[2021-03-17 10:12:44]cl_getDriver.py(127): click_Success->//*[@id="base_box"]/div/div[3]/form/button
[2021-03-17 10:12:45]cl_getDriver.py(127): click_Success->//*[@id="base_box"]/div/div[3]/form/button
[2021-03-17 10:12:45]cl_getDriver.py(72): Open NewTab->https://kabuoji3.com/stock/8143/2019/
[2021-03-17 10:12:46]cl_getDriver.py(127): click_Success->//*[@id="base_box"]/div/div[3]/form/button
[2021-03-17 10:12:46]cl_getDriver.py(127): click_Success->//*[@id="base_box"]/div/div[3]/form/button
[2021-03-17 10:12:47]cl_getDriver.py(72): Open NewTab->https://kabuoji3.com/stock/8118/1999/
[2021-03-17 10:12:48]cl_getDriver.py(127): click_Success->//*[@id="base_box"]/div/div[3]/form/button
[2021-03-17 10:12:48]cl_getDriver.py(127): click_Success->//*[@id="base_box"]/div/div[3]/form/button
[2021-03-17 10:12:49]cl_getDriver.py(72): Open NewTab->https://kabuoji3.com/stock/8143/2018/
[2021-03-17 10:12:50]cl_getDriver.py(127): click_Success->//*[@id="base_box"]/div/div[3]/form/button
[2021-03-17 10:12:50]cl_getDriver.py(127): click_Success->//*[@id="base_box"]/div/div[3]/form/button
[2021-03-17 10:12:50]cl_getDriver.py(72): Open NewTab->https://kabuoji3.com/stock/8118/1998/
[2021-03-17 10:12:51]cl_getDriver.py(127): click_Success->//*[@id="base_box"]/div/div[3]/form/button
[2021-03-17 10:12:52]cl_getDriver.py(127): click_Success->//*[@id="base_box"]/div/div[3]/form/button
[2021-03-17 10:12:52]cl_getDriver.py(72): Open NewTab->https://kabuoji3.com/stock/8143/2017/
[2021-03-17 10:12:54]cl_getDriver.py(127): click_Success->//*[@id="base_box"]/div/div[3]/form/button
[2021-03-17 10:12:54]cl_getDriver.py(127): click_Success->//*[@id="base_box"]/div/div[3]/form/button
[2021-03-17 10:12:54]cl_getDriver.py(72): Open NewTab->https://kabuoji3.com/stock/8118/1997/
[2021-03-17 10:12:55]cl_getDriver.py(127): click_Success->//*[@id="base_box"]/div/div[3]/form/button
[2021-03-17 10:12:56]cl_getDriver.py(127): click_Success->//*[@id="base_box"]/div/div[3]/form/button
[2021-03-17 10:12:56]cl_getDriver.py(72): Open NewTab->https://kabuoji3.com/stock/8143/2016/
[2021-03-17 10:12:57]cl_getDriver.py(127): click_Success->//*[@id="base_box"]/div/div[3]/form/button
[2021-03-17 10:12:58]cl_getDriver.py(127): click_Success->//*[@id="base_box"]/div/div[3]/form/button
[2021-03-17 10:12:58]cl_getDriver.py(72): Open NewTab->https://kabuoji3.com/stock/8118/1996/
[2021-03-17 10:12:59]cl_getDriver.py(127): click_Success->//*[@id="base_box"]/div/div[3]/form/button
[2021-03-17 10:13:00]cl_getDriver.py(127): click_Success->//*[@id="base_box"]/div/div[3]/form/button
[2021-03-17 10:13:01]cl_getDriver.py(72): Open NewTab->https://kabuoji3.com/stock/8143/2015/
[2021-03-17 10:13:01]cl_getDriver.py(127): click_Success->//*[@id="base_box"]/div/div[3]/form/button
[2021-03-17 10:13:02]cl_getDriver.py(127): click_Success->//*[@id="base_box"]/div/div[3]/form/button
[2021-03-17 10:13:02]cl_getDriver.py(72): Open NewTab->https://kabuoji3.com/stock/8118/1995/
[2021-03-17 10:13:03]cl_getDriver.py(127): click_Success->//*[@id="base_box"]/div/div[3]/form/button
[2021-03-17 10:13:04]cl_getDriver.py(127): click_Success->//*[@id="base_box"]/div/div[3]/form/button
[2021-03-17 10:13:05]cl_getDriver.py(72): Open NewTab->https://kabuoji3.com/stock/8143/2014/
[2021-03-17 10:13:05]cl_getDriver.py(127): click_Success->//*[@id="base_box"]/div/div[3]/form/button
[2021-03-17 10:13:06]cl_getDriver.py(72): Open NewTab->https://kabuoji3.com/stock/8118/1994/
[2021-03-17 10:13:06]cl_getDriver.py(127): click_Success->//*[@id="base_box"]/div/div[3]/form/button
[2021-03-17 10:13:07]cl_getDriver.py(127): click_Success->//*[@id="base_box"]/div/div[3]/form/button
[2021-03-17 10:13:09]cl_getDriver.py(127): click_Success->//*[@id="base_box"]/div/div[3]/form/button
[2021-03-17 10:13:09]cl_getDriver.py(72): Open NewTab->https://kabuoji3.com/stock/8143/2013/
[2021-03-17 10:13:09]cl_getDriver.py(127): click_Success->//*[@id="base_box"]/div/div[3]/form/button
[2021-03-17 10:13:10]cl_getDriver.py(72): Open NewTab->https://kabuoji3.com/stock/8118/1993/
[2021-03-17 10:13:10]cl_getDriver.py(127): click_Success->//*[@id="base_box"]/div/div[3]/form/button
[2021-03-17 10:13:11]cl_getDriver.py(127): click_Success->//*[@id="base_box"]/div/div[3]/form/button
[2021-03-17 10:13:13]cl_getDriver.py(127): click_Success->//*[@id="base_box"]/div/div[3]/form/button
[2021-03-17 10:13:13]cl_getDriver.py(72): Open NewTab->https://kabuoji3.com/stock/8143/2012/
[2021-03-17 10:13:13]cl_getDriver.py(127): click_Success->//*[@id="base_box"]/div/div[3]/form/button
[2021-03-17 10:13:14]cl_getDriver.py(72): Open NewTab->https://kabuoji3.com/stock/8118/1992/
[2021-03-17 10:13:15]cl_getDriver.py(127): click_Success->//*[@id="base_box"]/div/div[3]/form/button
[2021-03-17 10:13:15]cl_getDriver.py(127): click_Success->//*[@id="base_box"]/div/div[3]/form/button
[2021-03-17 10:13:17]cl_getDriver.py(127): click_Success->//*[@id="base_box"]/div/div[3]/form/button
[2021-03-17 10:13:17]cl_getDriver.py(72): Open NewTab->https://kabuoji3.com/stock/8143/2011/
[2021-03-17 10:13:18]cl_getDriver.py(127): click_Success->//*[@id="base_box"]/div/div[3]/form/button
[2021-03-17 10:13:18]cl_getDriver.py(72): Open NewTab->https://kabuoji3.com/stock/8118/1991/
[2021-03-17 10:13:19]cl_getDriver.py(127): click_Success->//*[@id="base_box"]/div/div[3]/form/button
[2021-03-17 10:13:19]cl_getDriver.py(127): click_Success->//*[@id="base_box"]/div/div[3]/form/button
[2021-03-17 10:13:21]cl_getDriver.py(127): click_Success->//*[@id="base_box"]/div/div[3]/form/button
[2021-03-17 10:13:21]cl_getDriver.py(72): Open NewTab->https://kabuoji3.com/stock/8143/2010/
[2021-03-17 10:13:22]cl_getDriver.py(127): click_Success->//*[@id="base_box"]/div/div[3]/form/button
[2021-03-17 10:13:22]cl_getDriver.py(72): Open NewTab->https://kabuoji3.com/stock/8118/1990/
[2021-03-17 10:13:23]cl_getDriver.py(127): click_Success->//*[@id="base_box"]/div/div[3]/form/button
[2021-03-17 10:13:23]cl_getDriver.py(127): click_Success->//*[@id="base_box"]/div/div[3]/form/button
[2021-03-17 10:13:25]cl_getDriver.py(127): click_Success->//*[@id="base_box"]/div/div[3]/form/button
[2021-03-17 10:13:25]cl_getDriver.py(72): Open NewTab->https://kabuoji3.com/stock/8143/2009/
[2021-03-17 10:13:26]cl_getDriver.py(127): click_Success->//*[@id="base_box"]/div/div[3]/form/button
[2021-03-17 10:13:26]cl_getDriver.py(72): Open NewTab->https://kabuoji3.com/stock/8118/1989/
[2021-03-17 10:13:27]cl_getDriver.py(127): click_Success->//*[@id="base_box"]/div/div[3]/form/button
[2021-03-17 10:13:27]cl_getDriver.py(127): click_Success->//*[@id="base_box"]/div/div[3]/form/button
[2021-03-17 10:13:29]cl_getDriver.py(127): click_Success->//*[@id="base_box"]/div/div[3]/form/button
[2021-03-17 10:13:29]cl_getDriver.py(72): Open NewTab->https://kabuoji3.com/stock/8143/2008/
[2021-03-17 10:13:30]cl_getDriver.py(127): click_Success->//*[@id="base_box"]/div/div[3]/form/button
[2021-03-17 10:13:30]cl_getDriver.py(72): Open NewTab->https://kabuoji3.com/stock/8118/1988/
[2021-03-17 10:13:31]cl_getDriver.py(127): click_Success->//*[@id="base_box"]/div/div[3]/form/button
[2021-03-17 10:13:32]cl_getDriver.py(127): click_Success->//*[@id="base_box"]/div/div[3]/form/button
[2021-03-17 10:13:33]cl_getDriver.py(127): click_Success->//*[@id="base_box"]/div/div[3]/form/button
[2021-03-17 10:13:33]cl_getDriver.py(72): Open NewTab->https://kabuoji3.com/stock/8143/2007/
[2021-03-17 10:13:34]cl_getDriver.py(127): click_Success->//*[@id="base_box"]/div/div[3]/form/button
[2021-03-17 10:13:35]cl_getDriver.py(127): click_Success->//*[@id="base_box"]/div/div[3]/form/button
[2021-03-17 10:13:35]cl_getDriver.py(72): Open NewTab->https://kabuoji3.com/stock/8118/1987/
[2021-03-17 10:13:36]cl_getDriver.py(127): click_Success->//*[@id="base_box"]/div/div[3]/form/button
[2021-03-17 10:13:37]cl_getDriver.py(127): click_Success->//*[@id="base_box"]/div/div[3]/form/button
[2021-03-17 10:13:37]cl_getDriver.py(72): Open NewTab->https://kabuoji3.com/stock/8143/2006/
[2021-03-17 10:13:38]cl_getDriver.py(127): click_Success->//*[@id="base_box"]/div/div[3]/form/button
[2021-03-17 10:13:38]cl_getDriver.py(127): click_Success->//*[@id="base_box"]/div/div[3]/form/button
[2021-03-17 10:13:39]cl_getDriver.py(72): Open NewTab->https://kabuoji3.com/stock/8118/1986/
[2021-03-17 10:13:40]cl_getDriver.py(127): click_Success->//*[@id="base_box"]/div/div[3]/form/button
[2021-03-17 10:13:40]cl_getDriver.py(127): click_Success->//*[@id="base_box"]/div/div[3]/form/button
[2021-03-17 10:13:41]cl_getDriver.py(72): Open NewTab->https://kabuoji3.com/stock/8143/2005/
[2021-03-17 10:13:42]cl_getDriver.py(127): click_Success->//*[@id="base_box"]/div/div[3]/form/button
[2021-03-17 10:13:42]cl_getDriver.py(127): click_Success->//*[@id="base_box"]/div/div[3]/form/button
[2021-03-17 10:13:43]cl_getDriver.py(72): Open NewTab->https://kabuoji3.com/stock/8118/1985/
[2021-03-17 10:13:44]cl_getDriver.py(127): click_Success->//*[@id="base_box"]/div/div[3]/form/button
[2021-03-17 10:13:45]cl_getDriver.py(127): click_Success->//*[@id="base_box"]/div/div[3]/form/button
[2021-03-17 10:13:45]cl_getDriver.py(72): Open NewTab->https://kabuoji3.com/stock/8143/2004/
[2021-03-17 10:13:46]cl_getDriver.py(127): click_Success->//*[@id="base_box"]/div/div[3]/form/button
[2021-03-17 10:13:47]cl_getDriver.py(127): click_Success->//*[@id="base_box"]/div/div[3]/form/button
[2021-03-17 10:13:47]cl_getDriver.py(72): Open NewTab->https://kabuoji3.com/stock/8118/1984/
[2021-03-17 10:13:49]cl_getDriver.py(127): click_Success->//*[@id="base_box"]/div/div[3]/form/button
[2021-03-17 10:13:49]cl_getDriver.py(72): Open NewTab->https://kabuoji3.com/stock/8143/2003/
[2021-03-17 10:13:49]cl_getDriver.py(127): click_Success->//*[@id="base_box"]/div/div[3]/form/button
[2021-03-17 10:13:50]cl_getDriver.py(127): click_Success->//*[@id="base_box"]/div/div[3]/form/button
[2021-03-17 10:13:52]cl_getDriver.py(127): click_Success->//*[@id="base_box"]/div/div[3]/form/button
[2021-03-17 10:13:52]cl_getDriver.py(72): Open NewTab->https://kabuoji3.com/stock/8118/1983/
[2021-03-17 10:13:53]cl_getDriver.py(127): click_Success->//*[@id="base_box"]/div/div[3]/form/button
[2021-03-17 10:13:53]cl_getDriver.py(72): Open NewTab->https://kabuoji3.com/stock/8143/2002/
[2021-03-17 10:13:54]cl_getDriver.py(127): click_Success->//*[@id="base_box"]/div/div[3]/form/button
[2021-03-17 10:13:54]cl_getDriver.py(127): click_Success->//*[@id="base_box"]/div/div[3]/form/button
[2021-03-17 10:13:56]cl_getDriver.py(127): click_Success->//*[@id="base_box"]/div/div[3]/form/button
[2021-03-17 10:13:57]cl_getDriver.py(127): click_Success->//*[@id="base_box"]/div/div[3]/form/button
[2021-03-17 10:13:57]cl_getDriver.py(72): Open NewTab->https://kabuoji3.com/stock/8143/2001/
[2021-03-17 10:13:58]cl_getDriver.py(127): click_Success->//*[@id="base_box"]/div/div[3]/form/button
[2021-03-17 10:14:00]main.py(42): finished Process->https://kabuoji3.com/stock/8118/
[2021-03-17 10:14:00]main.py(15): start_Process->https://kabuoji3.com/stock/9385/
[2021-03-17 10:14:00]cl_getDriver.py(127): click_Success->//*[@id="base_box"]/div/div[3]/form/button
[2021-03-17 10:14:01]cl_getDriver.py(72): Open NewTab->https://kabuoji3.com/stock/8143/2000/
[2021-03-17 10:14:02]cl_getDriver.py(127): click_Success->//*[@id="base_box"]/div/div[3]/form/button
[2021-03-17 10:14:04]cl_getDriver.py(127): click_Success->//*[@id="base_box"]/div/div[3]/form/button
[2021-03-17 10:14:05]cl_getDriver.py(72): Open NewTab->https://kabuoji3.com/stock/8143/1999/
[2021-03-17 10:14:06]cl_getDriver.py(127): click_Success->//*[@id="base_box"]/div/div[3]/form/button
[2021-03-17 10:14:06]cl_getDriver.py(64): getURL=https://kabuoji3.com/stock/9385/
[2021-03-17 10:14:07]cl_getDriver.py(72): Open NewTab->https://kabuoji3.com/stock/9385/
[2021-03-17 10:14:07]cl_getDriver.py(130): Not Found->//*[@id="base_box"]/div/div[3]/form/button
[2021-03-17 10:14:08]cl_getDriver.py(127): click_Success->//*[@id="base_box"]/div/div[3]/form/button
[2021-03-17 10:14:09]cl_getDriver.py(72): Open NewTab->https://kabuoji3.com/stock/8143/1998/
[2021-03-17 10:14:09]cl_getDriver.py(130): Not Found->//*[@id="base_box"]/div/div[3]/form/button
[2021-03-17 10:14:10]cl_getDriver.py(72): Open NewTab->https://kabuoji3.com/stock/9385/2021/
[2021-03-17 10:14:10]cl_getDriver.py(127): click_Success->//*[@id="base_box"]/div/div[3]/form/button
[2021-03-17 10:14:11]cl_getDriver.py(127): click_Success->//*[@id="base_box"]/div/div[3]/form/button
[2021-03-17 10:14:12]cl_getDriver.py(127): click_Success->//*[@id="base_box"]/div/div[3]/form/button
[2021-03-17 10:14:13]cl_getDriver.py(72): Open NewTab->https://kabuoji3.com/stock/8143/1997/
[2021-03-17 10:14:13]cl_getDriver.py(127): click_Success->//*[@id="base_box"]/div/div[3]/form/button
[2021-03-17 10:14:14]cl_getDriver.py(72): Open NewTab->https://kabuoji3.com/stock/9385/2020/
[2021-03-17 10:14:14]cl_getDriver.py(127): click_Success->//*[@id="base_box"]/div/div[3]/form/button
[2021-03-17 10:14:15]cl_getDriver.py(127): click_Success->//*[@id="base_box"]/div/div[3]/form/button
[2021-03-17 10:14:16]cl_getDriver.py(127): click_Success->//*[@id="base_box"]/div/div[3]/form/button
[2021-03-17 10:14:17]cl_getDriver.py(72): Open NewTab->https://kabuoji3.com/stock/8143/1996/
[2021-03-17 10:14:17]cl_getDriver.py(127): click_Success->//*[@id="base_box"]/div/div[3]/form/button
[2021-03-17 10:14:18]cl_getDriver.py(72): Open NewTab->https://kabuoji3.com/stock/9385/2019/
[2021-03-17 10:14:18]cl_getDriver.py(127): click_Success->//*[@id="base_box"]/div/div[3]/form/button
[2021-03-17 10:14:19]cl_getDriver.py(127): click_Success->//*[@id="base_box"]/div/div[3]/form/button
[2021-03-17 10:14:21]cl_getDriver.py(127): click_Success->//*[@id="base_box"]/div/div[3]/form/button
[2021-03-17 10:14:21]cl_getDriver.py(72): Open NewTab->https://kabuoji3.com/stock/8143/1995/
[2021-03-17 10:14:21]cl_getDriver.py(127): click_Success->//*[@id="base_box"]/div/div[3]/form/button
[2021-03-17 10:14:22]cl_getDriver.py(72): Open NewTab->https://kabuoji3.com/stock/9385/2018/
[2021-03-17 10:14:22]cl_getDriver.py(127): click_Success->//*[@id="base_box"]/div/div[3]/form/button
[2021-03-17 10:14:23]cl_getDriver.py(127): click_Success->//*[@id="base_box"]/div/div[3]/form/button
[2021-03-17 10:14:25]cl_getDriver.py(127): click_Success->//*[@id="base_box"]/div/div[3]/form/button
[2021-03-17 10:14:25]cl_getDriver.py(127): click_Success->//*[@id="base_box"]/div/div[3]/form/button
[2021-03-17 10:14:26]cl_getDriver.py(72): Open NewTab->https://kabuoji3.com/stock/8143/1994/
[2021-03-17 10:14:26]cl_getDriver.py(72): Open NewTab->https://kabuoji3.com/stock/9385/2017/
[2021-03-17 10:14:27]cl_getDriver.py(127): click_Success->//*[@id="base_box"]/div/div[3]/form/button
[2021-03-17 10:14:27]cl_getDriver.py(127): click_Success->//*[@id="base_box"]/div/div[3]/form/button
[2021-03-17 10:14:29]cl_getDriver.py(127): click_Success->//*[@id="base_box"]/div/div[3]/form/button
[2021-03-17 10:14:29]cl_getDriver.py(127): click_Success->//*[@id="base_box"]/div/div[3]/form/button
[2021-03-17 10:14:30]cl_getDriver.py(72): Open NewTab->https://kabuoji3.com/stock/8143/1993/
[2021-03-17 10:14:30]cl_getDriver.py(72): Open NewTab->https://kabuoji3.com/stock/9385/2016/
[2021-03-17 10:14:32]cl_getDriver.py(127): click_Success->//*[@id="base_box"]/div/div[3]/form/button
[2021-03-17 10:14:32]cl_getDriver.py(127): click_Success->//*[@id="base_box"]/div/div[3]/form/button
[2021-03-17 10:14:34]cl_getDriver.py(127): click_Success->//*[@id="base_box"]/div/div[3]/form/button
[2021-03-17 10:14:34]cl_getDriver.py(127): click_Success->//*[@id="base_box"]/div/div[3]/form/button
[2021-03-17 10:14:35]cl_getDriver.py(72): Open NewTab->https://kabuoji3.com/stock/8143/1992/
[2021-03-17 10:14:35]cl_getDriver.py(72): Open NewTab->https://kabuoji3.com/stock/9385/2015/
[2021-03-17 10:14:36]cl_getDriver.py(127): click_Success->//*[@id="base_box"]/div/div[3]/form/button
[2021-03-17 10:14:36]cl_getDriver.py(127): click_Success->//*[@id="base_box"]/div/div[3]/form/button
[2021-03-17 10:14:38]cl_getDriver.py(127): click_Success->//*[@id="base_box"]/div/div[3]/form/button
[2021-03-17 10:14:39]cl_getDriver.py(127): click_Success->//*[@id="base_box"]/div/div[3]/form/button
[2021-03-17 10:14:39]cl_getDriver.py(72): Open NewTab->https://kabuoji3.com/stock/8143/1991/
[2021-03-17 10:14:39]cl_getDriver.py(72): Open NewTab->https://kabuoji3.com/stock/9385/2014/
[2021-03-17 10:14:40]cl_getDriver.py(127): click_Success->//*[@id="base_box"]/div/div[3]/form/button
[2021-03-17 10:14:40]cl_getDriver.py(127): click_Success->//*[@id="base_box"]/div/div[3]/form/button
[2021-03-17 10:14:43]cl_getDriver.py(127): click_Success->//*[@id="base_box"]/div/div[3]/form/button
[2021-03-17 10:14:43]cl_getDriver.py(127): click_Success->//*[@id="base_box"]/div/div[3]/form/button
[2021-03-17 10:14:43]cl_getDriver.py(72): Open NewTab->https://kabuoji3.com/stock/8143/1990/
[2021-03-17 10:14:43]cl_getDriver.py(72): Open NewTab->https://kabuoji3.com/stock/9385/2013/
[2021-03-17 10:14:44]cl_getDriver.py(127): click_Success->//*[@id="base_box"]/div/div[3]/form/button
[2021-03-17 10:14:44]cl_getDriver.py(127): click_Success->//*[@id="base_box"]/div/div[3]/form/button
[2021-03-17 10:14:47]cl_getDriver.py(127): click_Success->//*[@id="base_box"]/div/div[3]/form/button
[2021-03-17 10:14:47]cl_getDriver.py(127): click_Success->//*[@id="base_box"]/div/div[3]/form/button
[2021-03-17 10:14:47]cl_getDriver.py(72): Open NewTab->https://kabuoji3.com/stock/9385/2012/
[2021-03-17 10:14:51]main.py(42): finished Process->https://kabuoji3.com/stock/8143/
[2021-03-17 10:14:51]main.py(15): start_Process->https://kabuoji3.com/stock/9845/
[2021-03-17 10:14:51]cl_getDriver.py(127): click_Success->//*[@id="base_box"]/div/div[3]/form/button
[2021-03-17 10:14:54]cl_getDriver.py(127): click_Success->//*[@id="base_box"]/div/div[3]/form/button
[2021-03-17 10:14:54]cl_getDriver.py(72): Open NewTab->https://kabuoji3.com/stock/9385/2011/
[2021-03-17 10:14:55]cl_getDriver.py(127): click_Success->//*[@id="base_box"]/div/div[3]/form/button
[2021-03-17 10:14:57]cl_getDriver.py(127): click_Success->//*[@id="base_box"]/div/div[3]/form/button
[2021-03-17 10:14:58]cl_getDriver.py(72): Open NewTab->https://kabuoji3.com/stock/9385/2010/
[2021-03-17 10:14:59]cl_getDriver.py(64): getURL=https://kabuoji3.com/stock/9845/
[2021-03-17 10:14:59]cl_getDriver.py(127): click_Success->//*[@id="base_box"]/div/div[3]/form/button
[2021-03-17 10:14:59]cl_getDriver.py(72): Open NewTab->https://kabuoji3.com/stock/9845/
[2021-03-17 10:15:00]cl_getDriver.py(130): Not Found->//*[@id="base_box"]/div/div[3]/form/button
[2021-03-17 10:15:01]cl_getDriver.py(127): click_Success->//*[@id="base_box"]/div/div[3]/form/button
[2021-03-17 10:15:02]cl_getDriver.py(72): Open NewTab->https://kabuoji3.com/stock/9385/2009/
[2021-03-17 10:15:02]cl_getDriver.py(130): Not Found->//*[@id="base_box"]/div/div[3]/form/button
[2021-03-17 10:15:02]cl_getDriver.py(72): Open NewTab->https://kabuoji3.com/stock/9845/2021/
[2021-03-17 10:15:03]cl_getDriver.py(127): click_Success->//*[@id="base_box"]/div/div[3]/form/button
[2021-03-17 10:15:03]cl_getDriver.py(127): click_Success->//*[@id="base_box"]/div/div[3]/form/button
[2021-03-17 10:15:06]cl_getDriver.py(127): click_Success->//*[@id="base_box"]/div/div[3]/form/button
[2021-03-17 10:15:06]cl_getDriver.py(72): Open NewTab->https://kabuoji3.com/stock/9385/2008/
[2021-03-17 10:15:06]cl_getDriver.py(127): click_Success->//*[@id="base_box"]/div/div[3]/form/button
[2021-03-17 10:15:06]cl_getDriver.py(72): Open NewTab->https://kabuoji3.com/stock/9845/2020/
[2021-03-17 10:15:07]cl_getDriver.py(127): click_Success->//*[@id="base_box"]/div/div[3]/form/button
[2021-03-17 10:15:08]cl_getDriver.py(127): click_Success->//*[@id="base_box"]/div/div[3]/form/button
[2021-03-17 10:15:10]cl_getDriver.py(127): click_Success->//*[@id="base_box"]/div/div[3]/form/button
[2021-03-17 10:15:10]cl_getDriver.py(127): click_Success->//*[@id="base_box"]/div/div[3]/form/button
[2021-03-17 10:15:10]cl_getDriver.py(72): Open NewTab->https://kabuoji3.com/stock/9845/2019/
[2021-03-17 10:15:11]cl_getDriver.py(127): click_Success->//*[@id="base_box"]/div/div[3]/form/button
[2021-03-17 10:15:14]main.py(42): finished Process->https://kabuoji3.com/stock/9385/
[2021-03-17 10:15:14]main.py(15): start_Process->https://kabuoji3.com/stock/3001/
[2021-03-17 10:15:14]cl_getDriver.py(127): click_Success->//*[@id="base_box"]/div/div[3]/form/button
[2021-03-17 10:15:14]cl_getDriver.py(72): Open NewTab->https://kabuoji3.com/stock/9845/2018/
[2021-03-17 10:15:15]cl_getDriver.py(127): click_Success->//*[@id="base_box"]/div/div[3]/form/button
[2021-03-17 10:15:18]cl_getDriver.py(127): click_Success->//*[@id="base_box"]/div/div[3]/form/button
[2021-03-17 10:15:18]cl_getDriver.py(72): Open NewTab->https://kabuoji3.com/stock/9845/2017/
[2021-03-17 10:15:19]cl_getDriver.py(64): getURL=https://kabuoji3.com/stock/3001/
[2021-03-17 10:15:19]cl_getDriver.py(127): click_Success->//*[@id="base_box"]/div/div[3]/form/button
[2021-03-17 10:15:20]cl_getDriver.py(72): Open NewTab->https://kabuoji3.com/stock/3001/
[2021-03-17 10:15:21]cl_getDriver.py(130): Not Found->//*[@id="base_box"]/div/div[3]/form/button
[2021-03-17 10:15:22]cl_getDriver.py(127): click_Success->//*[@id="base_box"]/div/div[3]/form/button
[2021-03-17 10:15:22]cl_getDriver.py(72): Open NewTab->https://kabuoji3.com/stock/9845/2016/
[2021-03-17 10:15:23]cl_getDriver.py(130): Not Found->//*[@id="base_box"]/div/div[3]/form/button
[2021-03-17 10:15:23]cl_getDriver.py(72): Open NewTab->https://kabuoji3.com/stock/3001/2021/
[2021-03-17 10:15:24]cl_getDriver.py(127): click_Success->//*[@id="base_box"]/div/div[3]/form/button
[2021-03-17 10:15:24]cl_getDriver.py(127): click_Success->//*[@id="base_box"]/div/div[3]/form/button
[2021-03-17 10:15:26]cl_getDriver.py(127): click_Success->//*[@id="base_box"]/div/div[3]/form/button
[2021-03-17 10:15:26]cl_getDriver.py(72): Open NewTab->https://kabuoji3.com/stock/9845/2015/
[2021-03-17 10:15:26]cl_getDriver.py(127): click_Success->//*[@id="base_box"]/div/div[3]/form/button
[2021-03-17 10:15:27]cl_getDriver.py(72): Open NewTab->https://kabuoji3.com/stock/3001/2020/
[2021-03-17 10:15:28]cl_getDriver.py(127): click_Success->//*[@id="base_box"]/div/div[3]/form/button
[2021-03-17 10:15:28]cl_getDriver.py(127): click_Success->//*[@id="base_box"]/div/div[3]/form/button
[2021-03-17 10:15:30]cl_getDriver.py(127): click_Success->//*[@id="base_box"]/div/div[3]/form/button
[2021-03-17 10:15:30]cl_getDriver.py(127): click_Success->//*[@id="base_box"]/div/div[3]/form/button
[2021-03-17 10:15:31]cl_getDriver.py(72): Open NewTab->https://kabuoji3.com/stock/9845/2014/
[2021-03-17 10:15:31]cl_getDriver.py(72): Open NewTab->https://kabuoji3.com/stock/3001/2019/
[2021-03-17 10:15:32]cl_getDriver.py(127): click_Success->//*[@id="base_box"]/div/div[3]/form/button
[2021-03-17 10:15:32]cl_getDriver.py(127): click_Success->//*[@id="base_box"]/div/div[3]/form/button
[2021-03-17 10:15:34]cl_getDriver.py(127): click_Success->//*[@id="base_box"]/div/div[3]/form/button
[2021-03-17 10:15:34]cl_getDriver.py(127): click_Success->//*[@id="base_box"]/div/div[3]/form/button
[2021-03-17 10:15:35]cl_getDriver.py(72): Open NewTab->https://kabuoji3.com/stock/9845/2013/
[2021-03-17 10:15:35]cl_getDriver.py(72): Open NewTab->https://kabuoji3.com/stock/3001/2018/
[2021-03-17 10:15:37]cl_getDriver.py(127): click_Success->//*[@id="base_box"]/div/div[3]/form/button
[2021-03-17 10:15:37]cl_getDriver.py(127): click_Success->//*[@id="base_box"]/div/div[3]/form/button
[2021-03-17 10:15:39]cl_getDriver.py(127): click_Success->//*[@id="base_box"]/div/div[3]/form/button
[2021-03-17 10:15:39]cl_getDriver.py(127): click_Success->//*[@id="base_box"]/div/div[3]/form/button
[2021-03-17 10:15:40]cl_getDriver.py(72): Open NewTab->https://kabuoji3.com/stock/3001/2017/
[2021-03-17 10:15:40]cl_getDriver.py(72): Open NewTab->https://kabuoji3.com/stock/9845/2012/
[2021-03-17 10:15:41]cl_getDriver.py(127): click_Success->//*[@id="base_box"]/div/div[3]/form/button
[2021-03-17 10:15:41]cl_getDriver.py(127): click_Success->//*[@id="base_box"]/div/div[3]/form/button
[2021-03-17 10:15:44]cl_getDriver.py(127): click_Success->//*[@id="base_box"]/div/div[3]/form/button
[2021-03-17 10:15:44]cl_getDriver.py(127): click_Success->//*[@id="base_box"]/div/div[3]/form/button
[2021-03-17 10:15:44]cl_getDriver.py(72): Open NewTab->https://kabuoji3.com/stock/9845/2011/
[2021-03-17 10:15:44]cl_getDriver.py(72): Open NewTab->https://kabuoji3.com/stock/3001/2016/
[2021-03-17 10:15:46]cl_getDriver.py(127): click_Success->//*[@id="base_box"]/div/div[3]/form/button
[2021-03-17 10:15:46]cl_getDriver.py(127): click_Success->//*[@id="base_box"]/div/div[3]/form/button
[2021-03-17 10:15:48]cl_getDriver.py(127): click_Success->//*[@id="base_box"]/div/div[3]/form/button
[2021-03-17 10:15:48]cl_getDriver.py(127): click_Success->//*[@id="base_box"]/div/div[3]/form/button
[2021-03-17 10:15:49]cl_getDriver.py(72): Open NewTab->https://kabuoji3.com/stock/9845/2010/
[2021-03-17 10:15:49]cl_getDriver.py(72): Open NewTab->https://kabuoji3.com/stock/3001/2015/
[2021-03-17 10:15:50]cl_getDriver.py(127): click_Success->//*[@id="base_box"]/div/div[3]/form/button
[2021-03-17 10:15:50]cl_getDriver.py(127): click_Success->//*[@id="base_box"]/div/div[3]/form/button
[2021-03-17 10:15:52]cl_getDriver.py(127): click_Success->//*[@id="base_box"]/div/div[3]/form/button
[2021-03-17 10:15:53]cl_getDriver.py(127): click_Success->//*[@id="base_box"]/div/div[3]/form/button
[2021-03-17 10:15:53]cl_getDriver.py(72): Open NewTab->https://kabuoji3.com/stock/9845/2009/
[2021-03-17 10:15:53]cl_getDriver.py(72): Open NewTab->https://kabuoji3.com/stock/3001/2014/
[2021-03-17 10:15:54]cl_getDriver.py(127): click_Success->//*[@id="base_box"]/div/div[3]/form/button
[2021-03-17 10:15:54]cl_getDriver.py(127): click_Success->//*[@id="base_box"]/div/div[3]/form/button
[2021-03-17 10:15:56]cl_getDriver.py(127): click_Success->//*[@id="base_box"]/div/div[3]/form/button
[2021-03-17 10:15:57]cl_getDriver.py(127): click_Success->//*[@id="base_box"]/div/div[3]/form/button
[2021-03-17 10:15:57]cl_getDriver.py(72): Open NewTab->https://kabuoji3.com/stock/9845/2008/
[2021-03-17 10:15:57]cl_getDriver.py(72): Open NewTab->https://kabuoji3.com/stock/3001/2013/
[2021-03-17 10:15:58]cl_getDriver.py(127): click_Success->//*[@id="base_box"]/div/div[3]/form/button
[2021-03-17 10:15:58]cl_getDriver.py(127): click_Success->//*[@id="base_box"]/div/div[3]/form/button
[2021-03-17 10:16:01]cl_getDriver.py(127): click_Success->//*[@id="base_box"]/div/div[3]/form/button
[2021-03-17 10:16:01]cl_getDriver.py(127): click_Success->//*[@id="base_box"]/div/div[3]/form/button
[2021-03-17 10:16:01]cl_getDriver.py(72): Open NewTab->https://kabuoji3.com/stock/9845/2007/
[2021-03-17 10:16:02]cl_getDriver.py(72): Open NewTab->https://kabuoji3.com/stock/3001/2012/
[2021-03-17 10:16:03]cl_getDriver.py(127): click_Success->//*[@id="base_box"]/div/div[3]/form/button
[2021-03-17 10:16:03]cl_getDriver.py(127): click_Success->//*[@id="base_box"]/div/div[3]/form/button
[2021-03-17 10:16:06]cl_getDriver.py(127): click_Success->//*[@id="base_box"]/div/div[3]/form/button
[2021-03-17 10:16:06]cl_getDriver.py(127): click_Success->//*[@id="base_box"]/div/div[3]/form/button
[2021-03-17 10:16:06]cl_getDriver.py(72): Open NewTab->https://kabuoji3.com/stock/9845/2006/
[2021-03-17 10:16:06]cl_getDriver.py(72): Open NewTab->https://kabuoji3.com/stock/3001/2011/
[2021-03-17 10:16:08]cl_getDriver.py(127): click_Success->//*[@id="base_box"]/div/div[3]/form/button
[2021-03-17 10:16:08]cl_getDriver.py(127): click_Success->//*[@id="base_box"]/div/div[3]/form/button
[2021-03-17 10:16:10]cl_getDriver.py(127): click_Success->//*[@id="base_box"]/div/div[3]/form/button
[2021-03-17 10:16:10]cl_getDriver.py(127): click_Success->//*[@id="base_box"]/div/div[3]/form/button
[2021-03-17 10:16:11]cl_getDriver.py(72): Open NewTab->https://kabuoji3.com/stock/3001/2010/
[2021-03-17 10:16:11]cl_getDriver.py(72): Open NewTab->https://kabuoji3.com/stock/9845/2005/
[2021-03-17 10:16:12]cl_getDriver.py(127): click_Success->//*[@id="base_box"]/div/div[3]/form/button
[2021-03-17 10:16:13]cl_getDriver.py(127): click_Success->//*[@id="base_box"]/div/div[3]/form/button
[2021-03-17 10:16:15]cl_getDriver.py(127): click_Success->//*[@id="base_box"]/div/div[3]/form/button
[2021-03-17 10:16:15]cl_getDriver.py(127): click_Success->//*[@id="base_box"]/div/div[3]/form/button
[2021-03-17 10:16:15]cl_getDriver.py(72): Open NewTab->https://kabuoji3.com/stock/3001/2009/
[2021-03-17 10:16:16]cl_getDriver.py(127): click_Success->//*[@id="base_box"]/div/div[3]/form/button
[2021-03-17 10:16:18]main.py(42): finished Process->https://kabuoji3.com/stock/9845/
[2021-03-17 10:16:18]main.py(15): start_Process->https://kabuoji3.com/stock/3002/
[2021-03-17 10:16:19]cl_getDriver.py(127): click_Success->//*[@id="base_box"]/div/div[3]/form/button
[2021-03-17 10:16:19]cl_getDriver.py(72): Open NewTab->https://kabuoji3.com/stock/3001/2008/
[2021-03-17 10:16:21]cl_getDriver.py(127): click_Success->//*[@id="base_box"]/div/div[3]/form/button
[2021-03-17 10:16:23]cl_getDriver.py(127): click_Success->//*[@id="base_box"]/div/div[3]/form/button
[2021-03-17 10:16:24]cl_getDriver.py(72): Open NewTab->https://kabuoji3.com/stock/3001/2007/
[2021-03-17 10:16:24]cl_getDriver.py(64): getURL=https://kabuoji3.com/stock/3002/
[2021-03-17 10:16:25]cl_getDriver.py(127): click_Success->//*[@id="base_box"]/div/div[3]/form/button
[2021-03-17 10:16:25]cl_getDriver.py(72): Open NewTab->https://kabuoji3.com/stock/3002/
[2021-03-17 10:16:26]cl_getDriver.py(130): Not Found->//*[@id="base_box"]/div/div[3]/form/button
[2021-03-17 10:16:27]cl_getDriver.py(127): click_Success->//*[@id="base_box"]/div/div[3]/form/button
[2021-03-17 10:16:28]cl_getDriver.py(72): Open NewTab->https://kabuoji3.com/stock/3001/2006/
[2021-03-17 10:16:28]cl_getDriver.py(130): Not Found->//*[@id="base_box"]/div/div[3]/form/button
[2021-03-17 10:16:29]cl_getDriver.py(72): Open NewTab->https://kabuoji3.com/stock/3002/2021/
[2021-03-17 10:16:29]cl_getDriver.py(127): click_Success->//*[@id="base_box"]/div/div[3]/form/button
[2021-03-17 10:16:30]cl_getDriver.py(127): click_Success->//*[@id="base_box"]/div/div[3]/form/button
[2021-03-17 10:16:31]cl_getDriver.py(127): click_Success->//*[@id="base_box"]/div/div[3]/form/button
[2021-03-17 10:16:32]cl_getDriver.py(72): Open NewTab->https://kabuoji3.com/stock/3001/2005/
[2021-03-17 10:16:32]cl_getDriver.py(127): click_Success->//*[@id="base_box"]/div/div[3]/form/button
[2021-03-17 10:16:32]cl_getDriver.py(72): Open NewTab->https://kabuoji3.com/stock/3002/2020/
[2021-03-17 10:16:33]cl_getDriver.py(127): click_Success->//*[@id="base_box"]/div/div[3]/form/button
[2021-03-17 10:16:34]cl_getDriver.py(127): click_Success->//*[@id="base_box"]/div/div[3]/form/button
[2021-03-17 10:16:36]cl_getDriver.py(127): click_Success->//*[@id="base_box"]/div/div[3]/form/button
[2021-03-17 10:16:36]cl_getDriver.py(72): Open NewTab->https://kabuoji3.com/stock/3001/2004/
[2021-03-17 10:16:36]cl_getDriver.py(127): click_Success->//*[@id="base_box"]/div/div[3]/form/button
[2021-03-17 10:16:37]cl_getDriver.py(72): Open NewTab->https://kabuoji3.com/stock/3002/2019/
[2021-03-17 10:16:37]cl_getDriver.py(127): click_Success->//*[@id="base_box"]/div/div[3]/form/button
[2021-03-17 10:16:38]cl_getDriver.py(127): click_Success->//*[@id="base_box"]/div/div[3]/form/button
[2021-03-17 10:16:40]cl_getDriver.py(127): click_Success->//*[@id="base_box"]/div/div[3]/form/button
[2021-03-17 10:16:40]cl_getDriver.py(72): Open NewTab->https://kabuoji3.com/stock/3001/2003/
[2021-03-17 10:16:40]cl_getDriver.py(127): click_Success->//*[@id="base_box"]/div/div[3]/form/button
[2021-03-17 10:16:41]cl_getDriver.py(72): Open NewTab->https://kabuoji3.com/stock/3002/2018/
[2021-03-17 10:16:41]cl_getDriver.py(127): click_Success->//*[@id="base_box"]/div/div[3]/form/button
[2021-03-17 10:16:42]cl_getDriver.py(127): click_Success->//*[@id="base_box"]/div/div[3]/form/button
[2021-03-17 10:16:44]cl_getDriver.py(127): click_Success->//*[@id="base_box"]/div/div[3]/form/button
[2021-03-17 10:16:44]cl_getDriver.py(72): Open NewTab->https://kabuoji3.com/stock/3001/2002/
[2021-03-17 10:16:44]cl_getDriver.py(127): click_Success->//*[@id="base_box"]/div/div[3]/form/button
[2021-03-17 10:16:45]cl_getDriver.py(72): Open NewTab->https://kabuoji3.com/stock/3002/2017/
[2021-03-17 10:16:45]cl_getDriver.py(127): click_Success->//*[@id="base_box"]/div/div[3]/form/button
[2021-03-17 10:16:46]cl_getDriver.py(127): click_Success->//*[@id="base_box"]/div/div[3]/form/button
[2021-03-17 10:16:48]cl_getDriver.py(127): click_Success->//*[@id="base_box"]/div/div[3]/form/button
[2021-03-17 10:16:48]cl_getDriver.py(72): Open NewTab->https://kabuoji3.com/stock/3001/2001/
[2021-03-17 10:16:48]cl_getDriver.py(127): click_Success->//*[@id="base_box"]/div/div[3]/form/button
[2021-03-17 10:16:49]cl_getDriver.py(72): Open NewTab->https://kabuoji3.com/stock/3002/2016/
[2021-03-17 10:16:49]cl_getDriver.py(127): click_Success->//*[@id="base_box"]/div/div[3]/form/button
[2021-03-17 10:16:50]cl_getDriver.py(127): click_Success->//*[@id="base_box"]/div/div[3]/form/button
[2021-03-17 10:16:52]cl_getDriver.py(127): click_Success->//*[@id="base_box"]/div/div[3]/form/button
[2021-03-17 10:16:52]cl_getDriver.py(72): Open NewTab->https://kabuoji3.com/stock/3001/2000/
[2021-03-17 10:16:52]cl_getDriver.py(127): click_Success->//*[@id="base_box"]/div/div[3]/form/button
[2021-03-17 10:16:53]cl_getDriver.py(72): Open NewTab->https://kabuoji3.com/stock/3002/2015/
[2021-03-17 10:16:53]cl_getDriver.py(127): click_Success->//*[@id="base_box"]/div/div[3]/form/button
[2021-03-17 10:16:54]cl_getDriver.py(127): click_Success->//*[@id="base_box"]/div/div[3]/form/button
[2021-03-17 10:16:56]cl_getDriver.py(127): click_Success->//*[@id="base_box"]/div/div[3]/form/button
[2021-03-17 10:16:56]cl_getDriver.py(72): Open NewTab->https://kabuoji3.com/stock/3001/1999/
[2021-03-17 10:16:56]cl_getDriver.py(127): click_Success->//*[@id="base_box"]/div/div[3]/form/button
[2021-03-17 10:16:57]cl_getDriver.py(72): Open NewTab->https://kabuoji3.com/stock/3002/2014/
[2021-03-17 10:16:58]cl_getDriver.py(127): click_Success->//*[@id="base_box"]/div/div[3]/form/button
[2021-03-17 10:16:58]cl_getDriver.py(127): click_Success->//*[@id="base_box"]/div/div[3]/form/button
[2021-03-17 10:17:00]cl_getDriver.py(127): click_Success->//*[@id="base_box"]/div/div[3]/form/button
[2021-03-17 10:17:00]cl_getDriver.py(72): Open NewTab->https://kabuoji3.com/stock/3001/1998/
[2021-03-17 10:17:00]cl_getDriver.py(127): click_Success->//*[@id="base_box"]/div/div[3]/form/button
[2021-03-17 10:17:01]cl_getDriver.py(72): Open NewTab->https://kabuoji3.com/stock/3002/2013/
[2021-03-17 10:17:02]cl_getDriver.py(127): click_Success->//*[@id="base_box"]/div/div[3]/form/button
[2021-03-17 10:17:02]cl_getDriver.py(127): click_Success->//*[@id="base_box"]/div/div[3]/form/button
[2021-03-17 10:17:04]cl_getDriver.py(127): click_Success->//*[@id="base_box"]/div/div[3]/form/button
[2021-03-17 10:17:04]cl_getDriver.py(127): click_Success->//*[@id="base_box"]/div/div[3]/form/button
[2021-03-17 10:17:05]cl_getDriver.py(72): Open NewTab->https://kabuoji3.com/stock/3001/1997/
[2021-03-17 10:17:05]cl_getDriver.py(72): Open NewTab->https://kabuoji3.com/stock/3002/2012/
[2021-03-17 10:17:06]cl_getDriver.py(127): click_Success->//*[@id="base_box"]/div/div[3]/form/button
[2021-03-17 10:17:07]cl_getDriver.py(127): click_Success->//*[@id="base_box"]/div/div[3]/form/button
[2021-03-17 10:17:09]cl_getDriver.py(127): click_Success->//*[@id="base_box"]/div/div[3]/form/button
[2021-03-17 10:17:09]cl_getDriver.py(72): Open NewTab->https://kabuoji3.com/stock/3001/1996/
[2021-03-17 10:17:10]cl_getDriver.py(127): click_Success->//*[@id="base_box"]/div/div[3]/form/button
[2021-03-17 10:17:10]cl_getDriver.py(72): Open NewTab->https://kabuoji3.com/stock/3002/2011/
[2021-03-17 10:17:10]cl_getDriver.py(127): click_Success->//*[@id="base_box"]/div/div[3]/form/button
[2021-03-17 10:17:11]cl_getDriver.py(127): click_Success->//*[@id="base_box"]/div/div[3]/form/button
[2021-03-17 10:17:13]cl_getDriver.py(127): click_Success->//*[@id="base_box"]/div/div[3]/form/button
[2021-03-17 10:17:13]cl_getDriver.py(72): Open NewTab->https://kabuoji3.com/stock/3001/1995/
[2021-03-17 10:17:14]cl_getDriver.py(127): click_Success->//*[@id="base_box"]/div/div[3]/form/button
[2021-03-17 10:17:14]cl_getDriver.py(72): Open NewTab->https://kabuoji3.com/stock/3002/2010/
[2021-03-17 10:17:14]cl_getDriver.py(127): click_Success->//*[@id="base_box"]/div/div[3]/form/button
[2021-03-17 10:17:15]cl_getDriver.py(127): click_Success->//*[@id="base_box"]/div/div[3]/form/button
[2021-03-17 10:17:17]cl_getDriver.py(127): click_Success->//*[@id="base_box"]/div/div[3]/form/button
[2021-03-17 10:17:17]cl_getDriver.py(72): Open NewTab->https://kabuoji3.com/stock/3001/1994/
[2021-03-17 10:17:18]cl_getDriver.py(127): click_Success->//*[@id="base_box"]/div/div[3]/form/button
[2021-03-17 10:17:18]cl_getDriver.py(72): Open NewTab->https://kabuoji3.com/stock/3002/2009/
[2021-03-17 10:17:19]cl_getDriver.py(127): click_Success->//*[@id="base_box"]/div/div[3]/form/button
[2021-03-17 10:17:19]cl_getDriver.py(127): click_Success->//*[@id="base_box"]/div/div[3]/form/button
[2021-03-17 10:17:21]cl_getDriver.py(127): click_Success->//*[@id="base_box"]/div/div[3]/form/button
[2021-03-17 10:17:22]cl_getDriver.py(127): click_Success->//*[@id="base_box"]/div/div[3]/form/button
[2021-03-17 10:17:22]cl_getDriver.py(72): Open NewTab->https://kabuoji3.com/stock/3002/2008/
[2021-03-17 10:17:22]cl_getDriver.py(72): Open NewTab->https://kabuoji3.com/stock/3001/1993/
[2021-03-17 10:17:23]cl_getDriver.py(127): click_Success->//*[@id="base_box"]/div/div[3]/form/button
[2021-03-17 10:17:23]cl_getDriver.py(127): click_Success->//*[@id="base_box"]/div/div[3]/form/button
[2021-03-17 10:17:26]cl_getDriver.py(127): click_Success->//*[@id="base_box"]/div/div[3]/form/button
[2021-03-17 10:17:26]cl_getDriver.py(72): Open NewTab->https://kabuoji3.com/stock/3002/2007/
[2021-03-17 10:17:26]cl_getDriver.py(127): click_Success->//*[@id="base_box"]/div/div[3]/form/button
[2021-03-17 10:17:27]cl_getDriver.py(72): Open NewTab->https://kabuoji3.com/stock/3001/1992/
[2021-03-17 10:17:27]cl_getDriver.py(127): click_Success->//*[@id="base_box"]/div/div[3]/form/button
[2021-03-17 10:17:28]cl_getDriver.py(127): click_Success->//*[@id="base_box"]/div/div[3]/form/button
[2021-03-17 10:17:30]cl_getDriver.py(127): click_Success->//*[@id="base_box"]/div/div[3]/form/button
[2021-03-17 10:17:30]cl_getDriver.py(72): Open NewTab->https://kabuoji3.com/stock/3002/2006/
[2021-03-17 10:17:31]cl_getDriver.py(127): click_Success->//*[@id="base_box"]/div/div[3]/form/button
[2021-03-17 10:17:31]cl_getDriver.py(127): click_Success->//*[@id="base_box"]/div/div[3]/form/button
[2021-03-17 10:17:32]cl_getDriver.py(72): Open NewTab->https://kabuoji3.com/stock/3001/1991/
[2021-03-17 10:17:33]cl_getDriver.py(127): click_Success->//*[@id="base_box"]/div/div[3]/form/button
[2021-03-17 10:17:34]cl_getDriver.py(127): click_Success->//*[@id="base_box"]/div/div[3]/form/button
[2021-03-17 10:17:34]cl_getDriver.py(72): Open NewTab->https://kabuoji3.com/stock/3002/2005/
[2021-03-17 10:17:35]cl_getDriver.py(127): click_Success->//*[@id="base_box"]/div/div[3]/form/button
[2021-03-17 10:17:35]cl_getDriver.py(127): click_Success->//*[@id="base_box"]/div/div[3]/form/button
[2021-03-17 10:17:35]cl_getDriver.py(72): Open NewTab->https://kabuoji3.com/stock/3001/1990/
[2021-03-17 10:17:36]cl_getDriver.py(127): click_Success->//*[@id="base_box"]/div/div[3]/form/button
[2021-03-17 10:17:37]cl_getDriver.py(127): click_Success->//*[@id="base_box"]/div/div[3]/form/button
[2021-03-17 10:17:38]cl_getDriver.py(72): Open NewTab->https://kabuoji3.com/stock/3002/2004/
[2021-03-17 10:17:39]cl_getDriver.py(127): click_Success->//*[@id="base_box"]/div/div[3]/form/button
[2021-03-17 10:17:39]cl_getDriver.py(127): click_Success->//*[@id="base_box"]/div/div[3]/form/button
[2021-03-17 10:17:39]cl_getDriver.py(72): Open NewTab->https://kabuoji3.com/stock/3001/1989/
[2021-03-17 10:17:41]cl_getDriver.py(127): click_Success->//*[@id="base_box"]/div/div[3]/form/button
[2021-03-17 10:17:42]cl_getDriver.py(127): click_Success->//*[@id="base_box"]/div/div[3]/form/button
[2021-03-17 10:17:42]cl_getDriver.py(72): Open NewTab->https://kabuoji3.com/stock/3002/2003/
[2021-03-17 10:17:43]cl_getDriver.py(127): click_Success->//*[@id="base_box"]/div/div[3]/form/button
[2021-03-17 10:17:43]cl_getDriver.py(127): click_Success->//*[@id="base_box"]/div/div[3]/form/button
[2021-03-17 10:17:43]cl_getDriver.py(72): Open NewTab->https://kabuoji3.com/stock/3001/1988/
[2021-03-17 10:17:44]cl_getDriver.py(127): click_Success->//*[@id="base_box"]/div/div[3]/form/button
[2021-03-17 10:17:46]cl_getDriver.py(127): click_Success->//*[@id="base_box"]/div/div[3]/form/button
[2021-03-17 10:17:46]cl_getDriver.py(72): Open NewTab->https://kabuoji3.com/stock/3002/2002/
[2021-03-17 10:17:47]cl_getDriver.py(127): click_Success->//*[@id="base_box"]/div/div[3]/form/button
[2021-03-17 10:17:47]cl_getDriver.py(72): Open NewTab->https://kabuoji3.com/stock/3001/1987/
[2021-03-17 10:17:47]cl_getDriver.py(127): click_Success->//*[@id="base_box"]/div/div[3]/form/button
[2021-03-17 10:17:48]cl_getDriver.py(127): click_Success->//*[@id="base_box"]/div/div[3]/form/button
[2021-03-17 10:17:50]cl_getDriver.py(127): click_Success->//*[@id="base_box"]/div/div[3]/form/button
[2021-03-17 10:17:50]cl_getDriver.py(72): Open NewTab->https://kabuoji3.com/stock/3002/2001/
[2021-03-17 10:17:51]cl_getDriver.py(127): click_Success->//*[@id="base_box"]/div/div[3]/form/button
[2021-03-17 10:17:51]cl_getDriver.py(72): Open NewTab->https://kabuoji3.com/stock/3001/1986/
[2021-03-17 10:17:52]cl_getDriver.py(127): click_Success->//*[@id="base_box"]/div/div[3]/form/button
[2021-03-17 10:17:52]cl_getDriver.py(127): click_Success->//*[@id="base_box"]/div/div[3]/form/button
[2021-03-17 10:17:54]cl_getDriver.py(127): click_Success->//*[@id="base_box"]/div/div[3]/form/button
[2021-03-17 10:17:55]cl_getDriver.py(127): click_Success->//*[@id="base_box"]/div/div[3]/form/button
[2021-03-17 10:17:55]cl_getDriver.py(72): Open NewTab->https://kabuoji3.com/stock/3001/1985/
[2021-03-17 10:17:55]cl_getDriver.py(72): Open NewTab->https://kabuoji3.com/stock/3002/2000/
[2021-03-17 10:17:57]cl_getDriver.py(127): click_Success->//*[@id="base_box"]/div/div[3]/form/button
[2021-03-17 10:17:57]cl_getDriver.py(127): click_Success->//*[@id="base_box"]/div/div[3]/form/button
[2021-03-17 10:17:59]cl_getDriver.py(127): click_Success->//*[@id="base_box"]/div/div[3]/form/button
[2021-03-17 10:17:59]cl_getDriver.py(127): click_Success->//*[@id="base_box"]/div/div[3]/form/button
[2021-03-17 10:18:00]cl_getDriver.py(72): Open NewTab->https://kabuoji3.com/stock/3002/1999/
[2021-03-17 10:18:00]cl_getDriver.py(72): Open NewTab->https://kabuoji3.com/stock/3001/1984/
[2021-03-17 10:18:01]cl_getDriver.py(127): click_Success->//*[@id="base_box"]/div/div[3]/form/button
[2021-03-17 10:18:01]cl_getDriver.py(127): click_Success->//*[@id="base_box"]/div/div[3]/form/button
[2021-03-17 10:18:04]cl_getDriver.py(127): click_Success->//*[@id="base_box"]/div/div[3]/form/button
[2021-03-17 10:18:04]cl_getDriver.py(127): click_Success->//*[@id="base_box"]/div/div[3]/form/button
[2021-03-17 10:18:04]cl_getDriver.py(72): Open NewTab->https://kabuoji3.com/stock/3002/1998/
[2021-03-17 10:18:04]cl_getDriver.py(72): Open NewTab->https://kabuoji3.com/stock/3001/1983/
[2021-03-17 10:18:06]cl_getDriver.py(127): click_Success->//*[@id="base_box"]/div/div[3]/form/button
[2021-03-17 10:18:06]cl_getDriver.py(127): click_Success->//*[@id="base_box"]/div/div[3]/form/button
[2021-03-17 10:18:08]cl_getDriver.py(127): click_Success->//*[@id="base_box"]/div/div[3]/form/button
[2021-03-17 10:18:08]cl_getDriver.py(127): click_Success->//*[@id="base_box"]/div/div[3]/form/button
[2021-03-17 10:18:09]cl_getDriver.py(72): Open NewTab->https://kabuoji3.com/stock/3002/1997/
[2021-03-17 10:18:09]cl_getDriver.py(127): click_Success->//*[@id="base_box"]/div/div[3]/form/button
[2021-03-17 10:18:12]cl_getDriver.py(127): click_Success->//*[@id="base_box"]/div/div[3]/form/button
[2021-03-17 10:18:12]cl_getDriver.py(72): Open NewTab->https://kabuoji3.com/stock/3002/1996/
[2021-03-17 10:18:12]main.py(42): finished Process->https://kabuoji3.com/stock/3001/
[2021-03-17 10:18:12]main.py(15): start_Process->https://kabuoji3.com/stock/3101/
[2021-03-17 10:18:13]cl_getDriver.py(127): click_Success->//*[@id="base_box"]/div/div[3]/form/button
[2021-03-17 10:18:16]cl_getDriver.py(127): click_Success->//*[@id="base_box"]/div/div[3]/form/button
[2021-03-17 10:18:16]cl_getDriver.py(72): Open NewTab->https://kabuoji3.com/stock/3002/1995/
[2021-03-17 10:18:17]cl_getDriver.py(127): click_Success->//*[@id="base_box"]/div/div[3]/form/button
[2021-03-17 10:18:18]cl_getDriver.py(64): getURL=https://kabuoji3.com/stock/3101/
[2021-03-17 10:18:18]cl_getDriver.py(72): Open NewTab->https://kabuoji3.com/stock/3101/
[2021-03-17 10:18:19]cl_getDriver.py(130): Not Found->//*[@id="base_box"]/div/div[3]/form/button
[2021-03-17 10:18:19]cl_getDriver.py(127): click_Success->//*[@id="base_box"]/div/div[3]/form/button
[2021-03-17 10:18:20]cl_getDriver.py(72): Open NewTab->https://kabuoji3.com/stock/3002/1994/
[2021-03-17 10:18:21]cl_getDriver.py(130): Not Found->//*[@id="base_box"]/div/div[3]/form/button
[2021-03-17 10:18:21]cl_getDriver.py(127): click_Success->//*[@id="base_box"]/div/div[3]/form/button
[2021-03-17 10:18:21]cl_getDriver.py(72): Open NewTab->https://kabuoji3.com/stock/3101/2021/
[2021-03-17 10:18:22]cl_getDriver.py(127): click_Success->//*[@id="base_box"]/div/div[3]/form/button
[2021-03-17 10:18:23]cl_getDriver.py(127): click_Success->//*[@id="base_box"]/div/div[3]/form/button
[2021-03-17 10:18:24]cl_getDriver.py(72): Open NewTab->https://kabuoji3.com/stock/3002/1993/
[2021-03-17 10:18:24]cl_getDriver.py(127): click_Success->//*[@id="base_box"]/div/div[3]/form/button
[2021-03-17 10:18:25]cl_getDriver.py(72): Open NewTab->https://kabuoji3.com/stock/3101/2020/
[2021-03-17 10:18:25]cl_getDriver.py(127): click_Success->//*[@id="base_box"]/div/div[3]/form/button
[2021-03-17 10:18:26]cl_getDriver.py(127): click_Success->//*[@id="base_box"]/div/div[3]/form/button
[2021-03-17 10:18:27]cl_getDriver.py(127): click_Success->//*[@id="base_box"]/div/div[3]/form/button
[2021-03-17 10:18:28]cl_getDriver.py(72): Open NewTab->https://kabuoji3.com/stock/3002/1992/
[2021-03-17 10:18:28]cl_getDriver.py(127): click_Success->//*[@id="base_box"]/div/div[3]/form/button
[2021-03-17 10:18:29]cl_getDriver.py(127): click_Success->//*[@id="base_box"]/div/div[3]/form/button
[2021-03-17 10:18:29]cl_getDriver.py(72): Open NewTab->https://kabuoji3.com/stock/3101/2019/
[2021-03-17 10:18:30]cl_getDriver.py(127): click_Success->//*[@id="base_box"]/div/div[3]/form/button
[2021-03-17 10:18:31]cl_getDriver.py(127): click_Success->//*[@id="base_box"]/div/div[3]/form/button
[2021-03-17 10:18:31]cl_getDriver.py(72): Open NewTab->https://kabuoji3.com/stock/3002/1991/
[2021-03-17 10:18:32]cl_getDriver.py(127): click_Success->//*[@id="base_box"]/div/div[3]/form/button
[2021-03-17 10:18:32]cl_getDriver.py(127): click_Success->//*[@id="base_box"]/div/div[3]/form/button
[2021-03-17 10:18:33]cl_getDriver.py(72): Open NewTab->https://kabuoji3.com/stock/3101/2018/
[2021-03-17 10:18:35]cl_getDriver.py(127): click_Success->//*[@id="base_box"]/div/div[3]/form/button
[2021-03-17 10:18:35]cl_getDriver.py(72): Open NewTab->https://kabuoji3.com/stock/3002/1990/
[2021-03-17 10:18:37]cl_getDriver.py(127): click_Success->//*[@id="base_box"]/div/div[3]/form/button
[2021-03-17 10:18:37]cl_getDriver.py(127): click_Success->//*[@id="base_box"]/div/div[3]/form/button
